05-17 12:18:10.978  1200  1507 I SemWifiLinkQualityMonitor: Link Qos Query: 0.081 ms / 98.538 Mbps (408 / 0.062 / 1.000)
05-17 12:18:11.097  9421  9481 I Elixir  : BleSelfTest: HEARTBEAT events=134 devices=26 mob_peers=0 sent=2 distinct_msgs=2 beacon_callbacks=8 envelopes=1
05-17 12:18:11.098  9421  9458 I BEAMout : 12:18:11.097 [info] BleSelfTest: HEARTBEAT events=134 devices=26 mob_peers=0 sent=2 distinct_msgs=2 beacon_callbacks=8 envelopes=1
05-17 12:18:11.227  1707  1707 I wpa_supplicant: Heartbeat 20853
05-17 12:18:11.600  1928  2050 D BtGatt.GattService: onScanResult to scannerId: 2- eventType=0x1b, addressType=1, address=54186A_7, primaryPhy=1, secondaryPhy=0, advertisingSid=0xff, txPower=127, rssi=-49, periodicAdvInt=0x0
05-17 12:18:11.612  1928  2050 D BtGatt.GattService: onScanResult to scannerId: 2- eventType=0x1a, addressType=1, address=416632_4, primaryPhy=1, secondaryPhy=0, advertisingSid=0xff, txPower=127, rssi=-45, periodicAdvInt=0x0
05-17 12:18:11.617  1928  2050 D BtGatt.GattService: onScanResult to scannerId: 2- eventType=0x1b, addressType=1, address=7A6A97_6, primaryPhy=1, secondaryPhy=0, advertisingSid=0xff, txPower=127, rssi=-37, periodicAdvInt=0x0
05-17 12:18:11.620  1928  2050 D BtGatt.GattService: onScanResult to scannerId: 2- eventType=0x1b, addressType=1, address=68983E_2, primaryPhy=1, secondaryPhy=0, advertisingSid=0xff, txPower=127, rssi=-36, periodicAdvInt=0x0
05-17 12:18:11.624  1928  2050 D BtGatt.GattService: onScanResult to scannerId: 2- eventType=0x10, addressType=1, address=7D4F46_E, primaryPhy=1, secondaryPhy=0, advertisingSid=0xff, txPower=127, rssi=-36, periodicAdvInt=0x0
05-17 12:18:11.629  1928  2050 D BtGatt.GattService: onScanResult to scannerId: 2- eventType=0x10, addressType=1, address=79C727_6, primaryPhy=1, secondaryPhy=0, advertisingSid=0xff, txPower=127, rssi=-87, periodicAdvInt=0x0
05-17 12:18:11.669  1928  2050 D BtGatt.GattService: onScanResult to scannerId: 2- eventType=0x1b, addressType=1, address=54186A_7, primaryPhy=1, secondaryPhy=0, advertisingSid=0xff, txPower=127, rssi=-48, periodicAdvInt=0x0
05-17 12:18:11.673  1928  2050 D BtGatt.GattService: onScanResult to scannerId: 2- eventType=0x1b, addressType=1, address=741189_2, primaryPhy=1, secondaryPhy=0, advertisingSid=0xff, txPower=127, rssi=-79, periodicAdvInt=0x0
05-17 12:18:11.690  1928  2050 D BtGatt.GattService: onScanResult to scannerId: 2- eventType=0x1b, addressType=1, address=FABE2A_A, primaryPhy=1, secondaryPhy=0, advertisingSid=0xff, txPower=127, rssi=-74, periodicAdvInt=0x0
05-17 12:18:11.708  9421  9421 I MobBleScanRaw: device_id=FA:BE:2A:F4:73:8A rssi=-74 advertisement_b64=Hv9MABIZ0PuHLmr2FklAyw1gqYUjZom7zwsgof0DxgAAAAAAAAAAAAAAAAAAAAAAAAAAAAAAAAAAAAAAAAA= manufacturer_ids=[76] service_uuids=[]
05-17 12:18:11.730  1928  2050 D BtGatt.GattService: onScanResult to scannerId: 2- eventType=0x1b, addressType=1, address=54186A_7, primaryPhy=1, secondaryPhy=0, advertisingSid=0xff, txPower=127, rssi=-49, periodicAdvInt=0x0
05-17 12:18:11.733  1928  2050 D BtGatt.GattService: onScanResult to scannerId: 2- eventType=0x10, addressType=1, address=79C727_6, primaryPhy=1, secondaryPhy=0, advertisingSid=0xff, txPower=127, rssi=-86, periodicAdvInt=0x0
05-17 12:18:11.753  1928  2050 D BtGatt.GattService: onScanResult to scannerId: 2- eventType=0x1a, addressType=1, address=416632_4, primaryPhy=1, secondaryPhy=0, advertisingSid=0xff, txPower=127, rssi=-45, periodicAdvInt=0x0
05-17 12:18:11.771  1928  2050 D BtGatt.GattService: onScanResult to scannerId: 2- eventType=0x1b, addressType=1, address=54186A_7, primaryPhy=1, secondaryPhy=0, advertisingSid=0xff, txPower=127, rssi=-49, periodicAdvInt=0x0
05-17 12:18:11.788  1928  2050 D BtGatt.GattService: onScanResult to scannerId: 2- eventType=0x1b, addressType=1, address=5498D4_8, primaryPhy=1, secondaryPhy=0, advertisingSid=0xff, txPower=127, rssi=-57, periodicAdvInt=0x0
05-17 12:18:11.794  1928  2050 D BtGatt.GattService: onScanResult to scannerId: 2- eventType=0x10, addressType=0, address=BC7E8B_B, primaryPhy=1, secondaryPhy=0, advertisingSid=0xff, txPower=127, rssi=-88, periodicAdvInt=0x0
05-17 12:18:11.805  1928  2050 D BtGatt.GattService: onScanResult to scannerId: 2- eventType=0x10, addressType=1, address=7D4F46_E, primaryPhy=1, secondaryPhy=0, advertisingSid=0xff, txPower=127, rssi=-37, periodicAdvInt=0x0
05-17 12:18:11.809  1928  2050 D BtGatt.GattService: onScanResult to scannerId: 2- eventType=0x1b, addressType=1, address=54186A_7, primaryPhy=1, secondaryPhy=0, advertisingSid=0xff, txPower=127, rssi=-48, periodicAdvInt=0x0
05-17 12:18:11.838  1928  2050 D BtGatt.GattService: onScanResult to scannerId: 2- eventType=0x1b, addressType=1, address=54186A_7, primaryPhy=1, secondaryPhy=0, advertisingSid=0xff, txPower=127, rssi=-49, periodicAdvInt=0x0
05-17 12:18:11.842  1928  2050 D BtGatt.GattService: onScanResult to scannerId: 2- eventType=0x10, addressType=1, address=79C727_6, primaryPhy=1, secondaryPhy=0, advertisingSid=0xff, txPower=127, rssi=-86, periodicAdvInt=0x0
05-17 12:18:13.464  1928  2050 D BtGatt.GattService: onScanResult to scannerId: 2- eventType=0x1b, addressType=1, address=54186A_7, primaryPhy=1, secondaryPhy=0, advertisingSid=0xff, txPower=127, rssi=-64, periodicAdvInt=0x0
05-17 12:18:13.468  1928  2050 D BtGatt.GattService: onScanResult to scannerId: 2- eventType=0x10, addressType=0, address=BC455B_A, primaryPhy=1, secondaryPhy=0, advertisingSid=0xff, txPower=127, rssi=-73, periodicAdvInt=0x0
05-17 12:18:13.498  1928  2050 D BtGatt.GattService: onScanResult to scannerId: 2- eventType=0x10, addressType=1, address=7D4F46_E, primaryPhy=1, secondaryPhy=0, advertisingSid=0xff, txPower=127, rssi=-35, periodicAdvInt=0x0
05-17 12:18:13.499  1928  2050 D BtGatt.GattService: onScanResult to scannerId: 2- eventType=0x10, addressType=1, address=6BF31E_D, primaryPhy=1, secondaryPhy=0, advertisingSid=0xff, txPower=127, rssi=-80, periodicAdvInt=0x0
05-17 12:18:13.506  1928  2050 D BtGatt.GattService: onScanResult to scannerId: 2- eventType=0x1b, addressType=0, address=84E0F4_2, primaryPhy=1, secondaryPhy=0, advertisingSid=0xff, txPower=127, rssi=-87, periodicAdvInt=0x0
05-17 12:18:13.511  1928  2050 D BtGatt.GattService: onScanResult to scannerId: 2- eventType=0x1b, addressType=0, address=84E0F4_2, primaryPhy=1, secondaryPhy=0, advertisingSid=0xff, txPower=127, rssi=-87, periodicAdvInt=0x0
05-17 12:18:13.514  1928  2050 D BtGatt.GattService: onScanResult to scannerId: 2- eventType=0x10, addressType=1, address=1AB250_5, primaryPhy=1, secondaryPhy=0, advertisingSid=0xff, txPower=127, rssi=-95, periodicAdvInt=0x0
05-17 12:18:13.529  9421  9421 I MobBleScanRaw: device_id=1A:B2:50:37:DD:25 rssi=-95 advertisement_b64=Hv8GAAEJICKXk1ehw7d9WZXvR3iUlEnD3WG73hccmQAAAAAAAAAAAAAAAAAAAAAAAAAAAAAAAAAAAAAAAAA= manufacturer_ids=[6] service_uuids=[]
05-17 12:18:13.538  1928  2050 D BtGatt.GattService: onScanResult to scannerId: 2- eventType=0x1b, addressType=1, address=54186A_7, primaryPhy=1, secondaryPhy=0, advertisingSid=0xff, txPower=127, rssi=-64, periodicAdvInt=0x0
05-17 12:18:13.566  1928  2050 D BtGatt.GattService: onScanResult to scannerId: 2- eventType=0x10, addressType=1, address=0A1C36_9, primaryPhy=1, secondaryPhy=0, advertisingSid=0xff, txPower=127, rssi=-94, periodicAdvInt=0x0
05-17 12:18:13.577  1928  2050 D BtGatt.GattService: onScanResult to scannerId: 2- eventType=0x1b, addressType=1, address=54186A_7, primaryPhy=1, secondaryPhy=0, advertisingSid=0xff, txPower=127, rssi=-64, periodicAdvInt=0x0
05-17 12:18:13.598  1928  2050 D BtGatt.GattService: onScanResult to scannerId: 2- eventType=0x10, addressType=1, address=612884_7, primaryPhy=1, secondaryPhy=0, advertisingSid=0xff, txPower=127, rssi=-79, periodicAdvInt=0x0
05-17 12:18:13.612  1928  2050 D BtGatt.GattService: onScanResult to scannerId: 2- eventType=0x1b, addressType=1, address=54186A_7, primaryPhy=1, secondaryPhy=0, advertisingSid=0xff, txPower=127, rssi=-63, periodicAdvInt=0x0
05-17 12:18:13.625  1928  2050 D BtGatt.GattService: onScanResult to scannerId: 2- eventType=0x10, addressType=0, address=BC455B_A, primaryPhy=1, secondaryPhy=0, advertisingSid=0xff, txPower=127, rssi=-73, periodicAdvInt=0x0
05-17 12:18:13.631  1928  2050 D BtGatt.GattService: onScanResult to scannerId: 2- eventType=0x1b, addressType=1, address=4A9808_A, primaryPhy=1, secondaryPhy=0, advertisingSid=0xff, txPower=127, rssi=-73, periodicAdvInt=0x0
05-17 12:18:13.646  1928  2050 D BtGatt.GattService: onScanResult to scannerId: 2- eventType=0x1b, addressType=1, address=54186A_7, primaryPhy=1, secondaryPhy=0, advertisingSid=0xff, txPower=127, rssi=-63, periodicAdvInt=0x0
05-17 12:18:13.677  1928  2050 D BtGatt.GattService: onScanResult to scannerId: 2- eventType=0x1b, addressType=1, address=54186A_7, primaryPhy=1, secondaryPhy=0, advertisingSid=0xff, txPower=127, rssi=-64, periodicAdvInt=0x0
05-17 12:18:13.683  1928  2050 D BtGatt.GattService: onScanResult to scannerId: 2- eventType=0x1b, addressType=0, address=84E0F4_2, primaryPhy=1, secondaryPhy=0, advertisingSid=0xff, txPower=127, rssi=-88, periodicAdvInt=0x0
05-17 12:18:13.689  1928  2050 D BtGatt.GattService: onScanResult to scannerId: 2- eventType=0x10, addressType=1, address=6BF31E_D, primaryPhy=1, secondaryPhy=0, advertisingSid=0xff, txPower=127, rssi=-81, periodicAdvInt=0x0
05-17 12:18:13.769   602   602 D io_stats: !@   8,0 r 1037649 33868852 w 601769 57402316 d 0 0 f 0 0 iot 520608 0 th 0 0 0 pt 0 inp 0 0 208741.342
05-17 12:18:14.032   836   956 W resolvrs::doh::connection: Connection driver returns some Err: Closed
05-17 12:18:14.048  2905  2905 I SDHMS:LOAD: type: LoadsFreqs, value: 0:0:0:650000:650000:650000:650000:650000:650000:0:0:0
05-17 12:18:14.085  1200  3617 D SemWifiUsabilityStatsMonitor: onWifiUsabilityStats - seqNum 7197, isSameBssidAndFreq true
05-17 12:18:14.085  1200  1507 I SemWifiLinkQualityMonitor: Link Qos Query: 0.077 ms / 103.363 Mbps (408 / 0.058 / 1.000)
05-17 12:18:15.272  9421  9421 I BluetoothAdapter: STATE_ON
05-17 12:18:15.272  9421  9421 I BluetoothAdapter: STATE_ON
05-17 12:18:15.272  9421  9421 I BluetoothAdapter: STATE_ON
05-17 12:18:15.273  9421  9421 D BluetoothLeAdvertiser: Stop AdvertingSet
05-17 12:18:15.275  1928  1939 I bt_stack: [INFO:le_advertising_manager.cc(70)] Unregister in shim layer
05-17 12:18:15.276  1928  2282 W bt_stack: le_advertising_manager :: remove_advertiser - id : 3
05-17 12:18:15.276  1928  2260 E BtGatt.GattService: [GSIM LOG]: gsimLogHandler, msg: MESSAGE_ADV_SET_STOP, appName: dev.mob.mob, id: 3, isLegacy: true
05-17 12:18:15.279  9421  9421 D BluetoothLeAdvertiser: onAdvertisingSetStopped(3)
05-17 12:18:15.322  1928  2050 D BtGatt.GattService: onScanResult to scannerId: 2- eventType=0x10, addressType=0, address=BC455B_A, primaryPhy=1, secondaryPhy=0, advertisingSid=0xff, txPower=127, rssi=-85, periodicAdvInt=0x0
05-17 12:18:15.328  1928  2050 D BtGatt.GattService: onScanResult to scannerId: 2- eventType=0x1a, addressType=1, address=728DDB_6, primaryPhy=1, secondaryPhy=0, advertisingSid=0xff, txPower=127, rssi=-44, periodicAdvInt=0x0
05-17 12:18:15.343  9421  9421 I MobBleScanRaw: device_id=72:8D:DB:83:54:66 rssi=-44 advertisement_b64=Gf///01CAQEBAM9X2ia4r4329wgG7dwoW8wAAAAAAAAAAAAAAAAAAAAAAAAAAAAAAAAAAAAAAAAAAAAAAAA= manufacturer_ids=[65535] service_uuids=[]
05-17 12:18:15.344  9421  9481 I Elixir  : BleSelfTest: DISTINCT MESH MESSAGE kind=beacon key=f70806eddc285bcc:cf57da26b8af8df6 from=sender_hash=f70806eddc285bcc device_id=72:8D:DB:83:54:66 first_seen_after=12_callbacks
05-17 12:18:15.345  9421  9458 I BEAMout : 12:18:15.344 [info] BleSelfTest: DISTINCT MESH MESSAGE kind=beacon key=f70806eddc285bcc:cf57da26b8af8df6 from=sender_hash=f70806eddc285bcc device_id=72:8D:DB:83:54:66 first_seen_after=12_callbacks
05-17 12:18:15.358  1928  2050 D BtGatt.GattService: onScanResult to scannerId: 2- eventType=0x1b, addressType=1, address=54186A_7, primaryPhy=1, secondaryPhy=0, advertisingSid=0xff, txPower=127, rssi=-51, periodicAdvInt=0x0
05-17 12:18:15.362  1928  2050 D BtGatt.GattService: onScanResult to scannerId: 2- eventType=0x10, addressType=1, address=0BE50A_8, primaryPhy=1, secondaryPhy=0, advertisingSid=0xff, txPower=127, rssi=-91, periodicAdvInt=0x0
05-17 12:18:15.377  9421  9421 I MobBleScanRaw: device_id=0B:E5:0A:2E:06:C8 rssi=-91 advertisement_b64=Hv8GAAEJICJW9xKBHJBk+S6lrcD3L5M+GKWl0tipvQAAAAAAAAAAAAAAAAAAAAAAAAAAAAAAAAAAAAAAAAA= manufacturer_ids=[6] service_uuids=[]
05-17 12:18:15.398  1928  2050 D BtGatt.GattService: onScanResult to scannerId: 2- eventType=0x1b, addressType=0, address=84E0F4_2, primaryPhy=1, secondaryPhy=0, advertisingSid=0xff, txPower=127, rssi=-79, periodicAdvInt=0x0
05-17 12:18:15.429  1928  2050 D BtGatt.GattService: onScanResult to scannerId: 2- eventType=0x1b, addressType=1, address=DD0D30_2, primaryPhy=1, secondaryPhy=0, advertisingSid=0xff, txPower=127, rssi=-61, periodicAdvInt=0x0
05-17 12:18:15.434  1928  2050 D BtGatt.GattService: onScanResult to scannerId: 2- eventType=0x10, addressType=1, address=7D4F46_E, primaryPhy=1, secondaryPhy=0, advertisingSid=0xff, txPower=127, rssi=-35, periodicAdvInt=0x0
05-17 12:18:15.444  1928  2050 D BtGatt.GattService: onScanResult to scannerId: 2- eventType=0x1b, addressType=0, address=84E0F4_2, primaryPhy=1, secondaryPhy=0, advertisingSid=0xff, txPower=127, rssi=-79, periodicAdvInt=0x0
05-17 12:18:15.447  1928  2050 D BtGatt.GattService: onScanResult to scannerId: 2- eventType=0x1b, addressType=1, address=F812C9_E, primaryPhy=1, secondaryPhy=0, advertisingSid=0xff, txPower=127, rssi=-87, periodicAdvInt=0x0
05-17 12:18:15.455  1928  2050 D BtGatt.GattService: onScanResult to scannerId: 2- eventType=0x10, addressType=1, address=612884_7, primaryPhy=1, secondaryPhy=0, advertisingSid=0xff, txPower=127, rssi=-81, periodicAdvInt=0x0
05-17 12:18:15.463  1928  2050 D BtGatt.GattService: onScanResult to scannerId: 2- eventType=0x1b, addressType=1, address=54186A_7, primaryPhy=1, secondaryPhy=0, advertisingSid=0xff, txPower=127, rssi=-51, periodicAdvInt=0x0
05-17 12:18:15.468  1928  2050 D BtGatt.GattService: onScanResult to scannerId: 2- eventType=0x1a, addressType=1, address=728DDB_6, primaryPhy=1, secondaryPhy=0, advertisingSid=0xff, txPower=127, rssi=-44, periodicAdvInt=0x0
05-17 12:18:15.472  1928  2050 D BtGatt.GattService: onScanResult to scannerId: 2- eventType=0x1b, addressType=0, address=84E0F4_2, primaryPhy=1, secondaryPhy=0, advertisingSid=0xff, txPower=127, rssi=-79, periodicAdvInt=0x0
05-17 12:18:15.494  1928  2050 D BtGatt.GattService: onScanResult to scannerId: 2- eventType=0x10, addressType=1, address=79C727_6, primaryPhy=1, secondaryPhy=0, advertisingSid=0xff, txPower=127, rssi=-78, periodicAdvInt=0x0
05-17 12:18:15.496  1928  2050 D BtGatt.GattService: onScanResult to scannerId: 2- eventType=0x1b, addressType=1, address=54186A_7, primaryPhy=1, secondaryPhy=0, advertisingSid=0xff, txPower=127, rssi=-51, periodicAdvInt=0x0
05-17 12:18:15.508  1928  2050 D BtGatt.GattService: onScanResult to scannerId: 2- eventType=0x1b, addressType=0, address=84E0F4_2, primaryPhy=1, secondaryPhy=0, advertisingSid=0xff, txPower=127, rssi=-78, periodicAdvInt=0x0
05-17 12:18:15.515  1928  2050 D BtGatt.GattService: onScanResult to scannerId: 2- eventType=0x1b, addressType=1, address=7A6A97_6, primaryPhy=1, secondaryPhy=0, advertisingSid=0xff, txPower=127, rssi=-35, periodicAdvInt=0x0
05-17 12:18:15.517  1928  2050 D BtGatt.GattService: onScanResult to scannerId: 2- eventType=0x1b, addressType=1, address=68983E_2, primaryPhy=1, secondaryPhy=0, advertisingSid=0xff, txPower=127, rssi=-35, periodicAdvInt=0x0
05-17 12:18:15.537  1928  2050 D BtGatt.GattService: onScanResult to scannerId: 2- eventType=0x1b, addressType=1, address=54186A_7, primaryPhy=1, secondaryPhy=0, advertisingSid=0xff, txPower=127, rssi=-51, periodicAdvInt=0x0
05-17 12:18:15.566  1928  2050 D BtGatt.GattService: onScanResult to scannerId: 2- eventType=0x10, addressType=1, address=6BF31E_D, primaryPhy=1, secondaryPhy=0, advertisingSid=0xff, txPower=127, rssi=-84, periodicAdvInt=0x0
05-17 12:18:16.099  9421  9481 I Elixir  : BleSelfTest: HEARTBEAT events=191 devices=29 mob_peers=0 sent=2 distinct_msgs=3 beacon_callbacks=12 envelopes=1
05-17 12:18:16.100  9421  9458 I BEAMout : 12:18:16.099 [info] BleSelfTest: HEARTBEAT events=191 devices=29 mob_peers=0 sent=2 distinct_msgs=3 beacon_callbacks=12 envelopes=1
05-17 12:18:17.174  1928  2050 D BtGatt.GattService: onScanResult to scannerId: 2- eventType=0x10, addressType=0, address=BC455B_A, primaryPhy=1, secondaryPhy=0, advertisingSid=0xff, txPower=127, rssi=-76, periodicAdvInt=0x0
05-17 12:18:17.178  1928  2050 D BtGatt.GattService: onScanResult to scannerId: 2- eventType=0x10, addressType=1, address=3A71EF_F, primaryPhy=1, secondaryPhy=0, advertisingSid=0xff, txPower=127, rssi=-88, periodicAdvInt=0x0
05-17 12:18:17.188  1200  3617 D SemWifiUsabilityStatsMonitor: onWifiUsabilityStats - seqNum 7198, isSameBssidAndFreq true
05-17 12:18:17.189  1200  1507 I SemWifiLinkQualityMonitor: Link Qos Query: 0.081 ms / 98.555 Mbps (408 / 0.062 / 1.000)
05-17 12:18:17.204  1928  2050 D BtGatt.GattService: onScanResult to scannerId: 2- eventType=0x10, addressType=1, address=7D4F46_E, primaryPhy=1, secondaryPhy=0, advertisingSid=0xff, txPower=127, rssi=-36, periodicAdvInt=0x0
05-17 12:18:17.216  9421  9481 I BluetoothAdapter: STATE_ON
05-17 12:18:17.216  9421  9481 I BluetoothAdapter: STATE_ON
05-17 12:18:17.216  9421  9481 I BluetoothAdapter: STATE_ON
05-17 12:18:17.217  9421  9481 D BluetoothLeAdvertiser: Stop AdvertingSet
05-17 12:18:17.220  1928  1939 I bt_stack: [INFO:le_advertising_manager.cc(70)] Unregister in shim layer
05-17 12:18:17.220  1928  2282 W bt_stack: le_advertising_manager :: remove_advertiser - id : 2
05-17 12:18:17.221  1928  2260 E BtGatt.GattService: [GSIM LOG]: gsimLogHandler, msg: MESSAGE_ADV_SET_STOP, appName: dev.mob.mob, id: 2, isLegacy: true
05-17 12:18:17.222  9421  9481 I MobBleFetch: {"v":1,"event":"fetch_advertising_stopped","device_model":"SM-T577U","android_api":33,"adapter_state":"on","adapter_enabled":true}
05-17 12:18:17.222  9421  9481 D BluetoothGattServer: close()
05-17 12:18:17.222  9421  9481 D BluetoothGattServer: unregisterCallback() - mServerIf=6
05-17 12:18:17.224  1928  1939 D BtGatt.GattService: unregisterServer(dev.mob.mob) - serverIf=6
05-17 12:18:17.226  1928  1939 D BtGatt.ContextMap: remove() - id: 6
05-17 12:18:17.226  1928  1939 E BtGatt.ContextMap: remove() - removed: 6
05-17 12:18:17.226  1928  2050 D BtGatt.GattService: onScanResult to scannerId: 2- eventType=0x1b, addressType=1, address=C19840_0, primaryPhy=1, secondaryPhy=0, advertisingSid=0xff, txPower=127, rssi=-84, periodicAdvInt=0x0
05-17 12:18:17.227  1928  2656 E bt_stack: [ERROR:gatt_api.cc(340)] Active Service Found: 8f4f1201-6f3d-4f9c-9e3b-7f4a4f0f2000
05-17 12:18:17.228  1928  2656 I bt_stack: [INFO:gatt_api.cc(408)] GATTS_StopService: service = 0x0086
05-17 12:18:17.228  1928  2656 I bt_stack: [INFO:gatt_sr_hash.cc(127)] gatts_calculate_database_hash: hash=8991C462EBE9D90B9EA0DA3E16D0F513
05-17 12:18:17.228  1928  2656 I bt_stack: [INFO:gatt_api.cc(1111)] GATT_Deregister gatt_if=6
05-17 12:18:17.228  1928  2656 W bt_stack: on_app_deregistered :: app_id=6
05-17 12:18:17.228  1928  2656 I bt_stack: [INFO:gatt_api.cc(1164)] Initialize tGATT_REG
05-17 12:18:17.231  9421  9481 D BluetoothGattServer: registerCallback()
05-17 12:18:17.231  9421  9481 D BluetoothGattServer: registerCallback() - UUID=09b435f0-130e-45bd-acea-8650904dbe95
05-17 12:18:17.234  1928  1939 D BtGatt.GattService: registerServer(dev.mob.mob) - UUID=09b435f0-130e-45bd-acea-8650904dbe95
05-17 12:18:17.234  9421  9421 D BluetoothLeAdvertiser: onAdvertisingSetStopped(2)
05-17 12:18:17.236  1928  1939 D BtGatt.ContextMap: add() - appUid: 10313, appPid: 9421, appName: dev.mob.mob
05-17 12:18:17.236  1928  2050 D BtGatt.GattService: onScanResult to scannerId: 2- eventType=0x1b, addressType=1, address=54186A_7, primaryPhy=1, secondaryPhy=0, advertisingSid=0xff, txPower=127, rssi=-49, periodicAdvInt=0x0
05-17 12:18:17.237  1928  2656 I bt_stack: [INFO:bta_gatts_act.cc(198)] register application first_unuse rcb_idx=0
05-17 12:18:17.238  9421  9421 I MobBleScanRaw: device_id=C1:98:40:13:32:C0 rssi=-84 advertisement_b64=AgEGAgoAEQaeytwkDuWp4JPzo7UBAEBuEglBZGFmcnVpdCBCbHVlZnJ1aQAAAAAAAAAAAAAAAAAAAAAAAAA= manufacturer_ids=[] service_uuids=[6e400001-b5a3-f393-e0a9-e50e24dcca9e]
05-17 12:18:17.239  9421  9489 D BluetoothGattServer: onServerRegistered() - status=0 serverIf=6
05-17 12:18:17.239  9421  9481 D BluetoothGattServer: addService() - service: 8f4f1201-6f3d-4f9c-9e3b-7f4a4f0f2000
05-17 12:18:17.240  1928  2050 D BtGatt.GattService: onScanResult to scannerId: 2- eventType=0x1a, addressType=1, address=728DDB_6, primaryPhy=1, secondaryPhy=0, advertisingSid=0xff, txPower=127, rssi=-45, periodicAdvInt=0x0
05-17 12:18:17.244  1928  2656 I bt_stack: [INFO:bta_gatts_api.cc(135)] bta_gatts_add_service_impl: rcb_idx=0
05-17 12:18:17.244  1928  2656 I bt_stack: [INFO:gatt_api.cc(171)] GATTS_AddService
05-17 12:18:17.244  1928  2656 I bt_stack: [INFO:gatt_api.cc(286)] GATTS_AddService: service parsed correctly, now starting
05-17 12:18:17.244  1928  2656 I bt_stack: [INFO:gatt_sr_hash.cc(127)] gatts_calculate_database_hash: hash=D73604934235F801B3C76A8E5F0340C6
05-17 12:18:17.245  9421  9481 I BluetoothAdapter: STATE_ON
05-17 12:18:17.246  9421  9481 I BluetoothAdapter: STATE_ON
05-17 12:18:17.246  9421  9481 I BluetoothAdapter: STATE_ON
05-17 12:18:17.246  9421  9481 I BluetoothAdapter: STATE_ON
05-17 12:18:17.247  9421  9489 D BluetoothGattServer: onServiceAdded() - handle=134 uuid=8f4f1201-6f3d-4f9c-9e3b-7f4a4f0f2000 status=0
05-17 12:18:17.250  1928  1939 I bt_stack: [INFO:le_advertising_manager.cc(137)] StartAdvertisingSet in shim layer
05-17 12:18:17.251  1928  1939 W bt_stack: le_advertising_manager :: allocate_advertiser - id : 2
05-17 12:18:17.251  1928  1939 I bt_stack: [INFO:le_advertising_manager.cc(157)] create advertising set, reg_id:-5185, id:2
05-17 12:18:17.251  1928  2282 W bt_stack: le_advertising_manager :: create_extended_advertiser - id : 2
05-17 12:18:17.251  1928  2282 W bt_stack: le_advertising_manager :: enable_advertiser - id : 2
05-17 12:18:17.253  9421  9481 I MobBleFetch: {"v":1,"event":"fetch_server_started","accepted":true,"advertising_accepted":true,"responder_peer_id":"mob-dev","message_id_hash":"+eYtcGTzZrw=","service_uuid":"8f4f1201-6f3d-4f9c-9e3b-7f4a4f0f2000","request_characteristic_uuid":"8f4f1201-6f3d-4f9c-9e3b-7f4a4f0f2001","response_characteristic_uuid":"8f4f1201-6f3d-4f9c-9e3b-7f4a4f0f2002","device_model":"SM-T577U","android_api":33,"adapter_state":"on","adapter_enabled":true}
05-17 12:18:17.253  9421  9481 I BluetoothAdapter: STATE_ON
05-17 12:18:17.254  9421  9481 I BluetoothAdapter: STATE_ON
05-17 12:18:17.257  9421  9481 I BluetoothAdapter: STATE_ON
05-17 12:18:17.260  9421  9481 I BluetoothAdapter: STATE_ON
05-17 12:18:17.261  9421  9481 I MobBleDispatch: {"v":1,"event":"ble_capabilities","supports_extended_advertising":true,"max_advertising_data_length":1024,"is_multiple_advertisement_supported":true,"legacy_manufacturer_payload_budget":24}
05-17 12:18:17.261  9421  9481 I BluetoothAdapter: STATE_ON
05-17 12:18:17.264  9421  9481 I BluetoothAdapter: STATE_ON
05-17 12:18:17.267  9421  9481 I BluetoothAdapter: STATE_ON
05-17 12:18:17.267  9421  9481 I BluetoothAdapter: STATE_ON
05-17 12:18:17.268  9421  9481 I BluetoothAdapter: STATE_ON
05-17 12:18:17.268  9421  9481 I BluetoothAdapter: STATE_ON
05-17 12:18:17.272  1928  1939 I bt_stack: [INFO:le_advertising_manager.cc(137)] StartAdvertisingSet in shim layer
05-17 12:18:17.272  1928  1939 W bt_stack: le_advertising_manager :: allocate_advertiser - id : 3
05-17 12:18:17.272  1928  2050 D BtGatt.GattService: onScanResult to scannerId: 2- eventType=0x1b, addressType=1, address=54186A_7, primaryPhy=1, secondaryPhy=0, advertisingSid=0xff, txPower=127, rssi=-48, periodicAdvInt=0x0
05-17 12:18:17.272  1928  1939 I bt_stack: [INFO:le_advertising_manager.cc(157)] create advertising set, reg_id:-5186, id:3
05-17 12:18:17.272  1928  2282 W bt_stack: le_advertising_manager :: create_extended_advertiser - id : 3
05-17 12:18:17.273  1928  2282 W bt_stack: le_advertising_manager :: enable_advertiser - id : 3
05-17 12:18:17.273  1928  2260 E BtGatt.GattService: [GSIM LOG]: gsimLogHandler, msg: MESSAGE_ADV_SET_START, appName: dev.mob.mob, id: 2, isLegacy: true
05-17 12:18:17.275  9421  9481 I MobBleDispatch: {"v":1,"event":"attempt_outcome","attempt_id":"mx-1779045497253","message_id":"p\/8n0vYsOI7HvzD4QYnHvg==","target_peer_id":"broadcast","target_device_ids":["broadcast"],"kind":"dispatched","reason":"legacy_beacon_fallback","adapter":"ble_android","outcome_at_ms":209169314}
05-17 12:18:17.276  9421  9481 I MobBleNative: sendFullMxEnvelope(broadcast, 31B) -> DISPATCHED reason=legacy_beacon_fallback
05-17 12:18:17.277  9421  9481 I Elixir  : BleSelfTest: MESH MESSAGE SENT payload="hello-from-mob-dev-1779045497" result=:ok
05-17 12:18:17.279  9421  9481 W Elixir  : BleSelfTest: bridge error unknown: {"v":1,"event":"attempt_outcome","attempt_id":"mx-1779045497253","message_id":"p\/8n0vYsOI7HvzD4QYnHvg==","target_peer_id":"broadcast","target_device_ids":["broadcast"],"kind":"dispatched","reason":"legacy_beacon_fallback","adapter":"ble_android","outcome_at_ms":209169314}
05-17 12:18:17.281  9421  9458 I BEAMout : 12:18:17.277 [info] BleSelfTest: MESH MESSAGE SENT payload="hello-from-mob-dev-1779045497" result=:ok
05-17 12:18:17.282  9421  9458 I BEAMout : 12:18:17.279 [warning] BleSelfTest: bridge error unknown: {"v":1,"event":"attempt_outcome","attempt_id":"mx-1779045497253","message_id":"p\/8n0vYsOI7HvzD4QYnHvg==","target_peer_id":"broadcast","target_device_ids":["broadcast"],"kind":"dispatched","reason":"legacy_beacon_fallback","adapter":"ble_android","outcome_at_ms":209169314}
05-17 12:18:17.282  1928  2050 D BtGatt.GattService: onScanResult to scannerId: 2- eventType=0x10, addressType=1, address=3A71EF_F, primaryPhy=1, secondaryPhy=0, advertisingSid=0xff, txPower=127, rssi=-87, periodicAdvInt=0x0
05-17 12:18:17.287  9421  9421 D BluetoothLeAdvertiser: onAdvertisingSetStarted(2, -7, 0)
05-17 12:18:17.293  1928  2260 E BtGatt.GattService: [GSIM LOG]: gsimLogHandler, msg: MESSAGE_ADV_SET_START, appName: dev.mob.mob, id: 3, isLegacy: true
05-17 12:18:17.293  1928  2050 D BtGatt.GattService: onScanResult to scannerId: 2- eventType=0x1b, addressType=1, address=4A9808_A, primaryPhy=1, secondaryPhy=0, advertisingSid=0xff, txPower=127, rssi=-76, periodicAdvInt=0x0
05-17 12:18:17.311  1928  2050 D BtGatt.GattService: onScanResult to scannerId: 2- eventType=0x1b, addressType=1, address=54186A_7, primaryPhy=1, secondaryPhy=0, advertisingSid=0xff, txPower=127, rssi=-49, periodicAdvInt=0x0
05-17 12:18:17.314  9421  9421 I MobBleFetch: {"v":1,"event":"fetch_advertising_started","responder_peer_id":"mob-dev","message_id_hash":"+eYtcGTzZrw=","connectable":true,"service_uuid":"8f4f1201-6f3d-4f9c-9e3b-7f4a4f0f2000","device_model":"SM-T577U","android_api":33,"adapter_state":"on","adapter_enabled":true}
05-17 12:18:17.314  9421  9421 D BluetoothLeAdvertiser: onAdvertisingSetStarted(3, -7, 0)
05-17 12:18:17.318  1928  2050 D BtGatt.GattService: onScanResult to scannerId: 2- eventType=0x1b, addressType=1, address=7A6A97_6, primaryPhy=1, secondaryPhy=0, advertisingSid=0xff, txPower=127, rssi=-37, periodicAdvInt=0x0
05-17 12:18:17.320  1928  2050 D BtGatt.GattService: onScanResult to scannerId: 2- eventType=0x1b, addressType=1, address=68983E_2, primaryPhy=1, secondaryPhy=0, advertisingSid=0xff, txPower=127, rssi=-37, periodicAdvInt=0x0
05-17 12:18:17.328  1928  2050 D BtGatt.GattService: onScanResult to scannerId: 2- eventType=0x10, addressType=0, address=BC455B_A, primaryPhy=1, secondaryPhy=0, advertisingSid=0xff, txPower=127, rssi=-76, periodicAdvInt=0x0
05-17 12:18:17.345  1928  2050 D BtGatt.GattService: onScanResult to scannerId: 2- eventType=0x1b, addressType=1, address=54186A_7, primaryPhy=1, secondaryPhy=0, advertisingSid=0xff, txPower=127, rssi=-49, periodicAdvInt=0x0
05-17 12:18:17.346  9421  9421 I MobBleDispatch: {"v":1,"event":"legacy_beacon_advertising_started","attempt_id":"mx-1779045497253","beacon_size":22,"beacon":"TUIBAQEA+eYtcGTzZrwS94VXUXoT+Q==","message_id_hash":"+eYtcGTzZrw=","sender_peer_id_hash":"EveFV1F6E\/k=","payload_kind":"TX","envelope_version":1,"window_ms":5000,"data_carrier":"legacy_advertisement"}
05-17 12:18:17.379  1928  2050 D BtGatt.GattService: onScanResult to scannerId: 2- eventType=0x1a, addressType=1, address=728DDB_6, primaryPhy=1, secondaryPhy=0, advertisingSid=0xff, txPower=127, rssi=-45, periodicAdvInt=0x0
05-17 12:18:17.384  1928  2050 D BtGatt.GattService: onScanResult to scannerId: 2- eventType=0x1b, addressType=1, address=54186A_7, primaryPhy=1, secondaryPhy=0, advertisingSid=0xff, txPower=127, rssi=-49, periodicAdvInt=0x0
05-17 12:18:17.390  1928  2050 D BtGatt.GattService: onScanResult to scannerId: 2- eventType=0x10, addressType=0, address=BC7E8B_B, primaryPhy=1, secondaryPhy=0, advertisingSid=0xff, txPower=127, rssi=-89, periodicAdvInt=0x0
05-17 12:18:17.415  1928  2050 D BtGatt.GattService: onScanResult to scannerId: 2- eventType=0x1b, addressType=1, address=54186A_7, primaryPhy=1, secondaryPhy=0, advertisingSid=0xff, txPower=127, rssi=-48, periodicAdvInt=0x0
05-17 12:18:18.918 29714 29714 D BoundBrokerSvc: onUnbind: Intent { act=com.google.android.gms.common.BIND_SHARED_PREFS pkg=com.google.android.gms }
05-17 12:18:18.946  1200  5329 I AppSearchIcing: icing-search-engine.cc:2486: Persisting data to disk with mode 3
05-17 12:18:18.951  1200  5329 I AppSearchIcing: icing-search-engine.cc:2501: PersistToDisk completed.
05-17 12:18:19.054  1928  2050 D BtGatt.GattService: onScanResult to scannerId: 2- eventType=0x10, addressType=1, address=1AB250_5, primaryPhy=1, secondaryPhy=0, advertisingSid=0xff, txPower=127, rssi=-94, periodicAdvInt=0x0
05-17 12:18:19.074  1928  2050 D BtGatt.GattService: onScanResult to scannerId: 2- eventType=0x1b, addressType=1, address=54186A_7, primaryPhy=1, secondaryPhy=0, advertisingSid=0xff, txPower=127, rssi=-64, periodicAdvInt=0x0
05-17 12:18:19.085  1928  2050 D BtGatt.GattService: onScanResult to scannerId: 2- eventType=0x10, addressType=0, address=BC7E8B_B, primaryPhy=1, secondaryPhy=0, advertisingSid=0xff, txPower=127, rssi=-85, periodicAdvInt=0x0
05-17 12:18:19.098  1928  2050 D BtGatt.GattService: onScanResult to scannerId: 2- eventType=0x10, addressType=1, address=0A1C36_9, primaryPhy=1, secondaryPhy=0, advertisingSid=0xff, txPower=127, rssi=-93, periodicAdvInt=0x0
05-17 12:18:19.106  1928  2050 D BtGatt.GattService: onScanResult to scannerId: 2- eventType=0x10, addressType=1, address=4A4D1F_B, primaryPhy=1, secondaryPhy=0, advertisingSid=0xff, txPower=127, rssi=-89, periodicAdvInt=0x0
05-17 12:18:19.115  1928  2050 D BtGatt.GattService: onScanResult to scannerId: 2- eventType=0x1b, addressType=1, address=54186A_7, primaryPhy=1, secondaryPhy=0, advertisingSid=0xff, txPower=127, rssi=-63, periodicAdvInt=0x0
05-17 12:18:19.118  1928  2050 D BtGatt.GattService: onScanResult to scannerId: 2- eventType=0x10, addressType=1, address=597622_0, primaryPhy=1, secondaryPhy=0, advertisingSid=0xff, txPower=127, rssi=-80, periodicAdvInt=0x0
05-17 12:18:19.121  1928  2050 D BtGatt.GattService: onScanResult to scannerId: 2- eventType=0x1b, addressType=1, address=7A6A97_6, primaryPhy=1, secondaryPhy=0, advertisingSid=0xff, txPower=127, rssi=-35, periodicAdvInt=0x0
05-17 12:18:19.125  1928  2050 D BtGatt.GattService: onScanResult to scannerId: 2- eventType=0x1b, addressType=1, address=68983E_2, primaryPhy=1, secondaryPhy=0, advertisingSid=0xff, txPower=127, rssi=-35, periodicAdvInt=0x0
05-17 12:18:19.129  1928  2050 D BtGatt.GattService: onScanResult to scannerId: 2- eventType=0x1b, addressType=1, address=4A9808_A, primaryPhy=1, secondaryPhy=0, advertisingSid=0xff, txPower=127, rssi=-73, periodicAdvInt=0x0
05-17 12:18:19.131  1928  2050 D BtGatt.GattService: onScanResult to scannerId: 2- eventType=0x1b, addressType=0, address=84E0F4_2, primaryPhy=1, secondaryPhy=0, advertisingSid=0xff, txPower=127, rssi=-88, periodicAdvInt=0x0
05-17 12:18:19.148  1928  2050 D BtGatt.GattService: onScanResult to scannerId: 2- eventType=0x1a, addressType=1, address=728DDB_6, primaryPhy=1, secondaryPhy=0, advertisingSid=0xff, txPower=127, rssi=-43, periodicAdvInt=0x0
05-17 12:18:19.185  1928  2050 D BtGatt.GattService: onScanResult to scannerId: 2- eventType=0x10, addressType=1, address=612884_7, primaryPhy=1, secondaryPhy=0, advertisingSid=0xff, txPower=127, rssi=-81, periodicAdvInt=0x0
05-17 12:18:19.186  1928  2050 D BtGatt.GattService: onScanResult to scannerId: 2- eventType=0x10, addressType=1, address=7D4F46_E, primaryPhy=1, secondaryPhy=0, advertisingSid=0xff, txPower=127, rssi=-35, periodicAdvInt=0x0
05-17 12:18:19.236  1928  2050 D BtGatt.GattService: onScanResult to scannerId: 2- eventType=0x10, addressType=0, address=BC7E8B_B, primaryPhy=1, secondaryPhy=0, advertisingSid=0xff, txPower=127, rssi=-85, periodicAdvInt=0x0
05-17 12:18:19.249  1928  2050 D BtGatt.GattService: onScanResult to scannerId: 2- eventType=0x1b, addressType=1, address=54186A_7, primaryPhy=1, secondaryPhy=0, advertisingSid=0xff, txPower=127, rssi=-63, periodicAdvInt=0x0
05-17 12:18:19.288  1928  2050 D BtGatt.GattService: onScanResult to scannerId: 2- eventType=0x1b, addressType=1, address=54186A_7, primaryPhy=1, secondaryPhy=0, advertisingSid=0xff, txPower=127, rssi=-63, periodicAdvInt=0x0
05-17 12:18:19.297  1928  2050 D BtGatt.GattService: onScanResult to scannerId: 2- eventType=0x1b, addressType=1, address=DD0D30_2, primaryPhy=1, secondaryPhy=0, advertisingSid=0xff, txPower=127, rssi=-66, periodicAdvInt=0x0
05-17 12:18:19.771   602   602 D io_stats: !@   8,0 r 1037652 33868856 w 601773 57402332 d 0 0 f 0 0 iot 520612 0 th 0 0 0 pt 0 inp 0 0 208747.344
05-17 12:18:20.282  1200  3617 D SemWifiUsabilityStatsMonitor: onWifiUsabilityStats - seqNum 7199, isSameBssidAndFreq true
05-17 12:18:20.285  1200  1507 I SemWifiLinkQualityMonitor: Link Qos Query: 0.079 ms / 101.318 Mbps (408 / 0.059 / 1.000)
05-17 12:18:20.904  1928  2050 D BtGatt.GattService: onScanResult to scannerId: 2- eventType=0x1b, addressType=1, address=54186A_7, primaryPhy=1, secondaryPhy=0, advertisingSid=0xff, txPower=127, rssi=-51, periodicAdvInt=0x0
05-17 12:18:20.911  1928  2050 D BtGatt.GattService: onScanResult to scannerId: 2- eventType=0x10, addressType=1, address=0BE50A_8, primaryPhy=1, secondaryPhy=0, advertisingSid=0xff, txPower=127, rssi=-89, periodicAdvInt=0x0
05-17 12:18:20.919  1928  2050 D BtGatt.GattService: onScanResult to scannerId: 2- eventType=0x1b, addressType=1, address=68983E_2, primaryPhy=1, secondaryPhy=0, advertisingSid=0xff, txPower=127, rssi=-35, periodicAdvInt=0x0
05-17 12:18:20.922  1928  2050 D BtGatt.GattService: onScanResult to scannerId: 2- eventType=0x1b, addressType=1, address=7A6A97_6, primaryPhy=1, secondaryPhy=0, advertisingSid=0xff, txPower=127, rssi=-35, periodicAdvInt=0x0
05-17 12:18:20.928  1928  2050 D BtGatt.GattService: onScanResult to scannerId: 2- eventType=0x10, addressType=1, address=EAA892_C, primaryPhy=1, secondaryPhy=0, advertisingSid=0xff, txPower=127, rssi=-71, periodicAdvInt=0x0
05-17 12:18:20.931  1928  2050 D BtGatt.GattService: onScanResult to scannerId: 2- eventType=0x1b, addressType=0, address=94944A_9, primaryPhy=1, secondaryPhy=0, advertisingSid=0xff, txPower=127, rssi=-91, periodicAdvInt=0x0
05-17 12:18:20.935  1928  2050 D BtGatt.GattService: onScanResult to scannerId: 2- eventType=0x1b, addressType=0, address=84E0F4_2, primaryPhy=1, secondaryPhy=0, advertisingSid=0xff, txPower=127, rssi=-78, periodicAdvInt=0x0
05-17 12:18:20.940  1928  2050 D BtGatt.GattService: onScanResult to scannerId: 2- eventType=0x1b, addressType=1, address=DD0D30_2, primaryPhy=1, secondaryPhy=0, advertisingSid=0xff, txPower=127, rssi=-61, periodicAdvInt=0x0
05-17 12:18:20.944  1928  2050 D BtGatt.GattService: onScanResult to scannerId: 2- eventType=0x1b, addressType=1, address=F812C9_E, primaryPhy=1, secondaryPhy=0, advertisingSid=0xff, txPower=127, rssi=-86, periodicAdvInt=0x0
05-17 12:18:20.947  1928  2050 D BtGatt.GattService: onScanResult to scannerId: 2- eventType=0x10, addressType=1, address=7D4F46_E, primaryPhy=1, secondaryPhy=0, advertisingSid=0xff, txPower=127, rssi=-35, periodicAdvInt=0x0
05-17 12:18:20.949  9421  9421 I MobBleScanRaw: device_id=EA:A8:92:0A:72:9C rssi=-71 advertisement_b64=B/9MABICAAMAAAAAAAAAAAAAAAAAAAAAAAAAAAAAAAAAAAAAAAAAAAAAAAAAAAAAAAAAAAAAAAAAAAAAAAA= manufacturer_ids=[76] service_uuids=[]
05-17 12:18:20.949  1928  2050 D BtGatt.GattService: onScanResult to scannerId: 2- eventType=0x10, addressType=1, address=79C727_6, primaryPhy=1, secondaryPhy=0, advertisingSid=0xff, txPower=127, rssi=-78, periodicAdvInt=0x0
05-17 12:18:20.953  1928  2050 D BtGatt.GattService: onScanResult to scannerId: 2- eventType=0x1b, addressType=1, address=4A9808_A, primaryPhy=1, secondaryPhy=0, advertisingSid=0xff, txPower=127, rssi=-80, periodicAdvInt=0x0
05-17 12:18:20.960  1928  2050 D BtGatt.GattService: onScanResult to scannerId: 2- eventType=0x1b, addressType=0, address=84E0F4_2, primaryPhy=1, secondaryPhy=0, advertisingSid=0xff, txPower=127, rssi=-79, periodicAdvInt=0x0
05-17 12:18:20.983  1928  2050 D BtGatt.GattService: onScanResult to scannerId: 2- eventType=0x1b, addressType=0, address=84E0F4_2, primaryPhy=1, secondaryPhy=0, advertisingSid=0xff, txPower=127, rssi=-79, periodicAdvInt=0x0
05-17 12:18:21.011  1928  2050 D BtGatt.GattService: onScanResult to scannerId: 2- eventType=0x1b, addressType=1, address=54186A_7, primaryPhy=1, secondaryPhy=0, advertisingSid=0xff, txPower=127, rssi=-51, periodicAdvInt=0x0
05-17 12:18:21.039  1928  2050 D BtGatt.GattService: onScanResult to scannerId: 2- eventType=0x1b, addressType=0, address=84E0F4_2, primaryPhy=1, secondaryPhy=0, advertisingSid=0xff, txPower=127, rssi=-78, periodicAdvInt=0x0
05-17 12:18:21.044  1928  2050 D BtGatt.GattService: onScanResult to scannerId: 2- eventType=0x1b, addressType=1, address=54186A_7, primaryPhy=1, secondaryPhy=0, advertisingSid=0xff, txPower=127, rssi=-51, periodicAdvInt=0x0
05-17 12:18:21.046  1928  2050 D BtGatt.GattService: onScanResult to scannerId: 2- eventType=0x10, addressType=1, address=612884_7, primaryPhy=1, secondaryPhy=0, advertisingSid=0xff, txPower=127, rssi=-81, periodicAdvInt=0x0
05-17 12:18:21.050  1928  2050 D BtGatt.GattService: onScanResult to scannerId: 2- eventType=0x10, addressType=1, address=79C727_6, primaryPhy=1, secondaryPhy=0, advertisingSid=0xff, txPower=127, rssi=-78, periodicAdvInt=0x0
05-17 12:18:21.058  1928  2050 D BtGatt.GattService: onScanResult to scannerId: 2- eventType=0x1a, addressType=1, address=728DDB_6, primaryPhy=1, secondaryPhy=0, advertisingSid=0xff, txPower=127, rssi=-44, periodicAdvInt=0x0
05-17 12:18:21.085  1928  2050 D BtGatt.GattService: onScanResult to scannerId: 2- eventType=0x1b, addressType=1, address=54186A_7, primaryPhy=1, secondaryPhy=0, advertisingSid=0xff, txPower=127, rssi=-51, periodicAdvInt=0x0
05-17 12:18:21.100  9421  9481 I Elixir  : BleSelfTest: HEARTBEAT events=249 devices=31 mob_peers=0 sent=3 distinct_msgs=3 beacon_callbacks=16 envelopes=1
05-17 12:18:21.101  9421  9458 I BEAMout : 12:18:21.100 [info] BleSelfTest: HEARTBEAT events=249 devices=31 mob_peers=0 sent=3 distinct_msgs=3 beacon_callbacks=16 envelopes=1
05-17 12:18:21.133  1928  2050 D BtGatt.GattService: onScanResult to scannerId: 2- eventType=0x10, addressType=1, address=7D4F46_E, primaryPhy=1, secondaryPhy=0, advertisingSid=0xff, txPower=127, rssi=-35, periodicAdvInt=0x0
05-17 12:18:21.135  1928  2050 D BtGatt.GattService: onScanResult to scannerId: 2- eventType=0x1b, addressType=1, address=5498D4_8, primaryPhy=1, secondaryPhy=0, advertisingSid=0xff, txPower=127, rssi=-70, periodicAdvInt=0x0
05-17 12:18:21.140  1928  2050 D BtGatt.GattService: onScanResult to scannerId: 2- eventType=0x1b, addressType=0, address=84E0F4_2, primaryPhy=1, secondaryPhy=0, advertisingSid=0xff, txPower=127, rssi=-79, periodicAdvInt=0x0
05-17 12:18:21.145  1928  2050 D BtGatt.GattService: onScanResult to scannerId: 2- eventType=0x1b, addressType=0, address=84E0F4_2, primaryPhy=1, secondaryPhy=0, advertisingSid=0xff, txPower=127, rssi=-78, periodicAdvInt=0x0
05-17 12:18:21.229  1707  1707 I wpa_supplicant: Heartbeat 20854
05-17 12:18:22.347  9421  9421 I BluetoothAdapter: STATE_ON
05-17 12:18:22.347  9421  9421 I BluetoothAdapter: STATE_ON
05-17 12:18:22.347  9421  9421 I BluetoothAdapter: STATE_ON
05-17 12:18:22.348  9421  9421 D BluetoothLeAdvertiser: Stop AdvertingSet
05-17 12:18:22.351  1928  1939 I bt_stack: [INFO:le_advertising_manager.cc(70)] Unregister in shim layer
05-17 12:18:22.352  1928  2282 W bt_stack: le_advertising_manager :: remove_advertiser - id : 3
05-17 12:18:22.352  1928  2260 E BtGatt.GattService: [GSIM LOG]: gsimLogHandler, msg: MESSAGE_ADV_SET_STOP, appName: dev.mob.mob, id: 3, isLegacy: true
05-17 12:18:22.353  9421  9421 D BluetoothLeAdvertiser: onAdvertisingSetStopped(3)
05-17 12:18:22.762  1928  2050 D BtGatt.GattService: onScanResult to scannerId: 2- eventType=0x1b, addressType=1, address=54186A_7, primaryPhy=1, secondaryPhy=0, advertisingSid=0xff, txPower=127, rssi=-49, periodicAdvInt=0x0
05-17 12:18:22.770  1928  2050 D BtGatt.GattService: onScanResult to scannerId: 2- eventType=0x1b, addressType=1, address=4A9808_A, primaryPhy=1, secondaryPhy=0, advertisingSid=0xff, txPower=127, rssi=-76, periodicAdvInt=0x0
05-17 12:18:22.776  1928  2050 D BtGatt.GattService: onScanResult to scannerId: 2- eventType=0x1b, addressType=1, address=5498D4_8, primaryPhy=1, secondaryPhy=0, advertisingSid=0xff, txPower=127, rssi=-57, periodicAdvInt=0x0
05-17 12:18:22.800  1928  2050 D BtGatt.GattService: onScanResult to scannerId: 2- eventType=0x1b, addressType=1, address=54186A_7, primaryPhy=1, secondaryPhy=0, advertisingSid=0xff, txPower=127, rssi=-48, periodicAdvInt=0x0
05-17 12:18:22.823  1928  2050 D BtGatt.GattService: onScanResult to scannerId: 2- eventType=0x10, addressType=1, address=4A4D1F_B, primaryPhy=1, secondaryPhy=0, advertisingSid=0xff, txPower=127, rssi=-84, periodicAdvInt=0x0
05-17 12:18:22.837  1928  2050 D BtGatt.GattService: onScanResult to scannerId: 2- eventType=0x1b, addressType=1, address=54186A_7, primaryPhy=1, secondaryPhy=0, advertisingSid=0xff, txPower=127, rssi=-48, periodicAdvInt=0x0
05-17 12:18:22.909  1928  2050 D BtGatt.GattService: onScanResult to scannerId: 2- eventType=0x10, addressType=1, address=7D4F46_E, primaryPhy=1, secondaryPhy=0, advertisingSid=0xff, txPower=127, rssi=-36, periodicAdvInt=0x0
05-17 12:18:22.916  1928  2050 D BtGatt.GattService: onScanResult to scannerId: 2- eventType=0x1b, addressType=1, address=54186A_7, primaryPhy=1, secondaryPhy=0, advertisingSid=0xff, txPower=127, rssi=-49, periodicAdvInt=0x0
05-17 12:18:22.933  1928  2050 D BtGatt.GattService: onScanResult to scannerId: 2- eventType=0x10, addressType=1, address=EAA892_C, primaryPhy=1, secondaryPhy=0, advertisingSid=0xff, txPower=127, rssi=-57, periodicAdvInt=0x0
05-17 12:18:22.945  1928  2050 D BtGatt.GattService: onScanResult to scannerId: 2- eventType=0x1b, addressType=1, address=54186A_7, primaryPhy=1, secondaryPhy=0, advertisingSid=0xff, txPower=127, rssi=-49, periodicAdvInt=0x0
05-17 12:18:22.957  1928  2050 D BtGatt.GattService: onScanResult to scannerId: 2- eventType=0x1a, addressType=1, address=728DDB_6, primaryPhy=1, secondaryPhy=0, advertisingSid=0xff, txPower=127, rssi=-45, periodicAdvInt=0x0
05-17 12:18:22.986  1928  2050 D BtGatt.GattService: onScanResult to scannerId: 2- eventType=0x1b, addressType=1, address=54186A_7, primaryPhy=1, secondaryPhy=0, advertisingSid=0xff, txPower=127, rssi=-49, periodicAdvInt=0x0
05-17 12:18:23.378  1200  3617 D SemWifiUsabilityStatsMonitor: onWifiUsabilityStats - seqNum 7200, isSameBssidAndFreq true
05-17 12:18:23.380  1200  1507 I SemWifiLinkQualityMonitor: Link Qos Query: 0.076 ms / 104.921 Mbps (408 / 0.057 / 1.000)
05-17 12:18:24.140  2905  2905 I SDHMS:LOAD: type: LoadsFreqs, value: 0:0:0:658060:962000:650000:658060:962000:650000:0:0:0
05-17 12:18:24.280  9421  9481 I BluetoothAdapter: STATE_ON
05-17 12:18:24.280  9421  9481 I BluetoothAdapter: STATE_ON
05-17 12:18:24.280  9421  9481 I BluetoothAdapter: STATE_ON
05-17 12:18:24.282  9421  9481 D BluetoothLeAdvertiser: Stop AdvertingSet
05-17 12:18:24.287  1928  1939 I bt_stack: [INFO:le_advertising_manager.cc(70)] Unregister in shim layer
05-17 12:18:24.287  1928  2282 W bt_stack: le_advertising_manager :: remove_advertiser - id : 2
05-17 12:18:24.288  1928  2260 E BtGatt.GattService: [GSIM LOG]: gsimLogHandler, msg: MESSAGE_ADV_SET_STOP, appName: dev.mob.mob, id: 2, isLegacy: true
05-17 12:18:24.292  9421  9481 I MobBleFetch: {"v":1,"event":"fetch_advertising_stopped","device_model":"SM-T577U","android_api":33,"adapter_state":"on","adapter_enabled":true}
05-17 12:18:24.293  9421  9481 D BluetoothGattServer: close()
05-17 12:18:24.294  9421  9481 D BluetoothGattServer: unregisterCallback() - mServerIf=6
05-17 12:18:24.298  1928  1939 D BtGatt.GattService: unregisterServer(dev.mob.mob) - serverIf=6
05-17 12:18:24.301  1928  1939 D BtGatt.ContextMap: remove() - id: 6
05-17 12:18:24.301  1928  1939 E BtGatt.ContextMap: remove() - removed: 6
05-17 12:18:24.301  1928  2656 E bt_stack: [ERROR:gatt_api.cc(340)] Active Service Found: 8f4f1201-6f3d-4f9c-9e3b-7f4a4f0f2000
05-17 12:18:24.302  1928  2656 I bt_stack: [INFO:gatt_api.cc(408)] GATTS_StopService: service = 0x0086
05-17 12:18:24.302  1928  2656 I bt_stack: [INFO:gatt_sr_hash.cc(127)] gatts_calculate_database_hash: hash=8991C462EBE9D90B9EA0DA3E16D0F513
05-17 12:18:24.302  1928  2656 I bt_stack: [INFO:gatt_api.cc(1111)] GATT_Deregister gatt_if=6
05-17 12:18:24.302  1928  2656 W bt_stack: on_app_deregistered :: app_id=6
05-17 12:18:24.302  1928  2656 I bt_stack: [INFO:gatt_api.cc(1164)] Initialize tGATT_REG
05-17 12:18:24.305  9421  9421 D BluetoothLeAdvertiser: onAdvertisingSetStopped(2)
05-17 12:18:24.307  9421  9481 D BluetoothGattServer: registerCallback()
05-17 12:18:24.307  9421  9481 D BluetoothGattServer: registerCallback() - UUID=878c224d-3d8d-437e-a3d1-40b6b3ba6ea5
05-17 12:18:24.312  1928  1939 D BtGatt.GattService: registerServer(dev.mob.mob) - UUID=878c224d-3d8d-437e-a3d1-40b6b3ba6ea5
05-17 12:18:24.315  1928  1939 D BtGatt.ContextMap: add() - appUid: 10313, appPid: 9421, appName: dev.mob.mob
05-17 12:18:24.317  1928  2656 I bt_stack: [INFO:bta_gatts_act.cc(198)] register application first_unuse rcb_idx=0
05-17 12:18:24.318  9421  9489 D BluetoothGattServer: onServerRegistered() - status=0 serverIf=6
05-17 12:18:24.320  9421  9481 D BluetoothGattServer: addService() - service: 8f4f1201-6f3d-4f9c-9e3b-7f4a4f0f2000
05-17 12:18:24.324  1928  2656 I bt_stack: [INFO:bta_gatts_api.cc(135)] bta_gatts_add_service_impl: rcb_idx=0
05-17 12:18:24.325  1928  2656 I bt_stack: [INFO:gatt_api.cc(171)] GATTS_AddService
05-17 12:18:24.325  1928  2656 I bt_stack: [INFO:gatt_api.cc(286)] GATTS_AddService: service parsed correctly, now starting
05-17 12:18:24.325  9421  9481 I BluetoothAdapter: STATE_ON
05-17 12:18:24.325  1928  2656 I bt_stack: [INFO:gatt_sr_hash.cc(127)] gatts_calculate_database_hash: hash=D73604934235F801B3C76A8E5F0340C6
05-17 12:18:24.325  9421  9481 I BluetoothAdapter: STATE_ON
05-17 12:18:24.325  9421  9481 I BluetoothAdapter: STATE_ON
05-17 12:18:24.326  9421  9481 I BluetoothAdapter: STATE_ON
05-17 12:18:24.326  9421  9489 D BluetoothGattServer: onServiceAdded() - handle=134 uuid=8f4f1201-6f3d-4f9c-9e3b-7f4a4f0f2000 status=0
05-17 12:18:24.332  1928  1939 I bt_stack: [INFO:le_advertising_manager.cc(137)] StartAdvertisingSet in shim layer
05-17 12:18:24.332  1928  1939 W bt_stack: le_advertising_manager :: allocate_advertiser - id : 2
05-17 12:18:24.332  1928  1939 I bt_stack: [INFO:le_advertising_manager.cc(157)] create advertising set, reg_id:-5187, id:2
05-17 12:18:24.332  1928  2282 W bt_stack: le_advertising_manager :: create_extended_advertiser - id : 2
05-17 12:18:24.332  1928  2282 W bt_stack: le_advertising_manager :: enable_advertiser - id : 2
05-17 12:18:24.334  9421  9481 I MobBleFetch: {"v":1,"event":"fetch_server_started","accepted":true,"advertising_accepted":true,"responder_peer_id":"mob-dev","message_id_hash":"ewIikXQbJQM=","service_uuid":"8f4f1201-6f3d-4f9c-9e3b-7f4a4f0f2000","request_characteristic_uuid":"8f4f1201-6f3d-4f9c-9e3b-7f4a4f0f2001","response_characteristic_uuid":"8f4f1201-6f3d-4f9c-9e3b-7f4a4f0f2002","device_model":"SM-T577U","android_api":33,"adapter_state":"on","adapter_enabled":true}
05-17 12:18:24.336  9421  9481 I BluetoothAdapter: STATE_ON
05-17 12:18:24.336  9421  9481 I BluetoothAdapter: STATE_ON
05-17 12:18:24.338  9421  9481 I BluetoothAdapter: STATE_ON
05-17 12:18:24.340  9421  9481 I BluetoothAdapter: STATE_ON
05-17 12:18:24.340  9421  9481 I MobBleDispatch: {"v":1,"event":"ble_capabilities","supports_extended_advertising":true,"max_advertising_data_length":1024,"is_multiple_advertisement_supported":true,"legacy_manufacturer_payload_budget":24}
05-17 12:18:24.341  9421  9481 I BluetoothAdapter: STATE_ON
05-17 12:18:24.343  9421  9481 I BluetoothAdapter: STATE_ON
05-17 12:18:24.347  9421  9481 I BluetoothAdapter: STATE_ON
05-17 12:18:24.347  9421  9481 I BluetoothAdapter: STATE_ON
05-17 12:18:24.347  9421  9481 I BluetoothAdapter: STATE_ON
05-17 12:18:24.347  9421  9481 I BluetoothAdapter: STATE_ON
05-17 12:18:24.352  1928  1939 I bt_stack: [INFO:le_advertising_manager.cc(137)] StartAdvertisingSet in shim layer
05-17 12:18:24.352  1928  1939 W bt_stack: le_advertising_manager :: allocate_advertiser - id : 3
05-17 12:18:24.353  1928  1939 I bt_stack: [INFO:le_advertising_manager.cc(157)] create advertising set, reg_id:-5188, id:3
