05-17 12:17:59.970 25144 25159 W GoogleApiManager: Not showing notification since connectionResult is not user-facing: ConnectionResult{statusCode=API_UNAVAILABLE, resolution=null, message=null, clientMethodKey=null}
05-17 12:18:00.006  1613  2121 I DateTimeView: updateAll - getTimeFormat
05-17 12:18:00.006  1613  1613 D KeyguardUpdateMonitor: received broadcast android.intent.action.TIME_TICK
05-17 12:18:00.008  1613  2121 D QSClockBellTower: onReceive(android.intent.action.TIME_TICK) mTimeZoneString:null
05-17 12:18:00.009  1613  1613 I DigitalHorizontalClockView_LOCK_SCREEN_2@667: updatePaletteItemTransition : paletteItem = SOLID color : FFEBEBEB, animation = false
05-17 12:18:00.010  1613  1613 I DigitalHorizontalClockView_LOCK_SCREEN_2@667: scaleDateView: viewWidth=173.0, maxWidth=842, scale=1.0
05-17 12:18:00.010  1613  1613 I DigitalHorizontalClockView_LOCK_SCREEN_2@667: scaleTimeView: measureWidth=340.0, maxWidth=842
05-17 12:18:00.010  1613  1613 D KeyguardUpdateMonitor: handleTimeUpdate
05-17 12:18:00.010  1613  1613 D FaceWidgetPagesController: onTimeChanged()
05-17 12:18:00.010  1613  1613 D FaceWidgetPagesController: refreshViews() reason = ON_TIME_TICK, force = false
05-17 12:18:00.016  1613  1613 I FaceWidgetClockPage: onLayoutChanged: [254, 0, 587, 206] ->[251, 0, 591, 206] 
05-17 12:18:00.026  1613  1613 D QSClockBellTower: He is ready to ring the bell. (((QSClockBellSound - TimeText:12:18, TimeContentDescription:12:18 PM, DateText:Sun, May 17, ShortDateText:Sun, May 17, Demo:false, QuickStar-Second(false|12:34:56))))
05-17 12:18:00.026  1613  1613 D QSClockIndicatorView: Home Indicator status_bar_clock 12:18   Sun, May 17 notifyTimeChanged(QSClockBellSound - TimeText:12:18, TimeContentDescription:12:18 PM, DateText:Sun, May 17, ShortDateText:Sun, May 17, Demo:false, QuickStar-Second(false|12:34:56)) ClockVisibleByPolicy:true, ClockVisibleByUser:true, visible?false, parent:android.widget.LinearLayout{f3c6910 V.E...... ........ 0,0-0,48 #7f0b0510 app:id/left_clock_container}
05-17 12:18:00.027  1613  1613 D QSClockBellTower: Everyone heard the bell. run(currentTime:1779045480024,   getTime():Sun May 17 12:18:00 PDT 2026,   getTimeZone():libcore.util.ZoneInfo[mDstSavings=3600000,mUseDst=true,mDelegate=[id="America/Los_Angeles",mRawOffset=-28800000,mEarliestRawOffset=-28378000,transitions=186]])
05-17 12:18:00.028  1613  1613 I FaceWidgetViewModel: isEditModeAnimating: false
05-17 12:18:00.028  1613  1613 I FaceWidgetClockPage: updateClockRect: RectF(430.0, 211.0, 770.0, 417.0)
05-17 12:18:00.028  1613  1613 I FaceWidgetClockRectManager: needRefreshClockRect ret=false, maxDiffRatio=0.007499993, max=8.999991 [RectF(0.3575, 0.10989583, 0.6425, 0.2171875)] vs [RectF(0.35, 0.10989583, 0.65, 0.2171875)]
05-17 12:18:00.034  1613  1613 V QsExpandAnimator: setQsExpansionPosition 0.0
05-17 12:18:00.037  1613  1613 V QsExpandAnimator: updateAnimators
05-17 12:18:00.037  1613  1613 V QsExpandAnimator: clearAnimationState 
05-17 12:18:00.037  1613  1613 V QsExpandAnimator: updateViews
05-17 12:18:00.040  1613  1613 V QsExpandAnimator: updateTileAnimator
05-17 12:18:00.040  1613  1613 V QsExpandAnimator: updateHeaderAnimator
05-17 12:18:00.041  1613  1613 V QsExpandAnimator: updateBarAnimator
05-17 12:18:00.041  1613  1613 V QsExpandAnimator: setQsExpansionPosition 0.0
05-17 12:18:00.041  1613  1613 V QsExpandAnimator: onAnimationAtStart
05-17 12:18:00.443  1928  2050 D BtGatt.GattService: onScanResult to scannerId: 2- eventType=0x1a, addressType=1, address=416632_4, primaryPhy=1, secondaryPhy=0, advertisingSid=0xff, txPower=127, rssi=-45, periodicAdvInt=0x0
05-17 12:18:00.465  1928  2050 D BtGatt.GattService: onScanResult to scannerId: 2- eventType=0x1b, addressType=1, address=54186A_7, primaryPhy=1, secondaryPhy=0, advertisingSid=0xff, txPower=127, rssi=-48, periodicAdvInt=0x0
05-17 12:18:00.502  1928  2050 D BtGatt.GattService: onScanResult to scannerId: 2- eventType=0x1b, addressType=1, address=54186A_7, primaryPhy=1, secondaryPhy=0, advertisingSid=0xff, txPower=127, rssi=-49, periodicAdvInt=0x0
05-17 12:18:00.512  9421  9421 I MobBleScanRaw: device_id=41:66:32:A9:02:F4 rssi=-45 advertisement_b64=Gf///01CAQEBAMen+3j5LpEX9wgG7dwoW8wAAAAAAAAAAAAAAAAAAAAAAAAAAAAAAAAAAAAAAAAAAAAAAAA= manufacturer_ids=[65535] service_uuids=[]
05-17 12:18:00.514  1928  2050 D BtGatt.GattService: onScanResult to scannerId: 2- eventType=0x10, addressType=0, address=BC455B_A, primaryPhy=1, secondaryPhy=0, advertisingSid=0xff, txPower=127, rssi=-80, periodicAdvInt=0x0
05-17 12:18:00.514  9421  9481 I Elixir  : BleSelfTest: DISTINCT MESH MESSAGE kind=beacon key=f70806eddc285bcc:c7a7fb78f92e9117 from=sender_hash=f70806eddc285bcc device_id=41:66:32:A9:02:F4 first_seen_after=2_callbacks
05-17 12:18:00.516  9421  9458 I BEAMout : 12:18:00.514 [info] BleSelfTest: DISTINCT MESH MESSAGE kind=beacon key=f70806eddc285bcc:c7a7fb78f92e9117 from=sender_hash=f70806eddc285bcc device_id=41:66:32:A9:02:F4 first_seen_after=2_callbacks
05-17 12:18:00.535  1928  2050 D BtGatt.GattService: onScanResult to scannerId: 2- eventType=0x1b, addressType=1, address=68983E_2, primaryPhy=1, secondaryPhy=0, advertisingSid=0xff, txPower=127, rssi=-37, periodicAdvInt=0x0
05-17 12:18:00.538  1928  2050 D BtGatt.GattService: onScanResult to scannerId: 2- eventType=0x1b, addressType=1, address=7A6A97_6, primaryPhy=1, secondaryPhy=0, advertisingSid=0xff, txPower=127, rssi=-36, periodicAdvInt=0x0
05-17 12:18:00.544  1928  2050 D BtGatt.GattService: onScanResult to scannerId: 2- eventType=0x1b, addressType=1, address=5498D4_8, primaryPhy=1, secondaryPhy=0, advertisingSid=0xff, txPower=127, rssi=-57, periodicAdvInt=0x0
05-17 12:18:00.564  1928  2050 D BtGatt.GattService: onScanResult to scannerId: 2- eventType=0x1b, addressType=1, address=DD0D30_2, primaryPhy=1, secondaryPhy=0, advertisingSid=0xff, txPower=127, rssi=-75, periodicAdvInt=0x0
05-17 12:18:00.567  1928  2050 D BtGatt.GattService: onScanResult to scannerId: 2- eventType=0x10, addressType=0, address=BC7E8B_B, primaryPhy=1, secondaryPhy=0, advertisingSid=0xff, txPower=127, rssi=-89, periodicAdvInt=0x0
05-17 12:18:00.572  1928  2050 D BtGatt.GattService: onScanResult to scannerId: 2- eventType=0x1b, addressType=1, address=54186A_7, primaryPhy=1, secondaryPhy=0, advertisingSid=0xff, txPower=127, rssi=-49, periodicAdvInt=0x0
05-17 12:18:00.582  1928  2050 D BtGatt.GattService: onScanResult to scannerId: 2- eventType=0x1a, addressType=1, address=416632_4, primaryPhy=1, secondaryPhy=0, advertisingSid=0xff, txPower=127, rssi=-45, periodicAdvInt=0x0
05-17 12:18:00.597  9421  9421 I MobBleScanRaw: device_id=DD:0D:30:7B:BE:72 rssi=-75 advertisement_b64=AgECDf8tCgIAu6pyvnswDdwDAvD/DQlERDBEMzA3QkJFNzIAAAAAAAAAAAAAAAAAAAAAAAAAAAAAAAAAAAA= manufacturer_ids=[2605] service_uuids=[0000fff0-0000-1000-8000-00805f9b34fb]
05-17 12:18:00.598  9421  9421 I MobBleScanRaw: device_id=BC:7E:8B:DB:C3:3B rssi=-89 advertisement_b64=G/91AEIEAYBmvH6L28M7vn6L28M6AQwAAAAAAAAAAAAAAAAAAAAAAAAAAAAAAAAAAAAAAAAAAAAAAAAAAAA= manufacturer_ids=[117] service_uuids=[]
05-17 12:18:00.603  1928  2050 D BtGatt.GattService: onScanResult to scannerId: 2- eventType=0x1b, addressType=1, address=54186A_7, primaryPhy=1, secondaryPhy=0, advertisingSid=0xff, txPower=127, rssi=-48, periodicAdvInt=0x0
05-17 12:18:00.609  1928  2050 D BtGatt.GattService: onScanResult to scannerId: 2- eventType=0x10, addressType=1, address=7D4F46_E, primaryPhy=1, secondaryPhy=0, advertisingSid=0xff, txPower=127, rssi=-37, periodicAdvInt=0x0
05-17 12:18:00.643  1928  2050 D BtGatt.GattService: onScanResult to scannerId: 2- eventType=0x1b, addressType=1, address=54186A_7, primaryPhy=1, secondaryPhy=0, advertisingSid=0xff, txPower=127, rssi=-48, periodicAdvInt=0x0
05-17 12:18:00.668  1928  2050 D BtGatt.GattService: onScanResult to scannerId: 2- eventType=0x10, addressType=0, address=BC455B_A, primaryPhy=1, secondaryPhy=0, advertisingSid=0xff, txPower=127, rssi=-80, periodicAdvInt=0x0
05-17 12:18:00.674  1928  2050 D BtGatt.GattService: onScanResult to scannerId: 2- eventType=0x1b, addressType=1, address=54186A_7, primaryPhy=1, secondaryPhy=0, advertisingSid=0xff, txPower=127, rssi=-49, periodicAdvInt=0x0
05-17 12:18:00.733  1200  1411 I HqmInfo::HqmManagerService: MSG_TYPE:MSG_TYPE_PROCESS_LOG_BY_HQM
05-17 12:18:01.095  9421  9481 I Elixir  : BleSelfTest: HEARTBEAT events=45 devices=16 mob_peers=0 sent=0 distinct_msgs=2 beacon_callbacks=2 envelopes=1
05-17 12:18:01.096  9421  9458 I BEAMout : 12:18:01.095 [info] BleSelfTest: HEARTBEAT events=45 devices=16 mob_peers=0 sent=0 distinct_msgs=2 beacon_callbacks=2 envelopes=1
05-17 12:18:01.227  1707  1707 I wpa_supplicant: Heartbeat 20852
05-17 12:18:01.660  1200  3617 D SemWifiUsabilityStatsMonitor: onWifiUsabilityStats - seqNum 7193, isSameBssidAndFreq true
05-17 12:18:01.662  1200  1507 I SemWifiLinkQualityMonitor: Link Qos Query: 0.098 ms / 81.961 Mbps (408 / 0.078 / 1.000)
05-17 12:18:01.766   602   602 D io_stats: !@   8,0 r 1037649 33868852 w 601684 57401516 d 0 0 f 0 0 iot 520596 0 th 0 0 0 pt 0 inp 0 0 208729.338
05-17 12:18:01.960 26869 26939 I ContactsProvider_EventLog: cp_s: [CONTACT con(408) dat(2678) acc({google(2)=408, com.google.android.apps.tachyon(6)=41}) calls([]) Iso(US) uId(0) ]
05-17 12:18:01.960 26869 26939 I ContactsProvider_EventLog: cp_s: [ agr({[2 ,6]=41, [2]=367}) ]
05-17 12:18:01.960 26869 26939 I ContactsProvider_EventLog: cp_s: [ cnt({acore(26869)=1}) ]
05-17 12:18:01.960 26869 26939 I ContactsProvider_EventLog: cp_s: [PROFILE ] [SAPROFILE ]
05-17 12:18:01.960 26869 26939 I ContactsProvider_EventLog: cp_s: [STATE R(F) ]
05-17 12:18:02.314  1928  2050 D BtGatt.GattService: onScanResult to scannerId: 2- eventType=0x10, addressType=1, address=79C727_6, primaryPhy=1, secondaryPhy=0, advertisingSid=0xff, txPower=127, rssi=-84, periodicAdvInt=0x0
05-17 12:18:02.323  1928  2050 D BtGatt.GattService: onScanResult to scannerId: 2- eventType=0x1b, addressType=1, address=54186A_7, primaryPhy=1, secondaryPhy=0, advertisingSid=0xff, txPower=127, rssi=-64, periodicAdvInt=0x0
05-17 12:18:02.326  9421  9421 I MobBleScanRaw: device_id=79:C7:27:79:D3:F6 rssi=-84 advertisement_b64=Hv8GAAEJIAJHjMD3VeplxqwDvXGcSzo+Jpb+y01vQwAAAAAAAAAAAAAAAAAAAAAAAAAAAAAAAAAAAAAAAAA= manufacturer_ids=[6] service_uuids=[]
05-17 12:18:02.331  1928  2050 D BtGatt.GattService: onScanResult to scannerId: 2- eventType=0x1b, addressType=1, address=7A6A97_6, primaryPhy=1, secondaryPhy=0, advertisingSid=0xff, txPower=127, rssi=-36, periodicAdvInt=0x0
05-17 12:18:02.336  1928  2050 D BtGatt.GattService: onScanResult to scannerId: 2- eventType=0x1b, addressType=1, address=68983E_2, primaryPhy=1, secondaryPhy=0, advertisingSid=0xff, txPower=127, rssi=-35, periodicAdvInt=0x0
05-17 12:18:02.356  1928  2050 D BtGatt.GattService: onScanResult to scannerId: 2- eventType=0x1a, addressType=1, address=416632_4, primaryPhy=1, secondaryPhy=0, advertisingSid=0xff, txPower=127, rssi=-43, periodicAdvInt=0x0
05-17 12:18:02.376  1928  2050 D BtGatt.GattService: onScanResult to scannerId: 2- eventType=0x10, addressType=1, address=612884_7, primaryPhy=1, secondaryPhy=0, advertisingSid=0xff, txPower=127, rssi=-79, periodicAdvInt=0x0
05-17 12:18:02.391  1928  2050 D BtGatt.GattService: onScanResult to scannerId: 2- eventType=0x1b, addressType=1, address=54186A_7, primaryPhy=1, secondaryPhy=0, advertisingSid=0xff, txPower=127, rssi=-63, periodicAdvInt=0x0
05-17 12:18:02.418  1928  2050 D BtGatt.GattService: onScanResult to scannerId: 2- eventType=0x10, addressType=1, address=7D4F46_E, primaryPhy=1, secondaryPhy=0, advertisingSid=0xff, txPower=127, rssi=-35, periodicAdvInt=0x0
05-17 12:18:02.419  1928  2050 D BtGatt.GattService: onScanResult to scannerId: 2- eventType=0x10, addressType=0, address=BC7E8B_B, primaryPhy=1, secondaryPhy=0, advertisingSid=0xff, txPower=127, rssi=-85, periodicAdvInt=0x0
05-17 12:18:02.421  1928  2050 D BtGatt.GattService: onScanResult to scannerId: 2- eventType=0x1b, addressType=1, address=54186A_7, primaryPhy=1, secondaryPhy=0, advertisingSid=0xff, txPower=127, rssi=-63, periodicAdvInt=0x0
05-17 12:18:02.426  1928  2050 D BtGatt.GattService: onScanResult to scannerId: 2- eventType=0x10, addressType=1, address=79C727_6, primaryPhy=1, secondaryPhy=0, advertisingSid=0xff, txPower=127, rssi=-84, periodicAdvInt=0x0
05-17 12:18:02.460  1928  2050 D BtGatt.GattService: onScanResult to scannerId: 2- eventType=0x1b, addressType=1, address=54186A_7, primaryPhy=1, secondaryPhy=0, advertisingSid=0xff, txPower=127, rssi=-63, periodicAdvInt=0x0
05-17 12:18:02.471  1928  2050 D BtGatt.GattService: onScanResult to scannerId: 2- eventType=0x1b, addressType=1, address=5498D4_8, primaryPhy=1, secondaryPhy=0, advertisingSid=0xff, txPower=127, rssi=-67, periodicAdvInt=0x0
05-17 12:18:02.487  1928  2050 D BtGatt.GattService: onScanResult to scannerId: 2- eventType=0x1a, addressType=1, address=416632_4, primaryPhy=1, secondaryPhy=0, advertisingSid=0xff, txPower=127, rssi=-44, periodicAdvInt=0x0
05-17 12:18:02.518  1928  2050 D BtGatt.GattService: onScanResult to scannerId: 2- eventType=0x10, addressType=0, address=BC455B_A, primaryPhy=1, secondaryPhy=0, advertisingSid=0xff, txPower=127, rssi=-73, periodicAdvInt=0x0
05-17 12:18:02.526  1928  2050 D BtGatt.GattService: onScanResult to scannerId: 2- eventType=0x1b, addressType=1, address=54186A_7, primaryPhy=1, secondaryPhy=0, advertisingSid=0xff, txPower=127, rssi=-63, periodicAdvInt=0x0
05-17 12:18:02.527  1928  2050 D BtGatt.GattService: onScanResult to scannerId: 2- eventType=0x10, addressType=1, address=79C727_6, primaryPhy=1, secondaryPhy=0, advertisingSid=0xff, txPower=127, rssi=-84, periodicAdvInt=0x0
05-17 12:18:02.557  1928  2050 D BtGatt.GattService: onScanResult to scannerId: 2- eventType=0x10, addressType=1, address=0A1C36_9, primaryPhy=1, secondaryPhy=0, advertisingSid=0xff, txPower=127, rssi=-93, periodicAdvInt=0x0
05-17 12:18:02.567  1928  2050 D BtGatt.GattService: onScanResult to scannerId: 2- eventType=0x1b, addressType=1, address=54186A_7, primaryPhy=1, secondaryPhy=0, advertisingSid=0xff, txPower=127, rssi=-64, periodicAdvInt=0x0
05-17 12:18:02.570  9421  9421 I MobBleScanRaw: device_id=0A:1C:36:F0:24:C9 rssi=-93 advertisement_b64=Hv8GAAEJICKnMkQ8v4+/1EQ01Q3cKuItMBDeN88Y1QAAAAAAAAAAAAAAAAAAAAAAAAAAAAAAAAAAAAAAAAA= manufacturer_ids=[6] service_uuids=[]
05-17 12:18:02.572  1928  2050 D BtGatt.GattService: onScanResult to scannerId: 2- eventType=0x10, addressType=0, address=BC7E8B_B, primaryPhy=1, secondaryPhy=0, advertisingSid=0xff, txPower=127, rssi=-85, periodicAdvInt=0x0
05-17 12:18:03.104  9421  9481 D BluetoothGattServer: registerCallback()
05-17 12:18:03.104  9421  9481 D BluetoothGattServer: registerCallback() - UUID=c72ec2c4-8dac-419f-875b-f0bf1da8ce2e
05-17 12:18:03.107  1928  1939 D BtGatt.GattService: registerServer(dev.mob.mob) - UUID=c72ec2c4-8dac-419f-875b-f0bf1da8ce2e
05-17 12:18:03.109  1928  1939 D BtGatt.ContextMap: add() - appUid: 10313, appPid: 9421, appName: dev.mob.mob
05-17 12:18:03.111  1928  2656 I bt_stack: [INFO:bta_gatts_act.cc(198)] register application first_unuse rcb_idx=0
05-17 12:18:03.112  9421  9489 D BluetoothGattServer: onServerRegistered() - status=0 serverIf=6
05-17 12:18:03.113  9421  9481 D BluetoothGattServer: addService() - service: 8f4f1201-6f3d-4f9c-9e3b-7f4a4f0f2000
05-17 12:18:03.116  9421  9481 I BluetoothAdapter: STATE_ON
05-17 12:18:03.117  1928  2656 I bt_stack: [INFO:bta_gatts_api.cc(135)] bta_gatts_add_service_impl: rcb_idx=0
05-17 12:18:03.117  1928  2656 I bt_stack: [INFO:gatt_api.cc(171)] GATTS_AddService
05-17 12:18:03.117  1928  2656 I bt_stack: [INFO:gatt_api.cc(286)] GATTS_AddService: service parsed correctly, now starting
05-17 12:18:03.117  1928  2656 I bt_stack: [INFO:gatt_sr_hash.cc(127)] gatts_calculate_database_hash: hash=D73604934235F801B3C76A8E5F0340C6
05-17 12:18:03.117  9421  9481 I BluetoothAdapter: STATE_ON
05-17 12:18:03.118  9421  9481 I BluetoothAdapter: STATE_ON
05-17 12:18:03.118  9421  9481 I BluetoothAdapter: STATE_ON
05-17 12:18:03.119  9421  9489 D BluetoothGattServer: onServiceAdded() - handle=134 uuid=8f4f1201-6f3d-4f9c-9e3b-7f4a4f0f2000 status=0
05-17 12:18:03.122  1928  1939 I bt_stack: [INFO:le_advertising_manager.cc(137)] StartAdvertisingSet in shim layer
05-17 12:18:03.122  1928  1939 W bt_stack: le_advertising_manager :: allocate_advertiser - id : 2
05-17 12:18:03.122  1928  1939 I bt_stack: [INFO:le_advertising_manager.cc(157)] create advertising set, reg_id:-5181, id:2
05-17 12:18:03.122  1928  2282 W bt_stack: le_advertising_manager :: create_extended_advertiser - id : 2
05-17 12:18:03.122  1928  2282 W bt_stack: le_advertising_manager :: enable_advertiser - id : 2
05-17 12:18:03.124  9421  9481 I MobBleFetch: {"v":1,"event":"fetch_server_started","accepted":true,"advertising_accepted":true,"responder_peer_id":"mob-dev","message_id_hash":"\/0itBlmtSGo=","service_uuid":"8f4f1201-6f3d-4f9c-9e3b-7f4a4f0f2000","request_characteristic_uuid":"8f4f1201-6f3d-4f9c-9e3b-7f4a4f0f2001","response_characteristic_uuid":"8f4f1201-6f3d-4f9c-9e3b-7f4a4f0f2002","device_model":"SM-T577U","android_api":33,"adapter_state":"on","adapter_enabled":true}
05-17 12:18:03.125  9421  9481 I BluetoothAdapter: STATE_ON
05-17 12:18:03.126  9421  9481 I BluetoothAdapter: STATE_ON
05-17 12:18:03.127  9421  9481 I BluetoothAdapter: STATE_ON
05-17 12:18:03.128  9421  9481 I BluetoothAdapter: STATE_ON
05-17 12:18:03.129  9421  9481 I MobBleDispatch: {"v":1,"event":"ble_capabilities","supports_extended_advertising":true,"max_advertising_data_length":1024,"is_multiple_advertisement_supported":true,"legacy_manufacturer_payload_budget":24}
05-17 12:18:03.129  9421  9481 I BluetoothAdapter: STATE_ON
05-17 12:18:03.130  9421  9481 I BluetoothAdapter: STATE_ON
05-17 12:18:03.133  9421  9481 I BluetoothAdapter: STATE_ON
05-17 12:18:03.133  9421  9481 I BluetoothAdapter: STATE_ON
05-17 12:18:03.133  9421  9481 I BluetoothAdapter: STATE_ON
05-17 12:18:03.133  9421  9481 I BluetoothAdapter: STATE_ON
05-17 12:18:03.137  1928  1939 I bt_stack: [INFO:le_advertising_manager.cc(137)] StartAdvertisingSet in shim layer
05-17 12:18:03.137  1928  1939 W bt_stack: le_advertising_manager :: allocate_advertiser - id : 3
05-17 12:18:03.137  1928  1939 I bt_stack: [INFO:le_advertising_manager.cc(157)] create advertising set, reg_id:-5182, id:3
05-17 12:18:03.139  1928  2282 W bt_stack: le_advertising_manager :: create_extended_advertiser - id : 3
05-17 12:18:03.140  1928  2282 W bt_stack: le_advertising_manager :: enable_advertiser - id : 3
05-17 12:18:03.140  9421  9481 I MobBleDispatch: {"v":1,"event":"attempt_outcome","attempt_id":"mx-1779045483124","message_id":"\/yZy3RN1HawPAFWzx\/2HUw==","target_peer_id":"broadcast","target_device_ids":["broadcast"],"kind":"dispatched","reason":"legacy_beacon_fallback","adapter":"ble_android","outcome_at_ms":209155186}
05-17 12:18:03.142  9421  9481 I MobBleNative: sendFullMxEnvelope(broadcast, 31B) -> DISPATCHED reason=legacy_beacon_fallback
05-17 12:18:03.143  9421  9481 I Elixir  : BleSelfTest: MESH MESSAGE SENT payload="hello-from-mob-dev-1779045483" result=:ok
05-17 12:18:03.154  9421  9458 I BEAMout : 12:18:03.143 [info] BleSelfTest: MESH MESSAGE SENT payload="hello-from-mob-dev-1779045483" result=:ok
05-17 12:18:03.155  9421  9481 W Elixir  : BleSelfTest: bridge error unknown: {"v":1,"event":"attempt_outcome","attempt_id":"mx-1779045483124","message_id":"\/yZy3RN1HawPAFWzx\/2HUw==","target_peer_id":"broadcast","target_device_ids":["broadcast"],"kind":"dispatched","reason":"legacy_beacon_fallback","adapter":"ble_android","outcome_at_ms":209155186}
05-17 12:18:03.156  9421  9458 I BEAMout : 12:18:03.154 [warning] BleSelfTest: bridge error unknown: {"v":1,"event":"attempt_outcome","attempt_id":"mx-1779045483124","message_id":"\/yZy3RN1HawPAFWzx\/2HUw==","target_peer_id":"broadcast","target_device_ids":["broadcast"],"kind":"dispatched","reason":"legacy_beacon_fallback","adapter":"ble_android","outcome_at_ms":209155186}
05-17 12:18:03.157  1928  2260 E BtGatt.GattService: [GSIM LOG]: gsimLogHandler, msg: MESSAGE_ADV_SET_START, appName: dev.mob.mob, id: 2, isLegacy: true
05-17 12:18:03.175  1928  2260 E BtGatt.GattService: [GSIM LOG]: gsimLogHandler, msg: MESSAGE_ADV_SET_START, appName: dev.mob.mob, id: 3, isLegacy: true
05-17 12:18:03.183  9421  9421 D BluetoothLeAdvertiser: onAdvertisingSetStarted(2, -7, 0)
05-17 12:18:03.185  9421  9421 D BluetoothLeAdvertiser: onAdvertisingSetStarted(3, -7, 0)
05-17 12:18:03.190  9421  9421 I MobBleFetch: {"v":1,"event":"fetch_advertising_started","responder_peer_id":"mob-dev","message_id_hash":"\/0itBlmtSGo=","connectable":true,"service_uuid":"8f4f1201-6f3d-4f9c-9e3b-7f4a4f0f2000","device_model":"SM-T577U","android_api":33,"adapter_state":"on","adapter_enabled":true}
05-17 12:18:03.190  9421  9421 I MobBleDispatch: {"v":1,"event":"legacy_beacon_advertising_started","attempt_id":"mx-1779045483124","beacon_size":22,"beacon":"TUIBAQEA\/0itBlmtSGoS94VXUXoT+Q==","message_id_hash":"\/0itBlmtSGo=","sender_peer_id_hash":"EveFV1F6E\/k=","payload_kind":"TX","envelope_version":1,"window_ms":5000,"data_carrier":"legacy_advertisement"}
05-17 12:18:03.284   869   869 E sehhealth-service: Could not open /sys/class/power_supply/battery/lrp
05-17 12:18:03.766   602   602 D io_stats: !@   8,0 r 1037649 33868852 w 601758 57402108 d 0 0 f 0 0 iot 520608 0 th 0 0 0 pt 0 inp 0 0 208731.339
05-17 12:18:03.965  2905  2905 I SDHMS:LOAD: type: LoadsFreqs, value: 0:0:0:757119:1586000:650000:757119:1586000:650000:0:0:0
05-17 12:18:04.159  1928  2050 D BtGatt.GattService: onScanResult to scannerId: 2- eventType=0x10, addressType=1, address=0E79B1_3, primaryPhy=1, secondaryPhy=0, advertisingSid=0xff, txPower=127, rssi=-95, periodicAdvInt=0x0
05-17 12:18:04.161  9421  9421 I MobBleScanRaw: device_id=0E:79:B1:12:53:13 rssi=-95 advertisement_b64=Hv8GAAEJICL/zvqEzitG5iVQR0aRiDeRDjrN6fPMeAAAAAAAAAAAAAAAAAAAAAAAAAAAAAAAAAAAAAAAAAA= manufacturer_ids=[6] service_uuids=[]
05-17 12:18:04.167  1928  2050 D BtGatt.GattService: onScanResult to scannerId: 2- eventType=0x1b, addressType=0, address=84E0F4_2, primaryPhy=1, secondaryPhy=0, advertisingSid=0xff, txPower=127, rssi=-79, periodicAdvInt=0x0
05-17 12:18:04.184  1928  2050 D BtGatt.GattService: onScanResult to scannerId: 2- eventType=0x1b, addressType=1, address=54186A_7, primaryPhy=1, secondaryPhy=0, advertisingSid=0xff, txPower=127, rssi=-51, periodicAdvInt=0x0
05-17 12:18:04.204  1928  2050 D BtGatt.GattService: onScanResult to scannerId: 2- eventType=0x10, addressType=1, address=7D4F46_E, primaryPhy=1, secondaryPhy=0, advertisingSid=0xff, txPower=127, rssi=-35, periodicAdvInt=0x0
05-17 12:18:04.214  1928  2050 D BtGatt.GattService: onScanResult to scannerId: 2- eventType=0x1b, addressType=1, address=54186A_7, primaryPhy=1, secondaryPhy=0, advertisingSid=0xff, txPower=127, rssi=-51, periodicAdvInt=0x0
05-17 12:18:04.219  1928  2050 D BtGatt.GattService: onScanResult to scannerId: 2- eventType=0x10, addressType=1, address=79C727_6, primaryPhy=1, secondaryPhy=0, advertisingSid=0xff, txPower=127, rssi=-78, periodicAdvInt=0x0
05-17 12:18:04.222  1928  2050 D BtGatt.GattService: onScanResult to scannerId: 2- eventType=0x10, addressType=0, address=BC455B_A, primaryPhy=1, secondaryPhy=0, advertisingSid=0xff, txPower=127, rssi=-85, periodicAdvInt=0x0
05-17 12:18:04.224  1928  2050 D BtGatt.GattService: onScanResult to scannerId: 2- eventType=0x10, addressType=1, address=597622_0, primaryPhy=1, secondaryPhy=0, advertisingSid=0xff, txPower=127, rssi=-82, periodicAdvInt=0x0
05-17 12:18:04.256  9421  9421 I MobBleScanRaw: device_id=59:76:22:B9:AC:50 rssi=-82 advertisement_b64=AgEaDf9MABYIAMhyW7QXaHUAAAAAAAAAAAAAAAAAAAAAAAAAAAAAAAAAAAAAAAAAAAAAAAAAAAAAAAAAAAA= manufacturer_ids=[76] service_uuids=[]
05-17 12:18:04.285  1928  2050 D BtGatt.GattService: onScanResult to scannerId: 2- eventType=0x1b, addressType=1, address=54186A_7, primaryPhy=1, secondaryPhy=0, advertisingSid=0xff, txPower=127, rssi=-51, periodicAdvInt=0x0
05-17 12:18:04.324  1928  2050 D BtGatt.GattService: onScanResult to scannerId: 2- eventType=0x1b, addressType=1, address=54186A_7, primaryPhy=1, secondaryPhy=0, advertisingSid=0xff, txPower=127, rssi=-51, periodicAdvInt=0x0
05-17 12:18:04.328  1928  2050 D BtGatt.GattService: onScanResult to scannerId: 2- eventType=0x1b, addressType=0, address=84E0F4_2, primaryPhy=1, secondaryPhy=0, advertisingSid=0xff, txPower=127, rssi=-79, periodicAdvInt=0x0
05-17 12:18:04.385  1928  2050 D BtGatt.GattService: onScanResult to scannerId: 2- eventType=0x1b, addressType=1, address=54186A_7, primaryPhy=1, secondaryPhy=0, advertisingSid=0xff, txPower=127, rssi=-51, periodicAdvInt=0x0
05-17 12:18:04.395  1928  2050 D BtGatt.GattService: onScanResult to scannerId: 2- eventType=0x1a, addressType=1, address=416632_4, primaryPhy=1, secondaryPhy=0, advertisingSid=0xff, txPower=127, rssi=-44, periodicAdvInt=0x0
05-17 12:18:04.753  1200  3617 D SemWifiUsabilityStatsMonitor: onWifiUsabilityStats - seqNum 7194, isSameBssidAndFreq true
05-17 12:18:04.754  1200  1507 I SemWifiLinkQualityMonitor: Link Qos Query: 0.080 ms / 100.085 Mbps (408 / 0.060 / 1.000)
05-17 12:18:06.024  1928  2050 D BtGatt.GattService: onScanResult to scannerId: 2- eventType=0x1b, addressType=1, address=5498D4_8, primaryPhy=1, secondaryPhy=0, advertisingSid=0xff, txPower=127, rssi=-57, periodicAdvInt=0x0
05-17 12:18:06.030  1928  2050 D BtGatt.GattService: onScanResult to scannerId: 2- eventType=0x1b, addressType=1, address=4A9808_A, primaryPhy=1, secondaryPhy=0, advertisingSid=0xff, txPower=127, rssi=-76, periodicAdvInt=0x0
05-17 12:18:06.048  9421  9421 I MobBleScanRaw: device_id=4A:98:08:E0:BB:7A rssi=-76 advertisement_b64=AgECCQkxOTViOTc5YREHAADNxMbq7rbIRa2tM7PWORf/9wMNAAAAAABtaWxjIGdyb3VwIHNsbwAAAAAAAAA= manufacturer_ids=[1015] service_uuids=[39d6b333-adad-45c8-b6ee-eac6c4cd0000]
05-17 12:18:06.058  1928  2050 D BtGatt.GattService: onScanResult to scannerId: 2- eventType=0x1b, addressType=1, address=54186A_7, primaryPhy=1, secondaryPhy=0, advertisingSid=0xff, txPower=127, rssi=-49, periodicAdvInt=0x0
05-17 12:18:06.089  1928  2050 D BtGatt.GattService: onScanResult to scannerId: 2- eventType=0x1b, addressType=1, address=54186A_7, primaryPhy=1, secondaryPhy=0, advertisingSid=0xff, txPower=127, rssi=-49, periodicAdvInt=0x0
05-17 12:18:06.096  9421  9481 I Elixir  : BleSelfTest: HEARTBEAT events=83 devices=21 mob_peers=0 sent=1 distinct_msgs=2 beacon_callbacks=5 envelopes=1
05-17 12:18:06.096  1928  2050 D BtGatt.GattService: onScanResult to scannerId: 2- eventType=0x10, addressType=0, address=BC7E8B_B, primaryPhy=1, secondaryPhy=0, advertisingSid=0xff, txPower=127, rssi=-90, periodicAdvInt=0x0
05-17 12:18:06.097  9421  9458 I BEAMout : 12:18:06.096 [info] BleSelfTest: HEARTBEAT events=83 devices=21 mob_peers=0 sent=1 distinct_msgs=2 beacon_callbacks=5 envelopes=1
05-17 12:18:06.109  1928  2050 D BtGatt.GattService: onScanResult to scannerId: 2- eventType=0x10, addressType=1, address=7D4F46_E, primaryPhy=1, secondaryPhy=0, advertisingSid=0xff, txPower=127, rssi=-36, periodicAdvInt=0x0
05-17 12:18:06.110  1928  2050 D BtGatt.GattService: onScanResult to scannerId: 2- eventType=0x10, addressType=1, address=612884_7, primaryPhy=1, secondaryPhy=0, advertisingSid=0xff, txPower=127, rssi=-77, periodicAdvInt=0x0
05-17 12:18:06.116  1928  2050 D BtGatt.GattService: onScanResult to scannerId: 2- eventType=0x1b, addressType=0, address=94944A_9, primaryPhy=1, secondaryPhy=0, advertisingSid=0xff, txPower=127, rssi=-90, periodicAdvInt=0x0
05-17 12:18:06.124  1928  2050 D BtGatt.GattService: onScanResult to scannerId: 2- eventType=0x1b, addressType=1, address=54186A_7, primaryPhy=1, secondaryPhy=0, advertisingSid=0xff, txPower=127, rssi=-49, periodicAdvInt=0x0
05-17 12:18:06.132  1928  2050 D BtGatt.GattService: onScanResult to scannerId: 2- eventType=0x10, addressType=1, address=CFE677_E, primaryPhy=1, secondaryPhy=0, advertisingSid=0xff, txPower=127, rssi=-49, periodicAdvInt=0x0
05-17 12:18:06.137  9421  9421 I MobBleScanRaw: device_id=94:94:4A:05:9C:99 rssi=-90 advertisement_b64=AgEGEQeeytwkDuWp4JPzo7UBAEBuCAl1RzItYzk4AAAAAAAAAAAAAAAAAAAAAAAAAAAAAAAAAAAAAAAAAAA= manufacturer_ids=[] service_uuids=[6e400001-b5a3-f393-e0a9-e50e24dcca9e]
05-17 12:18:06.156  1928  2050 D BtGatt.GattService: onScanResult to scannerId: 2- eventType=0x1a, addressType=1, address=416632_4, primaryPhy=1, secondaryPhy=0, advertisingSid=0xff, txPower=127, rssi=-45, periodicAdvInt=0x0
05-17 12:18:06.163  1928  2050 D BtGatt.GattService: onScanResult to scannerId: 2- eventType=0x1b, addressType=1, address=54186A_7, primaryPhy=1, secondaryPhy=0, advertisingSid=0xff, txPower=127, rssi=-49, periodicAdvInt=0x0
05-17 12:18:06.172  1928  2050 D BtGatt.GattService: onScanResult to scannerId: 2- eventType=0x1b, addressType=1, address=741189_2, primaryPhy=1, secondaryPhy=0, advertisingSid=0xff, txPower=127, rssi=-79, periodicAdvInt=0x0
05-17 12:18:06.252  1928  2050 D BtGatt.GattService: onScanResult to scannerId: 2- eventType=0x10, addressType=1, address=3A71EF_F, primaryPhy=1, secondaryPhy=0, advertisingSid=0xff, txPower=127, rssi=-86, periodicAdvInt=0x0
05-17 12:18:06.276  1928  2050 D BtGatt.GattService: onScanResult to scannerId: 2- eventType=0x1b, addressType=1, address=54186A_7, primaryPhy=1, secondaryPhy=0, advertisingSid=0xff, txPower=127, rssi=-48, periodicAdvInt=0x0
05-17 12:18:06.292  1928  2050 D BtGatt.GattService: onScanResult to scannerId: 2- eventType=0x1a, addressType=1, address=416632_4, primaryPhy=1, secondaryPhy=0, advertisingSid=0xff, txPower=127, rssi=-45, periodicAdvInt=0x0
05-17 12:18:06.297  1928  2050 D BtGatt.GattService: onScanResult to scannerId: 2- eventType=0x1b, addressType=1, address=5498D4_8, primaryPhy=1, secondaryPhy=0, advertisingSid=0xff, txPower=127, rssi=-57, periodicAdvInt=0x0
05-17 12:18:06.297  1928  2050 D BtGatt.GattService: onScanResult to scannerId: 2- eventType=0x10, addressType=1, address=7D4F46_E, primaryPhy=1, secondaryPhy=0, advertisingSid=0xff, txPower=127, rssi=-36, periodicAdvInt=0x0
05-17 12:18:06.410  9421  9481 I Elixir  : Mob.Dist: no EPMD on port 4369 after 10s -- skipping dist (run mix mob.connect to enable)
05-17 12:18:07.223  1200  1243 E Watchdog: !@Sync: 6954 heap: 85 / 93 FD: 980 [2026-05-17 12:18:07.222]
05-17 12:18:07.880  1928  2050 D BtGatt.GattService: onScanResult to scannerId: 2- eventType=0x1b, addressType=0, address=84E0F4_2, primaryPhy=1, secondaryPhy=0, advertisingSid=0xff, txPower=127, rssi=-87, periodicAdvInt=0x0
05-17 12:18:07.886  1200  3617 D SemWifiUsabilityStatsMonitor: onWifiUsabilityStats - seqNum 7195, isSameBssidAndFreq true
05-17 12:18:07.888  1200  1507 I SemWifiLinkQualityMonitor: Link Qos Query: 0.086 ms / 92.523 Mbps (408 / 0.067 / 1.000)
05-17 12:18:07.890  1928  2050 D BtGatt.GattService: onScanResult to scannerId: 2- eventType=0x1b, addressType=1, address=54186A_7, primaryPhy=1, secondaryPhy=0, advertisingSid=0xff, txPower=127, rssi=-63, periodicAdvInt=0x0
05-17 12:18:07.895  1928  2050 D BtGatt.GattService: onScanResult to scannerId: 2- eventType=0x10, addressType=1, address=0A1C36_9, primaryPhy=1, secondaryPhy=0, advertisingSid=0xff, txPower=127, rssi=-93, periodicAdvInt=0x0
05-17 12:18:07.921  1928  2050 D BtGatt.GattService: onScanResult to scannerId: 2- eventType=0x1b, addressType=1, address=54186A_7, primaryPhy=1, secondaryPhy=0, advertisingSid=0xff, txPower=127, rssi=-64, periodicAdvInt=0x0
05-17 12:18:07.933  1928  2050 D BtGatt.GattService: onScanResult to scannerId: 2- eventType=0x10, addressType=0, address=BC455B_A, primaryPhy=1, secondaryPhy=0, advertisingSid=0xff, txPower=127, rssi=-69, periodicAdvInt=0x0
05-17 12:18:07.960  1928  2050 D BtGatt.GattService: onScanResult to scannerId: 2- eventType=0x10, addressType=1, address=4A4D1F_B, primaryPhy=1, secondaryPhy=0, advertisingSid=0xff, txPower=127, rssi=-89, periodicAdvInt=0x0
05-17 12:18:07.966  1928  2050 D BtGatt.GattService: onScanResult to scannerId: 2- eventType=0x10, addressType=1, address=7D4F46_E, primaryPhy=1, secondaryPhy=0, advertisingSid=0xff, txPower=127, rssi=-35, periodicAdvInt=0x0
05-17 12:18:07.987  1928  2050 D BtGatt.GattService: onScanResult to scannerId: 2- eventType=0x1b, addressType=0, address=84E0F4_2, primaryPhy=1, secondaryPhy=0, advertisingSid=0xff, txPower=127, rssi=-87, periodicAdvInt=0x0
05-17 12:18:07.989  1928  2050 D BtGatt.GattService: onScanResult to scannerId: 2- eventType=0x10, addressType=1, address=79C727_6, primaryPhy=1, secondaryPhy=0, advertisingSid=0xff, txPower=127, rssi=-84, periodicAdvInt=0x0
05-17 12:18:07.996  1928  2050 D BtGatt.GattService: onScanResult to scannerId: 2- eventType=0x1b, addressType=1, address=54186A_7, primaryPhy=1, secondaryPhy=0, advertisingSid=0xff, txPower=127, rssi=-64, periodicAdvInt=0x0
05-17 12:18:07.998  1928  2050 D BtGatt.GattService: onScanResult to scannerId: 2- eventType=0x1b, addressType=0, address=94944A_9, primaryPhy=1, secondaryPhy=0, advertisingSid=0xff, txPower=127, rssi=-93, periodicAdvInt=0x0
05-17 12:18:08.018  1928  2050 D BtGatt.GattService: onScanResult to scannerId: 2- eventType=0x10, addressType=1, address=FE560A_1, primaryPhy=1, secondaryPhy=0, advertisingSid=0xff, txPower=127, rssi=-35, periodicAdvInt=0x0
05-17 12:18:08.020  1928  2050 D BtGatt.GattService: onScanResult to scannerId: 2- eventType=0x1b, addressType=1, address=7A6A97_6, primaryPhy=1, secondaryPhy=0, advertisingSid=0xff, txPower=127, rssi=-35, periodicAdvInt=0x0
05-17 12:18:08.025  9421  9421 I MobBleScanRaw: device_id=FE:56:0A:98:93:91 rssi=-35 advertisement_b64=B/9MABICAAIAAAAAAAAAAAAAAAAAAAAAAAAAAAAAAAAAAAAAAAAAAAAAAAAAAAAAAAAAAAAAAAAAAAAAAAA= manufacturer_ids=[76] service_uuids=[]
05-17 12:18:08.027  1928  2050 D BtGatt.GattService: onScanResult to scannerId: 2- eventType=0x1b, addressType=1, address=68983E_2, primaryPhy=1, secondaryPhy=0, advertisingSid=0xff, txPower=127, rssi=-35, periodicAdvInt=0x0
05-17 12:18:08.030  1928  2050 D BtGatt.GattService: onScanResult to scannerId: 2- eventType=0x1b, addressType=1, address=54186A_7, primaryPhy=1, secondaryPhy=0, advertisingSid=0xff, txPower=127, rssi=-63, periodicAdvInt=0x0
05-17 12:18:08.032  1928  2050 D BtGatt.GattService: onScanResult to scannerId: 2- eventType=0x1b, addressType=0, address=84E0F4_2, primaryPhy=1, secondaryPhy=0, advertisingSid=0xff, txPower=127, rssi=-87, periodicAdvInt=0x0
05-17 12:18:08.061  1928  2050 D BtGatt.GattService: onScanResult to scannerId: 2- eventType=0x1b, addressType=1, address=54186A_7, primaryPhy=1, secondaryPhy=0, advertisingSid=0xff, txPower=127, rssi=-64, periodicAdvInt=0x0
05-17 12:18:08.073  1928  2050 V BtGatt.GattService: Skipping data matching denylist: ScanRecord [mAdvertiseFlags=4, mServiceUuids=null, mServiceSolicitationUuids=[], mManufacturerSpecificData={76=[2, 21, -84, 62, -14, 60, 112, -40, 71, 115, -105, -83, -71, -91, 102, -96, -5, 64, -53, -120, 36, 47, -75]}, mServiceData={}, mTxPowerLevel=-2147483648, mDeviceName=null, mTransportBlocks=[]]
05-17 12:18:08.073  1928  2050 I BtGatt.GattService: Skipping client for location deny list
05-17 12:18:08.073  1928  2050 V BtGatt.GattService: Skipping data matching denylist: ScanRecord [mAdvertiseFlags=4, mServiceUuids=null, mServiceSolicitationUuids=[], mManufacturerSpecificData={76=[2, 21, -84, 62, -14, 60, 112, -40, 71, 115, -105, -83, -71, -91, 102, -96, -5, 64, -53, -120, 36, 47, -75]}, mServiceData={}, mTxPowerLevel=-2147483648, mDeviceName=null, mTransportBlocks=[]]
05-17 12:18:08.073  1928  2050 I BtGatt.GattService: Skipping client for location deny list
05-17 12:18:08.100  1928  2050 D BtGatt.GattService: onScanResult to scannerId: 2- eventType=0x1b, addressType=1, address=54186A_7, primaryPhy=1, secondaryPhy=0, advertisingSid=0xff, txPower=127, rssi=-63, periodicAdvInt=0x0
05-17 12:18:08.105  1928  2050 D BtGatt.GattService: onScanResult to scannerId: 2- eventType=0x1b, addressType=0, address=94944A_9, primaryPhy=1, secondaryPhy=0, advertisingSid=0xff, txPower=127, rssi=-94, periodicAdvInt=0x0
05-17 12:18:08.136  1928  2050 D BtGatt.GattService: onScanResult to scannerId: 2- eventType=0x1b, addressType=1, address=54186A_7, primaryPhy=1, secondaryPhy=0, advertisingSid=0xff, txPower=127, rssi=-64, periodicAdvInt=0x0
05-17 12:18:08.142  1928  2050 D BtGatt.GattService: onScanResult to scannerId: 2- eventType=0x1b, addressType=0, address=84E0F4_2, primaryPhy=1, secondaryPhy=0, advertisingSid=0xff, txPower=127, rssi=-87, periodicAdvInt=0x0
05-17 12:18:08.191  9421  9421 I BluetoothAdapter: STATE_ON
05-17 12:18:08.192  9421  9421 I BluetoothAdapter: STATE_ON
05-17 12:18:08.192  9421  9421 I BluetoothAdapter: STATE_ON
05-17 12:18:08.193  9421  9421 D BluetoothLeAdvertiser: Stop AdvertingSet
05-17 12:18:08.195  1928  1939 I bt_stack: [INFO:le_advertising_manager.cc(70)] Unregister in shim layer
05-17 12:18:08.195  1928  2282 W bt_stack: le_advertising_manager :: remove_advertiser - id : 3
05-17 12:18:08.196  1928  2260 E BtGatt.GattService: [GSIM LOG]: gsimLogHandler, msg: MESSAGE_ADV_SET_STOP, appName: dev.mob.mob, id: 3, isLegacy: true
05-17 12:18:08.224  9421  9421 D BluetoothLeAdvertiser: onAdvertisingSetStopped(3)
05-17 12:18:08.891  2905  3764 I SDHMS:D : SIOP:: AP:267 BAT:241 USB:244 CHG:279 PA:261 WIFI:268 BLK:258 SKIN:318 SKINF:318 SKINB:285 LRP:318 LRF:318 LRB:285 
05-17 12:18:09.756  1928  2050 D BtGatt.GattService: onScanResult to scannerId: 2- eventType=0x1b, addressType=1, address=0B2AA3_5, primaryPhy=1, secondaryPhy=0, advertisingSid=0xff, txPower=127, rssi=-88, periodicAdvInt=0x0
05-17 12:18:09.769  1928  2050 D BtGatt.GattService: onScanResult to scannerId: 2- eventType=0x10, addressType=1, address=6BF31E_D, primaryPhy=1, secondaryPhy=0, advertisingSid=0xff, txPower=127, rssi=-85, periodicAdvInt=0x0
05-17 12:18:09.775  1928  2050 D BtGatt.GattService: onScanResult to scannerId: 2- eventType=0x1b, addressType=1, address=54186A_7, primaryPhy=1, secondaryPhy=0, advertisingSid=0xff, txPower=127, rssi=-51, periodicAdvInt=0x0
05-17 12:18:09.777  9421  9421 I MobBleScanRaw: device_id=0B:2A:A3:7C:54:65 rssi=-88 advertisement_b64=AgECGBbx/ATMnOshK627eX7x3evqS4C/bwnx8gAAAAAAAAAAAAAAAAAAAAAAAAAAAAAAAAAAAAAAAAAAAAA= manufacturer_ids=[] service_uuids=[]
05-17 12:18:09.779  9421  9421 I MobBleScanRaw: device_id=6B:F3:1E:F1:B9:8D rssi=-85 advertisement_b64=AgEaF/9MAAkIExPAqAEKG1gWCACak1ywBxF9AAAAAAAAAAAAAAAAAAAAAAAAAAAAAAAAAAAAAAAAAAAAAAA= manufacturer_ids=[76] service_uuids=[]
05-17 12:18:09.817  1928  2050 D BtGatt.GattService: onScanResult to scannerId: 2- eventType=0x1b, addressType=1, address=7A6A97_6, primaryPhy=1, secondaryPhy=0, advertisingSid=0xff, txPower=127, rssi=-35, periodicAdvInt=0x0
05-17 12:18:09.852  1928  2050 D BtGatt.GattService: onScanResult to scannerId: 2- eventType=0x1a, addressType=1, address=416632_4, primaryPhy=1, secondaryPhy=0, advertisingSid=0xff, txPower=127, rssi=-43, periodicAdvInt=0x0
05-17 12:18:09.857  1928  2050 D BtGatt.GattService: onScanResult to scannerId: 2- eventType=0x1b, addressType=1, address=5498D4_8, primaryPhy=1, secondaryPhy=0, advertisingSid=0xff, txPower=127, rssi=-70, periodicAdvInt=0x0
05-17 12:18:09.863  1928  2050 D BtGatt.GattService: onScanResult to scannerId: 2- eventType=0x1b, addressType=0, address=84E0F4_2, primaryPhy=1, secondaryPhy=0, advertisingSid=0xff, txPower=127, rssi=-79, periodicAdvInt=0x0
05-17 12:18:09.876  1928  2050 D BtGatt.GattService: onScanResult to scannerId: 2- eventType=0x1b, addressType=0, address=94944A_9, primaryPhy=1, secondaryPhy=0, advertisingSid=0xff, txPower=127, rssi=-92, periodicAdvInt=0x0
05-17 12:18:09.892  1928  2050 D BtGatt.GattService: onScanResult to scannerId: 2- eventType=0x10, addressType=1, address=7D4F46_E, primaryPhy=1, secondaryPhy=0, advertisingSid=0xff, txPower=127, rssi=-35, periodicAdvInt=0x0
05-17 12:18:09.929  1928  2050 D BtGatt.GattService: onScanResult to scannerId: 2- eventType=0x1b, addressType=1, address=DD0D30_2, primaryPhy=1, secondaryPhy=0, advertisingSid=0xff, txPower=127, rssi=-61, periodicAdvInt=0x0
05-17 12:18:09.932  1928  2050 D BtGatt.GattService: onScanResult to scannerId: 2- eventType=0x1b, addressType=1, address=40A8C0_2, primaryPhy=1, secondaryPhy=0, advertisingSid=0xff, txPower=127, rssi=-80, periodicAdvInt=0x0
05-17 12:18:09.933  1928  2050 D BtGatt.GattService: onScanResult to scannerId: 2- eventType=0x1b, addressType=0, address=84E0F4_2, primaryPhy=1, secondaryPhy=0, advertisingSid=0xff, txPower=127, rssi=-79, periodicAdvInt=0x0
05-17 12:18:09.941  1928  2050 D BtGatt.GattService: onScanResult to scannerId: 2- eventType=0x1b, addressType=0, address=84E0F4_2, primaryPhy=1, secondaryPhy=0, advertisingSid=0xff, txPower=127, rssi=-79, periodicAdvInt=0x0
05-17 12:18:09.943  1928  2050 D BtGatt.GattService: onScanResult to scannerId: 2- eventType=0x10, addressType=0, address=BC7E8B_B, primaryPhy=1, secondaryPhy=0, advertisingSid=0xff, txPower=127, rssi=-82, periodicAdvInt=0x0
05-17 12:18:09.965  1928  2050 D BtGatt.GattService: onScanResult to scannerId: 2- eventType=0x1b, addressType=1, address=F812C9_E, primaryPhy=1, secondaryPhy=0, advertisingSid=0xff, txPower=127, rssi=-87, periodicAdvInt=0x0
05-17 12:18:09.974  9421  9421 I MobBleScanRaw: device_id=F8:12:C9:8E:DD:CE rssi=-87 advertisement_b64=AgEGAgoAEQaeytwkDuWp4JPzo7UBAEBuEglBZGFmcnVpdCBCbHVlZnJ1aQAAAAAAAAAAAAAAAAAAAAAAAAA= manufacturer_ids=[] service_uuids=[6e400001-b5a3-f393-e0a9-e50e24dcca9e]
05-17 12:18:10.151  9421  9481 I BluetoothAdapter: STATE_ON
05-17 12:18:10.151  9421  9481 I BluetoothAdapter: STATE_ON
05-17 12:18:10.151  9421  9481 I BluetoothAdapter: STATE_ON
05-17 12:18:10.152  9421  9481 D BluetoothLeAdvertiser: Stop AdvertingSet
05-17 12:18:10.154  1928  1939 I bt_stack: [INFO:le_advertising_manager.cc(70)] Unregister in shim layer
05-17 12:18:10.155  1928  2282 W bt_stack: le_advertising_manager :: remove_advertiser - id : 2
05-17 12:18:10.155  1928  2260 E BtGatt.GattService: [GSIM LOG]: gsimLogHandler, msg: MESSAGE_ADV_SET_STOP, appName: dev.mob.mob, id: 2, isLegacy: true
05-17 12:18:10.157  9421  9481 I MobBleFetch: {"v":1,"event":"fetch_advertising_stopped","device_model":"SM-T577U","android_api":33,"adapter_state":"on","adapter_enabled":true}
05-17 12:18:10.157  9421  9481 D BluetoothGattServer: close()
05-17 12:18:10.157  9421  9481 D BluetoothGattServer: unregisterCallback() - mServerIf=6
05-17 12:18:10.160  1928  1939 D BtGatt.GattService: unregisterServer(dev.mob.mob) - serverIf=6
05-17 12:18:10.163  1928  2656 E bt_stack: [ERROR:gatt_api.cc(340)] Active Service Found: 8f4f1201-6f3d-4f9c-9e3b-7f4a4f0f2000
05-17 12:18:10.163  1928  1939 D BtGatt.ContextMap: remove() - id: 6
05-17 12:18:10.163  1928  2656 I bt_stack: [INFO:gatt_api.cc(408)] GATTS_StopService: service = 0x0086
05-17 12:18:10.163  1928  2656 I bt_stack: [INFO:gatt_sr_hash.cc(127)] gatts_calculate_database_hash: hash=8991C462EBE9D90B9EA0DA3E16D0F513
05-17 12:18:10.163  1928  1939 E BtGatt.ContextMap: remove() - removed: 6
05-17 12:18:10.164  1928  2656 I bt_stack: [INFO:gatt_api.cc(1111)] GATT_Deregister gatt_if=6
05-17 12:18:10.164  1928  2656 W bt_stack: on_app_deregistered :: app_id=6
05-17 12:18:10.164  1928  2656 I bt_stack: [INFO:gatt_api.cc(1164)] Initialize tGATT_REG
05-17 12:18:10.167  9421  9481 D BluetoothGattServer: registerCallback()
05-17 12:18:10.168  9421  9481 D BluetoothGattServer: registerCallback() - UUID=7c3f07f4-57ea-4a5b-b17c-77ed0d447a0d
05-17 12:18:10.170  1928  1939 D BtGatt.GattService: registerServer(dev.mob.mob) - UUID=7c3f07f4-57ea-4a5b-b17c-77ed0d447a0d
05-17 12:18:10.174  1928  1939 D BtGatt.ContextMap: add() - appUid: 10313, appPid: 9421, appName: dev.mob.mob
05-17 12:18:10.174  1928  2656 I bt_stack: [INFO:bta_gatts_act.cc(198)] register application first_unuse rcb_idx=0
05-17 12:18:10.176  9421  9489 D BluetoothGattServer: onServerRegistered() - status=0 serverIf=6
05-17 12:18:10.178  9421  9481 D BluetoothGattServer: addService() - service: 8f4f1201-6f3d-4f9c-9e3b-7f4a4f0f2000
05-17 12:18:10.179  9421  9421 D BluetoothLeAdvertiser: onAdvertisingSetStopped(2)
05-17 12:18:10.182  9421  9481 I BluetoothAdapter: STATE_ON
05-17 12:18:10.182  9421  9481 I BluetoothAdapter: STATE_ON
05-17 12:18:10.182  1928  2656 I bt_stack: [INFO:bta_gatts_api.cc(135)] bta_gatts_add_service_impl: rcb_idx=0
05-17 12:18:10.183  1928  2656 I bt_stack: [INFO:gatt_api.cc(171)] GATTS_AddService
05-17 12:18:10.183  1928  2656 I bt_stack: [INFO:gatt_api.cc(286)] GATTS_AddService: service parsed correctly, now starting
05-17 12:18:10.183  9421  9481 I BluetoothAdapter: STATE_ON
05-17 12:18:10.183  9421  9481 I BluetoothAdapter: STATE_ON
05-17 12:18:10.183  1928  2656 I bt_stack: [INFO:gatt_sr_hash.cc(127)] gatts_calculate_database_hash: hash=D73604934235F801B3C76A8E5F0340C6
05-17 12:18:10.184  9421  9489 D BluetoothGattServer: onServiceAdded() - handle=134 uuid=8f4f1201-6f3d-4f9c-9e3b-7f4a4f0f2000 status=0
05-17 12:18:10.188  1928  1939 I bt_stack: [INFO:le_advertising_manager.cc(137)] StartAdvertisingSet in shim layer
05-17 12:18:10.189  1928  1939 W bt_stack: le_advertising_manager :: allocate_advertiser - id : 2
05-17 12:18:10.189  1928  1939 I bt_stack: [INFO:le_advertising_manager.cc(157)] create advertising set, reg_id:-5183, id:2
05-17 12:18:10.189  1928  2282 W bt_stack: le_advertising_manager :: create_extended_advertiser - id : 2
05-17 12:18:10.189  1928  2282 W bt_stack: le_advertising_manager :: enable_advertiser - id : 2
05-17 12:18:10.191  9421  9481 I MobBleFetch: {"v":1,"event":"fetch_server_started","accepted":true,"advertising_accepted":true,"responder_peer_id":"mob-dev","message_id_hash":"k9Q+DK82+NA=","service_uuid":"8f4f1201-6f3d-4f9c-9e3b-7f4a4f0f2000","request_characteristic_uuid":"8f4f1201-6f3d-4f9c-9e3b-7f4a4f0f2001","response_characteristic_uuid":"8f4f1201-6f3d-4f9c-9e3b-7f4a4f0f2002","device_model":"SM-T577U","android_api":33,"adapter_state":"on","adapter_enabled":true}
05-17 12:18:10.193  9421  9481 I BluetoothAdapter: STATE_ON
05-17 12:18:10.194  9421  9481 I BluetoothAdapter: STATE_ON
05-17 12:18:10.196  9421  9481 I BluetoothAdapter: STATE_ON
05-17 12:18:10.198  9421  9481 I BluetoothAdapter: STATE_ON
05-17 12:18:10.198  9421  9481 I MobBleDispatch: {"v":1,"event":"ble_capabilities","supports_extended_advertising":true,"max_advertising_data_length":1024,"is_multiple_advertisement_supported":true,"legacy_manufacturer_payload_budget":24}
05-17 12:18:10.199  9421  9481 I BluetoothAdapter: STATE_ON
05-17 12:18:10.201  9421  9481 I BluetoothAdapter: STATE_ON
05-17 12:18:10.202  9421  9481 I BluetoothAdapter: STATE_ON
05-17 12:18:10.203  9421  9481 I BluetoothAdapter: STATE_ON
05-17 12:18:10.203  9421  9481 I BluetoothAdapter: STATE_ON
05-17 12:18:10.203  9421  9481 I BluetoothAdapter: STATE_ON
05-17 12:18:10.210  1928  1939 I bt_stack: [INFO:le_advertising_manager.cc(137)] StartAdvertisingSet in shim layer
05-17 12:18:10.210  1928  1939 W bt_stack: le_advertising_manager :: allocate_advertiser - id : 3
05-17 12:18:10.210  1928  1939 I bt_stack: [INFO:le_advertising_manager.cc(157)] create advertising set, reg_id:-5184, id:3
05-17 12:18:10.212  1928  2282 W bt_stack: le_advertising_manager :: create_extended_advertiser - id : 3
05-17 12:18:10.212  1928  2282 W bt_stack: le_advertising_manager :: enable_advertiser - id : 3
05-17 12:18:10.212  9421  9481 I MobBleDispatch: {"v":1,"event":"attempt_outcome","attempt_id":"mx-1779045490192","message_id":"kXK0O6xwDobZi+dLZe77AA==","target_peer_id":"broadcast","target_device_ids":["broadcast"],"kind":"dispatched","reason":"legacy_beacon_fallback","adapter":"ble_android","outcome_at_ms":209162254}
05-17 12:18:10.213  9421  9481 I MobBleNative: sendFullMxEnvelope(broadcast, 31B) -> DISPATCHED reason=legacy_beacon_fallback
05-17 12:18:10.214  9421  9481 I Elixir  : BleSelfTest: MESH MESSAGE SENT payload="hello-from-mob-dev-1779045490" result=:ok
05-17 12:18:10.214  9421  9481 W Elixir  : BleSelfTest: bridge error unknown: {"v":1,"event":"attempt_outcome","attempt_id":"mx-1779045490192","message_id":"kXK0O6xwDobZi+dLZe77AA==","target_peer_id":"broadcast","target_device_ids":["broadcast"],"kind":"dispatched","reason":"legacy_beacon_fallback","adapter":"ble_android","outcome_at_ms":209162254}
05-17 12:18:10.216  9421  9458 I BEAMout : 12:18:10.214 [info] BleSelfTest: MESH MESSAGE SENT payload="hello-from-mob-dev-1779045490" result=:ok
05-17 12:18:10.217  9421  9458 I BEAMout : 12:18:10.214 [warning] BleSelfTest: bridge error unknown: {"v":1,"event":"attempt_outcome","attempt_id":"mx-1779045490192","message_id":"kXK0O6xwDobZi+dLZe77AA==","target_peer_id":"broadcast","target_device_ids":["broadcast"],"kind":"dispatched","reason":"legacy_beacon_fallback","adapter":"ble_android","outcome_at_ms":209162254}
05-17 12:18:10.218  1928  2260 E BtGatt.GattService: [GSIM LOG]: gsimLogHandler, msg: MESSAGE_ADV_SET_START, appName: dev.mob.mob, id: 2, isLegacy: true
05-17 12:18:10.219  9421  9421 D BluetoothLeAdvertiser: onAdvertisingSetStarted(2, -7, 0)
05-17 12:18:10.221  9421  9421 I MobBleFetch: {"v":1,"event":"fetch_advertising_started","responder_peer_id":"mob-dev","message_id_hash":"k9Q+DK82+NA=","connectable":true,"service_uuid":"8f4f1201-6f3d-4f9c-9e3b-7f4a4f0f2000","device_model":"SM-T577U","android_api":33,"adapter_state":"on","adapter_enabled":true}
05-17 12:18:10.231  1928  2260 E BtGatt.GattService: [GSIM LOG]: gsimLogHandler, msg: MESSAGE_ADV_SET_START, appName: dev.mob.mob, id: 3, isLegacy: true
05-17 12:18:10.252  9421  9421 D BluetoothLeAdvertiser: onAdvertisingSetStarted(3, -7, 0)
05-17 12:18:10.254  9421  9421 I MobBleDispatch: {"v":1,"event":"legacy_beacon_advertising_started","attempt_id":"mx-1779045490192","beacon_size":22,"beacon":"TUIBAQEAk9Q+DK82+NAS94VXUXoT+Q==","message_id_hash":"k9Q+DK82+NA=","sender_peer_id_hash":"EveFV1F6E\/k=","payload_kind":"TX","envelope_version":1,"window_ms":5000,"data_carrier":"legacy_advertisement"}
05-17 12:18:10.976  1200  3617 D SemWifiUsabilityStatsMonitor: onWifiUsabilityStats - seqNum 7196, isSameBssidAndFreq true
