05-17 12:17:56.935  9421  9421 I MobBleScanRaw: device_id=7A:6A:97:64:77:06 rssi=-35 advertisement_b64=AgEaAgoMC/9MABAGAh3nwz04AAAAAAAAAAAAAAAAAAAAAAAAAAAAAAAAAAAAAAAAAAAAAAAAAAAAAAAAAAA= manufacturer_ids=[76] service_uuids=[]
05-17 12:17:56.937  1928  2050 D BtGatt.GattService: onScanResult to scannerId: 2- eventType=0x1b, addressType=1, address=68983E_2, primaryPhy=1, secondaryPhy=0, advertisingSid=0xff, txPower=127, rssi=-35, periodicAdvInt=0x0
05-17 12:17:56.940  9421  9421 I MobBleScanRaw: device_id=68:98:3E:AD:C4:72 rssi=-35 advertisement_b64=AgEaAgoMC/9MABAGAh3nwz04AAAAAAAAAAAAAAAAAAAAAAAAAAAAAAAAAAAAAAAAAAAAAAAAAAAAAAAAAAA= manufacturer_ids=[76] service_uuids=[]
05-17 12:17:56.949  1928  2050 D BtGatt.GattService: onScanResult to scannerId: 2- eventType=0x1b, addressType=0, address=84E0F4_2, primaryPhy=1, secondaryPhy=0, advertisingSid=0xff, txPower=127, rssi=-78, periodicAdvInt=0x0
05-17 12:17:56.960  1928  2050 D BtGatt.GattService: onScanResult to scannerId: 2- eventType=0x1b, addressType=1, address=5498D4_8, primaryPhy=1, secondaryPhy=0, advertisingSid=0xff, txPower=127, rssi=-71, periodicAdvInt=0x0
05-17 12:17:56.961  9421  9421 I MobBleScanRaw: device_id=54:98:D4:BF:29:F8 rssi=-71 advertisement_b64=AgEaAgoMCv9MABAFARyVNfAAAAAAAAAAAAAAAAAAAAAAAAAAAAAAAAAAAAAAAAAAAAAAAAAAAAAAAAAAAAA= manufacturer_ids=[76] service_uuids=[]
05-17 12:17:56.969  1928  2050 D BtGatt.GattService: onScanResult to scannerId: 2- eventType=0x1b, addressType=1, address=54186A_7, primaryPhy=1, secondaryPhy=0, advertisingSid=0xff, txPower=127, rssi=-51, periodicAdvInt=0x0
05-17 12:17:56.974  1613  1862 D Tile.RotationLockTile:  handleUpdateState: true orientation = true
05-17 12:17:56.976  1613  1862 D Tile.RotationLockTile:  handleUpdateState: true orientation = true
05-17 12:17:56.978  1613  1862 D Tile.RotationLockTile:  handleUpdateState: true orientation = true
05-17 12:17:56.981  1613  1862 D MobileSignalController(0/2147483647): isPowerOffServiceState,mCurrentState.getVoiceServiceState() = 1,mCurrentState.airplaneMode = false,mCurrentState.canCellularVoiceService() = true
05-17 12:17:56.981  1613  1862 D NetworkController: IsPowerOffServiceState is false: 0
05-17 12:17:56.981  1613  1862 D Tile.AirplaneModeTile:  handleUpdateState: airplane mode is disabled : enter mSetting.getValue() == 0 mIsWiFiOnlyDevice false isNoSimState true !isPowerOffServiceState true
05-17 12:17:56.981  1613  1862 D Tile.AirplaneModeTile:  handleUpdateState:  value = false, state = 1
05-17 12:17:56.984  1613  1862 D NetworkController.WifiSignalController: notifyListener: visible=true, connected=true, inetCondition=1, isDefault=true, wifiTestReported=true, receivedInetCondition=-1, hideDuringMobileSwitching=false
05-17 12:17:56.984  1613  1862 D MobileSignalController(0/2147483647): notifyListener: enabled=true, connected=false, dataConnected=false, networkType=UNKNOWN (Unknown), emergencyOnly=false, roaming=false, isDefault=false, dataActivity=, level=4, ca=false, mmWave=false, disabledDataIcon=false, simCard=NO_SIM, sosState=false, satelliteState=0
05-17 12:17:56.991  1613  1613 D BluetoothController: handleMessage : 3
05-17 12:17:56.991  1613  1613 D BluetoothController: handleMessage : 2
05-17 12:17:56.991  1613  1613 D Tile.BluetoothTile: onBluetoothStateChange = true
05-17 12:17:56.994  1613  1862 D Tile.MobileDataTile: handleUpdateState : state false
05-17 12:17:56.995  1613  1862 D Tile.BluetoothTile:  handleUpdateState enabled = true connected = false connecting = false changedState =false bluetoothState = 12 enabledChanging = false state = BooleanState[spec=Bluetooth,icon=ResourceIcon[resId=0x7f080b4e],iconSupplier=null,label=Bluetooth,secondaryLabel=null,contentDescription=Bluetooth,On,stateDescription=null,dualLabelContentDescription=null,expandedAccessibilityClassName=null,disabledByPolicy=false,dualTarget=true,isTransient=false,state=2,slash="null",sideViewCustomDrawable=null,tileClassName=null,value=true,forceExpandIcon=false]
05-17 12:17:56.996  1613  1862 D Tile.BluetoothTile:  handleUpdateState enabled = true connected = false connecting = false changedState =false bluetoothState = 12 enabledChanging = false state = BooleanState[spec=Bluetooth,icon=ResourceIcon[resId=0x7f080b4e],iconSupplier=null,label=Bluetooth,secondaryLabel=null,contentDescription=Bluetooth,On,stateDescription=null,dualLabelContentDescription=null,expandedAccessibilityClassName=null,disabledByPolicy=false,dualTarget=true,isTransient=false,state=2,slash="null",sideViewCustomDrawable=null,tileClassName=null,value=true,forceExpandIcon=false]
05-17 12:17:56.998  1613  1613 D BluetoothController: handleMessage : 4
05-17 12:17:57.000  1928  2050 D BtGatt.GattService: onScanResult to scannerId: 2- eventType=0x1b, addressType=1, address=54186A_7, primaryPhy=1, secondaryPhy=0, advertisingSid=0xff, txPower=127, rssi=-51, periodicAdvInt=0x0
05-17 12:17:57.030  1928  2050 D BtGatt.GattService: onScanResult to scannerId: 2- eventType=0x1b, addressType=1, address=54186A_7, primaryPhy=1, secondaryPhy=0, advertisingSid=0xff, txPower=127, rssi=-51, periodicAdvInt=0x0
05-17 12:17:57.063  9421  9481 I Elixir  : step 5 => {ok,<0.135.0>}
05-17 12:17:57.068  1928  2050 D BtGatt.GattService: onScanResult to scannerId: 2- eventType=0x1b, addressType=1, address=54186A_7, primaryPhy=1, secondaryPhy=0, advertisingSid=0xff, txPower=127, rssi=-51, periodicAdvInt=0x0
05-17 12:17:57.097  1928  2050 D BtGatt.GattService: onScanResult to scannerId: 2- eventType=0x1b, addressType=1, address=54186A_7, primaryPhy=1, secondaryPhy=0, advertisingSid=0xff, txPower=127, rssi=-51, periodicAdvInt=0x0
05-17 12:17:57.117  1928  2050 D BtGatt.GattService: onScanResult to scannerId: 2- eventType=0x10, addressType=1, address=7D4F46_E, primaryPhy=1, secondaryPhy=0, advertisingSid=0xff, txPower=127, rssi=-35, periodicAdvInt=0x0
05-17 12:17:57.136  1928  2050 D BtGatt.GattService: onScanResult to scannerId: 2- eventType=0x1b, addressType=1, address=54186A_7, primaryPhy=1, secondaryPhy=0, advertisingSid=0xff, txPower=127, rssi=-51, periodicAdvInt=0x0
05-17 12:17:57.147  1928  2656 W bt_stack: gatt_le_connect_cback  connected : 1, reason : 0
05-17 12:17:57.147  1928  2656 W bt_stack: Le connection completed to device:54186a
05-17 12:17:57.147  1928  2656 W bt_stack: remove_all_clients_with_pending_connections :: address=54186a
05-17 12:17:57.147  1928  2656 W btm_acl : Unable to find active acl
05-17 12:17:57.147  1928  2656 E bt_btif : remote name callback registration fail.
05-17 12:17:57.148  1928  2050 W BatteryService: getBatteryService(): service is NULL
05-17 12:17:57.149  1928  2656 E bta_gattc_main: Ignore unknown conn ID: 3
05-17 12:17:57.149  1928  2656 E bta_gattc_main: Ignore unknown conn ID: 4
05-17 12:17:57.149  1928  2656 E bta_gattc_main: Ignore unknown conn ID: 5
05-17 12:17:57.149  1928  2656 I bt_stack: [INFO:bta_gattc_main.cc(314)] bta_gattc_sm_execute: State 0x01, Event 0x1f0c
05-17 12:17:57.149  1928  2656 W bt_bta_gattc: bta_gattc_conn
05-17 12:17:57.149  1928  2656 E bt_stack: [ERROR:bta_gattc_db_storage.cc(79)] bta_gattc_load_db: can't open GATT cache file /data/misc/bluetooth/gatt_cache_54186ae8a8d7 for reading, error: No such file or directory
05-17 12:17:57.149  1928  2656 W bt_bta_gattc: bta_gattc_start_discover
05-17 12:17:57.149  1928  2656 W bt_stack: [WARNING:bta_gattc_act.cc(827)] bta_gattc_start_discover
05-17 12:17:57.149  1928  2656 I bt_stack: [INFO:bta_gattc_act.cc(766)] bta_gattc_set_discover_st
05-17 12:17:57.150  1928  2656 W bt_stack: [WARNING:bta_gattc_act.cc(807)] bta_gattc_start_discover_internal
05-17 12:17:57.150  1928  2656 E bt_stack: [ERROR:bta_gattc_cache.cc(148)] bta_gattc_discover_pri_service transport is LE
05-17 12:17:57.150  1928  2656 W bt_stack: [WARNING:gatt_api.cc(718)] GATTC_Discover conn_id=0x0006, disc_type=1, s_handle=0x0001, e_handle=0xffff
05-17 12:17:57.150  1928  2656 W bt_bta_gattc: There is no RM for GATT
05-17 12:17:57.160  1928  2050 D BluetoothUtils: getBtEnabledContainers(): btContainers = []
05-17 12:17:57.162  1928  2050 E BluetoothRemoteDevices: RemoteException in calling IBluetoothConnectionCallback
05-17 12:17:57.162  1928  2050 E BluetoothRemoteDevices: RemoteException in calling IBluetoothConnectionCallback
05-17 12:17:57.163  1928  2050 E BluetoothRemoteDevices: RemoteException in calling IBluetoothConnectionCallback
05-17 12:17:57.163  1928  2050 E BluetoothRemoteDevices: RemoteException in calling IBluetoothConnectionCallback
05-17 12:17:57.164  1200  1540 I BluetoothDeviceBatteryManager: action: android.bluetooth.device.action.ACL_CONNECTED
05-17 12:17:57.166  1613  1862 V BluetoothEventManager: onReceive :: android.bluetooth.device.action.ACL_CONNECTED
05-17 12:17:57.166  1613  1862 W BluetoothEventManager: AclStateChangedHandler: activeDevice is null
05-17 12:17:57.166  1200  1874 I SLocation: DeviceStatusNotiManager - received action : android.bluetooth.device.action.ACL_CONNECTED
05-17 12:17:57.168  1928  2050 D BtGatt.GattService: onConnected() - clientIf=6, connId=6, status=0, address=54186A_7
05-17 12:17:57.168  1928  2050 D BtGatt.GattService: onConnected() - adding permit for address=54186A_7
05-17 12:17:57.169  9421  9489 D BluetoothGatt: onClientConnectionState() - status=0 clientIf=6 device=54186A_7
05-17 12:17:57.170  1200  1540 I BluetoothDeviceBatteryManager: # Alias(mob-ipad) / Address(54186A_7)
05-17 12:17:57.171  1928  1928 D BluetoothPhonePolicy: handleMessage: 6
05-17 12:17:57.171  1928  1928 D BluetoothDatabase: getProfileConnectionPolicy: device XX:XX:XX:E8:A8:D7 is not in cache
05-17 12:17:57.173  1200  1540 I BluetoothDeviceBatteryManager: # BatteryLevel : -1
05-17 12:17:57.173  1200  1248 W BroadcastQueue: Permission Denial: receiving Intent { act=android.bluetooth.device.action.ACL_CONNECTED flg=0x5000010 (has extras) } to com.samsung.android.oneconnect/.QcReceiver requires android.permission.BLUETOOTH_CONNECT due to sender com.android.bluetooth (uid 1002)
05-17 12:17:57.183  1200  1252 W libprocessgroup: Failed to open /dev/blkio//cgroup.procs: No such file or directory
05-17 12:17:57.184  1200  1252 W libprocessgroup: Failed to open /dev/blkio//cgroup.procs: No such file or directory
05-17 12:17:57.186  9421  9489 I MobBleFetch: {"v":1,"event":"fetch_connect_result","request_id":"151245c8-54c2-407f-bdc3-8df92a03d7ea","target_address":"54:18:6A:E8:A8:D7","gatt_status":0,"gatt_reason":"success","state":2,"state_name":"connected","transport_mode":"transport_le","device_model":"SM-T577U","android_api":33,"adapter_state":"on","adapter_enabled":true}
05-17 12:17:57.195  1928  1941 D BluetoothAdapterService: getBondedDevices, remove custom devices: 
05-17 12:17:57.197  1928  1941 D BluetoothAdapterService: getBondedDevices, remove custom devices: 
05-17 12:17:57.198  1928  1941 D BluetoothAdapterService: getBondedDevices, remove custom devices: 
05-17 12:17:57.203 25144 25144 I aahm    : onReceive
05-17 12:17:57.211 25144 25160 I abvn    : (REDACTED) bluetoothConnectionStateChanged. Action: %s
05-17 12:17:57.211 25144 25160 I abuo    : Registering Gemini service client
05-17 12:17:57.211 25144 25160 I abut    : Initializing PhoneMediaHandler
05-17 12:17:57.217 30311  9492 I Nearby  : (REDACTED) is blocked device type %s, isAuto=%s, isIot=%s, isLatchsky=%s, isChinaWearable=%s, isTv=%s, isWearable=%s (supportWearOs=%s), isChromeOsDevice=%s (supportChromeOs=%s)
05-17 12:17:57.218 30311 30311 D WearableService: Creating wearable service asynchronously.
05-17 12:17:57.220 30311 30311 I NearbyDiscovery: (REDACTED) DiscoveryService onStartCommand action: %s
05-17 12:17:57.221 30311 30311 I NearbyDiscovery: (REDACTED) onAclChange: state=%s, transport=%s, %s
05-17 12:17:57.222 30311 30321 D WearableService: onGetService: waiting for onCreate to be completed.
05-17 12:17:57.222  9421  9489 I MobBleFetch: {"v":1,"event":"fetch_mtu_request_start","request_id":"151245c8-54c2-407f-bdc3-8df92a03d7ea","target_address":"54:18:6A:E8:A8:D7","mtu":185,"device_model":"SM-T577U","android_api":33,"adapter_state":"on","adapter_enabled":true}
05-17 12:17:57.222 30311 30536 I NearbyDiscovery: (REDACTED) FastPair: lock scan rate if needed, %s, bondState=%s
05-17 12:17:57.223  9421  9489 D BluetoothGatt: configureMTU() - device: 54186A_7 mtu: 185
05-17 12:17:57.225  1928  2656 I bt_stack: [INFO:bta_gattc_main.cc(314)] bta_gattc_sm_execute: State 0x03, Event 0x1f07
05-17 12:17:57.234 30311 30339 I Wear_Controller: Wearable module requires a companion app to be installed.
05-17 12:17:57.234 30311 30339 I WearableService: onCreate: Wearable Services not starting. Wear is not available on this device.
05-17 12:17:57.235 30311 30321 W WearableService: onGetService: Wear is not available on this device. Calling package: com.google.android.googlequicksearchbox
05-17 12:17:57.236 25144 25159 W GoogleApiManager: Not showing notification since connectionResult is not user-facing: ConnectionResult{statusCode=API_UNAVAILABLE, resolution=null, message=null, clientMethodKey=null}
05-17 12:17:57.259  9421  9421 D CompatibilityChangeReporter: Compat change id reported: 171228096; UID 10313; state: ENABLED
05-17 12:17:57.638  9421  9489 D BluetoothGatt: onConnectionUpdated() - Device=54186A_7 interval=6 latency=0 timeout=500 status=0
05-17 12:17:57.645  1928  2656 I bt_stack: [INFO:gatt_sr.cc(91)] gatt_sr_enqueue_cmd :: trans_id=1, tcb.tcb_idx=0
05-17 12:17:57.652  1200  2907 D SGM:GameManager: identifyForegroundApp. dev.mob.mob, mCurrentUserId: 0, callerUserId: 0
05-17 12:17:57.652  1200  2907 D SGM:PkgDataHelper: getGamePkgData(). dev.mob.mob
05-17 12:17:57.652 26586 26654 I PolicyManager: [#CMH#] Is foreground game app: false
05-17 12:17:57.748  1928  2656 W bt_stack: [WARNING:gatt_api.cc(718)] GATTC_Discover conn_id=0x0006, disc_type=3, s_handle=0x0001, e_handle=0x0005
05-17 12:17:57.762  1928  2656 W bt_stack: [WARNING:gatt_api.cc(718)] GATTC_Discover conn_id=0x0006, disc_type=4, s_handle=0x0001, e_handle=0x0005
05-17 12:17:57.764   602   602 D io_stats: !@   8,0 r 1037625 33868752 w 601631 57401104 d 0 0 f 0 0 iot 520576 0 th 0 0 0 pt 0 inp 0 0 208725.336
05-17 12:17:57.793  1928  2656 W bt_stack: [WARNING:gatt_api.cc(718)] GATTC_Discover conn_id=0x0006, disc_type=3, s_handle=0x0006, e_handle=0x0009
05-17 12:17:57.810  1928  2656 W bt_stack: [WARNING:gatt_api.cc(718)] GATTC_Discover conn_id=0x0006, disc_type=4, s_handle=0x0006, e_handle=0x0009
05-17 12:17:57.853  1928  2656 W bt_stack: [WARNING:gatt_api.cc(718)] GATTC_Discover conn_id=0x0006, disc_type=5, s_handle=0x0009, e_handle=0x0009
05-17 12:17:57.868  1928  2656 W bluetooth: Completed GATT discovery of all handle ranges
05-17 12:17:57.869  1928  2656 W bt_stack: [WARNING:gatt_api.cc(718)] GATTC_Discover conn_id=0x0006, disc_type=3, s_handle=0x000a, e_handle=0x000e
05-17 12:17:57.884  1928  2656 W bt_stack: [WARNING:gatt_api.cc(718)] GATTC_Discover conn_id=0x0006, disc_type=4, s_handle=0x000a, e_handle=0x000e
05-17 12:17:57.914  1928  2656 W bt_stack: [WARNING:gatt_api.cc(718)] GATTC_Discover conn_id=0x0006, disc_type=3, s_handle=0x000f, e_handle=0x0013
05-17 12:17:57.928  1928  2656 W bt_stack: [WARNING:gatt_api.cc(718)] GATTC_Discover conn_id=0x0006, disc_type=4, s_handle=0x000f, e_handle=0x0013
05-17 12:17:57.958  1928  2656 W bt_stack: [WARNING:gatt_api.cc(718)] GATTC_Discover conn_id=0x0006, disc_type=5, s_handle=0x0012, e_handle=0x0013
05-17 12:17:57.973  1928  2656 W bluetooth: Completed GATT discovery of all handle ranges
05-17 12:17:57.973  1928  2656 W bt_stack: [WARNING:gatt_api.cc(718)] GATTC_Discover conn_id=0x0006, disc_type=3, s_handle=0x0014, e_handle=0x0018
05-17 12:17:57.988  1928  2656 W bt_stack: [WARNING:gatt_api.cc(718)] GATTC_Discover conn_id=0x0006, disc_type=4, s_handle=0x0014, e_handle=0x0018
05-17 12:17:58.018  1928  2656 W bt_stack: [WARNING:gatt_api.cc(718)] GATTC_Discover conn_id=0x0006, disc_type=5, s_handle=0x0017, e_handle=0x0018
05-17 12:17:58.041  1928  2656 W bluetooth: Completed GATT discovery of all handle ranges
05-17 12:17:58.041  1928  2656 W bt_stack: [WARNING:gatt_api.cc(718)] GATTC_Discover conn_id=0x0006, disc_type=3, s_handle=0x0019, e_handle=0x001c
05-17 12:17:58.078  1928  2656 W bt_stack: [WARNING:gatt_api.cc(718)] GATTC_Discover conn_id=0x0006, disc_type=4, s_handle=0x0019, e_handle=0x001c
05-17 12:17:58.108  1928  2656 W bt_stack: [WARNING:gatt_api.cc(718)] GATTC_Discover conn_id=0x0006, disc_type=5, s_handle=0x001c, e_handle=0x001c
05-17 12:17:58.114  9421  9449 D OpenGLRenderer: setSurface called with nullptr
05-17 12:17:58.125  1928  2656 W bluetooth: Completed GATT discovery of all handle ranges
05-17 12:17:58.125  1928  2656 W bt_stack: [WARNING:gatt_api.cc(718)] GATTC_Discover conn_id=0x0006, disc_type=3, s_handle=0x001d, e_handle=0x0022
05-17 12:17:58.147  1928  2656 W bt_stack: [WARNING:gatt_api.cc(718)] GATTC_Discover conn_id=0x0006, disc_type=4, s_handle=0x001d, e_handle=0x0022
05-17 12:17:58.183  1928  2656 W bt_stack: [WARNING:gatt_api.cc(718)] GATTC_Discover conn_id=0x0006, disc_type=5, s_handle=0x0020, e_handle=0x0020
05-17 12:17:58.198  1928  2656 W bluetooth: Completed GATT discovery of all handle ranges
05-17 12:17:58.199  1928  2656 W bt_stack: [WARNING:gatt_api.cc(718)] GATTC_Discover conn_id=0x0006, disc_type=3, s_handle=0x0023, e_handle=0x002c
05-17 12:17:58.214  1928  2656 W bt_stack: [WARNING:gatt_api.cc(718)] GATTC_Discover conn_id=0x0006, disc_type=4, s_handle=0x0023, e_handle=0x002c
05-17 12:17:58.283  1928  2656 W bt_stack: [WARNING:gatt_api.cc(718)] GATTC_Discover conn_id=0x0006, disc_type=5, s_handle=0x0026, e_handle=0x0026
05-17 12:17:58.304  1928  2656 W bluetooth: Completed GATT discovery of all handle ranges
05-17 12:17:58.305  1928  2656 W bt_stack: [WARNING:gatt_api.cc(718)] GATTC_Discover conn_id=0x0006, disc_type=5, s_handle=0x0029, e_handle=0x0029
05-17 12:17:58.326  1928  2656 W bluetooth: Completed GATT discovery of all handle ranges
05-17 12:17:58.326  1928  2656 W bt_stack: [WARNING:gatt_api.cc(718)] GATTC_Discover conn_id=0x0006, disc_type=5, s_handle=0x002c, e_handle=0x002c
05-17 12:17:58.341  1928  2656 W bluetooth: Completed GATT discovery of all handle ranges
05-17 12:17:58.341  1928  2656 W bt_stack: [WARNING:gatt_api.cc(718)] GATTC_Discover conn_id=0x0006, disc_type=3, s_handle=0x002d, e_handle=0x0038
05-17 12:17:58.356  1928  2656 W bt_stack: [WARNING:gatt_api.cc(718)] GATTC_Discover conn_id=0x0006, disc_type=4, s_handle=0x002d, e_handle=0x0038
05-17 12:17:58.424  1928  2656 W bt_stack: [WARNING:gatt_api.cc(718)] GATTC_Discover conn_id=0x0006, disc_type=5, s_handle=0x0030, e_handle=0x0031
05-17 12:17:58.439  1928  2656 W bluetooth: Completed GATT discovery of all handle ranges
05-17 12:17:58.439  1928  2656 W bt_stack: [WARNING:gatt_api.cc(718)] GATTC_Discover conn_id=0x0006, disc_type=5, s_handle=0x0034, e_handle=0x0035
05-17 12:17:58.461  1928  2656 W bluetooth: Completed GATT discovery of all handle ranges
05-17 12:17:58.461  1928  2656 W bt_stack: [WARNING:gatt_api.cc(718)] GATTC_Discover conn_id=0x0006, disc_type=5, s_handle=0x0038, e_handle=0x0038
05-17 12:17:58.484  1928  2656 W bluetooth: Completed GATT discovery of all handle ranges
05-17 12:17:58.484  1928  2656 W bt_stack: [WARNING:gatt_api.cc(718)] GATTC_Discover conn_id=0x0006, disc_type=3, s_handle=0x0039, e_handle=0x003f
05-17 12:17:58.497  1928  2656 W bt_stack: [WARNING:gatt_api.cc(718)] GATTC_Discover conn_id=0x0006, disc_type=4, s_handle=0x0039, e_handle=0x003f
05-17 12:17:58.537  9421  9421 I ViewRootImpl@ff32c1d[MainActivity]: performTraversals mFirst=false windowShouldResize=false viewVisibilityChanged=true mForceNextWindowRelayout=false params=null
05-17 12:17:58.537  1200  2907 V WindowManager: Relayout Window{fcbc6b u0 dev.mob.mob/dev.mob.mob.MainActivity}: viewVisibility=8 req=1200x1920 d0
05-17 12:17:58.541  1200  2907 V WindowManager: Relayout hash=fcbc6b, pid=9421, syncId=-1: mAttrs={(0,0)(fillxfill) sim={adjust=resize forwardNavigation} ty=BASE_APPLICATION
05-17 12:17:58.541  1200  2907 V WindowManager:   fl=1810100
05-17 12:17:58.541  1200  2907 V WindowManager:   pfl=16020040
05-17 12:17:58.541  1200  2907 V WindowManager:   vsysui=2010
05-17 12:17:58.541  1200  2907 V WindowManager:   apr=LIGHT_STATUS_BARS LIGHT_NAVIGATION_BARS
05-17 12:17:58.541  1200  2907 V WindowManager:   bhv=DEFAULT
05-17 12:17:58.541  1200  2907 V WindowManager:   fitSides= naviIconColor=0
05-17 12:17:58.541  1200  2907 V WindowManager:   sfl=100000}
05-17 12:17:58.545  9421  9421 I ViewRootImpl@ff32c1d[MainActivity]: Relayout returned: old=(0,0,1200,1920) new=(0,0,1200,1920) req=(1200,1920)8 dur=7 res=0x0 s={false 0x0} ch=false seqId=0
05-17 12:17:58.549  1200  3617 D SemWifiUsabilityStatsMonitor: onWifiUsabilityStats - seqNum 7192, isSameBssidAndFreq true
05-17 12:17:58.550  1928  2656 W bt_stack: [WARNING:gatt_api.cc(718)] GATTC_Discover conn_id=0x0006, disc_type=5, s_handle=0x003c, e_handle=0x003c
05-17 12:17:58.550  1200  1507 I SemWifiLinkQualityMonitor: Link Qos Query: 0.084 ms / 95.016 Mbps (408 / 0.065 / 1.000)
05-17 12:17:58.565  1928  2656 W bluetooth: Completed GATT discovery of all handle ranges
05-17 12:17:58.565  1928  2656 W bt_stack: [WARNING:gatt_api.cc(718)] GATTC_Discover conn_id=0x0006, disc_type=5, s_handle=0x003f, e_handle=0x003f
05-17 12:17:58.574  9421  9421 I Choreographer: Skipped 45 frames!  The application may be doing too much work on its main thread.
05-17 12:17:58.581  1928  2656 W bluetooth: Completed GATT discovery of all handle ranges
05-17 12:17:58.581  1928  2656 W bt_stack: [WARNING:gatt_api.cc(718)] GATTC_Discover conn_id=0x0006, disc_type=3, s_handle=0x0040, e_handle=0x0045
05-17 12:17:58.596  1928  2656 W bt_stack: [WARNING:gatt_api.cc(718)] GATTC_Discover conn_id=0x0006, disc_type=4, s_handle=0x0040, e_handle=0x0045
05-17 12:17:58.616  1928  2050 D BtGatt.GattService: onScanResult to scannerId: 2- eventType=0x1b, addressType=1, address=5498D4_8, primaryPhy=1, secondaryPhy=0, advertisingSid=0xff, txPower=127, rssi=-57, periodicAdvInt=0x0
05-17 12:17:58.623  1928  2050 D BtGatt.GattService: onScanResult to scannerId: 2- eventType=0x10, addressType=1, address=7D4F46_E, primaryPhy=1, secondaryPhy=0, advertisingSid=0xff, txPower=127, rssi=-36, periodicAdvInt=0x0
05-17 12:17:58.631  1928  2050 D BtGatt.GattService: onScanResult to scannerId: 2- eventType=0x1b, addressType=1, address=40A8C0_2, primaryPhy=1, secondaryPhy=0, advertisingSid=0xff, txPower=127, rssi=-78, periodicAdvInt=0x0
05-17 12:17:58.638  1928  2050 D BtGatt.GattService: onScanResult to scannerId: 2- eventType=0x1b, addressType=1, address=54186A_7, primaryPhy=1, secondaryPhy=0, advertisingSid=0xff, txPower=127, rssi=-49, periodicAdvInt=0x0
05-17 12:17:58.640  1928  2656 W bt_stack: [WARNING:gatt_api.cc(718)] GATTC_Discover conn_id=0x0006, disc_type=5, s_handle=0x0043, e_handle=0x0043
05-17 12:17:58.641  1928  2050 D BtGatt.GattService: onScanResult to scannerId: 2- eventType=0x10, addressType=1, address=4A4D1F_B, primaryPhy=1, secondaryPhy=0, advertisingSid=0xff, txPower=127, rssi=-83, periodicAdvInt=0x0
05-17 12:17:58.654  1928  2656 W bluetooth: Completed GATT discovery of all handle ranges
05-17 12:17:58.654  1928  2050 D BtGatt.GattService: onScanResult to scannerId: 2- eventType=0x10, addressType=0, address=BC455B_A, primaryPhy=1, secondaryPhy=0, advertisingSid=0xff, txPower=127, rssi=-76, periodicAdvInt=0x0
05-17 12:17:58.665  1928  2050 D BtGatt.GattService: onScanResult to scannerId: 2- eventType=0x1b, addressType=1, address=54186A_7, primaryPhy=1, secondaryPhy=0, advertisingSid=0xff, txPower=127, rssi=-48, periodicAdvInt=0x0
05-17 12:17:58.669  1928  2656 I bt_stack: [INFO:bta_gattc_main.cc(314)] bta_gattc_sm_execute: State 0x03, Event 0x1f0f
05-17 12:17:58.670  1928  2656 I bt_stack: [INFO:bta_gattc_cache.cc(228)] bta_gattc_explore_srvc_finished: service discovery finished
05-17 12:17:58.670  1928  2656 I bt_stack: [INFO:bta_gattc_cache.cc(103)] <=--------------=Start Server Cache =-----------=>
05-17 12:17:58.670  1928  2656 I bt_stack: [INFO:bta_gattc_cache.cc(106)] Service: handle=0x0001, end_handle=0x0005, uuid=00001800-0000-1000-8000-00805f9b34fb
05-17 12:17:58.670  1928  2656 I bt_stack: [INFO:bta_gattc_cache.cc(106)] 	 Characteristic: declaration_handle=0x0002, value_handle=0x0003, uuid=00002a00-0000-1000-8000-00805f9b34fb, prop=0x02
05-17 12:17:58.670  1928  2656 I bt_stack: [INFO:bta_gattc_cache.cc(106)] 	 Characteristic: declaration_handle=0x0004, value_handle=0x0005, uuid=00002a01-0000-1000-8000-00805f9b34fb, prop=0x02
05-17 12:17:58.670  1928  2656 I bt_stack: [INFO:bta_gattc_cache.cc(106)] Service: handle=0x0006, end_handle=0x0009, uuid=00001801-0000-1000-8000-00805f9b34fb
05-17 12:17:58.670  1928  2656 I bt_stack: [INFO:bta_gattc_cache.cc(106)] 	 Characteristic: declaration_handle=0x0007, value_handle=0x0008, uuid=00002a05-0000-1000-8000-00805f9b34fb, prop=0x20
05-17 12:17:58.670  1928  2656 I bt_stack: [INFO:bta_gattc_cache.cc(106)] 		 Descriptor: handle=0x0009, uuid=00002902-0000-1000-8000-00805f9b34fb
05-17 12:17:58.670  1928  2656 I bt_stack: [INFO:bta_gattc_cache.cc(106)] Service: handle=0x000a, end_handle=0x000e, uuid=0000180a-0000-1000-8000-00805f9b34fb
05-17 12:17:58.671  1928  2656 I bt_stack: [INFO:bta_gattc_cache.cc(106)] 	 Characteristic: declaration_handle=0x000b, value_handle=0x000c, uuid=00002a29-0000-1000-8000-00805f9b34fb, prop=0x02
05-17 12:17:58.671  1928  2656 I bt_stack: [INFO:bta_gattc_cache.cc(106)] 	 Characteristic: declaration_handle=0x000d, value_handle=0x000e, uuid=00002a24-0000-1000-8000-00805f9b34fb, prop=0x02
05-17 12:17:58.671  1928  2656 I bt_stack: [INFO:bta_gattc_cache.cc(106)] Service: handle=0x000f, end_handle=0x0013, uuid=d0611e78-bbb4-4591-a5f8-487910ae4366
05-17 12:17:58.671  1928  2656 I bt_stack: [INFO:bta_gattc_cache.cc(106)] 	 Characteristic: declaration_handle=0x0010, value_handle=0x0011, uuid=8667556c-9a37-4c91-84ed-54ee27d90049, prop=0x98
05-17 12:17:58.671  1928  2656 I bt_stack: [INFO:bta_gattc_cache.cc(106)] 		 Descriptor: handle=0x0012, uuid=00002900-0000-1000-8000-00805f9b34fb
05-17 12:17:58.671  1928  2656 I bt_stack: [INFO:bta_gattc_cache.cc(106)] 		 Descriptor: handle=0x0013, uuid=00002902-0000-1000-8000-00805f9b34fb
05-17 12:17:58.671  1928  2656 I bt_stack: [INFO:bta_gattc_cache.cc(106)] Service: handle=0x0014, end_handle=0x0018, uuid=9fa480e0-4967-4542-9390-d343dc5d04ae
05-17 12:17:58.671  1928  2656 I bt_stack: [INFO:bta_gattc_cache.cc(106)] 	 Characteristic: declaration_handle=0x0015, value_handle=0x0016, uuid=af0badb1-5b99-43cd-917a-a77bc549e3cc, prop=0x98
05-17 12:17:58.671  1928  2656 I bt_stack: [INFO:bta_gattc_cache.cc(106)] 		 Descriptor: handle=0x0017, uuid=00002900-0000-1000-8000-00805f9b34fb
05-17 12:17:58.671  1928  2656 I bt_stack: [INFO:bta_gattc_cache.cc(106)] 		 Descriptor: handle=0x0018, uuid=00002902-0000-1000-8000-00805f9b34fb
05-17 12:17:58.671  1928  2656 I bt_stack: [INFO:bta_gattc_cache.cc(106)] Service: handle=0x0019, end_handle=0x001c, uuid=0000180f-0000-1000-8000-00805f9b34fb
05-17 12:17:58.671  1928  2656 I bt_stack: [INFO:bta_gattc_cache.cc(106)] 	 Characteristic: declaration_handle=0x001a, value_handle=0x001b, uuid=00002a19-0000-1000-8000-00805f9b34fb, prop=0x12
05-17 12:17:58.671  1928  2656 I bt_stack: [INFO:bta_gattc_cache.cc(106)] 		 Descriptor: handle=0x001c, uuid=00002902-0000-1000-8000-00805f9b34fb
05-17 12:17:58.671  1928  2656 I bt_stack: [INFO:bta_gattc_cache.cc(106)] Service: handle=0x001d, end_handle=0x0022, uuid=00001805-0000-1000-8000-00805f9b34fb
05-17 12:17:58.671  1928  2656 I bt_stack: [INFO:bta_gattc_cache.cc(106)] 	 Characteristic: declaration_handle=0x001e, value_handle=0x001f, uuid=00002a2b-0000-1000-8000-00805f9b34fb, prop=0x12
05-17 12:17:58.671  1928  2656 I bt_stack: [INFO:bta_gattc_cache.cc(106)] 		 Descriptor: handle=0x0020, uuid=00002902-0000-1000-8000-00805f9b34fb
05-17 12:17:58.671  1928  2656 I bt_stack: [INFO:bta_gattc_cache.cc(106)] 	 Characteristic: declaration_handle=0x0021, value_handle=0x0022, uuid=00002a0f-0000-1000-8000-00805f9b34fb, prop=0x02
05-17 12:17:58.671  1928  2656 I bt_stack: [INFO:bta_gattc_cache.cc(106)] Service: handle=0x0023, end_handle=0x002c, uuid=7905f431-b5ce-4e99-a40f-4b1e122d00d0
05-17 12:17:58.671  1928  2656 I bt_stack: [INFO:bta_gattc_cache.cc(106)] 	 Characteristic: declaration_handle=0x0024, value_handle=0x0025, uuid=69d1d8f3-45e1-49a8-9821-9bbdfdaad9d9, prop=0x88
05-17 12:17:58.671  1928  2656 I bt_stack: [INFO:bta_gattc_cache.cc(106)] 		 Descriptor: handle=0x0026, uuid=00002900-0000-1000-8000-00805f9b34fb
05-17 12:17:58.671  1928  2656 I bt_stack: [INFO:bta_gattc_cache.cc(106)] 	 Characteristic: declaration_handle=0x0027, value_handle=0x0028, uuid=9fbf120d-6301-42d9-8c58-25e699a21dbd, prop=0x10
05-17 12:17:58.671  1928  2656 I bt_stack: [INFO:bta_gattc_cache.cc(106)] 		 Descriptor: handle=0x0029, uuid=00002902-0000-1000-8000-00805f9b34fb
05-17 12:17:58.671  1928  2656 I bt_stack: [INFO:bta_gattc_cache.cc(106)] 	 Characteristic: declaration_handle=0x002a, value_handle=0x002b, uuid=22eac6e9-24d6-4bb5-be44-b36ace7c7bfb, prop=0x10
05-17 12:17:58.671  1928  2656 I bt_stack: [INFO:bta_gattc_cache.cc(106)] 		 Descriptor: handle=0x002c, uuid=00002902-0000-1000-8000-00805f9b34fb
05-17 12:17:58.671  1928  2656 I bt_stack: [INFO:bta_gattc_cache.cc(106)] Service: handle=0x002d, end_handle=0x0038, uuid=89d3502b-0f36-433a-8ef4-c502ad55f8dc
05-17 12:17:58.672  1928  2656 I bt_stack: [INFO:bta_gattc_cache.cc(106)] 	 Characteristic: declaration_handle=0x002e, value_handle=0x002f, uuid=9b3c81d8-57b1-4a8a-b8df-0e56f7ca51c2, prop=0x98
05-17 12:17:58.672  1928  2656 I bt_stack: [INFO:bta_gattc_cache.cc(106)] 		 Descriptor: handle=0x0030, uuid=00002900-0000-1000-8000-00805f9b34fb
05-17 12:17:58.672  1928  2656 I bt_stack: [INFO:bta_gattc_cache.cc(106)] 		 Descriptor: handle=0x0031, uuid=00002902-0000-1000-8000-00805f9b34fb
05-17 12:17:58.672  1928  2656 I bt_stack: [INFO:bta_gattc_cache.cc(106)] 	 Characteristic: declaration_handle=0x0032, value_handle=0x0033, uuid=2f7cabce-808d-411f-9a0c-bb92ba96c102, prop=0x98
05-17 12:17:58.672  1928  2656 I bt_stack: [INFO:bta_gattc_cache.cc(106)] 		 Descriptor: handle=0x0034, uuid=00002900-0000-1000-8000-00805f9b34fb
05-17 12:17:58.672  1928  2656 I bt_stack: [INFO:bta_gattc_cache.cc(106)] 		 Descriptor: handle=0x0035, uuid=00002902-0000-1000-8000-00805f9b34fb
05-17 12:17:58.672  1928  2656 I bt_stack: [INFO:bta_gattc_cache.cc(106)] 	 Characteristic: declaration_handle=0x0036, value_handle=0x0037, uuid=c6b2f38c-23ab-46d8-a6ab-a3a870bbd5d7, prop=0x8a
05-17 12:17:58.672  1928  2656 I bt_stack: [INFO:bta_gattc_cache.cc(106)] 		 Descriptor: handle=0x0038, uuid=00002900-0000-1000-8000-00805f9b34fb
05-17 12:17:58.672  1928  2656 I bt_stack: [INFO:bta_gattc_cache.cc(106)] Service: handle=0x0039, end_handle=0x003f, uuid=8f4f1201-6f3d-4f9c-9e3b-7f4a4f0f1000
05-17 12:17:58.672  1928  2656 I bt_stack: [INFO:bta_gattc_cache.cc(106)] 	 Characteristic: declaration_handle=0x003a, value_handle=0x003b, uuid=8f4f1202-6f3d-4f9c-9e3b-7f4a4f0f1000, prop=0x8c
05-17 12:17:58.672  1928  2656 I bt_stack: [INFO:bta_gattc_cache.cc(106)] 		 Descriptor: handle=0x003c, uuid=00002900-0000-1000-8000-00805f9b34fb
05-17 12:17:58.672  1928  2656 I bt_stack: [INFO:bta_gattc_cache.cc(106)] 	 Characteristic: declaration_handle=0x003d, value_handle=0x003e, uuid=8f4f1203-6f3d-4f9c-9e3b-7f4a4f0f1000, prop=0x10
05-17 12:17:58.672  1928  2656 I bt_stack: [INFO:bta_gattc_cache.cc(106)] 		 Descriptor: handle=0x003f, uuid=00002902-0000-1000-8000-00805f9b34fb
05-17 12:17:58.672  1928  2656 I bt_stack: [INFO:bta_gattc_cache.cc(106)] Service: handle=0x0040, end_handle=0x0045, uuid=8f4f1201-6f3d-4f9c-9e3b-7f4a4f0f2000
05-17 12:17:58.672  1928  2656 I bt_stack: [INFO:bta_gattc_cache.cc(106)] 	 Characteristic: declaration_handle=0x0041, value_handle=0x0042, uuid=8f4f1201-6f3d-4f9c-9e3b-7f4a4f0f2001, prop=0x8c
05-17 12:17:58.672  1928  2656 I bt_stack: [INFO:bta_gattc_cache.cc(106)] 		 Descriptor: handle=0x0043, uuid=00002900-0000-1000-8000-00805f9b34fb
05-17 12:17:58.672  1928  2656 I bt_stack: [INFO:bta_gattc_cache.cc(106)] 	 Characteristic: declaration_handle=0x0044, value_handle=0x0045, uuid=8f4f1201-6f3d-4f9c-9e3b-7f4a4f0f2002, prop=0x02
05-17 12:17:58.672  1928  2656 I bt_stack: [INFO:bta_gattc_cache.cc(108)] <=--------------=End Server Cache =-----------=>
05-17 12:17:58.673  1928  2656 I bt_stack: [INFO:bta_gattc_act.cc(733)] bta_gattc_reset_discover_st
05-17 12:17:58.673  1928  2656 I bt_stack: [INFO:bta_gattc_main.cc(314)] bta_gattc_sm_execute: State 0x03, Event 0x1f0e
05-17 12:17:58.673  1928  2656 W bt_stack: [WARNING:bta_gattc_act.cc(893)] bta_gattc_disc_cmpl
05-17 12:17:58.673  1928  2656 I bt_stack: [INFO:bta_gattc_main.cc(314)] bta_gattc_sm_execute: State 0x02, Event 0x1f07
05-17 12:17:58.681  9421  9421 I MobBleScanRaw: device_id=40:A8:C0:A5:3F:12 rssi=-78 advertisement_b64=AgEaAgoMCv9MABAFBRjJ/zgAAAAAAAAAAAAAAAAAAAAAAAAAAAAAAAAAAAAAAAAAAAAAAAAAAAAAAAAAAAA= manufacturer_ids=[76] service_uuids=[]
05-17 12:17:58.685  9421  9421 I MobBleScanRaw: device_id=4A:4D:1F:FC:7C:6B rssi=-83 advertisement_b64=AgEaDf9MABYIAJdkUVb8Sx4AAAAAAAAAAAAAAAAAAAAAAAAAAAAAAAAAAAAAAAAAAAAAAAAAAAAAAAAAAAA= manufacturer_ids=[76] service_uuids=[]
05-17 12:17:58.724  1928  2656 I bt_stack: [INFO:gatt_utils.cc(1541)] MTU = 185
05-17 12:17:58.724  1928  2656 I bt_stack: [INFO:bta_gattc_main.cc(314)] bta_gattc_sm_execute: State 0x02, Event 0x1f0f
05-17 12:17:58.725  9421  9489 D BluetoothGatt: onConfigureMTU() - Device=54186A_7 mtu=185 status=0
05-17 12:17:58.726  9421  9489 I MobBleFetch: {"v":1,"event":"fetch_mtu_request_result","request_id":"151245c8-54c2-407f-bdc3-8df92a03d7ea","target_address":"54:18:6A:E8:A8:D7","mtu":185,"gatt_status":0,"gatt_reason":"success","device_model":"SM-T577U","android_api":33,"adapter_state":"on","adapter_enabled":true}
05-17 12:17:58.727  9421  9489 I MobBleFetch: {"v":1,"event":"fetch_service_discovery_start","request_id":"151245c8-54c2-407f-bdc3-8df92a03d7ea","target_address":"54:18:6A:E8:A8:D7","service_uuid":"8f4f1201-6f3d-4f9c-9e3b-7f4a4f0f2000","device_model":"SM-T577U","android_api":33,"adapter_state":"on","adapter_enabled":true}
05-17 12:17:58.728  9421  9489 D BluetoothGatt: discoverServices() - device: 54186A_7
05-17 12:17:58.730  1928  2656 I bt_stack: [INFO:bta_gattc_main.cc(314)] bta_gattc_sm_execute: State 0x02, Event 0x1f09
05-17 12:17:58.731  1928  2656 I bt_stack: [INFO:bta_gattc_act.cc(1238)] bta_gattc_search: conn_id=0x0006
05-17 12:17:58.744  9421  9489 D BluetoothGatt: onSearchComplete() = Device=54186A_7 Status=0
05-17 12:17:58.745  9421  9489 I MobBleFetch: {"v":1,"event":"fetch_service_discovery_result","request_id":"151245c8-54c2-407f-bdc3-8df92a03d7ea","target_address":"54:18:6A:E8:A8:D7","gatt_status":0,"gatt_reason":"success","service_found":true,"device_model":"SM-T577U","android_api":33,"adapter_state":"on","adapter_enabled":true}
05-17 12:17:58.751  9421  9489 I MobBleFetch: {"v":1,"event":"fetch_characteristic_write_start","request_id":"151245c8-54c2-407f-bdc3-8df92a03d7ea","target_address":"54:18:6A:E8:A8:D7","characteristic_uuid":"8f4f1201-6f3d-4f9c-9e3b-7f4a4f0f2001","payload_size":59,"device_model":"SM-T577U","android_api":33,"adapter_state":"on","adapter_enabled":true}
05-17 12:17:58.754  1928  1941 D BtGatt.GattService: writeCharacteristic() - trying to acquire permit.
05-17 12:17:58.755  1928  2656 I bt_stack: [INFO:bta_gattc_main.cc(314)] bta_gattc_sm_execute: State 0x02, Event 0x1f05
05-17 12:17:58.755  1928  2656 I bt_stack: [INFO:bta_gattc_main.cc(314)] bta_gattc_sm_execute: State 0x02, Event 0x1f0f
05-17 12:17:58.756  1928  2050 D BtGatt.GattService: onWriteCharacteristic() - increasing permit for address=54186A_7
05-17 12:17:58.756  1928  2050 D BtGatt.GattService: onWriteCharacteristic() - address=54186A_7, status=0
05-17 12:17:58.758  9421  9489 I MobBleFetch: {"v":1,"event":"fetch_characteristic_write_result","request_id":"151245c8-54c2-407f-bdc3-8df92a03d7ea","target_address":"54:18:6A:E8:A8:D7","characteristic_uuid":"8f4f1201-6f3d-4f9c-9e3b-7f4a4f0f2001","gatt_status":0,"gatt_reason":"success","device_model":"SM-T577U","android_api":33,"adapter_state":"on","adapter_enabled":true}
05-17 12:17:58.759  9421  9489 I MobBleFetch: {"v":1,"event":"fetch_characteristic_read_start","request_id":"151245c8-54c2-407f-bdc3-8df92a03d7ea","target_address":"54:18:6A:E8:A8:D7","characteristic_uuid":"8f4f1201-6f3d-4f9c-9e3b-7f4a4f0f2002","device_model":"SM-T577U","android_api":33,"adapter_state":"on","adapter_enabled":true}
05-17 12:17:58.763  1928  2656 I bt_stack: [INFO:bta_gattc_main.cc(314)] bta_gattc_sm_execute: State 0x02, Event 0x1f04
05-17 12:17:58.798  9421  9489 D BluetoothGatt: onConnectionUpdated() - Device=54186A_7 interval=39 latency=0 timeout=500 status=0
05-17 12:17:58.818  9421  9481 I Elixir  : Mob.Dist: waiting for EPMD (adb reverse tcp:4369 tcp:4369)...
05-17 12:17:58.846  1928  2656 I bt_stack: [INFO:bta_gattc_main.cc(314)] bta_gattc_sm_execute: State 0x02, Event 0x1f0f
05-17 12:17:58.849  9421  9489 I MobBleFetch: {"v":1,"event":"fetch_characteristic_read_result","request_id":"151245c8-54c2-407f-bdc3-8df92a03d7ea","target_address":"54:18:6A:E8:A8:D7","characteristic_uuid":"8f4f1201-6f3d-4f9c-9e3b-7f4a4f0f2002","gatt_status":0,"gatt_reason":"success","payload_size":134,"device_model":"SM-T577U","android_api":33,"adapter_state":"on","adapter_enabled":true}
05-17 12:17:58.852  9421  9489 I MobBleFetch: {"v":1,"event":"fetch_response_received","request_id":"151245c8-54c2-407f-bdc3-8df92a03d7ea","target_address":"54:18:6A:E8:A8:D7","message_id_hash":"GfFhrxcqAcg=","status":"ok","envelope":"TVgBAP6O4g4Dc8YKVnsgM\/rVH4oAAAGeN1+b4QEUaW9zLWhhcm5lc3MtQjVDOTc4RjEAAlRYAAAZaW9zLWZ1bGwtZW52ZWxvcGUtc21va2UtMQ==","envelope_parse":"ok","reason":null,"device_model":"SM-T577U","android_api":33,"adapter_state":"on","adapter_enabled":true}
05-17 12:17:58.860  9421  9489 I MobBleFetch: {"v":1,"event":"fetch_client_disconnect","request_id":"151245c8-54c2-407f-bdc3-8df92a03d7ea","target_address":"54:18:6A:E8:A8:D7","phase":"characteristic_read","terminal_event":"complete","reason":"complete","device_model":"SM-T577U","android_api":33,"adapter_state":"on","adapter_enabled":true}
05-17 12:17:58.861  9421  9489 D BluetoothGatt: cancelOpen() - device: 54186A_7
05-17 12:17:58.863  1928  1941 D BtGatt.GattService: clientDisconnect(dev.mob.mob) - address=54186A_7, connId=6, clientIf: 6
05-17 12:17:58.867  1928  2656 I bt_stack: [INFO:bta_gattc_main.cc(314)] bta_gattc_sm_execute: State 0x02, Event 0x1f08
05-17 12:17:58.867  1928  2656 W bt_bta_gattc: bta_gattc_close
05-17 12:17:58.867  1928  2656 W bt_stack: conn_id=6
05-17 12:17:58.867  1928  2656 W bt_stack: gatt_if=6, is_add=0, peer_bda=54186a
05-17 12:17:58.867  1928  2656 W bt_stack: Hold link status of [54186a], size=1
05-17 12:17:58.867  1928  2656 W bt_stack: gatt_if : 6
05-17 12:17:58.867  1928  2656 W bt_stack: removed gatt_if=6
05-17 12:17:58.867  1928  2656 W bt_stack: [WARNING:eatt_impl.h(665)] disconnect 54186a
05-17 12:17:58.867  1928  2656 W bt_stack: [WARNING:eatt_impl.h(669)] disconnect no eatt device found
05-17 12:17:58.867  1928  2656 W bt_bta_gattc: bta_gattc_process_api_open_cancel
05-17 12:17:58.868  1928  2656 W bt_bta_gattc: Cancel GATT client background connection
05-17 12:17:58.868  1928  2656 W bt_bta_gattc: bta_gattc_cancel_bk_conn
05-17 12:17:58.868  1928  2656 E bt_stack: [ERROR:bta_gattc_utils.cc(447)] bta_gattc_mark_bg_conn unable to find the bg connection mask for bd_addr=54186a
05-17 12:17:58.870  1928  2050 D BtGatt.GattService: onDisconnected() - clientIf=6, connId=6, status=0, address=54186A_7
05-17 12:17:58.870  1928  2050 D BtGatt.GattService: onDisconnected() - removing permit for address=54186A_7
05-17 12:17:58.875  9421  9489 D BluetoothGatt: close()
05-17 12:17:58.884  9421  9489 D BluetoothGatt: unregisterApp() - mClientIf=6
05-17 12:17:58.887  1928  1941 D BtGatt.GattService: unregisterClient(dev.mob.mob) - clientIf=6
05-17 12:17:58.889  1928  1941 D BtGatt.ContextMap: remove() - id: 6
05-17 12:17:58.889  1928  1941 E BtGatt.ContextMap: remove() - removed: 6
05-17 12:17:58.890  1928  2656 W bt_bta_gattc: bta_gattc_deregister
05-17 12:17:58.890  1928  2656 I bt_stack: [INFO:gatt_api.cc(1111)] GATT_Deregister gatt_if=6
05-17 12:17:58.890  1928  2656 W bt_stack: gatt_if=6, is_add=0, peer_bda=54186a
05-17 12:17:58.890  1928  2656 W bt_stack: Hold link status of [54186a], size=0
05-17 12:17:58.891  1928  2656 W bt_stack: attempt to remove non-existing gatt_if=6
05-17 12:17:58.891  1928  2656 W bt_stack: on_app_deregistered :: app_id=6
05-17 12:17:58.891  1928  2656 I bt_stack: [INFO:gatt_api.cc(1164)] Initialize tGATT_REG
05-17 12:17:58.892  9421  9489 I MobBleFetch: {"v":1,"event":"fetch_client_closed","request_id":"151245c8-54c2-407f-bdc3-8df92a03d7ea","target_address":"54:18:6A:E8:A8:D7","phase":"characteristic_read","terminal_event":"complete","reason":"complete","device_model":"SM-T577U","android_api":33,"adapter_state":"on","adapter_enabled":true}
05-17 12:17:58.893  9421  9433 D BluetoothGatt: onClientConnectionState() - status=0 clientIf=6 device=54186A_7
05-17 12:17:58.929  9421  9481 I Elixir  : BridgeProtocol.decode received_message raw: %{v: 1, received_device_id: "54:18:6A:E8:A8:D7", rssi: -49, envelope: <<77, 88, 1, 0, 254, 142, 226, 14, 3, 115, 198, 10, 86, 123, 32, 51, 250, 213, 31, 138, 0, 0, 1, 158, 55, 95, 155, 225, 1, 20, 105, 111, 115, 45, 104, 97, 114, 110, 101, 115, 115, 45, 66, 53, 67, 57, 55, 56, 70, 49, 0, 2, 84, 88, 0, 0, 25, 105, 111, 115, 45, 102, 117, 108, 108, 45, 101, 110, 118, 101, 108, 111, 112, 101, 45, 115, 109, 111, 107, 101, 45, 49>>, sender_peer_id: "ios-harness-B5C978F1", message_id: <<254, 142, 226, 14, 3, 115, 198, 10, 86, 123, 32, 51, 250, 213, 31, 138>>, event: "received_message", recipient_peer_id: nil, received_at: 1779045478853, raw_transport_metadata: %{transport: "ble_android_gatt_fetch", received_device_id: "54:18:6A:E8:A8:D7", advertisement: <<2, 1, 26, 2, 10, 12, 17, 7, 0, 32, 15, 79, 74, 127, 59, 158, 156, 79, 61, 111, 1, 18, 79, 143, 19, 9, 109, 120, 49, 57, 102, 49, 54, 49, 97, 102, 49, 55, 50, 97, 48, 49, 99, 56, 0, 0, 0, 0, 0, 0, 0, 0, 0, 0, 0, 0, 0, 0,
05-17 12:17:58.929  9421  9481 I Elixir  : BleSelfTest: DISTINCT MESH MESSAGE kind=envelope key=696f732d6861726e6573732d4235433937384631:fe8ee20e0373c60a567b2033fad51f8a from=ios-harness-B5C978F1 device_id=54:18:6A:E8:A8:D7 first_seen_after=1_callbacks
05-17 12:17:58.931  9421  9458 I BEAMout : 12:17:58.929 [info] BridgeProtocol.decode received_message raw: %{v: 1, received_device_id: "54:18:6A:E8:A8:D7", rssi: -49, envelope: <<77, 88, 1, 0, 254, 142, 226, 14, 3, 115, 198, 10, 86, 123, 32, 51, 250, 213, 31, 138, 0, 0, 1, 158, 55, 95, 155, 225, 1, 20, 105, 111, 115, 45, 104, 97, 114, 110, 101, 115, 115, 45, 66, 53, 67, 57, 55, 56, 70, 49, 0, 2, 84, 88, 0, 0, 25, 105, 111, 115, 45, 102, 117, 108, 108, 45, 101, 110, 118, 101, 108, 111, 112, 101, 45, 115, 109, 111, 107, 101, 45, 49>>, sender_peer_id: "ios-harness-B5C978F1", message_id: <<254, 142, 226, 14, 3, 115, 198, 10, 86, 123, 32, 51, 250, 213, 31, 138>>, event: "received_message", recipient_peer_id: nil, received_at: 1779045478853, raw_transport_metadata: %{transport: "ble_android_gatt_fetch", received_device_id: "54:18:6A:E8:A8:D7", advertisement: <<2, 1, 26, 2, 10, 12, 17, 7, 0, 32, 15, 79, 74, 127, 59, 158, 156, 79, 61, 111, 1, 18, 79, 143, 19, 9, 109, 120, 49, 57, 102, 49, 54, 49, 97, 102, 49, 55, 50, 97, 48, 49, 99, 56, 0, 0, 0, 0, 0, 0, 0, 0, 0, 0, 0, 0, 0, 0, 0, 0, 0, 0>>, source_event: "gatt_fetch_response", message_payload: <<77, 88, 1, 0, 254, 142, 226, 14, 3, 115, 198, 10, 86, 123, 32, 51, 250, 213, 31, 138, 0, 0, 1, 158, 55, 95, 155, 225, 1, 20, 105, 111, 115, 45, 104, 97, 114, 110, 101, 115, 115, 45, 66, 53, 67, 57, 55, 56, 70, 49, 0, 2, 84, 88, 0, 0, 25, 105, 111, 115, 45, 102, 117, 108, 108, 45, 101, 110, 118, 101, 108, 111, 112, 101, 45, 115, 109, 111, 107, 101, 45, 49>>, manufacturer_data: "", company_identifier: 0, ad_type: 0}}
05-17 12:17:58.931  9421  9458 I BEAMout : 12:17:58.929 [info] BleSelfTest: DISTINCT MESH MESSAGE kind=envelope key=696f732d6861726e6573732d4235433937384631:fe8ee20e0373c60a567b2033fad51f8a from=ios-harness-B5C978F1 device_id=54:18:6A:E8:A8:D7 first_seen_after=1_callbacks
05-17 12:17:59.764   602   602 D io_stats: !@   8,0 r 1037649 33868852 w 601679 57401496 d 0 0 f 0 0 iot 520592 0 th 0 0 0 pt 0 inp 0 0 208727.337
05-17 12:17:59.869  1928  2656 W l2c_link: TODO: Remove this callback into bcm_sec_disconnect
05-17 12:17:59.871  1928  2282 W bt_stack: disconnect_le
05-17 12:17:59.871  1928  2282 W bt_stack: remove_device_from_background_connection_list 54:18:6a
05-17 12:17:59.916  1928  2282 W bt_stack: on_le_disconnect Handle : 0x40, Reason : 22
05-17 12:17:59.917  1928  2656 E bt_stack: Unable to find sco connection
05-17 12:17:59.917  1928  2282 W bt_stack: le_impl::remove() handle=0x40 addr=54:18:6a
05-17 12:17:59.917  1928  2282 W bt_stack: [Current Device list in background_connections_ set]
05-17 12:17:59.917  1928  2656 W l2c_link: l2c_link_hci_disc_comp lcb_is_free is 1
05-17 12:17:59.918  1928  2656 W bt_stack: gatt_le_connect_cback  connected : 0, reason : 22
05-17 12:17:59.918  1928  2656 W gatt_utils: gatt_cleanup_upon_disc
05-17 12:17:59.918  1928  2656 W gatt_utils: gatt_cleanup_upon_disc :: GATT_CH_CLOSE
05-17 12:17:59.918  1928  2656 I bt_stack: [INFO:gatt_attr.cc(347)] gatt_connect_cback: remove untrusted client status, bda=54:18:6a:e8:a8:d7
05-17 12:17:59.918  1928  2656 W btm_acl : NotifyAclLinkDown() xx:xx:xx:xx:a8:d7 link_up_issued is 1
05-17 12:17:59.918  1928  2656 W bt_btm_sec: Disconnection complete device:xx:xx:xx:xx:a8:d7 name: state:IDLE reason:Local Terminated Connection sec_req:0
05-17 12:17:59.918  1928  2656 E bta_gattc_main: Ignore unknown conn ID: 3
05-17 12:17:59.918  1928  2656 E bta_gattc_main: Ignore unknown conn ID: 4
05-17 12:17:59.918  1928  2656 E bta_gattc_main: Ignore unknown conn ID: 5
05-17 12:17:59.920  1928  2050 W BatteryService: getBatteryService(): service is NULL
05-17 12:17:59.921  1928  2050 D BluetoothDatabase: getProfileConnectionPolicy: device XX:XX:XX:E8:A8:D7 is not in cache
05-17 12:17:59.921  1928  2050 D BluetoothDatabase: getProfileConnectionPolicy: device XX:XX:XX:E8:A8:D7 is not in cache
05-17 12:17:59.922  1928  2050 D BluetoothDatabase: getProfileConnectionPolicy: device XX:XX:XX:E8:A8:D7 is not in cache
05-17 12:17:59.922  1928  2050 D BluetoothDatabase: getProfileConnectionPolicy: device XX:XX:XX:E8:A8:D7 is not in cache
05-17 12:17:59.922  1928  2050 D BluetoothDatabase: getProfileConnectionPolicy: device XX:XX:XX:E8:A8:D7 is not in cache
05-17 12:17:59.928  1928  2050 D BluetoothUtils: getBtEnabledContainers(): btContainers = []
05-17 12:17:59.928  1928  2050 E BluetoothRemoteDevices: RemoteException in calling IBluetoothConnectionCallback
05-17 12:17:59.928  1928  2050 E BluetoothRemoteDevices: RemoteException in calling IBluetoothConnectionCallback
05-17 12:17:59.929  1200  1540 I BluetoothDeviceBatteryManager: action: android.bluetooth.device.action.ACL_DISCONNECTED
05-17 12:17:59.929  1928  2050 E BluetoothRemoteDevices: RemoteException in calling IBluetoothConnectionCallback
05-17 12:17:59.929  1928  2050 E BluetoothRemoteDevices: RemoteException in calling IBluetoothConnectionCallback
05-17 12:17:59.929  1928  2050 D BluetoothDataManager: BluetoothDataManager :: notifyDisconnectReason() is called!!!
05-17 12:17:59.931  1613  1862 V BluetoothEventManager: onReceive :: android.bluetooth.device.action.ACL_DISCONNECTED
05-17 12:17:59.932  1928  1928 D BluetoothPbapService: action: android.bluetooth.device.action.ACL_DISCONNECTED
05-17 12:17:59.932  1613  1862 W BluetoothEventManager: AclStateChangedHandler: activeDevice is null
05-17 12:17:59.932  1200  1874 I SLocation: DeviceStatusNotiManager - received action : android.bluetooth.device.action.ACL_DISCONNECTED
05-17 12:17:59.935  1928  2050 D BluetoothUtils: getBtEnabledContainers(): btContainers = []
05-17 12:17:59.935  1928  2050 E BluetoothRemoteDevices: Remote class is UNCATEGORIZED
05-17 12:17:59.937  1613  1862 V BluetoothEventManager: onReceive :: android.bluetooth.device.action.NAME_CHANGED
05-17 12:17:59.938  1200  1540 I BluetoothDeviceBatteryManager: # Alias(mob-ipad) / Address(54186A_7)
05-17 12:17:59.940  1200  1540 I BluetoothDeviceBatteryManager: # BatteryLevel : -1
05-17 12:17:59.940  1200  1252 W libprocessgroup: Failed to open /dev/blkio//cgroup.procs: No such file or directory
05-17 12:17:59.941  1200  1252 W libprocessgroup: Failed to open /dev/blkio//cgroup.procs: No such file or directory
05-17 12:17:59.946  1928  1939 D BluetoothAdapterService: getBondedDevices, remove custom devices: 
05-17 12:17:59.947 30311  9492 I Nearby  : (REDACTED) is blocked device type %s, isAuto=%s, isIot=%s, isLatchsky=%s, isChinaWearable=%s, isTv=%s, isWearable=%s (supportWearOs=%s), isChromeOsDevice=%s (supportChromeOs=%s)
05-17 12:17:59.948  1928  1939 D BluetoothAdapterService: getBondedDevices, remove custom devices: 
05-17 12:17:59.949  1928  1939 D BluetoothAdapterService: getBondedDevices, remove custom devices: 
05-17 12:17:59.950 30311 30311 I NearbyDiscovery: (REDACTED) DiscoveryService onStartCommand action: %s
05-17 12:17:59.950 30311 30311 I NearbyDiscovery: (REDACTED) onAclChange: state=%s, transport=%s, %s
05-17 12:17:59.953 25144 25144 I aahm    : onReceive
05-17 12:17:59.954 25144 25160 I abvn    : (REDACTED) bluetoothConnectionStateChanged. Action: %s
05-17 12:17:59.961  1928  1939 D BluetoothAdapterService: getBondedDevices, remove custom devices: 
05-17 12:17:59.962 25144 25160 I abuo    : Deinitializing Gemini service client
05-17 12:17:59.962 25144 25160 I abut    : Deinitializing PhoneMediaHandler
05-17 12:17:59.969 30311 30321 W WearableService: onGetService: Wear is not available on this device. Calling package: com.google.android.googlequicksearchbox
