--------- beginning of system
05-17 12:17:49.395  1200  2364 D ActivityManager: force stop from com.android.server.am.ActivityManagerService.forceStopPackage:4779 com.android.server.am.ActivityManagerShellCommand.runForceStop:1236 
05-17 12:17:49.396  1200  2364 I ActivityManager: Force stopping dev.mob.mob appid=10313 user=0: from pid 9402
--------- beginning of main
05-17 12:17:49.403  1567  1567 D CarrierSvcBindHelper: onHandleForceStop: [dev.mob.mob]
05-17 12:17:49.403  1567  1567 D CarrierSvcBindHelper: No carrier app for: 0
05-17 12:17:49.403  1567  1567 D CarrierSvcBindHelper: No carrier app for: 1
05-17 12:17:49.417  1200  1248 W BroadcastQueue: Background execution not allowed: receiving Intent { act=android.intent.action.PACKAGE_RESTARTED dat=package: flg=0x10 (has extras) } to android/com.kddi.android.CpaNotiReceiver
05-17 12:17:49.427  1948  1948 D RegisteredNfcFServicesCache: Service unchanged, not updating
05-17 12:17:49.534  1200  1248 I SemDvfsHyPerManager: acquire hyper - APP_LAUNCH/1200@25, type = -999
05-17 12:17:49.535   864   921 I HYPER-HAL: [RequestManager.cpp]acquire(): Acquired ID : 750950  [1200 / 25]    HINT : APP_LAUNCH    list : 
05-17 12:17:49.535  1200  2364 D ActivityTaskManager: startActivityAsUser: callingPid=9410, callingUid=2000, caller=com.android.server.wm.ActivityTaskManagerService.startActivityAsUser:1828 com.android.server.am.ActivityManagerService.startActivityAsUserWithFeature:3760 com.android.server.am.ActivityManagerShellCommand.runStartActivity:656 com.android.server.am.ActivityManagerShellCommand.onCommand:222 com.android.modules.utils.BasicShellCommandHandler.exec:97 android.os.ShellCommand.exec:38 com.android.server.am.ActivityManagerService.onShellCommand:11315 
05-17 12:17:49.536   864   921 E HYPER-HAL: [HandlerSysfs.cpp]doResourceHandling(): Couldn't Open Sysfs - /sys/power/cstate_control
05-17 12:17:49.536  2905  2905 I SemDvfsHyPerManager: acquire hyper - APP_START_SHORT/2905@12, type = -999
05-17 12:17:49.536  1200  1240 I ChimeraSystemEventListener: appLaunchIntent package name is: dev.mob.mob
05-17 12:17:49.536   864   921 I HYPER-HAL: [RequestManager.cpp]acquire(): Acquired ID : 4255915  [2905 / 12]    HINT : APP_START    list : [TIMEOUT / 1500] 
05-17 12:17:49.536  1200  2364 I ActivityTaskManager: START u0 {flg=0x10000000 cmp=dev.mob.mob/.MainActivity (has extras)} from uid 2000
05-17 12:17:49.541  1200  2364 D CompatibilityChangeReporter: Compat change id reported: 194480991; UID 10313; state: ENABLED
05-17 12:17:49.541  1200  2364 D ActivityTaskManager: TaskLaunchParamsModifier:task=null activity=ActivityRecord{654064d u0 dev.mob.mob/.MainActivity} display-id=0 display-windowing-mode=1 suggested-display-area=DefaultTaskDisplayArea@8828587
05-17 12:17:49.541  1200  2364 D [secipm]: mSecIpmManager Preload dev.mob.mob dex files
05-17 12:17:49.541  1200  2364 D ActivityTaskManager: TaskLaunchParamsModifier:task=null activity=ActivityRecord{654064d u0 dev.mob.mob/.MainActivity} t-1} display-id=0 display-windowing-mode=1 suggested-display-area=DefaultTaskDisplayArea@8828587 non-freeform-display display-area=DefaultTaskDisplayArea@8828587 maximized-bounds
05-17 12:17:49.542  1200  2364 I SemDvfsHyPerManager: acquire hyper - AMS_ACT_START/1200@14, type = -999
05-17 12:17:49.542  1200  2364 D ActivityManagerPerformance: AMP_acquire() ACT_START
05-17 12:17:49.542   864   921 I HYPER-HAL: [RequestManager.cpp]acquire(): Acquired ID : 737519  [1200 / 14]    HINT : AMS_ACT_START    list : 
05-17 12:17:49.542   864   921 E HYPER-HAL: [HandlerSysfs.cpp]doResourceHandling(): Couldn't Open Sysfs - /sys/power/cstate_control
05-17 12:17:49.543   914  1114 I SurfaceFlinger: id=561 createSurf flag=24004, Task=427#561
05-17 12:17:49.544  1200  2364 D ActivityTaskManager: Top Process State changed to PROCESS_STATE_TOP_SLEEPING#2
05-17 12:17:49.544  1200  2364 D ActivityTaskManager: TaskLaunchParamsModifier:task=Task{8405502 #427 type=standard A=10313:dev.mob.mob U=0 visible=false visibleRequested=false mode=fullscreen translucent=true sz=0} activity=ActivityRecord{654064d u0 dev.mob.mob/.MainActivity} t-1} display-from-task=0 display-id=0 display-windowing-mode=1 suggested-display-area=DefaultTaskDisplayArea@8828587 non-freeform-display display-area=DefaultTaskDisplayArea@8828587 maximized-bounds
05-17 12:17:49.544  1200  2364 D CompatibilityChangeReporter: Compat change id reported: 174042980; UID 10313; state: DISABLED
05-17 12:17:49.544  1200  2364 D CompatibilityChangeReporter: Compat change id reported: 184838306; UID 10313; state: DISABLED
05-17 12:17:49.544  1200  2364 D CompatibilityChangeReporter: Compat change id reported: 185004937; UID 10313; state: DISABLED
05-17 12:17:49.544  1200  2364 D CompatibilityChangeReporter: Compat change id reported: 181136395; UID 10313; state: DISABLED
05-17 12:17:49.544  1200  2364 D CompatibilityChangeReporter: Compat change id reported: 174042936; UID 10313; state: DISABLED
05-17 12:17:49.545   914  1114 I SurfaceFlinger: id=562 createSurf flag=80004, ActivityRecord{654064d u0 dev.mob.mob/.MainActivity} t427}#562
05-17 12:17:49.545  1200  2364 D ActivityTaskManager: Temporarily retain top process state for launching app
05-17 12:17:49.546  1200  2364 W WindowManager: Prepare app transition: mNextAppTransitionRequests=[TRANSIT_OPEN], mNextAppTransitionFlags=, displayId: 0 Callers=com.android.server.wm.DisplayContent.prepareAppTransition:6543 com.android.server.wm.DisplayContent.prepareAppTransition:6534 com.android.server.wm.Task.startActivityLocked:6851 com.android.server.wm.ActivityStarter.startActivityInner:3105 com.android.server.wm.ActivityStarter.startActivityUnchecked:2522 
05-17 12:17:49.546  1200  2364 V WindowManager: Checking theme of starting window: 0x7f120005
05-17 12:17:49.546  1200  2364 V WindowManager: Translucent=false Floating=false ShowWallpaper=false Disable=false
05-17 12:17:49.546  1200  2364 D CompatibilityChangeReporter: Compat change id reported: 205907456; UID 10313; state: ENABLED
05-17 12:17:49.546  1200  2364 V WindowManager: Creating SplashScreenStartingData
05-17 12:17:49.546  1200  2364 D ActivityTaskManager: Add starting com.android.server.wm.ActivityRecord$AddStartingWindow@8a62850: typeParam=139
05-17 12:17:49.546  1200  2364 V WindowManager: Add starting com.android.server.wm.ActivityRecord$AddStartingWindow@8a62850: startingData=com.android.server.wm.SplashScreenStartingData@ce7ba49
05-17 12:17:49.546  1200  2364 V WindowManager: Added starting ActivityRecord{654064d u0 dev.mob.mob/.MainActivity} t427}: startingWindow=null startingView=com.android.server.wm.StartingSurfaceController$StartingSurface@6e2bf4e
05-17 12:17:49.546  1200  2364 D MARsPolicyManager: onPackageResumedFG pkgName = dev.mob.mob, userId = 0
05-17 12:17:49.548  1200  2364 W WindowManager: Prepare app transition: mNextAppTransitionRequests=[TRANSIT_OPEN, TRANSIT_OPEN], mNextAppTransitionFlags=, displayId: 0 Callers=com.android.server.wm.DisplayContent.prepareAppTransition:6543 com.android.server.wm.TaskFragment.resumeTopActivity:1628 com.android.server.wm.TaskFragment.resumeTopActivity:1354 com.android.server.wm.Task.resumeTopActivityInnerLocked:6685 com.android.server.wm.Task.resumeTopActivityUncheckedLocked:6576 
05-17 12:17:49.549  1200  2364 I Pageboost: stop alp
05-17 12:17:49.549  1200  2364 I SemDvfsHyPerManager: acquire hyper - AMS_APP_LAUNCH/1200@15, type = -999
05-17 12:17:49.549   864   921 I HYPER-HAL: [RequestManager.cpp]acquire(): Acquired ID : 738735  [1200 / 15]    HINT : AMS_APP_LAUNCH    list : 
05-17 12:17:49.549  2548  2548 E pageboostd: Received HALT command code 2
05-17 12:17:49.550   864   921 E HYPER-HAL: [HandlerSysfs.cpp]doResourceHandling(): Couldn't Open Sysfs - /sys/power/cstate_control
05-17 12:17:49.550  2905  2905 I SemDvfsHyPerManager: acquire hyper - APP_START/2905@14, type = -999
05-17 12:17:49.551   864   921 I HYPER-HAL: [RequestManager.cpp]acquire(): Acquired ID : 4261754  [2905 / 14]    HINT : APP_START    list : 
05-17 12:17:49.551  2413  2413 I TopTaskTracker: onTaskMovedToFront : taskId = 427
05-17 12:17:49.552  1200  1240 D CompatibilityChangeReporter: Compat change id reported: 135634846; UID 10313; state: DISABLED
05-17 12:17:49.552  1200  1240 D CompatibilityChangeReporter: Compat change id reported: 177438394; UID 10313; state: DISABLED
05-17 12:17:49.552  1200  1240 D CompatibilityChangeReporter: Compat change id reported: 135772972; UID 10313; state: DISABLED
05-17 12:17:49.552  1200  1240 D CompatibilityChangeReporter: Compat change id reported: 135754954; UID 10313; state: ENABLED
05-17 12:17:49.552  1200  1249 D CompatibilityChangeReporter: Compat change id reported: 143937733; UID 10313; state: ENABLED
05-17 12:17:49.553   914   914 I SurfaceFlinger: SFWD update time=208717126328866
05-17 12:17:49.553  1613  1737 I SurfaceSyncer@57fef0d: new SurfaceSyncer() = android.view.ViewRootImpl.<init>:1168 android.view.ViewRootImpl.<init>:1304 android.view.WindowManagerGlobal.addView:530 com.android.wm.shell.startingsurface.StartingSurfaceDrawer.addWindow:614 com.android.wm.shell.startingsurface.StartingSurfaceDrawer.addSplashScreenStartingWindow:386 
05-17 12:17:49.555  1613  1749 D NativeCustomFrequencyManager: [NativeCFMS] BpCustomFrequencyManager::BpCustomFrequencyManager()
05-17 12:17:49.556  1200  2364 D InputTransport: Input channel constructed: '2e8b205', fd=974
05-17 12:17:49.556  1200  2364 D InputTransport: Input channel constructed: '2e8b205', fd=975
05-17 12:17:49.556  1200  2364 D InputTransport: Input channel constructed: '2e8b205', fd=976
05-17 12:17:49.556   914  1114 I SurfaceFlinger: id=563 createSurf flag=80004, 2e8b205 Splash Screen dev.mob.mob#563
05-17 12:17:49.556  1200  2364 V WindowManager: addWindow: ActivityRecord{654064d u0 dev.mob.mob/.MainActivity} t427} startingWindow=Window{2e8b205 u0 Splash Screen dev.mob.mob}
05-17 12:17:49.557  1200  2364 D InputTransport: Input channel destroyed: '2e8b205', fd=976
05-17 12:17:49.557  1613  1737 D InsetsController: onStateChanged: InsetsState: {mDisplayFrame=Rect(0, 0 - 1200, 1920), mDisplayCutout=DisplayCutout{insets=Rect(0, 0 - 0, 0) waterfall=Insets{left=0, top=0, right=0, bottom=0} boundingRect={Bounds=[Rect(0, 0 - 0, 0), Rect(0, 0 - 0, 0), Rect(0, 0 - 0, 0), Rect(0, 0 - 0, 0)]} cutoutPathParserInfo={CutoutPathParserInfo{displayWidth=0 displayHeight=0 physicalDisplayWidth=0 physicalDisplayHeight=0 density={0.0} cutoutSpec={} rotation={0} scale={0.0} physicalPixelDisplaySizeRatio={0.0}}}}, mRoundedCorners=RoundedCorners{[RoundedCorner{position=TopLeft, radius=26, center=Point(26, 26)}, RoundedCorner{position=TopRight, radius=26, center=Point(1174, 26)}, RoundedCorner{position=BottomRight, radius=26, center=Point(1174, 1894)}, RoundedCorner{position=BottomLeft, radius=26, center=Point(26, 1894)}]}  mRoundedCornerFrame=Rect(0, 0 - 1200, 1920), mPrivacyIndicatorBounds=PrivacyIndicatorBounds {static bounds=Rect(1112, 0 - 1200, 48) rotation=0}, mSources= { InsetsSource: {mType=ITYPE_STATUS_BAR, mFrame=[0,0][1200,48], mVisible=true, mInsetsRoundedCornerFrame=false}, InsetsSource: {mType=ITYPE_TOP_MANDATORY_GESTURES, mFrame=[0,0][1200,48], mVisible=true, mInsetsRoundedCornerFrame=false}, InsetsSource: {mType=ITYPE_TOP_TAPPABLE_ELEMENT, mFrame=[0,0][1200,48], mVisible=true, mInsetsRoundedCornerFrame=false}, InsetsSource: {mType=ITYPE_IME, mFrame=[0,0][0,0], mVisible=false, mInsetsRoundedCornerFrame=false} } host=Splash Screen dev.mob.mob from=android.view.ViewRootImpl.setView:1739
05-17 12:17:49.558  1613  1737 I ViewRootImpl@e8f350e[mob]: setView = android.widget.FrameLayout@b8d941a TM=true
05-17 12:17:49.559  1200  2364 D CoreBackPreview: Window{2e8b205 u0 Splash Screen dev.mob.mob}: Setting back callback OnBackInvokedCallbackInfo{mCallback=android.window.IOnBackInvokedCallback$Stub$Proxy@18e1c8b, mPriority=0}
05-17 12:17:49.559   837   837 D Zygote  : Forked child process 9421
05-17 12:17:49.560  1200  1249 I ActivityManager: Start proc 9421:dev.mob.mob/u0a313 for top-activity {dev.mob.mob/dev.mob.mob.MainActivity}
05-17 12:17:49.560  1200  1249 D DynamicHiddenApp_BGProtectManager: [SecIpm] it's a ML_TYPE_EMPTYPROCESS protected process dev.mob.mob
05-17 12:17:49.567  1613  1737 I ViewRootImpl@e8f350e[mob]: performTraversals params={(0,0)(fillxfill) sim={adjust=pan} ty=APPLICATION_STARTING fmt=TRANSLUCENT
05-17 12:17:49.567  1613  1737 I ViewRootImpl@e8f350e[mob]:   fl=81030118
05-17 12:17:49.567  1613  1737 I ViewRootImpl@e8f350e[mob]:   pfl=16000010
05-17 12:17:49.567  1613  1737 I ViewRootImpl@e8f350e[mob]:   bhv=DEFAULT
05-17 12:17:49.567  1613  1737 I ViewRootImpl@e8f350e[mob]:   fitSides= naviIconColor=0}
05-17 12:17:49.568  1613  1737 I ViewRootImpl@e8f350e[mob]: performTraversals mFirst=true windowShouldResize=true viewVisibilityChanged=false mForceNextWindowRelayout=false params={(0,0)(fillxfill) sim={adjust=pan} ty=APPLICATION_STARTING fmt=TRANSLUCENT
05-17 12:17:49.568  1613  1737 I ViewRootImpl@e8f350e[mob]:   fl=81030118
05-17 12:17:49.568  1613  1737 I ViewRootImpl@e8f350e[mob]:   pfl=16000010
05-17 12:17:49.568  1613  1737 I ViewRootImpl@e8f350e[mob]:   bhv=DEFAULT
05-17 12:17:49.568  1613  1737 I ViewRootImpl@e8f350e[mob]:   fitSides= naviIconColor=0}
05-17 12:17:49.568  1200  2364 V WindowManager: Relayout Window{2e8b205 u0 Splash Screen dev.mob.mob}: viewVisibility=0 req=1200x1920 d0
05-17 12:17:49.568  1200  2364 D RestrictionPolicy: isScreenCaptureEnabled : ret=true userId=0
05-17 12:17:49.568   914  1114 I SurfaceFlinger: id=564 createSurf flag=40004, Splash Screen dev.mob.mob$_1613#564
05-17 12:17:49.569  1200  2364 D WindowManager: makeSurface duration=1 name=Splash Screen dev.mob.mob$_1613
05-17 12:17:49.571  1200  2364 V WindowManager: Relayout hash=2e8b205, pid=1613, syncId=-1: mAttrs={(0,0)(fillxfill) sim={adjust=pan} ty=APPLICATION_STARTING fmt=TRANSLUCENT
05-17 12:17:49.571  1200  2364 V WindowManager:   fl=81030118
05-17 12:17:49.571  1200  2364 V WindowManager:   pfl=16000010
05-17 12:17:49.571  1200  2364 V WindowManager:   bhv=DEFAULT
05-17 12:17:49.571  1200  2364 V WindowManager:   fitSides= naviIconColor=0}
05-17 12:17:49.572  1613  1737 I ViewRootImpl@e8f350e[mob]: updateBlastSurfaceIfNeeded mBlastBufferQueue=null isSameSurfaceControl=false
05-17 12:17:49.573  1613  1737 I BLASTBufferQueue: new BLASTBufferQueue, mName= ViewRootImpl@e8f350e[mob] mNativeObject= 0x6edbc64c00 sc.mNativeObject= 0x6ef32b3040 caller= android.view.ViewRootImpl.updateBlastSurfaceIfNeeded:2939 android.view.ViewRootImpl.relayoutWindow:9990 android.view.ViewRootImpl.performTraversals:3919 android.view.ViewRootImpl.doTraversal:3151 android.view.ViewRootImpl$TraversalRunnable.run:11068 android.view.Choreographer$CallbackRecord.run:1321 android.view.Choreographer$CallbackRecord.run:1329 android.view.Choreographer.doCallbacks:930 android.view.Choreographer.doFrame:859 android.view.Choreographer$FrameDisplayEventReceiver.run:1303 
05-17 12:17:49.573  1613  1737 I BLASTBufferQueue: update, w= 1200 h= 1920 mName = ViewRootImpl@e8f350e[mob] mNativeObject= 0x6edbc64c00 sc.mNativeObject= 0x6ef32b3040 format= -3 caller= android.graphics.BLASTBufferQueue.<init>:84 android.view.ViewRootImpl.updateBlastSurfaceIfNeeded:2939 android.view.ViewRootImpl.relayoutWindow:9990 android.view.ViewRootImpl.performTraversals:3919 android.view.ViewRootImpl.doTraversal:3151 android.view.ViewRootImpl$TraversalRunnable.run:11068 
05-17 12:17:49.573  1613  1737 I ViewRootImpl@e8f350e[mob]: Relayout returned: old=(0,0,1200,1920) new=(0,0,1200,1920) req=(1200,1920)0 dur=4 res=0x3 s={true 0x6ec2b65800} ch=true seqId=0
05-17 12:17:49.573  1613  1737 I ViewRootImpl@e8f350e[mob]: mThreadedRenderer.initialize() mSurface={isValid=true 0x6ec2b65800} hwInitialized=true
05-17 12:17:49.574  1613  1749 D OpenGLRenderer: eglCreateWindowSurface
05-17 12:17:49.574  1613  1737 I ViewRootImpl@e8f350e[mob]: reportNextDraw android.view.ViewRootImpl.performTraversals:4473 android.view.ViewRootImpl.doTraversal:3151 android.view.ViewRootImpl$TraversalRunnable.run:11068 android.view.Choreographer$CallbackRecord.run:1321 android.view.Choreographer$CallbackRecord.run:1329 
05-17 12:17:49.574  1613  1737 I ViewRootImpl@e8f350e[mob]: Setup new sync id=0
05-17 12:17:49.574  1613  1737 I ViewRootImpl@e8f350e[mob]: Setting syncFrameCallback
05-17 12:17:49.574  1613  1737 I ViewRootImpl@e8f350e[mob]: registerCallbacksForSync syncBuffer=false
05-17 12:17:49.577  1613  1854 I ViewRootImpl@e8f350e[mob]: Received frameDrawingCallback syncResult=0 frameNum=1.
05-17 12:17:49.577  1613  1854 I ViewRootImpl@e8f350e[mob]: Setting up sync and frameCommitCallback
05-17 12:17:49.578  9421  9421 I dev.mob.mob: Late-enabling -Xcheck:jni
05-17 12:17:49.580  1613  1749 I BLASTBufferQueue: [ViewRootImpl@e8f350e[mob]#39](f:0,a:0,s:0) onFrameAvailable the first frame is available
05-17 12:17:49.581  1613  1749 I ViewRootImpl@e8f350e[mob]: Received frameCommittedCallback lastAttemptedDrawFrameNum=1 didProduceBuffer=true
05-17 12:17:49.581  1613  1749 D OpenGLRenderer: CFMS:: SetUp Pid : 1613    Tid : 1749
05-17 12:17:49.584  1613  1737 I ViewRootImpl@e8f350e[mob]: onSyncComplete
05-17 12:17:49.584  1613  1737 I ViewRootImpl@e8f350e[mob]: setupSync seqId=0 mSyncId=0 fn=1 caller=android.view.ViewRootImpl$$ExternalSyntheticLambda11.accept:6 android.window.SurfaceSyncer.lambda$setupSync$1$android-window-SurfaceSyncer:168 android.window.SurfaceSyncer$$ExternalSyntheticLambda1.accept:8 android.window.SurfaceSyncer$SyncSet.checkIfSyncIsComplete:495 android.window.SurfaceSyncer$SyncSet.markSyncReady:454 android.window.SurfaceSyncer.markSyncReady:191 android.view.ViewRootImpl.performTraversals:4538 
05-17 12:17:49.584  1613  1737 I ViewRootImpl@e8f350e[mob]: reportDrawFinished seqId=0 mSyncId=-1 fn=1 mSurfaceChangedTransaction=0x6ed6508100
05-17 12:17:49.585  1200  2364 D WindowManager: finishDrawingWindow: Window{2e8b205 u0 Splash Screen dev.mob.mob} mDrawState=DRAW_PENDING seqId=0
05-17 12:17:49.585  1200  2364 V WindowManager: Finishing drawing window Window{2e8b205 u0 Splash Screen dev.mob.mob}: mDrawState=DRAW_PENDING
05-17 12:17:49.585  1200  2364 V WindowManager: Draw state now committed in Window{2e8b205 u0 Splash Screen dev.mob.mob}
05-17 12:17:49.611  9421  9421 I dev.mob.mob: Using CollectorTypeCC GC.
05-17 12:17:49.616  2598  2604 I adbd    : jdwp connection from 9421
05-17 12:17:49.623  9421  9421 D nativeloader: Load libframework-connectivity-tiramisu-jni.so using APEX ns com_android_tethering for caller /apex/com.android.tethering/javalib/framework-connectivity-t.jar: ok
05-17 12:17:49.627  9421  9421 D ActivityThread: setConscryptValidator
05-17 12:17:49.627  9421  9421 D ActivityThread: setConscryptValidator - put
05-17 12:17:49.631  1200  2364 I ActivityManager: DSS OFF for dev.mob.mob
05-17 12:17:49.633  1200  2364 I DexController: getTaskHasActivityIsWaitingToRun: r=ActivityRecord{654064d u0 dev.mob.mob/.MainActivity} t427}, app=ProcessRecord{929686f 9421:dev.mob.mob/u0a313}
05-17 12:17:49.634  1200  2364 V WindowManager: rotationForOrientation(orient=SCREEN_ORIENTATION_USER (2), last=ROTATION_0 (0)); user=ROTATION_0 (0) 
05-17 12:17:49.634  1200  2364 D WindowManager: rotationForOrientation, orientationSource=Window{339d9e9 u0 NotificationShade}
05-17 12:17:49.634  1200  2364 V WindowManager: Computed rotation=ROTATION_0 (0) for display id=0 based on lastOrientation=SCREEN_ORIENTATION_USER (2) and oldRotation=ROTATION_0 (0), caller=com.android.server.wm.DisplayRotation.updateOrientation:432 com.android.server.wm.DisplayContent.updateOrientation:2003 com.android.server.wm.DisplayContent.updateOrientation:1903 com.android.server.wm.RootWindowContainer.ensureVisibilityAndConfig:2161 com.android.server.wm.ActivityTaskSupervisor.realStartActivityLocked:919 com.android.server.wm.RootWindowContainer$AttachApplicationHelper.test:4390 
05-17 12:17:49.636  1200  2364 D TspStateManager: updateCustomValue customSetting=
05-17 12:17:49.636  1200  2364 D TspStateManager: updateCustomValue customSetting=
05-17 12:17:49.637  1200  2364 D SGM:PkgDataHelper: notifyAppCreate(), pkgName: dev.mob.mob, userId: 0, sendRet: true
05-17 12:17:49.637  1200  1419 D SGM:FgCheckThread: onLooperPrepared(), msg: MSG_APP_CREATE, pkgName: dev.mob.mob, userId: 0
05-17 12:17:49.637  1200  2364 D ActivityTaskManager: scheduleTopResumedActivityChanged, onTop=true r=ActivityRecord{654064d u0 dev.mob.mob/.MainActivity} t427} caller=com.android.server.wm.ActivityTaskSupervisor.scheduleTopResumedActivityStateIfNeeded:2591 com.android.server.wm.ActivityTaskSupervisor.updateTopResumedActivityIfNeeded:2583 com.android.server.wm.TaskFragment.setResumedActivity:508 com.android.server.wm.TaskFragment.onActivityStateChanged:820 com.android.server.wm.ActivityRecord.setState:6665 com.android.server.wm.Task.minimalResumeActivityLocked:6379 
05-17 12:17:49.637  1200  2364 D InputDispatcher: Focused application(0): ActivityRecord{654064d u0 dev.mob.mob/.MainActivity} t427}
05-17 12:17:49.637  1200  2364 D SGM:FgCheckThread: TaskStackListener.onTaskFocusChanged(), taskId=427, focused=true
05-17 12:17:49.638  1200  2364 D SGM:FgCheckThread:   sendRunningComponentFocus(), pkgName: dev.mob.mob, userId: 0
05-17 12:17:49.638  1200  1419 D SGM:FgCheckThread: onLooperPrepared(), msg: MSG_TASK_FOCUSED, pkgName: dev.mob.mob, userId: 0
05-17 12:17:49.638  1200  1419 D SGM:FgCheckThread: handleTaskFocused().
05-17 12:17:49.638  1200  1419 D SGM:FgCheckThread:   handleTaskFocused(), pkgName: dev.mob.mob, userID:0
05-17 12:17:49.638  1200  1419 D SGM:FgCheckThread: handleResume().
05-17 12:17:49.638  1200  1419 D SGM:SystemHelper: callReleaseBlock needReleaseBlock:false
05-17 12:17:49.638  1200  1419 D SGM:FgCheckThread:   handleResume(). device is locked yet. ignore
05-17 12:17:49.639  1200  2364 W WindowManager: Execute app transition: mNextAppTransitionRequests=[TRANSIT_OPEN, TRANSIT_OPEN], mNextAppTransitionFlags=, displayId: 0 Callers=com.android.server.wm.RootWindowContainer.executeAppTransitionForAllDisplay:2658 com.android.server.wm.ActivityTaskSupervisor.reportResumedActivityLocked:2343 com.android.server.wm.ActivityRecord.completeResumeLocked:7264 com.android.server.wm.Task.minimalResumeActivityLocked:6380 com.android.server.wm.ActivityTaskSupervisor.realStartActivityLocked:1151 
05-17 12:17:49.639  1200  2364 D ActivityTaskManager: scheduleTopResumedActivityChanged, onTop=false r=ActivityRecord{654064d u0 dev.mob.mob/.MainActivity} t427} caller=com.android.server.wm.ActivityTaskSupervisor.updateTopResumedActivityIfNeeded:2566 com.android.server.wm.TaskFragment.setResumedActivity:508 com.android.server.wm.TaskFragment.onActivityStateChanged:805 com.android.server.wm.ActivityRecord.setState:6665 com.android.server.wm.TaskFragment.startPausing:1950 com.android.server.wm.TaskFragment.startPausing:1887 
05-17 12:17:49.640  1200  1462 D AS.MultiSoundManager: mForegroundUid = 10313
05-17 12:17:49.641  1200  1240 I GameSDK@LifeCycle: noteResumeComponent(): package name  : dev.mob.mob
05-17 12:17:49.641  1200  1240 D SGM:FgCheckThread: noteResumeComponent(), received pkgName: dev.mob.mob, userId: 0
05-17 12:17:49.641  1200  1484 I CocktailBarManagerServiceContainer: handleMessage: entry what = 5
05-17 12:17:49.642  1200  1419 D SGM:FgCheckThread: onLooperPrepared(), msg: MSG_APP_RESUME, pkgName: dev.mob.mob, userid: 0
05-17 12:17:49.642  1200  1419 D SGM:FgCheckThread: handleResume().
05-17 12:17:49.642  1200  1419 D SGM:SystemHelper: callReleaseBlock needReleaseBlock:false
05-17 12:17:49.642  1200  1419 D SGM:FgCheckThread:   handleResume(). device is locked yet. ignore
05-17 12:17:49.642  1200  1433 V NetworkPolicy: getFirewallRuleWifi UID:10313 policy:0
05-17 12:17:49.643  1200  1240 I ActivityManager: Changes in 10313 20 to 2, 0 to 15
05-17 12:17:49.643  5662  5662 I ActivityUtils: HomePackage : com.sec.android.app.launcher, resumePackageName : dev.mob.mob
05-17 12:17:49.643  1200  1240 I AppOps  : updateUidProcState uid: 10313 procState: 2 capability:15
05-17 12:17:49.644  1200  1240 I AppOps  : commitUidPendingStateLocked() :: UID - 10313, 700 > 200, 0 > 15
05-17 12:17:49.644  1200  1240 I ActivityManager: updateOomAdj start time is before than pendingPid added, don't delete it
05-17 12:17:49.645  2496  2542 I RequestManager_FLP: onOpChanged, op=0 / packageName=dev.mob.mob
05-17 12:17:49.645  1200  1257 D BatteryExternalStatsWorker: update stats : get-stats (63)
05-17 12:17:49.646  9421  9421 D CompatibilityChangeReporter: Compat change id reported: 171979766; UID 10313; state: ENABLED
05-17 12:17:49.646  1200  1240 I ActivityManager: updateOomAdj start time is before than pendingPid added, don't delete it
05-17 12:17:49.678  1200  1257 D BatteryExternalStatsWorker: Fetch WiFi data
05-17 12:17:49.678  1200  1257 D BatteryExternalStatsWorker: Update Rail Energy data
05-17 12:17:49.678  1200  1257 D BatteryExternalStatsWorker: Fetch Bluetooth data
05-17 12:17:49.678  1200  1257 D BatteryExternalStatsWorker: Fetch modem data
05-17 12:17:49.689  1200  2983 D TelephonyManager: requestModemActivityInfo: Sending result to app: ModemActivityInfo{ mTimestamp=209141750 mSleepTimeMs=199922767 mIdleTimeMs=2671876 mActivityStatsTechSpecificInfo=[{mRat=UNKNOWN,mFrequencyRange=UNKNOWN,mTxTimeMs[]=[0, 0, 0, 0, 0],mRxTimeMs=6537262}]}
05-17 12:17:49.740  1200  1257 D BatteryExternalStatsWorker: Update CPU state
05-17 12:17:49.740  1200  1257 I KernelWakelockReader: readKernelWakelockStats(false)
05-17 12:17:49.741   615  1187 W android.system.suspend@1.0-service: getWakeLockStats +
05-17 12:17:49.741   615  1187 I android.system.suspend@1.0-service: name: PowerManagerService.Display, isActive: 1, LC: 208717314, AC: 41, AT: 11560092, TT: 22410763
05-17 12:17:49.741   615  1187 I android.system.suspend@1.0-service: name: PowerManager.SuspendLockout, isActive: 1, LC: 208717314, AC: 41, AT: 11560092, TT: 22410802
05-17 12:17:49.742   615  1187 W android.system.suspend@1.0-service: getWakeLockStats -
05-17 12:17:49.742  1200  1257 D KernelWakelockReader: name=PowerManagerService.WakeLocks	 isActive=false	 lastChange=208717263	 activeCount=5057	 activeTime=0	 totalTime=3984891	 version=252	 time_delta=6118000
05-17 12:17:49.742  1200  1257 D KernelWakelockReader: name=PowerManagerService.Broadcasts	 isActive=false	 lastChange=197157794	 activeCount=40	 activeTime=0	 totalTime=19206	 version=252	 time_delta=0
05-17 12:17:49.742  1200  1257 D KernelWakelockReader: name=PowerManagerService.Display	 isActive=true	 lastChange=208717314	 activeCount=41	 activeTime=11560092	 totalTime=22410763	 version=252	 time_delta=371690000
05-17 12:17:49.742  1200  1257 D KernelWakelockReader: name=PowerManager.SuspendLockout	 isActive=true	 lastChange=208717314	 activeCount=41	 activeTime=11560092	 totalTime=22410802	 version=252	 time_delta=371690000
05-17 12:17:49.742  1200  1257 D KernelWakelockReader: name=PowerManagerService.Booting	 isActive=false	 lastChange=23130	 activeCount=1	 activeTime=0	 totalTime=8817	 version=252	 time_delta=0
05-17 12:17:49.742  1200  1257 I BatteryStatsImpl: updateKernelWakelocksLocked:: name=PowerManager.SuspendLockout / totalTime=22410802000 / mCount=41 / version=252
05-17 12:17:49.742  1200  1257 I BatteryStatsImpl: updateKernelWakelocksLocked:: name=PowerManagerService.Display / totalTime=22410763000 / mCount=41 / version=252
05-17 12:17:49.742  1200  1257 I BatteryStatsImpl: updateKernelWakelocksLocked:: name=PowerManagerService.WakeLocks / totalTime=3984891000 / mCount=5057 / version=252
05-17 12:17:49.742  1200  1257 I BatteryStatsImpl: updateKernelWakelocksLocked:: name=PowerManagerService.Broadcasts / totalTime=19206000 / mCount=40 / version=252
05-17 12:17:49.742  1200  1257 I BatteryStatsImpl: updateKernelWakelocksLocked:: name=PowerManagerService.Booting / totalTime=8817000 / mCount=1 / version=252
05-17 12:17:49.743  1200  1257 D BatteryExternalStatsWorker: Update Kernel wakelock & memory state
05-17 12:17:49.743  1200  1257 D BatteryExternalStatsWorker: Update RPM state
05-17 12:17:49.743  1200  1257 D BatteryExternalStatsWorker: Update bluetooth state
05-17 12:17:49.743  1200  1257 D BatteryExternalStatsWorker: mStats lock released
05-17 12:17:49.782  1200  1896 D MdnieScenarioControlService:  packageName : dev.mob.mob    className : dev.mob.mob.MainActivity
05-17 12:17:49.782  1200  1896 V MdnieScenarioControlService: setUIMode from UI function(3)
05-17 12:17:49.785  1200  1257 D BatteryExternalStatsWorker: Update wifi state
05-17 12:17:49.816  1200  1257 D BatteryExternalStatsWorker: Update modem state
05-17 12:17:49.816  1200  1257 D BatteryExternalStatsWorker: done updateExternalStatsLocked
05-17 12:17:49.846  1200  1261 E MARsVersionManager: Package name: com.sec.android.app.shealth cannot be found.android.content.pm.PackageManager$NameNotFoundException: com.sec.android.app.shealth
05-17 12:17:49.850  1200  1261 E MARsVersionManager: Package name: com.sec.android.app.shealth cannot be found.android.content.pm.PackageManager$NameNotFoundException: com.sec.android.app.shealth
05-17 12:17:49.851  1200  1261 E MARsVersionManager: Package name: com.sec.android.app.shealth cannot be found.android.content.pm.PackageManager$NameNotFoundException: com.sec.android.app.shealth
05-17 12:17:49.851  1200  1261 E MARsVersionManager: Package name: com.sec.android.app.shealth cannot be found.android.content.pm.PackageManager$NameNotFoundException: com.sec.android.app.shealth
05-17 12:17:49.851  1200  1261 E MARsVersionManager: Package name: com.sec.android.app.shealth cannot be found.android.content.pm.PackageManager$NameNotFoundException: com.sec.android.app.shealth
05-17 12:17:49.852  1200  1261 E MARsVersionManager: Package name: com.sec.android.app.shealth cannot be found.android.content.pm.PackageManager$NameNotFoundException: com.sec.android.app.shealth
05-17 12:17:49.852  1200  1261 E MARsVersionManager: Package name: com.sec.android.app.shealth cannot be found.android.content.pm.PackageManager$NameNotFoundException: com.sec.android.app.shealth
05-17 12:17:49.852  1200  1261 E MARsVersionManager: Package name: com.sec.android.app.shealth cannot be found.android.content.pm.PackageManager$NameNotFoundException: com.sec.android.app.shealth
05-17 12:17:49.852  1200  1261 E MARsVersionManager: Package name: com.sec.android.app.shealth cannot be found.android.content.pm.PackageManager$NameNotFoundException: com.sec.android.app.shealth
05-17 12:17:49.883  1200  1896 V MdnieScenarioControlService: mAclOffEnabled : false mAclPreviewState : false mAclCompensationState : false
05-17 12:17:49.973  9421  9421 D nativeloader: Configuring clns-4 for other apk /data/app/~~UC6wIvGeVrlKHhIhDLe_Xg==/dev.mob.mob-wQWBmKZUFc5Qql57dzte_w==/base.apk. target_sdk_version=34, uses_libraries=, library_path=/data/app/~~UC6wIvGeVrlKHhIhDLe_Xg==/dev.mob.mob-wQWBmKZUFc5Qql57dzte_w==/lib/arm64:/data/app/~~UC6wIvGeVrlKHhIhDLe_Xg==/dev.mob.mob-wQWBmKZUFc5Qql57dzte_w==/base.apk!/lib/arm64-v8a, permitted_path=/data:/mnt/expand:/data/user/0/dev.mob.mob
05-17 12:17:49.981  9421  9421 D nativeloader: Load libframework-connectivity-jni.so using APEX ns com_android_tethering for caller /apex/com.android.tethering/javalib/framework-connectivity.jar: ok
05-17 12:17:49.986  9421  9421 V GraphicsEnvironment: ANGLE Developer option for 'dev.mob.mob' set to: 'default'
05-17 12:17:49.987  9421  9421 V GraphicsEnvironment: ANGLE GameManagerService for dev.mob.mob: false
05-17 12:17:49.987  9421  9421 V GraphicsEnvironment: Neither updatable production driver nor prerelease driver is supported.
05-17 12:17:49.991  9421  9421 D NetworkSecurityConfig: Using Network Security Config from resource network_security_config debugBuild: true
05-17 12:17:50.046  9421  9421 D NetworkSecurityConfig: Using Network Security Config from resource network_security_config debugBuild: true
05-17 12:17:50.060  9421  9421 D CompatibilityChangeReporter: Compat change id reported: 183155436; UID 10313; state: ENABLED
05-17 12:17:50.078  9421  9421 I FirebaseApp: Device unlocked: initializing all Firebase APIs for app [DEFAULT]
05-17 12:17:50.094  9421  9421 I FirebaseInitProvider: FirebaseApp initialization successful
05-17 12:17:50.132  9421  9449 D OpenGLRenderer: RenderThread::requireGlContext()
05-17 12:17:50.140  1200  1240 W ActivityTaskManager: Activity top resumed state loss timeout for ActivityRecord{654064d u0 dev.mob.mob/.MainActivity} t427}
05-17 12:17:50.140  1200  1240 W ActivityTaskManager: Activity pause timeout for ActivityRecord{654064d u0 dev.mob.mob/.MainActivity} t427}
05-17 12:17:50.141  1200  1240 D SGM:FgCheckThread: notePauseComponent(), received pkgName: dev.mob.mob, userId: 0
05-17 12:17:50.141  1200  1484 I CocktailBarManagerServiceContainer: handleMessage: entry what = 6
05-17 12:17:50.146  9421  9421 D nativeloader: Load /data/app/~~UC6wIvGeVrlKHhIhDLe_Xg==/dev.mob.mob-wQWBmKZUFc5Qql57dzte_w==/lib/arm64/libmob_node.so using class loader ns clns-4 (caller=/data/app/~~UC6wIvGeVrlKHhIhDLe_Xg==/dev.mob.mob-wQWBmKZUFc5Qql57dzte_w==/base.apk!classes3.dex): ok
05-17 12:17:50.146  9421  9421 I MobNIF  : mob_ui_cache_class: looking up dev/mob/mob/MobBridge
05-17 12:17:50.147  9421  9449 D OpenGLRenderer: RenderThread::setGrContext()
05-17 12:17:50.166  9421  9421 I MobNIF  : mob_ui_cache_class: dev/mob/mob/MobBridge cached OK
05-17 12:17:50.168  9421  9421 I MobBleNif: mob_ble_cache_class: MobBleNative cached
05-17 12:17:50.182  1200  2364 I GenerationRegistry: mBackingStore.isClosed() : false
05-17 12:17:50.188  1200  2364 I GenerationRegistry: mBackingStore.isClosed() : false
05-17 12:17:50.195  9421  9421 I DecorView: [INFO] isPopOver=false config=true
05-17 12:17:50.196  9421  9421 I DecorView: updateCaptionType: isFloating=false isApplication=true hasWindowDecorCaption=false this=DecorView@d21ac7e[]
05-17 12:17:50.196  9421  9421 D DecorView: setCaptionType = 0, this = DecorView@d21ac7e[]
05-17 12:17:50.199  9421  9421 I DecorView: getCurrentDensityDpi: from real metrics. densityDpi=320 msg=resources_loaded
05-17 12:17:50.199  9421  9421 I DecorView: setWindowBackground: isPopOver=false color=ff000000 d=android.graphics.drawable.ColorDrawable@c2ba22c
05-17 12:17:50.222  1200  2364 D CompatibilityChangeReporter: Compat change id reported: 161145287; UID 10313; state: DISABLED
05-17 12:17:50.222  9421  9421 I MobBleNative: init: application context set
05-17 12:17:50.223  9421  9421 I MeshX   : registered BluetoothAdapter state receiver
05-17 12:17:50.223  9421  9421 I MeshX   : onCreate: MESHX_BLE_SELFTEST=1
05-17 12:17:50.236   864  9414 E HYPER-HAL: [HandlerSysfs.cpp]doResourceHandling(): Couldn't Open Sysfs - /sys/power/cstate_control
05-17 12:17:50.236   864  9414 I HYPER-HAL: [RequestManager.cpp]releaseLocked(): Released ID : 750950
05-17 12:17:50.237  9421  9421 I MeshX   : onCreate — handing off to BEAM
05-17 12:17:50.237  9421  9421 I MobBeam : mob_capture_beam_stdio: piping stdout/stderr to logcat (tag: BEAMout)
05-17 12:17:50.239  9421  9421 I MobNIF  : _mob_bridge_init_activity: MobBridge.init called
05-17 12:17:50.239  9421  9421 I MobBeam : mob_init_bridge: native lib dir = /data/app/~~UC6wIvGeVrlKHhIhDLe_Xg==/dev.mob.mob-wQWBmKZUFc5Qql57dzte_w==/lib/arm64
05-17 12:17:50.239  9421  9421 I MobBeam : mob_init_bridge: files dir = /data/user/0/dev.mob.mob/files
05-17 12:17:50.240  9421  9459 I MobBeam : mob_start_beam: re-dlopened self RTLD_GLOBAL: /data/app/~~UC6wIvGeVrlKHhIhDLe_Xg==/dev.mob.mob-wQWBmKZUFc5Qql57dzte_w==/lib/arm64/libmob_node.so
05-17 12:17:50.240  2413 26787 I RecentModel: onTaskStackChangedBackground
05-17 12:17:50.240  2905  4292 I SDHMS:l : onTaskStackChanged
05-17 12:17:50.246  9421  9421 I MSHandlerLifeCycle: check: return. pkg=dev.mob.mob parent=null callers=com.android.internal.policy.DecorView.setVisibility:4487 android.app.ActivityThread.handleResumeActivity:5491 android.app.servertransaction.ResumeActivityItem.execute:54 android.app.servertransaction.ActivityTransactionItem.execute:45 android.app.servertransaction.TransactionExecutor.executeLifecycleState:176 
05-17 12:17:50.246  9421  9421 I MSHandlerLifeCycle: removeMultiSplitHandler: no exist. decor=DecorView@d21ac7e[]
05-17 12:17:50.251  9421  9421 I SurfaceSyncer@7dbacf4: new SurfaceSyncer() = android.view.ViewRootImpl.<init>:1168 android.view.ViewRootImpl.<init>:1304 android.view.WindowManagerGlobal.addView:530 android.view.WindowManagerImpl.addView:170 android.app.ActivityThread.handleResumeActivity:5512 
05-17 12:17:50.253  9421  9449 D NativeCustomFrequencyManager: [NativeCFMS] BpCustomFrequencyManager::BpCustomFrequencyManager()
05-17 12:17:50.256  9421  9421 I DecorView: notifyKeepScreenOnChanged: keepScreenOn=false
05-17 12:17:50.257  1200  2364 D InputTransport: Input channel constructed: 'fcbc6b ', fd=980
05-17 12:17:50.257  1200  2364 D InputTransport: Input channel constructed: 'fcbc6b ', fd=981
05-17 12:17:50.257  1200  2364 D InputTransport: Input channel constructed: 'fcbc6b ', fd=983
05-17 12:17:50.258   914  1114 I SurfaceFlinger: id=565 createSurf flag=80004, fcbc6b dev.mob.mob/dev.mob.mob.MainActivity#565
05-17 12:17:50.258  1200  2364 D RestrictionPolicy: isScreenCaptureEnabled : ret=true userId=0
05-17 12:17:50.259  1200  2364 D InputTransport: Input channel destroyed: 'fcbc6b ', fd=983
05-17 12:17:50.260  9421  9421 D InsetsController: onStateChanged: InsetsState: {mDisplayFrame=Rect(0, 0 - 1200, 1920), mDisplayCutout=DisplayCutout{insets=Rect(0, 0 - 0, 0) waterfall=Insets{left=0, top=0, right=0, bottom=0} boundingRect={Bounds=[Rect(0, 0 - 0, 0), Rect(0, 0 - 0, 0), Rect(0, 0 - 0, 0), Rect(0, 0 - 0, 0)]} cutoutPathParserInfo={CutoutPathParserInfo{displayWidth=0 displayHeight=0 physicalDisplayWidth=0 physicalDisplayHeight=0 density={0.0} cutoutSpec={} rotation={0} scale={0.0} physicalPixelDisplaySizeRatio={0.0}}}}, mRoundedCorners=RoundedCorners{[RoundedCorner{position=TopLeft, radius=26, center=Point(26, 26)}, RoundedCorner{position=TopRight, radius=26, center=Point(1174, 26)}, RoundedCorner{position=BottomRight, radius=26, center=Point(1174, 1894)}, RoundedCorner{position=BottomLeft, radius=26, center=Point(26, 1894)}]}  mRoundedCornerFrame=Rect(0, 0 - 1200, 1920), mPrivacyIndicatorBounds=PrivacyIndicatorBounds {static bounds=Rect(1112, 0 - 1200, 48) rotation=0}, mSources= { InsetsSource: {mType=ITYPE_STATUS_BAR, mFrame=[0,0][1200,48], mVisible=true, mInsetsRoundedCornerFrame=false}, InsetsSource: {mType=ITYPE_TOP_MANDATORY_GESTURES, mFrame=[0,0][1200,48], mVisible=true, mInsetsRoundedCornerFrame=false}, InsetsSource: {mType=ITYPE_TOP_TAPPABLE_ELEMENT, mFrame=[0,0][1200,48], mVisible=true, mInsetsRoundedCornerFrame=false}, InsetsSource: {mType=ITYPE_IME, mFrame=[0,0][0,0], mVisible=false, mInsetsRoundedCornerFrame=false} } host=dev.mob.mob/dev.mob.mob.MainActivity from=android.view.ViewRootImpl.setView:1739
05-17 12:17:50.262  1200  2364 D CoreBackPreview: Window{fcbc6b u0 dev.mob.mob/dev.mob.mob.MainActivity}: Setting back callback OnBackInvokedCallbackInfo{mCallback=android.window.IOnBackInvokedCallback$Stub$Proxy@693bc61, mPriority=0}
05-17 12:17:50.262  9421  9421 I ViewRootImpl@ff32c1d[MainActivity]: setView = com.android.internal.policy.DecorView@d21ac7e TM=true
05-17 12:17:50.265  9421  9421 D DecorView: isDeviceLocked = false
05-17 12:17:50.265  9421  9421 I MSHandlerLifeCycle: check: return. pkg=dev.mob.mob mode=fullscreen op=true locked=false callers=com.android.internal.policy.DecorView.setVisibility:4487 android.app.Activity.makeVisible:6819 android.app.ActivityThread.handleResumeActivity:5556 android.app.servertransaction.ResumeActivityItem.execute:54 android.app.servertransaction.ActivityTransactionItem.execute:45 
05-17 12:17:50.265  9421  9421 I MSHandlerLifeCycle: removeMultiSplitHandler: no exist. decor=DecorView@d21ac7e[MainActivity]
05-17 12:17:50.410  1200  2364 I GenerationRegistry: mBackingStore.isClosed() : false
05-17 12:17:50.474  9421  9421 W dev.mob.mob: Method boolean androidx.compose.runtime.snapshots.SnapshotStateList.conditionalUpdate(boolean, kotlin.jvm.functions.Function1) failed lock verification and will run slower.
05-17 12:17:50.474  9421  9421 W dev.mob.mob: Common causes for lock verification issues are non-optimized dex code
05-17 12:17:50.474  9421  9421 W dev.mob.mob: and incorrect proguard optimizations.
05-17 12:17:50.474  9421  9421 W dev.mob.mob: Method boolean androidx.compose.runtime.snapshots.SnapshotStateList.conditionalUpdate$default(androidx.compose.runtime.snapshots.SnapshotStateList, boolean, kotlin.jvm.functions.Function1, int, java.lang.Object) failed lock verification and will run slower.
05-17 12:17:50.474  9421  9421 W dev.mob.mob: Method java.lang.Object androidx.compose.runtime.snapshots.SnapshotStateList.mutate(kotlin.jvm.functions.Function1) failed lock verification and will run slower.
05-17 12:17:50.474  9421  9421 W dev.mob.mob: Method void androidx.compose.runtime.snapshots.SnapshotStateList.update(boolean, kotlin.jvm.functions.Function1) failed lock verification and will run slower.
05-17 12:17:50.475  9421  9421 W dev.mob.mob: Method void androidx.compose.runtime.snapshots.SnapshotStateList.update$default(androidx.compose.runtime.snapshots.SnapshotStateList, boolean, kotlin.jvm.functions.Function1, int, java.lang.Object) failed lock verification and will run slower.
05-17 12:17:50.527  9421  9421 I ViewRootImpl@ff32c1d[MainActivity]: performTraversals params={(0,0)(fillxfill) sim={adjust=resize forwardNavigation} ty=BASE_APPLICATION
05-17 12:17:50.527  9421  9421 I ViewRootImpl@ff32c1d[MainActivity]:   fl=1810100
05-17 12:17:50.527  9421  9421 I ViewRootImpl@ff32c1d[MainActivity]:   pfl=16020040
05-17 12:17:50.527  9421  9421 I ViewRootImpl@ff32c1d[MainActivity]:   vsysui=2010
05-17 12:17:50.527  9421  9421 I ViewRootImpl@ff32c1d[MainActivity]:   apr=LIGHT_STATUS_BARS LIGHT_NAVIGATION_BARS
05-17 12:17:50.527  9421  9421 I ViewRootImpl@ff32c1d[MainActivity]:   bhv=DEFAULT
05-17 12:17:50.527  9421  9421 I ViewRootImpl@ff32c1d[MainActivity]:   fitSides= naviIconColor=0
05-17 12:17:50.527  9421  9421 I ViewRootImpl@ff32c1d[MainActivity]:   sfl=100000}
05-17 12:17:50.532  9421  9421 I ViewRootImpl@ff32c1d[MainActivity]: performTraversals mFirst=true windowShouldResize=true viewVisibilityChanged=false mForceNextWindowRelayout=false params={(0,0)(fillxfill) sim={adjust=resize forwardNavigation} ty=BASE_APPLICATION
05-17 12:17:50.532  9421  9421 I ViewRootImpl@ff32c1d[MainActivity]:   fl=1810100
05-17 12:17:50.532  9421  9421 I ViewRootImpl@ff32c1d[MainActivity]:   pfl=16020040
05-17 12:17:50.532  9421  9421 I ViewRootImpl@ff32c1d[MainActivity]:   vsysui=2010
05-17 12:17:50.532  9421  9421 I ViewRootImpl@ff32c1d[MainActivity]:   apr=LIGHT_STATUS_BARS LIGHT_NAVIGATION_BARS
05-17 12:17:50.532  9421  9421 I ViewRootImpl@ff32c1d[MainActivity]:   bhv=DEFAULT
05-17 12:17:50.532  9421  9421 I ViewRootImpl@ff32c1d[MainActivity]:   fitSides= naviIconColor=0
05-17 12:17:50.532  9421  9421 I ViewRootImpl@ff32c1d[MainActivity]:   sfl=100000}
05-17 12:17:50.533  1200  2364 V WindowManager: Relayout Window{fcbc6b u0 dev.mob.mob/dev.mob.mob.MainActivity}: viewVisibility=0 req=1200x1920 d0
05-17 12:17:50.533  1200  2364 D RestrictionPolicy: isScreenCaptureEnabled : ret=true userId=0
05-17 12:17:50.533   914  1114 I SurfaceFlinger: id=566 createSurf flag=40004, dev.mob.mob/dev.mob.mob.MainActivity$_9421#566
05-17 12:17:50.534  1200  2364 D WindowManager: makeSurface duration=1 name=dev.mob.mob/dev.mob.mob.MainActivity$_9421
05-17 12:17:50.538  1200  2364 V WindowManager: Relayout hash=fcbc6b, pid=9421, syncId=-1: mAttrs={(0,0)(fillxfill) sim={adjust=resize forwardNavigation} ty=BASE_APPLICATION
05-17 12:17:50.538  1200  2364 V WindowManager:   fl=1810100
05-17 12:17:50.538  1200  2364 V WindowManager:   pfl=16020040
05-17 12:17:50.538  1200  2364 V WindowManager:   vsysui=2010
05-17 12:17:50.538  1200  2364 V WindowManager:   apr=LIGHT_STATUS_BARS LIGHT_NAVIGATION_BARS
05-17 12:17:50.538  1200  2364 V WindowManager:   bhv=DEFAULT
05-17 12:17:50.538  1200  2364 V WindowManager:   fitSides= naviIconColor=0
05-17 12:17:50.538  1200  2364 V WindowManager:   sfl=100000}
05-17 12:17:50.540  9421  9421 I ViewRootImpl@ff32c1d[MainActivity]: updateBlastSurfaceIfNeeded mBlastBufferQueue=null isSameSurfaceControl=false
05-17 12:17:50.541  9421  9421 I BLASTBufferQueue: new BLASTBufferQueue, mName= ViewRootImpl@ff32c1d[MainActivity] mNativeObject= 0x6f75d5d000 sc.mNativeObject= 0x6f77de3440 caller= android.view.ViewRootImpl.updateBlastSurfaceIfNeeded:2939 android.view.ViewRootImpl.relayoutWindow:9990 android.view.ViewRootImpl.performTraversals:3919 android.view.ViewRootImpl.doTraversal:3151 android.view.ViewRootImpl$TraversalRunnable.run:11068 android.view.Choreographer$CallbackRecord.run:1321 android.view.Choreographer$CallbackRecord.run:1329 android.view.Choreographer.doCallbacks:930 android.view.Choreographer.doFrame:859 android.view.Choreographer$FrameDisplayEventReceiver.run:1303 
05-17 12:17:50.541  9421  9421 I BLASTBufferQueue: update, w= 1200 h= 1920 mName = ViewRootImpl@ff32c1d[MainActivity] mNativeObject= 0x6f75d5d000 sc.mNativeObject= 0x6f77de3440 format= -1 caller= android.graphics.BLASTBufferQueue.<init>:84 android.view.ViewRootImpl.updateBlastSurfaceIfNeeded:2939 android.view.ViewRootImpl.relayoutWindow:9990 android.view.ViewRootImpl.performTraversals:3919 android.view.ViewRootImpl.doTraversal:3151 android.view.ViewRootImpl$TraversalRunnable.run:11068 
05-17 12:17:50.541  9421  9421 I ViewRootImpl@ff32c1d[MainActivity]: Relayout returned: old=(0,0,1200,1920) new=(0,0,1200,1920) req=(1200,1920)0 dur=8 res=0x3 s={true 0x6f77de6000} ch=true seqId=0
05-17 12:17:50.542  9421  9421 I ViewRootImpl@ff32c1d[MainActivity]: mThreadedRenderer.initialize() mSurface={isValid=true 0x6f77de6000} hwInitialized=true
05-17 12:17:50.544   853   853 I display : getColorModes:: is not supported
05-17 12:17:50.544   853   853 I display : getColorModes:: is not supported
05-17 12:17:50.544   914  1114 E HWComposer: getSupportedContentTypes: getSupportedContentTypes failed for display 0: Unsupported (8)
05-17 12:17:50.545  9421  9449 D OpenGLRenderer: eglCreateWindowSurface
05-17 12:17:50.546  1200  1240 I SemDvfsHyPerManager: acquire hyper - AMS_RESUME_TAIL/1200@16, type = -999
05-17 12:17:50.546  1200  1240 I SemDvfsHyPerManager: acquire hyper - AMS_ACT_LAZY/1200@17, type = -999
05-17 12:17:50.546  1200  1240 D ActivityManagerPerformance: AMP_acquire() TAIL
05-17 12:17:50.546  1200  1240 D ActivityManagerPerformance: AMP_release() ACT_START
05-17 12:17:50.546  1200  1240 I ActivityManager: Changes in 10313 2 to 12, 15 to 0
05-17 12:17:50.546   864   921 I HYPER-HAL: [RequestManager.cpp]acquire(): Acquired ID : 739952  [1200 / 16]    HINT : AMS_RESUME_TAIL    list : 
05-17 12:17:50.547   864   921 E HYPER-HAL: [HandlerSysfs.cpp]doResourceHandling(): Couldn't Open Sysfs - /sys/power/cstate_control
05-17 12:17:50.547   864   921 E HYPER-HAL: [HandlerSysfs.cpp]doResourceHandling(): Couldn't Open Sysfs - /sys/power/cstate_control
05-17 12:17:50.547   864   921 I HYPER-HAL: [RequestManager.cpp]releaseLocked(): Released ID : 737519
05-17 12:17:50.547   561   561 I hwservicemanager: getTransport: Cannot find entry android.hardware.graphics.mapper@4.0::IMapper/default in either framework or device VINTF manifest.
05-17 12:17:50.547  9421  9462 I Gralloc4: mapper 4.x is not supported
05-17 12:17:50.550   561   561 I hwservicemanager: getTransport: Cannot find entry android.hardware.graphics.mapper@3.0::IMapper/default in either framework or device VINTF manifest.
05-17 12:17:50.550   864  9417 E HYPER-HAL: [HandlerSysfs.cpp]doResourceHandling(): Couldn't Open Sysfs - /sys/power/cstate_control
05-17 12:17:50.550   864  9417 I HYPER-HAL: [RequestManager.cpp]releaseLocked(): Released ID : 738735
05-17 12:17:50.550  9421  9462 W Gralloc3: mapper 3.x is not supported
05-17 12:17:50.551  1200  1252 W libprocessgroup: Failed to open /dev/blkio//cgroup.procs: No such file or directory
05-17 12:17:50.554 32141 32141 I Finsky  : [2] SCH: job service start with id 9132.
05-17 12:17:50.556  9421  9462 I gralloc : Arm Module v1.0
05-17 12:17:50.558   561   561 I hwservicemanager: getTransport: Cannot find entry android.hardware.graphics.allocator@4.0::IAllocator/default in either framework or device VINTF manifest.
05-17 12:17:50.558   560  1004 I servicemanager: Could not find android.hardware.graphics.allocator.IAllocator/default in the VINTF manifest.
05-17 12:17:50.559  9421  9462 W Gralloc4: allocator 4.x is not supported
05-17 12:17:50.559   561   561 I hwservicemanager: getTransport: Cannot find entry android.hardware.graphics.allocator@3.0::IAllocator/default in either framework or device VINTF manifest.
05-17 12:17:50.560  9421  9421 I ViewRootImpl@ff32c1d[MainActivity]: reportNextDraw android.view.ViewRootImpl.performTraversals:4473 android.view.ViewRootImpl.doTraversal:3151 android.view.ViewRootImpl$TraversalRunnable.run:11068 android.view.Choreographer$CallbackRecord.run:1321 android.view.Choreographer$CallbackRecord.run:1329 
05-17 12:17:50.560  9421  9421 I ViewRootImpl@ff32c1d[MainActivity]: Setup new sync id=0
05-17 12:17:50.561  9421  9462 W Gralloc3: allocator 3.x is not supported
05-17 12:17:50.561  9421  9421 I ViewRootImpl@ff32c1d[MainActivity]: Setting syncFrameCallback
05-17 12:17:50.562  9421  9421 I ViewRootImpl@ff32c1d[MainActivity]: registerCallbacksForSync syncBuffer=false
05-17 12:17:50.590  9421  9465 I ViewRootImpl@ff32c1d[MainActivity]: Received frameDrawingCallback syncResult=0 frameNum=1.
05-17 12:17:50.590  9421  9465 I ViewRootImpl@ff32c1d[MainActivity]: Setting up sync and frameCommitCallback
05-17 12:17:50.604  9421  9449 I BLASTBufferQueue: [ViewRootImpl@ff32c1d[MainActivity]#0](f:0,a:0,s:0) onFrameAvailable the first frame is available
05-17 12:17:50.605  9421  9449 I ViewRootImpl@ff32c1d[MainActivity]: Received frameCommittedCallback lastAttemptedDrawFrameNum=1 didProduceBuffer=true
