05-17 12:11:38.885  9058  9088 I BLASTBufferQueue: [ViewRootImpl@ff32c1d[MainActivity]#0](f:0,a:0,s:0) onFrameAvailable the first frame is available
05-17 12:11:38.886 32141  9103 I Finsky  : [304] SCH: Job 12-1 starting
05-17 12:11:38.887  9058  9088 I ViewRootImpl@ff32c1d[MainActivity]: Received frameCommittedCallback lastAttemptedDrawFrameNum=1 didProduceBuffer=true
05-17 12:11:38.888 32141 32141 I Finsky  : [2] WM::SCH: Logging work start for 12-1
05-17 12:11:38.888 32141 32141 I Finsky  : [2] [ContentSync] job started
05-17 12:11:38.889  9058  9088 D OpenGLRenderer: CFMS:: SetUp Pid : 9058    Tid : 9088
05-17 12:11:38.895  9058  9058 I ViewRootImpl@ff32c1d[MainActivity]: onSyncComplete
05-17 12:11:38.896  9058  9058 I ViewRootImpl@ff32c1d[MainActivity]: setupSync seqId=0 mSyncId=0 fn=1 caller=android.view.ViewRootImpl$$ExternalSyntheticLambda11.accept:6 android.window.SurfaceSyncer.lambda$setupSync$1$android-window-SurfaceSyncer:168 android.window.SurfaceSyncer$$ExternalSyntheticLambda1.accept:8 android.window.SurfaceSyncer$SyncSet.checkIfSyncIsComplete:495 android.window.SurfaceSyncer$SyncSet.markSyncReady:454 android.window.SurfaceSyncer.markSyncReady:191 android.view.ViewRootImpl.performTraversals:4538 
05-17 12:11:38.901  9058  9058 I ViewRootImpl@ff32c1d[MainActivity]: reportDrawFinished seqId=0 mSyncId=-1 fn=1 mSurfaceChangedTransaction=0x6f75d27000
05-17 12:11:38.901  1200  2020 D WindowManager: finishDrawingWindow: Window{74e43f0 u0 dev.mob.mob/dev.mob.mob.MainActivity} mDrawState=DRAW_PENDING seqId=0
05-17 12:11:38.904  9058  9058 I ViewRootImpl@ff32c1d[MainActivity]: stopped(true) old = false
05-17 12:11:38.904  9058  9058 I ViewRootImpl@ff32c1d[MainActivity]: WindowStopped on dev.mob.mob/dev.mob.mob.MainActivity set to true
05-17 12:11:38.912  9058  9058 D DecorView: isDeviceLocked = false
05-17 12:11:38.912  9058  9058 I MSHandlerLifeCycle: check: return. pkg=dev.mob.mob mode=fullscreen op=true locked=false callers=com.android.internal.policy.DecorView.setVisibility:4487 android.app.ActivityThread.updateVisibility:5883 android.app.ActivityThread.handleStopActivity:5901 android.app.servertransaction.StopActivityItem.execute:43 android.app.servertransaction.ActivityTransactionItem.execute:45 
05-17 12:11:38.912  9058  9058 I MSHandlerLifeCycle: removeMultiSplitHandler: no exist. decor=DecorView@d21ac7e[MainActivity]
05-17 12:11:38.937  9058  9088 D OpenGLRenderer: setSurface called with nullptr
05-17 12:11:38.937  9058  9088 D OpenGLRenderer: setSurface() destroyed EGLSurface
05-17 12:11:38.937  9058  9088 D OpenGLRenderer: destroyEglSurface
05-17 12:11:38.939  9058  9058 I ViewRootImpl@ff32c1d[MainActivity]: performTraversals mFirst=false windowShouldResize=false viewVisibilityChanged=true mForceNextWindowRelayout=false params=null
05-17 12:11:38.940  1200  2020 V WindowManager: Relayout Window{74e43f0 u0 dev.mob.mob/dev.mob.mob.MainActivity}: viewVisibility=4 req=1200x1920 d0
05-17 12:11:38.941  1200  2020 V WindowManager: Relayout hash=74e43f0, pid=9058, syncId=-1: mAttrs={(0,0)(fillxfill) sim={adjust=resize forwardNavigation} ty=BASE_APPLICATION
05-17 12:11:38.941  1200  2020 V WindowManager:   fl=1810100
05-17 12:11:38.941  1200  2020 V WindowManager:   pfl=16020040
05-17 12:11:38.941  1200  2020 V WindowManager:   vsysui=2010
05-17 12:11:38.941  1200  2020 V WindowManager:   apr=LIGHT_STATUS_BARS LIGHT_NAVIGATION_BARS
05-17 12:11:38.941  1200  2020 V WindowManager:   bhv=DEFAULT
05-17 12:11:38.941  1200  2020 V WindowManager:   fitSides= naviIconColor=0
05-17 12:11:38.941  1200  2020 V WindowManager:   sfl=100000}
05-17 12:11:38.945  9058  9058 I ViewRootImpl@ff32c1d[MainActivity]: Relayout returned: old=(0,0,1200,1920) new=(0,0,1200,1920) req=(1200,1920)4 dur=5 res=0x2 s={false 0x0} ch=false seqId=0
05-17 12:11:38.945  5662  5662 I TrayVisibilityController: getComputedTrayVisible : keyguardState = 2
05-17 12:11:38.945  5662  5662 I TrayVisibilityController: updateTrayVisible: State=2 visible=1 mCurrentVisible=1 specificMode=0
05-17 12:11:38.945  5662  5662 I TrayStateController: onNotifyUpdateTray: state=0
05-17 12:11:38.951  1200  2020 V WindowManager: Setting visibility of Window{74e43f0 u0 dev.mob.mob/dev.mob.mob.MainActivity}: false, caller=com.android.server.wm.WindowContainer.sendAppVisibilityToClients:1295 com.android.server.wm.WindowToken.setClientVisible:453 com.android.server.wm.ActivityRecord.setClientVisible:7968 com.android.server.wm.ActivityRecord.notifyAppStopped:6841 com.android.server.wm.ActivityRecord.activityStopped:7449 
05-17 12:11:38.951  1200  2020 E WindowManager: win=Window{74e43f0 u0 dev.mob.mob/dev.mob.mob.MainActivity} destroySurfaces: appStopped=true cleanupOnResume=false win.mWindowRemovalAllowed=false win.mRemoveOnExit=false win.mViewVisibility=4 caller=com.android.server.wm.ActivityRecord.destroySurfaces:6798 com.android.server.wm.ActivityRecord.destroySurfaces:6779 com.android.server.wm.ActivityRecord.notifyAppStopped:6843 com.android.server.wm.ActivityRecord.activityStopped:7449 com.android.server.wm.ActivityClientController.activityStopped:274 android.app.IActivityClientController$Stub.onTransact:621 com.android.server.wm.ActivityClientController.onTransact:152 
05-17 12:11:38.951  1200  2020 I WindowManager: Destroying surface Surface(name=dev.mob.mob/dev.mob.mob.MainActivity$_9058)/@0x8c020e5 called by com.android.server.wm.WindowStateAnimator.destroySurface:955 com.android.server.wm.WindowStateAnimator.destroySurfaceLocked:537 com.android.server.wm.WindowState.destroySurfaceUnchecked:4533 com.android.server.wm.WindowState.destroySurface:4507 com.android.server.wm.ActivityRecord.destroySurfaces:6798 com.android.server.wm.ActivityRecord.destroySurfaces:6779 com.android.server.wm.ActivityRecord.notifyAppStopped:6843 com.android.server.wm.ActivityRecord.activityStopped:7449 
05-17 12:11:38.951  1200  2020 V WindowManager: Schedule remove starting ActivityRecord{18db5ea u0 dev.mob.mob/.MainActivity} t425} startingWindow=null startingView=null Callers=com.android.server.wm.ActivityRecord.removeStartingWindow:3352 com.android.server.wm.ActivityRecord.notifyAppStopped:6845 com.android.server.wm.ActivityRecord.activityStopped:7449 com.android.server.wm.ActivityClientController.activityStopped:274 android.app.IActivityClientController$Stub.onTransact:621 
05-17 12:11:38.952  1200  1241 V WindowManager: Removing startingView=com.android.server.wm.StartingSurfaceController$StartingSurface@dc2bfb7
05-17 12:11:38.952  1200  1241 D TaskOrganizerController: applyStartingWindowAnimation, window=Window{74e43f0 u0 dev.mob.mob/dev.mob.mob.MainActivity}, caller=com.android.server.wm.TaskOrganizerController.removeStartingWindow:595 com.android.server.wm.StartingSurfaceController$StartingSurface.remove:287 com.android.server.wm.ActivityRecord.lambda$removeStartingWindowAnimation$7:3417 
05-17 12:11:38.952  1200  1241 I WindowManager: Reparenting to leash, surface=Surface(name=74e43f0 dev.mob.mob/dev.mob.mob.MainActivity)/@0x9f1f7ba, leashParent=Surface(name=ActivityRecord{18db5ea u0 dev.mob.mob/.MainActivity} t425})/@0x95d566b
05-17 12:11:38.952   914  1114 I SurfaceFlinger: id=551 createSurf flag=24000, Surface(name=74e43f0 dev.mob.mob/dev.mob.mob.MainActivity)/@0x9f1f7ba - animation-leash of starting_reveal#551
05-17 12:11:38.953  9058  9058 I ViewRootImpl@ff32c1d[MainActivity]: handleAppVisibility mAppVisible = true visible = false
05-17 12:11:38.953  1200  1241 D WindowManager: makeSurface duration=1 leash=Surface(name=Surface(name=74e43f0 dev.mob.mob/dev.mob.mob.MainActivity)/@0x9f1f7ba - animation-leash of starting_reveal)/@0xed495c8
05-17 12:11:38.962   914   914 I Layer   : id=550 removeFromCurrentState dev.mob.mob/dev.mob.mob.MainActivity$_9058#550 (98)
05-17 12:11:38.963   914   914 I SurfaceFlinger: id=550 Removed dev.mob.mob/dev.mob.mob.MainActivity$_9058#550 (98)
05-17 12:11:38.963   914   914 I Layer   : id=550 Destroyed dev.mob.mob/dev.mob.mob.MainActivity$_9058#550
05-17 12:11:38.982  2905  2905 I SDHMS:LOAD: type: LoadsFreqs, value: 0:18:0:770380:1794000:650000:770380:1794000:650000:0:0:0
05-17 12:11:39.029  1613  1749 D OpenGLRenderer: setSurface called with nullptr
05-17 12:11:39.029  1613  1749 D OpenGLRenderer: setSurface() destroyed EGLSurface
05-17 12:11:39.029  1613  1749 D OpenGLRenderer: destroyEglSurface
05-17 12:11:39.030  1613  1737 I ViewRootImpl@f4bfd38[mob]: performTraversals params={(0,0)(fillxfill) sim={adjust=pan} ty=APPLICATION_STARTING fmt=TRANSLUCENT alpha=0.0
05-17 12:11:39.030  1613  1737 I ViewRootImpl@f4bfd38[mob]:   fl=81030118
05-17 12:11:39.030  1613  1737 I ViewRootImpl@f4bfd38[mob]:   pfl=16000010
05-17 12:11:39.030  1613  1737 I ViewRootImpl@f4bfd38[mob]:   bhv=DEFAULT
05-17 12:11:39.030  1613  1737 I ViewRootImpl@f4bfd38[mob]:   fitSides= naviIconColor=0}
05-17 12:11:39.031  1613  1737 I ViewRootImpl@f4bfd38[mob]: performTraversals mFirst=false windowShouldResize=false viewVisibilityChanged=true mForceNextWindowRelayout=false params={(0,0)(fillxfill) sim={adjust=pan} ty=APPLICATION_STARTING fmt=TRANSLUCENT alpha=0.0
05-17 12:11:39.031  1613  1737 I ViewRootImpl@f4bfd38[mob]:   fl=81030118
05-17 12:11:39.031  1613  1737 I ViewRootImpl@f4bfd38[mob]:   pfl=16000010
05-17 12:11:39.031  1613  1737 I ViewRootImpl@f4bfd38[mob]:   bhv=DEFAULT
05-17 12:11:39.031  1613  1737 I ViewRootImpl@f4bfd38[mob]:   fitSides= naviIconColor=0}
05-17 12:11:39.031  1200  2968 V WindowManager: Relayout Window{2db1842 u0 Splash Screen dev.mob.mob}: viewVisibility=8 req=1200x1920 d0
05-17 12:11:39.031  1200  2968 E WindowManager: win=Window{2db1842 u0 Splash Screen dev.mob.mob} destroySurfaces: appStopped=true cleanupOnResume=false win.mWindowRemovalAllowed=false win.mRemoveOnExit=false win.mViewVisibility=8 caller=com.android.server.wm.WindowManagerService.tryStartExitingAnimation:3040 com.android.server.wm.WindowManagerService.relayoutWindow:2731 com.android.server.wm.Session.relayout:275 android.view.IWindowSession$Stub.onTransact:788 com.android.server.wm.Session.onTransact:189 android.os.Binder.execTransactInternal:1321 android.os.Binder.execTransact:1280 
05-17 12:11:39.031  1200  2968 I WindowManager: Destroying surface Surface(name=Splash Screen dev.mob.mob$_1613)/@0x4ce8b03 called by com.android.server.wm.WindowStateAnimator.destroySurface:955 com.android.server.wm.WindowStateAnimator.destroySurfaceLocked:537 com.android.server.wm.WindowState.destroySurfaceUnchecked:4533 com.android.server.wm.WindowState.destroySurface:4507 com.android.server.wm.WindowManagerService.tryStartExitingAnimation:3040 com.android.server.wm.WindowManagerService.relayoutWindow:2731 com.android.server.wm.Session.relayout:275 android.view.IWindowSession$Stub.onTransact:788 
05-17 12:11:39.033  1200  2968 V WindowManager: Relayout hash=2db1842, pid=1613, syncId=-1: mAttrs={(0,0)(fillxfill) sim={adjust=pan} ty=APPLICATION_STARTING fmt=TRANSLUCENT alpha=0.0
05-17 12:11:39.033  1200  2968 V WindowManager:   fl=81030118
05-17 12:11:39.033  1200  2968 V WindowManager:   pfl=16000010
05-17 12:11:39.033  1200  2968 V WindowManager:   bhv=DEFAULT
05-17 12:11:39.033  1200  2968 V WindowManager:   fitSides= naviIconColor=0}
05-17 12:11:39.034  1613  1737 I ViewRootImpl@f4bfd38[mob]: Relayout returned: old=(0,0,1200,1920) new=(0,0,1200,1920) req=(1200,1920)8 dur=3 res=0x2 s={false 0x0} ch=true seqId=0
05-17 12:11:39.035  1200  2968 D CoreBackPreview: Window{2db1842 u0 Splash Screen dev.mob.mob}: Setting back callback null
05-17 12:11:39.035  1613  1737 I ViewRootImpl@f4bfd38[mob]: dispatchDetachedFromWindow
05-17 12:11:39.035  1200  2968 D WindowManager: Starting window removed Window{2db1842 u0 Splash Screen dev.mob.mob}
05-17 12:11:39.035  1200  2968 I WindowManager: Cancelling animation restarting=false, leash=Surface(name=Surface(name=74e43f0 dev.mob.mob/dev.mob.mob.MainActivity)/@0x9f1f7ba - animation-leash of starting_reveal)/@0xed495c8
05-17 12:11:39.035  1200  2968 I WindowManager: Reparenting to original parent: Surface(name=ActivityRecord{18db5ea u0 dev.mob.mob/.MainActivity} t425})/@0x95d566b, destroy=false, surface=Surface(name=74e43f0 dev.mob.mob/dev.mob.mob.MainActivity)/@0x9f1f7ba
05-17 12:11:39.035  1200  2968 D InputTransport: Input channel destroyed: '2db1842', fd=984
05-17 12:11:39.035  1200  2968 W InputManager-JNI: Input channel object '2db1842 Splash Screen dev.mob.mob (client)' was disposed without first being removed with the input manager!
05-17 12:11:39.036  1200  2968 D InputTransport: Input channel destroyed: '2db1842', fd=985
05-17 12:11:39.036  1200  2968 V WindowManager: Remove Window{2db1842 u0 Splash Screen dev.mob.mob}: mSurfaceController=null mAnimatingExit=false mRemoveOnExit=false mHasSurface=false surfaceShowing=false animating=false app-animation=false mWillReplaceWindow=false mDisplayFrozen=false callers=com.android.server.wm.WindowState.removeIfPossible:3219 com.android.server.wm.WindowManagerService.removeWindow:2293 com.android.server.wm.Session.remove:237 android.view.IWindowSession$Stub.onTransact:752 com.android.server.wm.Session.onTransact:189 android.os.Binder.execTransactInternal:1321 
05-17 12:11:39.037  1613  1737 D InputTransport: Input channel destroyed: '2db1842', fd=318
05-17 12:11:39.045   914   914 I Layer   : id=548 removeFromCurrentState Splash Screen dev.mob.mob$_1613#548 (97)
05-17 12:11:39.045   914   914 I Layer   : id=547 removeFromCurrentState 2db1842 Splash Screen dev.mob.mob#547 (97)
05-17 12:11:39.045   914   914 I Layer   : id=551 removeFromCurrentState Surface(name=74e43f0 dev.mob.mob/dev.mob.mob.MainActivity)/@0x9f1f7ba - animation-leash of starting_reveal#551 (97)
05-17 12:11:39.046   914   914 I SurfaceFlinger: id=547 Removed 2db1842 Splash Screen dev.mob.mob#547 (97)
05-17 12:11:39.046   914   914 I SurfaceFlinger: id=548 Removed Splash Screen dev.mob.mob$_1613#548 (97)
05-17 12:11:39.046   914   914 I Layer   : id=547 Destroyed 2db1842 Splash Screen dev.mob.mob#547
05-17 12:11:39.046   914   914 I Layer   : id=548 Destroyed Splash Screen dev.mob.mob$_1613#548
05-17 12:11:39.050 30311 30535 I FontLog : (REDACTED) Received query %s, URI %s
05-17 12:11:39.050 30311 30535 I FontLog : (REDACTED) Query [%s] resolved to %s
05-17 12:11:39.052 30311 30535 I FontLog : (REDACTED) Fetch %s end status %s
05-17 12:11:39.064 30311 30535 I FontLog : (REDACTED) Pulling font file for id = %d, cache size = %d
05-17 12:11:39.075 30311 30535 I FontLog : (REDACTED) Pulling font file for id = %d, cache size = %d
05-17 12:11:39.120   864  9101 E HYPER-HAL: [HandlerSysfs.cpp]doResourceHandling(): Couldn't Open Sysfs - /sys/power/cstate_control
05-17 12:11:39.127   864  9101 I HYPER-HAL: [RequestManager.cpp]releaseLocked(): Released ID : 739952
05-17 12:11:39.176  1200  3617 D SemWifiUsabilityStatsMonitor: onWifiUsabilityStats - seqNum 7070, isSameBssidAndFreq true
05-17 12:11:39.178  1200  1507 I SemWifiLinkQualityMonitor: Link Qos Query: 0.073 ms / 109.306 Mbps (408 / 0.054 / 1.000)
05-17 12:11:39.311   864  9052 I HYPER-HAL: [RequestManager.cpp]releaseLocked(): Released ID : 4255915
05-17 12:11:39.561   602   602 D io_stats: !@   8,0 r 1037378 33865560 w 599560 57084812 d 0 0 f 0 0 iot 519156 0 th 0 0 0 pt 0 inp 0 0 208347.134
05-17 12:11:39.947  5662  5662 I TrayVisibilityController: getComputedTrayVisible : keyguardState = 2
05-17 12:11:39.947  5662  5662 I TrayVisibilityController: updateTrayVisible: State=2 visible=1 mCurrentVisible=1 specificMode=0
05-17 12:11:39.947  5662  5662 I TrayStateController: onNotifyUpdateTray: state=0
05-17 12:11:40.104  1200  1210 I system_server: Background concurrent copying GC freed 22MB AllocSpace bytes, 62(1704KB) LOS objects, 26% free, 66MB/90MB, paused 850us,250us total 312.266ms
05-17 12:11:40.151  1200  1212 W System  : A resource failed to call close. 
05-17 12:11:40.152  1200  1212 W System  : A resource failed to call close. 
05-17 12:11:40.152  1200  1212 W System  : A resource failed to call release. 
05-17 12:11:40.152  1200  1212 W System  : A resource failed to call CursorWindow.close. 
05-17 12:11:40.261 32141 32141 W Finsky  : [2] STU: Failed to get storage stats for package 'com.google.mainline.primary.libs' (1601: Error getting stats: android.content.pm.PackageManager.NameNotFoundException)
05-17 12:11:40.308  9058  9063 I dev.mob.mob: Compiler allocated 6148KB to compile void android.view.ViewRootImpl.performTraversals()
05-17 12:11:40.894 32141 32141 W Finsky  : [2] STU: Failed to get storage stats for package 'com.google.android.appsearch' (1601: Error getting stats: android.content.pm.PackageManager.NameNotFoundException)
05-17 12:11:40.911 32141 32141 W Finsky  : [2] STU: Failed to get storage stats for package 'com.google.android.art' (1601: Error getting stats: android.content.pm.PackageManager.NameNotFoundException)
05-17 12:11:41.055 32141 32141 W Finsky  : [2] STU: Failed to get storage stats for package 'com.google.android.mediaprovider' (1601: Error getting stats: android.content.pm.PackageManager.NameNotFoundException)
05-17 12:11:41.141 32141 32141 W Finsky  : [2] STU: Failed to get storage stats for package 'com.google.android.resolv' (1601: Error getting stats: android.content.pm.PackageManager.NameNotFoundException)
05-17 12:11:41.147  1707  1707 I wpa_supplicant: Heartbeat 20814
05-17 12:11:41.200 32141 32141 W Finsky  : [2] STU: Failed to get storage stats for package 'com.google.android.media' (1601: Error getting stats: android.content.pm.PackageManager.NameNotFoundException)
05-17 12:11:41.360 32141 32141 W Finsky  : [2] STU: Failed to get storage stats for package 'com.google.android.sdkext' (1601: Error getting stats: android.content.pm.PackageManager.NameNotFoundException)
05-17 12:11:41.419 32141 32141 W Finsky  : [2] STU: Failed to get storage stats for package 'com.google.android.adservices' (1601: Error getting stats: android.content.pm.PackageManager.NameNotFoundException)
05-17 12:11:41.422 32141 32141 W Finsky  : [2] STU: Failed to get storage stats for package 'com.google.android.tethering' (1601: Error getting stats: android.content.pm.PackageManager.NameNotFoundException)
05-17 12:11:41.535  9058  9098 I MobBeam : mob_start_beam: focus timeout (3000 ms) — starting BEAM anyway
05-17 12:11:41.535  9058  9098 I MobBeam : mob_start_beam: starting BEAM with module=mob_node, argc=37
05-17 12:11:41.537  9058  9098 I MobBeam : mob_start_beam: symlink erl_child_setup -> /data/app/~~61lTJyI-bi0Ns_MkoPCX4A==/dev.mob.mob-pBJ6Y06CgEWXt1SDljb8cg==/lib/arm64/liberl_child_setup.so
05-17 12:11:41.537  9058  9098 I MobBeam : mob_start_beam: symlink inet_gethost -> /data/app/~~61lTJyI-bi0Ns_MkoPCX4A==/dev.mob.mob-pBJ6Y06CgEWXt1SDljb8cg==/lib/arm64/libinet_gethost.so
05-17 12:11:41.538  9058  9098 I MobBeam : mob_start_beam: symlink epmd -> /data/app/~~61lTJyI-bi0Ns_MkoPCX4A==/dev.mob.mob-pBJ6Y06CgEWXt1SDljb8cg==/lib/arm64/libepmd.so
05-17 12:11:41.538  9058  9098 E MobBeam : mob_start_beam: exqlite NIF missing from both nativeLibDir and priv/
05-17 12:11:41.538  9058  9098 E MobBeam : mob_start_beam: sqlite3_nif.so (fallback) missing — NIF load will fail
05-17 12:11:41.684 32141 32141 W Finsky  : [2] STU: Failed to get storage stats for package 'com.google.android.cellbroadcast' (1601: Error getting stats: android.content.pm.PackageManager.NameNotFoundException)
05-17 12:11:42.061 32141 32141 W Finsky  : [2] STU: Failed to get storage stats for package 'com.google.android.tzdata4' (1601: Error getting stats: android.content.pm.PackageManager.NameNotFoundException)
05-17 12:11:42.113 32141 32141 W Finsky  : [2] STU: Failed to get storage stats for package 'com.google.android.permission' (1601: Error getting stats: android.content.pm.PackageManager.NameNotFoundException)
05-17 12:11:42.280  1200  3617 D SemWifiUsabilityStatsMonitor: onWifiUsabilityStats - seqNum 7071, isSameBssidAndFreq true
05-17 12:11:42.281  1200  1507 I SemWifiLinkQualityMonitor: Link Qos Query: 0.074 ms / 108.684 Mbps (408 / 0.054 / 1.000)
05-17 12:11:42.534 32141 32141 W Finsky  : [2] STU: Failed to get storage stats for package 'com.google.android.media.swcodec' (1601: Error getting stats: android.content.pm.PackageManager.NameNotFoundException)
05-17 12:11:42.803 32141 32141 W Finsky  : [2] STU: Failed to get storage stats for package 'com.google.android.adbd' (1601: Error getting stats: android.content.pm.PackageManager.NameNotFoundException)
05-17 12:11:42.846 32141 32141 W Finsky  : [2] STU: Failed to get storage stats for package 'com.google.android.conscrypt' (1601: Error getting stats: android.content.pm.PackageManager.NameNotFoundException)
05-17 12:11:42.934 32141 32141 W Finsky  : [2] STU: Failed to get storage stats for package 'com.google.android.neuralnetworks' (1601: Error getting stats: android.content.pm.PackageManager.NameNotFoundException)
05-17 12:11:43.052  9058  9118 I MobNIF  : nif_load: entered, Bridge.cls=0x2ca6
05-17 12:11:43.053  9058  9118 I MobNIF  : nif_load: uiTree not found (optional)
05-17 12:11:43.053  9058  9118 I MobNIF  : nif_load: uiViewTree not found (optional)
05-17 12:11:43.054  9058  9118 I MobNIF  : nif_load: screenInfo not found (optional)
05-17 12:11:43.054  9058  9118 I MobNIF  : nif_load: tapXy not found (optional)
05-17 12:11:43.054  9058  9118 I MobNIF  : nif_load: tapByLabel not found (optional)
05-17 12:11:43.054  9058  9118 I MobNIF  : nif_load: typeText not found (optional)
05-17 12:11:43.054  9058  9118 I MobNIF  : nif_load: deleteBackward not found (optional)
05-17 12:11:43.054  9058  9118 I MobNIF  : nif_load: clearText not found (optional)
05-17 12:11:43.054  9058  9118 I MobNIF  : nif_load: longPressXy not found (optional)
05-17 12:11:43.054  9058  9118 I MobNIF  : nif_load: swipeXy not found (optional)
05-17 12:11:43.054  9058  9118 I MobNIF  : Mob NIF loaded (Compose backend)
05-17 12:11:43.058  9058  9118 I Elixir  : step 1 starting
05-17 12:11:43.070 32141 32141 W Finsky  : [2] STU: Failed to get storage stats for package 'com.google.android.ipsec' (1601: Error getting stats: android.content.pm.PackageManager.NameNotFoundException)
05-17 12:11:43.130 32141 32141 W Finsky  : [2] STU: Failed to get storage stats for package 'com.google.android.ondevicepersonalization' (1601: Error getting stats: android.content.pm.PackageManager.NameNotFoundException)
05-17 12:11:43.132  9058  9118 I Elixir  : step 1 => ok
05-17 12:11:43.132  9058  9118 I Elixir  : step 2 starting
05-17 12:11:43.233  9058  9118 I Elixir  : step 2 => ok
05-17 12:11:43.233  9058  9118 I Elixir  : step 3 starting
05-17 12:11:43.309 32141 32141 W Finsky  : [2] STU: Failed to get storage stats for package 'com.google.android.extservices' (1601: Error getting stats: android.content.pm.PackageManager.NameNotFoundException)
05-17 12:11:43.382  9058  9118 I Elixir  : step 3 => ok
05-17 12:11:43.382  9058  9118 I Elixir  : step 4 starting
05-17 12:11:43.382  9058  9118 I Elixir  : step 4 => android
05-17 12:11:43.382  9058  9118 I Elixir  : step 5 starting
05-17 12:11:43.390 32141 32141 W Finsky  : [2] STU: Failed to get storage stats for package 'com.google.android.os.statsd' (1601: Error getting stats: android.content.pm.PackageManager.NameNotFoundException)
05-17 12:11:43.538 32141 32141 W Finsky  : [2] STU: Failed to get storage stats for package 'com.google.android.scheduling' (1601: Error getting stats: android.content.pm.PackageManager.NameNotFoundException)
05-17 12:11:43.559 32141 32141 I Finsky  : [2] App states replicator found 46 unowned apps
05-17 12:11:43.562   602   602 D io_stats: !@   8,0 r 1037386 33865608 w 599562 57084820 d 0 0 f 0 0 iot 519168 0 th 0 0 0 pt 0 inp 0 0 208351.135
05-17 12:11:43.577 32141 32232 I Finsky  : [69] Completed 0 account content syncs with 0 successful.
05-17 12:11:43.578 32141 32141 I Finsky  : [2] [ContentSync] Installation state replication succeeded.
05-17 12:11:43.578 32141 32141 I Finsky  : [2] SCH: jobFinished: 12-1. TimeElapsed: 4690ms.
05-17 12:11:43.578 32141 32141 I Finsky  : [2] WM::SCH: Logging work end for 12-1
05-17 12:11:43.602 32141 32232 I Finsky  : [69] SCH: Scheduling phonesky job Id: 1-1337, CT: 1779013474247, Constraints: [{ L: 43187620, D: 86387620, C: CHARGING_NONE, I: IDLE_NONE, N: NET_ANY, B: BATTERY_ANY }]
05-17 12:11:43.602 32141 32232 I Finsky  : [69] SCH: Scheduling phonesky job Id: 34-221, CT: 1778970415288, Constraints: [{ L: 604800000, D: 2475498927, C: CHARGING_NONE, I: IDLE_NONE, N: NET_ANY, B: BATTERY_ANY }]
05-17 12:11:43.603 32141 32232 I Finsky  : [69] SCH: Scheduling phonesky job Id: 34-225, CT: 1778970415287, Constraints: [{ L: 604800000, D: 2555480070, C: CHARGING_NONE, I: IDLE_NONE, N: NET_ANY, B: BATTERY_ANY }]
05-17 12:11:43.603 32141 32232 I Finsky  : [69] SCH: Scheduling phonesky job Id: 34-228, CT: 1779013475609, Constraints: [{ L: 79199926, D: 1375199926, C: CHARGING_NONE, I: IDLE_NONE, N: NET_ANY, B: BATTERY_ANY }]
05-17 12:11:43.612 32141 32232 I Finsky  : [69] SCH: Scheduling phonesky job Id: 34-229, CT: 1779013476047, Constraints: [{ L: 604800000, D: 2591999654, C: CHARGING_NONE, I: IDLE_NONE, N: NET_ANY, B: BATTERY_ANY }]
05-17 12:11:43.618 32141 32236 I Finsky  : [74] SCH: Scheduling 1 system job(s)
05-17 12:11:43.619 32141 32236 I Finsky  : [74] SCH: Scheduling system job Id: 9132, L: 11558248, D: 54758248, C: false, I: false, N: 1
05-17 12:11:43.655 32141  9103 I Finsky  : [304] SCH: job service finished with id 9125.
05-17 12:11:43.676  1200  2968 W ProcessStats: Tracking association SourceState{16fece6 dev.mob.mob/10313 Top #92619} whose proc state 1 is better than process ProcessState{31680a0 com.google.android.gms.persistent/10211 pkg=com.google.android.gms} proc state 2 (28 skipped)
05-17 12:11:43.826   864  9055 I HYPER-HAL: [RequestManager.cpp]releaseLocked(): Released ID : 4261754
05-17 12:11:43.828  2496  2542 I RequestManager_FLP: onOpChanged, op=0 / packageName=dev.mob.mob
05-17 12:11:43.996  9058  9118 I Elixir  : mob_node: mob_runtime started (11 apps)
05-17 12:11:44.021  9058  9097 I BEAMout : 12:11:43.996 [info] mob_node: mob_runtime started (11 apps)
05-17 12:11:44.026  9058  9118 I Elixir  : mob_node: BLE.Observability started
05-17 12:11:44.027  9058  9097 I BEAMout : 12:11:44.026 [info] mob_node: BLE.Observability started
05-17 12:11:44.039  9058  9118 I Elixir  : mob_node: distribution up as mob_node_android_dev@127.0.0.1
05-17 12:11:44.050  9058  9097 I BEAMout : 12:11:44.038 [info] mob_node: distribution up as mob_node_android_dev@127.0.0.1
05-17 12:11:44.051  9058  9118 I Elixir  : mob_node: BLE self-test started
05-17 12:11:44.052  9058  9118 I Elixir  : BleSelfTest: starting scan + advertising as mob-dev
05-17 12:11:44.058  9058  9125 D ProfileInstaller: Installing profile for dev.mob.mob
05-17 12:11:44.074  1200  1403 D BluetoothManagerService: mDisableBleCallbacks count 13
05-17 12:11:44.075  9058  9118 I BluetoothAdapter: BluetoothAdapter() : dev.mob.mob
05-17 12:11:44.085  9058  9118 I BluetoothAdapter: STATE_ON
05-17 12:11:44.086  9058  9118 I BluetoothAdapter: STATE_ON
05-17 12:11:44.088  9058  9118 I BluetoothAdapter: STATE_ON
05-17 12:11:44.090  9058  9118 I BluetoothAdapter: STATE_ON
05-17 12:11:44.092  9058  9118 D BluetoothLeScanner: Start Scan with callback
05-17 12:11:44.097  1928  1941 D BtGatt.ContextMap: add() - appUid: 10313, appPid: 9058, appName: dev.mob.mob
05-17 12:11:44.097  1928  1941 I bt_stack: [INFO:le_scanning_manager.cc(167)] RegisterScanner in shim layer
05-17 12:11:44.099  1928  2050 D BtGatt.GattService: onScannerRegistered() - UUID=eee37048-ccd2-4d1e-aaef-da12b47c2354, scannerId=2, status=0
05-17 12:11:44.100  9058  9070 D BluetoothLeScanner: onScannerRegistered() - status=0 scannerId=2 mScannerId=0
05-17 12:11:44.102  1928  1941 I BluetoothAdapter: STATE_ON
05-17 12:11:44.109  1928  1941 D ActivityAttributionService: notifyActivityAttributionInfo UID=1002 packageName=com.android.bluetooth deviceAddress=no_active_device_address
05-17 12:11:44.110  1928  2248 I BluetoothAdapter: STATE_ON
05-17 12:11:44.113  1928  2248 I BluetoothAdapter: STATE_ON
05-17 12:11:44.113  1928  2248 I BluetoothAdapter: STATE_ON
05-17 12:11:44.113  1928  2248 I bt_stack: [INFO:le_scanning_manager.cc(271)] ScanFilterEnable in shim layer
05-17 12:11:44.113  1928  2260 E BtGatt.GattService: [GSIM LOG]: gsimLogHandler, msg: MESSAGE_SCAN_START, appName: dev.mob.mob, scannerId: 2, reportDelayMillis=0
05-17 12:11:44.115  1928  2248 D BtGatt.ScanManager: configureFilterParamter() : onFoundTimeout | onLostTimeout | onFoundCount | numOfTrackingEntries | scanFilterRssiThreshold | trackableScanFilterRssiThreshold | matchMode
05-17 12:11:44.115  1928  2248 D BtGatt.ScanManager: configureFilterParamter() : __________500__|________10000__|___________1__|___________________0__|___________________-128__|____________________________-128__|________1_
05-17 12:11:44.115  1928  2248 I bt_stack: [INFO:le_scanning_manager.cc(200)] ScanFilterParamSetup in shim layer
05-17 12:11:44.127  9058  9118 I BluetoothAdapter: STATE_ON
05-17 12:11:44.129  9058  9118 I BluetoothAdapter: BLE support array set: [true, true, true, true, true, true]
05-17 12:11:44.148  9058  9118 I BluetoothAdapter: BluetoothAdapter() : dev.mob.mob
05-17 12:11:44.157  9058  9118 I BluetoothAdapter: STATE_ON
05-17 12:11:44.158  9058  9118 I BluetoothAdapter: STATE_ON
05-17 12:11:44.158  9058  9118 I BluetoothAdapter: STATE_ON
05-17 12:11:44.165  1928  1941 I bt_stack: [INFO:le_advertising_manager.cc(137)] StartAdvertisingSet in shim layer
05-17 12:11:44.165  1928  1941 W bt_stack: le_advertising_manager :: allocate_advertiser - id : 1
05-17 12:11:44.165  1928  1941 I bt_stack: [INFO:le_advertising_manager.cc(157)] create advertising set, reg_id:-5152, id:1
05-17 12:11:44.174  9058  9097 I BEAMout : 12:11:44.051 [info] mob_node: BLE self-test started
05-17 12:11:44.176  9058  9097 I BEAMout : 12:11:44.052 [info] BleSelfTest: starting scan + advertising as mob-dev
05-17 12:11:44.204  1928  2282 W bt_stack: le_advertising_manager :: create_extended_advertiser - id : 1
05-17 12:11:44.204  1928  2282 W bt_stack: le_advertising_manager :: enable_advertiser - id : 1
05-17 12:11:44.205  1928  2282 W bt_stack: register_client :: client registered!!!
05-17 12:11:44.208  1200  1200 D SettingsProvider: isChangeAllowed() : name = bluetooth_name
05-17 12:11:44.210  1928  2050 D AdapterProperties: Name is: mob-dev
05-17 12:11:44.244  1928  2260 E BtGatt.GattService: [GSIM LOG]: gsimLogHandler, msg: MESSAGE_ADV_SET_START, appName: dev.mob.mob, id: 1, isLegacy: true
05-17 12:11:44.245  9058  9058 D BluetoothLeAdvertiser: onAdvertisingSetStarted(1, -7, 0)
05-17 12:11:44.344  9058  9118 I Elixir  : BleSelfTest: start_scan=:ok start_advertising=:ok
05-17 12:11:44.352  9058  9097 I BEAMout : 12:11:44.344 [info] BleSelfTest: start_scan=:ok start_advertising=:ok
05-17 12:11:44.742  1928  2050 D BtGatt.GattService: onScanResult to scannerId: 2- eventType=0x1b, addressType=1, address=FABE2A_A, primaryPhy=1, secondaryPhy=0, advertisingSid=0xff, txPower=127, rssi=-73, periodicAdvInt=0x0
05-17 12:11:44.747  9058  9058 I MobBleScanRaw: device_id=FA:BE:2A:F4:73:8A rssi=-73 advertisement_b64=Hv9MABIZ0PuHLmr2FklAyw1gqYUjZom7zwsgof0DxgAAAAAAAAAAAAAAAAAAAAAAAAAAAAAAAAAAAAAAAAA= manufacturer_ids=[76] service_uuids=[]
05-17 12:11:44.761  1928  2050 D BtGatt.GattService: onScanResult to scannerId: 2- eventType=0x1b, addressType=0, address=94944A_D, primaryPhy=1, secondaryPhy=0, advertisingSid=0xff, txPower=127, rssi=-86, periodicAdvInt=0x0
05-17 12:11:44.766  9058  9058 I MobBleScanRaw: device_id=94:94:4A:05:9D:5D rssi=-86 advertisement_b64=AgEGEQeeytwkDuWp4JPzo7UBAEBuCAl1RzItZDVjAAAAAAAAAAAAAAAAAAAAAAAAAAAAAAAAAAAAAAAAAAA= manufacturer_ids=[] service_uuids=[6e400001-b5a3-f393-e0a9-e50e24dcca9e]
05-17 12:11:44.769  1928  2050 D BtGatt.GattService: onScanResult to scannerId: 2- eventType=0x1a, addressType=1, address=6FB8BA_6, primaryPhy=1, secondaryPhy=0, advertisingSid=0xff, txPower=127, rssi=-44, periodicAdvInt=0x0
05-17 12:11:44.776  9058  9058 I MobBleScanRaw: device_id=6F:B8:BA:91:69:C6 rssi=-44 advertisement_b64=Gf///01CAQEBAGLHkaz3Afhh9wgG7dwoW8wAAAAAAAAAAAAAAAAAAAAAAAAAAAAAAAAAAAAAAAAAAAAAAAA= manufacturer_ids=[65535] service_uuids=[]
05-17 12:11:44.798  1928  2050 D BtGatt.GattService: onScanResult to scannerId: 2- eventType=0x1b, addressType=0, address=84E0F4_2, primaryPhy=1, secondaryPhy=0, advertisingSid=0xff, txPower=127, rssi=-78, periodicAdvInt=0x0
05-17 12:11:44.800  1928  2050 D BtGatt.GattService: onScanResult to scannerId: 2- eventType=0x10, addressType=1, address=428DBC_C, primaryPhy=1, secondaryPhy=0, advertisingSid=0xff, txPower=127, rssi=-79, periodicAdvInt=0x0
05-17 12:11:44.801  9058  9058 I MobBleScanRaw: device_id=84:E0:F4:E0:26:52 rssi=-78 advertisement_b64=AgEGDP9LBkIGIBLABQBAAQ4IUG9pbnQtMS0yNjo1Mgf/SwaTQ70NAAAAAAAAAAAAAAAAAAAAAAAAAAAAAAA= manufacturer_ids=[1611] service_uuids=[]
05-17 12:11:44.801  1928  2050 D BtGatt.GattService: onScanResult to scannerId: 2- eventType=0x10, addressType=0, address=BC7E8B_B, primaryPhy=1, secondaryPhy=0, advertisingSid=0xff, txPower=127, rssi=-82, periodicAdvInt=0x0
05-17 12:11:44.802  9058  9058 I MobBleScanRaw: device_id=42:8D:BC:5F:00:AC rssi=-79 advertisement_b64=AgEaF/9MAAkIEwTAqAF2G1gWCADIeyur0vW9AAAAAAAAAAAAAAAAAAAAAAAAAAAAAAAAAAAAAAAAAAAAAAA= manufacturer_ids=[76] service_uuids=[]
05-17 12:11:44.804  9058  9058 I MobBleScanRaw: device_id=BC:7E:8B:DB:C3:3B rssi=-82 advertisement_b64=G/91AEIEAYBmvH6L28M7vn6L28M6AQwAAAAAAAAAAAAAAAAAAAAAAAAAAAAAAAAAAAAAAAAAAAAAAAAAAAA= manufacturer_ids=[117] service_uuids=[]
05-17 12:11:44.836  1928  2050 W bt_btif : btif_dm_update_ble_remote_properties cod is 0x000000
05-17 12:11:44.836  1928  2050 W bt_btif : btif_dm_update_ble_remote_properties cod is 0, checking cod from storage
05-17 12:11:44.836  1928  2050 W bt_btif : btif_dm_update_ble_remote_properties cod retrieved from storage is 0x000000
05-17 12:11:44.836  1928  2050 W bt_btif : btif_dm_update_ble_remote_properties cod is again 0, set as unclassified
05-17 12:11:44.837  1928  2050 D BtGatt.GattService: onScanResult to scannerId: 2- eventType=0x1b, addressType=1, address=54186A_7, primaryPhy=1, secondaryPhy=0, advertisingSid=0xff, txPower=127, rssi=-50, periodicAdvInt=0x0
05-17 12:11:44.839  9058  9058 I MobBleScanRaw: device_id=54:18:6A:E8:A8:D7 rssi=-50 advertisement_b64=AgEaAgoMCv9MABAFARxkJ/4LCW1lc2h4LWlwYWQAAAAAAAAAAAAAAAAAAAAAAAAAAAAAAAAAAAAAAAAAAAA= manufacturer_ids=[76] service_uuids=[]
05-17 12:11:44.842  1928  2050 D BluetoothUtils: getBtEnabledContainers(): btContainers = []
05-17 12:11:44.842  1928  2050 E BluetoothRemoteDevices: Remote class is UNCATEGORIZED
05-17 12:11:44.843  1928  2050 D BtGatt.GattService: onScanResult to scannerId: 2- eventType=0x1b, addressType=1, address=6F63D2_0, primaryPhy=1, secondaryPhy=0, advertisingSid=0xff, txPower=127, rssi=-79, periodicAdvInt=0x0
05-17 12:11:44.846  9058  9058 I MobBleScanRaw: device_id=6F:63:D2:37:50:50 rssi=-79 advertisement_b64=AgEaAgoMCv9MABAFDhh4K0AAAAAAAAAAAAAAAAAAAAAAAAAAAAAAAAAAAAAAAAAAAAAAAAAAAAAAAAAAAAA= manufacturer_ids=[76] service_uuids=[]
05-17 12:11:44.846  1928  2050 D BtGatt.GattService: onScanResult to scannerId: 2- eventType=0x1b, addressType=0, address=84E0F4_2, primaryPhy=1, secondaryPhy=0, advertisingSid=0xff, txPower=127, rssi=-80, periodicAdvInt=0x0
05-17 12:11:44.856  1613  1862 V BluetoothEventManager: onReceive :: android.bluetooth.device.action.NAME_CHANGED
05-17 12:11:44.888  1928  2050 D BtGatt.GattService: onScanResult to scannerId: 2- eventType=0x10, addressType=1, address=7D4F46_E, primaryPhy=1, secondaryPhy=0, advertisingSid=0xff, txPower=127, rssi=-35, periodicAdvInt=0x0
05-17 12:11:44.890  9058  9058 I MobBleScanRaw: device_id=7D:4F:46:B0:F7:5E rssi=-35 advertisement_b64=AgEaF/9MAAkIEwLAqAFhG1gWCACTjHKf/T3qAAAAAAAAAAAAAAAAAAAAAAAAAAAAAAAAAAAAAAAAAAAAAAA= manufacturer_ids=[76] service_uuids=[]
05-17 12:11:44.892  1928  2050 D BtGatt.GattService: onScanResult to scannerId: 2- eventType=0x10, addressType=1, address=4A4D1F_B, primaryPhy=1, secondaryPhy=0, advertisingSid=0xff, txPower=127, rssi=-84, periodicAdvInt=0x0
05-17 12:11:44.894  9058  9058 I MobBleScanRaw: device_id=4A:4D:1F:FC:7C:6B rssi=-84 advertisement_b64=AgEaDf9MABYIAJdkUVb8Sx4AAAAAAAAAAAAAAAAAAAAAAAAAAAAAAAAAAAAAAAAAAAAAAAAAAAAAAAAAAAA= manufacturer_ids=[76] service_uuids=[]
05-17 12:11:44.898  1928  2050 D BtGatt.GattService: onScanResult to scannerId: 2- eventType=0x10, addressType=1, address=64346D_4, primaryPhy=1, secondaryPhy=0, advertisingSid=0xff, txPower=127, rssi=-78, periodicAdvInt=0x0
05-17 12:11:44.900  9058  9058 I MobBleScanRaw: device_id=64:34:6D:31:49:E4 rssi=-78 advertisement_b64=Hv8GAAEJIAKJdYzA5VTiZOxbB1ghP0EjjA9Mnu9jMwAAAAAAAAAAAAAAAAAAAAAAAAAAAAAAAAAAAAAAAAA= manufacturer_ids=[6] service_uuids=[]
05-17 12:11:44.903  1928  2050 D BtGatt.GattService: onScanResult to scannerId: 2- eventType=0x1a, addressType=1, address=6FB8BA_6, primaryPhy=1, secondaryPhy=0, advertisingSid=0xff, txPower=127, rssi=-44, periodicAdvInt=0x0
05-17 12:11:44.912  9058  9118 I Elixir  : BleSelfTest: DISTINCT MESH MESSAGE kind=beacon key=f70806eddc285bcc:62c791acf701f861 from=sender_hash=f70806eddc285bcc device_id=6F:B8:BA:91:69:C6 first_seen_after=1_callbacks
05-17 12:11:44.914  9058  9118 I Elixir  : BleSelfTest: MESHX PEER device_id=54:18:6A:E8:A8:D7 rssi=-50 name=mob-ipad
05-17 12:11:44.919  9058  9097 I BEAMout : 12:11:44.912 [info] BleSelfTest: DISTINCT MESH MESSAGE kind=beacon key=f70806eddc285bcc:62c791acf701f861 from=sender_hash=f70806eddc285bcc device_id=6F:B8:BA:91:69:C6 first_seen_after=1_callbacks
05-17 12:11:44.925  9058  9097 I BEAMout : 12:11:44.914 [info] BleSelfTest: MESHX PEER device_id=54:18:6A:E8:A8:D7 rssi=-50 name=mob-ipad
05-17 12:11:44.950  1928  2050 D BtGatt.GattService: onScanResult to scannerId: 2- eventType=0x10, addressType=0, address=BC7E8B_B, primaryPhy=1, secondaryPhy=0, advertisingSid=0xff, txPower=127, rssi=-82, periodicAdvInt=0x0
05-17 12:11:44.954  1928  2050 D BtGatt.GattService: onScanResult to scannerId: 2- eventType=0x10, addressType=1, address=3A3EDE_3, primaryPhy=1, secondaryPhy=0, advertisingSid=0xff, txPower=127, rssi=-92, periodicAdvInt=0x0
05-17 12:11:44.957  9058  9058 I MobBleScanRaw: device_id=3A:3E:DE:20:D5:83 rssi=-92 advertisement_b64=Hv8GAAEJICJFb/V8XlPeRCvsmYcHeppiw5Z2UC2rqAAAAAAAAAAAAAAAAAAAAAAAAAAAAAAAAAAAAAAAAAA= manufacturer_ids=[6] service_uuids=[]
05-17 12:11:44.973  1928  2050 D BtGatt.GattService: onScanResult to scannerId: 2- eventType=0x1b, addressType=0, address=94944A_D, primaryPhy=1, secondaryPhy=0, advertisingSid=0xff, txPower=127, rssi=-85, periodicAdvInt=0x0
05-17 12:11:44.976  1928  2050 D BtGatt.GattService: onScanResult to scannerId: 2- eventType=0x1b, addressType=0, address=84E0F4_2, primaryPhy=1, secondaryPhy=0, advertisingSid=0xff, txPower=127, rssi=-78, periodicAdvInt=0x0
05-17 12:11:44.978  1928  2050 D BtGatt.GattService: onScanResult to scannerId: 2- eventType=0x10, addressType=0, address=BC455B_A, primaryPhy=1, secondaryPhy=0, advertisingSid=0xff, txPower=127, rssi=-85, periodicAdvInt=0x0
05-17 12:11:44.981  9058  9058 I MobBleScanRaw: device_id=BC:45:5B:53:44:1A rssi=-85 advertisement_b64=G/91AEIEAYBuvEVbU0QavkVbU0QZAbz+VW15AAAAAAAAAAAAAAAAAAAAAAAAAAAAAAAAAAAAAAAAAAAAAAA= manufacturer_ids=[117] service_uuids=[]
05-17 12:11:44.981  1928  2050 D BtGatt.GattService: onScanResult to scannerId: 2- eventType=0x10, addressType=1, address=428DBC_C, primaryPhy=1, secondaryPhy=0, advertisingSid=0xff, txPower=127, rssi=-79, periodicAdvInt=0x0
05-17 12:11:45.260  9058  9118 I Elixir  : step 5 => {ok,<0.135.0>}
05-17 12:11:45.390  1200  3617 D SemWifiUsabilityStatsMonitor: onWifiUsabilityStats - seqNum 7072, isSameBssidAndFreq true
05-17 12:11:45.392  1200  1507 I SemWifiLinkQualityMonitor: Link Qos Query: 0.070 ms / 114.968 Mbps (408 / 0.050 / 1.000)
05-17 12:11:45.470  9058  9058 D CompatibilityChangeReporter: Compat change id reported: 171228096; UID 10313; state: ENABLED
05-17 12:11:45.563   602   602 D io_stats: !@   8,0 r 1037386 33865608 w 599855 57187592 d 0 0 f 0 0 iot 519252 0 th 0 0 0 pt 0 inp 0 0 208353.136
05-17 12:11:45.946  1200  2968 D SGM:GameManager: identifyForegroundApp. dev.mob.mob, mCurrentUserId: 0, callerUserId: 0
05-17 12:11:45.946  1200  2968 D SGM:PkgDataHelper: getGamePkgData(). dev.mob.mob
05-17 12:11:45.946 26586 26654 I PolicyManager: [#CMH#] Is foreground game app: false
05-17 12:11:46.295  9058  9088 D OpenGLRenderer: setSurface called with nullptr
05-17 12:11:46.596  1928  2050 D BtGatt.GattService: onScanResult to scannerId: 2- eventType=0x10, addressType=1, address=64346D_4, primaryPhy=1, secondaryPhy=0, advertisingSid=0xff, txPower=127, rssi=-86, periodicAdvInt=0x0
05-17 12:11:46.675  1928  2050 D BtGatt.GattService: onScanResult to scannerId: 2- eventType=0x1a, addressType=1, address=6FB8BA_6, primaryPhy=1, secondaryPhy=0, advertisingSid=0xff, txPower=127, rssi=-45, periodicAdvInt=0x0
05-17 12:11:46.682  1928  2050 D BtGatt.GattService: onScanResult to scannerId: 2- eventType=0x1b, addressType=1, address=DD0D30_2, primaryPhy=1, secondaryPhy=0, advertisingSid=0xff, txPower=127, rssi=-75, periodicAdvInt=0x0
05-17 12:11:46.700  9058  9058 I ViewRootImpl@ff32c1d[MainActivity]: performTraversals mFirst=false windowShouldResize=false viewVisibilityChanged=true mForceNextWindowRelayout=false params=null
05-17 12:11:46.701  1200  2968 V WindowManager: Relayout Window{74e43f0 u0 dev.mob.mob/dev.mob.mob.MainActivity}: viewVisibility=8 req=1200x1920 d0
05-17 12:11:46.702  1928  2050 D BtGatt.GattService: onScanResult to scannerId: 2- eventType=0x10, addressType=1, address=64346D_4, primaryPhy=1, secondaryPhy=0, advertisingSid=0xff, txPower=127, rssi=-87, periodicAdvInt=0x0
05-17 12:11:46.705  1200  2968 V WindowManager: Relayout hash=74e43f0, pid=9058, syncId=-1: mAttrs={(0,0)(fillxfill) sim={adjust=resize forwardNavigation} ty=BASE_APPLICATION
05-17 12:11:46.705  1200  2968 V WindowManager:   fl=1810100
05-17 12:11:46.705  1200  2968 V WindowManager:   pfl=16020040
05-17 12:11:46.705  1200  2968 V WindowManager:   vsysui=2010
05-17 12:11:46.705  1200  2968 V WindowManager:   apr=LIGHT_STATUS_BARS LIGHT_NAVIGATION_BARS
05-17 12:11:46.705  1200  2968 V WindowManager:   bhv=DEFAULT
05-17 12:11:46.705  1200  2968 V WindowManager:   fitSides= naviIconColor=0
05-17 12:11:46.705  1200  2968 V WindowManager:   sfl=100000}
05-17 12:11:46.708  9058  9058 I ViewRootImpl@ff32c1d[MainActivity]: Relayout returned: old=(0,0,1200,1920) new=(0,0,1200,1920) req=(1200,1920)8 dur=8 res=0x0 s={false 0x0} ch=false seqId=0
05-17 12:11:46.721  1928  2050 D BtGatt.GattService: onScanResult to scannerId: 2- eventType=0x10, addressType=1, address=44BDF8_6, primaryPhy=1, secondaryPhy=0, advertisingSid=0xff, txPower=127, rssi=-85, periodicAdvInt=0x0
05-17 12:11:46.733  9058  9058 I Choreographer: Skipped 44 frames!  The application may be doing too much work on its main thread.
05-17 12:11:46.748  1928  2050 D BtGatt.GattService: onScanResult to scannerId: 2- eventType=0x1b, addressType=1, address=FABE2A_A, primaryPhy=1, secondaryPhy=0, advertisingSid=0xff, txPower=127, rssi=-74, periodicAdvInt=0x0
05-17 12:11:46.753  1928  2050 D BtGatt.GattService: onScanResult to scannerId: 2- eventType=0x10, addressType=1, address=6945AA_C, primaryPhy=1, secondaryPhy=0, advertisingSid=0xff, txPower=127, rssi=-84, periodicAdvInt=0x0
05-17 12:11:46.764  1928  2050 D BtGatt.GattService: onScanResult to scannerId: 2- eventType=0x10, addressType=1, address=7D4F46_E, primaryPhy=1, secondaryPhy=0, advertisingSid=0xff, txPower=127, rssi=-36, periodicAdvInt=0x0
05-17 12:11:46.778  1928  2050 D BtGatt.GattService: onScanResult to scannerId: 2- eventType=0x10, addressType=1, address=3A71EF_F, primaryPhy=1, secondaryPhy=0, advertisingSid=0xff, txPower=127, rssi=-87, periodicAdvInt=0x0
05-17 12:11:46.787  1928  2050 D BtGatt.GattService: onScanResult to scannerId: 2- eventType=0x1b, addressType=1, address=6F63D2_0, primaryPhy=1, secondaryPhy=0, advertisingSid=0xff, txPower=127, rssi=-78, periodicAdvInt=0x0
05-17 12:11:46.802  1928  2050 D BtGatt.GattService: onScanResult to scannerId: 2- eventType=0x10, addressType=1, address=64346D_4, primaryPhy=1, secondaryPhy=0, advertisingSid=0xff, txPower=127, rssi=-86, periodicAdvInt=0x0
05-17 12:11:46.806  1928  2050 D BtGatt.GattService: onScanResult to scannerId: 2- eventType=0x1b, addressType=1, address=7A6A97_6, primaryPhy=1, secondaryPhy=0, advertisingSid=0xff, txPower=127, rssi=-36, periodicAdvInt=0x0
05-17 12:11:46.807  1928  2050 D BtGatt.GattService: onScanResult to scannerId: 2- eventType=0x1b, addressType=1, address=68983E_2, primaryPhy=1, secondaryPhy=0, advertisingSid=0xff, txPower=127, rssi=-37, periodicAdvInt=0x0
05-17 12:11:46.810  1928  2050 D BtGatt.GattService: onScanResult to scannerId: 2- eventType=0x1a, addressType=1, address=6FB8BA_6, primaryPhy=1, secondaryPhy=0, advertisingSid=0xff, txPower=127, rssi=-45, periodicAdvInt=0x0
05-17 12:11:46.844  9058  9058 I MobBleScanRaw: device_id=DD:0D:30:7B:BE:72 rssi=-75 advertisement_b64=AgECDf8tCgIAu6pyvnswDdwDAvD/DQlERDBEMzA3QkJFNzIAAAAAAAAAAAAAAAAAAAAAAAAAAAAAAAAAAAA= manufacturer_ids=[2605] service_uuids=[0000fff0-0000-1000-8000-00805f9b34fb]
05-17 12:11:46.848  9058  9058 I MobBleScanRaw: device_id=44:BD:F8:BF:EE:F6 rssi=-85 advertisement_b64=AgEaF/9MAAkIExPAqAEKG1gWCABDjQ61ivSpAAAAAAAAAAAAAAAAAAAAAAAAAAAAAAAAAAAAAAAAAAAAAAA= manufacturer_ids=[76] service_uuids=[]
05-17 12:11:46.850  9058  9058 I MobBleScanRaw: device_id=69:45:AA:CF:C8:0C rssi=-84 advertisement_b64=AgEaDf9MABYIAKW42j3/MmgAAAAAAAAAAAAAAAAAAAAAAAAAAAAAAAAAAAAAAAAAAAAAAAAAAAAAAAAAAAA= manufacturer_ids=[76] service_uuids=[]
05-17 12:11:46.853  9058  9058 I MobBleScanRaw: device_id=3A:71:EF:7F:2D:1F rssi=-87 advertisement_b64=Hv8GAAEJICIsnnAzoQzkmXvfmNThK8zX7YRrKPWjUAAAAAAAAAAAAAAAAAAAAAAAAAAAAAAAAAAAAAAAAAA= manufacturer_ids=[6] service_uuids=[]
05-17 12:11:46.857  9058  9058 I MobBleScanRaw: device_id=7A:6A:97:64:77:06 rssi=-36 advertisement_b64=AgEaAgoMC/9MABAGAh3nwz04AAAAAAAAAAAAAAAAAAAAAAAAAAAAAAAAAAAAAAAAAAAAAAAAAAAAAAAAAAA= manufacturer_ids=[76] service_uuids=[]
05-17 12:11:46.859  9058  9058 I MobBleScanRaw: device_id=68:98:3E:AD:C4:72 rssi=-37 advertisement_b64=AgEaAgoMC/9MABAGAh3nwz04AAAAAAAAAAAAAAAAAAAAAAAAAAAAAAAAAAAAAAAAAAAAAAAAAAAAAAAAAAA= manufacturer_ids=[76] service_uuids=[]
05-17 12:11:47.035  9058  9118 I Elixir  : Mob.Dist: waiting for EPMD (adb reverse tcp:4369 tcp:4369)...
05-17 12:11:47.564   602   602 D io_stats: !@   8,0 r 1037386 33865608 w 599898 57187876 d 0 0 f 0 0 iot 519268 0 th 0 0 0 pt 0 inp 0 0 208355.137
05-17 12:11:48.498  1928  2050 D BtGatt.GattService: onScanResult to scannerId: 2- eventType=0x10, addressType=1, address=7D4F46_E, primaryPhy=1, secondaryPhy=0, advertisingSid=0xff, txPower=127, rssi=-35, periodicAdvInt=0x0
05-17 12:11:48.505  1200  3617 D SemWifiUsabilityStatsMonitor: onWifiUsabilityStats - seqNum 7073, isSameBssidAndFreq true
05-17 12:11:48.508  1200  1507 I SemWifiLinkQualityMonitor: Link Qos Query: 0.079 ms / 101.771 Mbps (408 / 0.059 / 1.000)
05-17 12:11:48.510  1928  2050 D BtGatt.GattService: onScanResult to scannerId: 2- eventType=0x1b, addressType=1, address=5498D4_8, primaryPhy=1, secondaryPhy=0, advertisingSid=0xff, txPower=127, rssi=-71, periodicAdvInt=0x0
05-17 12:11:48.518  1928  2050 D BtGatt.GattService: onScanResult to scannerId: 2- eventType=0x10, addressType=1, address=304727_8, primaryPhy=1, secondaryPhy=0, advertisingSid=0xff, txPower=127, rssi=-94, periodicAdvInt=0x0
05-17 12:11:48.522  1928  2050 D BtGatt.GattService: onScanResult to scannerId: 2- eventType=0x10, addressType=0, address=BC455B_A, primaryPhy=1, secondaryPhy=0, advertisingSid=0xff, txPower=127, rssi=-73, periodicAdvInt=0x0
05-17 12:11:48.557  1928  2050 D BtGatt.GattService: onScanResult to scannerId: 2- eventType=0x1a, addressType=1, address=6FB8BA_6, primaryPhy=1, secondaryPhy=0, advertisingSid=0xff, txPower=127, rssi=-43, periodicAdvInt=0x0
05-17 12:11:48.568  1928  2050 D BtGatt.GattService: onScanResult to scannerId: 2- eventType=0x1b, addressType=0, address=84E0F4_2, primaryPhy=1, secondaryPhy=0, advertisingSid=0xff, txPower=127, rssi=-88, periodicAdvInt=0x0
05-17 12:11:48.579  9058  9058 I MobBleScanRaw: device_id=54:98:D4:BF:29:F8 rssi=-71 advertisement_b64=AgEaAgoMCv9MABAFARyVNfAAAAAAAAAAAAAAAAAAAAAAAAAAAAAAAAAAAAAAAAAAAAAAAAAAAAAAAAAAAAA= manufacturer_ids=[76] service_uuids=[]
05-17 12:11:48.580  9058  9058 I MobBleScanRaw: device_id=30:47:27:1A:57:D8 rssi=-94 advertisement_b64=Hv8GAAEJICKw5BYubeg+teOYT9axzvpDUYCxAtItOQAAAAAAAAAAAAAAAAAAAAAAAAAAAAAAAAAAAAAAAAA= manufacturer_ids=[6] service_uuids=[]
05-17 12:11:48.608  1928  2050 D BtGatt.GattService: onScanResult to scannerId: 2- eventType=0x1b, addressType=1, address=68983E_2, primaryPhy=1, secondaryPhy=0, advertisingSid=0xff, txPower=127, rssi=-35, periodicAdvInt=0x0
05-17 12:11:48.635  1928  2050 W bt_btif : btif_dm_update_ble_remote_properties cod is 0x000000
05-17 12:11:48.635  1928  2050 W bt_btif : btif_dm_update_ble_remote_properties cod is 0, checking cod from storage
05-17 12:11:48.635  1928  2050 W bt_btif : btif_dm_update_ble_remote_properties cod retrieved from storage is 0x000000
05-17 12:11:48.635  1928  2050 W bt_btif : btif_dm_update_ble_remote_properties cod is again 0, set as unclassified
05-17 12:11:48.636  1928  2050 D BtGatt.GattService: onScanResult to scannerId: 2- eventType=0x1b, addressType=1, address=4A9808_A, primaryPhy=1, secondaryPhy=0, advertisingSid=0xff, txPower=127, rssi=-73, periodicAdvInt=0x0
05-17 12:11:48.640  1928  2050 D BluetoothUtils: getBtEnabledContainers(): btContainers = []
05-17 12:11:48.640  1928  2050 E BluetoothRemoteDevices: Remote class is UNCATEGORIZED
05-17 12:11:48.640  1928  2050 D BtGatt.GattService: onScanResult to scannerId: 2- eventType=0x1b, addressType=1, address=C19840_0, primaryPhy=1, secondaryPhy=0, advertisingSid=0xff, txPower=127, rssi=-82, periodicAdvInt=0x0
