05-17 12:12:19.637  1928  1941 E BtGatt.ContextMap: remove() - removed: 6
05-17 12:12:19.637  1928  2656 E bt_stack: [ERROR:gatt_api.cc(340)] Active Service Found: 8f4f1201-6f3d-4f9c-9e3b-7f4a4f0f2000
05-17 12:12:19.637  1928  2656 I bt_stack: [INFO:gatt_api.cc(408)] GATTS_StopService: service = 0x0086
05-17 12:12:19.637  1928  2656 I bt_stack: [INFO:gatt_sr_hash.cc(127)] gatts_calculate_database_hash: hash=8991C462EBE9D90B9EA0DA3E16D0F513
05-17 12:12:19.638  1928  2656 I bt_stack: [INFO:gatt_api.cc(1111)] GATT_Deregister gatt_if=6
05-17 12:12:19.639  1928  2656 W bt_stack: on_app_deregistered :: app_id=6
05-17 12:12:19.639  1928  2656 I bt_stack: [INFO:gatt_api.cc(1164)] Initialize tGATT_REG
05-17 12:12:19.640  9058  9118 D BluetoothGattServer: registerCallback()
05-17 12:12:19.641  9058  9118 D BluetoothGattServer: registerCallback() - UUID=5df3b187-2eac-4190-b2ff-f5b018d96438
05-17 12:12:19.648  1928  1941 D BtGatt.GattService: registerServer(dev.mob.mob) - UUID=5df3b187-2eac-4190-b2ff-f5b018d96438
05-17 12:12:19.652  1928  1941 D BtGatt.ContextMap: add() - appUid: 10313, appPid: 9058, appName: dev.mob.mob
05-17 12:12:19.653  1928  2656 I bt_stack: [INFO:bta_gatts_act.cc(198)] register application first_unuse rcb_idx=0
05-17 12:12:19.655  9058  9069 D BluetoothGattServer: onServerRegistered() - status=0 serverIf=6
05-17 12:12:19.655  9058  9118 D BluetoothGattServer: addService() - service: 8f4f1201-6f3d-4f9c-9e3b-7f4a4f0f2000
05-17 12:12:19.659  9058  9118 I BluetoothAdapter: STATE_ON
05-17 12:12:19.659  1928  2656 I bt_stack: [INFO:bta_gatts_api.cc(135)] bta_gatts_add_service_impl: rcb_idx=0
05-17 12:12:19.659  9058  9118 I BluetoothAdapter: STATE_ON
05-17 12:12:19.659  1928  2656 I bt_stack: [INFO:gatt_api.cc(171)] GATTS_AddService
05-17 12:12:19.659  1928  2656 I bt_stack: [INFO:gatt_api.cc(286)] GATTS_AddService: service parsed correctly, now starting
05-17 12:12:19.659  9058  9118 I BluetoothAdapter: STATE_ON
05-17 12:12:19.659  1928  2656 I bt_stack: [INFO:gatt_sr_hash.cc(127)] gatts_calculate_database_hash: hash=D73604934235F801B3C76A8E5F0340C6
05-17 12:12:19.660  9058  9118 I BluetoothAdapter: STATE_ON
05-17 12:12:19.661  9058  9069 D BluetoothGattServer: onServiceAdded() - handle=134 uuid=8f4f1201-6f3d-4f9c-9e3b-7f4a4f0f2000 status=0
05-17 12:12:19.664  1928  1939 I bt_stack: [INFO:le_advertising_manager.cc(137)] StartAdvertisingSet in shim layer
05-17 12:12:19.664  1928  1939 W bt_stack: le_advertising_manager :: allocate_advertiser - id : 2
05-17 12:12:19.665  1928  1939 I bt_stack: [INFO:le_advertising_manager.cc(157)] create advertising set, reg_id:-5161, id:2
05-17 12:12:19.665  1928  2282 W bt_stack: le_advertising_manager :: create_extended_advertiser - id : 2
05-17 12:12:19.665  1928  2282 W bt_stack: le_advertising_manager :: enable_advertiser - id : 2
05-17 12:12:19.666  9058  9118 I MobBleFetch: {"v":1,"event":"fetch_server_started","accepted":true,"advertising_accepted":true,"responder_peer_id":"mob-dev","message_id_hash":"3Zw18tqPBdU=","service_uuid":"8f4f1201-6f3d-4f9c-9e3b-7f4a4f0f2000","request_characteristic_uuid":"8f4f1201-6f3d-4f9c-9e3b-7f4a4f0f2001","response_characteristic_uuid":"8f4f1201-6f3d-4f9c-9e3b-7f4a4f0f2002","device_model":"SM-T577U","android_api":33,"adapter_state":"on","adapter_enabled":true}
05-17 12:12:19.667  9058  9118 I BluetoothAdapter: STATE_ON
05-17 12:12:19.667  9058  9118 I BluetoothAdapter: STATE_ON
05-17 12:12:19.669  9058  9118 I BluetoothAdapter: STATE_ON
05-17 12:12:19.670  9058  9118 I BluetoothAdapter: STATE_ON
05-17 12:12:19.670  9058  9118 I MobBleDispatch: {"v":1,"event":"ble_capabilities","supports_extended_advertising":true,"max_advertising_data_length":1024,"is_multiple_advertisement_supported":true,"legacy_manufacturer_payload_budget":24}
05-17 12:12:19.670  9058  9118 I BluetoothAdapter: STATE_ON
05-17 12:12:19.672  9058  9118 I BluetoothAdapter: STATE_ON
05-17 12:12:19.674  9058  9118 I BluetoothAdapter: STATE_ON
05-17 12:12:19.674  9058  9118 I BluetoothAdapter: STATE_ON
05-17 12:12:19.675  9058  9118 I BluetoothAdapter: STATE_ON
05-17 12:12:19.675  9058  9118 I BluetoothAdapter: STATE_ON
05-17 12:12:19.679  1928  1939 I bt_stack: [INFO:le_advertising_manager.cc(137)] StartAdvertisingSet in shim layer
05-17 12:12:19.679  1928  1939 W bt_stack: le_advertising_manager :: allocate_advertiser - id : 3
05-17 12:12:19.679  1928  1939 I bt_stack: [INFO:le_advertising_manager.cc(157)] create advertising set, reg_id:-5162, id:3
05-17 12:12:19.681  9058  9118 I MobBleDispatch: {"v":1,"event":"attempt_outcome","attempt_id":"mx-1779045139666","message_id":"8w1kmMSF0XzCHMfgr9KJpw==","target_peer_id":"broadcast","target_device_ids":["broadcast"],"kind":"dispatched","reason":"legacy_beacon_fallback","adapter":"ble_android","outcome_at_ms":208811728}
05-17 12:12:19.681  1928  2282 W bt_stack: le_advertising_manager :: create_extended_advertiser - id : 3
05-17 12:12:19.682  1928  2282 W bt_stack: le_advertising_manager :: enable_advertiser - id : 3
05-17 12:12:19.682  9058  9118 I MobBleNative: sendFullMxEnvelope(broadcast, 31B) -> DISPATCHED reason=legacy_beacon_fallback
05-17 12:12:19.682  9058  9118 I Elixir  : BleSelfTest: MESH MESSAGE SENT payload="hello-from-mob-dev-1779045139" result=:ok
05-17 12:12:19.683  9058  9118 W Elixir  : BleSelfTest: bridge error unknown: {"v":1,"event":"attempt_outcome","attempt_id":"mx-1779045139666","message_id":"8w1kmMSF0XzCHMfgr9KJpw==","target_peer_id":"broadcast","target_device_ids":["broadcast"],"kind":"dispatched","reason":"legacy_beacon_fallback","adapter":"ble_android","outcome_at_ms":208811728}
05-17 12:12:19.685  9058  9097 I BEAMout : 12:12:19.682 [info] BleSelfTest: MESH MESSAGE SENT payload="hello-from-mob-dev-1779045139" result=:ok
05-17 12:12:19.685  9058  9097 I BEAMout : 12:12:19.683 [warning] BleSelfTest: bridge error unknown: {"v":1,"event":"attempt_outcome","attempt_id":"mx-1779045139666","message_id":"8w1kmMSF0XzCHMfgr9KJpw==","target_peer_id":"broadcast","target_device_ids":["broadcast"],"kind":"dispatched","reason":"legacy_beacon_fallback","adapter":"ble_android","outcome_at_ms":208811728}
05-17 12:12:19.696  1928  2260 E BtGatt.GattService: [GSIM LOG]: gsimLogHandler, msg: MESSAGE_ADV_SET_START, appName: dev.mob.mob, id: 2, isLegacy: true
05-17 12:12:19.697  9058  9058 D BluetoothLeAdvertiser: onAdvertisingSetStarted(2, -7, 0)
05-17 12:12:19.704  1928  2260 E BtGatt.GattService: [GSIM LOG]: gsimLogHandler, msg: MESSAGE_ADV_SET_START, appName: dev.mob.mob, id: 3, isLegacy: true
05-17 12:12:19.718  9058  9058 I MobBleFetch: {"v":1,"event":"fetch_advertising_started","responder_peer_id":"mob-dev","message_id_hash":"3Zw18tqPBdU=","connectable":true,"service_uuid":"8f4f1201-6f3d-4f9c-9e3b-7f4a4f0f2000","device_model":"SM-T577U","android_api":33,"adapter_state":"on","adapter_enabled":true}
05-17 12:12:19.719  9058  9058 D BluetoothLeAdvertiser: onAdvertisingSetStarted(3, -7, 0)
05-17 12:12:19.723  9058  9058 I MobBleDispatch: {"v":1,"event":"legacy_beacon_advertising_started","attempt_id":"mx-1779045139666","beacon_size":22,"beacon":"TUIBAQEA3Zw18tqPBdUS94VXUXoT+Q==","message_id_hash":"3Zw18tqPBdU=","sender_peer_id_hash":"EveFV1F6E\/k=","payload_kind":"TX","envelope_version":1,"window_ms":5000,"data_carrier":"legacy_advertisement"}
05-17 12:12:20.049  1928  2050 D BtGatt.GattService: onScanResult to scannerId: 2- eventType=0x10, addressType=1, address=64346D_4, primaryPhy=1, secondaryPhy=0, advertisingSid=0xff, txPower=127, rssi=-87, periodicAdvInt=0x0
05-17 12:12:20.058  1928  2050 D BtGatt.GattService: onScanResult to scannerId: 2- eventType=0x10, addressType=1, address=EAA892_C, primaryPhy=1, secondaryPhy=0, advertisingSid=0xff, txPower=127, rssi=-57, periodicAdvInt=0x0
05-17 12:12:20.068  1928  2050 D BtGatt.GattService: onScanResult to scannerId: 2- eventType=0x10, addressType=0, address=BC455B_A, primaryPhy=1, secondaryPhy=0, advertisingSid=0xff, txPower=127, rssi=-76, periodicAdvInt=0x0
05-17 12:12:20.076  1928  2050 D BtGatt.GattService: onScanResult to scannerId: 2- eventType=0x1b, addressType=1, address=6F63D2_0, primaryPhy=1, secondaryPhy=0, advertisingSid=0xff, txPower=127, rssi=-79, periodicAdvInt=0x0
05-17 12:12:20.082  1928  2050 D BtGatt.GattService: onScanResult to scannerId: 2- eventType=0x10, addressType=1, address=44BDF8_6, primaryPhy=1, secondaryPhy=0, advertisingSid=0xff, txPower=127, rssi=-86, periodicAdvInt=0x0
05-17 12:12:20.091  1928  2050 D BtGatt.GattService: onScanResult to scannerId: 2- eventType=0x10, addressType=1, address=7D4F46_E, primaryPhy=1, secondaryPhy=0, advertisingSid=0xff, txPower=127, rssi=-36, periodicAdvInt=0x0
05-17 12:12:20.094  1928  2050 D BtGatt.GattService: onScanResult to scannerId: 2- eventType=0x1b, addressType=1, address=7A6A97_6, primaryPhy=1, secondaryPhy=0, advertisingSid=0xff, txPower=127, rssi=-37, periodicAdvInt=0x0
05-17 12:12:20.097  1928  2050 D BtGatt.GattService: onScanResult to scannerId: 2- eventType=0x1b, addressType=1, address=68983E_2, primaryPhy=1, secondaryPhy=0, advertisingSid=0xff, txPower=127, rssi=-36, periodicAdvInt=0x0
05-17 12:12:20.182  1928  2050 D BtGatt.GattService: onScanResult to scannerId: 2- eventType=0x1b, addressType=1, address=54186A_7, primaryPhy=1, secondaryPhy=0, advertisingSid=0xff, txPower=127, rssi=-48, periodicAdvInt=0x0
05-17 12:12:20.216  1928  2050 D BtGatt.GattService: onScanResult to scannerId: 2- eventType=0x10, addressType=0, address=BC455B_A, primaryPhy=1, secondaryPhy=0, advertisingSid=0xff, txPower=127, rssi=-80, periodicAdvInt=0x0
05-17 12:12:20.228  1928  2050 D BtGatt.GattService: onScanResult to scannerId: 2- eventType=0x1b, addressType=1, address=4A9808_A, primaryPhy=1, secondaryPhy=0, advertisingSid=0xff, txPower=127, rssi=-76, periodicAdvInt=0x0
05-17 12:12:20.231  1928  2050 D BtGatt.GattService: onScanResult to scannerId: 2- eventType=0x10, addressType=1, address=3A71EF_F, primaryPhy=1, secondaryPhy=0, advertisingSid=0xff, txPower=127, rssi=-86, periodicAdvInt=0x0
05-17 12:12:20.244  1928  2050 D BtGatt.GattService: onScanResult to scannerId: 2- eventType=0x1b, addressType=1, address=DD0D30_2, primaryPhy=1, secondaryPhy=0, advertisingSid=0xff, txPower=127, rssi=-74, periodicAdvInt=0x0
05-17 12:12:20.284  1928  2050 D BtGatt.GattService: onScanResult to scannerId: 2- eventType=0x10, addressType=1, address=7D4F46_E, primaryPhy=1, secondaryPhy=0, advertisingSid=0xff, txPower=127, rssi=-37, periodicAdvInt=0x0
05-17 12:12:20.291  1928  2050 D BtGatt.GattService: onScanResult to scannerId: 2- eventType=0x1b, addressType=0, address=94944A_9, primaryPhy=1, secondaryPhy=0, advertisingSid=0xff, txPower=127, rssi=-91, periodicAdvInt=0x0
05-17 12:12:21.151  1707  1707 I wpa_supplicant: Heartbeat 20818
05-17 12:12:21.909  1928  2050 D BtGatt.GattService: onScanResult to scannerId: 2- eventType=0x10, addressType=0, address=BC455B_A, primaryPhy=1, secondaryPhy=0, advertisingSid=0xff, txPower=127, rssi=-69, periodicAdvInt=0x0
05-17 12:12:21.915  1928  2050 D BtGatt.GattService: onScanResult to scannerId: 2- eventType=0x1a, addressType=1, address=618070_E, primaryPhy=1, secondaryPhy=0, advertisingSid=0xff, txPower=127, rssi=-44, periodicAdvInt=0x0
05-17 12:12:21.930  9058  9058 I MobBleScanRaw: device_id=61:80:70:09:F3:DE rssi=-44 advertisement_b64=Gf///01CAQEBACgIAGo3uBPp9wgG7dwoW8wAAAAAAAAAAAAAAAAAAAAAAAAAAAAAAAAAAAAAAAAAAAAAAAA= manufacturer_ids=[65535] service_uuids=[]
05-17 12:12:21.933  9058  9118 I Elixir  : BleSelfTest: DISTINCT MESH MESSAGE kind=beacon key=f70806eddc285bcc:2808006a37b813e9 from=sender_hash=f70806eddc285bcc device_id=61:80:70:09:F3:DE first_seen_after=18_callbacks
05-17 12:12:21.934  9058  9097 I BEAMout : 12:12:21.933 [info] BleSelfTest: DISTINCT MESH MESSAGE kind=beacon key=f70806eddc285bcc:2808006a37b813e9 from=sender_hash=f70806eddc285bcc device_id=61:80:70:09:F3:DE first_seen_after=18_callbacks
05-17 12:12:21.988  1928  2050 D BtGatt.GattService: onScanResult to scannerId: 2- eventType=0x1b, addressType=0, address=84E0F4_2, primaryPhy=1, secondaryPhy=0, advertisingSid=0xff, txPower=127, rssi=-88, periodicAdvInt=0x0
05-17 12:12:22.030  1928  2050 D BtGatt.GattService: onScanResult to scannerId: 2- eventType=0x1b, addressType=1, address=5498D4_8, primaryPhy=1, secondaryPhy=0, advertisingSid=0xff, txPower=127, rssi=-67, periodicAdvInt=0x0
05-17 12:12:22.035  1928  2050 D BtGatt.GattService: onScanResult to scannerId: 2- eventType=0x1b, addressType=0, address=84E0F4_2, primaryPhy=1, secondaryPhy=0, advertisingSid=0xff, txPower=127, rssi=-87, periodicAdvInt=0x0
05-17 12:12:22.055  1928  2050 D BtGatt.GattService: onScanResult to scannerId: 2- eventType=0x1a, addressType=1, address=618070_E, primaryPhy=1, secondaryPhy=0, advertisingSid=0xff, txPower=127, rssi=-44, periodicAdvInt=0x0
05-17 12:12:22.058  1928  2050 D BtGatt.GattService: onScanResult to scannerId: 2- eventType=0x10, addressType=0, address=BC455B_A, primaryPhy=1, secondaryPhy=0, advertisingSid=0xff, txPower=127, rssi=-69, periodicAdvInt=0x0
05-17 12:12:22.062 30311 30311 D BoundBrokerSvc: onUnbind: Intent { act=com.google.android.gms.libs.gmscorelogger.service.START dat=chimera-action:/... cmp=com.google.android.gms/.chimera.PersistentDirectBootAwareApiService }
05-17 12:12:22.063  1928  2050 D BtGatt.GattService: onScanResult to scannerId: 2- eventType=0x10, addressType=1, address=1AB250_5, primaryPhy=1, secondaryPhy=0, advertisingSid=0xff, txPower=127, rssi=-95, periodicAdvInt=0x0
05-17 12:12:22.065  1928  2050 D BtGatt.GattService: onScanResult to scannerId: 2- eventType=0x1b, addressType=1, address=4A9808_A, primaryPhy=1, secondaryPhy=0, advertisingSid=0xff, txPower=127, rssi=-73, periodicAdvInt=0x0
05-17 12:12:22.099  1928  2050 D BtGatt.GattService: onScanResult to scannerId: 2- eventType=0x1b, addressType=1, address=54186A_7, primaryPhy=1, secondaryPhy=0, advertisingSid=0xff, txPower=127, rssi=-63, periodicAdvInt=0x0
05-17 12:12:22.170  1928  2050 D BtGatt.GattService: onScanResult to scannerId: 2- eventType=0x1b, addressType=0, address=84E0F4_2, primaryPhy=1, secondaryPhy=0, advertisingSid=0xff, txPower=127, rssi=-87, periodicAdvInt=0x0
05-17 12:12:22.646  1200  3617 D SemWifiUsabilityStatsMonitor: onWifiUsabilityStats - seqNum 7084, isSameBssidAndFreq true
05-17 12:12:22.649  1200  1507 I SemWifiLinkQualityMonitor: Link Qos Query: 0.082 ms / 97.637 Mbps (408 / 0.062 / 1.000)
05-17 12:12:23.829  1928  2050 D BtGatt.GattService: onScanResult to scannerId: 2- eventType=0x1a, addressType=1, address=618070_E, primaryPhy=1, secondaryPhy=0, advertisingSid=0xff, txPower=127, rssi=-44, periodicAdvInt=0x0
05-17 12:12:23.888  1928  2050 D BtGatt.GattService: onScanResult to scannerId: 2- eventType=0x10, addressType=1, address=428DBC_C, primaryPhy=1, secondaryPhy=0, advertisingSid=0xff, txPower=127, rssi=-80, periodicAdvInt=0x0
05-17 12:12:23.891  1928  2050 D BtGatt.GattService: onScanResult to scannerId: 2- eventType=0x10, addressType=1, address=7D4F46_E, primaryPhy=1, secondaryPhy=0, advertisingSid=0xff, txPower=127, rssi=-35, periodicAdvInt=0x0
05-17 12:12:23.938  1928  2050 D BtGatt.GattService: onScanResult to scannerId: 2- eventType=0x1b, addressType=1, address=5498D4_8, primaryPhy=1, secondaryPhy=0, advertisingSid=0xff, txPower=127, rssi=-74, periodicAdvInt=0x0
05-17 12:12:23.959  1928  2050 D BtGatt.GattService: onScanResult to scannerId: 2- eventType=0x1b, addressType=0, address=84E0F4_2, primaryPhy=1, secondaryPhy=0, advertisingSid=0xff, txPower=127, rssi=-78, periodicAdvInt=0x0
05-17 12:12:23.963  1928  2050 D BtGatt.GattService: onScanResult to scannerId: 2- eventType=0x1a, addressType=1, address=618070_E, primaryPhy=1, secondaryPhy=0, advertisingSid=0xff, txPower=127, rssi=-44, periodicAdvInt=0x0
05-17 12:12:23.993  1928  2050 D BtGatt.GattService: onScanResult to scannerId: 2- eventType=0x1b, addressType=1, address=68983E_2, primaryPhy=1, secondaryPhy=0, advertisingSid=0xff, txPower=127, rssi=-35, periodicAdvInt=0x0
05-17 12:12:23.995  1928  2050 D BtGatt.GattService: onScanResult to scannerId: 2- eventType=0x1b, addressType=1, address=7A6A97_6, primaryPhy=1, secondaryPhy=0, advertisingSid=0xff, txPower=127, rssi=-36, periodicAdvInt=0x0
05-17 12:12:24.017  1200  9132 D WifiConnectivityMonitor.DnsThread:  [|212] []
05-17 12:12:24.018  1200  1524 D WifiConnectivityMonitor.NetworkStatsAnalyzer: DNS resultType : 0, responseTime : 212
05-17 12:12:24.018  1200  1522 D OpenNetworkQos[4.00]: updateBssidLatestDnsResultType - result: 0
05-17 12:12:24.018  1200  1522 D OpenNetworkQos[4.00]: updateBssidNoInternet: mBssidNoInternet = false
05-17 12:12:24.018  1200  1522 D OpenNetworkQos[4.00]: getOpenNetworkQosNoInternetStatus: false[Private DNS is active. Result is ignored.]
05-17 12:12:24.018  1200  1522 D OpenNetworkQos[4.00]: getOpenNetworkQosScores: 17 20 0 [Private DNS is active. Result is ignored.]
05-17 12:12:24.018  1200  1522 I WifiProfileShare: network QoS data was changed (internet), updateQoSData networkType: true, qosData: false
05-17 12:12:24.019  1200  2583 V WifiProfileShare.Caster: checkAndGetShareData - device locked
05-17 12:12:24.356  9058  9118 I Elixir  : BleSelfTest: HEARTBEAT events=287 devices=36 mob_peers=1 sent=5 distinct_msgs=4 beacon_callbacks=21 envelopes=0
05-17 12:12:24.357  9058  9097 I BEAMout : 12:12:24.356 [info] BleSelfTest: HEARTBEAT events=287 devices=36 mob_peers=1 sent=5 distinct_msgs=4 beacon_callbacks=21 envelopes=0
05-17 12:12:24.723  9058  9058 I BluetoothAdapter: STATE_ON
05-17 12:12:24.724  9058  9058 I BluetoothAdapter: STATE_ON
05-17 12:12:24.724  9058  9058 I BluetoothAdapter: STATE_ON
05-17 12:12:24.725  9058  9058 D BluetoothLeAdvertiser: Stop AdvertingSet
05-17 12:12:24.728  1928  1939 I bt_stack: [INFO:le_advertising_manager.cc(70)] Unregister in shim layer
05-17 12:12:24.729  1928  2260 E BtGatt.GattService: [GSIM LOG]: gsimLogHandler, msg: MESSAGE_ADV_SET_STOP, appName: dev.mob.mob, id: 3, isLegacy: true
05-17 12:12:24.729  1928  2282 W bt_stack: le_advertising_manager :: remove_advertiser - id : 3
05-17 12:12:24.752  9058  9058 D BluetoothLeAdvertiser: onAdvertisingSetStopped(3)
05-17 12:12:25.673  1928  2050 D BtGatt.GattService: onScanResult to scannerId: 2- eventType=0x10, addressType=1, address=7D4F46_E, primaryPhy=1, secondaryPhy=0, advertisingSid=0xff, txPower=127, rssi=-36, periodicAdvInt=0x0
05-17 12:12:25.700  1928  2050 D BtGatt.GattService: onScanResult to scannerId: 2- eventType=0x1b, addressType=1, address=4A9808_A, primaryPhy=1, secondaryPhy=0, advertisingSid=0xff, txPower=127, rssi=-76, periodicAdvInt=0x0
05-17 12:12:25.719  1928  2050 D BtGatt.GattService: onScanResult to scannerId: 2- eventType=0x1a, addressType=1, address=618070_E, primaryPhy=1, secondaryPhy=0, advertisingSid=0xff, txPower=127, rssi=-45, periodicAdvInt=0x0
05-17 12:12:25.761  1200  3617 D SemWifiUsabilityStatsMonitor: onWifiUsabilityStats - seqNum 7085, isSameBssidAndFreq true
05-17 12:12:25.763  1613  1613 D NetworkController.WifiSignalController: notifyListener: visible=true, connected=true, inetCondition=1, isDefault=true, wifiTestReported=true, receivedInetCondition=-1, hideDuringMobileSwitching=false
05-17 12:12:25.764  1928  2050 D BtGatt.GattService: onScanResult to scannerId: 2- eventType=0x10, addressType=0, address=BC455B_A, primaryPhy=1, secondaryPhy=0, advertisingSid=0xff, txPower=127, rssi=-80, periodicAdvInt=0x0
05-17 12:12:25.765  1200  1507 I SemWifiLinkQualityMonitor: Link Qos Query: 0.037 ms / 214.207 Mbps (408 / 0.018 / 1.000)
05-17 12:12:25.785   914   914 I SurfaceFlinger: SFWD update time=208393358297559
05-17 12:12:25.853  1928  2050 D BtGatt.GattService: onScanResult to scannerId: 2- eventType=0x10, addressType=1, address=7D4F46_E, primaryPhy=1, secondaryPhy=0, advertisingSid=0xff, txPower=127, rssi=-36, periodicAdvInt=0x0
05-17 12:12:25.860  1928  2050 D BtGatt.GattService: onScanResult to scannerId: 2- eventType=0x1a, addressType=1, address=618070_E, primaryPhy=1, secondaryPhy=0, advertisingSid=0xff, txPower=127, rssi=-45, periodicAdvInt=0x0
05-17 12:12:26.685  9058  9118 I BluetoothAdapter: STATE_ON
05-17 12:12:26.685  9058  9118 I BluetoothAdapter: STATE_ON
05-17 12:12:26.685  9058  9118 I BluetoothAdapter: STATE_ON
05-17 12:12:26.687  9058  9118 D BluetoothLeAdvertiser: Stop AdvertingSet
05-17 12:12:26.691  1928  1939 I bt_stack: [INFO:le_advertising_manager.cc(70)] Unregister in shim layer
05-17 12:12:26.691  1928  2260 E BtGatt.GattService: [GSIM LOG]: gsimLogHandler, msg: MESSAGE_ADV_SET_STOP, appName: dev.mob.mob, id: 2, isLegacy: true
05-17 12:12:26.695  1928  2282 W bt_stack: le_advertising_manager :: remove_advertiser - id : 2
05-17 12:12:26.697  9058  9118 I MobBleFetch: {"v":1,"event":"fetch_advertising_stopped","device_model":"SM-T577U","android_api":33,"adapter_state":"on","adapter_enabled":true}
05-17 12:12:26.698  9058  9118 D BluetoothGattServer: close()
05-17 12:12:26.698  9058  9118 D BluetoothGattServer: unregisterCallback() - mServerIf=6
05-17 12:12:26.700  1928  1939 D BtGatt.GattService: unregisterServer(dev.mob.mob) - serverIf=6
05-17 12:12:26.703  1928  1939 D BtGatt.ContextMap: remove() - id: 6
05-17 12:12:26.703  1928  1939 E BtGatt.ContextMap: remove() - removed: 6
05-17 12:12:26.704  1928  2656 E bt_stack: [ERROR:gatt_api.cc(340)] Active Service Found: 8f4f1201-6f3d-4f9c-9e3b-7f4a4f0f2000
05-17 12:12:26.704  1928  2656 I bt_stack: [INFO:gatt_api.cc(408)] GATTS_StopService: service = 0x0086
05-17 12:12:26.704  1928  2656 I bt_stack: [INFO:gatt_sr_hash.cc(127)] gatts_calculate_database_hash: hash=8991C462EBE9D90B9EA0DA3E16D0F513
05-17 12:12:26.704  1928  2656 I bt_stack: [INFO:gatt_api.cc(1111)] GATT_Deregister gatt_if=6
05-17 12:12:26.704  1928  2656 W bt_stack: on_app_deregistered :: app_id=6
05-17 12:12:26.704  1928  2656 I bt_stack: [INFO:gatt_api.cc(1164)] Initialize tGATT_REG
05-17 12:12:26.709  9058  9118 D BluetoothGattServer: registerCallback()
05-17 12:12:26.710  9058  9118 D BluetoothGattServer: registerCallback() - UUID=a6a604ba-b4f5-4a8c-a52d-e70961f7f21d
05-17 12:12:26.714  1928  1939 D BtGatt.GattService: registerServer(dev.mob.mob) - UUID=a6a604ba-b4f5-4a8c-a52d-e70961f7f21d
05-17 12:12:26.717  1928  1939 D BtGatt.ContextMap: add() - appUid: 10313, appPid: 9058, appName: dev.mob.mob
05-17 12:12:26.717  9058  9058 D BluetoothLeAdvertiser: onAdvertisingSetStopped(2)
05-17 12:12:26.718  1928  2656 I bt_stack: [INFO:bta_gatts_act.cc(198)] register application first_unuse rcb_idx=0
05-17 12:12:26.720  9058  9069 D BluetoothGattServer: onServerRegistered() - status=0 serverIf=6
05-17 12:12:26.720  9058  9118 D BluetoothGattServer: addService() - service: 8f4f1201-6f3d-4f9c-9e3b-7f4a4f0f2000
05-17 12:12:26.724  1928  2656 I bt_stack: [INFO:bta_gatts_api.cc(135)] bta_gatts_add_service_impl: rcb_idx=0
05-17 12:12:26.725  1928  2656 I bt_stack: [INFO:gatt_api.cc(171)] GATTS_AddService
05-17 12:12:26.725  1928  2656 I bt_stack: [INFO:gatt_api.cc(286)] GATTS_AddService: service parsed correctly, now starting
05-17 12:12:26.725  1928  2656 I bt_stack: [INFO:gatt_sr_hash.cc(127)] gatts_calculate_database_hash: hash=D73604934235F801B3C76A8E5F0340C6
05-17 12:12:26.725  9058  9118 I BluetoothAdapter: STATE_ON
05-17 12:12:26.725  9058  9118 I BluetoothAdapter: STATE_ON
05-17 12:12:26.725  9058  9118 I BluetoothAdapter: STATE_ON
05-17 12:12:26.725  9058  9118 I BluetoothAdapter: STATE_ON
05-17 12:12:26.727  9058  9069 D BluetoothGattServer: onServiceAdded() - handle=134 uuid=8f4f1201-6f3d-4f9c-9e3b-7f4a4f0f2000 status=0
05-17 12:12:26.733  1928  1939 I bt_stack: [INFO:le_advertising_manager.cc(137)] StartAdvertisingSet in shim layer
05-17 12:12:26.733  1928  1939 W bt_stack: le_advertising_manager :: allocate_advertiser - id : 2
05-17 12:12:26.733  1928  1939 I bt_stack: [INFO:le_advertising_manager.cc(157)] create advertising set, reg_id:-5163, id:2
05-17 12:12:26.733  1928  2282 W bt_stack: le_advertising_manager :: create_extended_advertiser - id : 2
05-17 12:12:26.734  1928  2282 W bt_stack: le_advertising_manager :: enable_advertiser - id : 2
05-17 12:12:26.736  9058  9118 I MobBleFetch: {"v":1,"event":"fetch_server_started","accepted":true,"advertising_accepted":true,"responder_peer_id":"mob-dev","message_id_hash":"Gb2YANR\/COk=","service_uuid":"8f4f1201-6f3d-4f9c-9e3b-7f4a4f0f2000","request_characteristic_uuid":"8f4f1201-6f3d-4f9c-9e3b-7f4a4f0f2001","response_characteristic_uuid":"8f4f1201-6f3d-4f9c-9e3b-7f4a4f0f2002","device_model":"SM-T577U","android_api":33,"adapter_state":"on","adapter_enabled":true}
05-17 12:12:26.737  9058  9118 I BluetoothAdapter: STATE_ON
05-17 12:12:26.737  9058  9118 I BluetoothAdapter: STATE_ON
05-17 12:12:26.739  9058  9118 I BluetoothAdapter: STATE_ON
05-17 12:12:26.743  9058  9118 I BluetoothAdapter: STATE_ON
05-17 12:12:26.743  9058  9118 I MobBleDispatch: {"v":1,"event":"ble_capabilities","supports_extended_advertising":true,"max_advertising_data_length":1024,"is_multiple_advertisement_supported":true,"legacy_manufacturer_payload_budget":24}
05-17 12:12:26.744  9058  9118 I BluetoothAdapter: STATE_ON
05-17 12:12:26.745  9058  9118 I BluetoothAdapter: STATE_ON
05-17 12:12:26.748  9058  9118 I BluetoothAdapter: STATE_ON
05-17 12:12:26.748  9058  9118 I BluetoothAdapter: STATE_ON
05-17 12:12:26.749  9058  9118 I BluetoothAdapter: STATE_ON
05-17 12:12:26.749  9058  9118 I BluetoothAdapter: STATE_ON
05-17 12:12:26.753  1928  1939 I bt_stack: [INFO:le_advertising_manager.cc(137)] StartAdvertisingSet in shim layer
05-17 12:12:26.753  1928  1939 W bt_stack: le_advertising_manager :: allocate_advertiser - id : 3
05-17 12:12:26.753  1928  1939 I bt_stack: [INFO:le_advertising_manager.cc(157)] create advertising set, reg_id:-5164, id:3
05-17 12:12:26.754  1928  2260 E BtGatt.GattService: [GSIM LOG]: gsimLogHandler, msg: MESSAGE_ADV_SET_START, appName: dev.mob.mob, id: 2, isLegacy: true
05-17 12:12:26.754  1928  2282 W bt_stack: le_advertising_manager :: create_extended_advertiser - id : 3
05-17 12:12:26.754  1928  2282 W bt_stack: le_advertising_manager :: enable_advertiser - id : 3
05-17 12:12:26.755  9058  9058 D BluetoothLeAdvertiser: onAdvertisingSetStarted(2, -7, 0)
05-17 12:12:26.756  9058  9118 I MobBleDispatch: {"v":1,"event":"attempt_outcome","attempt_id":"mx-1779045146736","message_id":"SVWtclBxZRh5vMg1inDbJg==","target_peer_id":"broadcast","target_device_ids":["broadcast"],"kind":"dispatched","reason":"legacy_beacon_fallback","adapter":"ble_android","outcome_at_ms":208818798}
05-17 12:12:26.756  9058  9058 I MobBleFetch: {"v":1,"event":"fetch_advertising_started","responder_peer_id":"mob-dev","message_id_hash":"Gb2YANR\/COk=","connectable":true,"service_uuid":"8f4f1201-6f3d-4f9c-9e3b-7f4a4f0f2000","device_model":"SM-T577U","android_api":33,"adapter_state":"on","adapter_enabled":true}
05-17 12:12:26.757  9058  9118 I MobBleNative: sendFullMxEnvelope(broadcast, 31B) -> DISPATCHED reason=legacy_beacon_fallback
05-17 12:12:26.758  9058  9118 I Elixir  : BleSelfTest: MESH MESSAGE SENT payload="hello-from-mob-dev-1779045146" result=:ok
05-17 12:12:26.759  9058  9118 W Elixir  : BleSelfTest: bridge error unknown: {"v":1,"event":"attempt_outcome","attempt_id":"mx-1779045146736","message_id":"SVWtclBxZRh5vMg1inDbJg==","target_peer_id":"broadcast","target_device_ids":["broadcast"],"kind":"dispatched","reason":"legacy_beacon_fallback","adapter":"ble_android","outcome_at_ms":208818798}
05-17 12:12:26.761  9058  9097 I BEAMout : 12:12:26.758 [info] BleSelfTest: MESH MESSAGE SENT payload="hello-from-mob-dev-1779045146" result=:ok
05-17 12:12:26.762  9058  9097 I BEAMout : 12:12:26.759 [warning] BleSelfTest: bridge error unknown: {"v":1,"event":"attempt_outcome","attempt_id":"mx-1779045146736","message_id":"SVWtclBxZRh5vMg1inDbJg==","target_peer_id":"broadcast","target_device_ids":["broadcast"],"kind":"dispatched","reason":"legacy_beacon_fallback","adapter":"ble_android","outcome_at_ms":208818798}
05-17 12:12:26.773  1928  2260 E BtGatt.GattService: [GSIM LOG]: gsimLogHandler, msg: MESSAGE_ADV_SET_START, appName: dev.mob.mob, id: 3, isLegacy: true
05-17 12:12:26.777  9058  9058 D BluetoothLeAdvertiser: onAdvertisingSetStarted(3, -7, 0)
05-17 12:12:26.794  9058  9058 I MobBleDispatch: {"v":1,"event":"legacy_beacon_advertising_started","attempt_id":"mx-1779045146736","beacon_size":22,"beacon":"TUIBAQEAGb2YANR\/COkS94VXUXoT+Q==","message_id_hash":"Gb2YANR\/COk=","sender_peer_id_hash":"EveFV1F6E\/k=","payload_kind":"TX","envelope_version":1,"window_ms":5000,"data_carrier":"legacy_advertisement"}
05-17 12:12:27.126  2905  3758 I SDHMS:h : Periodic event 'saveLog' will starts soon.
05-17 12:12:27.126  2905  3758 I SDHMS:o : Polling event syncDatabaseLocked will starts.
05-17 12:12:27.126  2905  3758 I SDHMS:o : Polling event syncDatabaseLocked finished.
05-17 12:12:27.126  2905  3758 I SDHMS:o : Polling event checkDatabaseLocked will starts.
05-17 12:12:27.128  2905  3758 I SDHMS:o : Polling event checkDatabaseLocked finished.
05-17 12:12:27.129  2905  3758 I SDHMS:o : Polling event checkDatabaseOverflow will starts.
05-17 12:12:27.129  2905  3758 I SDHMS:o : Polling event checkDatabaseOverflow finished.
05-17 12:12:27.492  1928  2050 D BtGatt.GattService: onScanResult to scannerId: 2- eventType=0x1a, addressType=1, address=618070_E, primaryPhy=1, secondaryPhy=0, advertisingSid=0xff, txPower=127, rssi=-44, periodicAdvInt=0x0
05-17 12:12:27.492  1928  2050 D BtGatt.GattService: onScanResult to scannerId: 2- eventType=0x10, addressType=1, address=1AB250_5, primaryPhy=1, secondaryPhy=0, advertisingSid=0xff, txPower=127, rssi=-95, periodicAdvInt=0x0
05-17 12:12:27.504  1928  2050 D BtGatt.GattService: onScanResult to scannerId: 2- eventType=0x1b, addressType=1, address=6F63D2_0, primaryPhy=1, secondaryPhy=0, advertisingSid=0xff, txPower=127, rssi=-78, periodicAdvInt=0x0
05-17 12:12:27.529  1928  2050 D BtGatt.GattService: onScanResult to scannerId: 2- eventType=0x1b, addressType=1, address=5498D4_8, primaryPhy=1, secondaryPhy=0, advertisingSid=0xff, txPower=127, rssi=-67, periodicAdvInt=0x0
05-17 12:12:27.529  1928  2050 D BtGatt.GattService: onScanResult to scannerId: 2- eventType=0x1b, addressType=1, address=4A9808_A, primaryPhy=1, secondaryPhy=0, advertisingSid=0xff, txPower=127, rssi=-74, periodicAdvInt=0x0
05-17 12:12:27.535  1928  2050 D BtGatt.GattService: onScanResult to scannerId: 2- eventType=0x10, addressType=1, address=FA607D_E, primaryPhy=1, secondaryPhy=0, advertisingSid=0xff, txPower=127, rssi=-78, periodicAdvInt=0x0
05-17 12:12:27.535  1928  2050 D BtGatt.GattService: onScanResult to scannerId: 2- eventType=0x10, addressType=1, address=44BDF8_6, primaryPhy=1, secondaryPhy=0, advertisingSid=0xff, txPower=127, rssi=-80, periodicAdvInt=0x0
05-17 12:12:27.584  1928  2050 D BtGatt.GattService: onScanResult to scannerId: 2- eventType=0x10, addressType=1, address=64346D_4, primaryPhy=1, secondaryPhy=0, advertisingSid=0xff, txPower=127, rssi=-84, periodicAdvInt=0x0
05-17 12:12:27.597  1928  2050 D BtGatt.GattService: onScanResult to scannerId: 2- eventType=0x1b, addressType=1, address=7A6A97_6, primaryPhy=1, secondaryPhy=0, advertisingSid=0xff, txPower=127, rssi=-36, periodicAdvInt=0x0
05-17 12:12:27.603  1928  2050 D BtGatt.GattService: onScanResult to scannerId: 2- eventType=0x10, addressType=1, address=7D4F46_E, primaryPhy=1, secondaryPhy=0, advertisingSid=0xff, txPower=127, rssi=-36, periodicAdvInt=0x0
05-17 12:12:27.607  1928  2050 D BtGatt.GattService: onScanResult to scannerId: 2- eventType=0x10, addressType=1, address=428DBC_C, primaryPhy=1, secondaryPhy=0, advertisingSid=0xff, txPower=127, rssi=-78, periodicAdvInt=0x0
05-17 12:12:27.617  1928  2050 D BtGatt.GattService: onScanResult to scannerId: 2- eventType=0x10, addressType=0, address=BC7E8B_B, primaryPhy=1, secondaryPhy=0, advertisingSid=0xff, txPower=127, rssi=-85, periodicAdvInt=0x0
05-17 12:12:27.618  1928  2050 D BtGatt.GattService: onScanResult to scannerId: 2- eventType=0x10, addressType=0, address=BC455B_A, primaryPhy=1, secondaryPhy=0, advertisingSid=0xff, txPower=127, rssi=-73, periodicAdvInt=0x0
05-17 12:12:27.631  1928  2050 D BtGatt.GattService: onScanResult to scannerId: 2- eventType=0x1a, addressType=1, address=618070_E, primaryPhy=1, secondaryPhy=0, advertisingSid=0xff, txPower=127, rssi=-44, periodicAdvInt=0x0
05-17 12:12:27.642  1928  2050 D BtGatt.GattService: onScanResult to scannerId: 2- eventType=0x1b, addressType=0, address=84E0F4_2, primaryPhy=1, secondaryPhy=0, advertisingSid=0xff, txPower=127, rssi=-88, periodicAdvInt=0x0
05-17 12:12:27.660  1928  2050 D BtGatt.GattService: onScanResult to scannerId: 2- eventType=0x1b, addressType=1, address=54186A_7, primaryPhy=1, secondaryPhy=0, advertisingSid=0xff, txPower=127, rssi=-63, periodicAdvInt=0x0
05-17 12:12:28.862  1200  3617 D SemWifiUsabilityStatsMonitor: onWifiUsabilityStats - seqNum 7086, isSameBssidAndFreq true
05-17 12:12:28.864  1200  1507 I SemWifiLinkQualityMonitor: Link Qos Query: 0.079 ms / 101.889 Mbps (408 / 0.059 / 1.000)
05-17 12:12:28.864  1613  1613 D NetworkController.WifiSignalController: notifyListener: visible=true, connected=true, inetCondition=1, isDefault=true, wifiTestReported=true, receivedInetCondition=-1, hideDuringMobileSwitching=false
05-17 12:12:29.350  1928  2050 D BtGatt.GattService: onScanResult to scannerId: 2- eventType=0x1b, addressType=1, address=4A9808_A, primaryPhy=1, secondaryPhy=0, advertisingSid=0xff, txPower=127, rssi=-80, periodicAdvInt=0x0
05-17 12:12:29.351  1928  2050 D BtGatt.GattService: onScanResult to scannerId: 2- eventType=0x10, addressType=1, address=3A71EF_F, primaryPhy=1, secondaryPhy=0, advertisingSid=0xff, txPower=127, rssi=-91, periodicAdvInt=0x0
05-17 12:12:29.357  9058  9118 I Elixir  : BleSelfTest: HEARTBEAT events=310 devices=36 mob_peers=1 sent=6 distinct_msgs=4 beacon_callbacks=25 envelopes=0
05-17 12:12:29.358  9058  9097 I BEAMout : 12:12:29.357 [info] BleSelfTest: HEARTBEAT events=310 devices=36 mob_peers=1 sent=6 distinct_msgs=4 beacon_callbacks=25 envelopes=0
05-17 12:12:29.372  1928  2050 D BtGatt.GattService: onScanResult to scannerId: 2- eventType=0x1b, addressType=0, address=84E0F4_2, primaryPhy=1, secondaryPhy=0, advertisingSid=0xff, txPower=127, rssi=-78, periodicAdvInt=0x0
05-17 12:12:29.397  1928  2050 D BtGatt.GattService: onScanResult to scannerId: 2- eventType=0x1b, addressType=1, address=68983E_2, primaryPhy=1, secondaryPhy=0, advertisingSid=0xff, txPower=127, rssi=-36, periodicAdvInt=0x0
05-17 12:12:29.426  2905  2905 I SDHMS:LOAD: type: LoadsFreqs, value: 0:0:0:654160:858000:650000:654160:858000:650000:5:260:0
05-17 12:12:29.459  1928  2050 D BtGatt.GattService: onScanResult to scannerId: 2- eventType=0x1b, addressType=1, address=5498D4_8, primaryPhy=1, secondaryPhy=0, advertisingSid=0xff, txPower=127, rssi=-73, periodicAdvInt=0x0
05-17 12:12:29.525  1928  2050 D BtGatt.GattService: onScanResult to scannerId: 2- eventType=0x1a, addressType=1, address=618070_E, primaryPhy=1, secondaryPhy=0, advertisingSid=0xff, txPower=127, rssi=-44, periodicAdvInt=0x0
05-17 12:12:29.528  1928  2050 D BtGatt.GattService: onScanResult to scannerId: 2- eventType=0x10, addressType=1, address=3A3EDE_3, primaryPhy=1, secondaryPhy=0, advertisingSid=0xff, txPower=127, rssi=-90, periodicAdvInt=0x0
05-17 12:12:29.556  1928  2050 D BtGatt.GattService: onScanResult to scannerId: 2- eventType=0x10, addressType=1, address=3A71EF_F, primaryPhy=1, secondaryPhy=0, advertisingSid=0xff, txPower=127, rssi=-92, periodicAdvInt=0x0
05-17 12:12:29.578   602   602 D io_stats: !@   8,0 r 1037444 33866604 w 599951 57188280 d 0 0 f 0 0 iot 519288 0 th 0 0 0 pt 0 inp 0 0 208397.150
05-17 12:12:29.580  1928  2050 D BtGatt.GattService: onScanResult to scannerId: 2- eventType=0x10, addressType=1, address=7D4F46_E, primaryPhy=1, secondaryPhy=0, advertisingSid=0xff, txPower=127, rssi=-35, periodicAdvInt=0x0
05-17 12:12:29.584  1928  2050 D BtGatt.GattService: onScanResult to scannerId: 2- eventType=0x1b, addressType=1, address=54186A_7, primaryPhy=1, secondaryPhy=0, advertisingSid=0xff, txPower=127, rssi=-51, periodicAdvInt=0x0
05-17 12:12:29.588  1928  2050 D BtGatt.GattService: onScanResult to scannerId: 2- eventType=0x1b, addressType=0, address=94944A_D, primaryPhy=1, secondaryPhy=0, advertisingSid=0xff, txPower=127, rssi=-84, periodicAdvInt=0x0
05-17 12:12:30.156  1200  1474 D UsbStatsMonitor: 0 0 0 0 0 0 0 0 0 0 0 0 0 0 0 0 0 0 0 0 0 0 0 0 0 0 0 0 0 0 0 0 0 0 0 0 0 0 0 0 0 0 0 0 0 0 0 0 0 0 53021371269139
05-17 12:12:31.151  1707  1707 I wpa_supplicant: Heartbeat 20819
05-17 12:12:31.202  1928  2050 D BtGatt.GattService: onScanResult to scannerId: 2- eventType=0x1b, addressType=1, address=68983E_2, primaryPhy=1, secondaryPhy=0, advertisingSid=0xff, txPower=127, rssi=-36, periodicAdvInt=0x0
05-17 12:12:31.206   869   869 E sehhealth-service: Could not open /sys/class/power_supply/battery/lrp
05-17 12:12:31.224  1928  2050 D BtGatt.GattService: onScanResult to scannerId: 2- eventType=0x1b, addressType=1, address=54186A_7, primaryPhy=1, secondaryPhy=0, advertisingSid=0xff, txPower=127, rssi=-49, periodicAdvInt=0x0
05-17 12:12:31.243  1928  2050 D BtGatt.GattService: onScanResult to scannerId: 2- eventType=0x1b, addressType=1, address=DD0D30_2, primaryPhy=1, secondaryPhy=0, advertisingSid=0xff, txPower=127, rssi=-75, periodicAdvInt=0x0
05-17 12:12:31.338  1928  2050 D BtGatt.GattService: onScanResult to scannerId: 2- eventType=0x10, addressType=1, address=64346D_4, primaryPhy=1, secondaryPhy=0, advertisingSid=0xff, txPower=127, rssi=-85, periodicAdvInt=0x0
05-17 12:12:31.382  1928  2050 D BtGatt.GattService: onScanResult to scannerId: 2- eventType=0x10, addressType=1, address=7D4F46_E, primaryPhy=1, secondaryPhy=0, advertisingSid=0xff, txPower=127, rssi=-36, periodicAdvInt=0x0
05-17 12:12:31.578   602   602 D io_stats: !@   8,0 r 1037444 33866604 w 599956 57188400 d 0 0 f 0 0 iot 519292 0 th 0 0 0 pt 0 inp 0 0 208399.151
05-17 12:12:31.808  9058  9058 I BluetoothAdapter: STATE_ON
05-17 12:12:31.808  9058  9058 I BluetoothAdapter: STATE_ON
05-17 12:12:31.808  9058  9058 I BluetoothAdapter: STATE_ON
05-17 12:12:31.809  9058  9058 D BluetoothLeAdvertiser: Stop AdvertingSet
05-17 12:12:31.811  1928  1939 I bt_stack: [INFO:le_advertising_manager.cc(70)] Unregister in shim layer
05-17 12:12:31.813  1928  2282 W bt_stack: le_advertising_manager :: remove_advertiser - id : 3
05-17 12:12:31.813  1928  2260 E BtGatt.GattService: [GSIM LOG]: gsimLogHandler, msg: MESSAGE_ADV_SET_STOP, appName: dev.mob.mob, id: 3, isLegacy: true
05-17 12:12:31.831  9058  9058 D BluetoothLeAdvertiser: onAdvertisingSetStopped(3)
05-17 12:12:31.956  1200  3617 D SemWifiUsabilityStatsMonitor: onWifiUsabilityStats - seqNum 7087, isSameBssidAndFreq true
05-17 12:12:31.959  1200  1507 I SemWifiLinkQualityMonitor: Link Qos Query: 0.026 ms / 303.695 Mbps (408 / 0.007 / 1.000)
05-17 12:12:31.959  1613  1613 D NetworkController.WifiSignalController: notifyListener: visible=true, connected=true, inetCondition=1, isDefault=true, wifiTestReported=true, receivedInetCondition=-1, hideDuringMobileSwitching=false
05-17 12:12:33.061  1928  2050 D BtGatt.GattService: onScanResult to scannerId: 2- eventType=0x1b, addressType=0, address=84E0F4_2, primaryPhy=1, secondaryPhy=0, advertisingSid=0xff, txPower=127, rssi=-87, periodicAdvInt=0x0
05-17 12:12:33.148  1928  2050 D BtGatt.GattService: onScanResult to scannerId: 2- eventType=0x1b, addressType=1, address=54186A_7, primaryPhy=1, secondaryPhy=0, advertisingSid=0xff, txPower=127, rssi=-64, periodicAdvInt=0x0
05-17 12:12:33.173  1928  2050 D BtGatt.GattService: onScanResult to scannerId: 2- eventType=0x10, addressType=0, address=BC455B_A, primaryPhy=1, secondaryPhy=0, advertisingSid=0xff, txPower=127, rssi=-73, periodicAdvInt=0x0
05-17 12:12:33.177  1928  2050 D BtGatt.GattService: onScanResult to scannerId: 2- eventType=0x10, addressType=0, address=BC7E8B_B, primaryPhy=1, secondaryPhy=0, advertisingSid=0xff, txPower=127, rssi=-84, periodicAdvInt=0x0
05-17 12:12:33.183  1928  2050 D BtGatt.GattService: onScanResult to scannerId: 2- eventType=0x10, addressType=1, address=7D4F46_E, primaryPhy=1, secondaryPhy=0, advertisingSid=0xff, txPower=127, rssi=-35, periodicAdvInt=0x0
05-17 12:12:33.194  1928  2050 D BtGatt.GattService: onScanResult to scannerId: 2- eventType=0x10, addressType=1, address=4A4D1F_B, primaryPhy=1, secondaryPhy=0, advertisingSid=0xff, txPower=127, rssi=-90, periodicAdvInt=0x0
05-17 12:12:33.220  1928  2050 D BtGatt.GattService: onScanResult to scannerId: 2- eventType=0x1b, addressType=1, address=675E69_4, primaryPhy=1, secondaryPhy=0, advertisingSid=0xff, txPower=127, rssi=-78, periodicAdvInt=0x0
05-17 12:12:33.229  1928  2050 D BtGatt.GattService: onScanResult to scannerId: 2- eventType=0x10, addressType=1, address=0A1C36_9, primaryPhy=1, secondaryPhy=0, advertisingSid=0xff, txPower=127, rssi=-95, periodicAdvInt=0x0
05-17 12:12:33.232  1928  2050 D BtGatt.GattService: onScanResult to scannerId: 2- eventType=0x10, addressType=1, address=64346D_4, primaryPhy=1, secondaryPhy=0, advertisingSid=0xff, txPower=127, rssi=-85, periodicAdvInt=0x0
05-17 12:12:33.286  1928  2050 D BtGatt.GattService: onScanResult to scannerId: 2- eventType=0x1b, addressType=1, address=4A9808_A, primaryPhy=1, secondaryPhy=0, advertisingSid=0xff, txPower=127, rssi=-73, periodicAdvInt=0x0
05-17 12:12:33.760  9058  9118 I BluetoothAdapter: STATE_ON
05-17 12:12:33.761  9058  9118 I BluetoothAdapter: STATE_ON
05-17 12:12:33.761  9058  9118 I BluetoothAdapter: STATE_ON
05-17 12:12:33.762  9058  9118 D BluetoothLeAdvertiser: Stop AdvertingSet
05-17 12:12:33.764  1928  1939 I bt_stack: [INFO:le_advertising_manager.cc(70)] Unregister in shim layer
05-17 12:12:33.765  1928  2260 E BtGatt.GattService: [GSIM LOG]: gsimLogHandler, msg: MESSAGE_ADV_SET_STOP, appName: dev.mob.mob, id: 2, isLegacy: true
05-17 12:12:33.766  1928  2282 W bt_stack: le_advertising_manager :: remove_advertiser - id : 2
05-17 12:12:33.767  9058  9118 I MobBleFetch: {"v":1,"event":"fetch_advertising_stopped","device_model":"SM-T577U","android_api":33,"adapter_state":"on","adapter_enabled":true}
05-17 12:12:33.767  9058  9118 D BluetoothGattServer: close()
05-17 12:12:33.767  9058  9118 D BluetoothGattServer: unregisterCallback() - mServerIf=6
05-17 12:12:33.771  1928  1939 D BtGatt.GattService: unregisterServer(dev.mob.mob) - serverIf=6
05-17 12:12:33.773  1928  1939 D BtGatt.ContextMap: remove() - id: 6
05-17 12:12:33.774  1928  1939 E BtGatt.ContextMap: remove() - removed: 6
05-17 12:12:33.774  1928  2656 E bt_stack: [ERROR:gatt_api.cc(340)] Active Service Found: 8f4f1201-6f3d-4f9c-9e3b-7f4a4f0f2000
05-17 12:12:33.774  1928  2656 I bt_stack: [INFO:gatt_api.cc(408)] GATTS_StopService: service = 0x0086
05-17 12:12:33.774  1928  2656 I bt_stack: [INFO:gatt_sr_hash.cc(127)] gatts_calculate_database_hash: hash=8991C462EBE9D90B9EA0DA3E16D0F513
05-17 12:12:33.774  1928  2656 I bt_stack: [INFO:gatt_api.cc(1111)] GATT_Deregister gatt_if=6
05-17 12:12:33.774  1928  2656 W bt_stack: on_app_deregistered :: app_id=6
05-17 12:12:33.774  1928  2656 I bt_stack: [INFO:gatt_api.cc(1164)] Initialize tGATT_REG
05-17 12:12:33.778  9058  9118 D BluetoothGattServer: registerCallback()
05-17 12:12:33.779  9058  9118 D BluetoothGattServer: registerCallback() - UUID=c0094d81-83ab-4a9c-834c-68904efcfe58
05-17 12:12:33.782  1928  1939 D BtGatt.GattService: registerServer(dev.mob.mob) - UUID=c0094d81-83ab-4a9c-834c-68904efcfe58
05-17 12:12:33.785  1928  1939 D BtGatt.ContextMap: add() - appUid: 10313, appPid: 9058, appName: dev.mob.mob
05-17 12:12:33.787  1928  2656 I bt_stack: [INFO:bta_gatts_act.cc(198)] register application first_unuse rcb_idx=0
05-17 12:12:33.788  9058  9069 D BluetoothGattServer: onServerRegistered() - status=0 serverIf=6
05-17 12:12:33.789  9058  9118 D BluetoothGattServer: addService() - service: 8f4f1201-6f3d-4f9c-9e3b-7f4a4f0f2000
05-17 12:12:33.792  9058  9058 D BluetoothLeAdvertiser: onAdvertisingSetStopped(2)
05-17 12:12:33.793  9058  9118 I BluetoothAdapter: STATE_ON
05-17 12:12:33.794  1928  2656 I bt_stack: [INFO:bta_gatts_api.cc(135)] bta_gatts_add_service_impl: rcb_idx=0
05-17 12:12:33.794  1928  2656 I bt_stack: [INFO:gatt_api.cc(171)] GATTS_AddService
05-17 12:12:33.794  9058  9118 I BluetoothAdapter: STATE_ON
05-17 12:12:33.794  1928  2656 I bt_stack: [INFO:gatt_api.cc(286)] GATTS_AddService: service parsed correctly, now starting
05-17 12:12:33.794  1928  2656 I bt_stack: [INFO:gatt_sr_hash.cc(127)] gatts_calculate_database_hash: hash=D73604934235F801B3C76A8E5F0340C6
05-17 12:12:33.794  9058  9118 I BluetoothAdapter: STATE_ON
05-17 12:12:33.794  9058  9118 I BluetoothAdapter: STATE_ON
05-17 12:12:33.796  9058  9069 D BluetoothGattServer: onServiceAdded() - handle=134 uuid=8f4f1201-6f3d-4f9c-9e3b-7f4a4f0f2000 status=0
05-17 12:12:33.802  1928  1939 I bt_stack: [INFO:le_advertising_manager.cc(137)] StartAdvertisingSet in shim layer
05-17 12:12:33.802  1928  1939 W bt_stack: le_advertising_manager :: allocate_advertiser - id : 2
05-17 12:12:33.802  1928  1939 I bt_stack: [INFO:le_advertising_manager.cc(157)] create advertising set, reg_id:-5165, id:2
05-17 12:12:33.804  1928  2282 W bt_stack: le_advertising_manager :: create_extended_advertiser - id : 2
05-17 12:12:33.804  1928  2282 W bt_stack: le_advertising_manager :: enable_advertiser - id : 2
05-17 12:12:33.805  9058  9118 I MobBleFetch: {"v":1,"event":"fetch_server_started","accepted":true,"advertising_accepted":true,"responder_peer_id":"mob-dev","message_id_hash":"\/XIIX8AZTyI=","service_uuid":"8f4f1201-6f3d-4f9c-9e3b-7f4a4f0f2000","request_characteristic_uuid":"8f4f1201-6f3d-4f9c-9e3b-7f4a4f0f2001","response_characteristic_uuid":"8f4f1201-6f3d-4f9c-9e3b-7f4a4f0f2002","device_model":"SM-T577U","android_api":33,"adapter_state":"on","adapter_enabled":true}
05-17 12:12:33.806  9058  9118 I BluetoothAdapter: STATE_ON
05-17 12:12:33.806  9058  9118 I BluetoothAdapter: STATE_ON
05-17 12:12:33.809  9058  9118 I BluetoothAdapter: STATE_ON
05-17 12:12:33.811  9058  9118 I BluetoothAdapter: STATE_ON
05-17 12:12:33.812  9058  9118 I MobBleDispatch: {"v":1,"event":"ble_capabilities","supports_extended_advertising":true,"max_advertising_data_length":1024,"is_multiple_advertisement_supported":true,"legacy_manufacturer_payload_budget":24}
05-17 12:12:33.812  9058  9118 I BluetoothAdapter: STATE_ON
05-17 12:12:33.814  9058  9118 I BluetoothAdapter: STATE_ON
05-17 12:12:33.816  9058  9118 I BluetoothAdapter: STATE_ON
05-17 12:12:33.817  9058  9118 I BluetoothAdapter: STATE_ON
05-17 12:12:33.817  9058  9118 I BluetoothAdapter: STATE_ON
05-17 12:12:33.817  9058  9118 I BluetoothAdapter: STATE_ON
05-17 12:12:33.822  1928  1939 I bt_stack: [INFO:le_advertising_manager.cc(137)] StartAdvertisingSet in shim layer
05-17 12:12:33.823  1928  1939 W bt_stack: le_advertising_manager :: allocate_advertiser - id : 3
05-17 12:12:33.823  1928  1939 I bt_stack: [INFO:le_advertising_manager.cc(157)] create advertising set, reg_id:-5166, id:3
05-17 12:12:33.825  9058  9118 I MobBleDispatch: {"v":1,"event":"attempt_outcome","attempt_id":"mx-1779045153805","message_id":"Cp6I6VrJv\/Pq4sPJJKstdA==","target_peer_id":"broadcast","target_device_ids":["broadcast"],"kind":"dispatched","reason":"legacy_beacon_fallback","adapter":"ble_android","outcome_at_ms":208825867}
05-17 12:12:33.825  1928  2282 W bt_stack: le_advertising_manager :: create_extended_advertiser - id : 3
05-17 12:12:33.825  1928  2282 W bt_stack: le_advertising_manager :: enable_advertiser - id : 3
05-17 12:12:33.826  9058  9118 I MobBleNative: sendFullMxEnvelope(broadcast, 31B) -> DISPATCHED reason=legacy_beacon_fallback
05-17 12:12:33.827  9058  9118 I Elixir  : BleSelfTest: MESH MESSAGE SENT payload="hello-from-mob-dev-1779045153" result=:ok
05-17 12:12:33.828  9058  9118 W Elixir  : BleSelfTest: bridge error unknown: {"v":1,"event":"attempt_outcome","attempt_id":"mx-1779045153805","message_id":"Cp6I6VrJv\/Pq4sPJJKstdA==","target_peer_id":"broadcast","target_device_ids":["broadcast"],"kind":"dispatched","reason":"legacy_beacon_fallback","adapter":"ble_android","outcome_at_ms":208825867}
05-17 12:12:33.830  9058  9097 I BEAMout : 12:12:33.827 [info] BleSelfTest: MESH MESSAGE SENT payload="hello-from-mob-dev-1779045153" result=:ok
05-17 12:12:33.830  9058  9097 I BEAMout : 12:12:33.828 [warning] BleSelfTest: bridge error unknown: {"v":1,"event":"attempt_outcome","attempt_id":"mx-1779045153805","message_id":"Cp6I6VrJv\/Pq4sPJJKstdA==","target_peer_id":"broadcast","target_device_ids":["broadcast"],"kind":"dispatched","reason":"legacy_beacon_fallback","adapter":"ble_android","outcome_at_ms":208825867}
05-17 12:12:33.834  1928  2260 E BtGatt.GattService: [GSIM LOG]: gsimLogHandler, msg: MESSAGE_ADV_SET_START, appName: dev.mob.mob, id: 2, isLegacy: true
05-17 12:12:33.835  9058  9058 D BluetoothLeAdvertiser: onAdvertisingSetStarted(2, -7, 0)
05-17 12:12:33.837  9058  9058 I MobBleFetch: {"v":1,"event":"fetch_advertising_started","responder_peer_id":"mob-dev","message_id_hash":"\/XIIX8AZTyI=","connectable":true,"service_uuid":"8f4f1201-6f3d-4f9c-9e3b-7f4a4f0f2000","device_model":"SM-T577U","android_api":33,"adapter_state":"on","adapter_enabled":true}
05-17 12:12:33.845  1928  2260 E BtGatt.GattService: [GSIM LOG]: gsimLogHandler, msg: MESSAGE_ADV_SET_START, appName: dev.mob.mob, id: 3, isLegacy: true
05-17 12:12:33.858  9058  9058 D BluetoothLeAdvertiser: onAdvertisingSetStarted(3, -7, 0)
05-17 12:12:33.879  9058  9058 I MobBleDispatch: {"v":1,"event":"legacy_beacon_advertising_started","attempt_id":"mx-1779045153805","beacon_size":22,"beacon":"TUIBAQEA\/XIIX8AZTyIS94VXUXoT+Q==","message_id_hash":"\/XIIX8AZTyI=","sender_peer_id_hash":"EveFV1F6E\/k=","payload_kind":"TX","envelope_version":1,"window_ms":5000,"data_carrier":"legacy_advertisement"}
05-17 12:12:34.358  9058  9118 I Elixir  : BleSelfTest: HEARTBEAT events=337 devices=36 mob_peers=1 sent=7 distinct_msgs=4 beacon_callbacks=26 envelopes=0
