05-17 12:12:03.464  9058  9058 I MobBleScanRaw: device_id=F8:50:4E:F0:26:EC rssi=-36 advertisement_b64=B/9MABICAAIAAAAAAAAAAAAAAAAAAAAAAAAAAAAAAAAAAAAAAAAAAAAAAAAAAAAAAAAAAAAAAAAAAAAAAAA= manufacturer_ids=[76] service_uuids=[]
05-17 12:12:03.465  9058  9058 I MobBleScanRaw: device_id=FA:60:7D:07:80:7E rssi=-79 advertisement_b64=B/9MABICAAAAAAAAAAAAAAAAAAAAAAAAAAAAAAAAAAAAAAAAAAAAAAAAAAAAAAAAAAAAAAAAAAAAAAAAAAA= manufacturer_ids=[76] service_uuids=[]
05-17 12:12:03.487  1928  2050 D BtGatt.GattService: onScanResult to scannerId: 2- eventType=0x10, addressType=1, address=7D4F46_E, primaryPhy=1, secondaryPhy=0, advertisingSid=0xff, txPower=127, rssi=-36, periodicAdvInt=0x0
05-17 12:12:03.536  9058  9058 I BluetoothAdapter: STATE_ON
05-17 12:12:03.537  1928  2050 D BtGatt.GattService: onScanResult to scannerId: 2- eventType=0x1b, addressType=1, address=4A9808_A, primaryPhy=1, secondaryPhy=0, advertisingSid=0xff, txPower=127, rssi=-76, periodicAdvInt=0x0
05-17 12:12:03.537  9058  9058 I BluetoothAdapter: STATE_ON
05-17 12:12:03.537  9058  9058 I BluetoothAdapter: STATE_ON
05-17 12:12:03.537  9058  9058 D BluetoothLeAdvertiser: Stop AdvertingSet
05-17 12:12:03.539  1928  1941 I bt_stack: [INFO:le_advertising_manager.cc(70)] Unregister in shim layer
05-17 12:12:03.541  1928  2282 W bt_stack: le_advertising_manager :: remove_advertiser - id : 3
05-17 12:12:03.541  1928  2260 E BtGatt.GattService: [GSIM LOG]: gsimLogHandler, msg: MESSAGE_ADV_SET_STOP, appName: dev.mob.mob, id: 3, isLegacy: true
05-17 12:12:03.565  9058  9058 D BluetoothLeAdvertiser: onAdvertisingSetStopped(3)
05-17 12:12:04.027  1200  3617 D SemWifiUsabilityStatsMonitor: onWifiUsabilityStats - seqNum 7078, isSameBssidAndFreq true
05-17 12:12:04.031  1200  1507 I SemWifiLinkQualityMonitor: Link Qos Query: 0.087 ms / 91.840 Mbps (408 / 0.068 / 1.000)
05-17 12:12:04.350  9058  9118 I Elixir  : BleSelfTest: HEARTBEAT events=152 devices=31 mob_peers=1 sent=2 distinct_msgs=2 beacon_callbacks=11 envelopes=0
05-17 12:12:04.351  9058  9097 I BEAMout : 12:12:04.350 [info] BleSelfTest: HEARTBEAT events=152 devices=31 mob_peers=1 sent=2 distinct_msgs=2 beacon_callbacks=11 envelopes=0
05-17 12:12:05.178  1928  2050 D BtGatt.GattService: onScanResult to scannerId: 2- eventType=0x10, addressType=1, address=44BDF8_6, primaryPhy=1, secondaryPhy=0, advertisingSid=0xff, txPower=127, rssi=-80, periodicAdvInt=0x0
05-17 12:12:05.184  1928  2050 D BtGatt.GattService: onScanResult to scannerId: 2- eventType=0x1b, addressType=1, address=675E69_4, primaryPhy=1, secondaryPhy=0, advertisingSid=0xff, txPower=127, rssi=-78, periodicAdvInt=0x0
05-17 12:12:05.201  1928  2050 D BtGatt.GattService: onScanResult to scannerId: 2- eventType=0x10, addressType=0, address=BC7E8B_B, primaryPhy=1, secondaryPhy=0, advertisingSid=0xff, txPower=127, rssi=-85, periodicAdvInt=0x0
05-17 12:12:05.205  1928  2050 D BtGatt.GattService: onScanResult to scannerId: 2- eventType=0x10, addressType=1, address=7D4F46_E, primaryPhy=1, secondaryPhy=0, advertisingSid=0xff, txPower=127, rssi=-35, periodicAdvInt=0x0
05-17 12:12:05.210  1928  2050 D BtGatt.GattService: onScanResult to scannerId: 2- eventType=0x10, addressType=0, address=BC455B_A, primaryPhy=1, secondaryPhy=0, advertisingSid=0xff, txPower=127, rssi=-69, periodicAdvInt=0x0
05-17 12:12:05.215  1928  2050 D BtGatt.GattService: onScanResult to scannerId: 2- eventType=0x1b, addressType=0, address=84E0F4_2, primaryPhy=1, secondaryPhy=0, advertisingSid=0xff, txPower=127, rssi=-88, periodicAdvInt=0x0
05-17 12:12:05.275  1928  2050 D BtGatt.GattService: onScanResult to scannerId: 2- eventType=0x1b, addressType=1, address=5498D4_8, primaryPhy=1, secondaryPhy=0, advertisingSid=0xff, txPower=127, rssi=-67, periodicAdvInt=0x0
05-17 12:12:05.360  1928  2050 D BtGatt.GattService: onScanResult to scannerId: 2- eventType=0x10, addressType=1, address=4A4D1F_B, primaryPhy=1, secondaryPhy=0, advertisingSid=0xff, txPower=127, rssi=-76, periodicAdvInt=0x0
05-17 12:12:05.381  1928  2050 D BtGatt.GattService: onScanResult to scannerId: 2- eventType=0x10, addressType=1, address=6945AA_C, primaryPhy=1, secondaryPhy=0, advertisingSid=0xff, txPower=127, rssi=-81, periodicAdvInt=0x0
05-17 12:12:05.406  1928  2050 D BtGatt.GattService: onScanResult to scannerId: 2- eventType=0x1b, addressType=1, address=68983E_2, primaryPhy=1, secondaryPhy=0, advertisingSid=0xff, txPower=127, rssi=-35, periodicAdvInt=0x0
05-17 12:12:05.409  1928  2050 D BtGatt.GattService: onScanResult to scannerId: 2- eventType=0x1b, addressType=1, address=7A6A97_6, primaryPhy=1, secondaryPhy=0, advertisingSid=0xff, txPower=127, rssi=-35, periodicAdvInt=0x0
05-17 12:12:05.410  1928  2050 D BtGatt.GattService: onScanResult to scannerId: 2- eventType=0x10, addressType=1, address=7D4F46_E, primaryPhy=1, secondaryPhy=0, advertisingSid=0xff, txPower=127, rssi=-35, periodicAdvInt=0x0
05-17 12:12:05.414  1928  2050 D BtGatt.GattService: onScanResult to scannerId: 2- eventType=0x1b, addressType=0, address=84E0F4_2, primaryPhy=1, secondaryPhy=0, advertisingSid=0xff, txPower=127, rssi=-87, periodicAdvInt=0x0
05-17 12:12:05.420  1928  2050 D BtGatt.GattService: onScanResult to scannerId: 2- eventType=0x1b, addressType=1, address=DD0D30_2, primaryPhy=1, secondaryPhy=0, advertisingSid=0xff, txPower=127, rssi=-66, periodicAdvInt=0x0
05-17 12:12:05.441  1928  2050 D BtGatt.GattService: onScanResult to scannerId: 2- eventType=0x10, addressType=1, address=0A1C36_9, primaryPhy=1, secondaryPhy=0, advertisingSid=0xff, txPower=127, rssi=-93, periodicAdvInt=0x0
05-17 12:12:05.465  9058  9058 I MobBleScanRaw: device_id=0A:1C:36:F0:24:C9 rssi=-93 advertisement_b64=Hv8GAAEJICKnMkQ8v4+/1EQ01Q3cKuItMBDeN88Y1QAAAAAAAAAAAAAAAAAAAAAAAAAAAAAAAAAAAAAAAAA= manufacturer_ids=[6] service_uuids=[]
05-17 12:12:05.490  9058  9118 I BluetoothAdapter: STATE_ON
05-17 12:12:05.490  9058  9118 I BluetoothAdapter: STATE_ON
05-17 12:12:05.490  9058  9118 I BluetoothAdapter: STATE_ON
05-17 12:12:05.492  9058  9118 D BluetoothLeAdvertiser: Stop AdvertingSet
05-17 12:12:05.494  1928  1941 I bt_stack: [INFO:le_advertising_manager.cc(70)] Unregister in shim layer
05-17 12:12:05.495  1928  2282 W bt_stack: le_advertising_manager :: remove_advertiser - id : 2
05-17 12:12:05.495  1928  2260 E BtGatt.GattService: [GSIM LOG]: gsimLogHandler, msg: MESSAGE_ADV_SET_STOP, appName: dev.mob.mob, id: 2, isLegacy: true
05-17 12:12:05.496  9058  9118 I MobBleFetch: {"v":1,"event":"fetch_advertising_stopped","device_model":"SM-T577U","android_api":33,"adapter_state":"on","adapter_enabled":true}
05-17 12:12:05.496  9058  9118 D BluetoothGattServer: close()
05-17 12:12:05.496  9058  9118 D BluetoothGattServer: unregisterCallback() - mServerIf=6
05-17 12:12:05.498  1928  1941 D BtGatt.GattService: unregisterServer(dev.mob.mob) - serverIf=6
05-17 12:12:05.501  9058  9058 D BluetoothLeAdvertiser: onAdvertisingSetStopped(2)
05-17 12:12:05.501  1928  1941 D BtGatt.ContextMap: remove() - id: 6
05-17 12:12:05.501  1928  1941 E BtGatt.ContextMap: remove() - removed: 6
05-17 12:12:05.501  1928  2656 E bt_stack: [ERROR:gatt_api.cc(340)] Active Service Found: 8f4f1201-6f3d-4f9c-9e3b-7f4a4f0f2000
05-17 12:12:05.501  1928  2656 I bt_stack: [INFO:gatt_api.cc(408)] GATTS_StopService: service = 0x0086
05-17 12:12:05.502  1928  2656 I bt_stack: [INFO:gatt_sr_hash.cc(127)] gatts_calculate_database_hash: hash=8991C462EBE9D90B9EA0DA3E16D0F513
05-17 12:12:05.502  1928  2656 I bt_stack: [INFO:gatt_api.cc(1111)] GATT_Deregister gatt_if=6
05-17 12:12:05.502  1928  2656 W bt_stack: on_app_deregistered :: app_id=6
05-17 12:12:05.502  1928  2656 I bt_stack: [INFO:gatt_api.cc(1164)] Initialize tGATT_REG
05-17 12:12:05.505  9058  9118 D BluetoothGattServer: registerCallback()
05-17 12:12:05.505  9058  9118 D BluetoothGattServer: registerCallback() - UUID=68b9a7a7-40e8-4438-8f65-3084921ade8c
05-17 12:12:05.507  1928  1941 D BtGatt.GattService: registerServer(dev.mob.mob) - UUID=68b9a7a7-40e8-4438-8f65-3084921ade8c
05-17 12:12:05.510  1928  1941 D BtGatt.ContextMap: add() - appUid: 10313, appPid: 9058, appName: dev.mob.mob
05-17 12:12:05.512  1928  2656 I bt_stack: [INFO:bta_gatts_act.cc(198)] register application first_unuse rcb_idx=0
05-17 12:12:05.513  9058  9070 D BluetoothGattServer: onServerRegistered() - status=0 serverIf=6
05-17 12:12:05.514  9058  9118 D BluetoothGattServer: addService() - service: 8f4f1201-6f3d-4f9c-9e3b-7f4a4f0f2000
05-17 12:12:05.517  9058  9118 I BluetoothAdapter: STATE_ON
05-17 12:12:05.518  9058  9118 I BluetoothAdapter: STATE_ON
05-17 12:12:05.518  9058  9118 I BluetoothAdapter: STATE_ON
05-17 12:12:05.518  9058  9118 I BluetoothAdapter: STATE_ON
05-17 12:12:05.518  1928  2656 I bt_stack: [INFO:bta_gatts_api.cc(135)] bta_gatts_add_service_impl: rcb_idx=0
05-17 12:12:05.518  1928  2656 I bt_stack: [INFO:gatt_api.cc(171)] GATTS_AddService
05-17 12:12:05.518  1928  2656 I bt_stack: [INFO:gatt_api.cc(286)] GATTS_AddService: service parsed correctly, now starting
05-17 12:12:05.519  1928  2656 I bt_stack: [INFO:gatt_sr_hash.cc(127)] gatts_calculate_database_hash: hash=D73604934235F801B3C76A8E5F0340C6
05-17 12:12:05.520  9058  9070 D BluetoothGattServer: onServiceAdded() - handle=134 uuid=8f4f1201-6f3d-4f9c-9e3b-7f4a4f0f2000 status=0
05-17 12:12:05.531  1928  1941 I bt_stack: [INFO:le_advertising_manager.cc(137)] StartAdvertisingSet in shim layer
05-17 12:12:05.532  1928  1941 W bt_stack: le_advertising_manager :: allocate_advertiser - id : 2
05-17 12:12:05.532  1928  1941 I bt_stack: [INFO:le_advertising_manager.cc(157)] create advertising set, reg_id:-5157, id:2
05-17 12:12:05.532  1928  2282 W bt_stack: le_advertising_manager :: create_extended_advertiser - id : 2
05-17 12:12:05.533  1928  2282 W bt_stack: le_advertising_manager :: enable_advertiser - id : 2
05-17 12:12:05.534  9058  9118 I MobBleFetch: {"v":1,"event":"fetch_server_started","accepted":true,"advertising_accepted":true,"responder_peer_id":"mob-dev","message_id_hash":"f0n3IMO1zuI=","service_uuid":"8f4f1201-6f3d-4f9c-9e3b-7f4a4f0f2000","request_characteristic_uuid":"8f4f1201-6f3d-4f9c-9e3b-7f4a4f0f2001","response_characteristic_uuid":"8f4f1201-6f3d-4f9c-9e3b-7f4a4f0f2002","device_model":"SM-T577U","android_api":33,"adapter_state":"on","adapter_enabled":true}
05-17 12:12:05.535  9058  9118 I BluetoothAdapter: STATE_ON
05-17 12:12:05.535  9058  9118 I BluetoothAdapter: STATE_ON
05-17 12:12:05.537  9058  9118 I BluetoothAdapter: STATE_ON
05-17 12:12:05.538  9058  9118 I BluetoothAdapter: STATE_ON
05-17 12:12:05.539  9058  9118 I MobBleDispatch: {"v":1,"event":"ble_capabilities","supports_extended_advertising":true,"max_advertising_data_length":1024,"is_multiple_advertisement_supported":true,"legacy_manufacturer_payload_budget":24}
05-17 12:12:05.539  9058  9118 I BluetoothAdapter: STATE_ON
05-17 12:12:05.541  9058  9118 I BluetoothAdapter: STATE_ON
05-17 12:12:05.543  9058  9118 I BluetoothAdapter: STATE_ON
05-17 12:12:05.543  9058  9118 I BluetoothAdapter: STATE_ON
05-17 12:12:05.543  9058  9118 I BluetoothAdapter: STATE_ON
05-17 12:12:05.544  9058  9118 I BluetoothAdapter: STATE_ON
05-17 12:12:05.547  1928  1941 I bt_stack: [INFO:le_advertising_manager.cc(137)] StartAdvertisingSet in shim layer
05-17 12:12:05.548  1928  1941 W bt_stack: le_advertising_manager :: allocate_advertiser - id : 3
05-17 12:12:05.548  1928  1941 I bt_stack: [INFO:le_advertising_manager.cc(157)] create advertising set, reg_id:-5158, id:3
05-17 12:12:05.548  1928  2282 W bt_stack: le_advertising_manager :: create_extended_advertiser - id : 3
05-17 12:12:05.548  1928  2282 W bt_stack: le_advertising_manager :: enable_advertiser - id : 3
05-17 12:12:05.549  9058  9118 I MobBleDispatch: {"v":1,"event":"attempt_outcome","attempt_id":"mx-1779045125534","message_id":"9mUI\/kSYkNgTPkR5EB4QDw==","target_peer_id":"broadcast","target_device_ids":["broadcast"],"kind":"dispatched","reason":"legacy_beacon_fallback","adapter":"ble_android","outcome_at_ms":208797596}
05-17 12:12:05.550  1928  2260 E BtGatt.GattService: [GSIM LOG]: gsimLogHandler, msg: MESSAGE_ADV_SET_START, appName: dev.mob.mob, id: 2, isLegacy: true
05-17 12:12:05.551  9058  9118 I MobBleNative: sendFullMxEnvelope(broadcast, 31B) -> DISPATCHED reason=legacy_beacon_fallback
05-17 12:12:05.552  9058  9118 I Elixir  : BleSelfTest: MESH MESSAGE SENT payload="hello-from-mob-dev-1779045125" result=:ok
05-17 12:12:05.552  9058  9118 W Elixir  : BleSelfTest: bridge error unknown: {"v":1,"event":"attempt_outcome","attempt_id":"mx-1779045125534","message_id":"9mUI\/kSYkNgTPkR5EB4QDw==","target_peer_id":"broadcast","target_device_ids":["broadcast"],"kind":"dispatched","reason":"legacy_beacon_fallback","adapter":"ble_android","outcome_at_ms":208797596}
05-17 12:12:05.554  9058  9097 I BEAMout : 12:12:05.552 [info] BleSelfTest: MESH MESSAGE SENT payload="hello-from-mob-dev-1779045125" result=:ok
05-17 12:12:05.556  9058  9097 I BEAMout : 12:12:05.552 [warning] BleSelfTest: bridge error unknown: {"v":1,"event":"attempt_outcome","attempt_id":"mx-1779045125534","message_id":"9mUI\/kSYkNgTPkR5EB4QDw==","target_peer_id":"broadcast","target_device_ids":["broadcast"],"kind":"dispatched","reason":"legacy_beacon_fallback","adapter":"ble_android","outcome_at_ms":208797596}
05-17 12:12:05.567  1928  2260 E BtGatt.GattService: [GSIM LOG]: gsimLogHandler, msg: MESSAGE_ADV_SET_START, appName: dev.mob.mob, id: 3, isLegacy: true
05-17 12:12:05.574  9058  9058 D BluetoothLeAdvertiser: onAdvertisingSetStarted(2, -7, 0)
05-17 12:12:05.576  9058  9058 D BluetoothLeAdvertiser: onAdvertisingSetStarted(3, -7, 0)
05-17 12:12:05.610  9058  9058 I MobBleFetch: {"v":1,"event":"fetch_advertising_started","responder_peer_id":"mob-dev","message_id_hash":"f0n3IMO1zuI=","connectable":true,"service_uuid":"8f4f1201-6f3d-4f9c-9e3b-7f4a4f0f2000","device_model":"SM-T577U","android_api":33,"adapter_state":"on","adapter_enabled":true}
05-17 12:12:05.610  9058  9058 I MobBleDispatch: {"v":1,"event":"legacy_beacon_advertising_started","attempt_id":"mx-1779045125534","beacon_size":22,"beacon":"TUIBAQEAf0n3IMO1zuIS94VXUXoT+Q==","message_id_hash":"f0n3IMO1zuI=","sender_peer_id_hash":"EveFV1F6E\/k=","payload_kind":"TX","envelope_version":1,"window_ms":5000,"data_carrier":"legacy_advertisement"}
05-17 12:12:06.976 30311 30311 D BoundBrokerSvc: onRebind: Intent { act=com.google.android.gms.libs.gmscorelogger.service.START dat=chimera-action:/... cmp=com.google.android.gms/.chimera.PersistentDirectBootAwareApiService }
05-17 12:12:07.022  1200  1243 E Watchdog: !@Sync: 6942 heap: 71 / 90 FD: 913 [2026-05-17 12:12:07.022]
05-17 12:12:07.049  1928  2050 D BtGatt.GattService: onScanResult to scannerId: 2- eventType=0x1b, addressType=1, address=54186A_7, primaryPhy=1, secondaryPhy=0, advertisingSid=0xff, txPower=127, rssi=-51, periodicAdvInt=0x0
05-17 12:12:07.056  1928  2050 D BtGatt.GattService: onScanResult to scannerId: 2- eventType=0x10, addressType=1, address=6945AA_C, primaryPhy=1, secondaryPhy=0, advertisingSid=0xff, txPower=127, rssi=-82, periodicAdvInt=0x0
05-17 12:12:07.077  1928  2050 D BtGatt.GattService: onScanResult to scannerId: 2- eventType=0x10, addressType=0, address=BC455B_A, primaryPhy=1, secondaryPhy=0, advertisingSid=0xff, txPower=127, rssi=-84, periodicAdvInt=0x0
05-17 12:12:07.100  1928  2050 D BtGatt.GattService: onScanResult to scannerId: 2- eventType=0x10, addressType=1, address=64346D_4, primaryPhy=1, secondaryPhy=0, advertisingSid=0xff, txPower=127, rssi=-78, periodicAdvInt=0x0
05-17 12:12:07.126  1200  3617 D SemWifiUsabilityStatsMonitor: onWifiUsabilityStats - seqNum 7079, isSameBssidAndFreq true
05-17 12:12:07.129  1200  1507 I SemWifiLinkQualityMonitor: Link Qos Query: 0.081 ms / 98.555 Mbps (408 / 0.062 / 1.000)
05-17 12:12:07.188  1928  2050 D BtGatt.GattService: onScanResult to scannerId: 2- eventType=0x1b, addressType=1, address=5498D4_8, primaryPhy=1, secondaryPhy=0, advertisingSid=0xff, txPower=127, rssi=-71, periodicAdvInt=0x0
05-17 12:12:07.206  1928  2050 D BtGatt.GattService: onScanResult to scannerId: 2- eventType=0x1b, addressType=1, address=7A6A97_6, primaryPhy=1, secondaryPhy=0, advertisingSid=0xff, txPower=127, rssi=-35, periodicAdvInt=0x0
05-17 12:12:07.228  1928  2050 D BtGatt.GattService: onScanResult to scannerId: 2- eventType=0x10, addressType=1, address=3A3EDE_3, primaryPhy=1, secondaryPhy=0, advertisingSid=0xff, txPower=127, rssi=-90, periodicAdvInt=0x0
05-17 12:12:08.877  2905  3764 I SDHMS:D : SIOP:: AP:265 BAT:241 USB:244 CHG:278 PA:260 WIFI:266 BLK:257 SKIN:317 SKINF:317 SKINB:284 LRP:317 LRF:317 LRB:284 
05-17 12:12:08.977  1928  2050 D BtGatt.GattService: onScanResult to scannerId: 2- eventType=0x10, addressType=1, address=64346D_4, primaryPhy=1, secondaryPhy=0, advertisingSid=0xff, txPower=127, rssi=-88, periodicAdvInt=0x0
05-17 12:12:08.982  1928  2050 D BtGatt.GattService: onScanResult to scannerId: 2- eventType=0x10, addressType=1, address=DB0EFA_3, primaryPhy=1, secondaryPhy=0, advertisingSid=0xff, txPower=127, rssi=-86, periodicAdvInt=0x0
05-17 12:12:08.989  9058  9058 I MobBleScanRaw: device_id=DB:0E:FA:B8:31:73 rssi=-86 advertisement_b64=B/9MABICAAMAAAAAAAAAAAAAAAAAAAAAAAAAAAAAAAAAAAAAAAAAAAAAAAAAAAAAAAAAAAAAAAAAAAAAAAA= manufacturer_ids=[76] service_uuids=[]
05-17 12:12:09.004  1928  2050 D BtGatt.GattService: onScanResult to scannerId: 2- eventType=0x1b, addressType=1, address=68983E_2, primaryPhy=1, secondaryPhy=0, advertisingSid=0xff, txPower=127, rssi=-36, periodicAdvInt=0x0
05-17 12:12:09.029  1928  2050 D BtGatt.GattService: onScanResult to scannerId: 2- eventType=0x1a, addressType=1, address=453F6C_2, primaryPhy=1, secondaryPhy=0, advertisingSid=0xff, txPower=127, rssi=-45, periodicAdvInt=0x0
05-17 12:12:09.031  9058  9058 I MobBleScanRaw: device_id=45:3F:6C:C7:7F:F2 rssi=-45 advertisement_b64=Gf///01CAQEBAF/NJtbdJXIB9wgG7dwoW8wAAAAAAAAAAAAAAAAAAAAAAAAAAAAAAAAAAAAAAAAAAAAAAAA= manufacturer_ids=[65535] service_uuids=[]
05-17 12:12:09.033  9058  9118 I Elixir  : BleSelfTest: DISTINCT MESH MESSAGE kind=beacon key=f70806eddc285bcc:5fcd26d6dd257201 from=sender_hash=f70806eddc285bcc device_id=45:3F:6C:C7:7F:F2 first_seen_after=12_callbacks
05-17 12:12:09.034  9058  9097 I BEAMout : 12:12:09.033 [info] BleSelfTest: DISTINCT MESH MESSAGE kind=beacon key=f70806eddc285bcc:5fcd26d6dd257201 from=sender_hash=f70806eddc285bcc device_id=45:3F:6C:C7:7F:F2 first_seen_after=12_callbacks
05-17 12:12:09.039  1928  2050 D BtGatt.GattService: onScanResult to scannerId: 2- eventType=0x10, addressType=1, address=3A71EF_F, primaryPhy=1, secondaryPhy=0, advertisingSid=0xff, txPower=127, rssi=-86, periodicAdvInt=0x0
05-17 12:12:09.084  1928  2050 D BtGatt.GattService: onScanResult to scannerId: 2- eventType=0x10, addressType=1, address=64346D_4, primaryPhy=1, secondaryPhy=0, advertisingSid=0xff, txPower=127, rssi=-86, periodicAdvInt=0x0
05-17 12:12:09.110  1928  2050 D BtGatt.GattService: onScanResult to scannerId: 2- eventType=0x1b, addressType=0, address=94944A_9, primaryPhy=1, secondaryPhy=0, advertisingSid=0xff, txPower=127, rssi=-91, periodicAdvInt=0x0
05-17 12:12:09.117  1928  2050 D BtGatt.GattService: onScanResult to scannerId: 2- eventType=0x1b, addressType=1, address=5498D4_8, primaryPhy=1, secondaryPhy=0, advertisingSid=0xff, txPower=127, rssi=-57, periodicAdvInt=0x0
05-17 12:12:09.240  2905  2905 I SDHMS:LOAD: type: LoadsFreqs, value: 0:0:0:658319:858000:650000:658319:858000:650000:0:0:0
05-17 12:12:09.351  9058  9118 I Elixir  : BleSelfTest: HEARTBEAT events=183 devices=33 mob_peers=1 sent=3 distinct_msgs=3 beacon_callbacks=12 envelopes=0
05-17 12:12:09.352  9058  9097 I BEAMout : 12:12:09.351 [info] BleSelfTest: HEARTBEAT events=183 devices=33 mob_peers=1 sent=3 distinct_msgs=3 beacon_callbacks=12 envelopes=0
05-17 12:12:10.241  1200  3617 D SemWifiUsabilityStatsMonitor: onWifiUsabilityStats - seqNum 7080, isSameBssidAndFreq true
05-17 12:12:10.244  1200  1507 I SemWifiLinkQualityMonitor: Link Qos Query: 0.077 ms / 104.375 Mbps (408 / 0.057 / 1.000)
05-17 12:12:10.444   836   956 W resolvrs::doh::connection: Connection driver returns some Err: Closed
05-17 12:12:10.633  9058  9058 I BluetoothAdapter: STATE_ON
05-17 12:12:10.633  9058  9058 I BluetoothAdapter: STATE_ON
05-17 12:12:10.633  9058  9058 I BluetoothAdapter: STATE_ON
05-17 12:12:10.634  9058  9058 D BluetoothLeAdvertiser: Stop AdvertingSet
05-17 12:12:10.637  1928  1941 I bt_stack: [INFO:le_advertising_manager.cc(70)] Unregister in shim layer
05-17 12:12:10.638  1928  2282 W bt_stack: le_advertising_manager :: remove_advertiser - id : 3
05-17 12:12:10.638  1928  2260 E BtGatt.GattService: [GSIM LOG]: gsimLogHandler, msg: MESSAGE_ADV_SET_STOP, appName: dev.mob.mob, id: 3, isLegacy: true
05-17 12:12:10.664  9058  9058 D BluetoothLeAdvertiser: onAdvertisingSetStopped(3)
05-17 12:12:10.773  1928  2050 D BtGatt.GattService: onScanResult to scannerId: 2- eventType=0x1b, addressType=1, address=5498D4_8, primaryPhy=1, secondaryPhy=0, advertisingSid=0xff, txPower=127, rssi=-67, periodicAdvInt=0x0
05-17 12:12:10.783  1928  2050 D BtGatt.GattService: onScanResult to scannerId: 2- eventType=0x10, addressType=1, address=4A4D1F_B, primaryPhy=1, secondaryPhy=0, advertisingSid=0xff, txPower=127, rssi=-89, periodicAdvInt=0x0
05-17 12:12:10.805  1928  2050 D BtGatt.GattService: onScanResult to scannerId: 2- eventType=0x1b, addressType=1, address=7A6A97_6, primaryPhy=1, secondaryPhy=0, advertisingSid=0xff, txPower=127, rssi=-35, periodicAdvInt=0x0
05-17 12:12:10.809  1928  2050 D BtGatt.GattService: onScanResult to scannerId: 2- eventType=0x1b, addressType=1, address=68983E_2, primaryPhy=1, secondaryPhy=0, advertisingSid=0xff, txPower=127, rssi=-35, periodicAdvInt=0x0
05-17 12:12:10.849  1928  2050 D BtGatt.GattService: onScanResult to scannerId: 2- eventType=0x1b, addressType=1, address=4A9808_A, primaryPhy=1, secondaryPhy=0, advertisingSid=0xff, txPower=127, rssi=-73, periodicAdvInt=0x0
05-17 12:12:10.855  1928  2050 D BtGatt.GattService: onScanResult to scannerId: 2- eventType=0x10, addressType=1, address=64346D_4, primaryPhy=1, secondaryPhy=0, advertisingSid=0xff, txPower=127, rssi=-84, periodicAdvInt=0x0
05-17 12:12:10.868  1928  2050 D BtGatt.GattService: onScanResult to scannerId: 2- eventType=0x10, addressType=1, address=1AB250_5, primaryPhy=1, secondaryPhy=0, advertisingSid=0xff, txPower=127, rssi=-98, periodicAdvInt=0x0
05-17 12:12:10.888  9058  9058 I MobBleScanRaw: device_id=1A:B2:50:37:DD:25 rssi=-98 advertisement_b64=Hv8GAAEJICKXk1ehw7d9WZXvR3iUlEnD3WG73hccmQAAAAAAAAAAAAAAAAAAAAAAAAAAAAAAAAAAAAAAAAA= manufacturer_ids=[6] service_uuids=[]
05-17 12:12:10.892  1928  2050 D BtGatt.GattService: onScanResult to scannerId: 2- eventType=0x10, addressType=1, address=7D4F46_E, primaryPhy=1, secondaryPhy=0, advertisingSid=0xff, txPower=127, rssi=-35, periodicAdvInt=0x0
05-17 12:12:10.895  1928  2050 D BtGatt.GattService: onScanResult to scannerId: 2- eventType=0x1b, addressType=1, address=54186A_7, primaryPhy=1, secondaryPhy=0, advertisingSid=0xff, txPower=127, rssi=-63, periodicAdvInt=0x0
05-17 12:12:10.906  1928  2050 D BtGatt.GattService: onScanResult to scannerId: 2- eventType=0x1b, addressType=1, address=DD0D30_2, primaryPhy=1, secondaryPhy=0, advertisingSid=0xff, txPower=127, rssi=-66, periodicAdvInt=0x0
05-17 12:12:10.909  1928  2050 D BtGatt.GattService: onScanResult to scannerId: 2- eventType=0x10, addressType=0, address=BC7E8B_B, primaryPhy=1, secondaryPhy=0, advertisingSid=0xff, txPower=127, rssi=-85, periodicAdvInt=0x0
05-17 12:12:10.933  1928  2050 D BtGatt.GattService: onScanResult to scannerId: 2- eventType=0x10, addressType=0, address=BC455B_A, primaryPhy=1, secondaryPhy=0, advertisingSid=0xff, txPower=127, rssi=-72, periodicAdvInt=0x0
05-17 12:12:11.150  1707  1707 I wpa_supplicant: Heartbeat 20817
05-17 12:12:11.572   602   602 D io_stats: !@   8,0 r 1037441 33866600 w 599921 57188152 d 0 0 f 0 0 iot 519276 0 th 0 0 0 pt 0 inp 0 0 208379.144
05-17 12:12:12.554  9058  9118 I BluetoothAdapter: STATE_ON
05-17 12:12:12.554  9058  9118 I BluetoothAdapter: STATE_ON
05-17 12:12:12.554  9058  9118 I BluetoothAdapter: STATE_ON
05-17 12:12:12.555  9058  9118 D BluetoothLeAdvertiser: Stop AdvertingSet
05-17 12:12:12.558  1928  1941 I bt_stack: [INFO:le_advertising_manager.cc(70)] Unregister in shim layer
05-17 12:12:12.559  1928  2282 W bt_stack: le_advertising_manager :: remove_advertiser - id : 2
05-17 12:12:12.560  1928  2260 E BtGatt.GattService: [GSIM LOG]: gsimLogHandler, msg: MESSAGE_ADV_SET_STOP, appName: dev.mob.mob, id: 2, isLegacy: true
05-17 12:12:12.561  9058  9118 I MobBleFetch: {"v":1,"event":"fetch_advertising_stopped","device_model":"SM-T577U","android_api":33,"adapter_state":"on","adapter_enabled":true}
05-17 12:12:12.562  9058  9118 D BluetoothGattServer: close()
05-17 12:12:12.562  9058  9118 D BluetoothGattServer: unregisterCallback() - mServerIf=6
05-17 12:12:12.565  1928  1941 D BtGatt.GattService: unregisterServer(dev.mob.mob) - serverIf=6
05-17 12:12:12.567  1928  1941 D BtGatt.ContextMap: remove() - id: 6
05-17 12:12:12.568  1928  1941 E BtGatt.ContextMap: remove() - removed: 6
05-17 12:12:12.569  1928  2656 E bt_stack: [ERROR:gatt_api.cc(340)] Active Service Found: 8f4f1201-6f3d-4f9c-9e3b-7f4a4f0f2000
05-17 12:12:12.570  1928  2656 I bt_stack: [INFO:gatt_api.cc(408)] GATTS_StopService: service = 0x0086
05-17 12:12:12.570  1928  2656 I bt_stack: [INFO:gatt_sr_hash.cc(127)] gatts_calculate_database_hash: hash=8991C462EBE9D90B9EA0DA3E16D0F513
05-17 12:12:12.570  1928  2656 I bt_stack: [INFO:gatt_api.cc(1111)] GATT_Deregister gatt_if=6
05-17 12:12:12.570  1928  2656 W bt_stack: on_app_deregistered :: app_id=6
05-17 12:12:12.570  1928  2656 I bt_stack: [INFO:gatt_api.cc(1164)] Initialize tGATT_REG
05-17 12:12:12.572  9058  9118 D BluetoothGattServer: registerCallback()
05-17 12:12:12.573  9058  9118 D BluetoothGattServer: registerCallback() - UUID=b081abe4-3893-4124-ad02-b7a05cff4086
05-17 12:12:12.576  1928  1941 D BtGatt.GattService: registerServer(dev.mob.mob) - UUID=b081abe4-3893-4124-ad02-b7a05cff4086
05-17 12:12:12.580  1928  1941 D BtGatt.ContextMap: add() - appUid: 10313, appPid: 9058, appName: dev.mob.mob
05-17 12:12:12.582  1928  2656 I bt_stack: [INFO:bta_gatts_act.cc(198)] register application first_unuse rcb_idx=0
05-17 12:12:12.584  9058  9069 D BluetoothGattServer: onServerRegistered() - status=0 serverIf=6
05-17 12:12:12.585  9058  9118 D BluetoothGattServer: addService() - service: 8f4f1201-6f3d-4f9c-9e3b-7f4a4f0f2000
05-17 12:12:12.585  9058  9058 D BluetoothLeAdvertiser: onAdvertisingSetStopped(2)
05-17 12:12:12.589  9058  9118 I BluetoothAdapter: STATE_ON
05-17 12:12:12.590  9058  9118 I BluetoothAdapter: STATE_ON
05-17 12:12:12.590  9058  9118 I BluetoothAdapter: STATE_ON
05-17 12:12:12.590  9058  9118 I BluetoothAdapter: STATE_ON
05-17 12:12:12.590  1928  2656 I bt_stack: [INFO:bta_gatts_api.cc(135)] bta_gatts_add_service_impl: rcb_idx=0
05-17 12:12:12.591  1928  2656 I bt_stack: [INFO:gatt_api.cc(171)] GATTS_AddService
05-17 12:12:12.591  1928  2656 I bt_stack: [INFO:gatt_api.cc(286)] GATTS_AddService: service parsed correctly, now starting
05-17 12:12:12.591  1928  2656 I bt_stack: [INFO:gatt_sr_hash.cc(127)] gatts_calculate_database_hash: hash=D73604934235F801B3C76A8E5F0340C6
05-17 12:12:12.592  9058  9069 D BluetoothGattServer: onServiceAdded() - handle=134 uuid=8f4f1201-6f3d-4f9c-9e3b-7f4a4f0f2000 status=0
05-17 12:12:12.596  1928  1941 I bt_stack: [INFO:le_advertising_manager.cc(137)] StartAdvertisingSet in shim layer
05-17 12:12:12.596  1928  1941 W bt_stack: le_advertising_manager :: allocate_advertiser - id : 2
05-17 12:12:12.597  1928  1941 I bt_stack: [INFO:le_advertising_manager.cc(157)] create advertising set, reg_id:-5159, id:2
05-17 12:12:12.597  1928  2282 W bt_stack: le_advertising_manager :: create_extended_advertiser - id : 2
05-17 12:12:12.597  1928  2282 W bt_stack: le_advertising_manager :: enable_advertiser - id : 2
05-17 12:12:12.599  9058  9118 I MobBleFetch: {"v":1,"event":"fetch_server_started","accepted":true,"advertising_accepted":true,"responder_peer_id":"mob-dev","message_id_hash":"jzXAVPTk10A=","service_uuid":"8f4f1201-6f3d-4f9c-9e3b-7f4a4f0f2000","request_characteristic_uuid":"8f4f1201-6f3d-4f9c-9e3b-7f4a4f0f2001","response_characteristic_uuid":"8f4f1201-6f3d-4f9c-9e3b-7f4a4f0f2002","device_model":"SM-T577U","android_api":33,"adapter_state":"on","adapter_enabled":true}
05-17 12:12:12.600  9058  9118 I BluetoothAdapter: STATE_ON
05-17 12:12:12.600  9058  9118 I BluetoothAdapter: STATE_ON
05-17 12:12:12.602  9058  9118 I BluetoothAdapter: STATE_ON
05-17 12:12:12.604  9058  9118 I BluetoothAdapter: STATE_ON
05-17 12:12:12.605  9058  9118 I MobBleDispatch: {"v":1,"event":"ble_capabilities","supports_extended_advertising":true,"max_advertising_data_length":1024,"is_multiple_advertisement_supported":true,"legacy_manufacturer_payload_budget":24}
05-17 12:12:12.605  9058  9118 I BluetoothAdapter: STATE_ON
05-17 12:12:12.607  9058  9118 I BluetoothAdapter: STATE_ON
05-17 12:12:12.610  9058  9118 I BluetoothAdapter: STATE_ON
05-17 12:12:12.610  9058  9118 I BluetoothAdapter: STATE_ON
05-17 12:12:12.611  9058  9118 I BluetoothAdapter: STATE_ON
05-17 12:12:12.611  9058  9118 I BluetoothAdapter: STATE_ON
05-17 12:12:12.615  1928  1941 I bt_stack: [INFO:le_advertising_manager.cc(137)] StartAdvertisingSet in shim layer
05-17 12:12:12.615  1928  1941 W bt_stack: le_advertising_manager :: allocate_advertiser - id : 3
05-17 12:12:12.616  1928  1941 I bt_stack: [INFO:le_advertising_manager.cc(157)] create advertising set, reg_id:-5160, id:3
05-17 12:12:12.616  1928  2282 W bt_stack: le_advertising_manager :: create_extended_advertiser - id : 3
05-17 12:12:12.616  1928  2282 W bt_stack: le_advertising_manager :: enable_advertiser - id : 3
05-17 12:12:12.617  9058  9118 I MobBleDispatch: {"v":1,"event":"attempt_outcome","attempt_id":"mx-1779045132599","message_id":"luCen1IAHIwEvSB5oHrrUw==","target_peer_id":"broadcast","target_device_ids":["broadcast"],"kind":"dispatched","reason":"legacy_beacon_fallback","adapter":"ble_android","outcome_at_ms":208804661}
05-17 12:12:12.619  9058  9118 I MobBleNative: sendFullMxEnvelope(broadcast, 31B) -> DISPATCHED reason=legacy_beacon_fallback
05-17 12:12:12.620  9058  9118 I Elixir  : BleSelfTest: MESH MESSAGE SENT payload="hello-from-mob-dev-1779045132" result=:ok
05-17 12:12:12.621  1928  2050 D BtGatt.GattService: onScanResult to scannerId: 2- eventType=0x10, addressType=0, address=BC455B_A, primaryPhy=1, secondaryPhy=0, advertisingSid=0xff, txPower=127, rssi=-84, periodicAdvInt=0x0
05-17 12:12:12.622  1928  2260 E BtGatt.GattService: [GSIM LOG]: gsimLogHandler, msg: MESSAGE_ADV_SET_START, appName: dev.mob.mob, id: 2, isLegacy: true
05-17 12:12:12.622  9058  9118 W Elixir  : BleSelfTest: bridge error unknown: {"v":1,"event":"attempt_outcome","attempt_id":"mx-1779045132599","message_id":"luCen1IAHIwEvSB5oHrrUw==","target_peer_id":"broadcast","target_device_ids":["broadcast"],"kind":"dispatched","reason":"legacy_beacon_fallback","adapter":"ble_android","outcome_at_ms":208804661}
05-17 12:12:12.625  9058  9097 I BEAMout : 12:12:12.620 [info] BleSelfTest: MESH MESSAGE SENT payload="hello-from-mob-dev-1779045132" result=:ok
05-17 12:12:12.625  9058  9097 I BEAMout : 12:12:12.622 [warning] BleSelfTest: bridge error unknown: {"v":1,"event":"attempt_outcome","attempt_id":"mx-1779045132599","message_id":"luCen1IAHIwEvSB5oHrrUw==","target_peer_id":"broadcast","target_device_ids":["broadcast"],"kind":"dispatched","reason":"legacy_beacon_fallback","adapter":"ble_android","outcome_at_ms":208804661}
05-17 12:12:12.641  1928  2260 E BtGatt.GattService: [GSIM LOG]: gsimLogHandler, msg: MESSAGE_ADV_SET_START, appName: dev.mob.mob, id: 3, isLegacy: true
05-17 12:12:12.643  9058  9058 D BluetoothLeAdvertiser: onAdvertisingSetStarted(2, -7, 0)
05-17 12:12:12.646  1928  2050 D BtGatt.GattService: onScanResult to scannerId: 2- eventType=0x1b, addressType=0, address=84E0F4_2, primaryPhy=1, secondaryPhy=0, advertisingSid=0xff, txPower=127, rssi=-78, periodicAdvInt=0x0
05-17 12:12:12.646  9058  9058 D BluetoothLeAdvertiser: onAdvertisingSetStarted(3, -7, 0)
05-17 12:12:12.648  9058  9058 I MobBleFetch: {"v":1,"event":"fetch_advertising_started","responder_peer_id":"mob-dev","message_id_hash":"jzXAVPTk10A=","connectable":true,"service_uuid":"8f4f1201-6f3d-4f9c-9e3b-7f4a4f0f2000","device_model":"SM-T577U","android_api":33,"adapter_state":"on","adapter_enabled":true}
05-17 12:12:12.650  9058  9058 I MobBleDispatch: {"v":1,"event":"legacy_beacon_advertising_started","attempt_id":"mx-1779045132599","beacon_size":22,"beacon":"TUIBAQEAjzXAVPTk10AS94VXUXoT+Q==","message_id_hash":"jzXAVPTk10A=","sender_peer_id_hash":"EveFV1F6E\/k=","payload_kind":"TX","envelope_version":1,"window_ms":5000,"data_carrier":"legacy_advertisement"}
05-17 12:12:12.652  1928  2050 D BtGatt.GattService: onScanResult to scannerId: 2- eventType=0x10, addressType=1, address=6945AA_C, primaryPhy=1, secondaryPhy=0, advertisingSid=0xff, txPower=127, rssi=-81, periodicAdvInt=0x0
05-17 12:12:12.677  1928  2050 D BtGatt.GattService: onScanResult to scannerId: 2- eventType=0x10, addressType=1, address=7D4F46_E, primaryPhy=1, secondaryPhy=0, advertisingSid=0xff, txPower=127, rssi=-35, periodicAdvInt=0x0
05-17 12:12:12.687  1928  2050 D BtGatt.GattService: onScanResult to scannerId: 2- eventType=0x1b, addressType=0, address=94944A_D, primaryPhy=1, secondaryPhy=0, advertisingSid=0xff, txPower=127, rssi=-85, periodicAdvInt=0x0
05-17 12:12:12.696  1928  2050 D BtGatt.GattService: onScanResult to scannerId: 2- eventType=0x1b, addressType=1, address=5498D4_8, primaryPhy=1, secondaryPhy=0, advertisingSid=0xff, txPower=127, rssi=-71, periodicAdvInt=0x0
05-17 12:12:12.724  1928  2050 D BtGatt.GattService: onScanResult to scannerId: 2- eventType=0x1b, addressType=0, address=84E0F4_2, primaryPhy=1, secondaryPhy=0, advertisingSid=0xff, txPower=127, rssi=-79, periodicAdvInt=0x0
05-17 12:12:12.740  1928  2050 D BtGatt.GattService: onScanResult to scannerId: 2- eventType=0x10, addressType=1, address=64346D_4, primaryPhy=1, secondaryPhy=0, advertisingSid=0xff, txPower=127, rssi=-82, periodicAdvInt=0x0
05-17 12:12:12.748  1928  2050 D BtGatt.GattService: onScanResult to scannerId: 2- eventType=0x1b, addressType=0, address=84E0F4_2, primaryPhy=1, secondaryPhy=0, advertisingSid=0xff, txPower=127, rssi=-78, periodicAdvInt=0x0
05-17 12:12:12.797  1928  2050 D BtGatt.GattService: onScanResult to scannerId: 2- eventType=0x1b, addressType=0, address=94944A_D, primaryPhy=1, secondaryPhy=0, advertisingSid=0xff, txPower=127, rssi=-85, periodicAdvInt=0x0
05-17 12:12:12.808  1928  2050 D BtGatt.GattService: onScanResult to scannerId: 2- eventType=0x10, addressType=1, address=44BDF8_6, primaryPhy=1, secondaryPhy=0, advertisingSid=0xff, txPower=127, rssi=-85, periodicAdvInt=0x0
05-17 12:12:12.827  1928  2050 D BtGatt.GattService: onScanResult to scannerId: 2- eventType=0x1a, addressType=1, address=453F6C_2, primaryPhy=1, secondaryPhy=0, advertisingSid=0xff, txPower=127, rssi=-44, periodicAdvInt=0x0
05-17 12:12:12.831  1928  2050 D BtGatt.GattService: onScanResult to scannerId: 2- eventType=0x1b, addressType=0, address=84E0F4_2, primaryPhy=1, secondaryPhy=0, advertisingSid=0xff, txPower=127, rssi=-79, periodicAdvInt=0x0
05-17 12:12:12.842  1928  2050 D BtGatt.GattService: onScanResult to scannerId: 2- eventType=0x1b, addressType=1, address=54186A_7, primaryPhy=1, secondaryPhy=0, advertisingSid=0xff, txPower=127, rssi=-50, periodicAdvInt=0x0
05-17 12:12:12.846  9058  9058 I MobBleScanRaw: device_id=54:18:6A:E8:A8:D7 rssi=-50 advertisement_b64=AgEaAgoMCv9MABAFRRxkJ/4LCW1lc2h4LWlwYWQAAAAAAAAAAAAAAAAAAAAAAAAAAAAAAAAAAAAAAAAAAAA= manufacturer_ids=[76] service_uuids=[]
05-17 12:12:12.849  1928  2050 D BtGatt.GattService: onScanResult to scannerId: 2- eventType=0x10, addressType=1, address=4A4D1F_B, primaryPhy=1, secondaryPhy=0, advertisingSid=0xff, txPower=127, rssi=-83, periodicAdvInt=0x0
05-17 12:12:13.335  1200  3617 D SemWifiUsabilityStatsMonitor: onWifiUsabilityStats - seqNum 7081, isSameBssidAndFreq true
05-17 12:12:13.338  1200  1507 I SemWifiLinkQualityMonitor: Link Qos Query: 0.078 ms / 102.009 Mbps (408 / 0.059 / 1.000)
05-17 12:12:14.353  9058  9118 I Elixir  : BleSelfTest: HEARTBEAT events=211 devices=34 mob_peers=1 sent=4 distinct_msgs=3 beacon_callbacks=13 envelopes=0
05-17 12:12:14.354  9058  9097 I BEAMout : 12:12:14.353 [info] BleSelfTest: HEARTBEAT events=211 devices=34 mob_peers=1 sent=4 distinct_msgs=3 beacon_callbacks=13 envelopes=0
05-17 12:12:14.469  1928  2050 D BtGatt.GattService: onScanResult to scannerId: 2- eventType=0x10, addressType=0, address=BC7E8B_B, primaryPhy=1, secondaryPhy=0, advertisingSid=0xff, txPower=127, rssi=-89, periodicAdvInt=0x0
05-17 12:12:14.488  1928  2050 D BtGatt.GattService: onScanResult to scannerId: 2- eventType=0x10, addressType=1, address=3A71EF_F, primaryPhy=1, secondaryPhy=0, advertisingSid=0xff, txPower=127, rssi=-86, periodicAdvInt=0x0
05-17 12:12:14.493  1928  2050 D BtGatt.GattService: onScanResult to scannerId: 2- eventType=0x1b, addressType=1, address=54186A_7, primaryPhy=1, secondaryPhy=0, advertisingSid=0xff, txPower=127, rssi=-49, periodicAdvInt=0x0
05-17 12:12:14.496  1928  2050 D BtGatt.GattService: onScanResult to scannerId: 2- eventType=0x1b, addressType=1, address=4A9808_A, primaryPhy=1, secondaryPhy=0, advertisingSid=0xff, txPower=127, rssi=-76, periodicAdvInt=0x0
05-17 12:12:14.502  1928  2050 D BtGatt.GattService: onScanResult to scannerId: 2- eventType=0x10, addressType=1, address=44BDF8_6, primaryPhy=1, secondaryPhy=0, advertisingSid=0xff, txPower=127, rssi=-85, periodicAdvInt=0x0
05-17 12:12:14.532  1928  2050 D BtGatt.GattService: onScanResult to scannerId: 2- eventType=0x1b, addressType=0, address=94944A_9, primaryPhy=1, secondaryPhy=0, advertisingSid=0xff, txPower=127, rssi=-90, periodicAdvInt=0x0
05-17 12:12:14.592  1928  2050 D BtGatt.GattService: onScanResult to scannerId: 2- eventType=0x1a, addressType=1, address=453F6C_2, primaryPhy=1, secondaryPhy=0, advertisingSid=0xff, txPower=127, rssi=-45, periodicAdvInt=0x0
05-17 12:12:14.615  1928  2050 D BtGatt.GattService: onScanResult to scannerId: 2- eventType=0x10, addressType=1, address=7D4F46_E, primaryPhy=1, secondaryPhy=0, advertisingSid=0xff, txPower=127, rssi=-36, periodicAdvInt=0x0
05-17 12:12:14.622  1928  2050 D BtGatt.GattService: onScanResult to scannerId: 2- eventType=0x10, addressType=0, address=BC455B_A, primaryPhy=1, secondaryPhy=0, advertisingSid=0xff, txPower=127, rssi=-76, periodicAdvInt=0x0
05-17 12:12:14.630  1928  2050 D BtGatt.GattService: onScanResult to scannerId: 2- eventType=0x1b, addressType=1, address=5498D4_8, primaryPhy=1, secondaryPhy=0, advertisingSid=0xff, txPower=127, rssi=-57, periodicAdvInt=0x0
05-17 12:12:14.691  1928  2050 D BtGatt.GattService: onScanResult to scannerId: 2- eventType=0x1b, addressType=1, address=7A6A97_6, primaryPhy=1, secondaryPhy=0, advertisingSid=0xff, txPower=127, rssi=-36, periodicAdvInt=0x0
05-17 12:12:15.397  1200  5329 I AppSearchIcing: icing-search-engine.cc:2486: Persisting data to disk with mode 3
05-17 12:12:15.404  1200  5329 I AppSearchIcing: icing-search-engine.cc:2501: PersistToDisk completed.
05-17 12:12:15.573   602   602 D io_stats: !@   8,0 r 1037443 33866600 w 599924 57188164 d 0 0 f 0 0 iot 519284 0 th 0 0 0 pt 0 inp 0 0 208383.146
05-17 12:12:15.683 29714 29714 D BoundBrokerSvc: onUnbind: Intent { act=com.google.android.gms.common.BIND_SHARED_PREFS pkg=com.google.android.gms }
05-17 12:12:16.345  1928  2050 D BtGatt.GattService: onScanResult to scannerId: 2- eventType=0x10, addressType=1, address=EDB578_7, primaryPhy=1, secondaryPhy=0, advertisingSid=0xff, txPower=127, rssi=-64, periodicAdvInt=0x0
05-17 12:12:16.351  1928  2050 D BtGatt.GattService: onScanResult to scannerId: 2- eventType=0x1b, addressType=1, address=54186A_7, primaryPhy=1, secondaryPhy=0, advertisingSid=0xff, txPower=127, rssi=-64, periodicAdvInt=0x0
05-17 12:12:16.357  9058  9058 I MobBleScanRaw: device_id=ED:B5:78:86:B7:B7 rssi=-64 advertisement_b64=B/9MABICAAIAAAAAAAAAAAAAAAAAAAAAAAAAAAAAAAAAAAAAAAAAAAAAAAAAAAAAAAAAAAAAAAAAAAAAAAA= manufacturer_ids=[76] service_uuids=[]
05-17 12:12:16.376  1928  2050 D BtGatt.GattService: onScanResult to scannerId: 2- eventType=0x10, addressType=1, address=7D4F46_E, primaryPhy=1, secondaryPhy=0, advertisingSid=0xff, txPower=127, rssi=-36, periodicAdvInt=0x0
05-17 12:12:16.393  1928  2050 D BtGatt.GattService: onScanResult to scannerId: 2- eventType=0x1b, addressType=1, address=DD0D30_2, primaryPhy=1, secondaryPhy=0, advertisingSid=0xff, txPower=127, rssi=-66, periodicAdvInt=0x0
05-17 12:12:16.406  1928  2050 D BtGatt.GattService: onScanResult to scannerId: 2- eventType=0x1b, addressType=0, address=84E0F4_2, primaryPhy=1, secondaryPhy=0, advertisingSid=0xff, txPower=127, rssi=-86, periodicAdvInt=0x0
05-17 12:12:16.409  1928  2050 D BtGatt.GattService: onScanResult to scannerId: 2- eventType=0x1b, addressType=0, address=84E0F4_2, primaryPhy=1, secondaryPhy=0, advertisingSid=0xff, txPower=127, rssi=-87, periodicAdvInt=0x0
05-17 12:12:16.440  1200  3617 D SemWifiUsabilityStatsMonitor: onWifiUsabilityStats - seqNum 7082, isSameBssidAndFreq true
05-17 12:12:16.441  1200  1507 I SemWifiLinkQualityMonitor: Link Qos Query: 0.077 ms / 103.822 Mbps (408 / 0.057 / 1.000)
05-17 12:12:16.479  1928  2050 D BtGatt.GattService: onScanResult to scannerId: 2- eventType=0x10, addressType=0, address=BC455B_A, primaryPhy=1, secondaryPhy=0, advertisingSid=0xff, txPower=127, rssi=-73, periodicAdvInt=0x0
05-17 12:12:16.481  1928  2050 D BtGatt.GattService: onScanResult to scannerId: 2- eventType=0x10, addressType=1, address=64346D_4, primaryPhy=1, secondaryPhy=0, advertisingSid=0xff, txPower=127, rssi=-84, periodicAdvInt=0x0
05-17 12:12:16.486  1928  2050 D BtGatt.GattService: onScanResult to scannerId: 2- eventType=0x1a, addressType=1, address=453F6C_2, primaryPhy=1, secondaryPhy=0, advertisingSid=0xff, txPower=127, rssi=-44, periodicAdvInt=0x0
05-17 12:12:16.494  1928  2050 D BtGatt.GattService: onScanResult to scannerId: 2- eventType=0x1b, addressType=1, address=C19840_0, primaryPhy=1, secondaryPhy=0, advertisingSid=0xff, txPower=127, rssi=-82, periodicAdvInt=0x0
05-17 12:12:16.495  1928  2050 D BtGatt.GattService: onScanResult to scannerId: 2- eventType=0x1b, addressType=1, address=7A6A97_6, primaryPhy=1, secondaryPhy=0, advertisingSid=0xff, txPower=127, rssi=-35, periodicAdvInt=0x0
05-17 12:12:16.496  1928  2050 D BtGatt.GattService: onScanResult to scannerId: 2- eventType=0x1b, addressType=1, address=68983E_2, primaryPhy=1, secondaryPhy=0, advertisingSid=0xff, txPower=127, rssi=-35, periodicAdvInt=0x0
05-17 12:12:16.562  1928  2050 D BtGatt.GattService: onScanResult to scannerId: 2- eventType=0x10, addressType=1, address=7D4F46_E, primaryPhy=1, secondaryPhy=0, advertisingSid=0xff, txPower=127, rssi=-35, periodicAdvInt=0x0
05-17 12:12:17.670  9058  9058 I BluetoothAdapter: STATE_ON
05-17 12:12:17.670  9058  9058 I BluetoothAdapter: STATE_ON
05-17 12:12:17.670  9058  9058 I BluetoothAdapter: STATE_ON
05-17 12:12:17.672  9058  9058 D BluetoothLeAdvertiser: Stop AdvertingSet
05-17 12:12:17.674  1928  1941 I bt_stack: [INFO:le_advertising_manager.cc(70)] Unregister in shim layer
05-17 12:12:17.675  1928  2282 W bt_stack: le_advertising_manager :: remove_advertiser - id : 3
05-17 12:12:17.675  1928  2260 E BtGatt.GattService: [GSIM LOG]: gsimLogHandler, msg: MESSAGE_ADV_SET_STOP, appName: dev.mob.mob, id: 3, isLegacy: true
05-17 12:12:17.679  9058  9058 D BluetoothLeAdvertiser: onAdvertisingSetStopped(3)
05-17 12:12:18.235  1928  2050 D BtGatt.GattService: onScanResult to scannerId: 2- eventType=0x10, addressType=1, address=4A4D1F_B, primaryPhy=1, secondaryPhy=0, advertisingSid=0xff, txPower=127, rssi=-83, periodicAdvInt=0x0
05-17 12:12:18.244  1928  2050 D BtGatt.GattService: onScanResult to scannerId: 2- eventType=0x1a, addressType=1, address=453F6C_2, primaryPhy=1, secondaryPhy=0, advertisingSid=0xff, txPower=127, rssi=-44, periodicAdvInt=0x0
05-17 12:12:18.252  1928  2050 D BtGatt.GattService: onScanResult to scannerId: 2- eventType=0x1b, addressType=0, address=84E0F4_2, primaryPhy=1, secondaryPhy=0, advertisingSid=0xff, txPower=127, rssi=-78, periodicAdvInt=0x0
05-17 12:12:18.256  1928  2050 D BtGatt.GattService: onScanResult to scannerId: 2- eventType=0x1b, addressType=1, address=54186A_7, primaryPhy=1, secondaryPhy=0, advertisingSid=0xff, txPower=127, rssi=-50, periodicAdvInt=0x0
05-17 12:12:18.257  1928  2050 D BtGatt.GattService: onScanResult to scannerId: 2- eventType=0x10, addressType=1, address=3A71EF_F, primaryPhy=1, secondaryPhy=0, advertisingSid=0xff, txPower=127, rssi=-92, periodicAdvInt=0x0
05-17 12:12:18.261  1928  2050 D BtGatt.GattService: onScanResult to scannerId: 2- eventType=0x10, addressType=1, address=6945AA_C, primaryPhy=1, secondaryPhy=0, advertisingSid=0xff, txPower=127, rssi=-81, periodicAdvInt=0x0
05-17 12:12:18.282  1928  2050 D BtGatt.GattService: onScanResult to scannerId: 2- eventType=0x1b, addressType=0, address=84E0F4_2, primaryPhy=1, secondaryPhy=0, advertisingSid=0xff, txPower=127, rssi=-78, periodicAdvInt=0x0
05-17 12:12:18.284  1928  2050 D BtGatt.GattService: onScanResult to scannerId: 2- eventType=0x10, addressType=0, address=4CC95E_3, primaryPhy=1, secondaryPhy=0, advertisingSid=0xff, txPower=127, rssi=-94, periodicAdvInt=0x0
05-17 12:12:18.291  1928  2050 D BtGatt.GattService: onScanResult to scannerId: 2- eventType=0x10, addressType=1, address=7D4F46_E, primaryPhy=1, secondaryPhy=0, advertisingSid=0xff, txPower=127, rssi=-35, periodicAdvInt=0x0
05-17 12:12:18.294  1928  2050 D BtGatt.GattService: onScanResult to scannerId: 2- eventType=0x1b, addressType=1, address=7A6A97_6, primaryPhy=1, secondaryPhy=0, advertisingSid=0xff, txPower=127, rssi=-35, periodicAdvInt=0x0
05-17 12:12:18.299  1928  2050 D BtGatt.GattService: onScanResult to scannerId: 2- eventType=0x1b, addressType=1, address=68983E_2, primaryPhy=1, secondaryPhy=0, advertisingSid=0xff, txPower=127, rssi=-35, periodicAdvInt=0x0
05-17 12:12:18.305  9058  9058 I MobBleScanRaw: device_id=4C:C9:5E:42:49:73 rssi=-94 advertisement_b64=G/91AEIEAYBmTMleQklzTsleQklyAQwcAAAAAAAAAAAAAAAAAAAAAAAAAAAAAAAAAAAAAAAAAAAAAAAAAAA= manufacturer_ids=[117] service_uuids=[]
05-17 12:12:18.352  1928  2050 D BtGatt.GattService: onScanResult to scannerId: 2- eventType=0x10, addressType=1, address=EDB578_7, primaryPhy=1, secondaryPhy=0, advertisingSid=0xff, txPower=127, rssi=-51, periodicAdvInt=0x0
05-17 12:12:18.353  1928  2050 D BtGatt.GattService: onScanResult to scannerId: 2- eventType=0x1b, addressType=0, address=84E0F4_2, primaryPhy=1, secondaryPhy=0, advertisingSid=0xff, txPower=127, rssi=-78, periodicAdvInt=0x0
05-17 12:12:18.364  1928  2050 D BtGatt.GattService: onScanResult to scannerId: 2- eventType=0x10, addressType=1, address=3A71EF_F, primaryPhy=1, secondaryPhy=0, advertisingSid=0xff, txPower=127, rssi=-91, periodicAdvInt=0x0
05-17 12:12:18.365  1928  2050 D BtGatt.GattService: onScanResult to scannerId: 2- eventType=0x10, addressType=0, address=BC455B_A, primaryPhy=1, secondaryPhy=0, advertisingSid=0xff, txPower=127, rssi=-84, periodicAdvInt=0x0
05-17 12:12:18.373  1928  2050 D BtGatt.GattService: onScanResult to scannerId: 2- eventType=0x10, addressType=1, address=64346D_4, primaryPhy=1, secondaryPhy=0, advertisingSid=0xff, txPower=127, rssi=-78, periodicAdvInt=0x0
05-17 12:12:18.386  1928  2050 D BtGatt.GattService: onScanResult to scannerId: 2- eventType=0x1a, addressType=1, address=453F6C_2, primaryPhy=1, secondaryPhy=0, advertisingSid=0xff, txPower=127, rssi=-44, periodicAdvInt=0x0
05-17 12:12:18.801  1200  2968 E system_server: Can't open file: /sys/kernel/ion/total_heaps_kb
05-17 12:12:18.802  1200  2968 E system_server: Unable to access: /sys/kernel/dmabuf/buffers: No such file or directory
05-17 12:12:18.809  1200  1446 D ConnectivitySampleMetricsHelper: Sampling data for atom : 10163
05-17 12:12:19.340  2905  2905 I SDHMS:LOAD: type: LoadsFreqs, value: 0:0:0:666640:1170000:650000:666640:1170000:650000:0:0:0
05-17 12:12:19.354  9058  9118 I Elixir  : BleSelfTest: HEARTBEAT events=252 devices=36 mob_peers=1 sent=4 distinct_msgs=3 beacon_callbacks=17 envelopes=0
05-17 12:12:19.356  9058  9097 I BEAMout : 12:12:19.354 [info] BleSelfTest: HEARTBEAT events=252 devices=36 mob_peers=1 sent=4 distinct_msgs=3 beacon_callbacks=17 envelopes=0
05-17 12:12:19.542  1200  3617 D SemWifiUsabilityStatsMonitor: onWifiUsabilityStats - seqNum 7083, isSameBssidAndFreq true
05-17 12:12:19.545  1200  1507 I SemWifiLinkQualityMonitor: Link Qos Query: 0.080 ms / 100.085 Mbps (408 / 0.060 / 1.000)
05-17 12:12:19.575   602   602 D io_stats: !@   8,0 r 1037444 33866604 w 599947 57188260 d 0 0 f 0 0 iot 519288 0 th 0 0 0 pt 0 inp 0 0 208387.147
05-17 12:12:19.623  9058  9118 I BluetoothAdapter: STATE_ON
05-17 12:12:19.623  9058  9118 I BluetoothAdapter: STATE_ON
05-17 12:12:19.624  9058  9118 I BluetoothAdapter: STATE_ON
05-17 12:12:19.625  9058  9118 D BluetoothLeAdvertiser: Stop AdvertingSet
05-17 12:12:19.628  1928  1941 I bt_stack: [INFO:le_advertising_manager.cc(70)] Unregister in shim layer
05-17 12:12:19.629  1928  2260 E BtGatt.GattService: [GSIM LOG]: gsimLogHandler, msg: MESSAGE_ADV_SET_STOP, appName: dev.mob.mob, id: 2, isLegacy: true
05-17 12:12:19.630  1928  2282 W bt_stack: le_advertising_manager :: remove_advertiser - id : 2
05-17 12:12:19.631  9058  9058 D BluetoothLeAdvertiser: onAdvertisingSetStopped(2)
05-17 12:12:19.632  9058  9118 I MobBleFetch: {"v":1,"event":"fetch_advertising_stopped","device_model":"SM-T577U","android_api":33,"adapter_state":"on","adapter_enabled":true}
05-17 12:12:19.632  9058  9118 D BluetoothGattServer: close()
05-17 12:12:19.632  9058  9118 D BluetoothGattServer: unregisterCallback() - mServerIf=6
05-17 12:12:19.634  1928  1941 D BtGatt.GattService: unregisterServer(dev.mob.mob) - serverIf=6
05-17 12:12:19.636  1928  1941 D BtGatt.ContextMap: remove() - id: 6
