05-17 12:12:34.359  9058  9097 I BEAMout : 12:12:34.358 [info] BleSelfTest: HEARTBEAT events=337 devices=36 mob_peers=1 sent=7 distinct_msgs=4 beacon_callbacks=26 envelopes=0
05-17 12:12:34.917  1928  2050 D BtGatt.GattService: onScanResult to scannerId: 2- eventType=0x1b, addressType=0, address=84E0F4_2, primaryPhy=1, secondaryPhy=0, advertisingSid=0xff, txPower=127, rssi=-78, periodicAdvInt=0x0
05-17 12:12:34.927  1928  2050 D BtGatt.GattService: onScanResult to scannerId: 2- eventType=0x1b, addressType=1, address=E146D4_F, primaryPhy=1, secondaryPhy=0, advertisingSid=0xff, txPower=127, rssi=-92, periodicAdvInt=0x0
05-17 12:12:34.935  1928  2050 D BtGatt.GattService: onScanResult to scannerId: 2- eventType=0x1b, addressType=0, address=84E0F4_2, primaryPhy=1, secondaryPhy=0, advertisingSid=0xff, txPower=127, rssi=-78, periodicAdvInt=0x0
05-17 12:12:34.973  1928  2050 D BtGatt.GattService: onScanResult to scannerId: 2- eventType=0x1b, addressType=1, address=5498D4_8, primaryPhy=1, secondaryPhy=0, advertisingSid=0xff, txPower=127, rssi=-71, periodicAdvInt=0x0
05-17 12:12:34.981  1928  2050 D BtGatt.GattService: onScanResult to scannerId: 2- eventType=0x1a, addressType=1, address=74E7C5_7, primaryPhy=1, secondaryPhy=0, advertisingSid=0xff, txPower=127, rssi=-44, periodicAdvInt=0x0
05-17 12:12:34.982  1928  2050 D BtGatt.GattService: onScanResult to scannerId: 2- eventType=0x10, addressType=1, address=7D4F46_E, primaryPhy=1, secondaryPhy=0, advertisingSid=0xff, txPower=127, rssi=-35, periodicAdvInt=0x0
05-17 12:12:34.990  9058  9058 I MobBleScanRaw: device_id=74:E7:C5:0B:EA:57 rssi=-44 advertisement_b64=Gf///01CAQEBAGzaiS6vm9sM9wgG7dwoW8wAAAAAAAAAAAAAAAAAAAAAAAAAAAAAAAAAAAAAAAAAAAAAAAA= manufacturer_ids=[65535] service_uuids=[]
05-17 12:12:34.991  9058  9118 I Elixir  : BleSelfTest: DISTINCT MESH MESSAGE kind=beacon key=f70806eddc285bcc:6cda892eaf9bdb0c from=sender_hash=f70806eddc285bcc device_id=74:E7:C5:0B:EA:57 first_seen_after=27_callbacks
05-17 12:12:34.993  9058  9097 I BEAMout : 12:12:34.991 [info] BleSelfTest: DISTINCT MESH MESSAGE kind=beacon key=f70806eddc285bcc:6cda892eaf9bdb0c from=sender_hash=f70806eddc285bcc device_id=74:E7:C5:0B:EA:57 first_seen_after=27_callbacks
05-17 12:12:35.003  1928  2050 D BtGatt.GattService: onScanResult to scannerId: 2- eventType=0x10, addressType=1, address=64346D_4, primaryPhy=1, secondaryPhy=0, advertisingSid=0xff, txPower=127, rssi=-80, periodicAdvInt=0x0
05-17 12:12:35.010  1928  2050 D BtGatt.GattService: onScanResult to scannerId: 2- eventType=0x10, addressType=0, address=4CC95E_3, primaryPhy=1, secondaryPhy=0, advertisingSid=0xff, txPower=127, rssi=-94, periodicAdvInt=0x0
05-17 12:12:35.041  1928  2050 D BtGatt.GattService: onScanResult to scannerId: 2- eventType=0x1b, addressType=0, address=84E0F4_2, primaryPhy=1, secondaryPhy=0, advertisingSid=0xff, txPower=127, rssi=-78, periodicAdvInt=0x0
05-17 12:12:35.046  1200  3617 D SemWifiUsabilityStatsMonitor: onWifiUsabilityStats - seqNum 7088, isSameBssidAndFreq true
05-17 12:12:35.047  1613  1613 D NetworkController.WifiSignalController: notifyListener: visible=true, connected=true, inetCondition=1, isDefault=true, wifiTestReported=true, receivedInetCondition=-1, hideDuringMobileSwitching=false
05-17 12:12:35.048  1200  1507 I SemWifiLinkQualityMonitor: Link Qos Query: 0.026 ms / 302.468 Mbps (408 / 0.007 / 1.000)
05-17 12:12:35.075  1928  2050 D BtGatt.GattService: onScanResult to scannerId: 2- eventType=0x1b, addressType=1, address=7A6A97_6, primaryPhy=1, secondaryPhy=0, advertisingSid=0xff, txPower=127, rssi=-35, periodicAdvInt=0x0
05-17 12:12:35.076  1928  2050 D BtGatt.GattService: onScanResult to scannerId: 2- eventType=0x1b, addressType=1, address=68983E_2, primaryPhy=1, secondaryPhy=0, advertisingSid=0xff, txPower=127, rssi=-35, periodicAdvInt=0x0
05-17 12:12:35.078  1928  2050 D BtGatt.GattService: onScanResult to scannerId: 2- eventType=0x1b, addressType=1, address=54186A_7, primaryPhy=1, secondaryPhy=0, advertisingSid=0xff, txPower=127, rssi=-51, periodicAdvInt=0x0
05-17 12:12:35.118  1928  2050 D BtGatt.GattService: onScanResult to scannerId: 2- eventType=0x1a, addressType=1, address=74E7C5_7, primaryPhy=1, secondaryPhy=0, advertisingSid=0xff, txPower=127, rssi=-43, periodicAdvInt=0x0
05-17 12:12:35.164  1928  2050 D BtGatt.GattService: onScanResult to scannerId: 2- eventType=0x10, addressType=1, address=7D4F46_E, primaryPhy=1, secondaryPhy=0, advertisingSid=0xff, txPower=127, rssi=-36, periodicAdvInt=0x0
05-17 12:12:35.169  1928  2050 D BtGatt.GattService: onScanResult to scannerId: 2- eventType=0x10, addressType=1, address=3A3EDE_3, primaryPhy=1, secondaryPhy=0, advertisingSid=0xff, txPower=127, rssi=-95, periodicAdvInt=0x0
05-17 12:12:35.201 30311 30311 D BoundBrokerSvc: onRebind: Intent { act=com.google.android.gms.libs.gmscorelogger.service.START dat=chimera-action:/... cmp=com.google.android.gms/.chimera.PersistentDirectBootAwareApiService }
05-17 12:12:36.800  1928  2050 D BtGatt.GattService: onScanResult to scannerId: 2- eventType=0x10, addressType=1, address=64346D_4, primaryPhy=1, secondaryPhy=0, advertisingSid=0xff, txPower=127, rssi=-86, periodicAdvInt=0x0
05-17 12:12:36.811  1928  2050 D BtGatt.GattService: onScanResult to scannerId: 2- eventType=0x1b, addressType=1, address=675E69_4, primaryPhy=1, secondaryPhy=0, advertisingSid=0xff, txPower=127, rssi=-79, periodicAdvInt=0x0
05-17 12:12:36.878  1928  2050 D BtGatt.GattService: onScanResult to scannerId: 2- eventType=0x1b, addressType=1, address=68983E_2, primaryPhy=1, secondaryPhy=0, advertisingSid=0xff, txPower=127, rssi=-36, periodicAdvInt=0x0
05-17 12:12:36.884  1928  2050 D BtGatt.GattService: onScanResult to scannerId: 2- eventType=0x10, addressType=1, address=3A71EF_F, primaryPhy=1, secondaryPhy=0, advertisingSid=0xff, txPower=127, rssi=-88, periodicAdvInt=0x0
05-17 12:12:37.029  1200  1243 E Watchdog: !@Sync: 6943 heap: 75 / 90 FD: 915 [2026-05-17 12:12:37.028]
05-17 12:12:37.580   602   602 D io_stats: !@   8,0 r 1037444 33866604 w 599957 57188404 d 0 0 f 0 0 iot 519296 0 th 0 0 0 pt 0 inp 0 0 208405.153
05-17 12:12:38.127  1200  3617 D SemWifiUsabilityStatsMonitor: onWifiUsabilityStats - seqNum 7089, isSameBssidAndFreq true
05-17 12:12:38.129  1200  1507 I SemWifiLinkQualityMonitor: Link Qos Query: 0.026 ms / 305.090 Mbps (408 / 0.007 / 1.000)
05-17 12:12:38.136  1200  1896 V MdnieScenarioControlService: burn_in_prevention_mode(), enabled : true, mBurnInDisableAppEnabled : false , mAutoBrightnessMode : true, mHighBrightnessModeEnabled : false , mBurnInPreventionACL : false , platform_brightness_value : 50 , BURN_IN_PREVENTION_SUPPORT_VALUE : 143 , mBurnInPreventionEnabled : false , mGameAppLauncher : false
05-17 12:12:38.651  1928  2050 D BtGatt.GattService: onScanResult to scannerId: 2- eventType=0x1a, addressType=1, address=74E7C5_7, primaryPhy=1, secondaryPhy=0, advertisingSid=0xff, txPower=127, rssi=-44, periodicAdvInt=0x0
05-17 12:12:38.677  1928  2050 D BtGatt.GattService: onScanResult to scannerId: 2- eventType=0x10, addressType=1, address=7D4F46_E, primaryPhy=1, secondaryPhy=0, advertisingSid=0xff, txPower=127, rssi=-35, periodicAdvInt=0x0
05-17 12:12:38.680  1928  2050 D BtGatt.GattService: onScanResult to scannerId: 2- eventType=0x1b, addressType=1, address=7A6A97_6, primaryPhy=1, secondaryPhy=0, advertisingSid=0xff, txPower=127, rssi=-36, periodicAdvInt=0x0
05-17 12:12:38.682  1928  2050 D BtGatt.GattService: onScanResult to scannerId: 2- eventType=0x1b, addressType=1, address=68983E_2, primaryPhy=1, secondaryPhy=0, advertisingSid=0xff, txPower=127, rssi=-35, periodicAdvInt=0x0
05-17 12:12:38.720  1928  2050 D BtGatt.GattService: onScanResult to scannerId: 2- eventType=0x1b, addressType=0, address=84E0F4_2, primaryPhy=1, secondaryPhy=0, advertisingSid=0xff, txPower=127, rssi=-87, periodicAdvInt=0x0
05-17 12:12:38.742  1928  2050 D BtGatt.GattService: onScanResult to scannerId: 2- eventType=0x1b, addressType=0, address=84E0F4_2, primaryPhy=1, secondaryPhy=0, advertisingSid=0xff, txPower=127, rssi=-86, periodicAdvInt=0x0
05-17 12:12:38.750  1928  2050 D BtGatt.GattService: onScanResult to scannerId: 2- eventType=0x10, addressType=1, address=428DBC_C, primaryPhy=1, secondaryPhy=0, advertisingSid=0xff, txPower=127, rssi=-79, periodicAdvInt=0x0
05-17 12:12:38.756  1928  2050 D BtGatt.GattService: onScanResult to scannerId: 2- eventType=0x10, addressType=0, address=BC455B_A, primaryPhy=1, secondaryPhy=0, advertisingSid=0xff, txPower=127, rssi=-69, periodicAdvInt=0x0
05-17 12:12:38.766  1928  2050 D BtGatt.GattService: onScanResult to scannerId: 2- eventType=0x1b, addressType=1, address=4A9808_A, primaryPhy=1, secondaryPhy=0, advertisingSid=0xff, txPower=127, rssi=-73, periodicAdvInt=0x0
05-17 12:12:38.792  1928  2050 D BtGatt.GattService: onScanResult to scannerId: 2- eventType=0x1a, addressType=1, address=74E7C5_7, primaryPhy=1, secondaryPhy=0, advertisingSid=0xff, txPower=127, rssi=-44, periodicAdvInt=0x0
05-17 12:12:38.795  1928  2050 D BtGatt.GattService: onScanResult to scannerId: 2- eventType=0x1b, addressType=1, address=6F63D2_0, primaryPhy=1, secondaryPhy=0, advertisingSid=0xff, txPower=127, rssi=-79, periodicAdvInt=0x0
05-17 12:12:38.800  1928  2050 D BtGatt.GattService: onScanResult to scannerId: 2- eventType=0x1b, addressType=1, address=54186A_7, primaryPhy=1, secondaryPhy=0, advertisingSid=0xff, txPower=127, rssi=-63, periodicAdvInt=0x0
05-17 12:12:38.812  1928  2050 D BtGatt.GattService: onScanResult to scannerId: 2- eventType=0x1b, addressType=1, address=5498D4_8, primaryPhy=1, secondaryPhy=0, advertisingSid=0xff, txPower=127, rssi=-67, periodicAdvInt=0x0
05-17 12:12:38.818  1928  2050 D BtGatt.GattService: onScanResult to scannerId: 2- eventType=0x10, addressType=1, address=4A4D1F_B, primaryPhy=1, secondaryPhy=0, advertisingSid=0xff, txPower=127, rssi=-89, periodicAdvInt=0x0
05-17 12:12:38.821  1200  1257 D BatteryExternalStatsWorker: update stats : procstate-change (10)
05-17 12:12:38.873  1200  1257 D BatteryExternalStatsWorker: Fetch WiFi data
05-17 12:12:38.873  1200  1257 D BatteryExternalStatsWorker: Update Rail Energy data
05-17 12:12:38.873  1200  1257 D BatteryExternalStatsWorker: Fetch Bluetooth data
05-17 12:12:38.875  2905  3764 I SDHMS:D : SIOP:: AP:266 BAT:241 USB:244 CHG:278 PA:261 WIFI:268 BLK:257 SKIN:317 SKINF:317 SKINB:285 LRP:317 LRF:317 LRB:285 
05-17 12:12:38.880  1928  2050 D BtGatt.GattService: onScanResult to scannerId: 2- eventType=0x1b, addressType=1, address=C19840_0, primaryPhy=1, secondaryPhy=0, advertisingSid=0xff, txPower=127, rssi=-82, periodicAdvInt=0x0
05-17 12:12:38.882  1200  1257 D BatteryExternalStatsWorker: Update bluetooth state
05-17 12:12:38.882  1200  1257 D BatteryExternalStatsWorker: mStats lock released
05-17 12:12:38.892  9058  9058 I BluetoothAdapter: STATE_ON
05-17 12:12:38.892  9058  9058 I BluetoothAdapter: STATE_ON
05-17 12:12:38.892  9058  9058 I BluetoothAdapter: STATE_ON
05-17 12:12:38.893  9058  9058 D BluetoothLeAdvertiser: Stop AdvertingSet
05-17 12:12:38.895  1928  1939 I bt_stack: [INFO:le_advertising_manager.cc(70)] Unregister in shim layer
05-17 12:12:38.896  1928  2282 W bt_stack: le_advertising_manager :: remove_advertiser - id : 3
05-17 12:12:38.896  1928  2260 E BtGatt.GattService: [GSIM LOG]: gsimLogHandler, msg: MESSAGE_ADV_SET_STOP, appName: dev.mob.mob, id: 3, isLegacy: true
05-17 12:12:38.901  9058  9058 D BluetoothLeAdvertiser: onAdvertisingSetStopped(3)
05-17 12:12:38.904  1200  1257 D BatteryExternalStatsWorker: Update wifi state
05-17 12:12:38.904  1200  1257 D BatteryExternalStatsWorker: done updateExternalStatsLocked
05-17 12:12:38.928  1674  2200 W IpClient.wlan0: [IpReachabilityMonitor] WARN ALERT neighbor went from: NeighborEvent{@208821002,RTM_NEWNEIGH,if=16,192.168.1.137,NUD_PROBE,[d0:11:e5:18:1f:0d]} to: NeighborEvent{@208830988,RTM_NEWNEIGH,if=16,192.168.1.137,NUD_FAILED,[null]}
05-17 12:12:39.072  1200  1491 I ChimeraAggressivePolicyHandler: executePolicy() - triggerSource: TRIGGER_SOURCE_LMKD
05-17 12:12:39.074  1200  1491 I ChimeraAggressivePolicyHandler: available memory: 1692272, free memory target: 645120, quit chimera
05-17 12:12:39.359  9058  9118 I Elixir  : BleSelfTest: HEARTBEAT events=371 devices=36 mob_peers=1 sent=7 distinct_msgs=5 beacon_callbacks=30 envelopes=0
05-17 12:12:39.360  9058  9097 I BEAMout : 12:12:39.359 [info] BleSelfTest: HEARTBEAT events=371 devices=36 mob_peers=1 sent=7 distinct_msgs=5 beacon_callbacks=30 envelopes=0
05-17 12:12:39.532  2905  2905 I SDHMS:LOAD: type: LoadsFreqs, value: 0:0:0:656239:962000:650000:656239:962000:650000:5:260:0
05-17 12:12:39.581   602   602 D io_stats: !@   8,0 r 1037444 33866604 w 599960 57188512 d 0 0 f 0 0 iot 519300 0 th 0 0 0 pt 0 inp 0 0 208407.153
05-17 12:12:40.568  1928  2050 D BtGatt.GattService: onScanResult to scannerId: 2- eventType=0x1b, addressType=0, address=84E0F4_2, primaryPhy=1, secondaryPhy=0, advertisingSid=0xff, txPower=127, rssi=-78, periodicAdvInt=0x0
05-17 12:12:40.576  1928  2050 D BtGatt.GattService: onScanResult to scannerId: 2- eventType=0x1a, addressType=1, address=74E7C5_7, primaryPhy=1, secondaryPhy=0, advertisingSid=0xff, txPower=127, rssi=-44, periodicAdvInt=0x0
05-17 12:12:40.580  1928  2050 D BtGatt.GattService: onScanResult to scannerId: 2- eventType=0x1b, addressType=0, address=94944A_D, primaryPhy=1, secondaryPhy=0, advertisingSid=0xff, txPower=127, rssi=-85, periodicAdvInt=0x0
05-17 12:12:40.598  1928  2050 D BtGatt.GattService: onScanResult to scannerId: 2- eventType=0x10, addressType=0, address=BC455B_A, primaryPhy=1, secondaryPhy=0, advertisingSid=0xff, txPower=127, rssi=-85, periodicAdvInt=0x0
05-17 12:12:40.615  1928  2050 D BtGatt.GattService: onScanResult to scannerId: 2- eventType=0x10, addressType=1, address=44BDF8_6, primaryPhy=1, secondaryPhy=0, advertisingSid=0xff, txPower=127, rssi=-85, periodicAdvInt=0x0
05-17 12:12:40.626  1928  2050 D BtGatt.GattService: onScanResult to scannerId: 2- eventType=0x1b, addressType=1, address=DD0D30_2, primaryPhy=1, secondaryPhy=0, advertisingSid=0xff, txPower=127, rssi=-62, periodicAdvInt=0x0
05-17 12:12:40.667  1928  2050 D BtGatt.GattService: onScanResult to scannerId: 2- eventType=0x10, addressType=1, address=7D4F46_E, primaryPhy=1, secondaryPhy=0, advertisingSid=0xff, txPower=127, rssi=-35, periodicAdvInt=0x0
05-17 12:12:40.710  1928  2050 D BtGatt.GattService: onScanResult to scannerId: 2- eventType=0x1a, addressType=1, address=74E7C5_7, primaryPhy=1, secondaryPhy=0, advertisingSid=0xff, txPower=127, rssi=-44, periodicAdvInt=0x0
05-17 12:12:40.830  9058  9118 I BluetoothAdapter: STATE_ON
05-17 12:12:40.830  9058  9118 I BluetoothAdapter: STATE_ON
05-17 12:12:40.830  9058  9118 I BluetoothAdapter: STATE_ON
05-17 12:12:40.831  9058  9118 D BluetoothLeAdvertiser: Stop AdvertingSet
05-17 12:12:40.833  1928  1939 I bt_stack: [INFO:le_advertising_manager.cc(70)] Unregister in shim layer
05-17 12:12:40.834  1928  2282 W bt_stack: le_advertising_manager :: remove_advertiser - id : 2
05-17 12:12:40.834  1928  2260 E BtGatt.GattService: [GSIM LOG]: gsimLogHandler, msg: MESSAGE_ADV_SET_STOP, appName: dev.mob.mob, id: 2, isLegacy: true
05-17 12:12:40.835  9058  9058 D BluetoothLeAdvertiser: onAdvertisingSetStopped(2)
05-17 12:12:40.835  9058  9118 I MobBleFetch: {"v":1,"event":"fetch_advertising_stopped","device_model":"SM-T577U","android_api":33,"adapter_state":"on","adapter_enabled":true}
05-17 12:12:40.835  9058  9118 D BluetoothGattServer: close()
05-17 12:12:40.835  9058  9118 D BluetoothGattServer: unregisterCallback() - mServerIf=6
05-17 12:12:40.837  1928  1939 D BtGatt.GattService: unregisterServer(dev.mob.mob) - serverIf=6
05-17 12:12:40.839  1928  1939 D BtGatt.ContextMap: remove() - id: 6
05-17 12:12:40.840  1928  1939 E BtGatt.ContextMap: remove() - removed: 6
05-17 12:12:40.841  1928  2656 E bt_stack: [ERROR:gatt_api.cc(340)] Active Service Found: 8f4f1201-6f3d-4f9c-9e3b-7f4a4f0f2000
05-17 12:12:40.841  1928  2656 I bt_stack: [INFO:gatt_api.cc(408)] GATTS_StopService: service = 0x0086
05-17 12:12:40.841  1928  2656 I bt_stack: [INFO:gatt_sr_hash.cc(127)] gatts_calculate_database_hash: hash=8991C462EBE9D90B9EA0DA3E16D0F513
05-17 12:12:40.841  1928  2656 I bt_stack: [INFO:gatt_api.cc(1111)] GATT_Deregister gatt_if=6
05-17 12:12:40.841  1928  2656 W bt_stack: on_app_deregistered :: app_id=6
05-17 12:12:40.841  1928  2656 I bt_stack: [INFO:gatt_api.cc(1164)] Initialize tGATT_REG
05-17 12:12:40.843  9058  9118 D BluetoothGattServer: registerCallback()
05-17 12:12:40.843  9058  9118 D BluetoothGattServer: registerCallback() - UUID=b76702e9-3d89-46c9-937e-8ff5811d80e6
05-17 12:12:40.846  1928  1939 D BtGatt.GattService: registerServer(dev.mob.mob) - UUID=b76702e9-3d89-46c9-937e-8ff5811d80e6
05-17 12:12:40.851  1928  1939 D BtGatt.ContextMap: add() - appUid: 10313, appPid: 9058, appName: dev.mob.mob
05-17 12:12:40.852  1928  2656 I bt_stack: [INFO:bta_gatts_act.cc(198)] register application first_unuse rcb_idx=0
05-17 12:12:40.853  9058  9069 D BluetoothGattServer: onServerRegistered() - status=0 serverIf=6
05-17 12:12:40.854  9058  9118 D BluetoothGattServer: addService() - service: 8f4f1201-6f3d-4f9c-9e3b-7f4a4f0f2000
05-17 12:12:40.857  1928  2656 I bt_stack: [INFO:bta_gatts_api.cc(135)] bta_gatts_add_service_impl: rcb_idx=0
05-17 12:12:40.857  1928  2656 I bt_stack: [INFO:gatt_api.cc(171)] GATTS_AddService
05-17 12:12:40.857  1928  2656 I bt_stack: [INFO:gatt_api.cc(286)] GATTS_AddService: service parsed correctly, now starting
05-17 12:12:40.857  1928  2656 I bt_stack: [INFO:gatt_sr_hash.cc(127)] gatts_calculate_database_hash: hash=D73604934235F801B3C76A8E5F0340C6
05-17 12:12:40.858  9058  9118 I BluetoothAdapter: STATE_ON
05-17 12:12:40.858  9058  9118 I BluetoothAdapter: STATE_ON
05-17 12:12:40.859  9058  9069 D BluetoothGattServer: onServiceAdded() - handle=134 uuid=8f4f1201-6f3d-4f9c-9e3b-7f4a4f0f2000 status=0
05-17 12:12:40.859  9058  9118 I BluetoothAdapter: STATE_ON
05-17 12:12:40.859  9058  9118 I BluetoothAdapter: STATE_ON
05-17 12:12:40.864  1928  1939 I bt_stack: [INFO:le_advertising_manager.cc(137)] StartAdvertisingSet in shim layer
05-17 12:12:40.864  1928  1939 W bt_stack: le_advertising_manager :: allocate_advertiser - id : 2
05-17 12:12:40.864  1928  1939 I bt_stack: [INFO:le_advertising_manager.cc(157)] create advertising set, reg_id:-5167, id:2
05-17 12:12:40.864  1928  2282 W bt_stack: le_advertising_manager :: create_extended_advertiser - id : 2
05-17 12:12:40.864  1928  2282 W bt_stack: le_advertising_manager :: enable_advertiser - id : 2
05-17 12:12:40.866  9058  9118 I MobBleFetch: {"v":1,"event":"fetch_server_started","accepted":true,"advertising_accepted":true,"responder_peer_id":"mob-dev","message_id_hash":"5tqEJLuh7nE=","service_uuid":"8f4f1201-6f3d-4f9c-9e3b-7f4a4f0f2000","request_characteristic_uuid":"8f4f1201-6f3d-4f9c-9e3b-7f4a4f0f2001","response_characteristic_uuid":"8f4f1201-6f3d-4f9c-9e3b-7f4a4f0f2002","device_model":"SM-T577U","android_api":33,"adapter_state":"on","adapter_enabled":true}
05-17 12:12:40.867  9058  9118 I BluetoothAdapter: STATE_ON
05-17 12:12:40.867  9058  9118 I BluetoothAdapter: STATE_ON
05-17 12:12:40.869  9058  9118 I BluetoothAdapter: STATE_ON
05-17 12:12:40.872  9058  9118 I BluetoothAdapter: STATE_ON
05-17 12:12:40.873  9058  9118 I MobBleDispatch: {"v":1,"event":"ble_capabilities","supports_extended_advertising":true,"max_advertising_data_length":1024,"is_multiple_advertisement_supported":true,"legacy_manufacturer_payload_budget":24}
05-17 12:12:40.873  9058  9118 I BluetoothAdapter: STATE_ON
05-17 12:12:40.875  9058  9118 I BluetoothAdapter: STATE_ON
05-17 12:12:40.877  9058  9118 I BluetoothAdapter: STATE_ON
05-17 12:12:40.878  9058  9118 I BluetoothAdapter: STATE_ON
05-17 12:12:40.878  9058  9118 I BluetoothAdapter: STATE_ON
05-17 12:12:40.878  9058  9118 I BluetoothAdapter: STATE_ON
05-17 12:12:40.882  1928  1939 I bt_stack: [INFO:le_advertising_manager.cc(137)] StartAdvertisingSet in shim layer
05-17 12:12:40.882  1928  1939 W bt_stack: le_advertising_manager :: allocate_advertiser - id : 3
05-17 12:12:40.883  1928  1939 I bt_stack: [INFO:le_advertising_manager.cc(157)] create advertising set, reg_id:-5168, id:3
05-17 12:12:40.883  1928  2282 W bt_stack: le_advertising_manager :: create_extended_advertiser - id : 3
05-17 12:12:40.883  1928  2282 W bt_stack: le_advertising_manager :: enable_advertiser - id : 3
05-17 12:12:40.885  9058  9118 I MobBleDispatch: {"v":1,"event":"attempt_outcome","attempt_id":"mx-1779045160866","message_id":"z6XClZeI4kVk5v8YnDS+\/Q==","target_peer_id":"broadcast","target_device_ids":["broadcast"],"kind":"dispatched","reason":"legacy_beacon_fallback","adapter":"ble_android","outcome_at_ms":208832928}
05-17 12:12:40.886  1928  2260 E BtGatt.GattService: [GSIM LOG]: gsimLogHandler, msg: MESSAGE_ADV_SET_START, appName: dev.mob.mob, id: 2, isLegacy: true
05-17 12:12:40.886  9058  9118 I MobBleNative: sendFullMxEnvelope(broadcast, 31B) -> DISPATCHED reason=legacy_beacon_fallback
05-17 12:12:40.887  9058  9118 I Elixir  : BleSelfTest: MESH MESSAGE SENT payload="hello-from-mob-dev-1779045160" result=:ok
05-17 12:12:40.888  9058  9118 W Elixir  : BleSelfTest: bridge error unknown: {"v":1,"event":"attempt_outcome","attempt_id":"mx-1779045160866","message_id":"z6XClZeI4kVk5v8YnDS+\/Q==","target_peer_id":"broadcast","target_device_ids":["broadcast"],"kind":"dispatched","reason":"legacy_beacon_fallback","adapter":"ble_android","outcome_at_ms":208832928}
05-17 12:12:40.890  9058  9097 I BEAMout : 12:12:40.887 [info] BleSelfTest: MESH MESSAGE SENT payload="hello-from-mob-dev-1779045160" result=:ok
05-17 12:12:40.891  9058  9097 I BEAMout : 12:12:40.888 [warning] BleSelfTest: bridge error unknown: {"v":1,"event":"attempt_outcome","attempt_id":"mx-1779045160866","message_id":"z6XClZeI4kVk5v8YnDS+\/Q==","target_peer_id":"broadcast","target_device_ids":["broadcast"],"kind":"dispatched","reason":"legacy_beacon_fallback","adapter":"ble_android","outcome_at_ms":208832928}
05-17 12:12:40.897  1928  2260 E BtGatt.GattService: [GSIM LOG]: gsimLogHandler, msg: MESSAGE_ADV_SET_START, appName: dev.mob.mob, id: 3, isLegacy: true
05-17 12:12:40.897  9058  9058 D BluetoothLeAdvertiser: onAdvertisingSetStarted(2, -7, 0)
05-17 12:12:40.901  9058  9058 D BluetoothLeAdvertiser: onAdvertisingSetStarted(3, -7, 0)
05-17 12:12:40.904  9058  9058 I MobBleFetch: {"v":1,"event":"fetch_advertising_started","responder_peer_id":"mob-dev","message_id_hash":"5tqEJLuh7nE=","connectable":true,"service_uuid":"8f4f1201-6f3d-4f9c-9e3b-7f4a4f0f2000","device_model":"SM-T577U","android_api":33,"adapter_state":"on","adapter_enabled":true}
05-17 12:12:40.920  9058  9058 I MobBleDispatch: {"v":1,"event":"legacy_beacon_advertising_started","attempt_id":"mx-1779045160866","beacon_size":22,"beacon":"TUIBAQEA5tqEJLuh7nES94VXUXoT+Q==","message_id_hash":"5tqEJLuh7nE=","sender_peer_id_hash":"EveFV1F6E\/k=","payload_kind":"TX","envelope_version":1,"window_ms":5000,"data_carrier":"legacy_advertisement"}
05-17 12:12:41.190  1707  1707 I wpa_supplicant: Heartbeat 20820
05-17 12:12:41.222  1200  3617 D SemWifiUsabilityStatsMonitor: onWifiUsabilityStats - seqNum 7090, isSameBssidAndFreq true
05-17 12:12:41.225  1200  1507 I SemWifiLinkQualityMonitor: Link Qos Query: 0.039 ms / 206.812 Mbps (408 / 0.019 / 1.000)
05-17 12:12:41.581   602   602 D io_stats: !@   8,0 r 1037445 33866608 w 599960 57188512 d 0 0 f 0 0 iot 519304 0 th 0 0 0 pt 0 inp 0 0 208409.154
05-17 12:12:41.949  1613  1862 D Tile.CustomTile: handleSetListening  true getTileSpec() = custom(com.google.android.gms/.nearby.sharing.SharingTileService)
05-17 12:12:41.958  1613  1862 D Tile.CustomTile: handleSetListening  false getTileSpec() = custom(com.google.android.gms/.nearby.sharing.SharingTileService)
05-17 12:12:41.958  1613  1862 D TileLifecycleManager: onStopListening
05-17 12:12:42.367  1928  2050 D BtGatt.GattService: onScanResult to scannerId: 2- eventType=0x1b, addressType=1, address=6F63D2_0, primaryPhy=1, secondaryPhy=0, advertisingSid=0xff, txPower=127, rssi=-78, periodicAdvInt=0x0
05-17 12:12:42.389  1928  2050 D BtGatt.GattService: onScanResult to scannerId: 2- eventType=0x1b, addressType=1, address=54186A_7, primaryPhy=1, secondaryPhy=0, advertisingSid=0xff, txPower=127, rssi=-49, periodicAdvInt=0x0
05-17 12:12:42.398  1928  2050 D BtGatt.GattService: onScanResult to scannerId: 2- eventType=0x1b, addressType=1, address=5498D4_8, primaryPhy=1, secondaryPhy=0, advertisingSid=0xff, txPower=127, rssi=-57, periodicAdvInt=0x0
05-17 12:12:42.403  1928  2050 D BtGatt.GattService: onScanResult to scannerId: 2- eventType=0x10, addressType=1, address=49C6BA_7, primaryPhy=1, secondaryPhy=0, advertisingSid=0xff, txPower=127, rssi=-86, periodicAdvInt=0x0
05-17 12:12:42.410  9058  9058 I MobBleScanRaw: device_id=49:C6:BA:D7:12:D7 rssi=-86 advertisement_b64=AgEaDf9MABYIAMgIaBleRyYAAAAAAAAAAAAAAAAAAAAAAAAAAAAAAAAAAAAAAAAAAAAAAAAAAAAAAAAAAAA= manufacturer_ids=[76] service_uuids=[]
05-17 12:12:42.550  1928  2050 D BtGatt.GattService: onScanResult to scannerId: 2- eventType=0x10, addressType=1, address=64346D_4, primaryPhy=1, secondaryPhy=0, advertisingSid=0xff, txPower=127, rssi=-86, periodicAdvInt=0x0
05-17 12:12:42.574  1928  2050 D BtGatt.GattService: onScanResult to scannerId: 2- eventType=0x10, addressType=1, address=7D4F46_E, primaryPhy=1, secondaryPhy=0, advertisingSid=0xff, txPower=127, rssi=-36, periodicAdvInt=0x0
05-17 12:12:42.577  1928  2050 D BtGatt.GattService: onScanResult to scannerId: 2- eventType=0x1b, addressType=1, address=68983E_2, primaryPhy=1, secondaryPhy=0, advertisingSid=0xff, txPower=127, rssi=-36, periodicAdvInt=0x0
05-17 12:12:42.582  1928  2050 D BtGatt.GattService: onScanResult to scannerId: 2- eventType=0x1b, addressType=1, address=7A6A97_6, primaryPhy=1, secondaryPhy=0, advertisingSid=0xff, txPower=127, rssi=-37, periodicAdvInt=0x0
05-17 12:12:44.211  1928  2050 D BtGatt.GattService: onScanResult to scannerId: 2- eventType=0x10, addressType=1, address=1AB250_5, primaryPhy=1, secondaryPhy=0, advertisingSid=0xff, txPower=127, rssi=-95, periodicAdvInt=0x0
05-17 12:12:44.227  1928  2050 D BtGatt.GattService: onScanResult to scannerId: 2- eventType=0x1b, addressType=1, address=4A9808_A, primaryPhy=1, secondaryPhy=0, advertisingSid=0xff, txPower=127, rssi=-73, periodicAdvInt=0x0
05-17 12:12:44.262  1928  2050 D BtGatt.GattService: onScanResult to scannerId: 2- eventType=0x10, addressType=1, address=7D4F46_E, primaryPhy=1, secondaryPhy=0, advertisingSid=0xff, txPower=127, rssi=-35, periodicAdvInt=0x0
05-17 12:12:44.304  1928  2050 D BtGatt.GattService: onScanResult to scannerId: 2- eventType=0x1b, addressType=0, address=94944A_9, primaryPhy=1, secondaryPhy=0, advertisingSid=0xff, txPower=127, rssi=-92, periodicAdvInt=0x0
05-17 12:12:44.313  1928  2050 D BtGatt.GattService: onScanResult to scannerId: 2- eventType=0x1b, addressType=1, address=54186A_7, primaryPhy=1, secondaryPhy=0, advertisingSid=0xff, txPower=127, rssi=-63, periodicAdvInt=0x0
05-17 12:12:44.320  1200  3617 D SemWifiUsabilityStatsMonitor: onWifiUsabilityStats - seqNum 7091, isSameBssidAndFreq true
05-17 12:12:44.321  1200  1507 I SemWifiLinkQualityMonitor: Link Qos Query: 0.090 ms / 89.125 Mbps (408 / 0.070 / 1.000)
05-17 12:12:44.321  1928  2050 D BtGatt.GattService: onScanResult to scannerId: 2- eventType=0x1a, addressType=1, address=51450F_C, primaryPhy=1, secondaryPhy=0, advertisingSid=0xff, txPower=127, rssi=-44, periodicAdvInt=0x0
05-17 12:12:44.321  1613  1613 D NetworkController.WifiSignalController: notifyListener: visible=true, connected=true, inetCondition=1, isDefault=true, wifiTestReported=true, receivedInetCondition=-1, hideDuringMobileSwitching=false
05-17 12:12:44.322  1928  2050 D BtGatt.GattService: onScanResult to scannerId: 2- eventType=0x10, addressType=0, address=BC7E8B_B, primaryPhy=1, secondaryPhy=0, advertisingSid=0xff, txPower=127, rssi=-86, periodicAdvInt=0x0
05-17 12:12:44.330  1928  2050 D BtGatt.GattService: onScanResult to scannerId: 2- eventType=0x10, addressType=1, address=44BDF8_6, primaryPhy=1, secondaryPhy=0, advertisingSid=0xff, txPower=127, rssi=-80, periodicAdvInt=0x0
05-17 12:12:44.336  1928  2050 D BtGatt.GattService: onScanResult to scannerId: 2- eventType=0x10, addressType=1, address=64346D_4, primaryPhy=1, secondaryPhy=0, advertisingSid=0xff, txPower=127, rssi=-84, periodicAdvInt=0x0
05-17 12:12:44.339  9058  9058 I MobBleScanRaw: device_id=51:45:0F:CD:E1:1C rssi=-44 advertisement_b64=Gf///01CAQEBAGXAhUXs9Cf59wgG7dwoW8wAAAAAAAAAAAAAAAAAAAAAAAAAAAAAAAAAAAAAAAAAAAAAAAA= manufacturer_ids=[65535] service_uuids=[]
05-17 12:12:44.341  9058  9118 I Elixir  : BleSelfTest: DISTINCT MESH MESSAGE kind=beacon key=f70806eddc285bcc:65c08545ecf427f9 from=sender_hash=f70806eddc285bcc device_id=51:45:0F:CD:E1:1C first_seen_after=33_callbacks
05-17 12:12:44.342  1928  2050 D BtGatt.GattService: onScanResult to scannerId: 2- eventType=0x10, addressType=1, address=EDB578_7, primaryPhy=1, secondaryPhy=0, advertisingSid=0xff, txPower=127, rssi=-64, periodicAdvInt=0x0
05-17 12:12:44.347  9058  9097 I BEAMout : 12:12:44.341 [info] BleSelfTest: DISTINCT MESH MESSAGE kind=beacon key=f70806eddc285bcc:65c08545ecf427f9 from=sender_hash=f70806eddc285bcc device_id=51:45:0F:CD:E1:1C first_seen_after=33_callbacks
05-17 12:12:44.360  9058  9118 I Elixir  : BleSelfTest: HEARTBEAT events=397 devices=37 mob_peers=1 sent=8 distinct_msgs=6 beacon_callbacks=33 envelopes=0
05-17 12:12:44.361  9058  9097 I BEAMout : 12:12:44.360 [info] BleSelfTest: HEARTBEAT events=397 devices=37 mob_peers=1 sent=8 distinct_msgs=6 beacon_callbacks=33 envelopes=0
05-17 12:12:44.375  1928  2050 D BtGatt.GattService: onScanResult to scannerId: 2- eventType=0x1b, addressType=1, address=7A6A97_6, primaryPhy=1, secondaryPhy=0, advertisingSid=0xff, txPower=127, rssi=-36, periodicAdvInt=0x0
05-17 12:12:44.381  1928  2050 D BtGatt.GattService: onScanResult to scannerId: 2- eventType=0x1b, addressType=1, address=68983E_2, primaryPhy=1, secondaryPhy=0, advertisingSid=0xff, txPower=127, rssi=-35, periodicAdvInt=0x0
05-17 12:12:44.438  1928  2050 D BtGatt.GattService: onScanResult to scannerId: 2- eventType=0x10, addressType=1, address=64346D_4, primaryPhy=1, secondaryPhy=0, advertisingSid=0xff, txPower=127, rssi=-84, periodicAdvInt=0x0
05-17 12:12:44.443  1928  2050 D BtGatt.GattService: onScanResult to scannerId: 2- eventType=0x10, addressType=1, address=0A1C36_9, primaryPhy=1, secondaryPhy=0, advertisingSid=0xff, txPower=127, rssi=-94, periodicAdvInt=0x0
05-17 12:12:44.450  1928  2050 D BtGatt.GattService: onScanResult to scannerId: 2- eventType=0x10, addressType=1, address=7D4F46_E, primaryPhy=1, secondaryPhy=0, advertisingSid=0xff, txPower=127, rssi=-35, periodicAdvInt=0x0
05-17 12:12:44.459  1928  2050 D BtGatt.GattService: onScanResult to scannerId: 2- eventType=0x1a, addressType=1, address=51450F_C, primaryPhy=1, secondaryPhy=0, advertisingSid=0xff, txPower=127, rssi=-43, periodicAdvInt=0x0
05-17 12:12:44.856  5668  5796 I AiAiStatsd: No op: the most recent atoms from the date 2026-05-16 have been uploaded.
05-17 12:12:45.922  9058  9058 I BluetoothAdapter: STATE_ON
05-17 12:12:45.922  9058  9058 I BluetoothAdapter: STATE_ON
05-17 12:12:45.923  9058  9058 I BluetoothAdapter: STATE_ON
05-17 12:12:45.924  9058  9058 D BluetoothLeAdvertiser: Stop AdvertingSet
05-17 12:12:45.926  1928  1939 I bt_stack: [INFO:le_advertising_manager.cc(70)] Unregister in shim layer
05-17 12:12:45.927  1928  2282 W bt_stack: le_advertising_manager :: remove_advertiser - id : 3
05-17 12:12:45.928  1928  2260 E BtGatt.GattService: [GSIM LOG]: gsimLogHandler, msg: MESSAGE_ADV_SET_STOP, appName: dev.mob.mob, id: 3, isLegacy: true
05-17 12:12:45.942  9058  9058 D BluetoothLeAdvertiser: onAdvertisingSetStopped(3)
05-17 12:12:46.070  1928  2050 D BtGatt.GattService: onScanResult to scannerId: 2- eventType=0x1b, addressType=0, address=84E0F4_2, primaryPhy=1, secondaryPhy=0, advertisingSid=0xff, txPower=127, rssi=-79, periodicAdvInt=0x0
05-17 12:12:46.074  1928  2050 D BtGatt.GattService: onScanResult to scannerId: 2- eventType=0x1b, addressType=0, address=94944A_9, primaryPhy=1, secondaryPhy=0, advertisingSid=0xff, txPower=127, rssi=-91, periodicAdvInt=0x0
05-17 12:12:46.095  1928  2050 D BtGatt.GattService: onScanResult to scannerId: 2- eventType=0x1b, addressType=0, address=84E0F4_2, primaryPhy=1, secondaryPhy=0, advertisingSid=0xff, txPower=127, rssi=-78, periodicAdvInt=0x0
05-17 12:12:46.133  1928  2050 D BtGatt.GattService: onScanResult to scannerId: 2- eventType=0x1b, addressType=1, address=DD0D30_2, primaryPhy=1, secondaryPhy=0, advertisingSid=0xff, txPower=127, rssi=-61, periodicAdvInt=0x0
05-17 12:12:46.135  1928  2050 D BtGatt.GattService: onScanResult to scannerId: 2- eventType=0x10, addressType=1, address=64346D_4, primaryPhy=1, secondaryPhy=0, advertisingSid=0xff, txPower=127, rssi=-78, periodicAdvInt=0x0
05-17 12:12:46.168  1928  2050 D BtGatt.GattService: onScanResult to scannerId: 2- eventType=0x10, addressType=1, address=428DBC_C, primaryPhy=1, secondaryPhy=0, advertisingSid=0xff, txPower=127, rssi=-80, periodicAdvInt=0x0
05-17 12:12:46.176  1928  2050 D BtGatt.GattService: onScanResult to scannerId: 2- eventType=0x1b, addressType=1, address=7A6A97_6, primaryPhy=1, secondaryPhy=0, advertisingSid=0xff, txPower=127, rssi=-35, periodicAdvInt=0x0
05-17 12:12:46.179  1928  2050 D BtGatt.GattService: onScanResult to scannerId: 2- eventType=0x1b, addressType=1, address=68983E_2, primaryPhy=1, secondaryPhy=0, advertisingSid=0xff, txPower=127, rssi=-35, periodicAdvInt=0x0
05-17 12:12:46.184  1928  2050 D BtGatt.GattService: onScanResult to scannerId: 2- eventType=0x10, addressType=0, address=BC455B_A, primaryPhy=1, secondaryPhy=0, advertisingSid=0xff, txPower=127, rssi=-86, periodicAdvInt=0x0
05-17 12:12:46.224  1928  2050 D BtGatt.GattService: onScanResult to scannerId: 2- eventType=0x1a, addressType=1, address=51450F_C, primaryPhy=1, secondaryPhy=0, advertisingSid=0xff, txPower=127, rssi=-44, periodicAdvInt=0x0
05-17 12:12:46.231  1928  2050 D BtGatt.GattService: onScanResult to scannerId: 2- eventType=0x1b, addressType=0, address=84E0F4_2, primaryPhy=1, secondaryPhy=0, advertisingSid=0xff, txPower=127, rssi=-78, periodicAdvInt=0x0
05-17 12:12:46.238  1928  2050 D BtGatt.GattService: onScanResult to scannerId: 2- eventType=0x10, addressType=1, address=64346D_4, primaryPhy=1, secondaryPhy=0, advertisingSid=0xff, txPower=127, rssi=-81, periodicAdvInt=0x0
05-17 12:12:46.249  1928  1935 W droid.bluetooth: Reducing the number of considered missed Gc histogram windows from 110 to 100
05-17 12:12:46.330  1928  2050 D BtGatt.GattService: onScanResult to scannerId: 2- eventType=0x1b, addressType=0, address=84E0F4_2, primaryPhy=1, secondaryPhy=0, advertisingSid=0xff, txPower=127, rssi=-79, periodicAdvInt=0x0
05-17 12:12:46.333  1928  2050 D BtGatt.GattService: onScanResult to scannerId: 2- eventType=0x10, addressType=1, address=3A3EDE_3, primaryPhy=1, secondaryPhy=0, advertisingSid=0xff, txPower=127, rssi=-89, periodicAdvInt=0x0
05-17 12:12:47.418  1200  3617 D SemWifiUsabilityStatsMonitor: onWifiUsabilityStats - seqNum 7092, isSameBssidAndFreq true
05-17 12:12:47.424  1200  1507 I SemWifiLinkQualityMonitor: Link Qos Query: 0.083 ms / 95.947 Mbps (408 / 0.064 / 1.000)
05-17 12:12:47.890  9058  9118 I BluetoothAdapter: STATE_ON
05-17 12:12:47.890  9058  9118 I BluetoothAdapter: STATE_ON
05-17 12:12:47.890  9058  9118 I BluetoothAdapter: STATE_ON
05-17 12:12:47.891  9058  9118 D BluetoothLeAdvertiser: Stop AdvertingSet
05-17 12:12:47.893  1928  1939 I bt_stack: [INFO:le_advertising_manager.cc(70)] Unregister in shim layer
05-17 12:12:47.894  1928  2282 W bt_stack: le_advertising_manager :: remove_advertiser - id : 2
05-17 12:12:47.896  1928  2260 E BtGatt.GattService: [GSIM LOG]: gsimLogHandler, msg: MESSAGE_ADV_SET_STOP, appName: dev.mob.mob, id: 2, isLegacy: true
05-17 12:12:47.896  9058  9118 I MobBleFetch: {"v":1,"event":"fetch_advertising_stopped","device_model":"SM-T577U","android_api":33,"adapter_state":"on","adapter_enabled":true}
05-17 12:12:47.896  9058  9118 D BluetoothGattServer: close()
05-17 12:12:47.896  9058  9118 D BluetoothGattServer: unregisterCallback() - mServerIf=6
05-17 12:12:47.899  1928  1939 D BtGatt.GattService: unregisterServer(dev.mob.mob) - serverIf=6
05-17 12:12:47.901  1928  1939 D BtGatt.ContextMap: remove() - id: 6
05-17 12:12:47.901  1928  1939 E BtGatt.ContextMap: remove() - removed: 6
05-17 12:12:47.901  1928  2656 E bt_stack: [ERROR:gatt_api.cc(340)] Active Service Found: 8f4f1201-6f3d-4f9c-9e3b-7f4a4f0f2000
05-17 12:12:47.901  1928  2656 I bt_stack: [INFO:gatt_api.cc(408)] GATTS_StopService: service = 0x0086
05-17 12:12:47.901  1928  2656 I bt_stack: [INFO:gatt_sr_hash.cc(127)] gatts_calculate_database_hash: hash=8991C462EBE9D90B9EA0DA3E16D0F513
05-17 12:12:47.902  1928  2656 I bt_stack: [INFO:gatt_api.cc(1111)] GATT_Deregister gatt_if=6
05-17 12:12:47.902  1928  2656 W bt_stack: on_app_deregistered :: app_id=6
05-17 12:12:47.902  1928  2656 I bt_stack: [INFO:gatt_api.cc(1164)] Initialize tGATT_REG
05-17 12:12:47.904  9058  9118 D BluetoothGattServer: registerCallback()
05-17 12:12:47.904  9058  9118 D BluetoothGattServer: registerCallback() - UUID=b9ff21d9-16ac-4a7a-9c57-48e5b15dba98
05-17 12:12:47.907  1928  1939 D BtGatt.GattService: registerServer(dev.mob.mob) - UUID=b9ff21d9-16ac-4a7a-9c57-48e5b15dba98
05-17 12:12:47.909  1928  1939 D BtGatt.ContextMap: add() - appUid: 10313, appPid: 9058, appName: dev.mob.mob
05-17 12:12:47.910  1928  2656 I bt_stack: [INFO:bta_gatts_act.cc(198)] register application first_unuse rcb_idx=0
05-17 12:12:47.912  9058  9069 D BluetoothGattServer: onServerRegistered() - status=0 serverIf=6
05-17 12:12:47.912  9058  9118 D BluetoothGattServer: addService() - service: 8f4f1201-6f3d-4f9c-9e3b-7f4a4f0f2000
05-17 12:12:47.916  9058  9118 I BluetoothAdapter: STATE_ON
05-17 12:12:47.916  9058  9118 I BluetoothAdapter: STATE_ON
05-17 12:12:47.916  9058  9118 I BluetoothAdapter: STATE_ON
05-17 12:12:47.916  9058  9118 I BluetoothAdapter: STATE_ON
05-17 12:12:47.916  9058  9058 D BluetoothLeAdvertiser: onAdvertisingSetStopped(2)
05-17 12:12:47.917  1928  2656 I bt_stack: [INFO:bta_gatts_api.cc(135)] bta_gatts_add_service_impl: rcb_idx=0
05-17 12:12:47.917  1928  2656 I bt_stack: [INFO:gatt_api.cc(171)] GATTS_AddService
05-17 12:12:47.917  1928  2656 I bt_stack: [INFO:gatt_api.cc(286)] GATTS_AddService: service parsed correctly, now starting
05-17 12:12:47.917  1928  2656 I bt_stack: [INFO:gatt_sr_hash.cc(127)] gatts_calculate_database_hash: hash=D73604934235F801B3C76A8E5F0340C6
05-17 12:12:47.919  9058  9069 D BluetoothGattServer: onServiceAdded() - handle=134 uuid=8f4f1201-6f3d-4f9c-9e3b-7f4a4f0f2000 status=0
05-17 12:12:47.921  1928  1939 I bt_stack: [INFO:le_advertising_manager.cc(137)] StartAdvertisingSet in shim layer
05-17 12:12:47.921  1928  1939 W bt_stack: le_advertising_manager :: allocate_advertiser - id : 2
05-17 12:12:47.921  1928  1939 I bt_stack: [INFO:le_advertising_manager.cc(157)] create advertising set, reg_id:-5169, id:2
05-17 12:12:47.922  1928  2282 W bt_stack: le_advertising_manager :: create_extended_advertiser - id : 2
05-17 12:12:47.922  1928  2282 W bt_stack: le_advertising_manager :: enable_advertiser - id : 2
05-17 12:12:47.924  9058  9118 I MobBleFetch: {"v":1,"event":"fetch_server_started","accepted":true,"advertising_accepted":true,"responder_peer_id":"mob-dev","message_id_hash":"OFJ5+F3C8j8=","service_uuid":"8f4f1201-6f3d-4f9c-9e3b-7f4a4f0f2000","request_characteristic_uuid":"8f4f1201-6f3d-4f9c-9e3b-7f4a4f0f2001","response_characteristic_uuid":"8f4f1201-6f3d-4f9c-9e3b-7f4a4f0f2002","device_model":"SM-T577U","android_api":33,"adapter_state":"on","adapter_enabled":true}
05-17 12:12:47.925  9058  9118 I BluetoothAdapter: STATE_ON
05-17 12:12:47.925  9058  9118 I BluetoothAdapter: STATE_ON
05-17 12:12:47.926  9058  9118 I BluetoothAdapter: STATE_ON
05-17 12:12:47.928  9058  9118 I BluetoothAdapter: STATE_ON
05-17 12:12:47.929  9058  9118 I MobBleDispatch: {"v":1,"event":"ble_capabilities","supports_extended_advertising":true,"max_advertising_data_length":1024,"is_multiple_advertisement_supported":true,"legacy_manufacturer_payload_budget":24}
05-17 12:12:47.929  9058  9118 I BluetoothAdapter: STATE_ON
05-17 12:12:47.931  9058  9118 I BluetoothAdapter: STATE_ON
05-17 12:12:47.933  9058  9118 I BluetoothAdapter: STATE_ON
05-17 12:12:47.934  9058  9118 I BluetoothAdapter: STATE_ON
05-17 12:12:47.934  9058  9118 I BluetoothAdapter: STATE_ON
05-17 12:12:47.934  9058  9118 I BluetoothAdapter: STATE_ON
05-17 12:12:47.938  1928  1939 I bt_stack: [INFO:le_advertising_manager.cc(137)] StartAdvertisingSet in shim layer
05-17 12:12:47.939  1928  1939 W bt_stack: le_advertising_manager :: allocate_advertiser - id : 3
05-17 12:12:47.939  1928  1939 I bt_stack: [INFO:le_advertising_manager.cc(157)] create advertising set, reg_id:-5170, id:3
05-17 12:12:47.939  1928  2282 W bt_stack: le_advertising_manager :: create_extended_advertiser - id : 3
05-17 12:12:47.940  1928  2282 W bt_stack: le_advertising_manager :: enable_advertiser - id : 3
05-17 12:12:47.941  9058  9118 I MobBleDispatch: {"v":1,"event":"attempt_outcome","attempt_id":"mx-1779045167924","message_id":"3ZwnoP5cpIf7tkGFMHcEOg==","target_peer_id":"broadcast","target_device_ids":["broadcast"],"kind":"dispatched","reason":"legacy_beacon_fallback","adapter":"ble_android","outcome_at_ms":208839986}
05-17 12:12:47.942  9058  9118 I MobBleNative: sendFullMxEnvelope(broadcast, 31B) -> DISPATCHED reason=legacy_beacon_fallback
05-17 12:12:47.942  9058  9118 I Elixir  : BleSelfTest: MESH MESSAGE SENT payload="hello-from-mob-dev-1779045167" result=:ok
05-17 12:12:47.943  9058  9118 W Elixir  : BleSelfTest: bridge error unknown: {"v":1,"event":"attempt_outcome","attempt_id":"mx-1779045167924","message_id":"3ZwnoP5cpIf7tkGFMHcEOg==","target_peer_id":"broadcast","target_device_ids":["broadcast"],"kind":"dispatched","reason":"legacy_beacon_fallback","adapter":"ble_android","outcome_at_ms":208839986}
05-17 12:12:47.945  9058  9097 I BEAMout : 12:12:47.942 [info] BleSelfTest: MESH MESSAGE SENT payload="hello-from-mob-dev-1779045167" result=:ok
05-17 12:12:47.946  9058  9097 I BEAMout : 12:12:47.943 [warning] BleSelfTest: bridge error unknown: {"v":1,"event":"attempt_outcome","attempt_id":"mx-1779045167924","message_id":"3ZwnoP5cpIf7tkGFMHcEOg==","target_peer_id":"broadcast","target_device_ids":["broadcast"],"kind":"dispatched","reason":"legacy_beacon_fallback","adapter":"ble_android","outcome_at_ms":208839986}
05-17 12:12:47.948  1928  2260 E BtGatt.GattService: [GSIM LOG]: gsimLogHandler, msg: MESSAGE_ADV_SET_START, appName: dev.mob.mob, id: 2, isLegacy: true
05-17 12:12:47.950  9058  9058 D BluetoothLeAdvertiser: onAdvertisingSetStarted(2, -7, 0)
05-17 12:12:47.953  9058  9058 I MobBleFetch: {"v":1,"event":"fetch_advertising_started","responder_peer_id":"mob-dev","message_id_hash":"OFJ5+F3C8j8=","connectable":true,"service_uuid":"8f4f1201-6f3d-4f9c-9e3b-7f4a4f0f2000","device_model":"SM-T577U","android_api":33,"adapter_state":"on","adapter_enabled":true}
05-17 12:12:47.957  1928  2050 D BtGatt.GattService: onScanResult to scannerId: 2- eventType=0x1b, addressType=0, address=94944A_9, primaryPhy=1, secondaryPhy=0, advertisingSid=0xff, txPower=127, rssi=-90, periodicAdvInt=0x0
05-17 12:12:47.960  1928  2050 D BtGatt.GattService: onScanResult to scannerId: 2- eventType=0x1b, addressType=1, address=54186A_7, primaryPhy=1, secondaryPhy=0, advertisingSid=0xff, txPower=127, rssi=-49, periodicAdvInt=0x0
05-17 12:12:47.973  1928  2260 E BtGatt.GattService: [GSIM LOG]: gsimLogHandler, msg: MESSAGE_ADV_SET_START, appName: dev.mob.mob, id: 3, isLegacy: true
05-17 12:12:47.977  9058  9058 D BluetoothLeAdvertiser: onAdvertisingSetStarted(3, -7, 0)
05-17 12:12:47.992  9058  9058 I MobBleDispatch: {"v":1,"event":"legacy_beacon_advertising_started","attempt_id":"mx-1779045167924","beacon_size":22,"beacon":"TUIBAQEAOFJ5+F3C8j8S94VXUXoT+Q==","message_id_hash":"OFJ5+F3C8j8=","sender_peer_id_hash":"EveFV1F6E\/k=","payload_kind":"TX","envelope_version":1,"window_ms":5000,"data_carrier":"legacy_advertisement"}
05-17 12:12:47.993  1928  2050 D BtGatt.GattService: onScanResult to scannerId: 2- eventType=0x10, addressType=1, address=3A71EF_F, primaryPhy=1, secondaryPhy=0, advertisingSid=0xff, txPower=127, rssi=-86, periodicAdvInt=0x0
05-17 12:12:48.000  1928  2050 D BtGatt.GattService: onScanResult to scannerId: 2- eventType=0x1a, addressType=1, address=51450F_C, primaryPhy=1, secondaryPhy=0, advertisingSid=0xff, txPower=127, rssi=-45, periodicAdvInt=0x0
05-17 12:12:48.038  1928  2050 D BtGatt.GattService: onScanResult to scannerId: 2- eventType=0x10, addressType=1, address=428DBC_C, primaryPhy=1, secondaryPhy=0, advertisingSid=0xff, txPower=127, rssi=-82, periodicAdvInt=0x0
05-17 12:12:48.052  1928  2050 D BtGatt.GattService: onScanResult to scannerId: 2- eventType=0x10, addressType=0, address=BC455B_A, primaryPhy=1, secondaryPhy=0, advertisingSid=0xff, txPower=127, rssi=-79, periodicAdvInt=0x0
05-17 12:12:48.058  1928  2050 D BtGatt.GattService: onScanResult to scannerId: 2- eventType=0x1b, addressType=0, address=94944A_9, primaryPhy=1, secondaryPhy=0, advertisingSid=0xff, txPower=127, rssi=-90, periodicAdvInt=0x0
05-17 12:12:48.102  1928  2050 D BtGatt.GattService: onScanResult to scannerId: 2- eventType=0x10, addressType=1, address=3A71EF_F, primaryPhy=1, secondaryPhy=0, advertisingSid=0xff, txPower=127, rssi=-88, periodicAdvInt=0x0
05-17 12:12:48.134  1928  2050 D BtGatt.GattService: onScanResult to scannerId: 2- eventType=0x1a, addressType=1, address=51450F_C, primaryPhy=1, secondaryPhy=0, advertisingSid=0xff, txPower=127, rssi=-45, periodicAdvInt=0x0
05-17 12:12:48.141  1928  2050 D BtGatt.GattService: onScanResult to scannerId: 2- eventType=0x10, addressType=1, address=EAA892_C, primaryPhy=1, secondaryPhy=0, advertisingSid=0xff, txPower=127, rssi=-57, periodicAdvInt=0x0
05-17 12:12:48.148  1928  2050 D BtGatt.GattService: onScanResult to scannerId: 2- eventType=0x1b, addressType=1, address=4A9808_A, primaryPhy=1, secondaryPhy=0, advertisingSid=0xff, txPower=127, rssi=-76, periodicAdvInt=0x0
05-17 12:12:49.361  9058  9118 I Elixir  : BleSelfTest: HEARTBEAT events=430 devices=37 mob_peers=1 sent=9 distinct_msgs=6 beacon_callbacks=37 envelopes=0
05-17 12:12:49.362  9058  9097 I BEAMout : 12:12:49.361 [info] BleSelfTest: HEARTBEAT events=430 devices=37 mob_peers=1 sent=9 distinct_msgs=6 beacon_callbacks=37 envelopes=0
05-17 12:12:49.614  2905  2905 I SDHMS:LOAD: type: LoadsFreqs, value: 0:0:0:650000:650000:650000:650000:650000:650000:5:260:0
05-17 12:12:49.839  1928  2050 D BtGatt.GattService: onScanResult to scannerId: 2- eventType=0x1b, addressType=1, address=5498D4_8, primaryPhy=1, secondaryPhy=0, advertisingSid=0xff, txPower=127, rssi=-67, periodicAdvInt=0x0
05-17 12:12:49.866  1928  2050 D BtGatt.GattService: onScanResult to scannerId: 2- eventType=0x10, addressType=1, address=49C6BA_7, primaryPhy=1, secondaryPhy=0, advertisingSid=0xff, txPower=127, rssi=-81, periodicAdvInt=0x0
05-17 12:12:49.868  1928  2050 D BtGatt.GattService: onScanResult to scannerId: 2- eventType=0x10, addressType=0, address=BC7E8B_B, primaryPhy=1, secondaryPhy=0, advertisingSid=0xff, txPower=127, rssi=-86, periodicAdvInt=0x0
05-17 12:12:49.868  1928  2050 D BtGatt.GattService: onScanResult to scannerId: 2- eventType=0x10, addressType=1, address=1AB250_5, primaryPhy=1, secondaryPhy=0, advertisingSid=0xff, txPower=127, rssi=-94, periodicAdvInt=0x0
05-17 12:12:49.876  1928  2050 V BtGatt.GattService: Skipping data matching denylist: ScanRecord [mAdvertiseFlags=4, mServiceUuids=null, mServiceSolicitationUuids=[], mManufacturerSpecificData={76=[2, 21, -84, 62, -14, 60, 112, -40, 71, 115, -105, -83, -71, -91, 102, -96, -5, 64, -53, -120, 36, 47, -75]}, mServiceData={}, mTxPowerLevel=-2147483648, mDeviceName=null, mTransportBlocks=[]]
05-17 12:12:49.876  1928  2050 I BtGatt.GattService: Skipping client for location deny list
05-17 12:12:49.876  1928  2050 V BtGatt.GattService: Skipping data matching denylist: ScanRecord [mAdvertiseFlags=4, mServiceUuids=null, mServiceSolicitationUuids=[], mManufacturerSpecificData={76=[2, 21, -84, 62, -14, 60, 112, -40, 71, 115, -105, -83, -71, -91, 102, -96, -5, 64, -53, -120, 36, 47, -75]}, mServiceData={}, mTxPowerLevel=-2147483648, mDeviceName=null, mTransportBlocks=[]]
05-17 12:12:49.876  1928  2050 I BtGatt.GattService: Skipping client for location deny list
05-17 12:12:49.882  1928  2050 D BtGatt.GattService: onScanResult to scannerId: 2- eventType=0x1b, addressType=1, address=54186A_7, primaryPhy=1, secondaryPhy=0, advertisingSid=0xff, txPower=127, rssi=-65, periodicAdvInt=0x0
05-17 12:12:49.895  1928  2050 D BtGatt.GattService: onScanResult to scannerId: 2- eventType=0x10, addressType=1, address=64346D_4, primaryPhy=1, secondaryPhy=0, advertisingSid=0xff, txPower=127, rssi=-84, periodicAdvInt=0x0
05-17 12:12:49.906  1928  2050 D BtGatt.GattService: onScanResult to scannerId: 2- eventType=0x1b, addressType=0, address=84E0F4_2, primaryPhy=1, secondaryPhy=0, advertisingSid=0xff, txPower=127, rssi=-88, periodicAdvInt=0x0
05-17 12:12:49.906  1928  2050 D BtGatt.GattService: onScanResult to scannerId: 2- eventType=0x10, addressType=0, address=BC455B_A, primaryPhy=1, secondaryPhy=0, advertisingSid=0xff, txPower=127, rssi=-73, periodicAdvInt=0x0
05-17 12:12:49.923  1928  2050 D BtGatt.GattService: onScanResult to scannerId: 2- eventType=0x10, addressType=1, address=44BDF8_6, primaryPhy=1, secondaryPhy=0, advertisingSid=0xff, txPower=127, rssi=-80, periodicAdvInt=0x0
05-17 12:12:49.928  1928  2050 D BtGatt.GattService: onScanResult to scannerId: 2- eventType=0x1b, addressType=0, address=84E0F4_2, primaryPhy=1, secondaryPhy=0, advertisingSid=0xff, txPower=127, rssi=-87, periodicAdvInt=0x0
