05-17 12:58:35.246 D/BtGatt.GattService( 1928): onScanResult to scannerId: 2- eventType=0x1a, addressType=1, address=622B3D_F, primaryPhy=1, secondaryPhy=0, advertisingSid=0xff, txPower=127, rssi=-44, periodicAdvInt=0x0
05-17 12:58:35.253 D/BtGatt.GattService( 1928): onScanResult to scannerId: 2- eventType=0x1b, addressType=1, address=409F5F_D, primaryPhy=1, secondaryPhy=0, advertisingSid=0xff, txPower=127, rssi=-71, periodicAdvInt=0x0
05-17 12:58:35.260 D/BtGatt.GattService( 1928): onScanResult to scannerId: 2- eventType=0x1b, addressType=0, address=84E0F4_2, primaryPhy=1, secondaryPhy=0, advertisingSid=0xff, txPower=127, rssi=-78, periodicAdvInt=0x0
05-17 12:58:35.269 D/BtGatt.GattService( 1928): onScanResult to scannerId: 2- eventType=0x1b, addressType=1, address=4DB9AB_4, primaryPhy=1, secondaryPhy=0, advertisingSid=0xff, txPower=127, rssi=-80, periodicAdvInt=0x0
05-17 12:58:35.282 D/BtGatt.GattService( 1928): onScanResult to scannerId: 2- eventType=0x1b, addressType=1, address=728D22_8, primaryPhy=1, secondaryPhy=0, advertisingSid=0xff, txPower=127, rssi=-50, periodicAdvInt=0x0
05-17 12:58:35.288 D/BtGatt.GattService( 1928): onScanResult to scannerId: 2- eventType=0x10, addressType=1, address=560A81_6, primaryPhy=1, secondaryPhy=0, advertisingSid=0xff, txPower=127, rssi=-81, periodicAdvInt=0x0
05-17 12:58:35.292 D/BtGatt.GattService( 1928): onScanResult to scannerId: 2- eventType=0x10, addressType=1, address=017F21_E, primaryPhy=1, secondaryPhy=0, advertisingSid=0xff, txPower=127, rssi=-92, periodicAdvInt=0x0
05-17 12:58:35.299 D/BtGatt.GattService( 1928): onScanResult to scannerId: 2- eventType=0x10, addressType=1, address=2E718A_2, primaryPhy=1, secondaryPhy=0, advertisingSid=0xff, txPower=127, rssi=-91, periodicAdvInt=0x0
05-17 12:58:35.315 D/BtGatt.GattService( 1928): onScanResult to scannerId: 2- eventType=0x1b, addressType=1, address=4CB994_7, primaryPhy=1, secondaryPhy=0, advertisingSid=0xff, txPower=127, rssi=-35, periodicAdvInt=0x0
05-17 12:58:36.150 I/Elixir  (10600): BleSelfTest: HEARTBEAT events=303 devices=31 meshx_peers=0 sent=3 distinct_msgs=3 beacon_callbacks=21 envelopes=1
05-17 12:58:36.151 I/BEAMout (10600): 12:58:36.150 [info] BleSelfTest: HEARTBEAT events=303 devices=31 meshx_peers=0 sent=3 distinct_msgs=3 beacon_callbacks=21 envelopes=1
05-17 12:58:36.932 D/BtGatt.GattService( 1928): onScanResult to scannerId: 2- eventType=0x10, addressType=0, address=BC455B_A, primaryPhy=1, secondaryPhy=0, advertisingSid=0xff, txPower=127, rssi=-76, periodicAdvInt=0x0
05-17 12:58:36.956 D/BtGatt.GattService( 1928): onScanResult to scannerId: 2- eventType=0x1b, addressType=1, address=FABE2A_A, primaryPhy=1, secondaryPhy=0, advertisingSid=0xff, txPower=127, rssi=-74, periodicAdvInt=0x0
05-17 12:58:36.962 D/BtGatt.GattService( 1928): onScanResult to scannerId: 2- eventType=0x1b, addressType=1, address=728D22_8, primaryPhy=1, secondaryPhy=0, advertisingSid=0xff, txPower=127, rssi=-48, periodicAdvInt=0x0
05-17 12:58:36.976 I/MeshxBleScanRaw(10600): device_id=FA:BE:2A:F4:73:8A rssi=-74 advertisement_b64=Hv9MABIZ0PuHLmr2FklAyw1gqYUjZom7zwsgof0DWAAAAAAAAAAAAAAAAAAAAAAAAAAAAAAAAAAAAAAAAAA= manufacturer_ids=[76] service_uuids=[]
05-17 12:58:36.987 D/BtGatt.GattService( 1928): onScanResult to scannerId: 2- eventType=0x1b, addressType=1, address=728D22_8, primaryPhy=1, secondaryPhy=0, advertisingSid=0xff, txPower=127, rssi=-49, periodicAdvInt=0x0
05-17 12:58:36.996 D/BtGatt.GattService( 1928): onScanResult to scannerId: 2- eventType=0x10, addressType=1, address=7559F4_E, primaryPhy=1, secondaryPhy=0, advertisingSid=0xff, txPower=127, rssi=-36, periodicAdvInt=0x0
05-17 12:58:37.022 D/BtGatt.GattService( 1928): onScanResult to scannerId: 2- eventType=0x1b, addressType=1, address=728D22_8, primaryPhy=1, secondaryPhy=0, advertisingSid=0xff, txPower=127, rssi=-49, periodicAdvInt=0x0
05-17 12:58:37.028 D/BtGatt.GattService( 1928): onScanResult to scannerId: 2- eventType=0x10, addressType=1, address=544BCB_0, primaryPhy=1, secondaryPhy=0, advertisingSid=0xff, txPower=127, rssi=-85, periodicAdvInt=0x0
05-17 12:58:37.032 D/BtGatt.GattService( 1928): onScanResult to scannerId: 2- eventType=0x10, addressType=1, address=7D35D8_F, primaryPhy=1, secondaryPhy=0, advertisingSid=0xff, txPower=127, rssi=-78, periodicAdvInt=0x0
05-17 12:58:37.037 D/BtGatt.GattService( 1928): onScanResult to scannerId: 2- eventType=0x1b, addressType=0, address=94944A_9, primaryPhy=1, secondaryPhy=0, advertisingSid=0xff, txPower=127, rssi=-90, periodicAdvInt=0x0
05-17 12:58:37.060 D/BtGatt.GattService( 1928): onScanResult to scannerId: 2- eventType=0x1b, addressType=1, address=728D22_8, primaryPhy=1, secondaryPhy=0, advertisingSid=0xff, txPower=127, rssi=-49, periodicAdvInt=0x0
05-17 12:58:37.088 D/BtGatt.GattService( 1928): onScanResult to scannerId: 2- eventType=0x10, addressType=0, address=BC455B_A, primaryPhy=1, secondaryPhy=0, advertisingSid=0xff, txPower=127, rssi=-80, periodicAdvInt=0x0
05-17 12:58:37.094 D/BtGatt.GattService( 1928): onScanResult to scannerId: 2- eventType=0x1b, addressType=1, address=728D22_8, primaryPhy=1, secondaryPhy=0, advertisingSid=0xff, txPower=127, rssi=-49, periodicAdvInt=0x0
05-17 12:58:37.095 D/BtGatt.GattService( 1928): onScanResult to scannerId: 2- eventType=0x10, addressType=1, address=6DDDD7_C, primaryPhy=1, secondaryPhy=0, advertisingSid=0xff, txPower=127, rssi=-86, periodicAdvInt=0x0
05-17 12:58:37.111 D/BtGatt.GattService( 1928): onScanResult to scannerId: 2- eventType=0x1b, addressType=1, address=4CB994_7, primaryPhy=1, secondaryPhy=0, advertisingSid=0xff, txPower=127, rssi=-36, periodicAdvInt=0x0
05-17 12:58:37.115 D/BtGatt.GattService( 1928): onScanResult to scannerId: 2- eventType=0x1b, addressType=1, address=4861E6_6, primaryPhy=1, secondaryPhy=0, advertisingSid=0xff, txPower=127, rssi=-36, periodicAdvInt=0x0
05-17 12:58:37.116 D/BtGatt.GattService( 1928): onScanResult to scannerId: 2- eventType=0x10, addressType=0, address=BC7E8B_B, primaryPhy=1, secondaryPhy=0, advertisingSid=0xff, txPower=127, rssi=-89, periodicAdvInt=0x0
05-17 12:58:37.128 D/BtGatt.GattService( 1928): onScanResult to scannerId: 2- eventType=0x1b, addressType=1, address=728D22_8, primaryPhy=1, secondaryPhy=0, advertisingSid=0xff, txPower=127, rssi=-49, periodicAdvInt=0x0
05-17 12:58:37.149 D/BtGatt.GattService( 1928): onScanResult to scannerId: 2- eventType=0x1b, addressType=1, address=43D003_F, primaryPhy=1, secondaryPhy=0, advertisingSid=0xff, txPower=127, rssi=-76, periodicAdvInt=0x0
05-17 12:58:37.163 D/BtGatt.GattService( 1928): onScanResult to scannerId: 2- eventType=0x1b, addressType=1, address=728D22_8, primaryPhy=1, secondaryPhy=0, advertisingSid=0xff, txPower=127, rssi=-49, periodicAdvInt=0x0
05-17 12:58:37.976 D/SemWifiUsabilityStatsMonitor( 1200): onWifiUsabilityStats - seqNum 7976, isSameBssidAndFreq true
05-17 12:58:37.978 I/SemWifiLinkQualityMonitor( 1200): Link Qos Query: 0.075 ms / 106.442 Mbps (432 / 0.057 / 1.000)
05-17 12:58:38.721 E/Watchdog( 1200): !@Sync: 7035 heap: 81 / 90 FD: 914 [2026-05-17 12:58:38.720]
05-17 12:58:38.794 D/BtGatt.GattService( 1928): onScanResult to scannerId: 2- eventType=0x1b, addressType=0, address=84E0F4_2, primaryPhy=1, secondaryPhy=0, advertisingSid=0xff, txPower=127, rssi=-89, periodicAdvInt=0x0
05-17 12:58:38.801 D/BtGatt.GattService( 1928): onScanResult to scannerId: 2- eventType=0x10, addressType=1, address=265632_4, primaryPhy=1, secondaryPhy=0, advertisingSid=0xff, txPower=127, rssi=-96, periodicAdvInt=0x0
05-17 12:58:38.807 I/SDHMS:LOAD( 2905): type: LoadsFreqs, value: 0:0:0:650000:650000:650000:650000:650000:650000:0:0:0
05-17 12:58:38.812 D/BtGatt.GattService( 1928): onScanResult to scannerId: 2- eventType=0x1b, addressType=1, address=728D22_8, primaryPhy=1, secondaryPhy=0, advertisingSid=0xff, txPower=127, rssi=-63, periodicAdvInt=0x0
05-17 12:58:38.826 D/BtGatt.GattService( 1928): onScanResult to scannerId: 2- eventType=0x10, addressType=0, address=BC7E8B_B, primaryPhy=1, secondaryPhy=0, advertisingSid=0xff, txPower=127, rssi=-85, periodicAdvInt=0x0
05-17 12:58:38.838 D/BtGatt.GattService( 1928): onScanResult to scannerId: 2- eventType=0x1b, addressType=1, address=409F5F_D, primaryPhy=1, secondaryPhy=0, advertisingSid=0xff, txPower=127, rssi=-67, periodicAdvInt=0x0
05-17 12:58:38.880 D/BtGatt.GattService( 1928): onScanResult to scannerId: 2- eventType=0x1a, addressType=1, address=7BAC65_5, primaryPhy=1, secondaryPhy=0, advertisingSid=0xff, txPower=127, rssi=-43, periodicAdvInt=0x0
05-17 12:58:38.889 I/MeshxBleScanRaw(10600): device_id=7B:AC:65:22:55:75 rssi=-43 advertisement_b64=Gf///01CAQEBAGZQWnJEHMhh9wgG7dwoW8wAAAAAAAAAAAAAAAAAAAAAAAAAAAAAAAAAAAAAAAAAAAAAAAA= manufacturer_ids=[65535] service_uuids=[]
05-17 12:58:38.889 D/BtGatt.GattService( 1928): onScanResult to scannerId: 2- eventType=0x10, addressType=1, address=544BCB_0, primaryPhy=1, secondaryPhy=0, advertisingSid=0xff, txPower=127, rssi=-80, periodicAdvInt=0x0
05-17 12:58:38.891 I/Elixir  (10600): BleSelfTest: DISTINCT MESH MESSAGE kind=beacon key=f70806eddc285bcc:66505a72441cc861 from=sender_hash=f70806eddc285bcc device_id=7B:AC:65:22:55:75 first_seen_after=23_callbacks
05-17 12:58:38.892 I/BEAMout (10600): 12:58:38.891 [info] BleSelfTest: DISTINCT MESH MESSAGE kind=beacon key=f70806eddc285bcc:66505a72441cc861 from=sender_hash=f70806eddc285bcc device_id=7B:AC:65:22:55:75 first_seen_after=23_callbacks
05-17 12:58:38.900 D/BtGatt.GattService( 1928): onScanResult to scannerId: 2- eventType=0x10, addressType=1, address=7D35D8_F, primaryPhy=1, secondaryPhy=0, advertisingSid=0xff, txPower=127, rssi=-89, periodicAdvInt=0x0
05-17 12:58:38.909 D/BtGatt.GattService( 1928): onScanResult to scannerId: 2- eventType=0x1b, addressType=1, address=728D22_8, primaryPhy=1, secondaryPhy=0, advertisingSid=0xff, txPower=127, rssi=-63, periodicAdvInt=0x0
05-17 12:58:38.913 D/BtGatt.GattService( 1928): onScanResult to scannerId: 2- eventType=0x1b, addressType=1, address=4861E6_6, primaryPhy=1, secondaryPhy=0, advertisingSid=0xff, txPower=127, rssi=-35, periodicAdvInt=0x0
05-17 12:58:38.915 D/BtGatt.GattService( 1928): onScanResult to scannerId: 2- eventType=0x10, addressType=1, address=7559F4_E, primaryPhy=1, secondaryPhy=0, advertisingSid=0xff, txPower=127, rssi=-35, periodicAdvInt=0x0
05-17 12:58:38.919 D/BtGatt.GattService( 1928): onScanResult to scannerId: 2- eventType=0x1b, addressType=1, address=4CB994_7, primaryPhy=1, secondaryPhy=0, advertisingSid=0xff, txPower=127, rssi=-36, periodicAdvInt=0x0
05-17 12:58:38.939 D/BtGatt.GattService( 1928): onScanResult to scannerId: 2- eventType=0x1b, addressType=1, address=728D22_8, primaryPhy=1, secondaryPhy=0, advertisingSid=0xff, txPower=127, rssi=-63, periodicAdvInt=0x0
05-17 12:58:38.941 D/BtGatt.GattService( 1928): onScanResult to scannerId: 2- eventType=0x10, addressType=1, address=0C6572_1, primaryPhy=1, secondaryPhy=0, advertisingSid=0xff, txPower=127, rssi=-94, periodicAdvInt=0x0
05-17 12:58:38.959 D/BtGatt.GattService( 1928): onScanResult to scannerId: 2- eventType=0x1b, addressType=1, address=FABE2A_A, primaryPhy=1, secondaryPhy=0, advertisingSid=0xff, txPower=127, rssi=-82, periodicAdvInt=0x0
05-17 12:58:38.966 D/BtGatt.GattService( 1928): onScanResult to scannerId: 2- eventType=0x10, addressType=0, address=BC455B_A, primaryPhy=1, secondaryPhy=0, advertisingSid=0xff, txPower=127, rssi=-74, periodicAdvInt=0x0
05-17 12:58:38.974 D/BtGatt.GattService( 1928): onScanResult to scannerId: 2- eventType=0x1b, addressType=1, address=728D22_8, primaryPhy=1, secondaryPhy=0, advertisingSid=0xff, txPower=127, rssi=-63, periodicAdvInt=0x0
05-17 12:58:38.978 D/BtGatt.GattService( 1928): onScanResult to scannerId: 2- eventType=0x10, addressType=1, address=6DDDD7_C, primaryPhy=1, secondaryPhy=0, advertisingSid=0xff, txPower=127, rssi=-83, periodicAdvInt=0x0
05-17 12:58:38.984 D/BtGatt.GattService( 1928): onScanResult to scannerId: 2- eventType=0x10, addressType=0, address=BC7E8B_B, primaryPhy=1, secondaryPhy=0, advertisingSid=0xff, txPower=127, rssi=-85, periodicAdvInt=0x0
05-17 12:58:39.007 D/BtGatt.GattService( 1928): onScanResult to scannerId: 2- eventType=0x1b, addressType=1, address=728D22_8, primaryPhy=1, secondaryPhy=0, advertisingSid=0xff, txPower=127, rssi=-63, periodicAdvInt=0x0
05-17 12:58:39.018 D/BtGatt.GattService( 1928): onScanResult to scannerId: 2- eventType=0x1a, addressType=1, address=7BAC65_5, primaryPhy=1, secondaryPhy=0, advertisingSid=0xff, txPower=127, rssi=-44, periodicAdvInt=0x0
05-17 12:58:39.023 D/BtGatt.GattService( 1928): onScanResult to scannerId: 2- eventType=0x1b, addressType=0, address=94944A_9, primaryPhy=1, secondaryPhy=0, advertisingSid=0xff, txPower=127, rssi=-94, periodicAdvInt=0x0
05-17 12:58:39.036 D/BtGatt.GattService( 1928): onScanResult to scannerId: 2- eventType=0x1b, addressType=1, address=728D22_8, primaryPhy=1, secondaryPhy=0, advertisingSid=0xff, txPower=127, rssi=-62, periodicAdvInt=0x0
05-17 12:58:39.041 D/BtGatt.GattService( 1928): onScanResult to scannerId: 2- eventType=0x1b, addressType=0, address=84E0F4_2, primaryPhy=1, secondaryPhy=0, advertisingSid=0xff, txPower=127, rssi=-89, periodicAdvInt=0x0
05-17 12:58:39.051 I/SDHMS:D ( 2905): SIOP:: AP:266 BAT:242 USB:245 CHG:280 PA:262 WIFI:268 BLK:259 SKIN:318 SKINF:318 SKINB:285 LRP:318 LRF:318 LRB:285 
05-17 12:58:39.160 I/MeshxBleNative(10600): sendToPeer rejected: self-test send disabled by runtime flag
05-17 12:58:39.160 I/Elixir  (10600): BleSelfTest: MESH MESSAGE SENT payload="hello-from-meshx-dev-1779047919" result={:error, :send_rejected}
05-17 12:58:39.161 I/BEAMout (10600): 12:58:39.160 [info] BleSelfTest: MESH MESSAGE SENT payload="hello-from-meshx-dev-1779047919" result={:error, :send_rejected}
05-17 12:58:40.698 D/BtGatt.GattService( 1928): onScanResult to scannerId: 2- eventType=0x1b, addressType=1, address=728D22_8, primaryPhy=1, secondaryPhy=0, advertisingSid=0xff, txPower=127, rssi=-51, periodicAdvInt=0x0
05-17 12:58:40.713 D/BtGatt.GattService( 1928): onScanResult to scannerId: 2- eventType=0x1b, addressType=0, address=84E0F4_2, primaryPhy=1, secondaryPhy=0, advertisingSid=0xff, txPower=127, rssi=-77, periodicAdvInt=0x0
05-17 12:58:40.718 D/BtGatt.GattService( 1928): onScanResult to scannerId: 2- eventType=0x1b, addressType=1, address=4861E6_6, primaryPhy=1, secondaryPhy=0, advertisingSid=0xff, txPower=127, rssi=-35, periodicAdvInt=0x0
05-17 12:58:40.732 D/BtGatt.GattService( 1928): onScanResult to scannerId: 2- eventType=0x1b, addressType=1, address=728D22_8, primaryPhy=1, secondaryPhy=0, advertisingSid=0xff, txPower=127, rssi=-50, periodicAdvInt=0x0
05-17 12:58:40.755 D/BtGatt.GattService( 1928): onScanResult to scannerId: 2- eventType=0x1b, addressType=1, address=409F5F_D, primaryPhy=1, secondaryPhy=0, advertisingSid=0xff, txPower=127, rssi=-71, periodicAdvInt=0x0
05-17 12:58:40.759 D/BtGatt.GattService( 1928): onScanResult to scannerId: 2- eventType=0x10, addressType=1, address=2E718A_2, primaryPhy=1, secondaryPhy=0, advertisingSid=0xff, txPower=127, rssi=-90, periodicAdvInt=0x0
05-17 12:58:40.763 D/BtGatt.GattService( 1928): onScanResult to scannerId: 2- eventType=0x1b, addressType=0, address=84E0F4_2, primaryPhy=1, secondaryPhy=0, advertisingSid=0xff, txPower=127, rssi=-78, periodicAdvInt=0x0
05-17 12:58:40.768 D/BtGatt.GattService( 1928): onScanResult to scannerId: 2- eventType=0x1b, addressType=1, address=728D22_8, primaryPhy=1, secondaryPhy=0, advertisingSid=0xff, txPower=127, rssi=-50, periodicAdvInt=0x0
05-17 12:58:40.783 D/BtGatt.GattService( 1928): onScanResult to scannerId: 2- eventType=0x1a, addressType=1, address=7BAC65_5, primaryPhy=1, secondaryPhy=0, advertisingSid=0xff, txPower=127, rssi=-44, periodicAdvInt=0x0
05-17 12:58:40.795 D/BtGatt.GattService( 1928): onScanResult to scannerId: 2- eventType=0x10, addressType=1, address=7559F4_E, primaryPhy=1, secondaryPhy=0, advertisingSid=0xff, txPower=127, rssi=-35, periodicAdvInt=0x0
05-17 12:58:40.837 D/BtGatt.GattService( 1928): onScanResult to scannerId: 2- eventType=0x1b, addressType=0, address=84E0F4_2, primaryPhy=1, secondaryPhy=0, advertisingSid=0xff, txPower=127, rssi=-78, periodicAdvInt=0x0
05-17 12:58:40.883 D/BtGatt.GattService( 1928): onScanResult to scannerId: 2- eventType=0x1b, addressType=1, address=728D22_8, primaryPhy=1, secondaryPhy=0, advertisingSid=0xff, txPower=127, rssi=-50, periodicAdvInt=0x0
05-17 12:58:41.102 D/SemWifiUsabilityStatsMonitor( 1200): onWifiUsabilityStats - seqNum 7977, isSameBssidAndFreq true
05-17 12:58:41.105 I/SemWifiLinkQualityMonitor( 1200): Link Qos Query: 0.077 ms / 103.553 Mbps (432 / 0.059 / 1.000)
05-17 12:58:41.151 I/Elixir  (10600): BleSelfTest: HEARTBEAT events=358 devices=32 meshx_peers=0 sent=4 distinct_msgs=4 beacon_callbacks=24 envelopes=1
05-17 12:58:41.152 I/BEAMout (10600): 12:58:41.151 [info] BleSelfTest: HEARTBEAT events=358 devices=32 meshx_peers=0 sent=4 distinct_msgs=4 beacon_callbacks=24 envelopes=1
05-17 12:58:41.552 I/wpa_supplicant( 1707): Heartbeat 21096
05-17 12:58:42.515 D/BtGatt.GattService( 1928): onScanResult to scannerId: 2- eventType=0x1b, addressType=1, address=4861E6_6, primaryPhy=1, secondaryPhy=0, advertisingSid=0xff, txPower=127, rssi=-37, periodicAdvInt=0x0
05-17 12:58:42.522 D/BtGatt.GattService( 1928): onScanResult to scannerId: 2- eventType=0x1b, addressType=1, address=4CB994_7, primaryPhy=1, secondaryPhy=0, advertisingSid=0xff, txPower=127, rssi=-37, periodicAdvInt=0x0
05-17 12:58:42.527 D/BtGatt.GattService( 1928): onScanResult to scannerId: 2- eventType=0x10, addressType=1, address=18A8A4_9, primaryPhy=1, secondaryPhy=0, advertisingSid=0xff, txPower=127, rssi=-86, periodicAdvInt=0x0
05-17 12:58:42.531 D/BtGatt.GattService( 1928): onScanResult to scannerId: 2- eventType=0x10, addressType=1, address=6DDDD7_C, primaryPhy=1, secondaryPhy=0, advertisingSid=0xff, txPower=127, rssi=-87, periodicAdvInt=0x0
05-17 12:58:42.556 D/BtGatt.GattService( 1928): onScanResult to scannerId: 2- eventType=0x1a, addressType=1, address=7BAC65_5, primaryPhy=1, secondaryPhy=0, advertisingSid=0xff, txPower=127, rssi=-45, periodicAdvInt=0x0
05-17 12:58:42.559 D/BtGatt.GattService( 1928): onScanResult to scannerId: 2- eventType=0x1b, addressType=1, address=728D22_8, primaryPhy=1, secondaryPhy=0, advertisingSid=0xff, txPower=127, rssi=-49, periodicAdvInt=0x0
05-17 12:58:42.588 D/BtGatt.GattService( 1928): onScanResult to scannerId: 2- eventType=0x10, addressType=1, address=7559F4_E, primaryPhy=1, secondaryPhy=0, advertisingSid=0xff, txPower=127, rssi=-36, periodicAdvInt=0x0
05-17 12:58:42.594 D/BtGatt.GattService( 1928): onScanResult to scannerId: 2- eventType=0x1b, addressType=1, address=728D22_8, primaryPhy=1, secondaryPhy=0, advertisingSid=0xff, txPower=127, rssi=-49, periodicAdvInt=0x0
05-17 12:58:42.605 D/BtGatt.GattService( 1928): onScanResult to scannerId: 2- eventType=0x10, addressType=1, address=544BCB_0, primaryPhy=1, secondaryPhy=0, advertisingSid=0xff, txPower=127, rssi=-85, periodicAdvInt=0x0
05-17 12:58:42.630 D/BtGatt.GattService( 1928): onScanResult to scannerId: 2- eventType=0x1b, addressType=1, address=728D22_8, primaryPhy=1, secondaryPhy=0, advertisingSid=0xff, txPower=127, rssi=-49, periodicAdvInt=0x0
05-17 12:58:42.634 D/BtGatt.GattService( 1928): onScanResult to scannerId: 2- eventType=0x10, addressType=1, address=6DDDD7_C, primaryPhy=1, secondaryPhy=0, advertisingSid=0xff, txPower=127, rssi=-86, periodicAdvInt=0x0
05-17 12:58:42.667 D/BtGatt.GattService( 1928): onScanResult to scannerId: 2- eventType=0x1b, addressType=1, address=728D22_8, primaryPhy=1, secondaryPhy=0, advertisingSid=0xff, txPower=127, rssi=-49, periodicAdvInt=0x0
05-17 12:58:42.676 D/BtGatt.GattService( 1928): onScanResult to scannerId: 2- eventType=0x1b, addressType=1, address=409F5F_D, primaryPhy=1, secondaryPhy=0, advertisingSid=0xff, txPower=127, rssi=-57, periodicAdvInt=0x0
05-17 12:58:42.682 D/BtGatt.GattService( 1928): onScanResult to scannerId: 2- eventType=0x10, addressType=0, address=BC455B_A, primaryPhy=1, secondaryPhy=0, advertisingSid=0xff, txPower=127, rssi=-76, periodicAdvInt=0x0
05-17 12:58:42.689 D/BtGatt.GattService( 1928): onScanResult to scannerId: 2- eventType=0x1a, addressType=1, address=7BAC65_5, primaryPhy=1, secondaryPhy=0, advertisingSid=0xff, txPower=127, rssi=-45, periodicAdvInt=0x0
05-17 12:58:42.692 D/BtGatt.GattService( 1928): onScanResult to scannerId: 2- eventType=0x1b, addressType=1, address=4DB9AB_4, primaryPhy=1, secondaryPhy=0, advertisingSid=0xff, txPower=127, rssi=-79, periodicAdvInt=0x0
05-17 12:58:42.702 D/BtGatt.GattService( 1928): onScanResult to scannerId: 2- eventType=0x1b, addressType=1, address=728D22_8, primaryPhy=1, secondaryPhy=0, advertisingSid=0xff, txPower=127, rssi=-49, periodicAdvInt=0x0
05-17 12:58:42.737 D/BtGatt.GattService( 1928): onScanResult to scannerId: 2- eventType=0x1b, addressType=1, address=728D22_8, primaryPhy=1, secondaryPhy=0, advertisingSid=0xff, txPower=127, rssi=-49, periodicAdvInt=0x0
05-17 12:58:43.185 D/io_stats(  602): !@   8,0 r 1040868 33947320 w 609214 57920760 d 0 0 f 0 0 iot 525916 0 th 0 0 0 pt 0 inp 0 0 211170.758
05-17 12:58:44.190 D/SemWifiUsabilityStatsMonitor( 1200): onWifiUsabilityStats - seqNum 7978, isSameBssidAndFreq true
05-17 12:58:44.193 I/SemWifiLinkQualityMonitor( 1200): Link Qos Query: 0.083 ms / 96.819 Mbps (432 / 0.064 / 1.000)
05-17 12:58:44.381 D/BtGatt.GattService( 1928): onScanResult to scannerId: 2- eventType=0x10, addressType=0, address=BC455B_A, primaryPhy=1, secondaryPhy=0, advertisingSid=0xff, txPower=127, rssi=-73, periodicAdvInt=0x0
05-17 12:58:44.390 D/BtGatt.GattService( 1928): onScanResult to scannerId: 2- eventType=0x1b, addressType=1, address=DD0D30_2, primaryPhy=1, secondaryPhy=0, advertisingSid=0xff, txPower=127, rssi=-66, periodicAdvInt=0x0
05-17 12:58:44.393 D/BtGatt.GattService( 1928): onScanResult to scannerId: 2- eventType=0x10, addressType=1, address=560A81_6, primaryPhy=1, secondaryPhy=0, advertisingSid=0xff, txPower=127, rssi=-78, periodicAdvInt=0x0
05-17 12:58:44.456 D/BtGatt.GattService( 1928): onScanResult to scannerId: 2- eventType=0x1b, addressType=1, address=43D003_F, primaryPhy=1, secondaryPhy=0, advertisingSid=0xff, txPower=127, rssi=-78, periodicAdvInt=0x0
05-17 12:58:44.470 D/BtGatt.GattService( 1928): onScanResult to scannerId: 2- eventType=0x1a, addressType=1, address=7BAC65_5, primaryPhy=1, secondaryPhy=0, advertisingSid=0xff, txPower=127, rssi=-44, periodicAdvInt=0x0
05-17 12:58:44.499 D/BtGatt.GattService( 1928): onScanResult to scannerId: 2- eventType=0x1b, addressType=0, address=84E0F4_2, primaryPhy=1, secondaryPhy=0, advertisingSid=0xff, txPower=127, rssi=-90, periodicAdvInt=0x0
05-17 12:58:44.513 D/BtGatt.GattService( 1928): onScanResult to scannerId: 2- eventType=0x10, addressType=0, address=BC7E8B_B, primaryPhy=1, secondaryPhy=0, advertisingSid=0xff, txPower=127, rssi=-84, periodicAdvInt=0x0
05-17 12:58:44.517 D/BtGatt.GattService( 1928): onScanResult to scannerId: 2- eventType=0x10, addressType=1, address=7559F4_E, primaryPhy=1, secondaryPhy=0, advertisingSid=0xff, txPower=127, rssi=-35, periodicAdvInt=0x0
05-17 12:58:44.525 D/BtGatt.GattService( 1928): onScanResult to scannerId: 2- eventType=0x1b, addressType=1, address=C19840_0, primaryPhy=1, secondaryPhy=0, advertisingSid=0xff, txPower=127, rssi=-82, periodicAdvInt=0x0
05-17 12:58:44.538 D/BtGatt.GattService( 1928): onScanResult to scannerId: 2- eventType=0x10, addressType=0, address=BC455B_A, primaryPhy=1, secondaryPhy=0, advertisingSid=0xff, txPower=127, rssi=-72, periodicAdvInt=0x0
05-17 12:58:44.597 D/BtGatt.GattService( 1928): onScanResult to scannerId: 2- eventType=0x1b, addressType=1, address=409F5F_D, primaryPhy=1, secondaryPhy=0, advertisingSid=0xff, txPower=127, rssi=-67, periodicAdvInt=0x0
05-17 12:58:44.611 D/BtGatt.GattService( 1928): onScanResult to scannerId: 2- eventType=0x10, addressType=1, address=C7494A_4, primaryPhy=1, secondaryPhy=0, advertisingSid=0xff, txPower=127, rssi=-62, periodicAdvInt=0x0
05-17 12:58:46.152 I/Elixir  (10600): BleSelfTest: HEARTBEAT events=388 devices=32 meshx_peers=0 sent=4 distinct_msgs=4 beacon_callbacks=27 envelopes=1
05-17 12:58:46.153 I/BEAMout (10600): 12:58:46.152 [info] BleSelfTest: HEARTBEAT events=388 devices=32 meshx_peers=0 sent=4 distinct_msgs=4 beacon_callbacks=27 envelopes=1
05-17 12:58:46.162 I/MeshxBleNative(10600): sendToPeer rejected: self-test send disabled by runtime flag
05-17 12:58:46.162 I/Elixir  (10600): BleSelfTest: MESH MESSAGE SENT payload="hello-from-meshx-dev-1779047926" result={:error, :send_rejected}
05-17 12:58:46.164 I/BEAMout (10600): 12:58:46.162 [info] BleSelfTest: MESH MESSAGE SENT payload="hello-from-meshx-dev-1779047926" result={:error, :send_rejected}
05-17 12:58:46.221 D/BtGatt.GattService( 1928): onScanResult to scannerId: 2- eventType=0x1b, addressType=0, address=84E0F4_2, primaryPhy=1, secondaryPhy=0, advertisingSid=0xff, txPower=127, rssi=-78, periodicAdvInt=0x0
05-17 12:58:46.242 D/BtGatt.GattService( 1928): onScanResult to scannerId: 2- eventType=0x1b, addressType=1, address=409F5F_D, primaryPhy=1, secondaryPhy=0, advertisingSid=0xff, txPower=127, rssi=-71, periodicAdvInt=0x0
05-17 12:58:46.244 D/BtGatt.GattService( 1928): onScanResult to scannerId: 2- eventType=0x1b, addressType=0, address=84E0F4_2, primaryPhy=1, secondaryPhy=0, advertisingSid=0xff, txPower=127, rssi=-79, periodicAdvInt=0x0
05-17 12:58:46.250 D/BtGatt.GattService( 1928): onScanResult to scannerId: 2- eventType=0x1b, addressType=1, address=728D22_8, primaryPhy=1, secondaryPhy=0, advertisingSid=0xff, txPower=127, rssi=-51, periodicAdvInt=0x0
05-17 12:58:46.252 I/MeshxBleScanRaw(10600): device_id=72:8D:22:47:DC:48 rssi=-51 advertisement_b64=AgEaAgoMCv9MABAFSxwyVr0TCW14MTFhN2ZjYjBhMTg2MTM5NgAAAAAAAAAAAAAAAAAAAAAAAAAAAAAAAAA= manufacturer_ids=[76] service_uuids=[]
05-17 12:58:46.267 D/BtGatt.GattService( 1928): onScanResult to scannerId: 2- eventType=0x1b, addressType=0, address=84E0F4_2, primaryPhy=1, secondaryPhy=0, advertisingSid=0xff, txPower=127, rssi=-78, periodicAdvInt=0x0
05-17 12:58:46.294 D/BtGatt.GattService( 1928): onScanResult to scannerId: 2- eventType=0x10, addressType=1, address=7559F4_E, primaryPhy=1, secondaryPhy=0, advertisingSid=0xff, txPower=127, rssi=-35, periodicAdvInt=0x0
05-17 12:58:46.309 D/BtGatt.GattService( 1928): onScanResult to scannerId: 2- eventType=0x10, addressType=1, address=6DDDD7_C, primaryPhy=1, secondaryPhy=0, advertisingSid=0xff, txPower=127, rssi=-78, periodicAdvInt=0x0
05-17 12:58:46.346 D/BtGatt.GattService( 1928): onScanResult to scannerId: 2- eventType=0x1a, addressType=1, address=7BAC65_5, primaryPhy=1, secondaryPhy=0, advertisingSid=0xff, txPower=127, rssi=-44, periodicAdvInt=0x0
05-17 12:58:46.352 D/BtGatt.GattService( 1928): onScanResult to scannerId: 2- eventType=0x1b, addressType=0, address=84E0F4_2, primaryPhy=1, secondaryPhy=0, advertisingSid=0xff, txPower=127, rssi=-79, periodicAdvInt=0x0
05-17 12:58:46.387 D/BtGatt.GattService( 1928): onScanResult to scannerId: 2- eventType=0x1b, addressType=0, address=84E0F4_2, primaryPhy=1, secondaryPhy=0, advertisingSid=0xff, txPower=127, rssi=-78, periodicAdvInt=0x0
05-17 12:58:46.388 D/BtGatt.GattService( 1928): onScanResult to scannerId: 2- eventType=0x10, addressType=1, address=18A8A4_9, primaryPhy=1, secondaryPhy=0, advertisingSid=0xff, txPower=127, rssi=-91, periodicAdvInt=0x0
05-17 12:58:46.414 D/BtGatt.GattService( 1928): onScanResult to scannerId: 2- eventType=0x1b, addressType=1, address=4CB994_7, primaryPhy=1, secondaryPhy=0, advertisingSid=0xff, txPower=127, rssi=-35, periodicAdvInt=0x0
05-17 12:58:46.432 D/BtGatt.GattService( 1928): onScanResult to scannerId: 2- eventType=0x1b, addressType=0, address=84E0F4_2, primaryPhy=1, secondaryPhy=0, advertisingSid=0xff, txPower=127, rssi=-78, periodicAdvInt=0x0
05-17 12:58:47.292 D/SemWifiUsabilityStatsMonitor( 1200): onWifiUsabilityStats - seqNum 7979, isSameBssidAndFreq true
05-17 12:58:47.295 I/SemWifiLinkQualityMonitor( 1200): Link Qos Query: 0.098 ms / 81.552 Mbps (432 / 0.080 / 1.000)
05-17 12:58:48.078 D/BtGatt.GattService( 1928): onScanResult to scannerId: 2- eventType=0x10, addressType=1, address=35645C_1, primaryPhy=1, secondaryPhy=0, advertisingSid=0xff, txPower=127, rssi=-87, periodicAdvInt=0x0
05-17 12:58:48.081 I/MeshxBleScanRaw(10600): device_id=35:64:5C:27:CE:61 rssi=-87 advertisement_b64=Hv8GAAEJICKDzSRTzZj4lL7UglJk9eGVe3JFBtGpyQAAAAAAAAAAAAAAAAAAAAAAAAAAAAAAAAAAAAAAAAA= manufacturer_ids=[6] service_uuids=[]
05-17 12:58:48.113 D/BtGatt.GattService( 1928): onScanResult to scannerId: 2- eventType=0x1b, addressType=1, address=43D003_F, primaryPhy=1, secondaryPhy=0, advertisingSid=0xff, txPower=127, rssi=-77, periodicAdvInt=0x0
05-17 12:58:48.126 D/BtGatt.GattService( 1928): onScanResult to scannerId: 2- eventType=0x1a, addressType=1, address=7BAC65_5, primaryPhy=1, secondaryPhy=0, advertisingSid=0xff, txPower=127, rssi=-45, periodicAdvInt=0x0
05-17 12:58:48.130 D/BtGatt.GattService( 1928): onScanResult to scannerId: 2- eventType=0x10, addressType=1, address=560A81_6, primaryPhy=1, secondaryPhy=0, advertisingSid=0xff, txPower=127, rssi=-83, periodicAdvInt=0x0
05-17 12:58:48.137 D/BtGatt.GattService( 1928): onScanResult to scannerId: 2- eventType=0x10, addressType=1, address=512B45_E, primaryPhy=1, secondaryPhy=0, advertisingSid=0xff, txPower=127, rssi=-86, periodicAdvInt=0x0
05-17 12:58:48.150 I/MeshxBleScanRaw(10600): device_id=51:2B:45:12:CD:FE rssi=-86 advertisement_b64=AgEaDf9MABYIAOyOFHMMbdEAAAAAAAAAAAAAAAAAAAAAAAAAAAAAAAAAAAAAAAAAAAAAAAAAAAAAAAAAAAA= manufacturer_ids=[76] service_uuids=[]
05-17 12:58:48.156 D/BtGatt.GattService( 1928): onScanResult to scannerId: 2- eventType=0x1b, addressType=1, address=728D22_8, primaryPhy=1, secondaryPhy=0, advertisingSid=0xff, txPower=127, rssi=-49, periodicAdvInt=0x0
05-17 12:58:48.170 D/BtGatt.GattService( 1928): onScanResult to scannerId: 2- eventType=0x1b, addressType=1, address=409F5F_D, primaryPhy=1, secondaryPhy=0, advertisingSid=0xff, txPower=127, rssi=-57, periodicAdvInt=0x0
05-17 12:58:48.179 D/BtGatt.GattService( 1928): onScanResult to scannerId: 2- eventType=0x10, addressType=1, address=35645C_1, primaryPhy=1, secondaryPhy=0, advertisingSid=0xff, txPower=127, rssi=-87, periodicAdvInt=0x0
05-17 12:58:48.182 D/BtGatt.GattService( 1928): onScanResult to scannerId: 2- eventType=0x10, addressType=1, address=6DDDD7_C, primaryPhy=1, secondaryPhy=0, advertisingSid=0xff, txPower=127, rssi=-85, periodicAdvInt=0x0
05-17 12:58:48.191 D/BtGatt.GattService( 1928): onScanResult to scannerId: 2- eventType=0x1b, addressType=1, address=4861E6_6, primaryPhy=1, secondaryPhy=0, advertisingSid=0xff, txPower=127, rssi=-36, periodicAdvInt=0x0
05-17 12:58:48.198 D/BtGatt.GattService( 1928): onScanResult to scannerId: 2- eventType=0x1b, addressType=1, address=4CB994_7, primaryPhy=1, secondaryPhy=0, advertisingSid=0xff, txPower=127, rssi=-36, periodicAdvInt=0x0
05-17 12:58:48.239 D/BtGatt.GattService( 1928): onScanResult to scannerId: 2- eventType=0x1b, addressType=1, address=DD0D30_2, primaryPhy=1, secondaryPhy=0, advertisingSid=0xff, txPower=127, rssi=-74, periodicAdvInt=0x0
05-17 12:58:48.243 D/BtGatt.GattService( 1928): onScanResult to scannerId: 2- eventType=0x10, addressType=0, address=BC455B_A, primaryPhy=1, secondaryPhy=0, advertisingSid=0xff, txPower=127, rssi=-76, periodicAdvInt=0x0
05-17 12:58:48.265 D/BtGatt.GattService( 1928): onScanResult to scannerId: 2- eventType=0x1a, addressType=1, address=7BAC65_5, primaryPhy=1, secondaryPhy=0, advertisingSid=0xff, txPower=127, rssi=-45, periodicAdvInt=0x0
05-17 12:58:48.892 I/SDHMS:LOAD( 2905): type: LoadsFreqs, value: 0:0:0:650000:650000:650000:650000:650000:650000:0:0:0
05-17 12:58:49.408 E/sehhealth-service(  869): Could not open /sys/class/power_supply/battery/lrp
05-17 12:58:49.940 D/BtGatt.GattService( 1928): onScanResult to scannerId: 2- eventType=0x10, addressType=0, address=BC455B_A, primaryPhy=1, secondaryPhy=0, advertisingSid=0xff, txPower=127, rssi=-69, periodicAdvInt=0x0
05-17 12:58:49.991 D/BtGatt.GattService( 1928): onScanResult to scannerId: 2- eventType=0x1b, addressType=1, address=728D22_8, primaryPhy=1, secondaryPhy=0, advertisingSid=0xff, txPower=127, rssi=-63, periodicAdvInt=0x0
05-17 12:58:49.995 D/BtGatt.GattService( 1928): onScanResult to scannerId: 2- eventType=0x10, addressType=1, address=560A81_6, primaryPhy=1, secondaryPhy=0, advertisingSid=0xff, txPower=127, rssi=-78, periodicAdvInt=0x0
05-17 12:58:50.077 D/BtGatt.GattService( 1928): onScanResult to scannerId: 2- eventType=0x10, addressType=0, address=BC7E8B_B, primaryPhy=1, secondaryPhy=0, advertisingSid=0xff, txPower=127, rssi=-85, periodicAdvInt=0x0
05-17 12:58:50.086 D/BtGatt.GattService( 1928): onScanResult to scannerId: 2- eventType=0x1b, addressType=1, address=409F5F_D, primaryPhy=1, secondaryPhy=0, advertisingSid=0xff, txPower=127, rssi=-67, periodicAdvInt=0x0
05-17 12:58:50.099 D/BtGatt.GattService( 1928): onScanResult to scannerId: 2- eventType=0x10, addressType=0, address=BC455B_A, primaryPhy=1, secondaryPhy=0, advertisingSid=0xff, txPower=127, rssi=-73, periodicAdvInt=0x0
05-17 12:58:50.101 D/BtGatt.GattService( 1928): onScanResult to scannerId: 2- eventType=0x10, addressType=1, address=7559F4_E, primaryPhy=1, secondaryPhy=0, advertisingSid=0xff, txPower=127, rssi=-35, periodicAdvInt=0x0
05-17 12:58:50.108 D/BtGatt.GattService( 1928): onScanResult to scannerId: 2- eventType=0x1b, addressType=1, address=4DB9AB_4, primaryPhy=1, secondaryPhy=0, advertisingSid=0xff, txPower=127, rssi=-78, periodicAdvInt=0x0
05-17 12:58:50.400 D/SemWifiUsabilityStatsMonitor( 1200): onWifiUsabilityStats - seqNum 7980, isSameBssidAndFreq true
05-17 12:58:50.404 I/SemWifiLinkQualityMonitor( 1200): Link Qos Query: 0.080 ms / 100.052 Mbps (432 / 0.061 / 1.000)
05-17 12:58:51.153 I/Elixir  (10600): BleSelfTest: HEARTBEAT events=423 devices=34 meshx_peers=0 sent=5 distinct_msgs=4 beacon_callbacks=30 envelopes=1
05-17 12:58:51.154 I/BEAMout (10600): 12:58:51.153 [info] BleSelfTest: HEARTBEAT events=423 devices=34 meshx_peers=0 sent=5 distinct_msgs=4 beacon_callbacks=30 envelopes=1
05-17 12:58:51.553 I/wpa_supplicant( 1707): Heartbeat 21097
05-17 12:58:51.797 D/BtGatt.GattService( 1928): onScanResult to scannerId: 2- eventType=0x10, addressType=0, address=BC455B_A, primaryPhy=1, secondaryPhy=0, advertisingSid=0xff, txPower=127, rssi=-84, periodicAdvInt=0x0
05-17 12:58:51.829 D/BtGatt.GattService( 1928): onScanResult to scannerId: 2- eventType=0x10, addressType=1, address=35645C_1, primaryPhy=1, secondaryPhy=0, advertisingSid=0xff, txPower=127, rssi=-95, periodicAdvInt=0x0
05-17 12:58:51.856 D/BtGatt.GattService( 1928): onScanResult to scannerId: 2- eventType=0x10, addressType=1, address=6DDDD7_C, primaryPhy=1, secondaryPhy=0, advertisingSid=0xff, txPower=127, rssi=-80, periodicAdvInt=0x0
05-17 12:58:51.864 D/BtGatt.GattService( 1928): onScanResult to scannerId: 2- eventType=0x1b, addressType=0, address=94944A_D, primaryPhy=1, secondaryPhy=0, advertisingSid=0xff, txPower=127, rssi=-85, periodicAdvInt=0x0
05-17 12:58:51.865 D/BtGatt.GattService( 1928): onScanResult to scannerId: 2- eventType=0x10, addressType=1, address=560A81_6, primaryPhy=1, secondaryPhy=0, advertisingSid=0xff, txPower=127, rssi=-80, periodicAdvInt=0x0
05-17 12:58:51.884 I/MeshxBleScanRaw(10600): device_id=94:94:4A:05:9D:5D rssi=-85 advertisement_b64=AgEGEQeeytwkDuWp4JPzo7UBAEBuCAl1RzItZDVjAAAAAAAAAAAAAAAAAAAAAAAAAAAAAAAAAAAAAAAAAAA= manufacturer_ids=[] service_uuids=[6e400001-b5a3-f393-e0a9-e50e24dcca9e]
05-17 12:58:51.901 D/BtGatt.GattService( 1928): onScanResult to scannerId: 2- eventType=0x10, addressType=1, address=7559F4_E, primaryPhy=1, secondaryPhy=0, advertisingSid=0xff, txPower=127, rssi=-35, periodicAdvInt=0x0
05-17 12:58:51.926 D/ActivityManager( 1200): force stop from com.android.server.am.ActivityManagerService.forceStopPackage:4779 com.android.server.am.ActivityManagerShellCommand.runForceStop:1236 
05-17 12:58:51.926 I/ActivityManager( 1200): Force stopping dev.meshx.mob appid=10313 user=0: from pid 10675
05-17 12:58:51.931 D/BtGatt.GattService( 1928): onScanResult to scannerId: 2- eventType=0x10, addressType=1, address=35645C_1, primaryPhy=1, secondaryPhy=0, advertisingSid=0xff, txPower=127, rssi=-93, periodicAdvInt=0x0
05-17 12:58:51.931 I/ActivityManager( 1200): Killing 10600:dev.meshx.mob/u0a313 (adj 0): stop dev.meshx.mob due to from pid 10675
05-17 12:58:51.932 D/ActivityManager( 1200): proc ProcessRecord{194fb74 10600:dev.meshx.mob/u0a313} already removed. so we skip next process.
05-17 12:58:51.933 W/ActivityTaskManager( 1200): Force removing ActivityRecord{71294ba u0 dev.meshx.mob/.MainActivity} t430 f}}: app died, no saved state
05-17 12:58:51.933 D/InputTransport( 1200): Input channel destroyed: 'b906e6 ', fd=858
05-17 12:58:51.933 W/InputManager-JNI( 1200): Input channel object 'b906e6 dev.meshx.mob/dev.meshx.mob.MainActivity (client)' was disposed without first being removed with the input manager!
05-17 12:58:51.933 D/InputTransport( 1200): Input channel destroyed: 'b906e6 ', fd=880
05-17 12:58:51.933 V/WindowManager( 1200): Remove Window{b906e6 u0 dev.meshx.mob/dev.meshx.mob.MainActivity}: mSurfaceController=null mAnimatingExit=false mRemoveOnExit=false mHasSurface=false surfaceShowing=false animating=false app-animation=false mWillReplaceWindow=false mDisplayFrozen=false callers=com.android.server.wm.WindowState.removeIfPossible:3219 com.android.server.wm.WindowToken.removeAllWindowsIfPossible:236 com.android.server.wm.ActivityRecord.removeIfPossible:5057 com.android.server.wm.ActivityRecord.onRemovedFromDisplay:5172 com.android.server.wm.DisplayContent.removeAppToken:1695 com.android.server.wm.ActivityRecord.removeFromHistory:4776 
05-17 12:58:51.933 D/RestrictionPolicy( 1200): isScreenCaptureEnabled : ret=true userId=0
05-17 12:58:51.933 V/WindowManager( 1200): Nulling last startingData
05-17 12:58:51.933 W/UsageStatsService( 1200): Unexpected activity event reported! (dev.meshx.mob/dev.meshx.mob.MainActivity event : 23 instanceId : 161938120)
05-17 12:58:51.935 I/SurfaceFlinger(  914): id=592 createSurf flag=24004, Task=430#592
05-17 12:58:51.936 D/BtGatt.GattService( 1928): onScanResult to scannerId: 2- eventType=0x10, addressType=0, address=BC7E8B_B, primaryPhy=1, secondaryPhy=0, advertisingSid=0xff, txPower=127, rssi=-82, periodicAdvInt=0x0
05-17 12:58:51.937 D/ActivityTaskManager( 1200): Top Process State changed to PROCESS_STATE_TOP_SLEEPING#2
05-17 12:58:51.937 I/SurfaceFlinger(  914): SFWD update time=211179510317720
05-17 12:58:51.937 I/Layer   (  914): id=589 removeFromCurrentState b906e6 dev.meshx.mob/dev.meshx.mob.MainActivity#589 (98)
05-17 12:58:51.937 I/SurfaceFlinger(  914): id=589 Removed b906e6 dev.meshx.mob/dev.meshx.mob.MainActivity#589 (98)
05-17 12:58:51.938 I/Layer   (  914): id=589 Destroyed b906e6 dev.meshx.mob/dev.meshx.mob.MainActivity#589
05-17 12:58:51.942 I/RecentsView( 2413): onTaskRemoved() taskId : 430
05-17 12:58:51.942 I/TopTaskTracker( 2413): onTaskRemoved : taskId = 430
05-17 12:58:51.942 I/RecentsView( 2413): onTaskRemoved() taskId : 430
05-17 12:58:51.942 I/TopTaskTracker( 2413): onTaskRemoved : taskId = 430
05-17 12:58:51.943 D/BtGatt.GattService( 1928): onScanResult to scannerId: 2- eventType=0x1b, addressType=1, address=728D22_8, primaryPhy=1, secondaryPhy=0, advertisingSid=0xff, txPower=127, rssi=-50, periodicAdvInt=0x0
05-17 12:58:51.946 D/BtGatt.GattService( 1928): onScanResult to scannerId: 2- eventType=0x10, addressType=1, address=2E718A_2, primaryPhy=1, secondaryPhy=0, advertisingSid=0xff, txPower=127, rssi=-91, periodicAdvInt=0x0
05-17 12:58:51.949 D/CarrierSvcBindHelper( 1567): onHandleForceStop: [dev.meshx.mob]
05-17 12:58:51.951 D/CarrierSvcBindHelper( 1567): No carrier app for: 0
05-17 12:58:51.953 D/CarrierSvcBindHelper( 1567): No carrier app for: 1
05-17 12:58:51.953 D/RegisteredNfcFServicesCache( 1948): Service unchanged, not updating
05-17 12:58:51.955 I/Layer   (  914): id=586 removeFromCurrentState ActivityRecord{71294ba u0 dev.meshx.mob/.MainActivity} t430}#586 (97)
05-17 12:58:51.955 I/Layer   (  914): id=585 removeFromCurrentState Task=430#585 (97)
05-17 12:58:51.955 I/Layer   (  914): id=592 removeFromCurrentState Task=430#592 (97)
05-17 12:58:51.955 I/SurfaceFlinger(  914): id=586 Removed ActivityRecord{71294ba u0 dev.meshx.mob/.MainActivity} t430}#586 (97)
05-17 12:58:51.955 I/SurfaceFlinger(  914): id=592 Removed Task=430#592 (97)
05-17 12:58:51.956 I/Layer   (  914): id=586 Destroyed ActivityRecord{71294ba u0 dev.meshx.mob/.MainActivity} t430}#586
05-17 12:58:51.956 I/Layer   (  914): id=592 Destroyed Task=430#592
05-17 12:58:51.957 W/BroadcastQueue( 1200): Background execution not allowed: receiving Intent { act=android.intent.action.PACKAGE_RESTARTED dat=package: flg=0x10 (has extras) } to android/com.kddi.android.CpaNotiReceiver
05-17 12:58:51.958 D/BtGatt.GattService( 1928): onScanResult to scannerId: 2- eventType=0x10, addressType=1, address=7D35D8_F, primaryPhy=1, secondaryPhy=0, advertisingSid=0xff, txPower=127, rssi=-82, periodicAdvInt=0x0
05-17 12:58:51.961 D/BtGatt.GattService( 1928): onScanResult to scannerId: 2- eventType=0x1b, addressType=0, address=94944A_D, primaryPhy=1, secondaryPhy=0, advertisingSid=0xff, txPower=127, rssi=-86, periodicAdvInt=0x0
05-17 12:58:51.964 D/BtGatt.GattService( 1928): onScanResult to scannerId: 2- eventType=0x10, addressType=1, address=6DDDD7_C, primaryPhy=1, secondaryPhy=0, advertisingSid=0xff, txPower=127, rssi=-78, periodicAdvInt=0x0
05-17 12:58:51.995 D/BtGatt.GattService( 1928): onScanResult to scannerId: 2- eventType=0x1b, addressType=1, address=F812C9_E, primaryPhy=1, secondaryPhy=0, advertisingSid=0xff, txPower=127, rssi=-88, periodicAdvInt=0x0
05-17 12:58:52.011 D/BtGatt.GattService( 1928): onScanResult to scannerId: 2- eventType=0x1b, addressType=1, address=4CB994_7, primaryPhy=1, secondaryPhy=0, advertisingSid=0xff, txPower=127, rssi=-35, periodicAdvInt=0x0
05-17 12:58:52.012 E/BtGatt.GattService( 1928): Exception: android.os.DeadObjectException
05-17 12:58:52.013 D/LeAppInfo( 1928): removeLeacReportedServerApp, appName: dev.meshx.mob
05-17 12:58:52.016 D/ActivityAttributionService( 1928): notifyActivityAttributionInfo UID=1002 packageName=com.android.bluetooth deviceAddress=no_active_device_address
05-17 12:58:52.017 I/bt_stack( 1928): [INFO:le_scanning_manager.cc(200)] ScanFilterParamSetup in shim layer
05-17 12:58:52.017 D/BtGatt.GattService( 1928): onScanResult to scannerId: 2- eventType=0x1b, addressType=1, address=4861E6_6, primaryPhy=1, secondaryPhy=0, advertisingSid=0xff, txPower=127, rssi=-35, periodicAdvInt=0x0
05-17 12:58:52.017 E/BtGatt.GattService( 1928): Exception: android.os.DeadObjectException
05-17 12:58:52.019 D/LeAppInfo( 1928): removeLeacReportedServerApp, appName: dev.meshx.mob
05-17 12:58:52.020 D/BtGatt.ContextMap( 1928): remove() - id: 2
05-17 12:58:52.020 E/BtGatt.ContextMap( 1928): remove() - removed: 2
05-17 12:58:52.021 I/bt_stack( 1928): [INFO:le_scanning_manager.cc(174)] Unregister in shim layer, scanner_id:2
05-17 12:58:52.026 E/BtGatt.GattService( 1928): [GSIM LOG]: gsimLogHandler, msg: MESSAGE_SCAN_STOP, appName: dev.meshx.mob, scannerId: 2, reportDelayMillis=0
05-17 12:58:52.027 E/LeAppInfo( 1928): updateScanStopInfo(), There is NO scan process with :                                      dev.meshx.mob|    Normal|  LowPower| NonFilter|      true|
05-17 12:58:52.042 D/InputMethodManagerService( 1200): removeClient
05-17 12:58:52.042 I/bt_stack( 1928): [INFO:le_advertising_manager.cc(70)] Unregister in shim layer
05-17 12:58:52.043 W/bt_stack( 1928): le_advertising_manager :: remove_advertiser - id : 1
05-17 12:58:52.044 I/BtGatt.AdvertiseManager( 1928): error sending onAdvertisingSetStopped callback
05-17 12:58:52.044 I/BtGatt.AdvertiseManager( 1928): android.os.DeadObjectException
05-17 12:58:52.044 I/BtGatt.AdvertiseManager( 1928): 	at android.os.BinderProxy.transactNative(Native Method)
05-17 12:58:52.044 I/BtGatt.AdvertiseManager( 1928): 	at android.os.BinderProxy.transact(BinderProxy.java:662)
05-17 12:58:52.044 I/BtGatt.AdvertiseManager( 1928): 	at android.bluetooth.le.IAdvertisingSetCallback$Stub$Proxy.onAdvertisingSetStopped(IAdvertisingSetCallback.java:256)
05-17 12:58:52.044 I/BtGatt.AdvertiseManager( 1928): 	at com.android.bluetooth.gatt.AdvertiseManager.stopAdvertisingSet(AdvertiseManager.java:407)
05-17 12:58:52.044 I/BtGatt.AdvertiseManager( 1928): 	at com.android.bluetooth.gatt.AdvertiseManager$AdvertisingSetDeathRecipient.binderDied(AdvertiseManager.java:193)
05-17 12:58:52.044 I/BtGatt.AdvertiseManager( 1928): 	at android.os.IBinder$DeathRecipient.binderDied(IBinder.java:323)
05-17 12:58:52.044 I/BtGatt.AdvertiseManager( 1928): 	at android.os.BinderProxy.sendDeathNotice(BinderProxy.java:781)
05-17 12:58:52.045 I/adbd    ( 2598): Remote process closed the socket (on MSG_PEEK)
05-17 12:58:52.046 E/BtGatt.GattService( 1928): [GSIM LOG]: gsimLogHandler, msg: MESSAGE_ADV_SET_STOP, appName: dev.meshx.mob, id: 1, isLegacy: true
05-17 12:58:52.046 V/ActivityManager( 1200): Got obituary of 10600:dev.meshx.mob
05-17 12:58:52.046 W/ActivityManager( 1200): setHasOverlayUi called on unknown pid: 10600
05-17 12:58:52.053 I/libprocessgroup( 1200): Successfully killed process cgroup uid 10313 pid 10600 in 120ms
05-17 12:58:52.054 I/Zygote  (  837): Process 10600 exited due to signal 9 (Killed)
