05-17 12:58:16.689 D/BtGatt.GattService( 1928): onScanResult to scannerId: 2- eventType=0x1a, addressType=1, address=514AA8_3, primaryPhy=1, secondaryPhy=0, advertisingSid=0xff, txPower=127, rssi=-44, periodicAdvInt=0x0
05-17 12:58:16.693 I/MeshxBleScanRaw(10600): device_id=0C:65:72:E2:65:91 rssi=-94 advertisement_b64=Hv8GAAEJICLrIn2Hiujdsiq3OF+9ztMPH/VX3jJpSwAAAAAAAAAAAAAAAAAAAAAAAAAAAAAAAAAAAAAAAAA= manufacturer_ids=[6] service_uuids=[]
05-17 12:58:16.697 D/BtGatt.GattService( 1928): onScanResult to scannerId: 2- eventType=0x1b, addressType=1, address=728D22_8, primaryPhy=1, secondaryPhy=0, advertisingSid=0xff, txPower=127, rssi=-63, periodicAdvInt=0x0
05-17 12:58:16.806 D/WifiConnectivityMonitor.DnsThread( 1200):  [|205] []
05-17 12:58:16.807 D/WifiConnectivityMonitor.NetworkStatsAnalyzer( 1200): DNS resultType : 0, responseTime : 205
05-17 12:58:16.808 D/OpenNetworkQos[4.00]( 1200): updateBssidLatestDnsResultType - result: 0
05-17 12:58:16.808 D/OpenNetworkQos[4.00]( 1200): updateBssidNoInternet: mBssidNoInternet = false
05-17 12:58:16.808 D/OpenNetworkQos[4.00]( 1200): getOpenNetworkQosNoInternetStatus: false[Private DNS is active. Result is ignored.]
05-17 12:58:16.808 D/OpenNetworkQos[4.00]( 1200): getOpenNetworkQosScores: 17 20 0 [Private DNS is active. Result is ignored.]
05-17 12:58:16.808 I/WifiProfileShare( 1200): network QoS data was changed (internet), updateQoSData networkType: true, qosData: false
05-17 12:58:16.808 V/WifiProfileShare.Caster( 1200): checkAndGetShareData - device locked
05-17 12:58:17.177 D/io_stats(  602): !@   8,0 r 1040868 33947320 w 609194 57920544 d 0 0 f 0 0 iot 525908 0 th 0 0 0 pt 0 inp 0 0 211144.750
05-17 12:58:18.147 I/MeshxBleNative(10600): sendToPeer rejected: self-test send disabled by runtime flag
05-17 12:58:18.154 I/Elixir  (10600): BleSelfTest: MESH MESSAGE SENT payload="hello-from-meshx-dev-1779047898" result={:error, :send_rejected}
05-17 12:58:18.159 I/BEAMout (10600): 12:58:18.154 [info] BleSelfTest: MESH MESSAGE SENT payload="hello-from-meshx-dev-1779047898" result={:error, :send_rejected}
05-17 12:58:18.362 D/BtGatt.GattService( 1928): onScanResult to scannerId: 2- eventType=0x1b, addressType=1, address=728D22_8, primaryPhy=1, secondaryPhy=0, advertisingSid=0xff, txPower=127, rssi=-50, periodicAdvInt=0x0
05-17 12:58:18.362 D/BtGatt.GattService( 1928): onScanResult to scannerId: 2- eventType=0x10, addressType=1, address=7D35D8_F, primaryPhy=1, secondaryPhy=0, advertisingSid=0xff, txPower=127, rssi=-83, periodicAdvInt=0x0
05-17 12:58:18.394 D/BtGatt.GattService( 1928): onScanResult to scannerId: 2- eventType=0x1b, addressType=1, address=728D22_8, primaryPhy=1, secondaryPhy=0, advertisingSid=0xff, txPower=127, rssi=-50, periodicAdvInt=0x0
05-17 12:58:18.427 D/BtGatt.GattService( 1928): onScanResult to scannerId: 2- eventType=0x1b, addressType=1, address=728D22_8, primaryPhy=1, secondaryPhy=0, advertisingSid=0xff, txPower=127, rssi=-51, periodicAdvInt=0x0
05-17 12:58:18.443 D/BtGatt.GattService( 1928): onScanResult to scannerId: 2- eventType=0x1a, addressType=1, address=514AA8_3, primaryPhy=1, secondaryPhy=0, advertisingSid=0xff, txPower=127, rssi=-44, periodicAdvInt=0x0
05-17 12:58:18.461 D/BtGatt.GattService( 1928): onScanResult to scannerId: 2- eventType=0x1b, addressType=1, address=728D22_8, primaryPhy=1, secondaryPhy=0, advertisingSid=0xff, txPower=127, rssi=-50, periodicAdvInt=0x0
05-17 12:58:18.500 D/BtGatt.GattService( 1928): onScanResult to scannerId: 2- eventType=0x1b, addressType=1, address=728D22_8, primaryPhy=1, secondaryPhy=0, advertisingSid=0xff, txPower=127, rssi=-51, periodicAdvInt=0x0
05-17 12:58:18.505 D/BtGatt.GattService( 1928): onScanResult to scannerId: 2- eventType=0x10, addressType=1, address=6DDDD7_C, primaryPhy=1, secondaryPhy=0, advertisingSid=0xff, txPower=127, rssi=-78, periodicAdvInt=0x0
05-17 12:58:18.519 D/BtGatt.GattService( 1928): onScanResult to scannerId: 2- eventType=0x10, addressType=1, address=C7494A_4, primaryPhy=1, secondaryPhy=0, advertisingSid=0xff, txPower=127, rssi=-51, periodicAdvInt=0x0
05-17 12:58:18.532 D/BtGatt.GattService( 1928): onScanResult to scannerId: 2- eventType=0x1b, addressType=0, address=84E0F4_2, primaryPhy=1, secondaryPhy=0, advertisingSid=0xff, txPower=127, rssi=-78, periodicAdvInt=0x0
05-17 12:58:18.537 D/BtGatt.GattService( 1928): onScanResult to scannerId: 2- eventType=0x10, addressType=0, address=BC7E8B_B, primaryPhy=1, secondaryPhy=0, advertisingSid=0xff, txPower=127, rssi=-82, periodicAdvInt=0x0
05-17 12:58:18.545 D/BtGatt.GattService( 1928): onScanResult to scannerId: 2- eventType=0x1b, addressType=1, address=4CB994_7, primaryPhy=1, secondaryPhy=0, advertisingSid=0xff, txPower=127, rssi=-35, periodicAdvInt=0x0
05-17 12:58:18.548 D/BtGatt.GattService( 1928): onScanResult to scannerId: 2- eventType=0x1b, addressType=1, address=409F5F_D, primaryPhy=1, secondaryPhy=0, advertisingSid=0xff, txPower=127, rssi=-71, periodicAdvInt=0x0
05-17 12:58:18.551 D/BtGatt.GattService( 1928): onScanResult to scannerId: 2- eventType=0x10, addressType=1, address=7D35D8_F, primaryPhy=1, secondaryPhy=0, advertisingSid=0xff, txPower=127, rssi=-83, periodicAdvInt=0x0
05-17 12:58:18.554 D/BtGatt.GattService( 1928): onScanResult to scannerId: 2- eventType=0x1b, addressType=1, address=4861E6_6, primaryPhy=1, secondaryPhy=0, advertisingSid=0xff, txPower=127, rssi=-35, periodicAdvInt=0x0
05-17 12:58:18.566 D/BtGatt.GattService( 1928): onScanResult to scannerId: 2- eventType=0x1b, addressType=1, address=728D22_8, primaryPhy=1, secondaryPhy=0, advertisingSid=0xff, txPower=127, rssi=-51, periodicAdvInt=0x0
05-17 12:58:18.571 D/BtGatt.GattService( 1928): onScanResult to scannerId: 2- eventType=0x1b, addressType=1, address=4F0106_8, primaryPhy=1, secondaryPhy=0, advertisingSid=0xff, txPower=127, rssi=-79, periodicAdvInt=0x0
05-17 12:58:18.577 D/BtGatt.GattService( 1928): onScanResult to scannerId: 2- eventType=0x1a, addressType=1, address=514AA8_3, primaryPhy=1, secondaryPhy=0, advertisingSid=0xff, txPower=127, rssi=-44, periodicAdvInt=0x0
05-17 12:58:18.636 I/SDHMS:LOAD( 2905): type: LoadsFreqs, value: 0:0:0:674700:1469000:650000:674700:1469000:650000:5:260:0
05-17 12:58:19.178 D/io_stats(  602): !@   8,0 r 1040868 33947320 w 609205 57920696 d 0 0 f 0 0 iot 525912 0 th 0 0 0 pt 0 inp 0 0 211146.750
05-17 12:58:19.261 E/sehhealth-service(  869): Could not open /sys/class/power_supply/battery/lrp
05-17 12:58:19.337 D/SemWifiUsabilityStatsMonitor( 1200): onWifiUsabilityStats - seqNum 7970, isSameBssidAndFreq true
05-17 12:58:19.337 I/SemWifiLinkQualityMonitor( 1200): Link Qos Query: 0.036 ms / 223.596 Mbps (432 / 0.017 / 1.000)
05-17 12:58:19.338 D/NetworkController.WifiSignalController( 1613): notifyListener: visible=true, connected=true, inetCondition=1, isDefault=true, wifiTestReported=true, receivedInetCondition=-1, hideDuringMobileSwitching=false
05-17 12:58:20.206 D/BtGatt.GattService( 1928): onScanResult to scannerId: 2- eventType=0x10, addressType=0, address=BC455B_A, primaryPhy=1, secondaryPhy=0, advertisingSid=0xff, txPower=127, rssi=-76, periodicAdvInt=0x0
05-17 12:58:20.209 D/BtGatt.GattService( 1928): onScanResult to scannerId: 2- eventType=0x10, addressType=1, address=18A8A4_9, primaryPhy=1, secondaryPhy=0, advertisingSid=0xff, txPower=127, rssi=-86, periodicAdvInt=0x0
05-17 12:58:20.216 D/BtGatt.GattService( 1928): onScanResult to scannerId: 2- eventType=0x1a, addressType=1, address=514AA8_3, primaryPhy=1, secondaryPhy=0, advertisingSid=0xff, txPower=127, rssi=-45, periodicAdvInt=0x0
05-17 12:58:20.221 D/BtGatt.GattService( 1928): onScanResult to scannerId: 2- eventType=0x10, addressType=1, address=544BCB_0, primaryPhy=1, secondaryPhy=0, advertisingSid=0xff, txPower=127, rssi=-85, periodicAdvInt=0x0
05-17 12:58:20.226 D/BtGatt.GattService( 1928): onScanResult to scannerId: 2- eventType=0x1b, addressType=1, address=4F0106_8, primaryPhy=1, secondaryPhy=0, advertisingSid=0xff, txPower=127, rssi=-79, periodicAdvInt=0x0
05-17 12:58:20.227 D/BtGatt.GattService( 1928): onScanResult to scannerId: 2- eventType=0x1b, addressType=1, address=728D22_8, primaryPhy=1, secondaryPhy=0, advertisingSid=0xff, txPower=127, rssi=-49, periodicAdvInt=0x0
05-17 12:58:20.262 D/BtGatt.GattService( 1928): onScanResult to scannerId: 2- eventType=0x1b, addressType=1, address=728D22_8, primaryPhy=1, secondaryPhy=0, advertisingSid=0xff, txPower=127, rssi=-49, periodicAdvInt=0x0
05-17 12:58:20.296 D/BtGatt.GattService( 1928): onScanResult to scannerId: 2- eventType=0x1b, addressType=1, address=728D22_8, primaryPhy=1, secondaryPhy=0, advertisingSid=0xff, txPower=127, rssi=-48, periodicAdvInt=0x0
05-17 12:58:20.311 D/BtGatt.GattService( 1928): onScanResult to scannerId: 2- eventType=0x10, addressType=1, address=18A8A4_9, primaryPhy=1, secondaryPhy=0, advertisingSid=0xff, txPower=127, rssi=-86, periodicAdvInt=0x0
05-17 12:58:20.346 D/BtGatt.GattService( 1928): onScanResult to scannerId: 2- eventType=0x1b, addressType=1, address=4CB994_7, primaryPhy=1, secondaryPhy=0, advertisingSid=0xff, txPower=127, rssi=-36, periodicAdvInt=0x0
05-17 12:58:20.347 D/BtGatt.GattService( 1928): onScanResult to scannerId: 2- eventType=0x1a, addressType=1, address=514AA8_3, primaryPhy=1, secondaryPhy=0, advertisingSid=0xff, txPower=127, rssi=-45, periodicAdvInt=0x0
05-17 12:58:20.353 D/BtGatt.GattService( 1928): onScanResult to scannerId: 2- eventType=0x1b, addressType=1, address=4861E6_6, primaryPhy=1, secondaryPhy=0, advertisingSid=0xff, txPower=127, rssi=-37, periodicAdvInt=0x0
05-17 12:58:20.354 D/BtGatt.GattService( 1928): onScanResult to scannerId: 2- eventType=0x10, addressType=0, address=BC455B_A, primaryPhy=1, secondaryPhy=0, advertisingSid=0xff, txPower=127, rssi=-76, periodicAdvInt=0x0
05-17 12:58:20.360 D/BtGatt.GattService( 1928): onScanResult to scannerId: 2- eventType=0x1b, addressType=0, address=94944A_9, primaryPhy=1, secondaryPhy=0, advertisingSid=0xff, txPower=127, rssi=-89, periodicAdvInt=0x0
05-17 12:58:20.370 D/BtGatt.GattService( 1928): onScanResult to scannerId: 2- eventType=0x1b, addressType=1, address=728D22_8, primaryPhy=1, secondaryPhy=0, advertisingSid=0xff, txPower=127, rssi=-49, periodicAdvInt=0x0
05-17 12:58:20.374 D/BtGatt.GattService( 1928): onScanResult to scannerId: 2- eventType=0x10, addressType=1, address=7559F4_E, primaryPhy=1, secondaryPhy=0, advertisingSid=0xff, txPower=127, rssi=-37, periodicAdvInt=0x0
05-17 12:58:20.427 D/BtGatt.GattService( 1928): onScanResult to scannerId: 2- eventType=0x1b, addressType=1, address=43D003_F, primaryPhy=1, secondaryPhy=0, advertisingSid=0xff, txPower=127, rssi=-76, periodicAdvInt=0x0
05-17 12:58:21.147 I/Elixir  (10600): BleSelfTest: HEARTBEAT events=142 devices=28 meshx_peers=0 sent=1 distinct_msgs=2 beacon_callbacks=11 envelopes=1
05-17 12:58:21.148 I/BEAMout (10600): 12:58:21.147 [info] BleSelfTest: HEARTBEAT events=142 devices=28 meshx_peers=0 sent=1 distinct_msgs=2 beacon_callbacks=11 envelopes=1
05-17 12:58:21.402 I/Elixir  (10600): Mob.Dist: no EPMD on port 4369 after 10s -- skipping dist (run mix mob.connect to enable)
05-17 12:58:21.550 I/wpa_supplicant( 1707): Heartbeat 21094
05-17 12:58:21.721 D/IpClient/wlan0( 1674): interfaceLinkStateChanged: ifindex 16 up
05-17 12:58:22.063 D/BtGatt.GattService( 1928): onScanResult to scannerId: 2- eventType=0x10, addressType=1, address=560A81_6, primaryPhy=1, secondaryPhy=0, advertisingSid=0xff, txPower=127, rssi=-78, periodicAdvInt=0x0
05-17 12:58:22.079 D/BtGatt.GattService( 1928): onScanResult to scannerId: 2- eventType=0x1b, addressType=1, address=728D22_8, primaryPhy=1, secondaryPhy=0, advertisingSid=0xff, txPower=127, rssi=-63, periodicAdvInt=0x0
05-17 12:58:22.080 D/BtGatt.GattService( 1928): onScanResult to scannerId: 2- eventType=0x10, addressType=1, address=7D35D8_F, primaryPhy=1, secondaryPhy=0, advertisingSid=0xff, txPower=127, rssi=-88, periodicAdvInt=0x0
05-17 12:58:22.094 D/BtGatt.GattService( 1928): onScanResult to scannerId: 2- eventType=0x10, addressType=1, address=265632_4, primaryPhy=1, secondaryPhy=0, advertisingSid=0xff, txPower=127, rssi=-95, periodicAdvInt=0x0
05-17 12:58:22.101 D/BtGatt.GattService( 1928): onScanResult to scannerId: 2- eventType=0x10, addressType=1, address=544BCB_0, primaryPhy=1, secondaryPhy=0, advertisingSid=0xff, txPower=127, rssi=-81, periodicAdvInt=0x0
05-17 12:58:22.102 D/BtGatt.GattService( 1928): onScanResult to scannerId: 2- eventType=0x10, addressType=1, address=7559F4_E, primaryPhy=1, secondaryPhy=0, advertisingSid=0xff, txPower=127, rssi=-35, periodicAdvInt=0x0
05-17 12:58:22.109 D/BtGatt.GattService( 1928): onScanResult to scannerId: 2- eventType=0x1b, addressType=1, address=409F5F_D, primaryPhy=1, secondaryPhy=0, advertisingSid=0xff, txPower=127, rssi=-67, periodicAdvInt=0x0
05-17 12:58:22.119 D/BtGatt.GattService( 1928): onScanResult to scannerId: 2- eventType=0x10, addressType=1, address=DBFE2B_2, primaryPhy=1, secondaryPhy=0, advertisingSid=0xff, txPower=127, rssi=-78, periodicAdvInt=0x0
05-17 12:58:22.131 D/BtGatt.GattService( 1928): onScanResult to scannerId: 2- eventType=0x1a, addressType=1, address=514AA8_3, primaryPhy=1, secondaryPhy=0, advertisingSid=0xff, txPower=127, rssi=-44, periodicAdvInt=0x0
05-17 12:58:22.147 D/BtGatt.GattService( 1928): onScanResult to scannerId: 2- eventType=0x1b, addressType=1, address=4CB994_7, primaryPhy=1, secondaryPhy=0, advertisingSid=0xff, txPower=127, rssi=-36, periodicAdvInt=0x0
05-17 12:58:22.149 I/MeshxBleScanRaw(10600): device_id=DB:FE:2B:8F:FA:42 rssi=-78 advertisement_b64=B/9MABICAAEAAAAAAAAAAAAAAAAAAAAAAAAAAAAAAAAAAAAAAAAAAAAAAAAAAAAAAAAAAAAAAAAAAAAAAAA= manufacturer_ids=[76] service_uuids=[]
05-17 12:58:22.150 D/BtGatt.GattService( 1928): onScanResult to scannerId: 2- eventType=0x1b, addressType=1, address=728D22_8, primaryPhy=1, secondaryPhy=0, advertisingSid=0xff, txPower=127, rssi=-62, periodicAdvInt=0x0
05-17 12:58:22.158 D/BtGatt.GattService( 1928): onScanResult to scannerId: 2- eventType=0x1b, addressType=1, address=C19840_0, primaryPhy=1, secondaryPhy=0, advertisingSid=0xff, txPower=127, rssi=-82, periodicAdvInt=0x0
05-17 12:58:22.173 D/BtGatt.GattService( 1928): onScanResult to scannerId: 2- eventType=0x1b, addressType=0, address=84E0F4_2, primaryPhy=1, secondaryPhy=0, advertisingSid=0xff, txPower=127, rssi=-90, periodicAdvInt=0x0
05-17 12:58:22.184 D/BtGatt.GattService( 1928): onScanResult to scannerId: 2- eventType=0x1b, addressType=1, address=728D22_8, primaryPhy=1, secondaryPhy=0, advertisingSid=0xff, txPower=127, rssi=-62, periodicAdvInt=0x0
05-17 12:58:22.193 D/BtGatt.GattService( 1928): onScanResult to scannerId: 2- eventType=0x10, addressType=1, address=0C6572_1, primaryPhy=1, secondaryPhy=0, advertisingSid=0xff, txPower=127, rssi=-94, periodicAdvInt=0x0
05-17 12:58:22.211 D/BtGatt.GattService( 1928): onScanResult to scannerId: 2- eventType=0x10, addressType=0, address=BC455B_A, primaryPhy=1, secondaryPhy=0, advertisingSid=0xff, txPower=127, rssi=-73, periodicAdvInt=0x0
05-17 12:58:22.214 D/BtGatt.GattService( 1928): onScanResult to scannerId: 2- eventType=0x1b, addressType=1, address=728D22_8, primaryPhy=1, secondaryPhy=0, advertisingSid=0xff, txPower=127, rssi=-62, periodicAdvInt=0x0
05-17 12:58:22.228 D/BtGatt.GattService( 1928): onScanResult to scannerId: 2- eventType=0x1b, addressType=0, address=84E0F4_2, primaryPhy=1, secondaryPhy=0, advertisingSid=0xff, txPower=127, rssi=-90, periodicAdvInt=0x0
05-17 12:58:22.247 D/BtGatt.GattService( 1928): onScanResult to scannerId: 2- eventType=0x1b, addressType=1, address=43D003_F, primaryPhy=1, secondaryPhy=0, advertisingSid=0xff, txPower=127, rssi=-75, periodicAdvInt=0x0
05-17 12:58:22.249 D/BtGatt.GattService( 1928): onScanResult to scannerId: 2- eventType=0x1b, addressType=1, address=728D22_8, primaryPhy=1, secondaryPhy=0, advertisingSid=0xff, txPower=127, rssi=-62, periodicAdvInt=0x0
05-17 12:58:22.264 D/BtGatt.GattService( 1928): onScanResult to scannerId: 2- eventType=0x10, addressType=1, address=7D35D8_F, primaryPhy=1, secondaryPhy=0, advertisingSid=0xff, txPower=127, rssi=-88, periodicAdvInt=0x0
05-17 12:58:22.265 D/BtGatt.GattService( 1928): onScanResult to scannerId: 2- eventType=0x10, addressType=0, address=BC7E8B_B, primaryPhy=1, secondaryPhy=0, advertisingSid=0xff, txPower=127, rssi=-85, periodicAdvInt=0x0
05-17 12:58:22.271 D/BtGatt.GattService( 1928): onScanResult to scannerId: 2- eventType=0x1a, addressType=1, address=514AA8_3, primaryPhy=1, secondaryPhy=0, advertisingSid=0xff, txPower=127, rssi=-44, periodicAdvInt=0x0
05-17 12:58:22.277 D/BtGatt.GattService( 1928): onScanResult to scannerId: 2- eventType=0x10, addressType=1, address=70B44E_1, primaryPhy=1, secondaryPhy=0, advertisingSid=0xff, txPower=127, rssi=-81, periodicAdvInt=0x0
05-17 12:58:22.284 D/BtGatt.GattService( 1928): onScanResult to scannerId: 2- eventType=0x1b, addressType=1, address=728D22_8, primaryPhy=1, secondaryPhy=0, advertisingSid=0xff, txPower=127, rssi=-62, periodicAdvInt=0x0
05-17 12:58:22.285 D/BtGatt.GattService( 1928): onScanResult to scannerId: 2- eventType=0x10, addressType=1, address=7559F4_E, primaryPhy=1, secondaryPhy=0, advertisingSid=0xff, txPower=127, rssi=-35, periodicAdvInt=0x0
05-17 12:58:22.290 D/BtGatt.GattService( 1928): onScanResult to scannerId: 2- eventType=0x10, addressType=1, address=544BCB_0, primaryPhy=1, secondaryPhy=0, advertisingSid=0xff, txPower=127, rssi=-81, periodicAdvInt=0x0
05-17 12:58:22.316 D/BtGatt.GattService( 1928): onScanResult to scannerId: 2- eventType=0x1b, addressType=1, address=728D22_8, primaryPhy=1, secondaryPhy=0, advertisingSid=0xff, txPower=127, rssi=-62, periodicAdvInt=0x0
05-17 12:58:22.448 D/SemWifiUsabilityStatsMonitor( 1200): onWifiUsabilityStats - seqNum 7971, isSameBssidAndFreq true
05-17 12:58:22.450 I/SemWifiLinkQualityMonitor( 1200): Link Qos Query: 0.036 ms / 223.678 Mbps (432 / 0.017 / 1.000)
05-17 12:58:23.925 D/BtGatt.GattService( 1928): onScanResult to scannerId: 2- eventType=0x10, addressType=1, address=6DDDD7_C, primaryPhy=1, secondaryPhy=0, advertisingSid=0xff, txPower=127, rssi=-78, periodicAdvInt=0x0
05-17 12:58:23.929 D/BtGatt.GattService( 1928): onScanResult to scannerId: 2- eventType=0x10, addressType=1, address=560A81_6, primaryPhy=1, secondaryPhy=0, advertisingSid=0xff, txPower=127, rssi=-80, periodicAdvInt=0x0
05-17 12:58:23.936 D/BtGatt.GattService( 1928): onScanResult to scannerId: 2- eventType=0x1b, addressType=1, address=728D22_8, primaryPhy=1, secondaryPhy=0, advertisingSid=0xff, txPower=127, rssi=-50, periodicAdvInt=0x0
05-17 12:58:23.945 D/BtGatt.GattService( 1928): onScanResult to scannerId: 2- eventType=0x1b, addressType=1, address=4CB994_7, primaryPhy=1, secondaryPhy=0, advertisingSid=0xff, txPower=127, rssi=-35, periodicAdvInt=0x0
05-17 12:58:23.945 D/BtGatt.GattService( 1928): onScanResult to scannerId: 2- eventType=0x10, addressType=1, address=7D35D8_F, primaryPhy=1, secondaryPhy=0, advertisingSid=0xff, txPower=127, rssi=-85, periodicAdvInt=0x0
05-17 12:58:23.961 D/BtGatt.GattService( 1928): onScanResult to scannerId: 2- eventType=0x10, addressType=1, address=544BCB_0, primaryPhy=1, secondaryPhy=0, advertisingSid=0xff, txPower=127, rssi=-86, periodicAdvInt=0x0
05-17 12:58:23.968 D/BtGatt.GattService( 1928): onScanResult to scannerId: 2- eventType=0x1b, addressType=1, address=728D22_8, primaryPhy=1, secondaryPhy=0, advertisingSid=0xff, txPower=127, rssi=-51, periodicAdvInt=0x0
05-17 12:58:24.001 D/BtGatt.GattService( 1928): onScanResult to scannerId: 2- eventType=0x1b, addressType=0, address=84E0F4_2, primaryPhy=1, secondaryPhy=0, advertisingSid=0xff, txPower=127, rssi=-78, periodicAdvInt=0x0
05-17 12:58:24.008 D/BtGatt.GattService( 1928): onScanResult to scannerId: 2- eventType=0x10, addressType=1, address=18A8A4_9, primaryPhy=1, secondaryPhy=0, advertisingSid=0xff, txPower=127, rssi=-91, periodicAdvInt=0x0
05-17 12:58:24.061 D/BtGatt.GattService( 1928): onScanResult to scannerId: 2- eventType=0x1a, addressType=1, address=514AA8_3, primaryPhy=1, secondaryPhy=0, advertisingSid=0xff, txPower=127, rssi=-44, periodicAdvInt=0x0
05-17 12:58:24.072 D/BtGatt.GattService( 1928): onScanResult to scannerId: 2- eventType=0x1b, addressType=1, address=728D22_8, primaryPhy=1, secondaryPhy=0, advertisingSid=0xff, txPower=127, rssi=-51, periodicAdvInt=0x0
05-17 12:58:24.106 D/BtGatt.GattService( 1928): onScanResult to scannerId: 2- eventType=0x1b, addressType=1, address=728D22_8, primaryPhy=1, secondaryPhy=0, advertisingSid=0xff, txPower=127, rssi=-51, periodicAdvInt=0x0
05-17 12:58:24.136 D/BtGatt.GattService( 1928): onScanResult to scannerId: 2- eventType=0x10, addressType=1, address=7D35D8_F, primaryPhy=1, secondaryPhy=0, advertisingSid=0xff, txPower=127, rssi=-84, periodicAdvInt=0x0
05-17 12:58:24.146 D/BtGatt.GattService( 1928): onScanResult to scannerId: 2- eventType=0x1b, addressType=1, address=728D22_8, primaryPhy=1, secondaryPhy=0, advertisingSid=0xff, txPower=127, rssi=-51, periodicAdvInt=0x0
05-17 12:58:24.149 D/BtGatt.GattService( 1928): onScanResult to scannerId: 2- eventType=0x10, addressType=0, address=BC7E8B_B, primaryPhy=1, secondaryPhy=0, advertisingSid=0xff, txPower=127, rssi=-82, periodicAdvInt=0x0
05-17 12:58:24.152 D/BtGatt.GattService( 1928): onScanResult to scannerId: 2- eventType=0x1b, addressType=0, address=84E0F4_2, primaryPhy=1, secondaryPhy=0, advertisingSid=0xff, txPower=127, rssi=-78, periodicAdvInt=0x0
05-17 12:58:24.185 D/BtGatt.GattService( 1928): onScanResult to scannerId: 2- eventType=0x1b, addressType=1, address=728D22_8, primaryPhy=1, secondaryPhy=0, advertisingSid=0xff, txPower=127, rssi=-50, periodicAdvInt=0x0
05-17 12:58:25.156 I/MeshxBleNative(10600): sendToPeer rejected: self-test send disabled by runtime flag
05-17 12:58:25.156 I/Elixir  (10600): BleSelfTest: MESH MESSAGE SENT payload="hello-from-meshx-dev-1779047905" result={:error, :send_rejected}
05-17 12:58:25.157 I/BEAMout (10600): 12:58:25.156 [info] BleSelfTest: MESH MESSAGE SENT payload="hello-from-meshx-dev-1779047905" result={:error, :send_rejected}
05-17 12:58:25.553 D/SemWifiUsabilityStatsMonitor( 1200): onWifiUsabilityStats - seqNum 7972, isSameBssidAndFreq true
05-17 12:58:25.553 I/SemWifiLinkQualityMonitor( 1200): Link Qos Query: 0.089 ms / 89.410 Mbps (432 / 0.071 / 1.000)
05-17 12:58:25.554 D/NetworkController.WifiSignalController( 1613): notifyListener: visible=true, connected=true, inetCondition=1, isDefault=true, wifiTestReported=true, receivedInetCondition=-1, hideDuringMobileSwitching=false
05-17 12:58:25.805 D/BtGatt.GattService( 1928): onScanResult to scannerId: 2- eventType=0x1b, addressType=1, address=728D22_8, primaryPhy=1, secondaryPhy=0, advertisingSid=0xff, txPower=127, rssi=-49, periodicAdvInt=0x0
05-17 12:58:25.816 D/BtGatt.GattService( 1928): onScanResult to scannerId: 2- eventType=0x10, addressType=1, address=7559F4_E, primaryPhy=1, secondaryPhy=0, advertisingSid=0xff, txPower=127, rssi=-36, periodicAdvInt=0x0
05-17 12:58:25.821 D/BtGatt.GattService( 1928): onScanResult to scannerId: 2- eventType=0x10, addressType=1, address=7D35D8_F, primaryPhy=1, secondaryPhy=0, advertisingSid=0xff, txPower=127, rssi=-84, periodicAdvInt=0x0
05-17 12:58:25.831 D/BtGatt.GattService( 1928): onScanResult to scannerId: 2- eventType=0x1a, addressType=1, address=514AA8_3, primaryPhy=1, secondaryPhy=0, advertisingSid=0xff, txPower=127, rssi=-45, periodicAdvInt=0x0
05-17 12:58:25.838 D/BtGatt.GattService( 1928): onScanResult to scannerId: 2- eventType=0x1b, addressType=1, address=728D22_8, primaryPhy=1, secondaryPhy=0, advertisingSid=0xff, txPower=127, rssi=-49, periodicAdvInt=0x0
05-17 12:58:25.872 D/BtGatt.GattService( 1928): onScanResult to scannerId: 2- eventType=0x1b, addressType=1, address=728D22_8, primaryPhy=1, secondaryPhy=0, advertisingSid=0xff, txPower=127, rssi=-49, periodicAdvInt=0x0
05-17 12:58:25.905 D/BtGatt.GattService( 1928): onScanResult to scannerId: 2- eventType=0x1b, addressType=1, address=728D22_8, primaryPhy=1, secondaryPhy=0, advertisingSid=0xff, txPower=127, rssi=-49, periodicAdvInt=0x0
05-17 12:58:25.927 D/BtGatt.GattService( 1928): onScanResult to scannerId: 2- eventType=0x1b, addressType=1, address=43D003_F, primaryPhy=1, secondaryPhy=0, advertisingSid=0xff, txPower=127, rssi=-76, periodicAdvInt=0x0
05-17 12:58:25.928 D/BtGatt.GattService( 1928): onScanResult to scannerId: 2- eventType=0x1b, addressType=1, address=409F5F_D, primaryPhy=1, secondaryPhy=0, advertisingSid=0xff, txPower=127, rssi=-57, periodicAdvInt=0x0
05-17 12:58:25.938 D/BtGatt.GattService( 1928): onScanResult to scannerId: 2- eventType=0x1b, addressType=1, address=728D22_8, primaryPhy=1, secondaryPhy=0, advertisingSid=0xff, txPower=127, rssi=-49, periodicAdvInt=0x0
05-17 12:58:25.980 D/BtGatt.GattService( 1928): onScanResult to scannerId: 2- eventType=0x1b, addressType=1, address=728D22_8, primaryPhy=1, secondaryPhy=0, advertisingSid=0xff, txPower=127, rssi=-48, periodicAdvInt=0x0
05-17 12:58:25.986 D/BtGatt.GattService( 1928): onScanResult to scannerId: 2- eventType=0x10, addressType=1, address=18A8A4_9, primaryPhy=1, secondaryPhy=0, advertisingSid=0xff, txPower=127, rssi=-86, periodicAdvInt=0x0
05-17 12:58:26.148 I/Elixir  (10600): BleSelfTest: HEARTBEAT events=199 devices=29 meshx_peers=0 sent=2 distinct_msgs=2 beacon_callbacks=15 envelopes=1
05-17 12:58:26.149 I/BEAMout (10600): 12:58:26.148 [info] BleSelfTest: HEARTBEAT events=199 devices=29 meshx_peers=0 sent=2 distinct_msgs=2 beacon_callbacks=15 envelopes=1
05-17 12:58:27.646 D/BtGatt.GattService( 1928): onScanResult to scannerId: 2- eventType=0x10, addressType=1, address=560A81_6, primaryPhy=1, secondaryPhy=0, advertisingSid=0xff, txPower=127, rssi=-78, periodicAdvInt=0x0
05-17 12:58:27.656 D/BtGatt.GattService( 1928): onScanResult to scannerId: 2- eventType=0x1b, addressType=0, address=84E0F4_2, primaryPhy=1, secondaryPhy=0, advertisingSid=0xff, txPower=127, rssi=-90, periodicAdvInt=0x0
05-17 12:58:27.672 D/BtGatt.GattService( 1928): onScanResult to scannerId: 2- eventType=0x1b, addressType=1, address=728D22_8, primaryPhy=1, secondaryPhy=0, advertisingSid=0xff, txPower=127, rssi=-62, periodicAdvInt=0x0
05-17 12:58:27.679 D/BtGatt.GattService( 1928): onScanResult to scannerId: 2- eventType=0x10, addressType=1, address=6DDDD7_C, primaryPhy=1, secondaryPhy=0, advertisingSid=0xff, txPower=127, rssi=-84, periodicAdvInt=0x0
05-17 12:58:27.707 D/BtGatt.GattService( 1928): onScanResult to scannerId: 2- eventType=0x1b, addressType=1, address=728D22_8, primaryPhy=1, secondaryPhy=0, advertisingSid=0xff, txPower=127, rssi=-63, periodicAdvInt=0x0
05-17 12:58:27.717 W/roid.honeyboard(23472): Reducing the number of considered missed Gc histogram windows from 227 to 100
05-17 12:58:27.734 D/BtGatt.GattService( 1928): onScanResult to scannerId: 2- eventType=0x10, addressType=1, address=7559F4_E, primaryPhy=1, secondaryPhy=0, advertisingSid=0xff, txPower=127, rssi=-35, periodicAdvInt=0x0
05-17 12:58:27.740 D/BtGatt.GattService( 1928): onScanResult to scannerId: 2- eventType=0x1b, addressType=1, address=728D22_8, primaryPhy=1, secondaryPhy=0, advertisingSid=0xff, txPower=127, rssi=-62, periodicAdvInt=0x0
05-17 12:58:27.742 D/BtGatt.GattService( 1928): onScanResult to scannerId: 2- eventType=0x1a, addressType=1, address=514AA8_3, primaryPhy=1, secondaryPhy=0, advertisingSid=0xff, txPower=127, rssi=-44, periodicAdvInt=0x0
05-17 12:58:27.754 D/BtGatt.GattService( 1928): onScanResult to scannerId: 2- eventType=0x1b, addressType=1, address=43D003_F, primaryPhy=1, secondaryPhy=0, advertisingSid=0xff, txPower=127, rssi=-75, periodicAdvInt=0x0
05-17 12:58:27.770 D/BtGatt.GattService( 1928): onScanResult to scannerId: 2- eventType=0x1b, addressType=1, address=728D22_8, primaryPhy=1, secondaryPhy=0, advertisingSid=0xff, txPower=127, rssi=-62, periodicAdvInt=0x0
05-17 12:58:27.785 D/BtGatt.GattService( 1928): onScanResult to scannerId: 2- eventType=0x10, addressType=0, address=BC455B_A, primaryPhy=1, secondaryPhy=0, advertisingSid=0xff, txPower=127, rssi=-73, periodicAdvInt=0x0
05-17 12:58:27.805 D/BtGatt.GattService( 1928): onScanResult to scannerId: 2- eventType=0x1b, addressType=1, address=728D22_8, primaryPhy=1, secondaryPhy=0, advertisingSid=0xff, txPower=127, rssi=-64, periodicAdvInt=0x0
05-17 12:58:27.840 D/BtGatt.GattService( 1928): onScanResult to scannerId: 2- eventType=0x1b, addressType=1, address=4DB9AB_4, primaryPhy=1, secondaryPhy=0, advertisingSid=0xff, txPower=127, rssi=-78, periodicAdvInt=0x0
05-17 12:58:27.845 D/BtGatt.GattService( 1928): onScanResult to scannerId: 2- eventType=0x1b, addressType=1, address=409F5F_D, primaryPhy=1, secondaryPhy=0, advertisingSid=0xff, txPower=127, rssi=-67, periodicAdvInt=0x0
05-17 12:58:27.873 D/BtGatt.GattService( 1928): onScanResult to scannerId: 2- eventType=0x1b, addressType=1, address=728D22_8, primaryPhy=1, secondaryPhy=0, advertisingSid=0xff, txPower=127, rssi=-62, periodicAdvInt=0x0
05-17 12:58:27.882 D/BtGatt.GattService( 1928): onScanResult to scannerId: 2- eventType=0x1a, addressType=1, address=514AA8_3, primaryPhy=1, secondaryPhy=0, advertisingSid=0xff, txPower=127, rssi=-44, periodicAdvInt=0x0
05-17 12:58:27.886 D/BtGatt.GattService( 1928): onScanResult to scannerId: 2- eventType=0x1b, addressType=0, address=94944A_9, primaryPhy=1, secondaryPhy=0, advertisingSid=0xff, txPower=127, rssi=-94, periodicAdvInt=0x0
05-17 12:58:27.887 D/BtGatt.GattService( 1928): onScanResult to scannerId: 2- eventType=0x10, addressType=1, address=6DDDD7_C, primaryPhy=1, secondaryPhy=0, advertisingSid=0xff, txPower=127, rssi=-84, periodicAdvInt=0x0
05-17 12:58:27.887 D/BtGatt.GattService( 1928): onScanResult to scannerId: 2- eventType=0x10, addressType=1, address=544BCB_0, primaryPhy=1, secondaryPhy=0, advertisingSid=0xff, txPower=127, rssi=-80, periodicAdvInt=0x0
05-17 12:58:27.894 D/BtGatt.GattService( 1928): onScanResult to scannerId: 2- eventType=0x10, addressType=1, address=265632_4, primaryPhy=1, secondaryPhy=0, advertisingSid=0xff, txPower=127, rssi=-93, periodicAdvInt=0x0
05-17 12:58:28.660 D/SemWifiUsabilityStatsMonitor( 1200): onWifiUsabilityStats - seqNum 7973, isSameBssidAndFreq true
05-17 12:58:28.663 I/SemWifiLinkQualityMonitor( 1200): Link Qos Query: 0.073 ms / 109.028 Mbps (432 / 0.055 / 1.000)
05-17 12:58:28.719 I/SDHMS:LOAD( 2905): type: LoadsFreqs, value: 0:0:0:660399:1170000:650000:660399:1170000:650000:0:0:0
05-17 12:58:28.989 W/PackageManager( 1200): Not removing package com.google.android.trichromelibrary hosting lib com.google.android.trichromelibrary version 768011633 used by [VersionedPackage[com.android.chrome/768011633]] for user 0
05-17 12:58:29.181 D/io_stats(  602): !@   8,0 r 1040868 33947320 w 609211 57920748 d 0 0 f 0 0 iot 525912 0 th 0 0 0 pt 0 inp 0 0 211156.753
05-17 12:58:29.498 D/BtGatt.GattService( 1928): onScanResult to scannerId: 2- eventType=0x1b, addressType=0, address=84E0F4_2, primaryPhy=1, secondaryPhy=0, advertisingSid=0xff, txPower=127, rssi=-78, periodicAdvInt=0x0
05-17 12:58:29.502 D/BtGatt.GattService( 1928): onScanResult to scannerId: 2- eventType=0x10, addressType=0, address=4CC95E_3, primaryPhy=1, secondaryPhy=0, advertisingSid=0xff, txPower=127, rssi=-94, periodicAdvInt=0x0
05-17 12:58:29.521 D/BtGatt.GattService( 1928): onScanResult to scannerId: 2- eventType=0x1b, addressType=1, address=728D22_8, primaryPhy=1, secondaryPhy=0, advertisingSid=0xff, txPower=127, rssi=-50, periodicAdvInt=0x0
05-17 12:58:29.524 I/MeshxBleScanRaw(10600): device_id=4C:C9:5E:42:49:73 rssi=-94 advertisement_b64=G/91AEIEAYBmTMleQklzTsleQklyAQwcAAAAAAAAAAAAAAAAAAAAAAAAAAAAAAAAAAAAAAAAAAAAAAAAAAA= manufacturer_ids=[117] service_uuids=[]
05-17 12:58:29.526 D/BtGatt.GattService( 1928): onScanResult to scannerId: 2- eventType=0x1b, addressType=1, address=DD0D30_2, primaryPhy=1, secondaryPhy=0, advertisingSid=0xff, txPower=127, rssi=-61, periodicAdvInt=0x0
05-17 12:58:29.553 D/BtGatt.GattService( 1928): onScanResult to scannerId: 2- eventType=0x10, addressType=1, address=70B44E_1, primaryPhy=1, secondaryPhy=0, advertisingSid=0xff, txPower=127, rssi=-81, periodicAdvInt=0x0
05-17 12:58:29.558 D/BtGatt.GattService( 1928): onScanResult to scannerId: 2- eventType=0x1b, addressType=1, address=728D22_8, primaryPhy=1, secondaryPhy=0, advertisingSid=0xff, txPower=127, rssi=-51, periodicAdvInt=0x0
05-17 12:58:29.559 D/BtGatt.GattService( 1928): onScanResult to scannerId: 2- eventType=0x10, addressType=1, address=6DDDD7_C, primaryPhy=1, secondaryPhy=0, advertisingSid=0xff, txPower=127, rssi=-78, periodicAdvInt=0x0
05-17 12:58:29.569 D/BtGatt.GattService( 1928): onScanResult to scannerId: 2- eventType=0x1b, addressType=0, address=84E0F4_2, primaryPhy=1, secondaryPhy=0, advertisingSid=0xff, txPower=127, rssi=-78, periodicAdvInt=0x0
05-17 12:58:29.571 D/BtGatt.GattService( 1928): onScanResult to scannerId: 2- eventType=0x10, addressType=1, address=544BCB_0, primaryPhy=1, secondaryPhy=0, advertisingSid=0xff, txPower=127, rssi=-84, periodicAdvInt=0x0
05-17 12:58:29.592 D/BtGatt.GattService( 1928): onScanResult to scannerId: 2- eventType=0x1b, addressType=1, address=728D22_8, primaryPhy=1, secondaryPhy=0, advertisingSid=0xff, txPower=127, rssi=-51, periodicAdvInt=0x0
05-17 12:58:29.596 D/BtGatt.GattService( 1928): onScanResult to scannerId: 2- eventType=0x1b, addressType=0, address=84E0F4_2, primaryPhy=1, secondaryPhy=0, advertisingSid=0xff, txPower=127, rssi=-78, periodicAdvInt=0x0
05-17 12:58:29.599 D/BtGatt.GattService( 1928): onScanResult to scannerId: 2- eventType=0x1b, addressType=1, address=F812C9_E, primaryPhy=1, secondaryPhy=0, advertisingSid=0xff, txPower=127, rssi=-87, periodicAdvInt=0x0
05-17 12:58:29.615 D/BtGatt.GattService( 1928): onScanResult to scannerId: 2- eventType=0x1b, addressType=1, address=4CB994_7, primaryPhy=1, secondaryPhy=0, advertisingSid=0xff, txPower=127, rssi=-35, periodicAdvInt=0x0
05-17 12:58:29.624 D/BtGatt.GattService( 1928): onScanResult to scannerId: 2- eventType=0x1b, addressType=1, address=728D22_8, primaryPhy=1, secondaryPhy=0, advertisingSid=0xff, txPower=127, rssi=-51, periodicAdvInt=0x0
05-17 12:58:29.625 D/BtGatt.GattService( 1928): onScanResult to scannerId: 2- eventType=0x1b, addressType=1, address=4861E6_6, primaryPhy=1, secondaryPhy=0, advertisingSid=0xff, txPower=127, rssi=-35, periodicAdvInt=0x0
05-17 12:58:29.645 D/BtGatt.GattService( 1928): onScanResult to scannerId: 2- eventType=0x10, addressType=0, address=BC455B_A, primaryPhy=1, secondaryPhy=0, advertisingSid=0xff, txPower=127, rssi=-84, periodicAdvInt=0x0
05-17 12:58:29.652 D/BtGatt.GattService( 1928): onScanResult to scannerId: 2- eventType=0x1b, addressType=1, address=728D22_8, primaryPhy=1, secondaryPhy=0, advertisingSid=0xff, txPower=127, rssi=-51, periodicAdvInt=0x0
05-17 12:58:29.653 D/BtGatt.GattService( 1928): onScanResult to scannerId: 2- eventType=0x1b, addressType=0, address=84E0F4_2, primaryPhy=1, secondaryPhy=0, advertisingSid=0xff, txPower=127, rssi=-78, periodicAdvInt=0x0
05-17 12:58:29.654 I/Finsky  (32141): [69] AIM: AppInfoManager-Perf > Destroying AppInfoManager ...
05-17 12:58:29.659 D/BtGatt.GattService( 1928): onScanResult to scannerId: 2- eventType=0x10, addressType=1, address=2E718A_2, primaryPhy=1, secondaryPhy=0, advertisingSid=0xff, txPower=127, rssi=-92, periodicAdvInt=0x0
05-17 12:58:29.660 D/BtGatt.GattService( 1928): onScanResult to scannerId: 2- eventType=0x10, addressType=1, address=6DDDD7_C, primaryPhy=1, secondaryPhy=0, advertisingSid=0xff, txPower=127, rssi=-78, periodicAdvInt=0x0
05-17 12:58:29.680 I/MeshxBleScanRaw(10600): device_id=2E:71:8A:EF:B4:02 rssi=-92 advertisement_b64=Hv8GAAEJICIaiW2SKV8+tQryd9ya4jBfF2zY+ckZWQAAAAAAAAAAAAAAAAAAAAAAAAAAAAAAAAAAAAAAAAA= manufacturer_ids=[6] service_uuids=[]
05-17 12:58:29.691 D/BtGatt.GattService( 1928): onScanResult to scannerId: 2- eventType=0x1b, addressType=1, address=728D22_8, primaryPhy=1, secondaryPhy=0, advertisingSid=0xff, txPower=127, rssi=-51, periodicAdvInt=0x0
05-17 12:58:29.708 D/BtGatt.GattService( 1928): onScanResult to scannerId: 2- eventType=0x1b, addressType=0, address=84E0F4_2, primaryPhy=1, secondaryPhy=0, advertisingSid=0xff, txPower=127, rssi=-78, periodicAdvInt=0x0
05-17 12:58:29.729 D/BtGatt.GattService( 1928): onScanResult to scannerId: 2- eventType=0x1b, addressType=1, address=728D22_8, primaryPhy=1, secondaryPhy=0, advertisingSid=0xff, txPower=127, rssi=-51, periodicAdvInt=0x0
05-17 12:58:31.149 I/Elixir  (10600): BleSelfTest: HEARTBEAT events=242 devices=31 meshx_peers=0 sent=2 distinct_msgs=2 beacon_callbacks=17 envelopes=1
05-17 12:58:31.150 I/BEAMout (10600): 12:58:31.149 [info] BleSelfTest: HEARTBEAT events=242 devices=31 meshx_peers=0 sent=2 distinct_msgs=2 beacon_callbacks=17 envelopes=1
05-17 12:58:31.354 D/BtGatt.GattService( 1928): onScanResult to scannerId: 2- eventType=0x10, addressType=1, address=18A8A4_9, primaryPhy=1, secondaryPhy=0, advertisingSid=0xff, txPower=127, rssi=-86, periodicAdvInt=0x0
05-17 12:58:31.378 D/BtGatt.GattService( 1928): onScanResult to scannerId: 2- eventType=0x10, addressType=1, address=560A81_6, primaryPhy=1, secondaryPhy=0, advertisingSid=0xff, txPower=127, rssi=-82, periodicAdvInt=0x0
05-17 12:58:31.383 D/BtGatt.GattService( 1928): onScanResult to scannerId: 2- eventType=0x1b, addressType=1, address=728D22_8, primaryPhy=1, secondaryPhy=0, advertisingSid=0xff, txPower=127, rssi=-49, periodicAdvInt=0x0
05-17 12:58:31.408 D/BtGatt.GattService( 1928): onScanResult to scannerId: 2- eventType=0x1b, addressType=1, address=43D003_F, primaryPhy=1, secondaryPhy=0, advertisingSid=0xff, txPower=127, rssi=-77, periodicAdvInt=0x0
05-17 12:58:31.412 D/BtGatt.GattService( 1928): onScanResult to scannerId: 2- eventType=0x1b, addressType=1, address=728D22_8, primaryPhy=1, secondaryPhy=0, advertisingSid=0xff, txPower=127, rssi=-49, periodicAdvInt=0x0
05-17 12:58:31.416 D/BtGatt.GattService( 1928): onScanResult to scannerId: 2- eventType=0x1b, addressType=1, address=4861E6_6, primaryPhy=1, secondaryPhy=0, advertisingSid=0xff, txPower=127, rssi=-36, periodicAdvInt=0x0
05-17 12:58:31.422 D/BtGatt.GattService( 1928): onScanResult to scannerId: 2- eventType=0x1b, addressType=1, address=4CB994_7, primaryPhy=1, secondaryPhy=0, advertisingSid=0xff, txPower=127, rssi=-36, periodicAdvInt=0x0
05-17 12:58:31.438 D/BtGatt.GattService( 1928): onScanResult to scannerId: 2- eventType=0x1a, addressType=1, address=622B3D_F, primaryPhy=1, secondaryPhy=0, advertisingSid=0xff, txPower=127, rssi=-45, periodicAdvInt=0x0
05-17 12:58:31.442 D/BtGatt.GattService( 1928): onScanResult to scannerId: 2- eventType=0x10, addressType=1, address=C7494A_4, primaryPhy=1, secondaryPhy=0, advertisingSid=0xff, txPower=127, rssi=-49, periodicAdvInt=0x0
05-17 12:58:31.446 D/BtGatt.GattService( 1928): onScanResult to scannerId: 2- eventType=0x1b, addressType=1, address=728D22_8, primaryPhy=1, secondaryPhy=0, advertisingSid=0xff, txPower=127, rssi=-49, periodicAdvInt=0x0
05-17 12:58:31.457 I/MeshxBleScanRaw(10600): device_id=62:2B:3D:BB:3E:AF rssi=-45 advertisement_b64=Gf///01CAQEBACLuh4O1o3pC9wgG7dwoW8wAAAAAAAAAAAAAAAAAAAAAAAAAAAAAAAAAAAAAAAAAAAAAAAA= manufacturer_ids=[65535] service_uuids=[]
05-17 12:58:31.459 I/Elixir  (10600): BleSelfTest: DISTINCT MESH MESSAGE kind=beacon key=f70806eddc285bcc:22ee8783b5a37a42 from=sender_hash=f70806eddc285bcc device_id=62:2B:3D:BB:3E:AF first_seen_after=19_callbacks
05-17 12:58:31.461 I/BEAMout (10600): 12:58:31.458 [info] BleSelfTest: DISTINCT MESH MESSAGE kind=beacon key=f70806eddc285bcc:22ee8783b5a37a42 from=sender_hash=f70806eddc285bcc device_id=62:2B:3D:BB:3E:AF first_seen_after=19_callbacks
05-17 12:58:31.475 D/BtGatt.GattService( 1928): onScanResult to scannerId: 2- eventType=0x1b, addressType=1, address=728D22_8, primaryPhy=1, secondaryPhy=0, advertisingSid=0xff, txPower=127, rssi=-49, periodicAdvInt=0x0
05-17 12:58:31.506 D/BtGatt.GattService( 1928): onScanResult to scannerId: 2- eventType=0x10, addressType=0, address=BC455B_A, primaryPhy=1, secondaryPhy=0, advertisingSid=0xff, txPower=127, rssi=-80, periodicAdvInt=0x0
05-17 12:58:31.511 D/BtGatt.GattService( 1928): onScanResult to scannerId: 2- eventType=0x1b, addressType=1, address=728D22_8, primaryPhy=1, secondaryPhy=0, advertisingSid=0xff, txPower=127, rssi=-49, periodicAdvInt=0x0
05-17 12:58:31.549 D/BtGatt.GattService( 1928): onScanResult to scannerId: 2- eventType=0x1b, addressType=1, address=728D22_8, primaryPhy=1, secondaryPhy=0, advertisingSid=0xff, txPower=127, rssi=-49, periodicAdvInt=0x0
05-17 12:58:31.551 I/wpa_supplicant( 1707): Heartbeat 21095
05-17 12:58:31.562 D/BtGatt.GattService( 1928): onScanResult to scannerId: 2- eventType=0x10, addressType=1, address=560A81_6, primaryPhy=1, secondaryPhy=0, advertisingSid=0xff, txPower=127, rssi=-78, periodicAdvInt=0x0
05-17 12:58:31.580 D/BtGatt.GattService( 1928): onScanResult to scannerId: 2- eventType=0x1a, addressType=1, address=622B3D_F, primaryPhy=1, secondaryPhy=0, advertisingSid=0xff, txPower=127, rssi=-45, periodicAdvInt=0x0
05-17 12:58:31.588 D/BtGatt.GattService( 1928): onScanResult to scannerId: 2- eventType=0x1b, addressType=1, address=728D22_8, primaryPhy=1, secondaryPhy=0, advertisingSid=0xff, txPower=127, rssi=-48, periodicAdvInt=0x0
05-17 12:58:31.763 D/SemWifiUsabilityStatsMonitor( 1200): onWifiUsabilityStats - seqNum 7974, isSameBssidAndFreq true
05-17 12:58:31.765 I/SemWifiLinkQualityMonitor( 1200): Link Qos Query: 0.091 ms / 87.464 Mbps (432 / 0.073 / 1.000)
05-17 12:58:32.157 I/MeshxBleNative(10600): sendToPeer rejected: self-test send disabled by runtime flag
05-17 12:58:32.158 I/Elixir  (10600): BleSelfTest: MESH MESSAGE SENT payload="hello-from-meshx-dev-1779047912" result={:error, :send_rejected}
05-17 12:58:32.159 I/BEAMout (10600): 12:58:32.158 [info] BleSelfTest: MESH MESSAGE SENT payload="hello-from-meshx-dev-1779047912" result={:error, :send_rejected}
05-17 12:58:32.604 D/UsbStatsMonitor( 1200): 0 0 0 0 0 0 0 0 0 0 0 0 0 0 0 0 0 0 0 0 0 0 0 0 0 0 0 0 0 0 0 0 0 0 0 0 0 0 0 0 0 0 0 0 0 0 0 0 0 0 53021371269139
05-17 12:58:33.182 D/io_stats(  602): !@   8,0 r 1040868 33947320 w 609214 57920760 d 0 0 f 0 0 iot 525916 0 th 0 0 0 pt 0 inp 0 0 211160.755
05-17 12:58:33.217 D/BtGatt.GattService( 1928): onScanResult to scannerId: 2- eventType=0x1b, addressType=1, address=4861E6_6, primaryPhy=1, secondaryPhy=0, advertisingSid=0xff, txPower=127, rssi=-36, periodicAdvInt=0x0
05-17 12:58:33.222 D/BtGatt.GattService( 1928): onScanResult to scannerId: 2- eventType=0x1b, addressType=1, address=4CB994_7, primaryPhy=1, secondaryPhy=0, advertisingSid=0xff, txPower=127, rssi=-36, periodicAdvInt=0x0
05-17 12:58:33.228 D/BtGatt.GattService( 1928): onScanResult to scannerId: 2- eventType=0x10, addressType=1, address=560A81_6, primaryPhy=1, secondaryPhy=0, advertisingSid=0xff, txPower=127, rssi=-78, periodicAdvInt=0x0
05-17 12:58:33.229 D/BtGatt.GattService( 1928): onScanResult to scannerId: 2- eventType=0x1b, addressType=1, address=43D003_F, primaryPhy=1, secondaryPhy=0, advertisingSid=0xff, txPower=127, rssi=-75, periodicAdvInt=0x0
05-17 12:58:33.262 D/BtGatt.GattService( 1928): onScanResult to scannerId: 2- eventType=0x1b, addressType=1, address=728D22_8, primaryPhy=1, secondaryPhy=0, advertisingSid=0xff, txPower=127, rssi=-63, periodicAdvInt=0x0
05-17 12:58:33.298 D/BtGatt.GattService( 1928): onScanResult to scannerId: 2- eventType=0x1b, addressType=1, address=728D22_8, primaryPhy=1, secondaryPhy=0, advertisingSid=0xff, txPower=127, rssi=-62, periodicAdvInt=0x0
05-17 12:58:33.325 D/BtGatt.GattService( 1928): onScanResult to scannerId: 2- eventType=0x1b, addressType=0, address=84E0F4_2, primaryPhy=1, secondaryPhy=0, advertisingSid=0xff, txPower=127, rssi=-91, periodicAdvInt=0x0
05-17 12:58:33.326 D/BtGatt.GattService( 1928): onScanResult to scannerId: 2- eventType=0x1b, addressType=1, address=409F5F_D, primaryPhy=1, secondaryPhy=0, advertisingSid=0xff, txPower=127, rssi=-67, periodicAdvInt=0x0
05-17 12:58:33.330 D/BtGatt.GattService( 1928): onScanResult to scannerId: 2- eventType=0x1a, addressType=1, address=622B3D_F, primaryPhy=1, secondaryPhy=0, advertisingSid=0xff, txPower=127, rssi=-44, periodicAdvInt=0x0
05-17 12:58:33.332 D/BtGatt.GattService( 1928): onScanResult to scannerId: 2- eventType=0x1b, addressType=1, address=4DB9AB_4, primaryPhy=1, secondaryPhy=0, advertisingSid=0xff, txPower=127, rssi=-78, periodicAdvInt=0x0
05-17 12:58:33.336 D/BtGatt.GattService( 1928): onScanResult to scannerId: 2- eventType=0x1b, addressType=1, address=728D22_8, primaryPhy=1, secondaryPhy=0, advertisingSid=0xff, txPower=127, rssi=-63, periodicAdvInt=0x0
05-17 12:58:33.340 D/BtGatt.GattService( 1928): onScanResult to scannerId: 2- eventType=0x10, addressType=1, address=6DDDD7_C, primaryPhy=1, secondaryPhy=0, advertisingSid=0xff, txPower=127, rssi=-84, periodicAdvInt=0x0
05-17 12:58:33.343 D/BtGatt.GattService( 1928): onScanResult to scannerId: 2- eventType=0x10, addressType=1, address=265632_4, primaryPhy=1, secondaryPhy=0, advertisingSid=0xff, txPower=127, rssi=-94, periodicAdvInt=0x0
05-17 12:58:33.348 D/BtGatt.GattService( 1928): onScanResult to scannerId: 2- eventType=0x1b, addressType=0, address=84E0F4_2, primaryPhy=1, secondaryPhy=0, advertisingSid=0xff, txPower=127, rssi=-90, periodicAdvInt=0x0
05-17 12:58:33.351 D/BtGatt.GattService( 1928): onScanResult to scannerId: 2- eventType=0x10, addressType=1, address=7559F4_E, primaryPhy=1, secondaryPhy=0, advertisingSid=0xff, txPower=127, rssi=-35, periodicAdvInt=0x0
05-17 12:58:33.355 D/BtGatt.GattService( 1928): onScanResult to scannerId: 2- eventType=0x10, addressType=1, address=E06AFE_3, primaryPhy=1, secondaryPhy=0, advertisingSid=0xff, txPower=127, rssi=-35, periodicAdvInt=0x0
05-17 12:58:33.364 D/BtGatt.GattService( 1928): onScanResult to scannerId: 2- eventType=0x1b, addressType=1, address=728D22_8, primaryPhy=1, secondaryPhy=0, advertisingSid=0xff, txPower=127, rssi=-62, periodicAdvInt=0x0
05-17 12:58:33.369 D/BtGatt.GattService( 1928): onScanResult to scannerId: 2- eventType=0x10, addressType=0, address=BC455B_A, primaryPhy=1, secondaryPhy=0, advertisingSid=0xff, txPower=127, rssi=-73, periodicAdvInt=0x0
05-17 12:58:33.397 D/BtGatt.GattService( 1928): onScanResult to scannerId: 2- eventType=0x1b, addressType=1, address=728D22_8, primaryPhy=1, secondaryPhy=0, advertisingSid=0xff, txPower=127, rssi=-63, periodicAdvInt=0x0
05-17 12:58:33.426 D/BtGatt.GattService( 1928): onScanResult to scannerId: 2- eventType=0x1b, addressType=1, address=728D22_8, primaryPhy=1, secondaryPhy=0, advertisingSid=0xff, txPower=127, rssi=-63, periodicAdvInt=0x0
05-17 12:58:33.444 D/BtGatt.GattService( 1928): onScanResult to scannerId: 2- eventType=0x10, addressType=1, address=C7494A_4, primaryPhy=1, secondaryPhy=0, advertisingSid=0xff, txPower=127, rssi=-63, periodicAdvInt=0x0
05-17 12:58:33.447 D/BtGatt.GattService( 1928): onScanResult to scannerId: 2- eventType=0x10, addressType=1, address=265632_4, primaryPhy=1, secondaryPhy=0, advertisingSid=0xff, txPower=127, rssi=-94, periodicAdvInt=0x0
05-17 12:58:33.450 D/BtGatt.GattService( 1928): onScanResult to scannerId: 2- eventType=0x10, addressType=1, address=6DDDD7_C, primaryPhy=1, secondaryPhy=0, advertisingSid=0xff, txPower=127, rssi=-84, periodicAdvInt=0x0
05-17 12:58:34.866 D/SemWifiUsabilityStatsMonitor( 1200): onWifiUsabilityStats - seqNum 7975, isSameBssidAndFreq true
05-17 12:58:34.867 I/SemWifiLinkQualityMonitor( 1200): Link Qos Query: 0.092 ms / 87.387 Mbps (432 / 0.073 / 1.000)
05-17 12:58:35.072 D/BtGatt.GattService( 1928): onScanResult to scannerId: 2- eventType=0x10, addressType=0, address=BC455B_A, primaryPhy=1, secondaryPhy=0, advertisingSid=0xff, txPower=127, rssi=-84, periodicAdvInt=0x0
05-17 12:58:35.084 D/BtGatt.GattService( 1928): onScanResult to scannerId: 2- eventType=0x1b, addressType=1, address=728D22_8, primaryPhy=1, secondaryPhy=0, advertisingSid=0xff, txPower=127, rssi=-50, periodicAdvInt=0x0
05-17 12:58:35.086 D/BtGatt.GattService( 1928): onScanResult to scannerId: 2- eventType=0x10, addressType=1, address=2E718A_2, primaryPhy=1, secondaryPhy=0, advertisingSid=0xff, txPower=127, rssi=-90, periodicAdvInt=0x0
05-17 12:58:35.100 D/BtGatt.GattService( 1928): onScanResult to scannerId: 2- eventType=0x10, addressType=1, address=560A81_6, primaryPhy=1, secondaryPhy=0, advertisingSid=0xff, txPower=127, rssi=-80, periodicAdvInt=0x0
05-17 12:58:35.105 D/BtGatt.GattService( 1928): onScanResult to scannerId: 2- eventType=0x1b, addressType=1, address=F812C9_E, primaryPhy=1, secondaryPhy=0, advertisingSid=0xff, txPower=127, rssi=-87, periodicAdvInt=0x0
05-17 12:58:35.106 D/BtGatt.GattService( 1928): onScanResult to scannerId: 2- eventType=0x10, addressType=0, address=BC7E8B_B, primaryPhy=1, secondaryPhy=0, advertisingSid=0xff, txPower=127, rssi=-82, periodicAdvInt=0x0
05-17 12:58:35.132 D/BtGatt.GattService( 1928): onScanResult to scannerId: 2- eventType=0x1b, addressType=1, address=4F0106_8, primaryPhy=1, secondaryPhy=0, advertisingSid=0xff, txPower=127, rssi=-80, periodicAdvInt=0x0
05-17 12:58:35.137 D/BtGatt.GattService( 1928): onScanResult to scannerId: 2- eventType=0x1b, addressType=1, address=2FE17E_8, primaryPhy=1, secondaryPhy=0, advertisingSid=0xff, txPower=127, rssi=-88, periodicAdvInt=0x0
05-17 12:58:35.149 D/BtGatt.GattService( 1928): onScanResult to scannerId: 2- eventType=0x1b, addressType=1, address=728D22_8, primaryPhy=1, secondaryPhy=0, advertisingSid=0xff, txPower=127, rssi=-51, periodicAdvInt=0x0
05-17 12:58:35.156 D/BtGatt.GattService( 1928): onScanResult to scannerId: 2- eventType=0x1b, addressType=0, address=84E0F4_2, primaryPhy=1, secondaryPhy=0, advertisingSid=0xff, txPower=127, rssi=-78, periodicAdvInt=0x0
05-17 12:58:35.185 D/BtGatt.GattService( 1928): onScanResult to scannerId: 2- eventType=0x1b, addressType=1, address=728D22_8, primaryPhy=1, secondaryPhy=0, advertisingSid=0xff, txPower=127, rssi=-50, periodicAdvInt=0x0
05-17 12:58:35.218 D/BtGatt.GattService( 1928): onScanResult to scannerId: 2- eventType=0x1b, addressType=1, address=728D22_8, primaryPhy=1, secondaryPhy=0, advertisingSid=0xff, txPower=127, rssi=-51, periodicAdvInt=0x0
