05-17 12:58:05.881 D/OpenGLRenderer( 1613): destroyEglSurface
05-17 12:58:05.883 I/ViewRootImpl@f87daa9[mob]( 1613): performTraversals params={(0,0)(fillxfill) sim={adjust=pan} ty=APPLICATION_STARTING fmt=TRANSLUCENT alpha=0.0
05-17 12:58:05.883 I/ViewRootImpl@f87daa9[mob]( 1613):   fl=81030118
05-17 12:58:05.883 I/ViewRootImpl@f87daa9[mob]( 1613):   pfl=16000010
05-17 12:58:05.883 I/ViewRootImpl@f87daa9[mob]( 1613):   bhv=DEFAULT
05-17 12:58:05.883 I/ViewRootImpl@f87daa9[mob]( 1613):   fitSides= naviIconColor=0}
05-17 12:58:05.883 I/ViewRootImpl@f87daa9[mob]( 1613): performTraversals mFirst=false windowShouldResize=false viewVisibilityChanged=true mForceNextWindowRelayout=false params={(0,0)(fillxfill) sim={adjust=pan} ty=APPLICATION_STARTING fmt=TRANSLUCENT alpha=0.0
05-17 12:58:05.883 I/ViewRootImpl@f87daa9[mob]( 1613):   fl=81030118
05-17 12:58:05.883 I/ViewRootImpl@f87daa9[mob]( 1613):   pfl=16000010
05-17 12:58:05.883 I/ViewRootImpl@f87daa9[mob]( 1613):   bhv=DEFAULT
05-17 12:58:05.883 I/ViewRootImpl@f87daa9[mob]( 1613):   fitSides= naviIconColor=0}
05-17 12:58:05.883 V/WindowManager( 1200): Relayout Window{a30112 u0 Splash Screen dev.meshx.mob}: viewVisibility=8 req=1200x1920 d0
05-17 12:58:05.884 E/WindowManager( 1200): win=Window{a30112 u0 Splash Screen dev.meshx.mob} destroySurfaces: appStopped=true cleanupOnResume=false win.mWindowRemovalAllowed=false win.mRemoveOnExit=false win.mViewVisibility=8 caller=com.android.server.wm.WindowManagerService.tryStartExitingAnimation:3040 com.android.server.wm.WindowManagerService.relayoutWindow:2731 com.android.server.wm.Session.relayout:275 android.view.IWindowSession$Stub.onTransact:788 com.android.server.wm.Session.onTransact:189 android.os.Binder.execTransactInternal:1321 android.os.Binder.execTransact:1280 
05-17 12:58:05.884 I/WindowManager( 1200): Destroying surface Surface(name=Splash Screen dev.meshx.mob$_1613)/@0x3c6f596 called by com.android.server.wm.WindowStateAnimator.destroySurface:955 com.android.server.wm.WindowStateAnimator.destroySurfaceLocked:537 com.android.server.wm.WindowState.destroySurfaceUnchecked:4533 com.android.server.wm.WindowState.destroySurface:4507 com.android.server.wm.WindowManagerService.tryStartExitingAnimation:3040 com.android.server.wm.WindowManagerService.relayoutWindow:2731 com.android.server.wm.Session.relayout:275 android.view.IWindowSession$Stub.onTransact:788 
05-17 12:58:05.886 V/WindowManager( 1200): Relayout hash=a30112, pid=1613, syncId=-1: mAttrs={(0,0)(fillxfill) sim={adjust=pan} ty=APPLICATION_STARTING fmt=TRANSLUCENT alpha=0.0
05-17 12:58:05.886 V/WindowManager( 1200):   fl=81030118
05-17 12:58:05.886 V/WindowManager( 1200):   pfl=16000010
05-17 12:58:05.886 V/WindowManager( 1200):   bhv=DEFAULT
05-17 12:58:05.886 V/WindowManager( 1200):   fitSides= naviIconColor=0}
05-17 12:58:05.887 I/ViewRootImpl@f87daa9[mob]( 1613): Relayout returned: old=(0,0,1200,1920) new=(0,0,1200,1920) req=(1200,1920)8 dur=3 res=0x2 s={false 0x0} ch=true seqId=0
05-17 12:58:05.887 D/CoreBackPreview( 1200): Window{a30112 u0 Splash Screen dev.meshx.mob}: Setting back callback null
05-17 12:58:05.887 I/ViewRootImpl@f87daa9[mob]( 1613): dispatchDetachedFromWindow
05-17 12:58:05.887 D/WindowManager( 1200): Starting window removed Window{a30112 u0 Splash Screen dev.meshx.mob}
05-17 12:58:05.888 I/WindowManager( 1200): Cancelling animation restarting=false, leash=Surface(name=Surface(name=b906e6 dev.meshx.mob/dev.meshx.mob.MainActivity)/@0x956b235 - animation-leash of starting_reveal)/@0xf29103b
05-17 12:58:05.888 I/WindowManager( 1200): Reparenting to original parent: Surface(name=ActivityRecord{71294ba u0 dev.meshx.mob/.MainActivity} t430})/@0xe3436ca, destroy=false, surface=Surface(name=b906e6 dev.meshx.mob/dev.meshx.mob.MainActivity)/@0x956b235
05-17 12:58:05.888 D/InputTransport( 1200): Input channel destroyed: 'a30112 ', fd=831
05-17 12:58:05.888 W/InputManager-JNI( 1200): Input channel object 'a30112 Splash Screen dev.meshx.mob (client)' was disposed without first being removed with the input manager!
05-17 12:58:05.888 D/InputTransport( 1200): Input channel destroyed: 'a30112 ', fd=836
05-17 12:58:05.888 V/WindowManager( 1200): Remove Window{a30112 u0 Splash Screen dev.meshx.mob}: mSurfaceController=null mAnimatingExit=false mRemoveOnExit=false mHasSurface=false surfaceShowing=false animating=false app-animation=false mWillReplaceWindow=false mDisplayFrozen=false callers=com.android.server.wm.WindowState.removeIfPossible:3219 com.android.server.wm.WindowManagerService.removeWindow:2293 com.android.server.wm.Session.remove:237 android.view.IWindowSession$Stub.onTransact:752 com.android.server.wm.Session.onTransact:189 android.os.Binder.execTransactInternal:1321 
05-17 12:58:05.889 D/InputTransport( 1613): Input channel destroyed: 'a30112 ', fd=201
05-17 12:58:05.897 I/Layer   (  914): id=588 removeFromCurrentState Splash Screen dev.meshx.mob$_1613#588 (99)
05-17 12:58:05.897 I/Layer   (  914): id=587 removeFromCurrentState a30112 Splash Screen dev.meshx.mob#587 (99)
05-17 12:58:05.898 I/Layer   (  914): id=591 removeFromCurrentState Surface(name=b906e6 dev.meshx.mob/dev.meshx.mob.MainActivity)/@0x956b235 - animation-leash of starting_reveal#591 (99)
05-17 12:58:05.898 I/SurfaceFlinger(  914): id=587 Removed a30112 Splash Screen dev.meshx.mob#587 (99)
05-17 12:58:05.898 I/SurfaceFlinger(  914): id=588 Removed Splash Screen dev.meshx.mob$_1613#588 (99)
05-17 12:58:05.898 I/Layer   (  914): id=587 Destroyed a30112 Splash Screen dev.meshx.mob#587
05-17 12:58:05.898 I/Layer   (  914): id=588 Destroyed Splash Screen dev.meshx.mob$_1613#588
05-17 12:58:05.910 I/FontLog (30311): (REDACTED) Received query %s, URI %s
05-17 12:58:05.910 I/FontLog (30311): (REDACTED) Query [%s] resolved to %s
05-17 12:58:05.912 I/FontLog (30311): (REDACTED) Fetch %s end status %s
05-17 12:58:05.922 I/FontLog (30311): (REDACTED) Pulling font file for id = %d, cache size = %d
05-17 12:58:05.933 I/FontLog (30311): (REDACTED) Pulling font file for id = %d, cache size = %d
05-17 12:58:05.990 E/HYPER-HAL(  864): [HandlerSysfs.cpp]doResourceHandling(): Couldn't Open Sysfs - /sys/power/cstate_control
05-17 12:58:05.995 I/HYPER-HAL(  864): [RequestManager.cpp]releaseLocked(): Released ID : 739952
05-17 12:58:06.184 I/HYPER-HAL(  864): [RequestManager.cpp]releaseLocked(): Released ID : 4255915
05-17 12:58:06.413 I/ContactsProvider_EventLog(26869): cp_s: [CONTACT con(408) dat(2678) acc({google(2)=408, com.google.android.apps.tachyon(6)=41}) calls([]) Iso(US) uId(0) ]
05-17 12:58:06.413 I/ContactsProvider_EventLog(26869): cp_s: [ agr({[2 ,6]=41, [2]=367}) ]
05-17 12:58:06.413 I/ContactsProvider_EventLog(26869): cp_s: [ cnt({acore(26869)=1}) ]
05-17 12:58:06.413 I/ContactsProvider_EventLog(26869): cp_s: [PROFILE ] [SAPROFILE ]
05-17 12:58:06.413 I/ContactsProvider_EventLog(26869): cp_s: [STATE R(F) ]
05-17 12:58:06.465 I/dev.meshx.mob(10600): Compiler allocated 6148KB to compile void android.view.ViewRootImpl.performTraversals()
05-17 12:58:06.794 I/TrayVisibilityController( 5662): getComputedTrayVisible : keyguardState = 2
05-17 12:58:06.794 I/TrayVisibilityController( 5662): updateTrayVisible: State=2 visible=1 mCurrentVisible=1 specificMode=0
05-17 12:58:06.794 I/TrayStateController( 5662): onNotifyUpdateTray: state=0
05-17 12:58:06.906 D/SemWifiUsabilityStatsMonitor( 1200): onWifiUsabilityStats - seqNum 7966, isSameBssidAndFreq true
05-17 12:58:06.910 I/SemWifiLinkQualityMonitor( 1200): Link Qos Query: 0.081 ms / 99.024 Mbps (432 / 0.062 / 1.000)
05-17 12:58:06.911 D/NetworkController.WifiSignalController( 1613): notifyListener: visible=true, connected=true, inetCondition=1, isDefault=true, wifiTestReported=true, receivedInetCondition=-1, hideDuringMobileSwitching=false
05-17 12:58:07.174 D/io_stats(  602): !@   8,0 r 1040866 33947320 w 608939 57916056 d 0 0 f 0 0 iot 525828 0 th 0 0 0 pt 0 inp 0 0 211134.747
05-17 12:58:08.402 I/MobBeam (10600): mob_start_beam: focus timeout (3000 ms) — starting BEAM anyway
05-17 12:58:08.402 I/MobBeam (10600): mob_start_beam: starting BEAM with module=meshx_mobile_app, argc=37
05-17 12:58:08.406 I/MobBeam (10600): mob_start_beam: symlink erl_child_setup -> /data/app/~~GSVKRubYzeTMuH9cbmVROg==/dev.meshx.mob-t5cdhl66sNQ-IA-KCCyaCQ==/lib/arm64/liberl_child_setup.so
05-17 12:58:08.407 I/MobBeam (10600): mob_start_beam: symlink inet_gethost -> /data/app/~~GSVKRubYzeTMuH9cbmVROg==/dev.meshx.mob-t5cdhl66sNQ-IA-KCCyaCQ==/lib/arm64/libinet_gethost.so
05-17 12:58:08.408 I/MobBeam (10600): mob_start_beam: symlink epmd -> /data/app/~~GSVKRubYzeTMuH9cbmVROg==/dev.meshx.mob-t5cdhl66sNQ-IA-KCCyaCQ==/lib/arm64/libepmd.so
05-17 12:58:08.410 E/MobBeam (10600): mob_start_beam: exqlite NIF missing from both nativeLibDir and priv/
05-17 12:58:08.410 E/MobBeam (10600): mob_start_beam: sqlite3_nif.so (fallback) missing — NIF load will fail
05-17 12:58:08.530 I/SDHMS:LOAD( 2905): type: LoadsFreqs, value: 0:19:0:810159:1794000:650000:810159:1794000:650000:10:260:0
05-17 12:58:08.713 E/Watchdog( 1200): !@Sync: 7034 heap: 78 / 90 FD: 912 [2026-05-17 12:58:08.713]
05-17 12:58:09.051 I/SDHMS:D ( 2905): SIOP:: AP:267 BAT:242 USB:245 CHG:278 PA:261 WIFI:266 BLK:259 SKIN:317 SKINF:317 SKINB:284 LRP:317 LRF:317 LRB:284 
05-17 12:58:09.878 I/MobNIF  (10600): nif_load: entered, Bridge.cls=0x2ca6
05-17 12:58:09.879 I/MobNIF  (10600): nif_load: uiTree not found (optional)
05-17 12:58:09.879 I/MobNIF  (10600): nif_load: uiViewTree not found (optional)
05-17 12:58:09.881 I/MobNIF  (10600): nif_load: screenInfo not found (optional)
05-17 12:58:09.881 I/MobNIF  (10600): nif_load: tapXy not found (optional)
05-17 12:58:09.881 I/MobNIF  (10600): nif_load: tapByLabel not found (optional)
05-17 12:58:09.881 I/MobNIF  (10600): nif_load: typeText not found (optional)
05-17 12:58:09.881 I/MobNIF  (10600): nif_load: deleteBackward not found (optional)
05-17 12:58:09.881 I/MobNIF  (10600): nif_load: clearText not found (optional)
05-17 12:58:09.881 I/MobNIF  (10600): nif_load: longPressXy not found (optional)
05-17 12:58:09.881 I/MobNIF  (10600): nif_load: swipeXy not found (optional)
05-17 12:58:09.881 I/MobNIF  (10600): Mob NIF loaded (Compose backend)
05-17 12:58:09.886 I/Elixir  (10600): step 1 starting
05-17 12:58:09.955 I/Elixir  (10600): step 1 => ok
05-17 12:58:09.955 I/Elixir  (10600): step 2 starting
05-17 12:58:10.020 D/SemWifiUsabilityStatsMonitor( 1200): onWifiUsabilityStats - seqNum 7967, isSameBssidAndFreq true
05-17 12:58:10.023 I/SemWifiLinkQualityMonitor( 1200): Link Qos Query: 0.037 ms / 218.657 Mbps (432 / 0.018 / 1.000)
05-17 12:58:10.023 D/NetworkController.WifiSignalController( 1613): notifyListener: visible=true, connected=true, inetCondition=1, isDefault=true, wifiTestReported=true, receivedInetCondition=-1, hideDuringMobileSwitching=false
05-17 12:58:10.065 I/Elixir  (10600): step 2 => ok
05-17 12:58:10.065 I/Elixir  (10600): step 3 starting
05-17 12:58:10.216 I/Elixir  (10600): step 3 => ok
05-17 12:58:10.217 I/Elixir  (10600): step 4 starting
05-17 12:58:10.217 I/Elixir  (10600): step 4 => android
05-17 12:58:10.217 I/Elixir  (10600): step 5 starting
05-17 12:58:10.693 I/RequestManager_FLP( 2496): onOpChanged, op=0 / packageName=dev.meshx.mob
05-17 12:58:10.694 I/HYPER-HAL(  864): [RequestManager.cpp]releaseLocked(): Released ID : 4261754
05-17 12:58:10.769 I/Elixir  (10600): meshx_mobile_app: meshx_runtime started (11 apps)
05-17 12:58:10.789 I/BEAMout (10600): 12:58:10.769 [info] meshx_mobile_app: meshx_runtime started (11 apps)
05-17 12:58:10.797 I/Elixir  (10600): meshx_mobile_app: BLE.Observability started
05-17 12:58:10.798 I/BEAMout (10600): 12:58:10.797 [info] meshx_mobile_app: BLE.Observability started
05-17 12:58:10.809 I/Elixir  (10600): meshx_mobile_app: distribution up as meshx_mobile_app_android_dev@127.0.0.1
05-17 12:58:10.820 I/BEAMout (10600): 12:58:10.809 [info] meshx_mobile_app: distribution up as meshx_mobile_app_android_dev@127.0.0.1
05-17 12:58:10.820 I/Elixir  (10600): meshx_mobile_app: BLE self-test started
05-17 12:58:10.821 I/Elixir  (10600): BleSelfTest: starting scan + advertising as meshx-dev
05-17 12:58:10.836 D/BluetoothManagerService( 1200): mDisableBleCallbacks count 12
05-17 12:58:10.836 I/BluetoothAdapter(10600): BluetoothAdapter() : dev.meshx.mob
05-17 12:58:10.846 I/BluetoothAdapter(10600): STATE_ON
05-17 12:58:10.846 I/BluetoothAdapter(10600): STATE_ON
05-17 12:58:10.848 I/BluetoothAdapter(10600): STATE_ON
05-17 12:58:10.850 I/BluetoothAdapter(10600): STATE_ON
05-17 12:58:10.851 D/BluetoothLeScanner(10600): Start Scan with callback
05-17 12:58:10.855 D/BtGatt.ContextMap( 1928): add() - appUid: 10313, appPid: 10600, appName: dev.meshx.mob
05-17 12:58:10.855 I/bt_stack( 1928): [INFO:le_scanning_manager.cc(167)] RegisterScanner in shim layer
05-17 12:58:10.857 D/BtGatt.GattService( 1928): onScannerRegistered() - UUID=d4ec5c4a-2ea4-4582-ae0a-6d43aa1f8f77, scannerId=2, status=0
05-17 12:58:10.858 D/BluetoothLeScanner(10600): onScannerRegistered() - status=0 scannerId=2 mScannerId=0
05-17 12:58:10.861 I/BluetoothAdapter( 1928): STATE_ON
05-17 12:58:10.868 D/ActivityAttributionService( 1928): notifyActivityAttributionInfo UID=1002 packageName=com.android.bluetooth deviceAddress=no_active_device_address
05-17 12:58:10.869 I/BluetoothAdapter( 1928): STATE_ON
05-17 12:58:10.872 I/BluetoothAdapter( 1928): STATE_ON
05-17 12:58:10.872 I/BluetoothAdapter( 1928): STATE_ON
05-17 12:58:10.872 I/bt_stack( 1928): [INFO:le_scanning_manager.cc(271)] ScanFilterEnable in shim layer
05-17 12:58:10.872 E/BtGatt.GattService( 1928): [GSIM LOG]: gsimLogHandler, msg: MESSAGE_SCAN_START, appName: dev.meshx.mob, scannerId: 2, reportDelayMillis=0
05-17 12:58:10.873 D/BtGatt.ScanManager( 1928): configureFilterParamter() : onFoundTimeout | onLostTimeout | onFoundCount | numOfTrackingEntries | scanFilterRssiThreshold | trackableScanFilterRssiThreshold | matchMode
05-17 12:58:10.873 D/BtGatt.ScanManager( 1928): configureFilterParamter() : __________500__|________10000__|___________1__|___________________0__|___________________-128__|____________________________-128__|________1_
05-17 12:58:10.874 I/bt_stack( 1928): [INFO:le_scanning_manager.cc(200)] ScanFilterParamSetup in shim layer
05-17 12:58:10.884 I/BluetoothAdapter(10600): STATE_ON
05-17 12:58:10.886 I/BluetoothAdapter(10600): BLE support array set: [true, true, true, true, true, true]
05-17 12:58:10.905 I/BluetoothAdapter(10600): BluetoothAdapter() : dev.meshx.mob
05-17 12:58:10.911 I/BluetoothAdapter(10600): STATE_ON
05-17 12:58:10.911 I/BluetoothAdapter(10600): STATE_ON
05-17 12:58:10.911 I/BluetoothAdapter(10600): STATE_ON
05-17 12:58:10.916 I/bt_stack( 1928): [INFO:le_advertising_manager.cc(137)] StartAdvertisingSet in shim layer
05-17 12:58:10.916 W/bt_stack( 1928): le_advertising_manager :: allocate_advertiser - id : 1
05-17 12:58:10.916 I/bt_stack( 1928): [INFO:le_advertising_manager.cc(157)] create advertising set, reg_id:-5196, id:1
05-17 12:58:10.925 I/BEAMout (10600): 12:58:10.820 [info] meshx_mobile_app: BLE self-test started
05-17 12:58:10.926 I/BEAMout (10600): 12:58:10.821 [info] BleSelfTest: starting scan + advertising as meshx-dev
05-17 12:58:10.946 W/bt_stack( 1928): le_advertising_manager :: create_extended_advertiser - id : 1
05-17 12:58:10.946 W/bt_stack( 1928): le_advertising_manager :: enable_advertiser - id : 1
05-17 12:58:10.947 W/bt_stack( 1928): register_client :: client registered!!!
05-17 12:58:10.948 D/AdapterProperties( 1928): Name is: meshx-dev
05-17 12:58:10.949 W/bt_btif ( 1928): btif_dm_update_ble_remote_properties cod is 0x000000
05-17 12:58:10.949 W/bt_btif ( 1928): btif_dm_update_ble_remote_properties cod is 0, checking cod from storage
05-17 12:58:10.949 W/bt_btif ( 1928): btif_dm_update_ble_remote_properties cod retrieved from storage is 0x000000
05-17 12:58:10.949 W/bt_btif ( 1928): btif_dm_update_ble_remote_properties cod is again 0, set as unclassified
05-17 12:58:10.950 W/ProcessStats( 1200): Tracking association SourceState{16fece6 dev.meshx.mob/10313 Top #94094} whose proc state 1 is better than process ProcessState{31680a0 com.google.android.gms.persistent/10211 pkg=com.google.android.gms} proc state 2 (0 skipped)
05-17 12:58:10.950 D/BtGatt.GattService( 1928): onScanResult to scannerId: 2- eventType=0x1b, addressType=1, address=728D22_8, primaryPhy=1, secondaryPhy=0, advertisingSid=0xff, txPower=127, rssi=-63, periodicAdvInt=0x0
05-17 12:58:10.950 D/SettingsProvider( 1200): isChangeAllowed() : name = bluetooth_name
05-17 12:58:10.951 D/BtGatt.GattService( 1928): onScanResult to scannerId: 2- eventType=0x10, addressType=0, address=BC455B_A, primaryPhy=1, secondaryPhy=0, advertisingSid=0xff, txPower=127, rssi=-73, periodicAdvInt=0x0
05-17 12:58:10.953 D/BluetoothUtils( 1928): getBtEnabledContainers(): btContainers = []
05-17 12:58:10.953 E/BluetoothRemoteDevices( 1928): Remote class is UNCATEGORIZED
05-17 12:58:10.954 D/BtGatt.GattService( 1928): onScanResult to scannerId: 2- eventType=0x1b, addressType=1, address=728D22_8, primaryPhy=1, secondaryPhy=0, advertisingSid=0xff, txPower=127, rssi=-63, periodicAdvInt=0x0
05-17 12:58:10.956 V/BluetoothEventManager( 1613): onReceive :: android.bluetooth.device.action.NAME_CHANGED
05-17 12:58:10.963 I/MeshxBleScanRaw(10600): device_id=72:8D:22:47:DC:48 rssi=-63 advertisement_b64=AgEaAgoMEQcAIA9PSn87npxPPW8BEk+PEwlteDExYTdmY2IwYTE4NjEzOTYAAAAAAAAAAAAAAAAAAAAAAAA= manufacturer_ids=[] service_uuids=[8f4f1201-6f3d-4f9c-9e3b-7f4a4f0f2000]
05-17 12:58:10.968 D/BtGatt.GattService( 1928): onScanResult to scannerId: 2- eventType=0x10, addressType=1, address=265632_4, primaryPhy=1, secondaryPhy=0, advertisingSid=0xff, txPower=127, rssi=-94, periodicAdvInt=0x0
05-17 12:58:10.973 D/BtGatt.GattService( 1928): onScanResult to scannerId: 2- eventType=0x1b, addressType=0, address=84E0F4_2, primaryPhy=1, secondaryPhy=0, advertisingSid=0xff, txPower=127, rssi=-90, periodicAdvInt=0x0
05-17 12:58:10.974 E/BtGatt.GattService( 1928): [GSIM LOG]: gsimLogHandler, msg: MESSAGE_ADV_SET_START, appName: dev.meshx.mob, id: 1, isLegacy: true
05-17 12:58:10.981 D/BtGatt.GattService( 1928): onScanResult to scannerId: 2- eventType=0x10, addressType=0, address=BC7E8B_B, primaryPhy=1, secondaryPhy=0, advertisingSid=0xff, txPower=127, rssi=-85, periodicAdvInt=0x0
05-17 12:58:10.988 D/BtGatt.GattService( 1928): onScanResult to scannerId: 2- eventType=0x1b, addressType=1, address=728D22_8, primaryPhy=1, secondaryPhy=0, advertisingSid=0xff, txPower=127, rssi=-62, periodicAdvInt=0x0
05-17 12:58:10.989 I/MeshxBleFetch(10600): {"v":1,"event":"fetch_gatt_experimental_warning","reason":"gatt_fetch_unvalidated_hardware","enabled_by_default":false,"allowed_surface":"explicit_debug_action","target_address":"72:8D:22:47:DC:48","request_id":"ad775af3-99e9-4f5b-9628-e53a61f9a6ed","message_id_hash":"Eaf8sKGGE5Y=","known_blocked_pair":true,"blocked_status":"android_gatt_error_133_before_service_discovery","device_model":"SM-T577U","android_api":33,"adapter_state":"on","adapter_enabled":true}
05-17 12:58:10.990 I/MeshxBleFetch(10600): {"v":1,"event":"fetch_connect_start","target_address":"72:8D:22:47:DC:48","request_id":"ad775af3-99e9-4f5b-9628-e53a61f9a6ed","message_id_hash":"Eaf8sKGGE5Y=","transport_mode":"transport_le","device_model":"SM-T577U","android_api":33,"adapter_state":"on","adapter_enabled":true}
05-17 12:58:10.992 D/BtGatt.GattService( 1928): onScanResult to scannerId: 2- eventType=0x1b, addressType=1, address=43D003_F, primaryPhy=1, secondaryPhy=0, advertisingSid=0xff, txPower=127, rssi=-74, periodicAdvInt=0x0
05-17 12:58:10.994 I/BluetoothAdapter(10600): STATE_ON
05-17 12:58:10.998 D/BtGatt.GattService( 1928): onScanResult to scannerId: 2- eventType=0x1a, addressType=1, address=514AA8_3, primaryPhy=1, secondaryPhy=0, advertisingSid=0xff, txPower=127, rssi=-44, periodicAdvInt=0x0
05-17 12:58:10.998 D/BluetoothGatt(10600): connect() - device: 728D22_8, auto: false
05-17 12:58:10.998 D/BluetoothGatt(10600): registerApp()
05-17 12:58:10.999 D/BluetoothGatt(10600): registerApp() - UUID=05c65747-2c1b-4929-8ced-43c6599da9bb
05-17 12:58:11.002 D/BtGatt.GattService( 1928): registerClient(dev.meshx.mob) - UUID=05c65747-2c1b-4929-8ced-43c6599da9bb
05-17 12:58:11.003 D/BtGatt.GattService( 1928): onScanResult to scannerId: 2- eventType=0x1b, addressType=0, address=84E0F4_2, primaryPhy=1, secondaryPhy=0, advertisingSid=0xff, txPower=127, rssi=-90, periodicAdvInt=0x0
05-17 12:58:11.004 D/BtGatt.ContextMap( 1928): add() - appUid: 10313, appPid: 10600, appName: dev.meshx.mob
05-17 12:58:11.005 I/MeshxBeaconFetch(10600): fetch_start device_id=72:8D:22:47:DC:48 request_id=ad775af3-99e9-4f5b-9628-e53a61f9a6ed message_id_hash=11a7fcb0a1861396 accepted=true
05-17 12:58:11.006 W/bt_bta_gattc( 1928): bta_gattc_register :: state: 2, uuid=05c65747-2c1b-4929-8ced-43c6599da9bb
05-17 12:58:11.006 W/bt_bta_gattc( 1928): Registered GATT client interface 6 with uuid=05c65747-2c1b-4929-8ced-43c6599da9bb, starting it on main thread
05-17 12:58:11.006 W/bt_bta_gattc( 1928): client_if=6
05-17 12:58:11.006 I/MeshxBleScanRaw(10600): device_id=BC:45:5B:53:44:1A rssi=-73 advertisement_b64=G/91AEIEAYBuvEVbU0QavkVbU0QZAbz+VW15AAAAAAAAAAAAAAAAAAAAAAAAAAAAAAAAAAAAAAAAAAAAAAA= manufacturer_ids=[117] service_uuids=[]
05-17 12:58:11.007 D/BtGatt.GattService( 1928): onClientRegistered() - UUID=05c65747-2c1b-4929-8ced-43c6599da9bb, clientIf=6
05-17 12:58:11.008 D/BluetoothGatt(10600): onClientRegistered() - status=0 clientIf=6
05-17 12:58:11.013 I/MeshxBleScanRaw(10600): device_id=26:56:32:B4:5E:04 rssi=-94 advertisement_b64=Hv8GAAEJICJhcgK5KLYQZznC6r/cK8E8x4EzxoZySAAAAAAAAAAAAAAAAAAAAAAAAAAAAAAAAAAAAAAAAAA= manufacturer_ids=[6] service_uuids=[]
05-17 12:58:11.014 D/BluetoothLeAdvertiser(10600): onAdvertisingSetStarted(1, -7, 0)
05-17 12:58:11.016 I/MeshxBleScanRaw(10600): device_id=84:E0:F4:E0:26:52 rssi=-90 advertisement_b64=AgEGDP9LBkIGIBK+BQBAAQ4IUG9pbnQtMS0yNjo1Mgf/SwaTQ70NAAAAAAAAAAAAAAAAAAAAAAAAAAAAAAA= manufacturer_ids=[1611] service_uuids=[]
05-17 12:58:11.019 I/MeshxBleScanRaw(10600): device_id=BC:7E:8B:DB:C3:3B rssi=-85 advertisement_b64=G/91AEIEAYBmvH6L28M7vn6L28M6AQwAAAAAAAAAAAAAAAAAAAAAAAAAAAAAAAAAAAAAAAAAAAAAAAAAAAA= manufacturer_ids=[117] service_uuids=[]
05-17 12:58:11.021 D/BtGatt.GattService( 1928): clientConnect(dev.meshx.mob) - address = 728D22_8, isDirect=true transport =2 set own addr = false own addr type:0, clientIf: 6, opportunistic=false, phy: 1
05-17 12:58:11.021 D/BtGatt.GattService( 1928): onScanResult to scannerId: 2- eventType=0x1b, addressType=1, address=728D22_8, primaryPhy=1, secondaryPhy=0, advertisingSid=0xff, txPower=127, rssi=-63, periodicAdvInt=0x0
05-17 12:58:11.022 D/BtGatt.GattService( 1928): onScanResult to scannerId: 2- eventType=0x10, addressType=1, address=560A81_6, primaryPhy=1, secondaryPhy=0, advertisingSid=0xff, txPower=127, rssi=-78, periodicAdvInt=0x0
05-17 12:58:11.026 W/bt_btm_ble( 1928): BTM_SecAddBleDevice :: dev_type=0x3
05-17 12:58:11.026 W/bt_btm_ble( 1928): Device added, handle=0xffff, p_dev_rec=0x6f0808b000, bd_addr=xx:xx:xx:xx:dc:48
05-17 12:58:11.026 W/bt_bta_gattc( 1928): bta_gattc_process_api_open
05-17 12:58:11.026 I/bt_stack( 1928): [INFO:bta_gattc_main.cc(314)] bta_gattc_sm_execute: State 0x00, Event 0x1f00
05-17 12:58:11.026 W/bt_bta_gattc( 1928): bta_gattc_open
05-17 12:58:11.026 W/bt_stack( 1928): [WARNING:gatt_api.cc(1238)] GATT_Connect
05-17 12:58:11.026 W/bt_stack( 1928): Starting direct connect gatt_if=6 address=728d22
05-17 12:58:11.026 W/bt_stack( 1928): gatt_act_connect
05-17 12:58:11.026 I/bt_stack( 1928): [INFO:gatt_attr.cc(886)] gatt_sr_init_cl_status: bda=728d22, cl_supp_feat=0000, aware=1
05-17 12:58:11.027 W/bt_stack( 1928): gatt_connect
05-17 12:58:11.027 W/bt_stack( 1928): gatt_connect :: call acl_create_le_connection_with_id
05-17 12:58:11.027 W/btm_acl ( 1928): Creating le direct connection to:xx:xx:xx:xx:dc:48[random]
05-17 12:58:11.027 W/bt_stack( 1928): AcceptLeConnectionFrom xx:xx:xx:xx:dc:48
05-17 12:58:11.028 I/MeshxBleScanRaw(10600): device_id=43:D0:03:D6:AA:CF rssi=-74 advertisement_b64=AgECCQkxOTViOTc5YREHAADNxMbq7rbIRa2tM7PWORf/9wMNAAAAAABtaWxjIGdyb3VwIHNsbwAAAAAAAAA= manufacturer_ids=[1015] service_uuids=[39d6b333-adad-45c8-b6ee-eac6c4cd0000]
05-17 12:58:11.028 W/bt_stack( 1928): Allow Le connection from remote:xx:xx:xx:xx:dc:48[RANDOM_DEVICE_ADDRESS]
05-17 12:58:11.028 W/bt_stack( 1928): create_le_connection :: address : 72:8d:22, add_to_connect_list : 1, is_direct : 1
05-17 12:58:11.029 W/bt_stack( 1928): add_device_to_connect_list 72:8d:22 :: Send command after register
05-17 12:58:11.029 W/bt_stack( 1928): gatt_if=6, is_add=1, peer_bda=728d22
05-17 12:58:11.029 W/bt_stack( 1928): Hold link status of [728d22], size=0
05-17 12:58:11.029 W/bt_stack( 1928): added gatt_if=6
05-17 12:58:11.029 W/bt_stack( 1928): Fast Connection Mode is already Set!!!
05-17 12:58:11.029 W/bt_stack( 1928): Deferred until filter accept list has completed
05-17 12:58:11.029 W/bt_stack( 1928): pause_registered_clients()
05-17 12:58:11.029 W/bt_stack( 1928): le_scanning_manager :: OnPause()
05-17 12:58:11.029 W/bt_stack( 1928): Stop LeSetExtendedScan
05-17 12:58:11.029 W/bt_stack( 1928): le_scanning_manager :: OnPause() - call AckPause
05-17 12:58:11.029 W/bt_stack( 1928): le_advertising_manager :: OnPause()
05-17 12:58:11.029 W/bt_stack( 1928): le_advertising_manager :: OnPause() - advertising_sets is not empty
05-17 12:58:11.029 W/bt_stack( 1928): le_advertising_manager :: OnPause() - Disable LeSetExtendedAdvertising
05-17 12:58:11.029 W/bt_stack( 1928): le_advertising_manager :: OnPause() - call AckPause
05-17 12:58:11.029 W/bt_stack( 1928): le_impl :: OnPause()
05-17 12:58:11.029 W/bt_stack( 1928): le_impl :: ConnectabilityState is DISARMED. Call AckPause()
05-17 12:58:11.029 W/bt_stack( 1928): pause_registered_clients()
05-17 12:58:11.029 W/bt_stack( 1928): le_address_manager :: ack_pause()
05-17 12:58:11.029 W/bt_stack( 1928): le_address_manager :: ack_pause() - make sure all client paused. Return
05-17 12:58:11.030 W/bt_stack( 1928): le_address_manager :: ack_pause()
05-17 12:58:11.030 W/bt_stack( 1928): le_address_manager :: ack_pause() - make sure all client paused. Return
05-17 12:58:11.030 W/bt_stack( 1928): le_address_manager :: ack_pause()
05-17 12:58:11.030 W/bt_stack( 1928): le_address_manager :: ack_pause() - handle_next_command
05-17 12:58:11.031 W/bt_stack( 1928): handle_next_command()
05-17 12:58:11.032 I/MeshxBleScanRaw(10600): device_id=51:4A:A8:06:7D:63 rssi=-44 advertisement_b64=Gf///01CAQEBAAJWd6zwfAND9wgG7dwoW8wAAAAAAAAAAAAAAAAAAAAAAAAAAAAAAAAAAAAAAAAAAAAAAAA= manufacturer_ids=[65535] service_uuids=[]
05-17 12:58:11.032 D/BtGatt.GattService( 1928): onScanResult to scannerId: 2- eventType=0x1b, addressType=0, address=84E0F4_2, primaryPhy=1, secondaryPhy=0, advertisingSid=0xff, txPower=127, rssi=-90, periodicAdvInt=0x0
05-17 12:58:11.042 I/MeshxBleScanRaw(10600): device_id=56:0A:81:46:34:76 rssi=-78 advertisement_b64=AgEaF/9MAAkIEwTAqAF2G1gWCAAJ6opVpLSjAAAAAAAAAAAAAAAAAAAAAAAAAAAAAAAAAAAAAAAAAAAAAAA= manufacturer_ids=[76] service_uuids=[]
05-17 12:58:11.044 W/bt_stack( 1928): Received command complete with op_code LE_ADD_DEVICE_TO_FILTER_ACCEPT_LIST
05-17 12:58:11.044 W/bt_stack( 1928): handle_next_command()
05-17 12:58:11.049 W/bt_stack( 1928): Received command complete with op_code LE_ADD_DEVICE_TO_FILTER_ACCEPT_LIST
05-17 12:58:11.049 W/bt_stack( 1928): le_scanning_manager :: OnResume()
05-17 12:58:11.049 W/bt_stack( 1928): Start LeSetExtendedScan
05-17 12:58:11.050 W/bt_stack( 1928): le_scanning_manager :: OnResume() - call AckResume
05-17 12:58:11.050 W/bt_stack( 1928): le_advertising_manager :: OnResume()
05-17 12:58:11.050 W/bt_stack( 1928): le_advertising_manager :: OnResume() - Enable LeSetExtendedAdvertising
05-17 12:58:11.050 W/bt_stack( 1928): le_advertising_manager :: OnResume() - call AckResume
05-17 12:58:11.050 W/bt_stack( 1928): le_impl :: OnResume()
05-17 12:58:11.050 W/bt_stack( 1928): le_impl :: OnResume - Try arm connectability
05-17 12:58:11.050 W/bt_stack( 1928): arm_connectability()
05-17 12:58:11.050 W/bt_stack( 1928): le_impl :: check_for_unregister()
05-17 12:58:11.050 W/bt_stack( 1928): le_address_manager :: ack_resume()
05-17 12:58:11.051 W/bt_stack( 1928): le_address_manager :: ack_resume()
05-17 12:58:11.051 W/bt_stack( 1928): le_address_manager :: ack_resume()
05-17 12:58:11.062 E/bt_stack( 1928): on_extended_create_connection :: Command status is success. Set ConnectabilityState to ARMED
05-17 12:58:11.092 W/bt_stack( 1928): on_le_enhanced_connection_complete()
05-17 12:58:11.092 W/bt_stack( 1928): on_le_enhanced_connection_complete :: Role is central. Set connectability to DISARMED
05-17 12:58:11.092 W/bt_stack( 1928): on_le_enhanced_connection_complete :: pause_connection : 0
05-17 12:58:11.092 I/bt_stack( 1928): [INFO:btm_ble_connection_establishment.cc(108)] maybe_resolve_address: unable to match and resolve random address
05-17 12:58:11.092 W/bt_stack( 1928): on_common_le_connection_complete()
05-17 12:58:11.092 W/bt_stack( 1928): Remove Connection Timer!
05-17 12:58:11.092 W/bt_stack( 1928): remove_device_from_connect_list 72:8d:22 :: Send command after register
05-17 12:58:11.093 W/bt_stack( 1928): le_impl::add() handle=0x40 addr=72:8d:22
05-17 12:58:11.093 W/bt_stack( 1928): pause_registered_clients()
05-17 12:58:11.093 W/bt_stack( 1928): le_scanning_manager :: OnPause()
05-17 12:58:11.093 W/bt_stack( 1928): Stop LeSetExtendedScan
05-17 12:58:11.093 W/bt_stack( 1928): le_scanning_manager :: OnPause() - call AckPause
05-17 12:58:11.093 W/bt_stack( 1928): le_advertising_manager :: OnPause()
05-17 12:58:11.093 W/bt_stack( 1928): le_advertising_manager :: OnPause() - advertising_sets is not empty
05-17 12:58:11.093 W/bt_stack( 1928): le_advertising_manager :: OnPause() - Disable LeSetExtendedAdvertising
05-17 12:58:11.093 W/bt_stack( 1928): le_advertising_manager :: OnPause() - call AckPause
05-17 12:58:11.093 W/bt_stack( 1928): le_impl :: OnPause()
05-17 12:58:11.093 W/bt_stack( 1928): le_impl :: ConnectabilityState is DISARMED. Call AckPause()
05-17 12:58:11.093 W/bt_stack( 1928): pause_registered_clients()
05-17 12:58:11.094 W/bt_stack( 1928): Le connection completed to device:728d22
05-17 12:58:11.094 W/bt_stack( 1928): remove_all_clients_with_pending_connections :: address=728d22
05-17 12:58:11.094 I/bt_stack( 1928): [INFO:btm_ble_connection_establishment.cc(108)] maybe_resolve_address: unable to match and resolve random address
05-17 12:58:11.095 W/bt_stack( 1928): Le connection completed to device:728d22
05-17 12:58:11.095 W/bt_stack( 1928): pause_registered_clients()
05-17 12:58:11.095 W/bt_stack( 1928): le_address_manager :: ack_pause()
05-17 12:58:11.095 W/bt_stack( 1928): le_address_manager :: ack_pause() - make sure all client paused. Return
05-17 12:58:11.095 W/bt_stack( 1928): le_address_manager :: ack_pause()
05-17 12:58:11.095 W/bt_stack( 1928): le_address_manager :: ack_pause() - make sure all client paused. Return
05-17 12:58:11.095 W/bt_stack( 1928): le_address_manager :: ack_pause()
05-17 12:58:11.095 W/bt_stack( 1928): le_address_manager :: ack_pause() - handle_next_command
05-17 12:58:11.095 W/bt_stack( 1928): handle_next_command()
05-17 12:58:11.095 W/bt_stack( 1928): remove_all_clients_with_pending_connections :: address=728d22
05-17 12:58:11.095 W/bt_l2cap( 1928): l2cu_initialize_fixed_ccb: don't cancel l2c_lcb_timer
05-17 12:58:11.109 W/bt_stack( 1928): Received command complete with op_code LE_REMOVE_DEVICE_FROM_FILTER_ACCEPT_LIST
05-17 12:58:11.109 W/bt_stack( 1928): handle_next_command()
05-17 12:58:11.114 W/bt_stack( 1928): Received command complete with op_code LE_REMOVE_DEVICE_FROM_FILTER_ACCEPT_LIST
05-17 12:58:11.114 W/bt_stack( 1928): handle_next_command()
05-17 12:58:11.118 W/bt_stack( 1928): Received command complete with op_code LE_SET_RANDOM_ADDRESS
05-17 12:58:11.119 W/bt_stack( 1928): le_scanning_manager :: OnResume()
05-17 12:58:11.119 W/bt_stack( 1928): Start LeSetExtendedScan
05-17 12:58:11.119 W/bt_stack( 1928): le_scanning_manager :: OnResume() - call AckResume
05-17 12:58:11.119 W/bt_stack( 1928): le_advertising_manager :: OnResume()
05-17 12:58:11.119 W/bt_stack( 1928): le_advertising_manager :: OnResume() - Enable LeSetExtendedAdvertising
05-17 12:58:11.119 W/bt_stack( 1928): le_advertising_manager :: OnResume() - call AckResume
05-17 12:58:11.119 W/bt_stack( 1928): le_impl :: OnResume()
05-17 12:58:11.119 W/bt_stack( 1928): le_impl :: check_for_unregister()
05-17 12:58:11.119 W/bt_stack( 1928): le_address_manager :: ack_resume()
05-17 12:58:11.120 W/bt_stack( 1928): le_address_manager :: ack_resume()
05-17 12:58:11.120 W/bt_stack( 1928): le_address_manager :: ack_resume()
05-17 12:58:11.129 D/BtGatt.GattService( 1928): onScanResult to scannerId: 2- eventType=0x1a, addressType=1, address=514AA8_3, primaryPhy=1, secondaryPhy=0, advertisingSid=0xff, txPower=127, rssi=-44, periodicAdvInt=0x0
05-17 12:58:11.131 W/bt_stack( 1928): on_timesync_event_callback() : handle=0x40, type=0, event_count=0, offset=346
05-17 12:58:11.142 D/BtGatt.GattService( 1928): onScanResult to scannerId: 2- eventType=0x1b, addressType=1, address=C19840_0, primaryPhy=1, secondaryPhy=0, advertisingSid=0xff, txPower=127, rssi=-80, periodicAdvInt=0x0
05-17 12:58:11.145 I/Elixir  (10600): BleSelfTest: start_scan=:ok start_advertising=:ok
05-17 12:58:11.145 I/MeshxBleScanRaw(10600): device_id=C1:98:40:13:32:C0 rssi=-80 advertisement_b64=AgEGAgoAEQaeytwkDuWp4JPzo7UBAEBuEglBZGFmcnVpdCBCbHVlZnJ1aQAAAAAAAAAAAAAAAAAAAAAAAAA= manufacturer_ids=[] service_uuids=[6e400001-b5a3-f393-e0a9-e50e24dcca9e]
05-17 12:58:11.146 D/BtGatt.GattService( 1928): onScanResult to scannerId: 2- eventType=0x1b, addressType=1, address=728D22_8, primaryPhy=1, secondaryPhy=0, advertisingSid=0xff, txPower=127, rssi=-51, periodicAdvInt=0x0
05-17 12:58:11.147 I/BEAMout (10600): 12:58:11.145 [info] BleSelfTest: start_scan=:ok start_advertising=:ok
05-17 12:58:11.163 D/BtGatt.GattService( 1928): onScanResult to scannerId: 2- eventType=0x1b, addressType=1, address=2FE17E_8, primaryPhy=1, secondaryPhy=0, advertisingSid=0xff, txPower=127, rssi=-89, periodicAdvInt=0x0
05-17 12:58:11.165 I/MeshxBleScanRaw(10600): device_id=2F:E1:7E:05:2A:D8 rssi=-89 advertisement_b64=AgECGBbx/ATMnOshK627eX7x3evqS4C/bwnx8gAAAAAAAAAAAAAAAAAAAAAAAAAAAAAAAAAAAAAAAAAAAAA= manufacturer_ids=[] service_uuids=[]
05-17 12:58:11.165 D/BtGatt.GattService( 1928): onScanResult to scannerId: 2- eventType=0x1b, addressType=1, address=409F5F_D, primaryPhy=1, secondaryPhy=0, advertisingSid=0xff, txPower=127, rssi=-74, periodicAdvInt=0x0
05-17 12:58:11.168 I/MeshxBleScanRaw(10600): device_id=40:9F:5F:77:99:1D rssi=-74 advertisement_b64=AgEaAgoMCv9MABAFDhw2k74AAAAAAAAAAAAAAAAAAAAAAAAAAAAAAAAAAAAAAAAAAAAAAAAAAAAAAAAAAAA= manufacturer_ids=[76] service_uuids=[]
05-17 12:58:11.175 D/io_stats(  602): !@   8,0 r 1040867 33947320 w 609107 57919792 d 0 0 f 0 0 iot 525880 0 th 0 0 0 pt 0 inp 0 0 211138.748
05-17 12:58:11.184 D/BtGatt.GattService( 1928): onScanResult to scannerId: 2- eventType=0x1b, addressType=1, address=728D22_8, primaryPhy=1, secondaryPhy=0, advertisingSid=0xff, txPower=127, rssi=-51, periodicAdvInt=0x0
05-17 12:58:11.189 D/BtGatt.GattService( 1928): onScanResult to scannerId: 2- eventType=0x10, addressType=1, address=017F21_E, primaryPhy=1, secondaryPhy=0, advertisingSid=0xff, txPower=127, rssi=-93, periodicAdvInt=0x0
05-17 12:58:11.191 I/MeshxBleScanRaw(10600): device_id=01:7F:21:D1:F9:1E rssi=-93 advertisement_b64=Hv8GAAEJICLC6df4N1LMl5qEdlJKFoaTzJHb3vD1kwAAAAAAAAAAAAAAAAAAAAAAAAAAAAAAAAAAAAAAAAA= manufacturer_ids=[6] service_uuids=[]
05-17 12:58:11.249 D/BtGatt.GattService( 1928): onScanResult to scannerId: 2- eventType=0x10, addressType=0, address=BC455B_A, primaryPhy=1, secondaryPhy=0, advertisingSid=0xff, txPower=127, rssi=-84, periodicAdvInt=0x0
05-17 12:58:11.256 D/BtGatt.GattService( 1928): onScanResult to scannerId: 2- eventType=0x1b, addressType=1, address=728D22_8, primaryPhy=1, secondaryPhy=0, advertisingSid=0xff, txPower=127, rssi=-50, periodicAdvInt=0x0
05-17 12:58:11.260 D/BtGatt.GattService( 1928): onScanResult to scannerId: 2- eventType=0x1a, addressType=1, address=514AA8_3, primaryPhy=1, secondaryPhy=0, advertisingSid=0xff, txPower=127, rssi=-44, periodicAdvInt=0x0
05-17 12:58:11.268 D/BtGatt.GattService( 1928): onScanResult to scannerId: 2- eventType=0x10, addressType=1, address=E06AFE_3, primaryPhy=1, secondaryPhy=0, advertisingSid=0xff, txPower=127, rssi=-35, periodicAdvInt=0x0
05-17 12:58:11.270 I/MeshxBleScanRaw(10600): device_id=E0:6A:FE:8A:2F:B3 rssi=-35 advertisement_b64=B/9MABICAAIAAAAAAAAAAAAAAAAAAAAAAAAAAAAAAAAAAAAAAAAAAAAAAAAAAAAAAAAAAAAAAAAAAAAAAAA= manufacturer_ids=[76] service_uuids=[]
05-17 12:58:11.284 D/BtGatt.GattService( 1928): onScanResult to scannerId: 2- eventType=0x10, addressType=1, address=544BCB_0, primaryPhy=1, secondaryPhy=0, advertisingSid=0xff, txPower=127, rssi=-84, periodicAdvInt=0x0
05-17 12:58:11.286 I/MeshxBleScanRaw(10600): device_id=54:4B:CB:88:A6:00 rssi=-84 advertisement_b64=AgEaF/9MAAkIExPAqAEKG1gWCACCHlwBjyd+AAAAAAAAAAAAAAAAAAAAAAAAAAAAAAAAAAAAAAAAAAAAAAA= manufacturer_ids=[76] service_uuids=[]
05-17 12:58:11.288 D/BtGatt.GattService( 1928): onScanResult to scannerId: 2- eventType=0x10, addressType=1, address=6DDDD7_C, primaryPhy=1, secondaryPhy=0, advertisingSid=0xff, txPower=127, rssi=-81, periodicAdvInt=0x0
05-17 12:58:11.290 I/MeshxBleScanRaw(10600): device_id=6D:DD:D7:14:13:EC rssi=-81 advertisement_b64=Hv8GAAEJIAJH+5WVoui1ni7PURo9Sq6XtdA4ll2Y2wAAAAAAAAAAAAAAAAAAAAAAAAAAAAAAAAAAAAAAAAA= manufacturer_ids=[6] service_uuids=[]
05-17 12:58:11.290 D/BtGatt.GattService( 1928): onScanResult to scannerId: 2- eventType=0x1b, addressType=1, address=728D22_8, primaryPhy=1, secondaryPhy=0, advertisingSid=0xff, txPower=127, rssi=-50, periodicAdvInt=0x0
05-17 12:58:11.295 D/BtGatt.GattService( 1928): onScanResult to scannerId: 2- eventType=0x10, addressType=1, address=017F21_E, primaryPhy=1, secondaryPhy=0, advertisingSid=0xff, txPower=127, rssi=-94, periodicAdvInt=0x0
05-17 12:58:11.324 D/BtGatt.GattService( 1928): onScanResult to scannerId: 2- eventType=0x1b, addressType=1, address=728D22_8, primaryPhy=1, secondaryPhy=0, advertisingSid=0xff, txPower=127, rssi=-50, periodicAdvInt=0x0
05-17 12:58:11.327 D/BtGatt.GattService( 1928): onScanResult to scannerId: 2- eventType=0x1b, addressType=0, address=84E0F4_2, primaryPhy=1, secondaryPhy=0, advertisingSid=0xff, txPower=127, rssi=-77, periodicAdvInt=0x0
05-17 12:58:11.344 D/BtGatt.GattService( 1928): onScanResult to scannerId: 2- eventType=0x1b, addressType=1, address=4CB994_7, primaryPhy=1, secondaryPhy=0, advertisingSid=0xff, txPower=127, rssi=-35, periodicAdvInt=0x0
05-17 12:58:11.346 I/MeshxBleScanRaw(10600): device_id=4C:B9:94:B6:E9:57 rssi=-35 advertisement_b64=AgEaAgoMC/9MABAGDR3SszQ4AAAAAAAAAAAAAAAAAAAAAAAAAAAAAAAAAAAAAAAAAAAAAAAAAAAAAAAAAAA= manufacturer_ids=[76] service_uuids=[]
05-17 12:58:11.350 D/BtGatt.GattService( 1928): onScanResult to scannerId: 2- eventType=0x1b, addressType=0, address=84E0F4_2, primaryPhy=1, secondaryPhy=0, advertisingSid=0xff, txPower=127, rssi=-77, periodicAdvInt=0x0
05-17 12:58:11.353 D/BtGatt.GattService( 1928): onScanResult to scannerId: 2- eventType=0x1b, addressType=1, address=DD0D30_2, primaryPhy=1, secondaryPhy=0, advertisingSid=0xff, txPower=127, rssi=-61, periodicAdvInt=0x0
05-17 12:58:11.356 I/MeshxBleScanRaw(10600): device_id=DD:0D:30:7B:BE:72 rssi=-61 advertisement_b64=AgECDf8tCgIAu6pyvnswDdwDAvD/DQlERDBEMzA3QkJFNzIAAAAAAAAAAAAAAAAAAAAAAAAAAAAAAAAAAAA= manufacturer_ids=[2605] service_uuids=[0000fff0-0000-1000-8000-00805f9b34fb]
05-17 12:58:11.362 D/BtGatt.GattService( 1928): onScanResult to scannerId: 2- eventType=0x1b, addressType=1, address=728D22_8, primaryPhy=1, secondaryPhy=0, advertisingSid=0xff, txPower=127, rssi=-50, periodicAdvInt=0x0
05-17 12:58:11.384 D/BtGatt.GattService( 1928): onScanResult to scannerId: 2- eventType=0x10, addressType=1, address=C7494A_4, primaryPhy=1, secondaryPhy=0, advertisingSid=0xff, txPower=127, rssi=-51, periodicAdvInt=0x0
05-17 12:58:11.386 I/MeshxBleScanRaw(10600): device_id=C7:49:4A:1A:EB:A4 rssi=-51 advertisement_b64=B/9MABICAAAAAAAAAAAAAAAAAAAAAAAAAAAAAAAAAAAAAAAAAAAAAAAAAAAAAAAAAAAAAAAAAAAAAAAAAAA= manufacturer_ids=[76] service_uuids=[]
05-17 12:58:11.386 D/BtGatt.GattService( 1928): onScanResult to scannerId: 2- eventType=0x1b, addressType=1, address=728D22_8, primaryPhy=1, secondaryPhy=0, advertisingSid=0xff, txPower=127, rssi=-51, periodicAdvInt=0x0
05-17 12:58:11.390 D/BtGatt.GattService( 1928): onScanResult to scannerId: 2- eventType=0x1b, addressType=0, address=84E0F4_2, primaryPhy=1, secondaryPhy=0, advertisingSid=0xff, txPower=127, rssi=-80, periodicAdvInt=0x0
05-17 12:58:11.393 D/BtGatt.GattService( 1928): onScanResult to scannerId: 2- eventType=0x1a, addressType=1, address=514AA8_3, primaryPhy=1, secondaryPhy=0, advertisingSid=0xff, txPower=127, rssi=-44, periodicAdvInt=0x0
05-17 12:58:11.399 I/Elixir  (10600): BleSelfTest: DISTINCT MESH MESSAGE kind=beacon key=f70806eddc285bcc:025677acf07c0343 from=sender_hash=f70806eddc285bcc device_id=51:4A:A8:06:7D:63 first_seen_after=1_callbacks
05-17 12:58:11.405 D/ProfileInstaller(10600): Installing profile for dev.meshx.mob
05-17 12:58:11.406 D/BtGatt.GattService( 1928): onScanResult to scannerId: 2- eventType=0x1b, addressType=1, address=4F0106_8, primaryPhy=1, secondaryPhy=0, advertisingSid=0xff, txPower=127, rssi=-79, periodicAdvInt=0x0
05-17 12:58:11.408 I/MeshxBleScanRaw(10600): device_id=4F:01:06:4D:F4:68 rssi=-79 advertisement_b64=AgEaAgoMCv9MABAFAximtJgAAAAAAAAAAAAAAAAAAAAAAAAAAAAAAAAAAAAAAAAAAAAAAAAAAAAAAAAAAAA= manufacturer_ids=[76] service_uuids=[]
05-17 12:58:11.412 D/BtGatt.GattService( 1928): onScanResult to scannerId: 2- eventType=0x1b, addressType=1, address=728D22_8, primaryPhy=1, secondaryPhy=0, advertisingSid=0xff, txPower=127, rssi=-51, periodicAdvInt=0x0
05-17 12:58:11.418 D/BtGatt.GattService( 1928): onScanResult to scannerId: 2- eventType=0x10, addressType=1, address=7559F4_E, primaryPhy=1, secondaryPhy=0, advertisingSid=0xff, txPower=127, rssi=-35, periodicAdvInt=0x0
05-17 12:58:11.424 I/MeshxBleScanRaw(10600): device_id=75:59:F4:B7:97:6E rssi=-35 advertisement_b64=AgEaF/9MAAkIEwLAqAFhG1gWCAAoA39TI88DAAAAAAAAAAAAAAAAAAAAAAAAAAAAAAAAAAAAAAAAAAAAAAA= manufacturer_ids=[76] service_uuids=[]
05-17 12:58:11.426 I/BEAMout (10600): 12:58:11.399 [info] BleSelfTest: DISTINCT MESH MESSAGE kind=beacon key=f70806eddc285bcc:025677acf07c0343 from=sender_hash=f70806eddc285bcc device_id=51:4A:A8:06:7D:63 first_seen_after=1_callbacks
05-17 12:58:11.431 D/BtGatt.GattService( 1928): onScanResult to scannerId: 2- eventType=0x1b, addressType=1, address=F812C9_E, primaryPhy=1, secondaryPhy=0, advertisingSid=0xff, txPower=127, rssi=-87, periodicAdvInt=0x0
05-17 12:58:11.433 W/bt_stack( 1928): gatt_le_connect_cback  connected : 1, reason : 0
05-17 12:58:11.433 W/bt_stack( 1928): Le connection completed to device:728d22
05-17 12:58:11.433 W/bt_stack( 1928): remove_all_clients_with_pending_connections :: address=728d22
05-17 12:58:11.433 W/btm_acl ( 1928): Unable to find active acl
05-17 12:58:11.433 E/bt_btif ( 1928): remote name callback registration fail.
05-17 12:58:11.434 I/MeshxBleScanRaw(10600): device_id=F8:12:C9:8E:DD:CE rssi=-87 advertisement_b64=AgEGAgoAEQaeytwkDuWp4JPzo7UBAEBuEglBZGFmcnVpdCBCbHVlZnJ1aQAAAAAAAAAAAAAAAAAAAAAAAAA= manufacturer_ids=[] service_uuids=[6e400001-b5a3-f393-e0a9-e50e24dcca9e]
05-17 12:58:11.434 D/BtGatt.GattService( 1928): onScanResult to scannerId: 2- eventType=0x10, addressType=1, address=18A8A4_9, primaryPhy=1, secondaryPhy=0, advertisingSid=0xff, txPower=127, rssi=-91, periodicAdvInt=0x0
05-17 12:58:11.434 E/bta_gattc_main( 1928): Ignore unknown conn ID: 3
05-17 12:58:11.435 E/bta_gattc_main( 1928): Ignore unknown conn ID: 4
05-17 12:58:11.435 E/bta_gattc_main( 1928): Ignore unknown conn ID: 5
05-17 12:58:11.435 W/BatteryService( 1928): getBatteryService(): service is NULL
05-17 12:58:11.435 I/bt_stack( 1928): [INFO:bta_gattc_main.cc(314)] bta_gattc_sm_execute: State 0x01, Event 0x1f0c
05-17 12:58:11.435 W/bt_bta_gattc( 1928): bta_gattc_conn
05-17 12:58:11.436 E/bt_stack( 1928): [ERROR:bta_gattc_db_storage.cc(79)] bta_gattc_load_db: can't open GATT cache file /data/misc/bluetooth/gatt_cache_728d2247dc48 for reading, error: No such file or directory
05-17 12:58:11.436 W/bt_bta_gattc( 1928): bta_gattc_start_discover
05-17 12:58:11.436 W/bt_stack( 1928): [WARNING:bta_gattc_act.cc(827)] bta_gattc_start_discover
05-17 12:58:11.436 I/bt_stack( 1928): [INFO:bta_gattc_act.cc(766)] bta_gattc_set_discover_st
05-17 12:58:11.436 W/bt_stack( 1928): [WARNING:bta_gattc_act.cc(807)] bta_gattc_start_discover_internal
05-17 12:58:11.436 E/bt_stack( 1928): [ERROR:bta_gattc_cache.cc(148)] bta_gattc_discover_pri_service transport is LE
05-17 12:58:11.436 W/bt_stack( 1928): [WARNING:gatt_api.cc(718)] GATTC_Discover conn_id=0x0006, disc_type=1, s_handle=0x0001, e_handle=0xffff
05-17 12:58:11.436 W/bt_bta_gattc( 1928): There is no RM for GATT
05-17 12:58:11.437 I/MeshxBleScanRaw(10600): device_id=18:A8:A4:3A:6C:29 rssi=-91 advertisement_b64=Hv8GAAEJICKEnoLuMs/+4Pk7UlyMz8lkTjSjW89chQAAAAAAAAAAAAAAAAAAAAAAAAAAAAAAAAAAAAAAAAA= manufacturer_ids=[6] service_uuids=[]
05-17 12:58:11.443 D/BluetoothUtils( 1928): getBtEnabledContainers(): btContainers = []
05-17 12:58:11.444 I/BluetoothDeviceBatteryManager( 1200): action: android.bluetooth.device.action.ACL_CONNECTED
05-17 12:58:11.444 E/BluetoothRemoteDevices( 1928): RemoteException in calling IBluetoothConnectionCallback
05-17 12:58:11.444 E/BluetoothRemoteDevices( 1928): RemoteException in calling IBluetoothConnectionCallback
05-17 12:58:11.444 I/SLocation( 1200): DeviceStatusNotiManager - received action : android.bluetooth.device.action.ACL_CONNECTED
05-17 12:58:11.444 E/BluetoothRemoteDevices( 1928): RemoteException in calling IBluetoothConnectionCallback
05-17 12:58:11.444 E/BluetoothRemoteDevices( 1928): RemoteException in calling IBluetoothConnectionCallback
05-17 12:58:11.445 V/BluetoothEventManager( 1613): onReceive :: android.bluetooth.device.action.ACL_CONNECTED
05-17 12:58:11.445 W/BluetoothEventManager( 1613): AclStateChangedHandler: activeDevice is null
05-17 12:58:11.447 D/BluetoothPhonePolicy( 1928): handleMessage: 6
05-17 12:58:11.447 D/BluetoothDatabase( 1928): getProfileConnectionPolicy: device XX:XX:XX:47:DC:48 is not in cache
05-17 12:58:11.447 D/BtGatt.GattService( 1928): onScanResult to scannerId: 2- eventType=0x1b, addressType=1, address=409F5F_D, primaryPhy=1, secondaryPhy=0, advertisingSid=0xff, txPower=127, rssi=-75, periodicAdvInt=0x0
05-17 12:58:11.448 W/BroadcastQueue( 1200): Permission Denial: receiving Intent { act=android.bluetooth.device.action.ACL_CONNECTED flg=0x5000010 (has extras) } to com.samsung.android.oneconnect/.QcReceiver requires android.permission.BLUETOOTH_CONNECT due to sender com.android.bluetooth (uid 1002)
05-17 12:58:11.448 D/BtGatt.GattService( 1928): onConnected() - clientIf=6, connId=6, status=0, address=728D22_8
05-17 12:58:11.449 D/BtGatt.GattService( 1928): onConnected() - adding permit for address=728D22_8
05-17 12:58:11.451 I/BluetoothDeviceBatteryManager( 1200): # Alias(mx11a7fcb0a1861396) / Address(728D22_8)
05-17 12:58:11.452 D/BluetoothGatt(10600): onClientConnectionState() - status=0 clientIf=6 device=728D22_8
05-17 12:58:11.454 I/BluetoothDeviceBatteryManager( 1200): # BatteryLevel : -1
05-17 12:58:11.460 W/libprocessgroup( 1200): Failed to open /dev/blkio//cgroup.procs: No such file or directory
05-17 12:58:11.460 W/libprocessgroup( 1200): Failed to open /dev/blkio//cgroup.procs: No such file or directory
05-17 12:58:11.468 I/aahm    (25144): onReceive
05-17 12:58:11.469 I/MeshxBleFetch(10600): {"v":1,"event":"fetch_connect_result","request_id":"ad775af3-99e9-4f5b-9628-e53a61f9a6ed","target_address":"72:8D:22:47:DC:48","gatt_status":0,"gatt_reason":"success","state":2,"state_name":"connected","transport_mode":"transport_le","device_model":"SM-T577U","android_api":33,"adapter_state":"on","adapter_enabled":true}
05-17 12:58:11.470 I/abvn    (25144): (REDACTED) bluetoothConnectionStateChanged. Action: %s
05-17 12:58:11.470 I/abuo    (25144): Registering Gemini service client
05-17 12:58:11.470 I/abut    (25144): Initializing PhoneMediaHandler
05-17 12:58:11.471 I/MeshxBleFetch(10600): {"v":1,"event":"fetch_mtu_request_start","request_id":"ad775af3-99e9-4f5b-9628-e53a61f9a6ed","target_address":"72:8D:22:47:DC:48","mtu":185,"device_model":"SM-T577U","android_api":33,"adapter_state":"on","adapter_enabled":true}
05-17 12:58:11.472 D/BluetoothGatt(10600): configureMTU() - device: 728D22_8 mtu: 185
05-17 12:58:11.481 I/bt_stack( 1928): [INFO:bta_gattc_main.cc(314)] bta_gattc_sm_execute: State 0x03, Event 0x1f07
05-17 12:58:11.482 D/BluetoothAdapterService( 1928): getBondedDevices, remove custom devices: 
05-17 12:58:11.484 D/BluetoothAdapterService( 1928): getBondedDevices, remove custom devices: 
05-17 12:58:11.485 D/BluetoothAdapterService( 1928): getBondedDevices, remove custom devices: 
05-17 12:58:11.490 D/WearableService(30311): Creating wearable service asynchronously.
05-17 12:58:11.492 I/Nearby  (30311): (REDACTED) is blocked device type %s, isAuto=%s, isIot=%s, isLatchsky=%s, isChinaWearable=%s, isTv=%s, isWearable=%s (supportWearOs=%s), isChromeOsDevice=%s (supportChromeOs=%s)
05-17 12:58:11.493 D/WearableService(30311): onGetService: waiting for onCreate to be completed.
05-17 12:58:11.495 I/NearbyDiscovery(30311): (REDACTED) DiscoveryService onStartCommand action: %s
05-17 12:58:11.495 I/NearbyDiscovery(30311): (REDACTED) onAclChange: state=%s, transport=%s, %s
05-17 12:58:11.497 I/NearbyDiscovery(30311): (REDACTED) FastPair: lock scan rate if needed, %s, bondState=%s
05-17 12:58:11.510 I/Wear_Controller(30311): Wearable module requires a companion app to be installed.
