--------- beginning of main
05-17 12:58:04.680 I/SemDvfsHyPerManager( 1200): acquire hyper - APP_LAUNCH/1200@25, type = -999
--------- beginning of system
05-17 12:58:04.681 D/ActivityTaskManager( 1200): startActivityAsUser: callingPid=10588, callingUid=2000, caller=com.android.server.wm.ActivityTaskManagerService.startActivityAsUser:1828 com.android.server.am.ActivityManagerService.startActivityAsUserWithFeature:3760 com.android.server.am.ActivityManagerShellCommand.runStartActivity:656 com.android.server.am.ActivityManagerShellCommand.onCommand:222 com.android.modules.utils.BasicShellCommandHandler.exec:97 android.os.ShellCommand.exec:38 com.android.server.am.ActivityManagerService.onShellCommand:11315 
05-17 12:58:04.681 I/HYPER-HAL(  864): [RequestManager.cpp]acquire(): Acquired ID : 750950  [1200 / 25]    HINT : APP_LAUNCH    list : 
05-17 12:58:04.681 E/HYPER-HAL(  864): [HandlerSysfs.cpp]doResourceHandling(): Couldn't Open Sysfs - /sys/power/cstate_control
05-17 12:58:04.681 I/ChimeraSystemEventListener( 1200): appLaunchIntent package name is: dev.meshx.mob
05-17 12:58:04.682 I/SemDvfsHyPerManager( 2905): acquire hyper - APP_START_SHORT/2905@12, type = -999
05-17 12:58:04.682 I/HYPER-HAL(  864): [RequestManager.cpp]acquire(): Acquired ID : 4255915  [2905 / 12]    HINT : APP_START    list : [TIMEOUT / 1500] 
05-17 12:58:04.682 D/CompatibilityChangeReporter( 1200): Compat change id reported: 161252188; UID 10313; state: DISABLED
05-17 12:58:04.682 I/ActivityTaskManager( 1200): START u0 {flg=0x10000000 cmp=dev.meshx.mob/.MainActivity (has extras)} from uid 2000
05-17 12:58:04.683 D/CompatibilityChangeReporter( 1200): Compat change id reported: 194480991; UID 10313; state: ENABLED
05-17 12:58:04.684 D/ActivityTaskManager( 1200): TaskLaunchParamsModifier:task=null activity=ActivityRecord{71294ba u0 dev.meshx.mob/.MainActivity} display-id=0 display-windowing-mode=1 suggested-display-area=DefaultTaskDisplayArea@8828587
05-17 12:58:04.684 D/[secipm]( 1200): mSecIpmManager Preload dev.meshx.mob dex files
05-17 12:58:04.684 D/ActivityTaskManager( 1200): TaskLaunchParamsModifier:task=null activity=ActivityRecord{71294ba u0 dev.meshx.mob/.MainActivity} t-1} display-id=0 display-windowing-mode=1 suggested-display-area=DefaultTaskDisplayArea@8828587 non-freeform-display display-area=DefaultTaskDisplayArea@8828587 maximized-bounds
05-17 12:58:04.684 I/SemDvfsHyPerManager( 1200): acquire hyper - AMS_ACT_START/1200@14, type = -999
05-17 12:58:04.684 D/ActivityManagerPerformance( 1200): AMP_acquire() ACT_START
05-17 12:58:04.684 I/HYPER-HAL(  864): [RequestManager.cpp]acquire(): Acquired ID : 737519  [1200 / 14]    HINT : AMS_ACT_START    list : 
05-17 12:58:04.685 E/HYPER-HAL(  864): [HandlerSysfs.cpp]doResourceHandling(): Couldn't Open Sysfs - /sys/power/cstate_control
05-17 12:58:04.685 I/SurfaceFlinger(  914): id=585 createSurf flag=24004, Task=430#585
05-17 12:58:04.686 D/ActivityTaskManager( 1200): Top Process State changed to PROCESS_STATE_TOP_SLEEPING#2
05-17 12:58:04.686 D/ActivityTaskManager( 1200): TaskLaunchParamsModifier:task=Task{e162f6b #430 type=standard A=10313:dev.meshx.mob U=0 visible=false visibleRequested=false mode=fullscreen translucent=true sz=0} activity=ActivityRecord{71294ba u0 dev.meshx.mob/.MainActivity} t-1} display-from-task=0 display-id=0 display-windowing-mode=1 suggested-display-area=DefaultTaskDisplayArea@8828587 non-freeform-display display-area=DefaultTaskDisplayArea@8828587 maximized-bounds
05-17 12:58:04.687 D/CompatibilityChangeReporter( 1200): Compat change id reported: 174042980; UID 10313; state: DISABLED
05-17 12:58:04.687 D/CompatibilityChangeReporter( 1200): Compat change id reported: 184838306; UID 10313; state: DISABLED
05-17 12:58:04.687 D/CompatibilityChangeReporter( 1200): Compat change id reported: 185004937; UID 10313; state: DISABLED
05-17 12:58:04.687 D/CompatibilityChangeReporter( 1200): Compat change id reported: 181136395; UID 10313; state: DISABLED
05-17 12:58:04.687 D/CompatibilityChangeReporter( 1200): Compat change id reported: 174042936; UID 10313; state: DISABLED
05-17 12:58:04.687 I/SurfaceFlinger(  914): id=586 createSurf flag=80004, ActivityRecord{71294ba u0 dev.meshx.mob/.MainActivity} t430}#586
05-17 12:58:04.688 D/ActivityTaskManager( 1200): Temporarily retain top process state for launching app
05-17 12:58:04.688 W/WindowManager( 1200): Prepare app transition: mNextAppTransitionRequests=[TRANSIT_OPEN], mNextAppTransitionFlags=, displayId: 0 Callers=com.android.server.wm.DisplayContent.prepareAppTransition:6543 com.android.server.wm.DisplayContent.prepareAppTransition:6534 com.android.server.wm.Task.startActivityLocked:6851 com.android.server.wm.ActivityStarter.startActivityInner:3105 com.android.server.wm.ActivityStarter.startActivityUnchecked:2522 
05-17 12:58:04.688 V/WindowManager( 1200): Checking theme of starting window: 0x7f120005
05-17 12:58:04.688 V/WindowManager( 1200): Translucent=false Floating=false ShowWallpaper=false Disable=false
05-17 12:58:04.688 D/CompatibilityChangeReporter( 1200): Compat change id reported: 205907456; UID 10313; state: ENABLED
05-17 12:58:04.688 V/WindowManager( 1200): Creating SplashScreenStartingData
05-17 12:58:04.688 D/ActivityTaskManager( 1200): Add starting com.android.server.wm.ActivityRecord$AddStartingWindow@b31e761: typeParam=139
05-17 12:58:04.688 V/WindowManager( 1200): Add starting com.android.server.wm.ActivityRecord$AddStartingWindow@b31e761: startingData=com.android.server.wm.SplashScreenStartingData@ec54286
05-17 12:58:04.689 V/WindowManager( 1200): Added starting ActivityRecord{71294ba u0 dev.meshx.mob/.MainActivity} t430}: startingWindow=null startingView=com.android.server.wm.StartingSurfaceController$StartingSurface@de65747
05-17 12:58:04.689 D/MARsPolicyManager( 1200): onPackageResumedFG pkgName = dev.meshx.mob, userId = 0
05-17 12:58:04.690 W/WindowManager( 1200): Prepare app transition: mNextAppTransitionRequests=[TRANSIT_OPEN, TRANSIT_OPEN], mNextAppTransitionFlags=, displayId: 0 Callers=com.android.server.wm.DisplayContent.prepareAppTransition:6543 com.android.server.wm.TaskFragment.resumeTopActivity:1628 com.android.server.wm.TaskFragment.resumeTopActivity:1354 com.android.server.wm.Task.resumeTopActivityInnerLocked:6685 com.android.server.wm.Task.resumeTopActivityUncheckedLocked:6576 
05-17 12:58:04.691 I/Pageboost( 1200): stop alp
05-17 12:58:04.692 I/SemDvfsHyPerManager( 1200): acquire hyper - AMS_APP_LAUNCH/1200@15, type = -999
05-17 12:58:04.692 I/HYPER-HAL(  864): [RequestManager.cpp]acquire(): Acquired ID : 738735  [1200 / 15]    HINT : AMS_APP_LAUNCH    list : 
05-17 12:58:04.692 E/pageboostd( 2548): Received HALT command code 2
05-17 12:58:04.692 E/HYPER-HAL(  864): [HandlerSysfs.cpp]doResourceHandling(): Couldn't Open Sysfs - /sys/power/cstate_control
05-17 12:58:04.692 I/SurfaceSyncer@4eb0e30( 1613): new SurfaceSyncer() = android.view.ViewRootImpl.<init>:1168 android.view.ViewRootImpl.<init>:1304 android.view.WindowManagerGlobal.addView:530 com.android.wm.shell.startingsurface.StartingSurfaceDrawer.addWindow:614 com.android.wm.shell.startingsurface.StartingSurfaceDrawer.addSplashScreenStartingWindow:386 
05-17 12:58:04.693 I/SemDvfsHyPerManager( 2905): acquire hyper - APP_START/2905@14, type = -999
05-17 12:58:04.693 I/HYPER-HAL(  864): [RequestManager.cpp]acquire(): Acquired ID : 4261754  [2905 / 14]    HINT : APP_START    list : 
05-17 12:58:04.694 D/CompatibilityChangeReporter( 1200): Compat change id reported: 135634846; UID 10313; state: DISABLED
05-17 12:58:04.694 D/CompatibilityChangeReporter( 1200): Compat change id reported: 177438394; UID 10313; state: DISABLED
05-17 12:58:04.694 D/CompatibilityChangeReporter( 1200): Compat change id reported: 135772972; UID 10313; state: DISABLED
05-17 12:58:04.694 D/CompatibilityChangeReporter( 1200): Compat change id reported: 135754954; UID 10313; state: ENABLED
05-17 12:58:04.694 D/NativeCustomFrequencyManager( 1613): [NativeCFMS] BpCustomFrequencyManager::BpCustomFrequencyManager()
05-17 12:58:04.695 D/CompatibilityChangeReporter( 1200): Compat change id reported: 143937733; UID 10313; state: ENABLED
05-17 12:58:04.696 D/CompatibilityChangeReporter( 1200): Compat change id reported: 168419799; UID 10313; state: DISABLED
05-17 12:58:04.696 D/InputTransport( 1200): Input channel constructed: 'a30112 ', fd=831
05-17 12:58:04.696 D/InputTransport( 1200): Input channel constructed: 'a30112 ', fd=836
05-17 12:58:04.696 D/InputTransport( 1200): Input channel constructed: 'a30112 ', fd=837
05-17 12:58:04.696 I/TopTaskTracker( 2413): onTaskMovedToFront : taskId = 430
05-17 12:58:04.696 I/SurfaceFlinger(  914): id=587 createSurf flag=80004, a30112 Splash Screen dev.meshx.mob#587
05-17 12:58:04.697 V/WindowManager( 1200): addWindow: ActivityRecord{71294ba u0 dev.meshx.mob/.MainActivity} t430} startingWindow=Window{a30112 u0 Splash Screen dev.meshx.mob}
05-17 12:58:04.697 D/InputTransport( 1200): Input channel destroyed: 'a30112 ', fd=837
05-17 12:58:04.698 D/InsetsController( 1613): onStateChanged: InsetsState: {mDisplayFrame=Rect(0, 0 - 1200, 1920), mDisplayCutout=DisplayCutout{insets=Rect(0, 0 - 0, 0) waterfall=Insets{left=0, top=0, right=0, bottom=0} boundingRect={Bounds=[Rect(0, 0 - 0, 0), Rect(0, 0 - 0, 0), Rect(0, 0 - 0, 0), Rect(0, 0 - 0, 0)]} cutoutPathParserInfo={CutoutPathParserInfo{displayWidth=0 displayHeight=0 physicalDisplayWidth=0 physicalDisplayHeight=0 density={0.0} cutoutSpec={} rotation={0} scale={0.0} physicalPixelDisplaySizeRatio={0.0}}}}, mRoundedCorners=RoundedCorners{[RoundedCorner{position=TopLeft, radius=26, center=Point(26, 26)}, RoundedCorner{position=TopRight, radius=26, center=Point(1174, 26)}, RoundedCorner{position=BottomRight, radius=26, center=Point(1174, 1894)}, RoundedCorner{position=BottomLeft, radius=26, center=Point(26, 1894)}]}  mRoundedCornerFrame=Rect(0, 0 - 1200, 1920), mPrivacyIndicatorBounds=PrivacyIndicatorBounds {static bounds=Rect(1112, 0 - 1200, 48) rotation=0}, mSources= { InsetsSource: {mType=ITYPE_STATUS_BAR, mFrame=[0,0][1200,48], mVisible=true, mInsetsRoundedCornerFrame=false}, InsetsSource: {mType=ITYPE_TOP_MANDATORY_GESTURES, mFrame=[0,0][1200,48], mVisible=true, mInsetsRoundedCornerFrame=false}, InsetsSource: {mType=ITYPE_TOP_TAPPABLE_ELEMENT, mFrame=[0,0][1200,48], mVisible=true, mInsetsRoundedCornerFrame=false}, InsetsSource: {mType=ITYPE_IME, mFrame=[0,0][0,0], mVisible=false, mInsetsRoundedCornerFrame=false} } host=Splash Screen dev.meshx.mob from=android.view.ViewRootImpl.setView:1739
05-17 12:58:04.699 I/ViewRootImpl@f87daa9[mob]( 1613): setView = android.widget.FrameLayout@dd2393a TM=true
05-17 12:58:04.702 D/Zygote  (  837): Forked child process 10600
05-17 12:58:04.703 I/ActivityManager( 1200): Start proc 10600:dev.meshx.mob/u0a313 for top-activity {dev.meshx.mob/dev.meshx.mob.MainActivity}
05-17 12:58:04.703 D/DynamicHiddenApp_BGProtectManager( 1200): [SecIpm] it's a ML_TYPE_EMPTYPROCESS protected process dev.meshx.mob
05-17 12:58:04.704 D/CoreBackPreview( 1200): Window{a30112 u0 Splash Screen dev.meshx.mob}: Setting back callback OnBackInvokedCallbackInfo{mCallback=android.window.IOnBackInvokedCallback$Stub$Proxy@6c05ae0, mPriority=0}
05-17 12:58:04.706 I/ViewRootImpl@f87daa9[mob]( 1613): performTraversals params={(0,0)(fillxfill) sim={adjust=pan} ty=APPLICATION_STARTING fmt=TRANSLUCENT
05-17 12:58:04.706 I/ViewRootImpl@f87daa9[mob]( 1613):   fl=81030118
05-17 12:58:04.706 I/ViewRootImpl@f87daa9[mob]( 1613):   pfl=16000010
05-17 12:58:04.706 I/ViewRootImpl@f87daa9[mob]( 1613):   bhv=DEFAULT
05-17 12:58:04.706 I/ViewRootImpl@f87daa9[mob]( 1613):   fitSides= naviIconColor=0}
05-17 12:58:04.707 I/ViewRootImpl@f87daa9[mob]( 1613): performTraversals mFirst=true windowShouldResize=true viewVisibilityChanged=false mForceNextWindowRelayout=false params={(0,0)(fillxfill) sim={adjust=pan} ty=APPLICATION_STARTING fmt=TRANSLUCENT
05-17 12:58:04.707 I/ViewRootImpl@f87daa9[mob]( 1613):   fl=81030118
05-17 12:58:04.707 I/ViewRootImpl@f87daa9[mob]( 1613):   pfl=16000010
05-17 12:58:04.707 I/ViewRootImpl@f87daa9[mob]( 1613):   bhv=DEFAULT
05-17 12:58:04.707 I/ViewRootImpl@f87daa9[mob]( 1613):   fitSides= naviIconColor=0}
05-17 12:58:04.707 V/WindowManager( 1200): Relayout Window{a30112 u0 Splash Screen dev.meshx.mob}: viewVisibility=0 req=1200x1920 d0
05-17 12:58:04.707 D/RestrictionPolicy( 1200): isScreenCaptureEnabled : ret=true userId=0
05-17 12:58:04.708 I/SurfaceFlinger(  914): id=588 createSurf flag=40004, Splash Screen dev.meshx.mob$_1613#588
05-17 12:58:04.708 D/WindowManager( 1200): makeSurface duration=1 name=Splash Screen dev.meshx.mob$_1613
05-17 12:58:04.710 V/WindowManager( 1200): Relayout hash=a30112, pid=1613, syncId=-1: mAttrs={(0,0)(fillxfill) sim={adjust=pan} ty=APPLICATION_STARTING fmt=TRANSLUCENT
05-17 12:58:04.710 V/WindowManager( 1200):   fl=81030118
05-17 12:58:04.710 V/WindowManager( 1200):   pfl=16000010
05-17 12:58:04.710 V/WindowManager( 1200):   bhv=DEFAULT
05-17 12:58:04.710 V/WindowManager( 1200):   fitSides= naviIconColor=0}
05-17 12:58:04.711 I/ViewRootImpl@f87daa9[mob]( 1613): updateBlastSurfaceIfNeeded mBlastBufferQueue=null isSameSurfaceControl=false
05-17 12:58:04.711 I/BLASTBufferQueue( 1613): new BLASTBufferQueue, mName= ViewRootImpl@f87daa9[mob] mNativeObject= 0x6f77eedd00 sc.mNativeObject= 0x6ef3276440 caller= android.view.ViewRootImpl.updateBlastSurfaceIfNeeded:2939 android.view.ViewRootImpl.relayoutWindow:9990 android.view.ViewRootImpl.performTraversals:3919 android.view.ViewRootImpl.doTraversal:3151 android.view.ViewRootImpl$TraversalRunnable.run:11068 android.view.Choreographer$CallbackRecord.run:1321 android.view.Choreographer$CallbackRecord.run:1329 android.view.Choreographer.doCallbacks:930 android.view.Choreographer.doFrame:859 android.view.Choreographer$FrameDisplayEventReceiver.run:1303 
05-17 12:58:04.711 I/BLASTBufferQueue( 1613): update, w= 1200 h= 1920 mName = ViewRootImpl@f87daa9[mob] mNativeObject= 0x6f77eedd00 sc.mNativeObject= 0x6ef3276440 format= -3 caller= android.graphics.BLASTBufferQueue.<init>:84 android.view.ViewRootImpl.updateBlastSurfaceIfNeeded:2939 android.view.ViewRootImpl.relayoutWindow:9990 android.view.ViewRootImpl.performTraversals:3919 android.view.ViewRootImpl.doTraversal:3151 android.view.ViewRootImpl$TraversalRunnable.run:11068 
05-17 12:58:04.712 I/ViewRootImpl@f87daa9[mob]( 1613): Relayout returned: old=(0,0,1200,1920) new=(0,0,1200,1920) req=(1200,1920)0 dur=4 res=0x3 s={true 0x6edbdff000} ch=true seqId=0
05-17 12:58:04.712 I/ViewRootImpl@f87daa9[mob]( 1613): mThreadedRenderer.initialize() mSurface={isValid=true 0x6edbdff000} hwInitialized=true
05-17 12:58:04.712 D/OpenGLRenderer( 1613): eglCreateWindowSurface
05-17 12:58:04.712 I/ViewRootImpl@f87daa9[mob]( 1613): reportNextDraw android.view.ViewRootImpl.performTraversals:4473 android.view.ViewRootImpl.doTraversal:3151 android.view.ViewRootImpl$TraversalRunnable.run:11068 android.view.Choreographer$CallbackRecord.run:1321 android.view.Choreographer$CallbackRecord.run:1329 
05-17 12:58:04.712 I/ViewRootImpl@f87daa9[mob]( 1613): Setup new sync id=0
05-17 12:58:04.712 I/ViewRootImpl@f87daa9[mob]( 1613): Setting syncFrameCallback
05-17 12:58:04.712 I/ViewRootImpl@f87daa9[mob]( 1613): registerCallbacksForSync syncBuffer=false
05-17 12:58:04.714 I/ViewRootImpl@f87daa9[mob]( 1613): Received frameDrawingCallback syncResult=0 frameNum=1.
05-17 12:58:04.714 I/ViewRootImpl@f87daa9[mob]( 1613): Setting up sync and frameCommitCallback
05-17 12:58:04.718 I/BLASTBufferQueue( 1613): [ViewRootImpl@f87daa9[mob]#42](f:0,a:0,s:0) onFrameAvailable the first frame is available
05-17 12:58:04.718 I/ViewRootImpl@f87daa9[mob]( 1613): Received frameCommittedCallback lastAttemptedDrawFrameNum=1 didProduceBuffer=true
05-17 12:58:04.720 D/OpenGLRenderer( 1613): CFMS:: SetUp Pid : 1613    Tid : 1749
05-17 12:58:04.721 I/dev.meshx.mob(10600): Late-enabling -Xcheck:jni
05-17 12:58:04.722 I/ViewRootImpl@f87daa9[mob]( 1613): onSyncComplete
05-17 12:58:04.723 I/ViewRootImpl@f87daa9[mob]( 1613): setupSync seqId=0 mSyncId=0 fn=1 caller=android.view.ViewRootImpl$$ExternalSyntheticLambda11.accept:6 android.window.SurfaceSyncer.lambda$setupSync$1$android-window-SurfaceSyncer:168 android.window.SurfaceSyncer$$ExternalSyntheticLambda1.accept:8 android.window.SurfaceSyncer$SyncSet.checkIfSyncIsComplete:495 android.window.SurfaceSyncer$SyncSet.markSyncReady:454 android.window.SurfaceSyncer.markSyncReady:191 android.view.ViewRootImpl.performTraversals:4538 
05-17 12:58:04.723 I/ViewRootImpl@f87daa9[mob]( 1613): reportDrawFinished seqId=0 mSyncId=-1 fn=1 mSurfaceChangedTransaction=0x6ef34a0e00
05-17 12:58:04.723 D/WindowManager( 1200): finishDrawingWindow: Window{a30112 u0 Splash Screen dev.meshx.mob} mDrawState=DRAW_PENDING seqId=0
05-17 12:58:04.724 V/WindowManager( 1200): Finishing drawing window Window{a30112 u0 Splash Screen dev.meshx.mob}: mDrawState=DRAW_PENDING
05-17 12:58:04.724 V/WindowManager( 1200): Draw state now committed in Window{a30112 u0 Splash Screen dev.meshx.mob}
05-17 12:58:04.754 I/dev.meshx.mob(10600): Using CollectorTypeCC GC.
05-17 12:58:04.759 I/adbd    ( 2598): jdwp connection from 10600
05-17 12:58:04.766 D/nativeloader(10600): Load libframework-connectivity-tiramisu-jni.so using APEX ns com_android_tethering for caller /apex/com.android.tethering/javalib/framework-connectivity-t.jar: ok
05-17 12:58:04.770 D/ActivityThread(10600): setConscryptValidator
05-17 12:58:04.770 D/ActivityThread(10600): setConscryptValidator - put
05-17 12:58:04.774 I/ActivityManager( 1200): DSS OFF for dev.meshx.mob
05-17 12:58:04.776 I/DexController( 1200): getTaskHasActivityIsWaitingToRun: r=ActivityRecord{71294ba u0 dev.meshx.mob/.MainActivity} t430}, app=ProcessRecord{194fb74 10600:dev.meshx.mob/u0a313}
05-17 12:58:04.777 V/WindowManager( 1200): rotationForOrientation(orient=SCREEN_ORIENTATION_USER (2), last=ROTATION_0 (0)); user=ROTATION_0 (0) 
05-17 12:58:04.777 D/WindowManager( 1200): rotationForOrientation, orientationSource=Window{339d9e9 u0 NotificationShade}
05-17 12:58:04.777 V/WindowManager( 1200): Computed rotation=ROTATION_0 (0) for display id=0 based on lastOrientation=SCREEN_ORIENTATION_USER (2) and oldRotation=ROTATION_0 (0), caller=com.android.server.wm.DisplayRotation.updateOrientation:432 com.android.server.wm.DisplayContent.updateOrientation:2003 com.android.server.wm.DisplayContent.updateOrientation:1903 com.android.server.wm.RootWindowContainer.ensureVisibilityAndConfig:2161 com.android.server.wm.ActivityTaskSupervisor.realStartActivityLocked:919 com.android.server.wm.RootWindowContainer$AttachApplicationHelper.test:4390 
05-17 12:58:04.778 D/TspStateManager( 1200): updateCustomValue customSetting=
05-17 12:58:04.779 D/TspStateManager( 1200): updateCustomValue customSetting=
05-17 12:58:04.779 D/SGM:PkgDataHelper( 1200): notifyAppCreate(), pkgName: dev.meshx.mob, userId: 0, sendRet: true
05-17 12:58:04.780 D/SGM:FgCheckThread( 1200): onLooperPrepared(), msg: MSG_APP_CREATE, pkgName: dev.meshx.mob, userId: 0
05-17 12:58:04.780 D/ActivityTaskManager( 1200): scheduleTopResumedActivityChanged, onTop=true r=ActivityRecord{71294ba u0 dev.meshx.mob/.MainActivity} t430} caller=com.android.server.wm.ActivityTaskSupervisor.scheduleTopResumedActivityStateIfNeeded:2591 com.android.server.wm.ActivityTaskSupervisor.updateTopResumedActivityIfNeeded:2583 com.android.server.wm.TaskFragment.setResumedActivity:508 com.android.server.wm.TaskFragment.onActivityStateChanged:820 com.android.server.wm.ActivityRecord.setState:6665 com.android.server.wm.Task.minimalResumeActivityLocked:6379 
05-17 12:58:04.780 D/InputDispatcher( 1200): Focused application(0): ActivityRecord{71294ba u0 dev.meshx.mob/.MainActivity} t430}
05-17 12:58:04.780 D/SGM:FgCheckThread( 1200): TaskStackListener.onTaskFocusChanged(), taskId=430, focused=true
05-17 12:58:04.780 D/SGM:FgCheckThread( 1200):   sendRunningComponentFocus(), pkgName: dev.meshx.mob, userId: 0
05-17 12:58:04.780 D/SGM:FgCheckThread( 1200): onLooperPrepared(), msg: MSG_TASK_FOCUSED, pkgName: dev.meshx.mob, userId: 0
05-17 12:58:04.780 D/SGM:FgCheckThread( 1200): handleTaskFocused().
05-17 12:58:04.780 D/SGM:FgCheckThread( 1200):   handleTaskFocused(), pkgName: dev.meshx.mob, userID:0
05-17 12:58:04.780 D/SGM:FgCheckThread( 1200): handleResume().
05-17 12:58:04.781 D/SGM:SystemHelper( 1200): callReleaseBlock needReleaseBlock:false
05-17 12:58:04.781 D/SGM:FgCheckThread( 1200):   handleResume(). device is locked yet. ignore
05-17 12:58:04.781 W/WindowManager( 1200): Execute app transition: mNextAppTransitionRequests=[TRANSIT_OPEN, TRANSIT_OPEN], mNextAppTransitionFlags=, displayId: 0 Callers=com.android.server.wm.RootWindowContainer.executeAppTransitionForAllDisplay:2658 com.android.server.wm.ActivityTaskSupervisor.reportResumedActivityLocked:2343 com.android.server.wm.ActivityRecord.completeResumeLocked:7264 com.android.server.wm.Task.minimalResumeActivityLocked:6380 com.android.server.wm.ActivityTaskSupervisor.realStartActivityLocked:1151 
05-17 12:58:04.781 D/ActivityTaskManager( 1200): scheduleTopResumedActivityChanged, onTop=false r=ActivityRecord{71294ba u0 dev.meshx.mob/.MainActivity} t430} caller=com.android.server.wm.ActivityTaskSupervisor.updateTopResumedActivityIfNeeded:2566 com.android.server.wm.TaskFragment.setResumedActivity:508 com.android.server.wm.TaskFragment.onActivityStateChanged:805 com.android.server.wm.ActivityRecord.setState:6665 com.android.server.wm.TaskFragment.startPausing:1950 com.android.server.wm.TaskFragment.startPausing:1887 
05-17 12:58:04.782 D/AS.MultiSoundManager( 1200): mForegroundUid = 10313
05-17 12:58:04.785 V/NetworkPolicy( 1200): getFirewallRuleWifi UID:10313 policy:0
05-17 12:58:04.785 I/GameSDK@LifeCycle( 1200): noteResumeComponent(): package name  : dev.meshx.mob
05-17 12:58:04.786 D/SGM:FgCheckThread( 1200): noteResumeComponent(), received pkgName: dev.meshx.mob, userId: 0
05-17 12:58:04.786 D/SGM:FgCheckThread( 1200): onLooperPrepared(), msg: MSG_APP_RESUME, pkgName: dev.meshx.mob, userid: 0
05-17 12:58:04.786 D/SGM:FgCheckThread( 1200): handleResume().
05-17 12:58:04.786 D/CompatibilityChangeReporter(10600): Compat change id reported: 171979766; UID 10313; state: ENABLED
05-17 12:58:04.786 D/SGM:SystemHelper( 1200): callReleaseBlock needReleaseBlock:false
05-17 12:58:04.786 D/SGM:FgCheckThread( 1200):   handleResume(). device is locked yet. ignore
05-17 12:58:04.786 I/CocktailBarManagerServiceContainer( 1200): handleMessage: entry what = 5
05-17 12:58:04.788 I/ActivityUtils( 5662): HomePackage : com.sec.android.app.launcher, resumePackageName : dev.meshx.mob
05-17 12:58:04.788 I/ActivityManager( 1200): Changes in 10313 20 to 2, 0 to 15
05-17 12:58:04.789 I/AppOps  ( 1200): updateUidProcState uid: 10313 procState: 2 capability:15
05-17 12:58:04.789 I/AppOps  ( 1200): commitUidPendingStateLocked() :: UID - 10313, 700 > 200, 0 > 15
05-17 12:58:04.789 I/ActivityManager( 1200): updateOomAdj start time is before than pendingPid added, don't delete it
05-17 12:58:04.792 I/RequestManager_FLP( 2496): onOpChanged, op=0 / packageName=dev.meshx.mob
05-17 12:58:04.792 I/ActivityManager( 1200): updateOomAdj start time is before than pendingPid added, don't delete it
05-17 12:58:04.924 D/MdnieScenarioControlService( 1200):  packageName : dev.meshx.mob    className : dev.meshx.mob.MainActivity
05-17 12:58:04.924 V/MdnieScenarioControlService( 1200): setUIMode from UI function(3)
05-17 12:58:05.024 V/MdnieScenarioControlService( 1200): mAclOffEnabled : false mAclPreviewState : false mAclCompensationState : false
05-17 12:58:05.111 D/nativeloader(10600): Configuring clns-4 for other apk /data/app/~~GSVKRubYzeTMuH9cbmVROg==/dev.meshx.mob-t5cdhl66sNQ-IA-KCCyaCQ==/base.apk. target_sdk_version=34, uses_libraries=, library_path=/data/app/~~GSVKRubYzeTMuH9cbmVROg==/dev.meshx.mob-t5cdhl66sNQ-IA-KCCyaCQ==/lib/arm64:/data/app/~~GSVKRubYzeTMuH9cbmVROg==/dev.meshx.mob-t5cdhl66sNQ-IA-KCCyaCQ==/base.apk!/lib/arm64-v8a, permitted_path=/data:/mnt/expand:/data/user/0/dev.meshx.mob
05-17 12:58:05.119 D/nativeloader(10600): Load libframework-connectivity-jni.so using APEX ns com_android_tethering for caller /apex/com.android.tethering/javalib/framework-connectivity.jar: ok
05-17 12:58:05.124 V/GraphicsEnvironment(10600): ANGLE Developer option for 'dev.meshx.mob' set to: 'default'
05-17 12:58:05.125 V/GraphicsEnvironment(10600): ANGLE GameManagerService for dev.meshx.mob: false
05-17 12:58:05.125 V/GraphicsEnvironment(10600): Neither updatable production driver nor prerelease driver is supported.
05-17 12:58:05.129 D/NetworkSecurityConfig(10600): Using Network Security Config from resource network_security_config debugBuild: true
05-17 12:58:05.184 D/NetworkSecurityConfig(10600): Using Network Security Config from resource network_security_config debugBuild: true
05-17 12:58:05.199 D/CompatibilityChangeReporter(10600): Compat change id reported: 183155436; UID 10313; state: ENABLED
05-17 12:58:05.218 I/FirebaseApp(10600): Device unlocked: initializing all Firebase APIs for app [DEFAULT]
05-17 12:58:05.235 I/FirebaseInitProvider(10600): FirebaseApp initialization successful
05-17 12:58:05.272 D/OpenGLRenderer(10600): RenderThread::requireGlContext()
05-17 12:58:05.282 W/ActivityTaskManager( 1200): Activity top resumed state loss timeout for ActivityRecord{71294ba u0 dev.meshx.mob/.MainActivity} t430}
05-17 12:58:05.282 W/ActivityTaskManager( 1200): Activity pause timeout for ActivityRecord{71294ba u0 dev.meshx.mob/.MainActivity} t430}
05-17 12:58:05.283 D/OpenGLRenderer(10600): RenderThread::setGrContext()
05-17 12:58:05.283 D/SGM:FgCheckThread( 1200): notePauseComponent(), received pkgName: dev.meshx.mob, userId: 0
05-17 12:58:05.284 I/CocktailBarManagerServiceContainer( 1200): handleMessage: entry what = 6
05-17 12:58:05.285 D/nativeloader(10600): Load /data/app/~~GSVKRubYzeTMuH9cbmVROg==/dev.meshx.mob-t5cdhl66sNQ-IA-KCCyaCQ==/lib/arm64/libmeshx_mobile_app.so using class loader ns clns-4 (caller=/data/app/~~GSVKRubYzeTMuH9cbmVROg==/dev.meshx.mob-t5cdhl66sNQ-IA-KCCyaCQ==/base.apk!classes3.dex): ok
05-17 12:58:05.286 I/MobNIF  (10600): mob_ui_cache_class: looking up dev/meshx/mob/MobBridge
05-17 12:58:05.305 I/MobNIF  (10600): mob_ui_cache_class: dev/meshx/mob/MobBridge cached OK
05-17 12:58:05.306 I/MeshxBleNif(10600): meshx_ble_cache_class: MeshxBleNative cached
05-17 12:58:05.319 I/GenerationRegistry( 1200): mBackingStore.isClosed() : false
05-17 12:58:05.327 I/GenerationRegistry( 1200): mBackingStore.isClosed() : false
05-17 12:58:05.334 I/DecorView(10600): [INFO] isPopOver=false config=true
05-17 12:58:05.335 I/DecorView(10600): updateCaptionType: isFloating=false isApplication=true hasWindowDecorCaption=false this=DecorView@d21ac7e[]
05-17 12:58:05.335 D/DecorView(10600): setCaptionType = 0, this = DecorView@d21ac7e[]
05-17 12:58:05.338 I/DecorView(10600): getCurrentDensityDpi: from real metrics. densityDpi=320 msg=resources_loaded
05-17 12:58:05.338 I/DecorView(10600): setWindowBackground: isPopOver=false color=ff000000 d=android.graphics.drawable.ColorDrawable@c2ba22c
05-17 12:58:05.361 D/CompatibilityChangeReporter( 1200): Compat change id reported: 161145287; UID 10313; state: DISABLED
05-17 12:58:05.362 I/MeshxBleNative(10600): init: application context set
05-17 12:58:05.362 I/MeshX   (10600): registered BluetoothAdapter state receiver
05-17 12:58:05.362 I/MeshX   (10600): onCreate: MESHX_BLE_SELFTEST=1
05-17 12:58:05.362 I/MeshxBleNative(10600): setSelftestSendEnabled=false
05-17 12:58:05.362 I/MeshX   (10600): onCreate: MESHX_BLE_SELFTEST_SEND=0
05-17 12:58:05.363 I/MeshxBleNative(10600): setFetchOnBeaconEnabled=true
05-17 12:58:05.363 I/MeshX   (10600): onCreate: meshx_ble_fetch_on_beacon=true
05-17 12:58:05.376 I/MeshX   (10600): onCreate — handing off to BEAM
05-17 12:58:05.377 I/MobBeam (10600): mob_capture_beam_stdio: piping stdout/stderr to logcat (tag: BEAMout)
05-17 12:58:05.379 I/MobNIF  (10600): _mob_bridge_init_activity: MobBridge.init called
05-17 12:58:05.379 I/MobBeam (10600): mob_init_bridge: native lib dir = /data/app/~~GSVKRubYzeTMuH9cbmVROg==/dev.meshx.mob-t5cdhl66sNQ-IA-KCCyaCQ==/lib/arm64
05-17 12:58:05.379 I/MobBeam (10600): mob_init_bridge: files dir = /data/user/0/dev.meshx.mob/files
05-17 12:58:05.380 I/MobBeam (10600): mob_start_beam: re-dlopened self RTLD_GLOBAL: /data/app/~~GSVKRubYzeTMuH9cbmVROg==/dev.meshx.mob-t5cdhl66sNQ-IA-KCCyaCQ==/lib/arm64/libmeshx_mobile_app.so
05-17 12:58:05.382 E/HYPER-HAL(  864): [HandlerSysfs.cpp]doResourceHandling(): Couldn't Open Sysfs - /sys/power/cstate_control
05-17 12:58:05.382 I/HYPER-HAL(  864): [RequestManager.cpp]releaseLocked(): Released ID : 750950
05-17 12:58:05.382 I/RecentModel( 2413): onTaskStackChangedBackground
05-17 12:58:05.382 I/SDHMS:l ( 2905): onTaskStackChanged
05-17 12:58:05.387 I/MSHandlerLifeCycle(10600): check: return. pkg=dev.meshx.mob parent=null callers=com.android.internal.policy.DecorView.setVisibility:4487 android.app.ActivityThread.handleResumeActivity:5491 android.app.servertransaction.ResumeActivityItem.execute:54 android.app.servertransaction.ActivityTransactionItem.execute:45 android.app.servertransaction.TransactionExecutor.executeLifecycleState:176 
05-17 12:58:05.387 I/MSHandlerLifeCycle(10600): removeMultiSplitHandler: no exist. decor=DecorView@d21ac7e[]
05-17 12:58:05.391 I/SurfaceSyncer@7dbacf4(10600): new SurfaceSyncer() = android.view.ViewRootImpl.<init>:1168 android.view.ViewRootImpl.<init>:1304 android.view.WindowManagerGlobal.addView:530 android.view.WindowManagerImpl.addView:170 android.app.ActivityThread.handleResumeActivity:5512 
05-17 12:58:05.394 D/NativeCustomFrequencyManager(10600): [NativeCFMS] BpCustomFrequencyManager::BpCustomFrequencyManager()
05-17 12:58:05.396 I/DecorView(10600): notifyKeepScreenOnChanged: keepScreenOn=false
05-17 12:58:05.398 D/InputTransport( 1200): Input channel constructed: 'b906e6 ', fd=858
05-17 12:58:05.398 D/InputTransport( 1200): Input channel constructed: 'b906e6 ', fd=880
05-17 12:58:05.398 D/InputTransport( 1200): Input channel constructed: 'b906e6 ', fd=891
05-17 12:58:05.399 I/SurfaceFlinger(  914): id=589 createSurf flag=80004, b906e6 dev.meshx.mob/dev.meshx.mob.MainActivity#589
05-17 12:58:05.399 D/RestrictionPolicy( 1200): isScreenCaptureEnabled : ret=true userId=0
05-17 12:58:05.399 D/InputTransport( 1200): Input channel destroyed: 'b906e6 ', fd=891
05-17 12:58:05.401 D/InsetsController(10600): onStateChanged: InsetsState: {mDisplayFrame=Rect(0, 0 - 1200, 1920), mDisplayCutout=DisplayCutout{insets=Rect(0, 0 - 0, 0) waterfall=Insets{left=0, top=0, right=0, bottom=0} boundingRect={Bounds=[Rect(0, 0 - 0, 0), Rect(0, 0 - 0, 0), Rect(0, 0 - 0, 0), Rect(0, 0 - 0, 0)]} cutoutPathParserInfo={CutoutPathParserInfo{displayWidth=0 displayHeight=0 physicalDisplayWidth=0 physicalDisplayHeight=0 density={0.0} cutoutSpec={} rotation={0} scale={0.0} physicalPixelDisplaySizeRatio={0.0}}}}, mRoundedCorners=RoundedCorners{[RoundedCorner{position=TopLeft, radius=26, center=Point(26, 26)}, RoundedCorner{position=TopRight, radius=26, center=Point(1174, 26)}, RoundedCorner{position=BottomRight, radius=26, center=Point(1174, 1894)}, RoundedCorner{position=BottomLeft, radius=26, center=Point(26, 1894)}]}  mRoundedCornerFrame=Rect(0, 0 - 1200, 1920), mPrivacyIndicatorBounds=PrivacyIndicatorBounds {static bounds=Rect(1112, 0 - 1200, 48) rotation=0}, mSources= { InsetsSource: {mType=ITYPE_STATUS_BAR, mFrame=[0,0][1200,48], mVisible=true, mInsetsRoundedCornerFrame=false}, InsetsSource: {mType=ITYPE_TOP_MANDATORY_GESTURES, mFrame=[0,0][1200,48], mVisible=true, mInsetsRoundedCornerFrame=false}, InsetsSource: {mType=ITYPE_TOP_TAPPABLE_ELEMENT, mFrame=[0,0][1200,48], mVisible=true, mInsetsRoundedCornerFrame=false}, InsetsSource: {mType=ITYPE_IME, mFrame=[0,0][0,0], mVisible=false, mInsetsRoundedCornerFrame=false} } host=dev.meshx.mob/dev.meshx.mob.MainActivity from=android.view.ViewRootImpl.setView:1739
05-17 12:58:05.403 I/ViewRootImpl@ff32c1d[MainActivity](10600): setView = com.android.internal.policy.DecorView@d21ac7e TM=true
05-17 12:58:05.403 D/CoreBackPreview( 1200): Window{b906e6 u0 dev.meshx.mob/dev.meshx.mob.MainActivity}: Setting back callback OnBackInvokedCallbackInfo{mCallback=android.window.IOnBackInvokedCallback$Stub$Proxy@77246d4, mPriority=0}
05-17 12:58:05.405 D/DecorView(10600): isDeviceLocked = false
05-17 12:58:05.406 I/MSHandlerLifeCycle(10600): check: return. pkg=dev.meshx.mob mode=fullscreen op=true locked=false callers=com.android.internal.policy.DecorView.setVisibility:4487 android.app.Activity.makeVisible:6819 android.app.ActivityThread.handleResumeActivity:5556 android.app.servertransaction.ResumeActivityItem.execute:54 android.app.servertransaction.ActivityTransactionItem.execute:45 
05-17 12:58:05.406 I/MSHandlerLifeCycle(10600): removeMultiSplitHandler: no exist. decor=DecorView@d21ac7e[MainActivity]
05-17 12:58:05.552 I/GenerationRegistry( 1200): mBackingStore.isClosed() : false
05-17 12:58:05.616 W/dev.meshx.mob(10600): Method boolean androidx.compose.runtime.snapshots.SnapshotStateList.conditionalUpdate(boolean, kotlin.jvm.functions.Function1) failed lock verification and will run slower.
05-17 12:58:05.616 W/dev.meshx.mob(10600): Common causes for lock verification issues are non-optimized dex code
05-17 12:58:05.616 W/dev.meshx.mob(10600): and incorrect proguard optimizations.
05-17 12:58:05.617 W/dev.meshx.mob(10600): Method boolean androidx.compose.runtime.snapshots.SnapshotStateList.conditionalUpdate$default(androidx.compose.runtime.snapshots.SnapshotStateList, boolean, kotlin.jvm.functions.Function1, int, java.lang.Object) failed lock verification and will run slower.
05-17 12:58:05.617 W/dev.meshx.mob(10600): Method java.lang.Object androidx.compose.runtime.snapshots.SnapshotStateList.mutate(kotlin.jvm.functions.Function1) failed lock verification and will run slower.
05-17 12:58:05.617 W/dev.meshx.mob(10600): Method void androidx.compose.runtime.snapshots.SnapshotStateList.update(boolean, kotlin.jvm.functions.Function1) failed lock verification and will run slower.
05-17 12:58:05.617 W/dev.meshx.mob(10600): Method void androidx.compose.runtime.snapshots.SnapshotStateList.update$default(androidx.compose.runtime.snapshots.SnapshotStateList, boolean, kotlin.jvm.functions.Function1, int, java.lang.Object) failed lock verification and will run slower.
05-17 12:58:05.670 I/ViewRootImpl@ff32c1d[MainActivity](10600): performTraversals params={(0,0)(fillxfill) sim={adjust=resize forwardNavigation} ty=BASE_APPLICATION
05-17 12:58:05.670 I/ViewRootImpl@ff32c1d[MainActivity](10600):   fl=1810100
05-17 12:58:05.670 I/ViewRootImpl@ff32c1d[MainActivity](10600):   pfl=16020040
05-17 12:58:05.670 I/ViewRootImpl@ff32c1d[MainActivity](10600):   vsysui=2010
05-17 12:58:05.670 I/ViewRootImpl@ff32c1d[MainActivity](10600):   apr=LIGHT_STATUS_BARS LIGHT_NAVIGATION_BARS
05-17 12:58:05.670 I/ViewRootImpl@ff32c1d[MainActivity](10600):   bhv=DEFAULT
05-17 12:58:05.670 I/ViewRootImpl@ff32c1d[MainActivity](10600):   fitSides= naviIconColor=0
05-17 12:58:05.670 I/ViewRootImpl@ff32c1d[MainActivity](10600):   sfl=100000}
05-17 12:58:05.675 I/ViewRootImpl@ff32c1d[MainActivity](10600): performTraversals mFirst=true windowShouldResize=true viewVisibilityChanged=false mForceNextWindowRelayout=false params={(0,0)(fillxfill) sim={adjust=resize forwardNavigation} ty=BASE_APPLICATION
05-17 12:58:05.675 I/ViewRootImpl@ff32c1d[MainActivity](10600):   fl=1810100
05-17 12:58:05.675 I/ViewRootImpl@ff32c1d[MainActivity](10600):   pfl=16020040
05-17 12:58:05.675 I/ViewRootImpl@ff32c1d[MainActivity](10600):   vsysui=2010
05-17 12:58:05.675 I/ViewRootImpl@ff32c1d[MainActivity](10600):   apr=LIGHT_STATUS_BARS LIGHT_NAVIGATION_BARS
05-17 12:58:05.675 I/ViewRootImpl@ff32c1d[MainActivity](10600):   bhv=DEFAULT
05-17 12:58:05.675 I/ViewRootImpl@ff32c1d[MainActivity](10600):   fitSides= naviIconColor=0
05-17 12:58:05.675 I/ViewRootImpl@ff32c1d[MainActivity](10600):   sfl=100000}
05-17 12:58:05.676 V/WindowManager( 1200): Relayout Window{b906e6 u0 dev.meshx.mob/dev.meshx.mob.MainActivity}: viewVisibility=0 req=1200x1920 d0
05-17 12:58:05.676 D/RestrictionPolicy( 1200): isScreenCaptureEnabled : ret=true userId=0
05-17 12:58:05.676 I/SurfaceFlinger(  914): id=590 createSurf flag=40004, dev.meshx.mob/dev.meshx.mob.MainActivity$_10600#590
05-17 12:58:05.677 D/WindowManager( 1200): makeSurface duration=1 name=dev.meshx.mob/dev.meshx.mob.MainActivity$_10600
05-17 12:58:05.681 V/WindowManager( 1200): Relayout hash=b906e6, pid=10600, syncId=-1: mAttrs={(0,0)(fillxfill) sim={adjust=resize forwardNavigation} ty=BASE_APPLICATION
05-17 12:58:05.681 V/WindowManager( 1200):   fl=1810100
05-17 12:58:05.681 V/WindowManager( 1200):   pfl=16020040
05-17 12:58:05.681 V/WindowManager( 1200):   vsysui=2010
05-17 12:58:05.681 V/WindowManager( 1200):   apr=LIGHT_STATUS_BARS LIGHT_NAVIGATION_BARS
05-17 12:58:05.681 V/WindowManager( 1200):   bhv=DEFAULT
05-17 12:58:05.681 V/WindowManager( 1200):   fitSides= naviIconColor=0
05-17 12:58:05.681 V/WindowManager( 1200):   sfl=100000}
05-17 12:58:05.682 I/ViewRootImpl@ff32c1d[MainActivity](10600): updateBlastSurfaceIfNeeded mBlastBufferQueue=null isSameSurfaceControl=false
05-17 12:58:05.684 I/BLASTBufferQueue(10600): new BLASTBufferQueue, mName= ViewRootImpl@ff32c1d[MainActivity] mNativeObject= 0x6f8227bc00 sc.mNativeObject= 0x6f77dd2d80 caller= android.view.ViewRootImpl.updateBlastSurfaceIfNeeded:2939 android.view.ViewRootImpl.relayoutWindow:9990 android.view.ViewRootImpl.performTraversals:3919 android.view.ViewRootImpl.doTraversal:3151 android.view.ViewRootImpl$TraversalRunnable.run:11068 android.view.Choreographer$CallbackRecord.run:1321 android.view.Choreographer$CallbackRecord.run:1329 android.view.Choreographer.doCallbacks:930 android.view.Choreographer.doFrame:859 android.view.Choreographer$FrameDisplayEventReceiver.run:1303 
05-17 12:58:05.684 I/BLASTBufferQueue(10600): update, w= 1200 h= 1920 mName = ViewRootImpl@ff32c1d[MainActivity] mNativeObject= 0x6f8227bc00 sc.mNativeObject= 0x6f77dd2d80 format= -1 caller= android.graphics.BLASTBufferQueue.<init>:84 android.view.ViewRootImpl.updateBlastSurfaceIfNeeded:2939 android.view.ViewRootImpl.relayoutWindow:9990 android.view.ViewRootImpl.performTraversals:3919 android.view.ViewRootImpl.doTraversal:3151 android.view.ViewRootImpl$TraversalRunnable.run:11068 
05-17 12:58:05.685 I/ViewRootImpl@ff32c1d[MainActivity](10600): Relayout returned: old=(0,0,1200,1920) new=(0,0,1200,1920) req=(1200,1920)0 dur=7 res=0x3 s={true 0x6f77dd4000} ch=true seqId=0
05-17 12:58:05.685 I/ViewRootImpl@ff32c1d[MainActivity](10600): mThreadedRenderer.initialize() mSurface={isValid=true 0x6f77dd4000} hwInitialized=true
05-17 12:58:05.687 I/display (  853): getColorModes:: is not supported
05-17 12:58:05.687 I/display (  853): getColorModes:: is not supported
05-17 12:58:05.687 E/HWComposer(  914): getSupportedContentTypes: getSupportedContentTypes failed for display 0: Unsupported (8)
05-17 12:58:05.688 D/OpenGLRenderer(10600): eglCreateWindowSurface
05-17 12:58:05.689 I/SemDvfsHyPerManager( 1200): acquire hyper - AMS_RESUME_TAIL/1200@16, type = -999
05-17 12:58:05.689 I/SemDvfsHyPerManager( 1200): acquire hyper - AMS_ACT_LAZY/1200@17, type = -999
05-17 12:58:05.689 D/ActivityManagerPerformance( 1200): AMP_acquire() TAIL
05-17 12:58:05.689 D/ActivityManagerPerformance( 1200): AMP_release() ACT_START
05-17 12:58:05.689 I/HYPER-HAL(  864): [RequestManager.cpp]acquire(): Acquired ID : 739952  [1200 / 16]    HINT : AMS_RESUME_TAIL    list : 
05-17 12:58:05.689 I/hwservicemanager(  561): getTransport: Cannot find entry android.hardware.graphics.mapper@4.0::IMapper/default in either framework or device VINTF manifest.
05-17 12:58:05.689 I/ActivityManager( 1200): Changes in 10313 2 to 12, 15 to 0
05-17 12:58:05.689 I/Gralloc4(10600): mapper 4.x is not supported
05-17 12:58:05.689 E/HYPER-HAL(  864): [HandlerSysfs.cpp]doResourceHandling(): Couldn't Open Sysfs - /sys/power/cstate_control
05-17 12:58:05.690 E/HYPER-HAL(  864): [HandlerSysfs.cpp]doResourceHandling(): Couldn't Open Sysfs - /sys/power/cstate_control
05-17 12:58:05.690 I/HYPER-HAL(  864): [RequestManager.cpp]releaseLocked(): Released ID : 737519
05-17 12:58:05.690 I/hwservicemanager(  561): getTransport: Cannot find entry android.hardware.graphics.mapper@3.0::IMapper/default in either framework or device VINTF manifest.
05-17 12:58:05.692 E/HYPER-HAL(  864): [HandlerSysfs.cpp]doResourceHandling(): Couldn't Open Sysfs - /sys/power/cstate_control
05-17 12:58:05.693 I/HYPER-HAL(  864): [RequestManager.cpp]releaseLocked(): Released ID : 738735
05-17 12:58:05.693 W/Gralloc3(10600): mapper 3.x is not supported
05-17 12:58:05.697 I/gralloc (10600): Arm Module v1.0
05-17 12:58:05.699 I/hwservicemanager(  561): getTransport: Cannot find entry android.hardware.graphics.allocator@4.0::IAllocator/default in either framework or device VINTF manifest.
05-17 12:58:05.699 I/servicemanager(  560): Could not find android.hardware.graphics.allocator.IAllocator/default in the VINTF manifest.
05-17 12:58:05.700 W/Gralloc4(10600): allocator 4.x is not supported
05-17 12:58:05.701 I/hwservicemanager(  561): getTransport: Cannot find entry android.hardware.graphics.allocator@3.0::IAllocator/default in either framework or device VINTF manifest.
05-17 12:58:05.702 W/Gralloc3(10600): allocator 3.x is not supported
05-17 12:58:05.723 I/ViewRootImpl@ff32c1d[MainActivity](10600): reportNextDraw android.view.ViewRootImpl.performTraversals:4473 android.view.ViewRootImpl.doTraversal:3151 android.view.ViewRootImpl$TraversalRunnable.run:11068 android.view.Choreographer$CallbackRecord.run:1321 android.view.Choreographer$CallbackRecord.run:1329 
05-17 12:58:05.723 I/ViewRootImpl@ff32c1d[MainActivity](10600): Setup new sync id=0
05-17 12:58:05.724 I/ViewRootImpl@ff32c1d[MainActivity](10600): Setting syncFrameCallback
05-17 12:58:05.724 I/ViewRootImpl@ff32c1d[MainActivity](10600): registerCallbacksForSync syncBuffer=false
05-17 12:58:05.739 I/ViewRootImpl@ff32c1d[MainActivity](10600): Received frameDrawingCallback syncResult=0 frameNum=1.
05-17 12:58:05.739 I/ViewRootImpl@ff32c1d[MainActivity](10600): Setting up sync and frameCommitCallback
05-17 12:58:05.743 I/BLASTBufferQueue(10600): [ViewRootImpl@ff32c1d[MainActivity]#0](f:0,a:0,s:0) onFrameAvailable the first frame is available
05-17 12:58:05.745 I/ViewRootImpl@ff32c1d[MainActivity](10600): Received frameCommittedCallback lastAttemptedDrawFrameNum=1 didProduceBuffer=true
05-17 12:58:05.747 D/OpenGLRenderer(10600): CFMS:: SetUp Pid : 10600    Tid : 10627
05-17 12:58:05.752 I/ViewRootImpl@ff32c1d[MainActivity](10600): onSyncComplete
05-17 12:58:05.753 I/ViewRootImpl@ff32c1d[MainActivity](10600): setupSync seqId=0 mSyncId=0 fn=1 caller=android.view.ViewRootImpl$$ExternalSyntheticLambda11.accept:6 android.window.SurfaceSyncer.lambda$setupSync$1$android-window-SurfaceSyncer:168 android.window.SurfaceSyncer$$ExternalSyntheticLambda1.accept:8 android.window.SurfaceSyncer$SyncSet.checkIfSyncIsComplete:495 android.window.SurfaceSyncer$SyncSet.markSyncReady:454 android.window.SurfaceSyncer.markSyncReady:191 android.view.ViewRootImpl.performTraversals:4538 
05-17 12:58:05.756 I/ViewRootImpl@ff32c1d[MainActivity](10600): reportDrawFinished seqId=0 mSyncId=-1 fn=1 mSurfaceChangedTransaction=0x6f8205b000
05-17 12:58:05.757 D/WindowManager( 1200): finishDrawingWindow: Window{b906e6 u0 dev.meshx.mob/dev.meshx.mob.MainActivity} mDrawState=DRAW_PENDING seqId=0
05-17 12:58:05.758 I/ViewRootImpl@ff32c1d[MainActivity](10600): stopped(true) old = false
05-17 12:58:05.759 I/ViewRootImpl@ff32c1d[MainActivity](10600): WindowStopped on dev.meshx.mob/dev.meshx.mob.MainActivity set to true
05-17 12:58:05.764 D/DecorView(10600): isDeviceLocked = false
05-17 12:58:05.764 I/MSHandlerLifeCycle(10600): check: return. pkg=dev.meshx.mob mode=fullscreen op=true locked=false callers=com.android.internal.policy.DecorView.setVisibility:4487 android.app.ActivityThread.updateVisibility:5883 android.app.ActivityThread.handleStopActivity:5901 android.app.servertransaction.StopActivityItem.execute:43 android.app.servertransaction.ActivityTransactionItem.execute:45 
05-17 12:58:05.764 I/MSHandlerLifeCycle(10600): removeMultiSplitHandler: no exist. decor=DecorView@d21ac7e[MainActivity]
05-17 12:58:05.788 D/OpenGLRenderer(10600): setSurface called with nullptr
05-17 12:58:05.788 D/OpenGLRenderer(10600): setSurface() destroyed EGLSurface
05-17 12:58:05.788 D/OpenGLRenderer(10600): destroyEglSurface
05-17 12:58:05.790 I/TrayVisibilityController( 5662): getComputedTrayVisible : keyguardState = 2
05-17 12:58:05.790 I/TrayVisibilityController( 5662): updateTrayVisible: State=2 visible=1 mCurrentVisible=1 specificMode=0
05-17 12:58:05.790 I/TrayStateController( 5662): onNotifyUpdateTray: state=0
05-17 12:58:05.790 I/ViewRootImpl@ff32c1d[MainActivity](10600): performTraversals mFirst=false windowShouldResize=false viewVisibilityChanged=true mForceNextWindowRelayout=false params=null
05-17 12:58:05.792 V/WindowManager( 1200): Relayout Window{b906e6 u0 dev.meshx.mob/dev.meshx.mob.MainActivity}: viewVisibility=4 req=1200x1920 d0
05-17 12:58:05.793 V/WindowManager( 1200): Relayout hash=b906e6, pid=10600, syncId=-1: mAttrs={(0,0)(fillxfill) sim={adjust=resize forwardNavigation} ty=BASE_APPLICATION
05-17 12:58:05.793 V/WindowManager( 1200):   fl=1810100
05-17 12:58:05.793 V/WindowManager( 1200):   pfl=16020040
05-17 12:58:05.793 V/WindowManager( 1200):   vsysui=2010
05-17 12:58:05.793 V/WindowManager( 1200):   apr=LIGHT_STATUS_BARS LIGHT_NAVIGATION_BARS
05-17 12:58:05.793 V/WindowManager( 1200):   bhv=DEFAULT
05-17 12:58:05.793 V/WindowManager( 1200):   fitSides= naviIconColor=0
05-17 12:58:05.793 V/WindowManager( 1200):   sfl=100000}
05-17 12:58:05.796 I/ViewRootImpl@ff32c1d[MainActivity](10600): Relayout returned: old=(0,0,1200,1920) new=(0,0,1200,1920) req=(1200,1920)4 dur=5 res=0x2 s={false 0x0} ch=false seqId=0
05-17 12:58:05.803 V/WindowManager( 1200): Setting visibility of Window{b906e6 u0 dev.meshx.mob/dev.meshx.mob.MainActivity}: false, caller=com.android.server.wm.WindowContainer.sendAppVisibilityToClients:1295 com.android.server.wm.WindowToken.setClientVisible:453 com.android.server.wm.ActivityRecord.setClientVisible:7968 com.android.server.wm.ActivityRecord.notifyAppStopped:6841 com.android.server.wm.ActivityRecord.activityStopped:7449 
05-17 12:58:05.803 E/WindowManager( 1200): win=Window{b906e6 u0 dev.meshx.mob/dev.meshx.mob.MainActivity} destroySurfaces: appStopped=true cleanupOnResume=false win.mWindowRemovalAllowed=false win.mRemoveOnExit=false win.mViewVisibility=4 caller=com.android.server.wm.ActivityRecord.destroySurfaces:6798 com.android.server.wm.ActivityRecord.destroySurfaces:6779 com.android.server.wm.ActivityRecord.notifyAppStopped:6843 com.android.server.wm.ActivityRecord.activityStopped:7449 com.android.server.wm.ActivityClientController.activityStopped:274 android.app.IActivityClientController$Stub.onTransact:621 com.android.server.wm.ActivityClientController.onTransact:152 
05-17 12:58:05.803 I/WindowManager( 1200): Destroying surface Surface(name=dev.meshx.mob/dev.meshx.mob.MainActivity$_10600)/@0xf8f9c6c called by com.android.server.wm.WindowStateAnimator.destroySurface:955 com.android.server.wm.WindowStateAnimator.destroySurfaceLocked:537 com.android.server.wm.WindowState.destroySurfaceUnchecked:4533 com.android.server.wm.WindowState.destroySurface:4507 com.android.server.wm.ActivityRecord.destroySurfaces:6798 com.android.server.wm.ActivityRecord.destroySurfaces:6779 com.android.server.wm.ActivityRecord.notifyAppStopped:6843 com.android.server.wm.ActivityRecord.activityStopped:7449 
05-17 12:58:05.804 V/WindowManager( 1200): Schedule remove starting ActivityRecord{71294ba u0 dev.meshx.mob/.MainActivity} t430} startingWindow=null startingView=null Callers=com.android.server.wm.ActivityRecord.removeStartingWindow:3352 com.android.server.wm.ActivityRecord.notifyAppStopped:6845 com.android.server.wm.ActivityRecord.activityStopped:7449 com.android.server.wm.ActivityClientController.activityStopped:274 android.app.IActivityClientController$Stub.onTransact:621 
05-17 12:58:05.804 V/WindowManager( 1200): Removing startingView=com.android.server.wm.StartingSurfaceController$StartingSurface@de65747
05-17 12:58:05.804 D/TaskOrganizerController( 1200): applyStartingWindowAnimation, window=Window{b906e6 u0 dev.meshx.mob/dev.meshx.mob.MainActivity}, caller=com.android.server.wm.TaskOrganizerController.removeStartingWindow:595 com.android.server.wm.StartingSurfaceController$StartingSurface.remove:287 com.android.server.wm.ActivityRecord.lambda$removeStartingWindowAnimation$7:3417 
05-17 12:58:05.804 I/WindowManager( 1200): Reparenting to leash, surface=Surface(name=b906e6 dev.meshx.mob/dev.meshx.mob.MainActivity)/@0x956b235, leashParent=Surface(name=ActivityRecord{71294ba u0 dev.meshx.mob/.MainActivity} t430})/@0xe3436ca
05-17 12:58:05.804 I/SurfaceFlinger(  914): id=591 createSurf flag=24000, Surface(name=b906e6 dev.meshx.mob/dev.meshx.mob.MainActivity)/@0x956b235 - animation-leash of starting_reveal#591
05-17 12:58:05.805 D/WindowManager( 1200): makeSurface duration=1 leash=Surface(name=Surface(name=b906e6 dev.meshx.mob/dev.meshx.mob.MainActivity)/@0x956b235 - animation-leash of starting_reveal)/@0xf29103b
05-17 12:58:05.806 I/ViewRootImpl@ff32c1d[MainActivity](10600): handleAppVisibility mAppVisible = true visible = false
05-17 12:58:05.814 I/Layer   (  914): id=590 removeFromCurrentState dev.meshx.mob/dev.meshx.mob.MainActivity$_10600#590 (100)
05-17 12:58:05.815 I/SurfaceFlinger(  914): id=590 Removed dev.meshx.mob/dev.meshx.mob.MainActivity$_10600#590 (100)
05-17 12:58:05.815 I/Layer   (  914): id=590 Destroyed dev.meshx.mob/dev.meshx.mob.MainActivity$_10600#590
05-17 12:58:05.881 D/OpenGLRenderer( 1613): setSurface called with nullptr
05-17 12:58:05.881 D/OpenGLRenderer( 1613): setSurface() destroyed EGLSurface
