05-17 12:15:16.825  1928  2050 D BtGatt.GattService: onScanResult to scannerId: 2- eventType=0x1b, addressType=1, address=54186A_7, primaryPhy=1, secondaryPhy=0, advertisingSid=0xff, txPower=127, rssi=-64, periodicAdvInt=0x0
05-17 12:15:16.855  1928  2050 D BtGatt.GattService: onScanResult to scannerId: 2- eventType=0x1b, addressType=1, address=54186A_7, primaryPhy=1, secondaryPhy=0, advertisingSid=0xff, txPower=127, rssi=-63, periodicAdvInt=0x0
05-17 12:15:16.861  1928  2050 D BtGatt.GattService: onScanResult to scannerId: 2- eventType=0x10, addressType=0, address=BC455B_A, primaryPhy=1, secondaryPhy=0, advertisingSid=0xff, txPower=127, rssi=-69, periodicAdvInt=0x0
05-17 12:15:16.876  1928  2050 D BtGatt.GattService: onScanResult to scannerId: 2- eventType=0x1a, addressType=1, address=478415_F, primaryPhy=1, secondaryPhy=0, advertisingSid=0xff, txPower=127, rssi=-44, periodicAdvInt=0x0
05-17 12:15:16.895  1928  2050 D BtGatt.GattService: onScanResult to scannerId: 2- eventType=0x1b, addressType=1, address=54186A_7, primaryPhy=1, secondaryPhy=0, advertisingSid=0xff, txPower=127, rssi=-64, periodicAdvInt=0x0
05-17 12:15:16.913  1928  2050 D BtGatt.GattService: onScanResult to scannerId: 2- eventType=0x1b, addressType=1, address=7A6A97_6, primaryPhy=1, secondaryPhy=0, advertisingSid=0xff, txPower=127, rssi=-35, periodicAdvInt=0x0
05-17 12:15:16.917  1928  2050 D BtGatt.GattService: onScanResult to scannerId: 2- eventType=0x10, addressType=1, address=1AB250_5, primaryPhy=1, secondaryPhy=0, advertisingSid=0xff, txPower=127, rssi=-94, periodicAdvInt=0x0
05-17 12:15:16.935  1928  2050 D BtGatt.GattService: onScanResult to scannerId: 2- eventType=0x1b, addressType=1, address=54186A_7, primaryPhy=1, secondaryPhy=0, advertisingSid=0xff, txPower=127, rssi=-64, periodicAdvInt=0x0
05-17 12:15:16.936  1928  2050 D BtGatt.GattService: onScanResult to scannerId: 2- eventType=0x1b, addressType=0, address=84E0F4_2, primaryPhy=1, secondaryPhy=0, advertisingSid=0xff, txPower=127, rssi=-88, periodicAdvInt=0x0
05-17 12:15:16.963  1928  2050 D BtGatt.GattService: onScanResult to scannerId: 2- eventType=0x1b, addressType=1, address=5498D4_8, primaryPhy=1, secondaryPhy=0, advertisingSid=0xff, txPower=127, rssi=-67, periodicAdvInt=0x0
05-17 12:15:17.007  1928  2050 D BtGatt.GattService: onScanResult to scannerId: 2- eventType=0x1b, addressType=1, address=54186A_7, primaryPhy=1, secondaryPhy=0, advertisingSid=0xff, txPower=127, rssi=-63, periodicAdvInt=0x0
05-17 12:15:17.017  1928  2050 D BtGatt.GattService: onScanResult to scannerId: 2- eventType=0x1a, addressType=1, address=478415_F, primaryPhy=1, secondaryPhy=0, advertisingSid=0xff, txPower=127, rssi=-43, periodicAdvInt=0x0
05-17 12:15:17.022  1928  2050 D BtGatt.GattService: onScanResult to scannerId: 2- eventType=0x10, addressType=0, address=BC455B_A, primaryPhy=1, secondaryPhy=0, advertisingSid=0xff, txPower=127, rssi=-69, periodicAdvInt=0x0
05-17 12:15:17.247  1200  1411 I HqmInfo::HqmManagerService: MSG_TYPE:MSG_TYPE_PROCESS_LOG_BY_HQM
05-17 12:15:17.257  9171  9223 I BluetoothAdapter: STATE_ON
05-17 12:15:17.257  9171  9223 I BluetoothAdapter: STATE_ON
05-17 12:15:17.257  9171  9223 I BluetoothAdapter: STATE_ON
05-17 12:15:17.258  9171  9223 D BluetoothLeAdvertiser: Stop AdvertingSet
05-17 12:15:17.261  1928  3855 I bt_stack: [INFO:le_advertising_manager.cc(70)] Unregister in shim layer
05-17 12:15:17.262  1928  2282 W bt_stack: le_advertising_manager :: remove_advertiser - id : 2
05-17 12:15:17.262  1928  2260 E BtGatt.GattService: [GSIM LOG]: gsimLogHandler, msg: MESSAGE_ADV_SET_STOP, appName: dev.meshx.mob, id: 2, isLegacy: true
05-17 12:15:17.264  9171  9223 I MeshxBleFetch: {"v":1,"event":"fetch_advertising_stopped","device_model":"SM-T577U","android_api":33,"adapter_state":"on","adapter_enabled":true}
05-17 12:15:17.264  9171  9223 D BluetoothGattServer: close()
05-17 12:15:17.265  9171  9223 D BluetoothGattServer: unregisterCallback() - mServerIf=6
05-17 12:15:17.268  1928  3855 D BtGatt.GattService: unregisterServer(dev.meshx.mob) - serverIf=6
05-17 12:15:17.270  1928  3855 D BtGatt.ContextMap: remove() - id: 6
05-17 12:15:17.270  1928  3855 E BtGatt.ContextMap: remove() - removed: 6
05-17 12:15:17.270  1928  2656 E bt_stack: [ERROR:gatt_api.cc(340)] Active Service Found: 8f4f1201-6f3d-4f9c-9e3b-7f4a4f0f2000
05-17 12:15:17.270  1928  2656 I bt_stack: [INFO:gatt_api.cc(408)] GATTS_StopService: service = 0x0086
05-17 12:15:17.270  1928  2656 I bt_stack: [INFO:gatt_sr_hash.cc(127)] gatts_calculate_database_hash: hash=8991C462EBE9D90B9EA0DA3E16D0F513
05-17 12:15:17.272  1928  2656 I bt_stack: [INFO:gatt_api.cc(1111)] GATT_Deregister gatt_if=6
05-17 12:15:17.272  1928  2656 W bt_stack: on_app_deregistered :: app_id=6
05-17 12:15:17.273  1928  2656 I bt_stack: [INFO:gatt_api.cc(1164)] Initialize tGATT_REG
05-17 12:15:17.274  9171  9223 D BluetoothGattServer: registerCallback()
05-17 12:15:17.274  9171  9223 D BluetoothGattServer: registerCallback() - UUID=7dbed442-1274-47d5-ac2c-4e8d14702144
05-17 12:15:17.280  1928  3855 D BtGatt.GattService: registerServer(dev.meshx.mob) - UUID=7dbed442-1274-47d5-ac2c-4e8d14702144
05-17 12:15:17.283  1928  3855 D BtGatt.ContextMap: add() - appUid: 10313, appPid: 9171, appName: dev.meshx.mob
05-17 12:15:17.284  1928  2656 I bt_stack: [INFO:bta_gatts_act.cc(198)] register application first_unuse rcb_idx=0
05-17 12:15:17.285  9171  9239 D BluetoothGattServer: onServerRegistered() - status=0 serverIf=6
05-17 12:15:17.286  9171  9223 D BluetoothGattServer: addService() - service: 8f4f1201-6f3d-4f9c-9e3b-7f4a4f0f2000
05-17 12:15:17.289  9171  9223 I BluetoothAdapter: STATE_ON
05-17 12:15:17.290  9171  9223 I BluetoothAdapter: STATE_ON
05-17 12:15:17.290  9171  9223 I BluetoothAdapter: STATE_ON
05-17 12:15:17.290  9171  9223 I BluetoothAdapter: STATE_ON
05-17 12:15:17.291  1928  2656 I bt_stack: [INFO:bta_gatts_api.cc(135)] bta_gatts_add_service_impl: rcb_idx=0
05-17 12:15:17.291  1928  2656 I bt_stack: [INFO:gatt_api.cc(171)] GATTS_AddService
05-17 12:15:17.291  1928  2656 I bt_stack: [INFO:gatt_api.cc(286)] GATTS_AddService: service parsed correctly, now starting
05-17 12:15:17.291  1928  2656 I bt_stack: [INFO:gatt_sr_hash.cc(127)] gatts_calculate_database_hash: hash=D73604934235F801B3C76A8E5F0340C6
05-17 12:15:17.293  9171  9239 D BluetoothGattServer: onServiceAdded() - handle=134 uuid=8f4f1201-6f3d-4f9c-9e3b-7f4a4f0f2000 status=0
05-17 12:15:17.294  1928  1941 I bt_stack: [INFO:le_advertising_manager.cc(137)] StartAdvertisingSet in shim layer
05-17 12:15:17.294  1928  1941 W bt_stack: le_advertising_manager :: allocate_advertiser - id : 2
05-17 12:15:17.294  1928  1941 I bt_stack: [INFO:le_advertising_manager.cc(157)] create advertising set, reg_id:-5178, id:2
05-17 12:15:17.294  1928  2282 W bt_stack: le_advertising_manager :: create_extended_advertiser - id : 2
05-17 12:15:17.295  1928  2282 W bt_stack: le_advertising_manager :: enable_advertiser - id : 2
05-17 12:15:17.296  9171  9223 I MeshxBleFetch: {"v":1,"event":"fetch_server_started","accepted":true,"advertising_accepted":true,"responder_peer_id":"meshx-dev","message_id_hash":"iGtswKQ7prM=","service_uuid":"8f4f1201-6f3d-4f9c-9e3b-7f4a4f0f2000","request_characteristic_uuid":"8f4f1201-6f3d-4f9c-9e3b-7f4a4f0f2001","response_characteristic_uuid":"8f4f1201-6f3d-4f9c-9e3b-7f4a4f0f2002","device_model":"SM-T577U","android_api":33,"adapter_state":"on","adapter_enabled":true}
05-17 12:15:17.297  9171  9223 I BluetoothAdapter: STATE_ON
05-17 12:15:17.297  9171  9223 I BluetoothAdapter: STATE_ON
05-17 12:15:17.302  9171  9223 I BluetoothAdapter: STATE_ON
05-17 12:15:17.304  9171  9223 I BluetoothAdapter: STATE_ON
05-17 12:15:17.304  9171  9223 I MeshxBleDispatch: {"v":1,"event":"ble_capabilities","supports_extended_advertising":true,"max_advertising_data_length":1024,"is_multiple_advertisement_supported":true,"legacy_manufacturer_payload_budget":24}
05-17 12:15:17.305  9171  9223 I BluetoothAdapter: STATE_ON
05-17 12:15:17.306  9171  9223 I BluetoothAdapter: STATE_ON
05-17 12:15:17.308  9171  9223 I BluetoothAdapter: STATE_ON
05-17 12:15:17.308  9171  9223 I BluetoothAdapter: STATE_ON
05-17 12:15:17.308  9171  9223 I BluetoothAdapter: STATE_ON
05-17 12:15:17.308  9171  9223 I BluetoothAdapter: STATE_ON
05-17 12:15:17.313  1928  1941 I bt_stack: [INFO:le_advertising_manager.cc(137)] StartAdvertisingSet in shim layer
05-17 12:15:17.313  1928  1941 W bt_stack: le_advertising_manager :: allocate_advertiser - id : 3
05-17 12:15:17.313  1928  1941 I bt_stack: [INFO:le_advertising_manager.cc(157)] create advertising set, reg_id:-5179, id:3
05-17 12:15:17.314  9171  9223 I MeshxBleDispatch: {"v":1,"event":"attempt_outcome","attempt_id":"mx-1779045317296","message_id":"2nrgnk5XMq7T8cbYqWLbVw==","target_peer_id":"broadcast","target_device_ids":["broadcast"],"kind":"dispatched","reason":"legacy_beacon_fallback","adapter":"ble_android","outcome_at_ms":208989358}
05-17 12:15:17.315  1928  2282 W bt_stack: le_advertising_manager :: create_extended_advertiser - id : 3
05-17 12:15:17.315  1928  2282 W bt_stack: le_advertising_manager :: enable_advertiser - id : 3
05-17 12:15:17.316  9171  9223 I MeshxBleNative: sendFullMxEnvelope(broadcast, 31B) -> DISPATCHED reason=legacy_beacon_fallback
05-17 12:15:17.316  9171  9223 I Elixir  : BleSelfTest: MESH MESSAGE SENT payload="hello-from-meshx-dev-1779045317" result=:ok
05-17 12:15:17.317  9171  9223 W Elixir  : BleSelfTest: bridge error unknown: {"v":1,"event":"attempt_outcome","attempt_id":"mx-1779045317296","message_id":"2nrgnk5XMq7T8cbYqWLbVw==","target_peer_id":"broadcast","target_device_ids":["broadcast"],"kind":"dispatched","reason":"legacy_beacon_fallback","adapter":"ble_android","outcome_at_ms":208989358}
05-17 12:15:17.318  9171  9171 D BluetoothLeAdvertiser: onAdvertisingSetStopped(2)
05-17 12:15:17.318  9171  9209 I BEAMout : 12:15:17.316 [info] BleSelfTest: MESH MESSAGE SENT payload="hello-from-meshx-dev-1779045317" result=:ok
05-17 12:15:17.319  9171  9209 I BEAMout : 12:15:17.317 [warning] BleSelfTest: bridge error unknown: {"v":1,"event":"attempt_outcome","attempt_id":"mx-1779045317296","message_id":"2nrgnk5XMq7T8cbYqWLbVw==","target_peer_id":"broadcast","target_device_ids":["broadcast"],"kind":"dispatched","reason":"legacy_beacon_fallback","adapter":"ble_android","outcome_at_ms":208989358}
05-17 12:15:17.323  1928  2260 E BtGatt.GattService: [GSIM LOG]: gsimLogHandler, msg: MESSAGE_ADV_SET_START, appName: dev.meshx.mob, id: 2, isLegacy: true
05-17 12:15:17.342  9171  9171 D BluetoothLeAdvertiser: onAdvertisingSetStarted(2, -7, 0)
05-17 12:15:17.342  1928  2260 E BtGatt.GattService: [GSIM LOG]: gsimLogHandler, msg: MESSAGE_ADV_SET_START, appName: dev.meshx.mob, id: 3, isLegacy: true
05-17 12:15:17.345  9171  9171 D BluetoothLeAdvertiser: onAdvertisingSetStarted(3, -7, 0)
05-17 12:15:17.348  9171  9171 I MeshxBleFetch: {"v":1,"event":"fetch_advertising_started","responder_peer_id":"meshx-dev","message_id_hash":"iGtswKQ7prM=","connectable":true,"service_uuid":"8f4f1201-6f3d-4f9c-9e3b-7f4a4f0f2000","device_model":"SM-T577U","android_api":33,"adapter_state":"on","adapter_enabled":true}
05-17 12:15:17.348  9171  9171 I MeshxBleDispatch: {"v":1,"event":"legacy_beacon_advertising_started","attempt_id":"mx-1779045317296","beacon_size":22,"beacon":"TUIBAQEAiGtswKQ7prMS94VXUXoT+Q==","message_id_hash":"iGtswKQ7prM=","sender_peer_id_hash":"EveFV1F6E\/k=","payload_kind":"TX","envelope_version":1,"window_ms":5000,"data_carrier":"legacy_advertisement"}
05-17 12:15:17.665   602   602 D io_stats: !@   8,0 r 1037513 33867596 w 600422 57192396 d 0 0 f 0 0 iot 519520 0 th 0 0 0 pt 0 inp 0 0 208565.238
05-17 12:15:18.656  1928  2050 D BtGatt.GattService: onScanResult to scannerId: 2- eventType=0x1b, addressType=0, address=94944A_D, primaryPhy=1, secondaryPhy=0, advertisingSid=0xff, txPower=127, rssi=-85, periodicAdvInt=0x0
05-17 12:15:18.667  1928  2050 D BtGatt.GattService: onScanResult to scannerId: 2- eventType=0x1b, addressType=1, address=54186A_7, primaryPhy=1, secondaryPhy=0, advertisingSid=0xff, txPower=127, rssi=-51, periodicAdvInt=0x0
05-17 12:15:18.705  1928  2050 D BtGatt.GattService: onScanResult to scannerId: 2- eventType=0x10, addressType=1, address=7D4F46_E, primaryPhy=1, secondaryPhy=0, advertisingSid=0xff, txPower=127, rssi=-35, periodicAdvInt=0x0
05-17 12:15:18.714  1928  2050 D BtGatt.GattService: onScanResult to scannerId: 2- eventType=0x1b, addressType=1, address=68983E_2, primaryPhy=1, secondaryPhy=0, advertisingSid=0xff, txPower=127, rssi=-35, periodicAdvInt=0x0
05-17 12:15:18.738  1928  2050 D BtGatt.GattService: onScanResult to scannerId: 2- eventType=0x1b, addressType=1, address=54186A_7, primaryPhy=1, secondaryPhy=0, advertisingSid=0xff, txPower=127, rssi=-51, periodicAdvInt=0x0
05-17 12:15:18.740  1928  2050 D BtGatt.GattService: onScanResult to scannerId: 2- eventType=0x10, addressType=1, address=4A4D1F_B, primaryPhy=1, secondaryPhy=0, advertisingSid=0xff, txPower=127, rssi=-83, periodicAdvInt=0x0
05-17 12:15:18.745  1928  2050 D BtGatt.GattService: onScanResult to scannerId: 2- eventType=0x10, addressType=1, address=57A1E7_4, primaryPhy=1, secondaryPhy=0, advertisingSid=0xff, txPower=127, rssi=-82, periodicAdvInt=0x0
05-17 12:15:18.777  1928  2050 D BtGatt.GattService: onScanResult to scannerId: 2- eventType=0x1b, addressType=1, address=54186A_7, primaryPhy=1, secondaryPhy=0, advertisingSid=0xff, txPower=127, rssi=-51, periodicAdvInt=0x0
05-17 12:15:18.783  1928  2050 D BtGatt.GattService: onScanResult to scannerId: 2- eventType=0x1b, addressType=0, address=84E0F4_2, primaryPhy=1, secondaryPhy=0, advertisingSid=0xff, txPower=127, rssi=-78, periodicAdvInt=0x0
05-17 12:15:18.839  1928  2050 D BtGatt.GattService: onScanResult to scannerId: 2- eventType=0x1b, addressType=1, address=54186A_7, primaryPhy=1, secondaryPhy=0, advertisingSid=0xff, txPower=127, rssi=-51, periodicAdvInt=0x0
05-17 12:15:18.857  1928  2050 D BtGatt.GattService: onScanResult to scannerId: 2- eventType=0x1b, addressType=0, address=84E0F4_2, primaryPhy=1, secondaryPhy=0, advertisingSid=0xff, txPower=127, rssi=-78, periodicAdvInt=0x0
05-17 12:15:19.062  9171  9223 I Elixir  : BleSelfTest: HEARTBEAT events=386 devices=34 meshx_peers=0 sent=4 distinct_msgs=2 beacon_callbacks=22 envelopes=0
05-17 12:15:19.063  9171  9209 I BEAMout : 12:15:19.062 [info] BleSelfTest: HEARTBEAT events=386 devices=34 meshx_peers=0 sent=4 distinct_msgs=2 beacon_callbacks=22 envelopes=0
05-17 12:15:19.650  1200  2920 D CustomizedBinderCallsStatsInternal: reportCpuUsage() : 0%
05-17 12:15:19.651  1200  1247 I BinderCallsStats: Collected cpu time : 0us, collected call count : 0 for 300472 ms
05-17 12:15:19.849  1200  3617 D SemWifiUsabilityStatsMonitor: onWifiUsabilityStats - seqNum 7141, isSameBssidAndFreq true
05-17 12:15:19.849  1200  1507 I SemWifiLinkQualityMonitor: Link Qos Query: 0.090 ms / 89.314 Mbps (432 / 0.071 / 1.000)
05-17 12:15:19.849  1613  1613 D NetworkController.WifiSignalController: notifyListener: visible=true, connected=true, inetCondition=1, isDefault=true, wifiTestReported=true, receivedInetCondition=-1, hideDuringMobileSwitching=false
05-17 12:15:19.858  1200  2920 D ActivityManager: force stop from com.android.server.am.ActivityManagerService.forceStopPackage:4779 com.android.server.am.ActivityManagerShellCommand.runForceStop:1236 
05-17 12:15:19.858  1200  2920 I ActivityManager: Force stopping dev.meshx.mob appid=10313 user=0: from pid 9275
05-17 12:15:19.859  1200  2920 I ActivityManager: Killing 9171:dev.meshx.mob/u0a313 (adj 0): stop dev.meshx.mob due to from pid 9275
05-17 12:15:19.861  1200  2920 D ActivityManager: proc ProcessRecord{8adb2e7 9171:dev.meshx.mob/u0a313} already removed. so we skip next process.
05-17 12:15:19.861  1200  2920 W ActivityTaskManager: Force removing ActivityRecord{e44dce u0 dev.meshx.mob/.MainActivity} t426 f}}: app died, no saved state
05-17 12:15:19.862  1200  2920 D InputTransport: Input channel destroyed: '2cc8789', fd=912
05-17 12:15:19.862  1200  2920 W InputManager-JNI: Input channel object '2cc8789 dev.meshx.mob/dev.meshx.mob.MainActivity (client)' was disposed without first being removed with the input manager!
05-17 12:15:19.862  1200  2920 D InputTransport: Input channel destroyed: '2cc8789', fd=914
05-17 12:15:19.862  1200  2920 V WindowManager: Remove Window{2cc8789 u0 dev.meshx.mob/dev.meshx.mob.MainActivity}: mSurfaceController=null mAnimatingExit=false mRemoveOnExit=false mHasSurface=false surfaceShowing=false animating=false app-animation=false mWillReplaceWindow=false mDisplayFrozen=false callers=com.android.server.wm.WindowState.removeIfPossible:3219 com.android.server.wm.WindowToken.removeAllWindowsIfPossible:236 com.android.server.wm.ActivityRecord.removeIfPossible:5057 com.android.server.wm.ActivityRecord.onRemovedFromDisplay:5172 com.android.server.wm.DisplayContent.removeAppToken:1695 com.android.server.wm.ActivityRecord.removeFromHistory:4776 
05-17 12:15:19.862  1200  2920 D RestrictionPolicy: isScreenCaptureEnabled : ret=true userId=0
05-17 12:15:19.863  1200  2920 V WindowManager: Nulling last startingData
05-17 12:15:19.864  1200  1247 W UsageStatsService: Unexpected activity event reported! (dev.meshx.mob/dev.meshx.mob.MainActivity event : 23 instanceId : 11135996)
05-17 12:15:19.868   914   936 I SurfaceFlinger: id=560 createSurf flag=24004, Task=426#560
05-17 12:15:19.869  1200  2920 D ActivityTaskManager: Top Process State changed to PROCESS_STATE_TOP_SLEEPING#2
05-17 12:15:19.872  2413  2413 I RecentsView: onTaskRemoved() taskId : 426
05-17 12:15:19.872  2413  2413 I TopTaskTracker: onTaskRemoved : taskId = 426
05-17 12:15:19.872  2413  2413 I RecentsView: onTaskRemoved() taskId : 426
05-17 12:15:19.872  2413  2413 I TopTaskTracker: onTaskRemoved : taskId = 426
05-17 12:15:19.875  1567  1567 D CarrierSvcBindHelper: onHandleForceStop: [dev.meshx.mob]
05-17 12:15:19.876  1567  1567 D CarrierSvcBindHelper: No carrier app for: 0
05-17 12:15:19.876  1200  1248 W BroadcastQueue: Background execution not allowed: receiving Intent { act=android.intent.action.PACKAGE_RESTARTED dat=package: flg=0x10 (has extras) } to android/com.kddi.android.CpaNotiReceiver
05-17 12:15:19.876  1567  1567 D CarrierSvcBindHelper: No carrier app for: 1
05-17 12:15:19.877   914   914 I Layer   : id=557 removeFromCurrentState 2cc8789 dev.meshx.mob/dev.meshx.mob.MainActivity#557 (98)
05-17 12:15:19.877   914   914 I Layer   : id=554 removeFromCurrentState ActivityRecord{e44dce u0 dev.meshx.mob/.MainActivity} t426}#554 (98)
05-17 12:15:19.877   914   914 I Layer   : id=560 removeFromCurrentState Task=426#560 (98)
05-17 12:15:19.877   914   914 I Layer   : id=553 removeFromCurrentState Task=426#553 (98)
05-17 12:15:19.877   914   914 I SurfaceFlinger: id=554 Removed ActivityRecord{e44dce u0 dev.meshx.mob/.MainActivity} t426}#554 (98)
05-17 12:15:19.877   914   914 I SurfaceFlinger: id=560 Removed Task=426#560 (98)
05-17 12:15:19.877   914   914 I SurfaceFlinger: id=557 Removed 2cc8789 dev.meshx.mob/dev.meshx.mob.MainActivity#557 (98)
05-17 12:15:19.878   914   914 I Layer   : id=560 Destroyed Task=426#560
05-17 12:15:19.878   914   914 I Layer   : id=557 Destroyed 2cc8789 dev.meshx.mob/dev.meshx.mob.MainActivity#557
05-17 12:15:19.878   914   914 I Layer   : id=554 Destroyed ActivityRecord{e44dce u0 dev.meshx.mob/.MainActivity} t426}#554
05-17 12:15:19.882  1948  1948 D RegisteredNfcFServicesCache: Service unchanged, not updating
05-17 12:15:19.968  1928  1941 I bt_stack: [INFO:le_advertising_manager.cc(70)] Unregister in shim layer
05-17 12:15:19.969  1928  1940 E BtGatt.ContextMap: Context not found for ID 6
05-17 12:15:19.969  1928  2282 W bt_stack: le_advertising_manager :: remove_advertiser - id : 3
05-17 12:15:19.969  1200  2920 D InputMethodManagerService: removeClient
05-17 12:15:19.969  1928  1940 E BtGatt.ContextMap: Context not found for ID 6
05-17 12:15:19.969  1928  1940 D LeAppInfo: removeLeacReportedServerApp, appName: 
05-17 12:15:19.969  1928  2260 E BtGatt.GattService: [GSIM LOG]: gsimLogHandler, msg: MESSAGE_ADV_SET_STOP, appName: dev.meshx.mob, id: 3, isLegacy: true
05-17 12:15:19.970  1928  3855 D LeAppInfo: removeLeacReportedServerApp, appName: dev.meshx.mob
05-17 12:15:19.970  1200  1240 W ActivityManager: setHasOverlayUi called on unknown pid: 9171
05-17 12:15:19.970  1928  1939 I bt_stack: [INFO:le_advertising_manager.cc(70)] Unregister in shim layer
05-17 12:15:19.971  1928  2282 W bt_stack: le_advertising_manager :: remove_advertiser - id : 1
05-17 12:15:19.972  1928  1939 I BtGatt.AdvertiseManager: error sending onAdvertisingSetStopped callback
05-17 12:15:19.972  1928  1939 I BtGatt.AdvertiseManager: android.os.DeadObjectException
05-17 12:15:19.972  1928  1939 I BtGatt.AdvertiseManager: 	at android.os.BinderProxy.transactNative(Native Method)
05-17 12:15:19.972  1928  1939 I BtGatt.AdvertiseManager: 	at android.os.BinderProxy.transact(BinderProxy.java:662)
05-17 12:15:19.972  1928  1939 I BtGatt.AdvertiseManager: 	at android.bluetooth.le.IAdvertisingSetCallback$Stub$Proxy.onAdvertisingSetStopped(IAdvertisingSetCallback.java:256)
05-17 12:15:19.972  1928  1939 I BtGatt.AdvertiseManager: 	at com.android.bluetooth.gatt.AdvertiseManager.stopAdvertisingSet(AdvertiseManager.java:407)
05-17 12:15:19.972  1928  1939 I BtGatt.AdvertiseManager: 	at com.android.bluetooth.gatt.AdvertiseManager$AdvertisingSetDeathRecipient.binderDied(AdvertiseManager.java:193)
05-17 12:15:19.972  1928  1939 I BtGatt.AdvertiseManager: 	at android.os.IBinder$DeathRecipient.binderDied(IBinder.java:323)
05-17 12:15:19.972  1928  1939 I BtGatt.AdvertiseManager: 	at android.os.BinderProxy.sendDeathNotice(BinderProxy.java:781)
05-17 12:15:19.972  1928  2260 E BtGatt.GattService: [GSIM LOG]: gsimLogHandler, msg: MESSAGE_ADV_SET_STOP, appName: dev.meshx.mob, id: 1, isLegacy: true
05-17 12:15:19.974  1928  1940 D BtGatt.GattService: unregisterServer(com.android.bluetooth) - serverIf=6
05-17 12:15:19.975  1200  3007 V ActivityManager: Got obituary of 9171:dev.meshx.mob
05-17 12:15:19.976  1928  1940 D BtGatt.ContextMap: remove() - id: 6
05-17 12:15:19.976  1928  1940 E BtGatt.ContextMap: remove() - removed: 6
05-17 12:15:19.976  1928  2656 E bt_stack: [ERROR:gatt_api.cc(340)] Active Service Found: 8f4f1201-6f3d-4f9c-9e3b-7f4a4f0f2000
05-17 12:15:19.977  1928  2656 I bt_stack: [INFO:gatt_api.cc(408)] GATTS_StopService: service = 0x0086
05-17 12:15:19.977  1928  2656 I bt_stack: [INFO:gatt_sr_hash.cc(127)] gatts_calculate_database_hash: hash=8991C462EBE9D90B9EA0DA3E16D0F513
05-17 12:15:19.977  1928  2656 I bt_stack: [INFO:gatt_api.cc(1111)] GATT_Deregister gatt_if=6
05-17 12:15:19.977  1928  2656 W bt_stack: on_app_deregistered :: app_id=6
05-17 12:15:19.977  1928  2656 I bt_stack: [INFO:gatt_api.cc(1164)] Initialize tGATT_REG
05-17 12:15:19.977  1928  9141 I bt_stack: [INFO:le_advertising_manager.cc(70)] Unregister in shim layer
05-17 12:15:19.978  2598  2598 I adbd    : Remote process closed the socket (on MSG_PEEK)
05-17 12:15:19.978  1928  2282 W bt_stack: le_advertising_manager :: remove_advertiser - id : 2
05-17 12:15:19.978  1928  1941 I BtGatt.AdvertiseManager: error sending onAdvertisingSetStopped callback
05-17 12:15:19.978  1928  1941 I BtGatt.AdvertiseManager: android.os.DeadObjectException
05-17 12:15:19.978  1928  1941 I BtGatt.AdvertiseManager: 	at android.os.BinderProxy.transactNative(Native Method)
05-17 12:15:19.978  1928  1941 I BtGatt.AdvertiseManager: 	at android.os.BinderProxy.transact(BinderProxy.java:662)
05-17 12:15:19.978  1928  1941 I BtGatt.AdvertiseManager: 	at android.bluetooth.le.IAdvertisingSetCallback$Stub$Proxy.onAdvertisingSetStopped(IAdvertisingSetCallback.java:256)
05-17 12:15:19.978  1928  1941 I BtGatt.AdvertiseManager: 	at com.android.bluetooth.gatt.AdvertiseManager.stopAdvertisingSet(AdvertiseManager.java:407)
05-17 12:15:19.978  1928  1941 I BtGatt.AdvertiseManager: 	at com.android.bluetooth.gatt.AdvertiseManager$AdvertisingSetDeathRecipient.binderDied(AdvertiseManager.java:193)
05-17 12:15:19.978  1928  1941 I BtGatt.AdvertiseManager: 	at android.os.IBinder$DeathRecipient.binderDied(IBinder.java:323)
05-17 12:15:19.978  1928  1941 I BtGatt.AdvertiseManager: 	at android.os.BinderProxy.sendDeathNotice(BinderProxy.java:781)
05-17 12:15:19.978  1928  2260 E BtGatt.GattService: [GSIM LOG]: gsimLogHandler, msg: MESSAGE_ADV_SET_STOP, appName: dev.meshx.mob, id: 2, isLegacy: true
05-17 12:15:19.979  1928  3855 D ActivityAttributionService: notifyActivityAttributionInfo UID=1002 packageName=com.android.bluetooth deviceAddress=no_active_device_address
05-17 12:15:19.979  1928  2248 I bt_stack: [INFO:le_scanning_manager.cc(200)] ScanFilterParamSetup in shim layer
05-17 12:15:19.983  1928  2248 D BtGatt.ContextMap: remove() - id: 2
05-17 12:15:19.984  1928  2248 E BtGatt.ContextMap: remove() - removed: 2
05-17 12:15:19.984  1928  2248 I bt_stack: [INFO:le_scanning_manager.cc(174)] Unregister in shim layer, scanner_id:2
05-17 12:15:19.985  1928  9141 I BtGatt.AdvertiseManager: error sending onAdvertisingSetStopped callback
05-17 12:15:19.985  1928  9141 I BtGatt.AdvertiseManager: android.os.DeadObjectException
05-17 12:15:19.985  1928  9141 I BtGatt.AdvertiseManager: 	at android.os.BinderProxy.transactNative(Native Method)
05-17 12:15:19.985  1928  9141 I BtGatt.AdvertiseManager: 	at android.os.BinderProxy.transact(BinderProxy.java:662)
05-17 12:15:19.985  1928  9141 I BtGatt.AdvertiseManager: 	at android.bluetooth.le.IAdvertisingSetCallback$Stub$Proxy.onAdvertisingSetStopped(IAdvertisingSetCallback.java:256)
05-17 12:15:19.985  1928  9141 I BtGatt.AdvertiseManager: 	at com.android.bluetooth.gatt.AdvertiseManager.stopAdvertisingSet(AdvertiseManager.java:407)
05-17 12:15:19.985  1928  9141 I BtGatt.AdvertiseManager: 	at com.android.bluetooth.gatt.AdvertiseManager$AdvertisingSetDeathRecipient.binderDied(AdvertiseManager.java:193)
05-17 12:15:19.985  1928  9141 I BtGatt.AdvertiseManager: 	at android.os.IBinder$DeathRecipient.binderDied(IBinder.java:323)
05-17 12:15:19.985  1928  9141 I BtGatt.AdvertiseManager: 	at android.os.BinderProxy.sendDeathNotice(BinderProxy.java:781)
05-17 12:15:19.988   837   837 I Zygote  : Process 9171 exited due to signal 9 (Killed)
05-17 12:15:19.990  1928  2260 E BtGatt.GattService: [GSIM LOG]: gsimLogHandler, msg: MESSAGE_SCAN_STOP, appName: dev.meshx.mob, scannerId: 2, reportDelayMillis=0
05-17 12:15:19.992  1200  1250 I libprocessgroup: Successfully killed process cgroup uid 10313 pid 9171 in 131ms
05-17 12:15:19.992  1928  2260 E LeAppInfo: updateScanStopInfo(), There is NO scan process with :                                      dev.meshx.mob|    Normal|  LowPower| NonFilter|      true|
05-17 12:15:21.212  1707  1707 I wpa_supplicant: Heartbeat 20836
05-17 12:15:21.650  2905  2905 I SDHMS:LOAD: type: LoadsFreqs, value: 0:0:0:664560:1066000:650000:664560:1066000:650000:10:260:0
05-17 12:15:21.666   602   602 D io_stats: !@   8,0 r 1037515 33867604 w 600426 57192420 d 0 0 f 0 0 iot 519524 0 th 0 0 0 pt 0 inp 0 0 208569.239
