05-17 12:14:54.617  1928  2656 W gatt_utils: gatt_cleanup_upon_disc
05-17 12:14:54.617  1928  2656 W gatt_utils: gatt_cleanup_upon_disc :: GATT_CH_CLOSE
05-17 12:14:54.617  1928  2656 I bt_stack: [INFO:gatt_attr.cc(347)] gatt_connect_cback: remove untrusted client status, bda=54:18:6a:e8:a8:d7
05-17 12:14:54.618  1928  2656 W btm_acl : NotifyAclLinkDown() xx:xx:xx:xx:a8:d7 link_up_issued is 1
05-17 12:14:54.618  1928  2656 W bt_btm_sec: Disconnection complete device:xx:xx:xx:xx:a8:d7 name: state:IDLE reason:Local Terminated Connection sec_req:0
05-17 12:14:54.618  1928  2656 E bta_gattc_main: Ignore unknown conn ID: 3
05-17 12:14:54.618  1928  2656 E bta_gattc_main: Ignore unknown conn ID: 4
05-17 12:14:54.618  1928  2656 E bta_gattc_main: Ignore unknown conn ID: 5
05-17 12:14:54.621  1928  2050 W BatteryService: getBatteryService(): service is NULL
05-17 12:14:54.622  1928  2050 D BluetoothDatabase: getProfileConnectionPolicy: device XX:XX:XX:E8:A8:D7 is not in cache
05-17 12:14:54.622  1928  2050 D BluetoothDatabase: getProfileConnectionPolicy: device XX:XX:XX:E8:A8:D7 is not in cache
05-17 12:14:54.622  1928  2050 D BluetoothDatabase: getProfileConnectionPolicy: device XX:XX:XX:E8:A8:D7 is not in cache
05-17 12:14:54.626  1928  2050 D BluetoothDatabase: getProfileConnectionPolicy: device XX:XX:XX:E8:A8:D7 is not in cache
05-17 12:14:54.627  1928  2050 D BluetoothDatabase: getProfileConnectionPolicy: device XX:XX:XX:E8:A8:D7 is not in cache
05-17 12:14:54.634  1928  2050 D BluetoothUtils: getBtEnabledContainers(): btContainers = []
05-17 12:14:54.634  1928  2050 E BluetoothRemoteDevices: RemoteException in calling IBluetoothConnectionCallback
05-17 12:14:54.634  1200  1540 I BluetoothDeviceBatteryManager: action: android.bluetooth.device.action.ACL_DISCONNECTED
05-17 12:14:54.634  1928  2050 E BluetoothRemoteDevices: RemoteException in calling IBluetoothConnectionCallback
05-17 12:14:54.634  1928  2050 E BluetoothRemoteDevices: RemoteException in calling IBluetoothConnectionCallback
05-17 12:14:54.635  1928  2050 E BluetoothRemoteDevices: RemoteException in calling IBluetoothConnectionCallback
05-17 12:14:54.635  1200  1874 I SLocation: DeviceStatusNotiManager - received action : android.bluetooth.device.action.ACL_DISCONNECTED
05-17 12:14:54.635  1928  2050 D BluetoothDataManager: BluetoothDataManager :: notifyDisconnectReason() is called!!!
05-17 12:14:54.635  1613  1862 V BluetoothEventManager: onReceive :: android.bluetooth.device.action.ACL_DISCONNECTED
05-17 12:14:54.635  1613  1862 W BluetoothEventManager: AclStateChangedHandler: activeDevice is null
05-17 12:14:54.639  1928  1928 D BluetoothPbapService: action: android.bluetooth.device.action.ACL_DISCONNECTED
05-17 12:14:54.643  1200  1540 I BluetoothDeviceBatteryManager: # Alias(meshx-ipad) / Address(54186A_7)
05-17 12:14:54.644  1613  1862 V BluetoothEventManager: onReceive :: android.bluetooth.device.action.NAME_CHANGED
05-17 12:14:54.644  1928  2050 D BluetoothUtils: getBtEnabledContainers(): btContainers = []
05-17 12:14:54.644  1928  2050 E BluetoothRemoteDevices: Remote class is UNCATEGORIZED
05-17 12:14:54.646  1200  1252 W libprocessgroup: Failed to open /dev/blkio//cgroup.procs: No such file or directory
05-17 12:14:54.647  1200  1252 W libprocessgroup: Failed to open /dev/blkio//cgroup.procs: No such file or directory
05-17 12:14:54.649  1200  1540 I BluetoothDeviceBatteryManager: # BatteryLevel : -1
05-17 12:14:54.652 30311  9232 I Nearby  : (REDACTED) is blocked device type %s, isAuto=%s, isIot=%s, isLatchsky=%s, isChinaWearable=%s, isTv=%s, isWearable=%s (supportWearOs=%s), isChromeOsDevice=%s (supportChromeOs=%s)
05-17 12:14:54.652  1928  1940 D BluetoothAdapterService: getBondedDevices, remove custom devices: 
05-17 12:14:54.653  1928  1940 D BluetoothAdapterService: getBondedDevices, remove custom devices: 
05-17 12:14:54.654 25144 25144 I aahm    : onReceive
05-17 12:14:54.655  1928  1940 D BluetoothAdapterService: getBondedDevices, remove custom devices: 
05-17 12:14:54.656 25144 25161 I abvn    : (REDACTED) bluetoothConnectionStateChanged. Action: %s
05-17 12:14:54.656 30311 30311 I NearbyDiscovery: (REDACTED) DiscoveryService onStartCommand action: %s
05-17 12:14:54.656 30311 30311 I NearbyDiscovery: (REDACTED) onAclChange: state=%s, transport=%s, %s
05-17 12:14:54.658  1928  1940 D BluetoothAdapterService: getBondedDevices, remove custom devices: 
05-17 12:14:54.658 25144 25161 I abuo    : Deinitializing Gemini service client
05-17 12:14:54.659 25144 25161 I abut    : Deinitializing PhoneMediaHandler
05-17 12:14:54.666 30311 30322 W WearableService: onGetService: Wear is not available on this device. Calling package: com.google.android.googlequicksearchbox
05-17 12:14:54.667 25144 25159 W GoogleApiManager: Not showing notification since connectionResult is not user-facing: ConnectionResult{statusCode=API_UNAVAILABLE, resolution=null, message=null, clientMethodKey=null}
05-17 12:14:54.993  1200  3617 D SemWifiUsabilityStatsMonitor: onWifiUsabilityStats - seqNum 7133, isSameBssidAndFreq true
05-17 12:14:54.994  1200  1507 I SemWifiLinkQualityMonitor: Link Qos Query: 0.075 ms / 106.894 Mbps (408 / 0.055 / 1.000)
05-17 12:14:55.442  1200  1411 I HqmInfo::HqmManagerService: MSG_TYPE:MSG_TYPE_PROCESS_LOG_BY_HQM
05-17 12:14:55.447  1200  1248 I ActivityManager: com.samsung.android.dqagent is exempt from freezer
05-17 12:14:55.448  1200  1248 D CompatibilityChangeReporter: Compat change id reported: 135634846; UID 1000; state: DISABLED
05-17 12:14:55.448  1200  1248 D CompatibilityChangeReporter: Compat change id reported: 177438394; UID 1000; state: DISABLED
05-17 12:14:55.448  1200  1248 D CompatibilityChangeReporter: Compat change id reported: 135772972; UID 1000; state: DISABLED
05-17 12:14:55.448  1200  1248 D CompatibilityChangeReporter: Compat change id reported: 135754954; UID 1000; state: ENABLED
05-17 12:14:55.467   837   837 D Zygote  : Forked child process 9242
05-17 12:14:55.469  1200  1249 I ActivityManager: Start proc 9242:com.samsung.android.dqagent/1000 for broadcast {com.samsung.android.dqagent/com.samsung.android.dqagent.receiver.DQADataReceiver}
05-17 12:14:55.498  9242  9242 I android.dqagent: Using CollectorTypeCC GC.
05-17 12:14:55.511  9242  9242 D nativeloader: Load libframework-connectivity-tiramisu-jni.so using APEX ns com_android_tethering for caller /apex/com.android.tethering/javalib/framework-connectivity-t.jar: ok
05-17 12:14:55.513  9242  9242 D ActivityThread: setConscryptValidator
05-17 12:14:55.513  9242  9242 D ActivityThread: setConscryptValidator - put
05-17 12:14:55.516  1200  2027 I ActivityManager: DSS OFF for com.samsung.android.dqagent
05-17 12:14:55.524  9242  9242 D CompatibilityChangeReporter: Compat change id reported: 171979766; UID 1000; state: ENABLED
05-17 12:14:55.603  9242  9242 I DIAGMON_SDK[605054]: DiagMonAgent type: 2
05-17 12:14:55.604  9242  9242 I DIAGMON_SDK[605054][999-399-549750] : generated SR object
05-17 12:14:55.643  2879  3717 I DMASA[D][999-399-549750]: [DiagmonProvider]Received msg based on provider : request_deviceid / request_deviceid
05-17 12:14:55.646  2879  3717 I DMASA[D][999-399-549750]: [DiagmonProvider]Signature Check Success
05-17 12:14:55.646  2879  3717 I DMASA[D][999-399-549750]: [DiagmonProvider]Action : Request deviceID
05-17 12:14:55.649  2879  3717 W DMASA[D][999-399-549750]: [DiagmonProvider]DeviceId failed : user binary or info null
05-17 12:14:55.657   602   602 D io_stats: !@   8,0 r 1037505 33867564 w 600244 57191212 d 0 0 f 0 0 iot 519460 0 th 0 0 0 pt 0 inp 0 0 208543.230
05-17 12:14:55.662   617   617 W keymaster_tee: [WRN]begin req PARAMS: A32 B2 P64 
05-17 12:14:55.668   616   628 I keystore2: keystore2::security_level: In create_operation. Success to create IKeystoreOperation. 1000, None
05-17 12:14:55.672  9242  9257 I DIAGMON_SDK[605054][999-399-549750] : Agreement value: D
05-17 12:14:55.672  9242  9257 I DIAGMON_SDK[605054][999-399-549750] : Request Service Registration
05-17 12:14:55.684  1200  2027 I GenerationRegistry: mBackingStore.isClosed() : false
05-17 12:14:55.692  2879  3717 I DMASA[D][999-399-549750]: [DiagmonProvider]Received msg based on provider : registration / register_service
05-17 12:14:55.697  2879  3717 I DMASA[D][999-399-549750]: [DiagmonProvider]Signature Check Success
05-17 12:14:55.697  2879  3717 I DMASA[D][999-399-549750]: [DiagmonProvider]Action : Register service
05-17 12:14:55.698  2879  3717 I DMASA[D][999-399-549750]: [b]Service Agree: true
05-17 12:14:55.698  2879  3717 I DMASA[D][999-399-549750]: [b]Device ID is null or empty
05-17 12:14:55.699  2879  3717 I DMASA[D][999-399-549750]: [b]Tracking ID is null or empty
05-17 12:14:55.700  2879  3717 I DMASA[D][999-399-549750]: [DiagmonProvider]SERVICE INFO already registered to server [999-399-549750]
05-17 12:14:55.744  9242  9258 I DQA     : [DQADatabaseOpenHelper]db open success
05-17 12:14:55.780  9242  9257 I DIAGMON_SDK[605054][999-399-549750] : Results : Success
05-17 12:14:55.784  2879  3717 I DMASA[D][999-399-549750]: [DiagmonProvider]Received msg based on provider : true / anr_logging
05-17 12:14:55.786  2879  3717 I DMASA[D][999-399-549750]: [DiagmonProvider]Signature Check Success
05-17 12:14:55.792  9242  9257 I DIAGMON_SDK[605054][999-399-549750] : Results : Success
05-17 12:14:56.071  9171  9223 D BluetoothGattServer: registerCallback()
05-17 12:14:56.072  9171  9223 D BluetoothGattServer: registerCallback() - UUID=00818773-d69d-4d8b-aa92-de6c775dcc87
05-17 12:14:56.075  1928  1940 D BtGatt.GattService: registerServer(dev.meshx.mob) - UUID=00818773-d69d-4d8b-aa92-de6c775dcc87
05-17 12:14:56.078  1928  1940 D BtGatt.ContextMap: add() - appUid: 10313, appPid: 9171, appName: dev.meshx.mob
05-17 12:14:56.079  1928  2656 I bt_stack: [INFO:bta_gatts_act.cc(198)] register application first_unuse rcb_idx=0
05-17 12:14:56.080  9171  9184 D BluetoothGattServer: onServerRegistered() - status=0 serverIf=6
05-17 12:14:56.081  9171  9223 D BluetoothGattServer: addService() - service: 8f4f1201-6f3d-4f9c-9e3b-7f4a4f0f2000
05-17 12:14:56.085  9171  9223 I BluetoothAdapter: STATE_ON
05-17 12:14:56.085  1928  2656 I bt_stack: [INFO:bta_gatts_api.cc(135)] bta_gatts_add_service_impl: rcb_idx=0
05-17 12:14:56.085  1928  2656 I bt_stack: [INFO:gatt_api.cc(171)] GATTS_AddService
05-17 12:14:56.085  1928  2656 I bt_stack: [INFO:gatt_api.cc(286)] GATTS_AddService: service parsed correctly, now starting
05-17 12:14:56.085  1928  2656 I bt_stack: [INFO:gatt_sr_hash.cc(127)] gatts_calculate_database_hash: hash=D73604934235F801B3C76A8E5F0340C6
05-17 12:14:56.087  9171  9184 D BluetoothGattServer: onServiceAdded() - handle=134 uuid=8f4f1201-6f3d-4f9c-9e3b-7f4a4f0f2000 status=0
05-17 12:14:56.088  9171  9223 I BluetoothAdapter: STATE_ON
05-17 12:14:56.089  9171  9223 I BluetoothAdapter: STATE_ON
05-17 12:14:56.089  9171  9223 I BluetoothAdapter: STATE_ON
05-17 12:14:56.093  1928  1940 I bt_stack: [INFO:le_advertising_manager.cc(137)] StartAdvertisingSet in shim layer
05-17 12:14:56.094  1928  1940 W bt_stack: le_advertising_manager :: allocate_advertiser - id : 2
05-17 12:14:56.094  1928  1940 I bt_stack: [INFO:le_advertising_manager.cc(157)] create advertising set, reg_id:-5172, id:2
05-17 12:14:56.094  1928  2282 W bt_stack: le_advertising_manager :: create_extended_advertiser - id : 2
05-17 12:14:56.094  1928  2282 W bt_stack: le_advertising_manager :: enable_advertiser - id : 2
05-17 12:14:56.097  9171  9223 I MeshxBleFetch: {"v":1,"event":"fetch_server_started","accepted":true,"advertising_accepted":true,"responder_peer_id":"meshx-dev","message_id_hash":"tGZeLWa3rvI=","service_uuid":"8f4f1201-6f3d-4f9c-9e3b-7f4a4f0f2000","request_characteristic_uuid":"8f4f1201-6f3d-4f9c-9e3b-7f4a4f0f2001","response_characteristic_uuid":"8f4f1201-6f3d-4f9c-9e3b-7f4a4f0f2002","device_model":"SM-T577U","android_api":33,"adapter_state":"on","adapter_enabled":true}
05-17 12:14:56.098  9171  9223 I BluetoothAdapter: STATE_ON
05-17 12:14:56.098  9171  9223 I BluetoothAdapter: STATE_ON
05-17 12:14:56.100  9171  9223 I BluetoothAdapter: STATE_ON
05-17 12:14:56.102  9171  9223 I BluetoothAdapter: STATE_ON
05-17 12:14:56.102  9171  9223 I MeshxBleDispatch: {"v":1,"event":"ble_capabilities","supports_extended_advertising":true,"max_advertising_data_length":1024,"is_multiple_advertisement_supported":true,"legacy_manufacturer_payload_budget":24}
05-17 12:14:56.103  9171  9223 I BluetoothAdapter: STATE_ON
05-17 12:14:56.105  9171  9223 I BluetoothAdapter: STATE_ON
05-17 12:14:56.109  9171  9223 I BluetoothAdapter: STATE_ON
05-17 12:14:56.109  9171  9223 I BluetoothAdapter: STATE_ON
05-17 12:14:56.109  9171  9223 I BluetoothAdapter: STATE_ON
05-17 12:14:56.109  9171  9223 I BluetoothAdapter: STATE_ON
05-17 12:14:56.114  1928  2260 E BtGatt.GattService: [GSIM LOG]: gsimLogHandler, msg: MESSAGE_ADV_SET_START, appName: dev.meshx.mob, id: 2, isLegacy: true
05-17 12:14:56.115  1928  1940 I bt_stack: [INFO:le_advertising_manager.cc(137)] StartAdvertisingSet in shim layer
05-17 12:14:56.116  1928  1940 W bt_stack: le_advertising_manager :: allocate_advertiser - id : 3
05-17 12:14:56.116  1928  1940 I bt_stack: [INFO:le_advertising_manager.cc(157)] create advertising set, reg_id:-5173, id:3
05-17 12:14:56.116  1928  2282 W bt_stack: le_advertising_manager :: create_extended_advertiser - id : 3
05-17 12:14:56.116  1928  2282 W bt_stack: le_advertising_manager :: enable_advertiser - id : 3
05-17 12:14:56.122  9171  9223 I MeshxBleDispatch: {"v":1,"event":"attempt_outcome","attempt_id":"mx-1779045296097","message_id":"iqjDOVM+2ogIvhKjGElMAQ==","target_peer_id":"broadcast","target_device_ids":["broadcast"],"kind":"dispatched","reason":"legacy_beacon_fallback","adapter":"ble_android","outcome_at_ms":208968159}
05-17 12:14:56.124  9171  9223 I MeshxBleNative: sendFullMxEnvelope(broadcast, 31B) -> DISPATCHED reason=legacy_beacon_fallback
05-17 12:14:56.125  9171  9223 I Elixir  : BleSelfTest: MESH MESSAGE SENT payload="hello-from-meshx-dev-1779045296" result=:ok
05-17 12:14:56.133  9171  9209 I BEAMout : 12:14:56.125 [info] BleSelfTest: MESH MESSAGE SENT payload="hello-from-meshx-dev-1779045296" result=:ok
05-17 12:14:56.134  9171  9171 D BluetoothLeAdvertiser: onAdvertisingSetStarted(2, -7, 0)
05-17 12:14:56.134  9171  9223 W Elixir  : BleSelfTest: bridge error unknown: {"v":1,"event":"attempt_outcome","attempt_id":"mx-1779045296097","message_id":"iqjDOVM+2ogIvhKjGElMAQ==","target_peer_id":"broadcast","target_device_ids":["broadcast"],"kind":"dispatched","reason":"legacy_beacon_fallback","adapter":"ble_android","outcome_at_ms":208968159}
05-17 12:14:56.137  9171  9209 I BEAMout : 12:14:56.134 [warning] BleSelfTest: bridge error unknown: {"v":1,"event":"attempt_outcome","attempt_id":"mx-1779045296097","message_id":"iqjDOVM+2ogIvhKjGElMAQ==","target_peer_id":"broadcast","target_device_ids":["broadcast"],"kind":"dispatched","reason":"legacy_beacon_fallback","adapter":"ble_android","outcome_at_ms":208968159}
05-17 12:14:56.139  1928  2260 E BtGatt.GattService: [GSIM LOG]: gsimLogHandler, msg: MESSAGE_ADV_SET_START, appName: dev.meshx.mob, id: 3, isLegacy: true
05-17 12:14:56.176  9171  9171 I MeshxBleFetch: {"v":1,"event":"fetch_advertising_started","responder_peer_id":"meshx-dev","message_id_hash":"tGZeLWa3rvI=","connectable":true,"service_uuid":"8f4f1201-6f3d-4f9c-9e3b-7f4a4f0f2000","device_model":"SM-T577U","android_api":33,"adapter_state":"on","adapter_enabled":true}
05-17 12:14:56.177  9171  9171 D BluetoothLeAdvertiser: onAdvertisingSetStarted(3, -7, 0)
05-17 12:14:56.181  9171  9171 I MeshxBleDispatch: {"v":1,"event":"legacy_beacon_advertising_started","attempt_id":"mx-1779045296097","beacon_size":22,"beacon":"TUIBAQEAtGZeLWa3rvIS94VXUXoT+Q==","message_id_hash":"tGZeLWa3rvI=","sender_peer_id_hash":"EveFV1F6E\/k=","payload_kind":"TX","envelope_version":1,"window_ms":5000,"data_carrier":"legacy_advertisement"}
05-17 12:14:56.315  1928  2050 D BtGatt.GattService: onScanResult to scannerId: 2- eventType=0x10, addressType=1, address=44BDF8_6, primaryPhy=1, secondaryPhy=0, advertisingSid=0xff, txPower=127, rssi=-80, periodicAdvInt=0x0
05-17 12:14:56.320  1928  2050 D BtGatt.GattService: onScanResult to scannerId: 2- eventType=0x10, addressType=0, address=BC7E8B_B, primaryPhy=1, secondaryPhy=0, advertisingSid=0xff, txPower=127, rssi=-86, periodicAdvInt=0x0
05-17 12:14:56.329  1928  2050 D BtGatt.GattService: onScanResult to scannerId: 2- eventType=0x1b, addressType=0, address=84E0F4_2, primaryPhy=1, secondaryPhy=0, advertisingSid=0xff, txPower=127, rssi=-87, periodicAdvInt=0x0
05-17 12:14:56.332  1928  2050 D BtGatt.GattService: onScanResult to scannerId: 2- eventType=0x1b, addressType=1, address=5498D4_8, primaryPhy=1, secondaryPhy=0, advertisingSid=0xff, txPower=127, rssi=-67, periodicAdvInt=0x0
05-17 12:14:56.342  1928  2050 D BtGatt.GattService: onScanResult to scannerId: 2- eventType=0x10, addressType=1, address=0A1C36_9, primaryPhy=1, secondaryPhy=0, advertisingSid=0xff, txPower=127, rssi=-93, periodicAdvInt=0x0
05-17 12:14:56.345  1928  2050 D BtGatt.GattService: onScanResult to scannerId: 2- eventType=0x1b, addressType=1, address=54186A_7, primaryPhy=1, secondaryPhy=0, advertisingSid=0xff, txPower=127, rssi=-64, periodicAdvInt=0x0
05-17 12:14:56.349  1928  2050 D BtGatt.GattService: onScanResult to scannerId: 2- eventType=0x1b, addressType=0, address=84E0F4_2, primaryPhy=1, secondaryPhy=0, advertisingSid=0xff, txPower=127, rssi=-87, periodicAdvInt=0x0
05-17 12:14:56.377  1928  2050 D BtGatt.GattService: onScanResult to scannerId: 2- eventType=0x1b, addressType=1, address=54186A_7, primaryPhy=1, secondaryPhy=0, advertisingSid=0xff, txPower=127, rssi=-63, periodicAdvInt=0x0
05-17 12:14:56.386  1928  2050 D BtGatt.GattService: onScanResult to scannerId: 2- eventType=0x1b, addressType=1, address=6F63D2_0, primaryPhy=1, secondaryPhy=0, advertisingSid=0xff, txPower=127, rssi=-79, periodicAdvInt=0x0
05-17 12:14:56.396  1928  2050 D BtGatt.GattService: onScanResult to scannerId: 2- eventType=0x10, addressType=1, address=79C727_6, primaryPhy=1, secondaryPhy=0, advertisingSid=0xff, txPower=127, rssi=-84, periodicAdvInt=0x0
05-17 12:14:56.400  1928  2050 D BtGatt.GattService: onScanResult to scannerId: 2- eventType=0x10, addressType=1, address=7D4F46_E, primaryPhy=1, secondaryPhy=0, advertisingSid=0xff, txPower=127, rssi=-35, periodicAdvInt=0x0
05-17 12:14:56.405  1928  2050 D BtGatt.GattService: onScanResult to scannerId: 2- eventType=0x1b, addressType=1, address=54186A_7, primaryPhy=1, secondaryPhy=0, advertisingSid=0xff, txPower=127, rssi=-64, periodicAdvInt=0x0
05-17 12:14:56.421  1928  2050 D BtGatt.GattService: onScanResult to scannerId: 2- eventType=0x10, addressType=1, address=1AB250_5, primaryPhy=1, secondaryPhy=0, advertisingSid=0xff, txPower=127, rssi=-95, periodicAdvInt=0x0
05-17 12:14:56.423  9171  9171 I MeshxBleScanRaw: device_id=79:C7:27:79:D3:F6 rssi=-84 advertisement_b64=Hv8GAAEJIAJHjMD3VeplxqwDvXGcSzo+Jpb+y01vQwAAAAAAAAAAAAAAAAAAAAAAAAAAAAAAAAAAAAAAAAA= manufacturer_ids=[6] service_uuids=[]
05-17 12:14:56.427  1928  2050 D BtGatt.GattService: onScanResult to scannerId: 2- eventType=0x10, addressType=1, address=EAA892_C, primaryPhy=1, secondaryPhy=0, advertisingSid=0xff, txPower=127, rssi=-67, periodicAdvInt=0x0
05-17 12:14:56.430  9171  9171 I MeshxBleScanRaw: device_id=1A:B2:50:37:DD:25 rssi=-95 advertisement_b64=Hv8GAAEJICKXk1ehw7d9WZXvR3iUlEnD3WG73hccmQAAAAAAAAAAAAAAAAAAAAAAAAAAAAAAAAAAAAAAAAA= manufacturer_ids=[6] service_uuids=[]
05-17 12:14:56.434  1928  2050 D BtGatt.GattService: onScanResult to scannerId: 2- eventType=0x10, addressType=1, address=4D0E52_9, primaryPhy=1, secondaryPhy=0, advertisingSid=0xff, txPower=127, rssi=-81, periodicAdvInt=0x0
05-17 12:14:56.435  1928  2050 D BtGatt.GattService: onScanResult to scannerId: 2- eventType=0x1b, addressType=0, address=84E0F4_2, primaryPhy=1, secondaryPhy=0, advertisingSid=0xff, txPower=127, rssi=-88, periodicAdvInt=0x0
05-17 12:14:56.446  1928  2050 D BtGatt.GattService: onScanResult to scannerId: 2- eventType=0x1b, addressType=1, address=54186A_7, primaryPhy=1, secondaryPhy=0, advertisingSid=0xff, txPower=127, rssi=-64, periodicAdvInt=0x0
05-17 12:14:56.449  1928  2050 D BtGatt.GattService: onScanResult to scannerId: 2- eventType=0x10, addressType=1, address=0A1C36_9, primaryPhy=1, secondaryPhy=0, advertisingSid=0xff, txPower=127, rssi=-95, periodicAdvInt=0x0
05-17 12:14:56.458  1928  2050 D BtGatt.GattService: onScanResult to scannerId: 2- eventType=0x1a, addressType=1, address=67B96D_9, primaryPhy=1, secondaryPhy=0, advertisingSid=0xff, txPower=127, rssi=-43, periodicAdvInt=0x0
05-17 12:14:56.476  1928  2050 D BtGatt.GattService: onScanResult to scannerId: 2- eventType=0x10, addressType=0, address=BC7E8B_B, primaryPhy=1, secondaryPhy=0, advertisingSid=0xff, txPower=127, rssi=-85, periodicAdvInt=0x0
05-17 12:14:56.483  1928  2050 D BtGatt.GattService: onScanResult to scannerId: 2- eventType=0x1b, addressType=1, address=54186A_7, primaryPhy=1, secondaryPhy=0, advertisingSid=0xff, txPower=127, rssi=-64, periodicAdvInt=0x0
05-17 12:14:56.489  1928  2050 D BtGatt.GattService: onScanResult to scannerId: 2- eventType=0x1b, addressType=0, address=84E0F4_2, primaryPhy=1, secondaryPhy=0, advertisingSid=0xff, txPower=127, rssi=-88, periodicAdvInt=0x0
05-17 12:14:56.498  1928  2050 D BtGatt.GattService: onScanResult to scannerId: 2- eventType=0x10, addressType=1, address=79C727_6, primaryPhy=1, secondaryPhy=0, advertisingSid=0xff, txPower=127, rssi=-84, periodicAdvInt=0x0
05-17 12:14:56.502  1928  2050 D BtGatt.GattService: onScanResult to scannerId: 2- eventType=0x10, addressType=1, address=44BDF8_6, primaryPhy=1, secondaryPhy=0, advertisingSid=0xff, txPower=127, rssi=-80, periodicAdvInt=0x0
05-17 12:14:56.516  1928  2050 D BtGatt.GattService: onScanResult to scannerId: 2- eventType=0x1b, addressType=1, address=68983E_2, primaryPhy=1, secondaryPhy=0, advertisingSid=0xff, txPower=127, rssi=-35, periodicAdvInt=0x0
05-17 12:14:56.529  1928  2050 D BtGatt.GattService: onScanResult to scannerId: 2- eventType=0x1b, addressType=0, address=84E0F4_2, primaryPhy=1, secondaryPhy=0, advertisingSid=0xff, txPower=127, rssi=-87, periodicAdvInt=0x0
05-17 12:14:56.551  1928  2050 D BtGatt.GattService: onScanResult to scannerId: 2- eventType=0x1b, addressType=1, address=54186A_7, primaryPhy=1, secondaryPhy=0, advertisingSid=0xff, txPower=127, rssi=-64, periodicAdvInt=0x0
05-17 12:14:56.554  1928  2050 D BtGatt.GattService: onScanResult to scannerId: 2- eventType=0x10, addressType=0, address=BC455B_A, primaryPhy=1, secondaryPhy=0, advertisingSid=0xff, txPower=127, rssi=-69, periodicAdvInt=0x0
05-17 12:14:57.658   602   602 D io_stats: !@   8,0 r 1037510 33867584 w 600317 57191644 d 0 0 f 0 0 iot 519480 0 th 0 0 0 pt 0 inp 0 0 208545.231
05-17 12:14:58.095  1200  3617 D SemWifiUsabilityStatsMonitor: onWifiUsabilityStats - seqNum 7134, isSameBssidAndFreq true
05-17 12:14:58.095  1200  1507 I SemWifiLinkQualityMonitor: Link Qos Query: 0.087 ms / 92.370 Mbps (408 / 0.067 / 1.000)
05-17 12:14:58.177  1928  2050 D BtGatt.GattService: onScanResult to scannerId: 2- eventType=0x10, addressType=0, address=BC7E8B_B, primaryPhy=1, secondaryPhy=0, advertisingSid=0xff, txPower=127, rssi=-82, periodicAdvInt=0x0
05-17 12:14:58.182  1928  2050 D BtGatt.GattService: onScanResult to scannerId: 2- eventType=0x10, addressType=1, address=44BDF8_6, primaryPhy=1, secondaryPhy=0, advertisingSid=0xff, txPower=127, rssi=-85, periodicAdvInt=0x0
05-17 12:14:58.218  1928  2050 D BtGatt.GattService: onScanResult to scannerId: 2- eventType=0x1b, addressType=1, address=54186A_7, primaryPhy=1, secondaryPhy=0, advertisingSid=0xff, txPower=127, rssi=-51, periodicAdvInt=0x0
05-17 12:14:58.221  1928  2050 D BtGatt.GattService: onScanResult to scannerId: 2- eventType=0x10, addressType=1, address=F8504E_C, primaryPhy=1, secondaryPhy=0, advertisingSid=0xff, txPower=127, rssi=-35, periodicAdvInt=0x0
05-17 12:14:58.228  1928  2050 D BtGatt.GattService: onScanResult to scannerId: 2- eventType=0x1b, addressType=0, address=84E0F4_2, primaryPhy=1, secondaryPhy=0, advertisingSid=0xff, txPower=127, rssi=-78, periodicAdvInt=0x0
05-17 12:14:58.234  1928  2050 D BtGatt.GattService: onScanResult to scannerId: 2- eventType=0x1a, addressType=1, address=67B96D_9, primaryPhy=1, secondaryPhy=0, advertisingSid=0xff, txPower=127, rssi=-44, periodicAdvInt=0x0
05-17 12:14:58.237  1928  2050 D BtGatt.GattService: onScanResult to scannerId: 2- eventType=0x10, addressType=0, address=BC455B_A, primaryPhy=1, secondaryPhy=0, advertisingSid=0xff, txPower=127, rssi=-85, periodicAdvInt=0x0
05-17 12:14:58.247  1928  2050 D BtGatt.GattService: onScanResult to scannerId: 2- eventType=0x1b, addressType=1, address=54186A_7, primaryPhy=1, secondaryPhy=0, advertisingSid=0xff, txPower=127, rssi=-51, periodicAdvInt=0x0
05-17 12:14:58.255  1928  2050 D BtGatt.GattService: onScanResult to scannerId: 2- eventType=0x1b, addressType=1, address=5498D4_8, primaryPhy=1, secondaryPhy=0, advertisingSid=0xff, txPower=127, rssi=-71, periodicAdvInt=0x0
05-17 12:14:58.264  1928  2050 D BtGatt.GattService: onScanResult to scannerId: 2- eventType=0x10, addressType=1, address=79C727_6, primaryPhy=1, secondaryPhy=0, advertisingSid=0xff, txPower=127, rssi=-78, periodicAdvInt=0x0
05-17 12:14:58.267  1928  2050 D BtGatt.GattService: onScanResult to scannerId: 2- eventType=0x1b, addressType=1, address=4A9808_A, primaryPhy=1, secondaryPhy=0, advertisingSid=0xff, txPower=127, rssi=-81, periodicAdvInt=0x0
05-17 12:14:58.281  1928  2050 D BtGatt.GattService: onScanResult to scannerId: 2- eventType=0x10, addressType=1, address=EDB578_7, primaryPhy=1, secondaryPhy=0, advertisingSid=0xff, txPower=127, rssi=-51, periodicAdvInt=0x0
05-17 12:14:58.288  1928  2050 D BtGatt.GattService: onScanResult to scannerId: 2- eventType=0x1b, addressType=1, address=54186A_7, primaryPhy=1, secondaryPhy=0, advertisingSid=0xff, txPower=127, rssi=-51, periodicAdvInt=0x0
05-17 12:14:58.290  1928  2050 D BtGatt.GattService: onScanResult to scannerId: 2- eventType=0x10, addressType=1, address=4A4D1F_B, primaryPhy=1, secondaryPhy=0, advertisingSid=0xff, txPower=127, rssi=-83, periodicAdvInt=0x0
05-17 12:14:58.296  1928  2050 D BtGatt.GattService: onScanResult to scannerId: 2- eventType=0x1b, addressType=1, address=DD0D30_2, primaryPhy=1, secondaryPhy=0, advertisingSid=0xff, txPower=127, rssi=-61, periodicAdvInt=0x0
05-17 12:14:58.306  1928  2050 D BtGatt.GattService: onScanResult to scannerId: 2- eventType=0x1b, addressType=0, address=94944A_9, primaryPhy=1, secondaryPhy=0, advertisingSid=0xff, txPower=127, rssi=-91, periodicAdvInt=0x0
05-17 12:14:58.318  1928  2050 D BtGatt.GattService: onScanResult to scannerId: 2- eventType=0x1b, addressType=1, address=68983E_2, primaryPhy=1, secondaryPhy=0, advertisingSid=0xff, txPower=127, rssi=-35, periodicAdvInt=0x0
05-17 12:14:58.331  1928  2050 D BtGatt.GattService: onScanResult to scannerId: 2- eventType=0x1b, addressType=1, address=C19840_0, primaryPhy=1, secondaryPhy=0, advertisingSid=0xff, txPower=127, rssi=-81, periodicAdvInt=0x0
05-17 12:14:58.334  1928  2050 D BtGatt.GattService: onScanResult to scannerId: 2- eventType=0x10, addressType=0, address=BC7E8B_B, primaryPhy=1, secondaryPhy=0, advertisingSid=0xff, txPower=127, rssi=-82, periodicAdvInt=0x0
05-17 12:14:58.337  1928  2050 D BtGatt.GattService: onScanResult to scannerId: 2- eventType=0x10, addressType=1, address=0BE50A_8, primaryPhy=1, secondaryPhy=0, advertisingSid=0xff, txPower=127, rssi=-89, periodicAdvInt=0x0
05-17 12:14:58.339  1928  2050 D BtGatt.GattService: onScanResult to scannerId: 2- eventType=0x1b, addressType=0, address=94944A_D, primaryPhy=1, secondaryPhy=0, advertisingSid=0xff, txPower=127, rssi=-84, periodicAdvInt=0x0
05-17 12:14:58.346  9171  9171 I MeshxBleScanRaw: device_id=94:94:4A:05:9C:99 rssi=-91 advertisement_b64=AgEGEQeeytwkDuWp4JPzo7UBAEBuCAl1RzItYzk4AAAAAAAAAAAAAAAAAAAAAAAAAAAAAAAAAAAAAAAAAAA= manufacturer_ids=[] service_uuids=[6e400001-b5a3-f393-e0a9-e50e24dcca9e]
05-17 12:14:58.353  9171  9171 I MeshxBleScanRaw: device_id=94:94:4A:05:9D:5D rssi=-84 advertisement_b64=AgEGEQeeytwkDuWp4JPzo7UBAEBuCAl1RzItZDVjAAAAAAAAAAAAAAAAAAAAAAAAAAAAAAAAAAAAAAAAAAA= manufacturer_ids=[] service_uuids=[6e400001-b5a3-f393-e0a9-e50e24dcca9e]
05-17 12:14:58.353  1928  2050 D BtGatt.GattService: onScanResult to scannerId: 2- eventType=0x1b, addressType=1, address=54186A_7, primaryPhy=1, secondaryPhy=0, advertisingSid=0xff, txPower=127, rssi=-51, periodicAdvInt=0x0
05-17 12:14:58.367  1928  2050 D BtGatt.GattService: onScanResult to scannerId: 2- eventType=0x10, addressType=1, address=44BDF8_6, primaryPhy=1, secondaryPhy=0, advertisingSid=0xff, txPower=127, rssi=-85, periodicAdvInt=0x0
05-17 12:14:58.371  1928  2050 D BtGatt.GattService: onScanResult to scannerId: 2- eventType=0x1a, addressType=1, address=67B96D_9, primaryPhy=1, secondaryPhy=0, advertisingSid=0xff, txPower=127, rssi=-44, periodicAdvInt=0x0
05-17 12:14:58.380  1928  2050 D BtGatt.GattService: onScanResult to scannerId: 2- eventType=0x1b, addressType=1, address=54186A_7, primaryPhy=1, secondaryPhy=0, advertisingSid=0xff, txPower=127, rssi=-51, periodicAdvInt=0x0
05-17 12:14:58.393  1928  2050 D BtGatt.GattService: onScanResult to scannerId: 2- eventType=0x10, addressType=0, address=BC455B_A, primaryPhy=1, secondaryPhy=0, advertisingSid=0xff, txPower=127, rssi=-84, periodicAdvInt=0x0
05-17 12:14:58.399  1928  2050 D BtGatt.GattService: onScanResult to scannerId: 2- eventType=0x1b, addressType=0, address=84E0F4_2, primaryPhy=1, secondaryPhy=0, advertisingSid=0xff, txPower=127, rssi=-78, periodicAdvInt=0x0
05-17 12:14:58.402  1928  2050 D BtGatt.GattService: onScanResult to scannerId: 2- eventType=0x1b, addressType=1, address=675E69_4, primaryPhy=1, secondaryPhy=0, advertisingSid=0xff, txPower=127, rssi=-80, periodicAdvInt=0x0
05-17 12:14:58.415  1928  2050 D BtGatt.GattService: onScanResult to scannerId: 2- eventType=0x1b, addressType=1, address=54186A_7, primaryPhy=1, secondaryPhy=0, advertisingSid=0xff, txPower=127, rssi=-51, periodicAdvInt=0x0
05-17 12:14:58.426  1928  2050 D BtGatt.GattService: onScanResult to scannerId: 2- eventType=0x1b, addressType=0, address=84E0F4_2, primaryPhy=1, secondaryPhy=0, advertisingSid=0xff, txPower=127, rssi=-78, periodicAdvInt=0x0
05-17 12:14:58.430  1928  2050 D BtGatt.GattService: onScanResult to scannerId: 2- eventType=0x10, addressType=1, address=EAA892_C, primaryPhy=1, secondaryPhy=0, advertisingSid=0xff, txPower=127, rssi=-74, periodicAdvInt=0x0
05-17 12:14:58.433  9171  9171 I MeshxBleScanRaw: device_id=67:5E:69:B5:85:04 rssi=-80 advertisement_b64=AgEaAgoMCv9MABAFDhh4K0AAAAAAAAAAAAAAAAAAAAAAAAAAAAAAAAAAAAAAAAAAAAAAAAAAAAAAAAAAAAA= manufacturer_ids=[76] service_uuids=[]
05-17 12:14:58.439  1928  2050 D BtGatt.GattService: onScanResult to scannerId: 2- eventType=0x1b, addressType=0, address=94944A_D, primaryPhy=1, secondaryPhy=0, advertisingSid=0xff, txPower=127, rssi=-85, periodicAdvInt=0x0
05-17 12:14:58.442  1928  2050 D BtGatt.GattService: onScanResult to scannerId: 2- eventType=0x10, addressType=1, address=0BE50A_8, primaryPhy=1, secondaryPhy=0, advertisingSid=0xff, txPower=127, rssi=-90, periodicAdvInt=0x0
05-17 12:14:58.445  1928  2050 D BtGatt.GattService: onScanResult to scannerId: 2- eventType=0x1b, addressType=1, address=54186A_7, primaryPhy=1, secondaryPhy=0, advertisingSid=0xff, txPower=127, rssi=-51, periodicAdvInt=0x0
05-17 12:14:59.058  9171  9223 I Elixir  : BleSelfTest: HEARTBEAT events=185 devices=30 meshx_peers=0 sent=1 distinct_msgs=1 beacon_callbacks=10 envelopes=0
05-17 12:14:59.059  9171  9209 I BEAMout : 12:14:59.058 [info] BleSelfTest: HEARTBEAT events=185 devices=30 meshx_peers=0 sent=1 distinct_msgs=1 beacon_callbacks=10 envelopes=0
05-17 12:14:59.347  9171  9223 I Elixir  : Mob.Dist: no EPMD on port 4369 after 10s -- skipping dist (run mix mob.connect to enable)
05-17 12:15:00.005  1613  2121 I DateTimeView: updateAll - getTimeFormat
05-17 12:15:00.006  1613  1613 D KeyguardUpdateMonitor: received broadcast android.intent.action.TIME_TICK
05-17 12:15:00.006  1613  1613 D KeyguardUpdateMonitor: handleTimeUpdate
05-17 12:15:00.007  1613  1613 D FaceWidgetPagesController: onTimeChanged()
05-17 12:15:00.007  1613  1613 D FaceWidgetPagesController: refreshViews() reason = ON_TIME_TICK, force = false
05-17 12:15:00.009  1613  2121 D QSClockBellTower: onReceive(android.intent.action.TIME_TICK) mTimeZoneString:null
05-17 12:15:00.011  1613  1613 I DigitalHorizontalClockView_LOCK_SCREEN_2@667: updatePaletteItemTransition : paletteItem = SOLID color : FFEBEBEB, animation = false
05-17 12:15:00.011  1613  1613 I DigitalHorizontalClockView_LOCK_SCREEN_2@667: scaleDateView: viewWidth=173.0, maxWidth=842, scale=1.0
05-17 12:15:00.011  1613  1613 I DigitalHorizontalClockView_LOCK_SCREEN_2@667: scaleTimeView: measureWidth=337.0, maxWidth=842
05-17 12:15:00.019  1613  1613 I FaceWidgetClockPage: onLayoutChanged: [252, 0, 590, 206] ->[252, 0, 589, 206] 
05-17 12:15:00.025  1928  2050 D BtGatt.GattService: onScanResult to scannerId: 2- eventType=0x10, addressType=1, address=7D4F46_E, primaryPhy=1, secondaryPhy=0, advertisingSid=0xff, txPower=127, rssi=-36, periodicAdvInt=0x0
05-17 12:15:00.029  1613  1613 D QSClockBellTower: He is ready to ring the bell. (((QSClockBellSound - TimeText:12:15, TimeContentDescription:12:15 PM, DateText:Sun, May 17, ShortDateText:Sun, May 17, Demo:false, QuickStar-Second(false|12:34:56))))
05-17 12:15:00.030  1928  2050 D BtGatt.GattService: onScanResult to scannerId: 2- eventType=0x10, addressType=1, address=79C727_6, primaryPhy=1, secondaryPhy=0, advertisingSid=0xff, txPower=127, rssi=-87, periodicAdvInt=0x0
05-17 12:15:00.030  1613  1613 D QSClockIndicatorView: Home Indicator status_bar_clock 12:15   Sun, May 17 notifyTimeChanged(QSClockBellSound - TimeText:12:15, TimeContentDescription:12:15 PM, DateText:Sun, May 17, ShortDateText:Sun, May 17, Demo:false, QuickStar-Second(false|12:34:56)) ClockVisibleByPolicy:true, ClockVisibleByUser:true, visible?false, parent:android.widget.LinearLayout{f3c6910 V.E...... ........ 0,0-0,48 #7f0b0510 app:id/left_clock_container}
05-17 12:15:00.030  1613  1613 D QSClockBellTower: Everyone heard the bell. run(currentTime:1779045300026,   getTime():Sun May 17 12:15:00 PDT 2026,   getTimeZone():libcore.util.ZoneInfo[mDstSavings=3600000,mUseDst=true,mDelegate=[id="America/Los_Angeles",mRawOffset=-28800000,mEarliestRawOffset=-28378000,transitions=186]])
05-17 12:15:00.032  1613  1613 I FaceWidgetViewModel: isEditModeAnimating: false
05-17 12:15:00.032  1613  1613 I FaceWidgetClockPage: updateClockRect: RectF(431.0, 211.0, 768.0, 417.0)
05-17 12:15:00.033  1613  1613 I FaceWidgetClockRectManager: needRefreshClockRect ret=false, maxDiffRatio=0.0066666603, max=7.9999924 [RectF(0.3575, 0.10989583, 0.6425, 0.2171875)] vs [RectF(0.35083333, 0.10989583, 0.6483333, 0.2171875)]
05-17 12:15:00.040  1613  1613 V QsExpandAnimator: setQsExpansionPosition 0.0
05-17 12:15:00.043  1613  1613 V QsExpandAnimator: updateAnimators
05-17 12:15:00.043  1613  1613 V QsExpandAnimator: clearAnimationState 
05-17 12:15:00.044  1613  1613 V QsExpandAnimator: updateViews
05-17 12:15:00.045  1928  2050 D BtGatt.GattService: onScanResult to scannerId: 2- eventType=0x1b, addressType=1, address=54186A_7, primaryPhy=1, secondaryPhy=0, advertisingSid=0xff, txPower=127, rssi=-49, periodicAdvInt=0x0
05-17 12:15:00.046  1613  1613 V QsExpandAnimator: updateTileAnimator
05-17 12:15:00.047  1613  1613 V QsExpandAnimator: updateHeaderAnimator
05-17 12:15:00.048  1613  1613 V QsExpandAnimator: updateBarAnimator
05-17 12:15:00.048  1613  1613 V QsExpandAnimator: setQsExpansionPosition 0.0
05-17 12:15:00.048  1613  1613 V QsExpandAnimator: onAnimationAtStart
05-17 12:15:00.084  1928  2050 D BtGatt.GattService: onScanResult to scannerId: 2- eventType=0x1b, addressType=1, address=54186A_7, primaryPhy=1, secondaryPhy=0, advertisingSid=0xff, txPower=127, rssi=-49, periodicAdvInt=0x0
05-17 12:15:00.098  1928  2050 D BtGatt.GattService: onScanResult to scannerId: 2- eventType=0x10, addressType=0, address=BC455B_A, primaryPhy=1, secondaryPhy=0, advertisingSid=0xff, txPower=127, rssi=-76, periodicAdvInt=0x0
05-17 12:15:00.106  1928  2050 D BtGatt.GattService: onScanResult to scannerId: 2- eventType=0x1b, addressType=0, address=94944A_D, primaryPhy=1, secondaryPhy=0, advertisingSid=0xff, txPower=127, rssi=-95, periodicAdvInt=0x0
05-17 12:15:00.119  1928  2050 D BtGatt.GattService: onScanResult to scannerId: 2- eventType=0x1b, addressType=1, address=54186A_7, primaryPhy=1, secondaryPhy=0, advertisingSid=0xff, txPower=127, rssi=-48, periodicAdvInt=0x0
05-17 12:15:00.140  1928  2050 D BtGatt.GattService: onScanResult to scannerId: 2- eventType=0x1a, addressType=1, address=67B96D_9, primaryPhy=1, secondaryPhy=0, advertisingSid=0xff, txPower=127, rssi=-45, periodicAdvInt=0x0
05-17 12:15:00.150  1928  2050 D BtGatt.GattService: onScanResult to scannerId: 2- eventType=0x1b, addressType=1, address=54186A_7, primaryPhy=1, secondaryPhy=0, advertisingSid=0xff, txPower=127, rssi=-48, periodicAdvInt=0x0
05-17 12:15:00.170  1928  2050 D BtGatt.GattService: onScanResult to scannerId: 2- eventType=0x1b, addressType=1, address=5498D4_8, primaryPhy=1, secondaryPhy=0, advertisingSid=0xff, txPower=127, rssi=-57, periodicAdvInt=0x0
05-17 12:15:00.190  1928  2050 D BtGatt.GattService: onScanResult to scannerId: 2- eventType=0x10, addressType=0, address=BC7E8B_B, primaryPhy=1, secondaryPhy=0, advertisingSid=0xff, txPower=127, rssi=-89, periodicAdvInt=0x0
05-17 12:15:00.216  1928  2050 D BtGatt.GattService: onScanResult to scannerId: 2- eventType=0x10, addressType=1, address=7D4F46_E, primaryPhy=1, secondaryPhy=0, advertisingSid=0xff, txPower=127, rssi=-36, periodicAdvInt=0x0
05-17 12:15:00.220  1928  2050 D BtGatt.GattService: onScanResult to scannerId: 2- eventType=0x1b, addressType=1, address=54186A_7, primaryPhy=1, secondaryPhy=0, advertisingSid=0xff, txPower=127, rssi=-48, periodicAdvInt=0x0
05-17 12:15:00.240  1928  2050 D BtGatt.GattService: onScanResult to scannerId: 2- eventType=0x10, addressType=1, address=44BDF8_6, primaryPhy=1, secondaryPhy=0, advertisingSid=0xff, txPower=127, rssi=-86, periodicAdvInt=0x0
05-17 12:15:00.241  1928  2050 D BtGatt.GattService: onScanResult to scannerId: 2- eventType=0x10, addressType=1, address=79C727_6, primaryPhy=1, secondaryPhy=0, advertisingSid=0xff, txPower=127, rssi=-88, periodicAdvInt=0x0
05-17 12:15:00.244  1928  2050 D BtGatt.GattService: onScanResult to scannerId: 2- eventType=0x1b, addressType=1, address=6F63D2_0, primaryPhy=1, secondaryPhy=0, advertisingSid=0xff, txPower=127, rssi=-79, periodicAdvInt=0x0
05-17 12:15:00.252  1928  2050 D BtGatt.GattService: onScanResult to scannerId: 2- eventType=0x10, addressType=0, address=BC455B_A, primaryPhy=1, secondaryPhy=0, advertisingSid=0xff, txPower=127, rssi=-76, periodicAdvInt=0x0
05-17 12:15:00.252  1928  2050 D BtGatt.GattService: onScanResult to scannerId: 2- eventType=0x10, addressType=1, address=3A71EF_F, primaryPhy=1, secondaryPhy=0, advertisingSid=0xff, txPower=127, rssi=-88, periodicAdvInt=0x0
05-17 12:15:00.256  1928  2050 D BtGatt.GattService: onScanResult to scannerId: 2- eventType=0x1b, addressType=1, address=54186A_7, primaryPhy=1, secondaryPhy=0, advertisingSid=0xff, txPower=127, rssi=-49, periodicAdvInt=0x0
05-17 12:15:00.277  1928  2050 D BtGatt.GattService: onScanResult to scannerId: 2- eventType=0x1a, addressType=1, address=67B96D_9, primaryPhy=1, secondaryPhy=0, advertisingSid=0xff, txPower=127, rssi=-45, periodicAdvInt=0x0
05-17 12:15:00.564  1200  1210 I system_server: Background concurrent copying GC freed 21MB AllocSpace bytes, 171(3420KB) LOS objects, 26% free, 66MB/90MB, paused 757us,157us total 268.823ms
05-17 12:15:00.576  1200  1212 W System  : A resource failed to call close. 
05-17 12:15:00.577  1200  1212 W System  : A resource failed to call close. 
05-17 12:15:00.578  1200  1212 W System  : A resource failed to call close. 
05-17 12:15:00.578  1200  1212 W System  : A resource failed to call close. 
05-17 12:15:00.578  1200  1212 W System  : A resource failed to call close. 
05-17 12:15:00.579  1200  1212 W System  : A resource failed to call close. 
05-17 12:15:00.579  1200  1212 W System  : A resource failed to call release. 
05-17 12:15:01.191  9171  9171 I BluetoothAdapter: STATE_ON
05-17 12:15:01.191  9171  9171 I BluetoothAdapter: STATE_ON
05-17 12:15:01.192  9171  9171 I BluetoothAdapter: STATE_ON
05-17 12:15:01.193  9171  9171 D BluetoothLeAdvertiser: Stop AdvertingSet
05-17 12:15:01.196  1928  1940 I bt_stack: [INFO:le_advertising_manager.cc(70)] Unregister in shim layer
05-17 12:15:01.197  1928  2282 W bt_stack: le_advertising_manager :: remove_advertiser - id : 3
05-17 12:15:01.197  1928  2260 E BtGatt.GattService: [GSIM LOG]: gsimLogHandler, msg: MESSAGE_ADV_SET_STOP, appName: dev.meshx.mob, id: 3, isLegacy: true
05-17 12:15:01.206  1200  3617 D SemWifiUsabilityStatsMonitor: onWifiUsabilityStats - seqNum 7135, isSameBssidAndFreq true
05-17 12:15:01.209  1200  1507 I SemWifiLinkQualityMonitor: Link Qos Query: 0.082 ms / 97.866 Mbps (408 / 0.062 / 1.000)
05-17 12:15:01.210  1707  1707 I wpa_supplicant: Heartbeat 20834
05-17 12:15:01.235  9171  9171 D BluetoothLeAdvertiser: onAdvertisingSetStopped(3)
05-17 12:15:01.470  2905  2905 I SDHMS:LOAD: type: LoadsFreqs, value: 0:0:3:692900:2314000:650000:692900:2314000:650000:5:260:0
05-17 12:15:01.566 26869 26939 I ContactsProvider_EventLog: cp_s: [CONTACT con(408) dat(2678) acc({google(2)=408, com.google.android.apps.tachyon(6)=41}) calls([]) Iso(US) uId(0) ]
05-17 12:15:01.566 26869 26939 I ContactsProvider_EventLog: cp_s: [ agr({[2 ,6]=41, [2]=367}) ]
05-17 12:15:01.566 26869 26939 I ContactsProvider_EventLog: cp_s: [ cnt({acore(26869)=1}) ]
05-17 12:15:01.566 26869 26939 I ContactsProvider_EventLog: cp_s: [PROFILE ] [SAPROFILE ]
05-17 12:15:01.566 26869 26939 I ContactsProvider_EventLog: cp_s: [STATE R(F) ]
05-17 12:15:01.698  1200  2027 I ActivityManager: Killing 7717:com.samsung.android.lool/1000 (adj 999): empty #25
05-17 12:15:01.766   837   837 I Zygote  : Process 7717 exited due to signal 9 (Killed)
05-17 12:15:01.776  1200  1250 I libprocessgroup: Successfully killed process cgroup uid 1000 pid 7717 in 75ms
05-17 12:15:01.886  1928  2050 D BtGatt.GattService: onScanResult to scannerId: 2- eventType=0x1b, addressType=1, address=6F63D2_0, primaryPhy=1, secondaryPhy=0, advertisingSid=0xff, txPower=127, rssi=-78, periodicAdvInt=0x0
05-17 12:15:01.890  1928  2050 D BtGatt.GattService: onScanResult to scannerId: 2- eventType=0x1b, addressType=1, address=54186A_7, primaryPhy=1, secondaryPhy=0, advertisingSid=0xff, txPower=127, rssi=-63, periodicAdvInt=0x0
05-17 12:15:01.906  1928  2050 D BtGatt.GattService: onScanResult to scannerId: 2- eventType=0x1b, addressType=1, address=68983E_2, primaryPhy=1, secondaryPhy=0, advertisingSid=0xff, txPower=127, rssi=-35, periodicAdvInt=0x0
05-17 12:15:01.912  1928  2050 D BtGatt.GattService: onScanResult to scannerId: 2- eventType=0x1b, addressType=1, address=7A6A97_6, primaryPhy=1, secondaryPhy=0, advertisingSid=0xff, txPower=127, rssi=-35, periodicAdvInt=0x0
05-17 12:15:01.947  1928  2050 D BtGatt.GattService: onScanResult to scannerId: 2- eventType=0x1b, addressType=1, address=F812C9_E, primaryPhy=1, secondaryPhy=0, advertisingSid=0xff, txPower=127, rssi=-91, periodicAdvInt=0x0
05-17 12:15:01.961  1928  2050 D BtGatt.GattService: onScanResult to scannerId: 2- eventType=0x1b, addressType=1, address=54186A_7, primaryPhy=1, secondaryPhy=0, advertisingSid=0xff, txPower=127, rssi=-63, periodicAdvInt=0x0
05-17 12:15:01.962  9171  9171 I MeshxBleScanRaw: device_id=F8:12:C9:8E:DD:CE rssi=-91 advertisement_b64=AgEGAgoAEQaeytwkDuWp4JPzo7UBAEBuEglBZGFmcnVpdCBCbHVlZnJ1aQAAAAAAAAAAAAAAAAAAAAAAAAA= manufacturer_ids=[] service_uuids=[6e400001-b5a3-f393-e0a9-e50e24dcca9e]
05-17 12:15:01.993  1928  2050 D BtGatt.GattService: onScanResult to scannerId: 2- eventType=0x1b, addressType=1, address=54186A_7, primaryPhy=1, secondaryPhy=0, advertisingSid=0xff, txPower=127, rssi=-63, periodicAdvInt=0x0
05-17 12:15:02.025  1928  2050 D BtGatt.GattService: onScanResult to scannerId: 2- eventType=0x1b, addressType=1, address=54186A_7, primaryPhy=1, secondaryPhy=0, advertisingSid=0xff, txPower=127, rssi=-63, periodicAdvInt=0x0
05-17 12:15:02.054  1928  2050 D BtGatt.GattService: onScanResult to scannerId: 2- eventType=0x1a, addressType=1, address=67B96D_9, primaryPhy=1, secondaryPhy=0, advertisingSid=0xff, txPower=127, rssi=-44, periodicAdvInt=0x0
05-17 12:15:02.062  1928  2050 D BtGatt.GattService: onScanResult to scannerId: 2- eventType=0x1b, addressType=1, address=54186A_7, primaryPhy=1, secondaryPhy=0, advertisingSid=0xff, txPower=127, rssi=-64, periodicAdvInt=0x0
05-17 12:15:02.066  1928  2050 D BtGatt.GattService: onScanResult to scannerId: 2- eventType=0x10, addressType=0, address=BC7E8B_B, primaryPhy=1, secondaryPhy=0, advertisingSid=0xff, txPower=127, rssi=-85, periodicAdvInt=0x0
05-17 12:15:02.088  1928  2050 D BtGatt.GattService: onScanResult to scannerId: 2- eventType=0x10, addressType=0, address=BC455B_A, primaryPhy=1, secondaryPhy=0, advertisingSid=0xff, txPower=127, rssi=-73, periodicAdvInt=0x0
05-17 12:15:02.096  1928  2050 D BtGatt.GattService: onScanResult to scannerId: 2- eventType=0x1b, addressType=1, address=5498D4_8, primaryPhy=1, secondaryPhy=0, advertisingSid=0xff, txPower=127, rssi=-67, periodicAdvInt=0x0
05-17 12:15:02.100  1928  2050 D BtGatt.GattService: onScanResult to scannerId: 2- eventType=0x10, addressType=1, address=0A1C36_9, primaryPhy=1, secondaryPhy=0, advertisingSid=0xff, txPower=127, rssi=-95, periodicAdvInt=0x0
05-17 12:15:02.112  1928  2050 D BtGatt.GattService: onScanResult to scannerId: 2- eventType=0x10, addressType=1, address=7D4F46_E, primaryPhy=1, secondaryPhy=0, advertisingSid=0xff, txPower=127, rssi=-35, periodicAdvInt=0x0
05-17 12:15:02.131   869   869 E sehhealth-service: Could not open /sys/class/power_supply/battery/lrp
05-17 12:15:02.134  1928  2050 D BtGatt.GattService: onScanResult to scannerId: 2- eventType=0x1b, addressType=1, address=54186A_7, primaryPhy=1, secondaryPhy=0, advertisingSid=0xff, txPower=127, rssi=-63, periodicAdvInt=0x0
05-17 12:15:02.136  1928  2050 D BtGatt.GattService: onScanResult to scannerId: 2- eventType=0x10, addressType=1, address=428DBC_C, primaryPhy=1, secondaryPhy=0, advertisingSid=0xff, txPower=127, rssi=-78, periodicAdvInt=0x0
05-17 12:15:02.142  1928  2050 D BtGatt.GattService: onScanResult to scannerId: 2- eventType=0x1b, addressType=0, address=84E0F4_2, primaryPhy=1, secondaryPhy=0, advertisingSid=0xff, txPower=127, rssi=-88, periodicAdvInt=0x0
05-17 12:15:02.156  1928  2050 D BtGatt.GattService: onScanResult to scannerId: 2- eventType=0x1b, addressType=1, address=DD0D30_2, primaryPhy=1, secondaryPhy=0, advertisingSid=0xff, txPower=127, rssi=-66, periodicAdvInt=0x0
05-17 12:15:03.128  9171  9223 I BluetoothAdapter: STATE_ON
05-17 12:15:03.128  9171  9223 I BluetoothAdapter: STATE_ON
05-17 12:15:03.128  9171  9223 I BluetoothAdapter: STATE_ON
05-17 12:15:03.130  9171  9223 D BluetoothLeAdvertiser: Stop AdvertingSet
05-17 12:15:03.133  1928  1940 I bt_stack: [INFO:le_advertising_manager.cc(70)] Unregister in shim layer
05-17 12:15:03.134  1928  2282 W bt_stack: le_advertising_manager :: remove_advertiser - id : 2
05-17 12:15:03.134  1928  2260 E BtGatt.GattService: [GSIM LOG]: gsimLogHandler, msg: MESSAGE_ADV_SET_STOP, appName: dev.meshx.mob, id: 2, isLegacy: true
05-17 12:15:03.136  9171  9223 I MeshxBleFetch: {"v":1,"event":"fetch_advertising_stopped","device_model":"SM-T577U","android_api":33,"adapter_state":"on","adapter_enabled":true}
05-17 12:15:03.137  9171  9223 D BluetoothGattServer: close()
05-17 12:15:03.137  9171  9223 D BluetoothGattServer: unregisterCallback() - mServerIf=6
05-17 12:15:03.139  1928  1940 D BtGatt.GattService: unregisterServer(dev.meshx.mob) - serverIf=6
05-17 12:15:03.142  1928  1940 D BtGatt.ContextMap: remove() - id: 6
05-17 12:15:03.143  1928  2656 E bt_stack: [ERROR:gatt_api.cc(340)] Active Service Found: 8f4f1201-6f3d-4f9c-9e3b-7f4a4f0f2000
05-17 12:15:03.143  1928  2656 I bt_stack: [INFO:gatt_api.cc(408)] GATTS_StopService: service = 0x0086
05-17 12:15:03.143  1928  2656 I bt_stack: [INFO:gatt_sr_hash.cc(127)] gatts_calculate_database_hash: hash=8991C462EBE9D90B9EA0DA3E16D0F513
05-17 12:15:03.143  1928  1940 E BtGatt.ContextMap: remove() - removed: 6
05-17 12:15:03.144  1928  2656 I bt_stack: [INFO:gatt_api.cc(1111)] GATT_Deregister gatt_if=6
05-17 12:15:03.144  1928  2656 W bt_stack: on_app_deregistered :: app_id=6
05-17 12:15:03.144  1928  2656 I bt_stack: [INFO:gatt_api.cc(1164)] Initialize tGATT_REG
05-17 12:15:03.147  9171  9223 D BluetoothGattServer: registerCallback()
05-17 12:15:03.147  9171  9223 D BluetoothGattServer: registerCallback() - UUID=60d3da55-2e23-4811-adc1-5081cbd609fb
05-17 12:15:03.150  1928  1940 D BtGatt.GattService: registerServer(dev.meshx.mob) - UUID=60d3da55-2e23-4811-adc1-5081cbd609fb
05-17 12:15:03.153  1928  1940 D BtGatt.ContextMap: add() - appUid: 10313, appPid: 9171, appName: dev.meshx.mob
05-17 12:15:03.154  1928  2656 I bt_stack: [INFO:bta_gatts_act.cc(198)] register application first_unuse rcb_idx=0
05-17 12:15:03.155  9171  9239 D BluetoothGattServer: onServerRegistered() - status=0 serverIf=6
05-17 12:15:03.156  9171  9223 D BluetoothGattServer: addService() - service: 8f4f1201-6f3d-4f9c-9e3b-7f4a4f0f2000
05-17 12:15:03.160  1928  2656 I bt_stack: [INFO:bta_gatts_api.cc(135)] bta_gatts_add_service_impl: rcb_idx=0
05-17 12:15:03.160  9171  9223 I BluetoothAdapter: STATE_ON
05-17 12:15:03.160  1928  2656 I bt_stack: [INFO:gatt_api.cc(171)] GATTS_AddService
05-17 12:15:03.160  1928  2656 I bt_stack: [INFO:gatt_api.cc(286)] GATTS_AddService: service parsed correctly, now starting
