05-17 12:15:13.192  1928  2282 W bt_stack: le_advertising_manager :: OnResume()
05-17 12:15:13.192  1928  2282 W bt_stack: le_advertising_manager :: OnResume() - Enable LeSetExtendedAdvertising
05-17 12:15:13.192  1928  2282 W bt_stack: le_advertising_manager :: OnResume() - call AckResume
05-17 12:15:13.192  1928  2282 W bt_stack: le_impl :: OnResume()
05-17 12:15:13.192  1928  2282 W bt_stack: le_impl :: check_for_unregister()
05-17 12:15:13.192  1928  2282 W bt_stack: le_address_manager :: ack_resume()
05-17 12:15:13.193  1928  2282 W bt_stack: le_address_manager :: ack_resume()
05-17 12:15:13.193  1928  2282 W bt_stack: le_address_manager :: ack_resume()
05-17 12:15:13.209  1928  2050 D BtGatt.GattService: onScanResult to scannerId: 2- eventType=0x10, addressType=0, address=BC7E8B_B, primaryPhy=1, secondaryPhy=0, advertisingSid=0xff, txPower=127, rssi=-83, periodicAdvInt=0x0
05-17 12:15:13.213  1928  2050 D BtGatt.GattService: onScanResult to scannerId: 2- eventType=0x1b, addressType=0, address=94944A_D, primaryPhy=1, secondaryPhy=0, advertisingSid=0xff, txPower=127, rssi=-86, periodicAdvInt=0x0
05-17 12:15:13.220  1928  2050 D BtGatt.GattService: onScanResult to scannerId: 2- eventType=0x1b, addressType=0, address=84E0F4_2, primaryPhy=1, secondaryPhy=0, advertisingSid=0xff, txPower=127, rssi=-79, periodicAdvInt=0x0
05-17 12:15:13.238  1928  2050 D BtGatt.GattService: onScanResult to scannerId: 2- eventType=0x1b, addressType=1, address=54186A_7, primaryPhy=1, secondaryPhy=0, advertisingSid=0xff, txPower=127, rssi=-52, periodicAdvInt=0x0
05-17 12:15:13.274  1928  2050 D BtGatt.GattService: onScanResult to scannerId: 2- eventType=0x1b, addressType=1, address=54186A_7, primaryPhy=1, secondaryPhy=0, advertisingSid=0xff, txPower=127, rssi=-51, periodicAdvInt=0x0
05-17 12:15:13.292  1928  2050 D BtGatt.GattService: onScanResult to scannerId: 2- eventType=0x1b, addressType=0, address=84E0F4_2, primaryPhy=1, secondaryPhy=0, advertisingSid=0xff, txPower=127, rssi=-78, periodicAdvInt=0x0
05-17 12:15:13.304  1928  2050 D BtGatt.GattService: onScanResult to scannerId: 2- eventType=0x10, addressType=1, address=7D4F46_E, primaryPhy=1, secondaryPhy=0, advertisingSid=0xff, txPower=127, rssi=-36, periodicAdvInt=0x0
05-17 12:15:13.306  1928  2050 D BtGatt.GattService: onScanResult to scannerId: 2- eventType=0x1b, addressType=1, address=68983E_2, primaryPhy=1, secondaryPhy=0, advertisingSid=0xff, txPower=127, rssi=-35, periodicAdvInt=0x0
05-17 12:15:13.314  1928  2050 D BtGatt.GattService: onScanResult to scannerId: 2- eventType=0x1b, addressType=1, address=54186A_7, primaryPhy=1, secondaryPhy=0, advertisingSid=0xff, txPower=127, rssi=-51, periodicAdvInt=0x0
05-17 12:15:13.316  1928  2050 D BtGatt.GattService: onScanResult to scannerId: 2- eventType=0x1a, addressType=1, address=478415_F, primaryPhy=1, secondaryPhy=0, advertisingSid=0xff, txPower=127, rssi=-44, periodicAdvInt=0x0
05-17 12:15:13.343  1928  2050 D BtGatt.GattService: onScanResult to scannerId: 2- eventType=0x10, addressType=1, address=3A71EF_F, primaryPhy=1, secondaryPhy=0, advertisingSid=0xff, txPower=127, rssi=-92, periodicAdvInt=0x0
05-17 12:15:13.374  1928  2050 D BtGatt.GattService: onScanResult to scannerId: 2- eventType=0x1b, addressType=1, address=54186A_7, primaryPhy=1, secondaryPhy=0, advertisingSid=0xff, txPower=127, rssi=-51, periodicAdvInt=0x0
05-17 12:15:13.393  1928  2050 D BtGatt.GattService: onScanResult to scannerId: 2- eventType=0x1b, addressType=1, address=5498D4_8, primaryPhy=1, secondaryPhy=0, advertisingSid=0xff, txPower=127, rssi=-71, periodicAdvInt=0x0
05-17 12:15:13.398  1928  2050 D BtGatt.GattService: onScanResult to scannerId: 2- eventType=0x10, addressType=1, address=79C727_6, primaryPhy=1, secondaryPhy=0, advertisingSid=0xff, txPower=127, rssi=-78, periodicAdvInt=0x0
05-17 12:15:13.413  1928  2050 D BtGatt.GattService: onScanResult to scannerId: 2- eventType=0x1b, addressType=1, address=54186A_7, primaryPhy=1, secondaryPhy=0, advertisingSid=0xff, txPower=127, rssi=-51, periodicAdvInt=0x0
05-17 12:15:13.494  1928  2050 D BtGatt.GattService: onScanResult to scannerId: 2- eventType=0x10, addressType=1, address=7D4F46_E, primaryPhy=1, secondaryPhy=0, advertisingSid=0xff, txPower=127, rssi=-36, periodicAdvInt=0x0
05-17 12:15:13.578  1928  2656 W bt_stack: gatt_le_connect_cback  connected : 1, reason : 0
05-17 12:15:13.581  1928  2656 E bt_stack: [ERROR:bta_gatts_act.cc(599)] bta_gatts_conn_cback  bda=54186a gatt_if= 6, conn_id=0x0006 connected=1
05-17 12:15:13.581  1928  2656 W bt_stack: Le connection completed to device:54186a
05-17 12:15:13.581  1928  2656 W bt_stack: remove_all_clients_with_pending_connections :: address=54186a
05-17 12:15:13.581  1928  2656 W btm_acl : Unable to find active acl
05-17 12:15:13.581  1928  2656 E bt_btif : remote name callback registration fail.
05-17 12:15:13.582  9171  9184 D BluetoothGattServer: onServerConnectionState() - status=0 serverIf=6 device=54186A_7
05-17 12:15:13.582  1928  2656 E bta_gattc_main: Ignore unknown conn ID: 3
05-17 12:15:13.582  1928  2656 E bta_gattc_main: Ignore unknown conn ID: 4
05-17 12:15:13.582  1928  2656 E bta_gattc_main: Ignore unknown conn ID: 5
05-17 12:15:13.583  1928  2656 I bt_stack: [INFO:bta_gattc_main.cc(314)] bta_gattc_sm_execute: State 0x01, Event 0x1f0c
05-17 12:15:13.583  1928  2656 W bt_bta_gattc: bta_gattc_conn
05-17 12:15:13.583  1928  2656 E bt_stack: [ERROR:bta_gattc_db_storage.cc(79)] bta_gattc_load_db: can't open GATT cache file /data/misc/bluetooth/gatt_cache_54186ae8a8d7 for reading, error: No such file or directory
05-17 12:15:13.583  1928  2656 W bt_bta_gattc: bta_gattc_start_discover
05-17 12:15:13.583  1928  2656 W bt_stack: [WARNING:bta_gattc_act.cc(827)] bta_gattc_start_discover
05-17 12:15:13.583  1928  2656 I bt_stack: [INFO:bta_gattc_act.cc(766)] bta_gattc_set_discover_st
05-17 12:15:13.583  1928  2656 W bt_stack: [WARNING:bta_gattc_act.cc(807)] bta_gattc_start_discover_internal
05-17 12:15:13.583  1928  2656 E bt_stack: [ERROR:bta_gattc_cache.cc(148)] bta_gattc_discover_pri_service transport is LE
05-17 12:15:13.583  1928  2656 W bt_stack: [WARNING:gatt_api.cc(718)] GATTC_Discover conn_id=0x0007, disc_type=1, s_handle=0x0001, e_handle=0xffff
05-17 12:15:13.584  1928  2656 W bt_bta_gattc: There is no RM for GATT
05-17 12:15:13.585  1928  2050 W BatteryService: getBatteryService(): service is NULL
05-17 12:15:13.601  1928  2050 D BluetoothUtils: getBtEnabledContainers(): btContainers = []
05-17 12:15:13.601  1613  1862 V BluetoothEventManager: onReceive :: android.bluetooth.device.action.ACL_CONNECTED
05-17 12:15:13.601  1613  1862 W BluetoothEventManager: AclStateChangedHandler: activeDevice is null
05-17 12:15:13.602  1200  1540 I BluetoothDeviceBatteryManager: action: android.bluetooth.device.action.ACL_CONNECTED
05-17 12:15:13.604  1928  2050 E BluetoothRemoteDevices: RemoteException in calling IBluetoothConnectionCallback
05-17 12:15:13.604  1928  2050 E BluetoothRemoteDevices: RemoteException in calling IBluetoothConnectionCallback
05-17 12:15:13.607  1200  1248 W BroadcastQueue: Permission Denial: receiving Intent { act=android.bluetooth.device.action.ACL_CONNECTED flg=0x5000010 (has extras) } to com.samsung.android.oneconnect/.QcReceiver requires android.permission.BLUETOOTH_CONNECT due to sender com.android.bluetooth (uid 1002)
05-17 12:15:13.611  1928  1928 D BluetoothPhonePolicy: handleMessage: 6
05-17 12:15:13.611  1928  1928 D BluetoothDatabase: getProfileConnectionPolicy: device XX:XX:XX:E8:A8:D7 is not in cache
05-17 12:15:13.615  1200  1874 I SLocation: DeviceStatusNotiManager - received action : android.bluetooth.device.action.ACL_CONNECTED
05-17 12:15:13.616  1928  2050 E BluetoothRemoteDevices: RemoteException in calling IBluetoothConnectionCallback
05-17 12:15:13.617  1928  2050 E BluetoothRemoteDevices: RemoteException in calling IBluetoothConnectionCallback
05-17 12:15:13.620  1928  2050 D BtGatt.GattService: onConnected() - clientIf=7, connId=7, status=0, address=54186A_7
05-17 12:15:13.620  1928  2050 D BtGatt.GattService: onConnected() - adding permit for address=54186A_7
05-17 12:15:13.622  9171  9184 D BluetoothGatt: onClientConnectionState() - status=0 clientIf=7 device=54186A_7
05-17 12:15:13.626  1200  1540 I BluetoothDeviceBatteryManager: # Alias(meshx-ipad) / Address(54186A_7)
05-17 12:15:13.632  1200  1540 I BluetoothDeviceBatteryManager: # BatteryLevel : -1
05-17 12:15:13.635  1200  1252 W libprocessgroup: Failed to open /dev/blkio//cgroup.procs: No such file or directory
05-17 12:15:13.637  1200  1252 W libprocessgroup: Failed to open /dev/blkio//cgroup.procs: No such file or directory
05-17 12:15:13.639  9171  9184 I MeshxBleFetch: {"v":1,"event":"fetch_connect_result","request_id":"de8105da-6a95-4e46-9128-497d12e878c5","target_address":"54:18:6A:E8:A8:D7","gatt_status":0,"gatt_reason":"success","state":2,"state_name":"connected","transport_mode":"transport_le","device_model":"SM-T577U","android_api":33,"adapter_state":"on","adapter_enabled":true}
05-17 12:15:13.640  9171  9184 I MeshxBleFetch: {"v":1,"event":"fetch_mtu_request_start","request_id":"de8105da-6a95-4e46-9128-497d12e878c5","target_address":"54:18:6A:E8:A8:D7","mtu":185,"device_model":"SM-T577U","android_api":33,"adapter_state":"on","adapter_enabled":true}
05-17 12:15:13.651  1200  3617 D SemWifiUsabilityStatsMonitor: onWifiUsabilityStats - seqNum 7139, isSameBssidAndFreq true
05-17 12:15:13.652  1200  1507 I SemWifiLinkQualityMonitor: Link Qos Query: 0.082 ms / 97.146 Mbps (408 / 0.063 / 1.000)
05-17 12:15:13.652 25144 25144 I aahm    : onReceive
05-17 12:15:13.652  9171  9184 D BluetoothGatt: configureMTU() - device: 54186A_7 mtu: 185
05-17 12:15:13.654 25144 25160 I abvn    : (REDACTED) bluetoothConnectionStateChanged. Action: %s
05-17 12:15:13.655 25144 25160 I abuo    : Registering Gemini service client
05-17 12:15:13.655 25144 25160 I abut    : Initializing PhoneMediaHandler
05-17 12:15:13.657  1928  1940 D BluetoothAdapterService: getBondedDevices, remove custom devices: 
05-17 12:15:13.658 30311  9267 I Nearby  : (REDACTED) is blocked device type %s, isAuto=%s, isIot=%s, isLatchsky=%s, isChinaWearable=%s, isTv=%s, isWearable=%s (supportWearOs=%s), isChromeOsDevice=%s (supportChromeOs=%s)
05-17 12:15:13.661  1928  3855 D BluetoothAdapterService: getBondedDevices, remove custom devices: 
05-17 12:15:13.662 30311 30311 D WearableService: Creating wearable service asynchronously.
05-17 12:15:13.663  1928  2656 I bt_stack: [INFO:bta_gattc_main.cc(314)] bta_gattc_sm_execute: State 0x03, Event 0x1f07
05-17 12:15:13.664   602   602 D io_stats: !@   8,0 r 1037513 33867596 w 600329 57191752 d 0 0 f 0 0 iot 519496 0 th 0 0 0 pt 0 inp 0 0 208561.237
05-17 12:15:13.664  1928  3855 D BluetoothAdapterService: getBondedDevices, remove custom devices: 
05-17 12:15:13.668 30311 30322 D WearableService: onGetService: waiting for onCreate to be completed.
05-17 12:15:13.672 30311 30311 I NearbyDiscovery: (REDACTED) DiscoveryService onStartCommand action: %s
05-17 12:15:13.672 30311 30311 I NearbyDiscovery: (REDACTED) onAclChange: state=%s, transport=%s, %s
05-17 12:15:13.675 30311 30536 I NearbyDiscovery: (REDACTED) FastPair: lock scan rate if needed, %s, bondState=%s
05-17 12:15:13.685 30311 30339 I Wear_Controller: Wearable module requires a companion app to be installed.
05-17 12:15:13.685 30311 30339 I WearableService: onCreate: Wearable Services not starting. Wear is not available on this device.
05-17 12:15:13.686 30311 30322 W WearableService: onGetService: Wear is not available on this device. Calling package: com.google.android.googlequicksearchbox
05-17 12:15:13.686 25144 25159 W GoogleApiManager: Not showing notification since connectionResult is not user-facing: ConnectionResult{statusCode=API_UNAVAILABLE, resolution=null, message=null, clientMethodKey=null}
05-17 12:15:13.913 30311 30311 D BoundBrokerSvc: onRebind: Intent { act=com.google.android.gms.libs.gmscorelogger.service.START dat=chimera-action:/... cmp=com.google.android.gms/.chimera.PersistentDirectBootAwareApiService }
05-17 12:15:14.062  9171  9223 I Elixir  : BleSelfTest: HEARTBEAT events=335 devices=32 meshx_peers=0 sent=3 distinct_msgs=2 beacon_callbacks=17 envelopes=0
05-17 12:15:14.063  9171  9209 I BEAMout : 12:15:14.061 [info] BleSelfTest: HEARTBEAT events=335 devices=32 meshx_peers=0 sent=3 distinct_msgs=2 beacon_callbacks=17 envelopes=0
05-17 12:15:14.265  1928  2656 I bt_stack: [INFO:gatt_sr.cc(91)] gatt_sr_enqueue_cmd :: trans_id=1, tcb.tcb_idx=0
05-17 12:15:14.267  9171  9184 D BluetoothGattServer: onConnectionUpdated() - Device=54186A_7 interval=6 latency=0 timeout=500 status=0
05-17 12:15:14.268  9171  9239 D BluetoothGatt: onConnectionUpdated() - Device=54186A_7 interval=6 latency=0 timeout=500 status=0
05-17 12:15:14.358  1928  2656 W bt_stack: [WARNING:gatt_api.cc(718)] GATTC_Discover conn_id=0x0007, disc_type=3, s_handle=0x0001, e_handle=0x0005
05-17 12:15:14.373  1928  2656 W bt_stack: [WARNING:gatt_api.cc(718)] GATTC_Discover conn_id=0x0007, disc_type=4, s_handle=0x0001, e_handle=0x0005
05-17 12:15:14.411  1928  2656 W bt_stack: [WARNING:gatt_api.cc(718)] GATTC_Discover conn_id=0x0007, disc_type=3, s_handle=0x0006, e_handle=0x0009
05-17 12:15:14.433  1928  2656 W bt_stack: [WARNING:gatt_api.cc(718)] GATTC_Discover conn_id=0x0007, disc_type=4, s_handle=0x0006, e_handle=0x0009
05-17 12:15:14.470  1928  2656 W bt_stack: [WARNING:gatt_api.cc(718)] GATTC_Discover conn_id=0x0007, disc_type=5, s_handle=0x0009, e_handle=0x0009
05-17 12:15:14.494  1928  2656 W bluetooth: Completed GATT discovery of all handle ranges
05-17 12:15:14.494  1928  2656 W bt_stack: [WARNING:gatt_api.cc(718)] GATTC_Discover conn_id=0x0007, disc_type=3, s_handle=0x000a, e_handle=0x000e
05-17 12:15:14.508  1928  2656 W bt_stack: [WARNING:gatt_api.cc(718)] GATTC_Discover conn_id=0x0007, disc_type=4, s_handle=0x000a, e_handle=0x000e
05-17 12:15:14.538  1928  2656 W bt_stack: [WARNING:gatt_api.cc(718)] GATTC_Discover conn_id=0x0007, disc_type=3, s_handle=0x000f, e_handle=0x0013
05-17 12:15:14.553  1928  2656 W bt_stack: [WARNING:gatt_api.cc(718)] GATTC_Discover conn_id=0x0007, disc_type=4, s_handle=0x000f, e_handle=0x0013
05-17 12:15:14.585  1928  2656 W bt_stack: [WARNING:gatt_api.cc(718)] GATTC_Discover conn_id=0x0007, disc_type=5, s_handle=0x0012, e_handle=0x0013
05-17 12:15:14.606  1928  2656 W bluetooth: Completed GATT discovery of all handle ranges
05-17 12:15:14.606  1928  2656 W bt_stack: [WARNING:gatt_api.cc(718)] GATTC_Discover conn_id=0x0007, disc_type=3, s_handle=0x0014, e_handle=0x0018
05-17 12:15:14.620  1928  2656 W bt_stack: [WARNING:gatt_api.cc(718)] GATTC_Discover conn_id=0x0007, disc_type=4, s_handle=0x0014, e_handle=0x0018
05-17 12:15:14.651  1928  2656 W bt_stack: [WARNING:gatt_api.cc(718)] GATTC_Discover conn_id=0x0007, disc_type=5, s_handle=0x0017, e_handle=0x0018
05-17 12:15:14.665  1928  2656 W bluetooth: Completed GATT discovery of all handle ranges
05-17 12:15:14.665  1928  2656 W bt_stack: [WARNING:gatt_api.cc(718)] GATTC_Discover conn_id=0x0007, disc_type=3, s_handle=0x0019, e_handle=0x001c
05-17 12:15:14.688  1928  2656 W bt_stack: [WARNING:gatt_api.cc(718)] GATTC_Discover conn_id=0x0007, disc_type=4, s_handle=0x0019, e_handle=0x001c
05-17 12:15:14.733  1928  2656 W bt_stack: [WARNING:gatt_api.cc(718)] GATTC_Discover conn_id=0x0007, disc_type=5, s_handle=0x001c, e_handle=0x001c
05-17 12:15:14.748  1928  2656 W bluetooth: Completed GATT discovery of all handle ranges
05-17 12:15:14.748  1928  2656 W bt_stack: [WARNING:gatt_api.cc(718)] GATTC_Discover conn_id=0x0007, disc_type=3, s_handle=0x001d, e_handle=0x0022
05-17 12:15:14.764  1928  2656 W bt_stack: [WARNING:gatt_api.cc(718)] GATTC_Discover conn_id=0x0007, disc_type=4, s_handle=0x001d, e_handle=0x0022
05-17 12:15:14.793  1928  2656 W bt_stack: [WARNING:gatt_api.cc(718)] GATTC_Discover conn_id=0x0007, disc_type=5, s_handle=0x0020, e_handle=0x0020
05-17 12:15:14.809  1928  2656 W bluetooth: Completed GATT discovery of all handle ranges
05-17 12:15:14.809  1928  2656 W bt_stack: [WARNING:gatt_api.cc(718)] GATTC_Discover conn_id=0x0007, disc_type=3, s_handle=0x0023, e_handle=0x002c
05-17 12:15:14.825  1928  2656 W bt_stack: [WARNING:gatt_api.cc(718)] GATTC_Discover conn_id=0x0007, disc_type=4, s_handle=0x0023, e_handle=0x002c
05-17 12:15:14.892  1928  2656 W bt_stack: [WARNING:gatt_api.cc(718)] GATTC_Discover conn_id=0x0007, disc_type=5, s_handle=0x0026, e_handle=0x0026
05-17 12:15:14.905  1928  2656 W bluetooth: Completed GATT discovery of all handle ranges
05-17 12:15:14.906  1928  2656 W bt_stack: [WARNING:gatt_api.cc(718)] GATTC_Discover conn_id=0x0007, disc_type=5, s_handle=0x0029, e_handle=0x0029
05-17 12:15:14.921  1928  2656 W bluetooth: Completed GATT discovery of all handle ranges
05-17 12:15:14.922  1928  2656 W bt_stack: [WARNING:gatt_api.cc(718)] GATTC_Discover conn_id=0x0007, disc_type=5, s_handle=0x002c, e_handle=0x002c
05-17 12:15:14.936  1928  2656 W bluetooth: Completed GATT discovery of all handle ranges
05-17 12:15:14.936  1928  2656 W bt_stack: [WARNING:gatt_api.cc(718)] GATTC_Discover conn_id=0x0007, disc_type=3, s_handle=0x002d, e_handle=0x0038
05-17 12:15:14.948  1928  2050 D BtGatt.GattService: onScanResult to scannerId: 2- eventType=0x10, addressType=1, address=79C727_6, primaryPhy=1, secondaryPhy=0, advertisingSid=0xff, txPower=127, rssi=-86, periodicAdvInt=0x0
05-17 12:15:14.954  1928  2656 W bt_stack: [WARNING:gatt_api.cc(718)] GATTC_Discover conn_id=0x0007, disc_type=4, s_handle=0x002d, e_handle=0x0038
05-17 12:15:14.956  1928  2050 D BtGatt.GattService: onScanResult to scannerId: 2- eventType=0x1a, addressType=1, address=478415_F, primaryPhy=1, secondaryPhy=0, advertisingSid=0xff, txPower=127, rssi=-45, periodicAdvInt=0x0
05-17 12:15:14.987  1928  2050 D BtGatt.GattService: onScanResult to scannerId: 2- eventType=0x1b, addressType=0, address=94944A_9, primaryPhy=1, secondaryPhy=0, advertisingSid=0xff, txPower=127, rssi=-91, periodicAdvInt=0x0
05-17 12:15:14.995  1928  2050 D BtGatt.GattService: onScanResult to scannerId: 2- eventType=0x1b, addressType=1, address=4A9808_A, primaryPhy=1, secondaryPhy=0, advertisingSid=0xff, txPower=127, rssi=-76, periodicAdvInt=0x0
05-17 12:15:15.015  1928  2050 D BtGatt.GattService: onScanResult to scannerId: 2- eventType=0x10, addressType=1, address=3A71EF_F, primaryPhy=1, secondaryPhy=0, advertisingSid=0xff, txPower=127, rssi=-86, periodicAdvInt=0x0
05-17 12:15:15.018  1928  2050 D BtGatt.GattService: onScanResult to scannerId: 2- eventType=0x1b, addressType=1, address=54186A_7, primaryPhy=1, secondaryPhy=0, advertisingSid=0xff, txPower=127, rssi=-49, periodicAdvInt=0x0
05-17 12:15:15.024  1928  2050 D BtGatt.GattService: onScanResult to scannerId: 2- eventType=0x10, addressType=1, address=4A4D1F_B, primaryPhy=1, secondaryPhy=0, advertisingSid=0xff, txPower=127, rssi=-83, periodicAdvInt=0x0
05-17 12:15:15.026  1928  2656 W bt_stack: [WARNING:gatt_api.cc(718)] GATTC_Discover conn_id=0x0007, disc_type=5, s_handle=0x0030, e_handle=0x0031
05-17 12:15:15.032  1928  2050 D BtGatt.GattService: onScanResult to scannerId: 2- eventType=0x10, addressType=1, address=57A1E7_4, primaryPhy=1, secondaryPhy=0, advertisingSid=0xff, txPower=127, rssi=-84, periodicAdvInt=0x0
05-17 12:15:15.035  9171  9171 I MeshxBleScanRaw: device_id=57:A1:E7:B0:5D:84 rssi=-84 advertisement_b64=AgEaDf9MABYIAN+6vLEI+MgAAAAAAAAAAAAAAAAAAAAAAAAAAAAAAAAAAAAAAAAAAAAAAAAAAAAAAAAAAAA= manufacturer_ids=[76] service_uuids=[]
05-17 12:15:15.041  1928  2656 W bluetooth: Completed GATT discovery of all handle ranges
05-17 12:15:15.041  1928  2656 W bt_stack: [WARNING:gatt_api.cc(718)] GATTC_Discover conn_id=0x0007, disc_type=5, s_handle=0x0034, e_handle=0x0035
05-17 12:15:15.046  1928  2050 D BtGatt.GattService: onScanResult to scannerId: 2- eventType=0x1b, addressType=1, address=675E69_4, primaryPhy=1, secondaryPhy=0, advertisingSid=0xff, txPower=127, rssi=-78, periodicAdvInt=0x0
05-17 12:15:15.051  1928  2050 D BtGatt.GattService: onScanResult to scannerId: 2- eventType=0x10, addressType=1, address=79C727_6, primaryPhy=1, secondaryPhy=0, advertisingSid=0xff, txPower=127, rssi=-86, periodicAdvInt=0x0
05-17 12:15:15.063  1928  2656 W bluetooth: Completed GATT discovery of all handle ranges
05-17 12:15:15.063  1928  2656 W bt_stack: [WARNING:gatt_api.cc(718)] GATTC_Discover conn_id=0x0007, disc_type=5, s_handle=0x0038, e_handle=0x0038
05-17 12:15:15.086  1928  2656 W bluetooth: Completed GATT discovery of all handle ranges
05-17 12:15:15.087  1928  2656 W bt_stack: [WARNING:gatt_api.cc(718)] GATTC_Discover conn_id=0x0007, disc_type=3, s_handle=0x0039, e_handle=0x003f
05-17 12:15:15.091  1928  2050 D BtGatt.GattService: onScanResult to scannerId: 2- eventType=0x1a, addressType=1, address=478415_F, primaryPhy=1, secondaryPhy=0, advertisingSid=0xff, txPower=127, rssi=-45, periodicAdvInt=0x0
05-17 12:15:15.100  1928  2656 W bt_stack: [WARNING:gatt_api.cc(718)] GATTC_Discover conn_id=0x0007, disc_type=4, s_handle=0x0039, e_handle=0x003f
05-17 12:15:15.104  1928  2050 D BtGatt.GattService: onScanResult to scannerId: 2- eventType=0x10, addressType=1, address=7D4F46_E, primaryPhy=1, secondaryPhy=0, advertisingSid=0xff, txPower=127, rssi=-36, periodicAdvInt=0x0
05-17 12:15:15.108  1928  2050 D BtGatt.GattService: onScanResult to scannerId: 2- eventType=0x10, addressType=1, address=428DBC_C, primaryPhy=1, secondaryPhy=0, advertisingSid=0xff, txPower=127, rssi=-79, periodicAdvInt=0x0
05-17 12:15:15.115  1928  2050 D BtGatt.GattService: onScanResult to scannerId: 2- eventType=0x1b, addressType=1, address=68983E_2, primaryPhy=1, secondaryPhy=0, advertisingSid=0xff, txPower=127, rssi=-36, periodicAdvInt=0x0
05-17 12:15:15.121  1928  2050 D BtGatt.GattService: onScanResult to scannerId: 2- eventType=0x1b, addressType=1, address=54186A_7, primaryPhy=1, secondaryPhy=0, advertisingSid=0xff, txPower=127, rssi=-49, periodicAdvInt=0x0
05-17 12:15:15.123  1928  2050 D BtGatt.GattService: onScanResult to scannerId: 2- eventType=0x10, addressType=1, address=3A71EF_F, primaryPhy=1, secondaryPhy=0, advertisingSid=0xff, txPower=127, rssi=-86, periodicAdvInt=0x0
05-17 12:15:15.148  1928  2656 W bt_stack: [WARNING:gatt_api.cc(718)] GATTC_Discover conn_id=0x0007, disc_type=5, s_handle=0x003c, e_handle=0x003c
05-17 12:15:15.156  1928  2050 D BtGatt.GattService: onScanResult to scannerId: 2- eventType=0x10, addressType=1, address=FE560A_1, primaryPhy=1, secondaryPhy=0, advertisingSid=0xff, txPower=127, rssi=-37, periodicAdvInt=0x0
05-17 12:15:15.157  1928  2050 D BtGatt.GattService: onScanResult to scannerId: 2- eventType=0x10, addressType=1, address=79C727_6, primaryPhy=1, secondaryPhy=0, advertisingSid=0xff, txPower=127, rssi=-87, periodicAdvInt=0x0
05-17 12:15:15.161  1928  2656 W bluetooth: Completed GATT discovery of all handle ranges
05-17 12:15:15.161  1928  2656 W bt_stack: [WARNING:gatt_api.cc(718)] GATTC_Discover conn_id=0x0007, disc_type=5, s_handle=0x003f, e_handle=0x003f
05-17 12:15:15.171  1928  2050 D BtGatt.GattService: onScanResult to scannerId: 2- eventType=0x10, addressType=0, address=BC455B_A, primaryPhy=1, secondaryPhy=0, advertisingSid=0xff, txPower=127, rssi=-76, periodicAdvInt=0x0
05-17 12:15:15.177  1928  2656 W bluetooth: Completed GATT discovery of all handle ranges
05-17 12:15:15.177  1928  2656 W bt_stack: [WARNING:gatt_api.cc(718)] GATTC_Discover conn_id=0x0007, disc_type=3, s_handle=0x0040, e_handle=0x0045
05-17 12:15:15.186  1928  2050 D BtGatt.GattService: onScanResult to scannerId: 2- eventType=0x1b, addressType=1, address=54186A_7, primaryPhy=1, secondaryPhy=0, advertisingSid=0xff, txPower=127, rssi=-49, periodicAdvInt=0x0
05-17 12:15:15.187  9171  9171 I MeshxBleScanRaw: device_id=FE:56:0A:98:93:91 rssi=-37 advertisement_b64=B/9MABICAAIAAAAAAAAAAAAAAAAAAAAAAAAAAAAAAAAAAAAAAAAAAAAAAAAAAAAAAAAAAAAAAAAAAAAAAAA= manufacturer_ids=[76] service_uuids=[]
05-17 12:15:15.190  1928  2656 W bt_stack: [WARNING:gatt_api.cc(718)] GATTC_Discover conn_id=0x0007, disc_type=4, s_handle=0x0040, e_handle=0x0045
05-17 12:15:15.202  1928  2050 D BtGatt.GattService: onScanResult to scannerId: 2- eventType=0x1b, addressType=1, address=C19840_0, primaryPhy=1, secondaryPhy=0, advertisingSid=0xff, txPower=127, rssi=-84, periodicAdvInt=0x0
05-17 12:15:15.216  1928  2050 D BtGatt.GattService: onScanResult to scannerId: 2- eventType=0x10, addressType=1, address=57A1E7_4, primaryPhy=1, secondaryPhy=0, advertisingSid=0xff, txPower=127, rssi=-84, periodicAdvInt=0x0
05-17 12:15:15.228  1928  2050 D BtGatt.GattService: onScanResult to scannerId: 2- eventType=0x1b, addressType=1, address=54186A_7, primaryPhy=1, secondaryPhy=0, advertisingSid=0xff, txPower=127, rssi=-49, periodicAdvInt=0x0
05-17 12:15:15.235  1928  2050 D BtGatt.GattService: onScanResult to scannerId: 2- eventType=0x1a, addressType=1, address=478415_F, primaryPhy=1, secondaryPhy=0, advertisingSid=0xff, txPower=127, rssi=-45, periodicAdvInt=0x0
05-17 12:15:15.244  1928  2656 W bt_stack: [WARNING:gatt_api.cc(718)] GATTC_Discover conn_id=0x0007, disc_type=5, s_handle=0x0043, e_handle=0x0043
05-17 12:15:15.282  1928  2656 W bluetooth: Completed GATT discovery of all handle ranges
05-17 12:15:15.297  1928  2656 I bt_stack: [INFO:bta_gattc_main.cc(314)] bta_gattc_sm_execute: State 0x03, Event 0x1f0f
05-17 12:15:15.297  1928  2656 I bt_stack: [INFO:bta_gattc_cache.cc(228)] bta_gattc_explore_srvc_finished: service discovery finished
05-17 12:15:15.297  1928  2656 I bt_stack: [INFO:bta_gattc_cache.cc(103)] <=--------------=Start Server Cache =-----------=>
05-17 12:15:15.298  1928  2656 I bt_stack: [INFO:bta_gattc_cache.cc(106)] Service: handle=0x0001, end_handle=0x0005, uuid=00001800-0000-1000-8000-00805f9b34fb
05-17 12:15:15.298  1928  2656 I bt_stack: [INFO:bta_gattc_cache.cc(106)] 	 Characteristic: declaration_handle=0x0002, value_handle=0x0003, uuid=00002a00-0000-1000-8000-00805f9b34fb, prop=0x02
05-17 12:15:15.298  1928  2656 I bt_stack: [INFO:bta_gattc_cache.cc(106)] 	 Characteristic: declaration_handle=0x0004, value_handle=0x0005, uuid=00002a01-0000-1000-8000-00805f9b34fb, prop=0x02
05-17 12:15:15.298  1928  2656 I bt_stack: [INFO:bta_gattc_cache.cc(106)] Service: handle=0x0006, end_handle=0x0009, uuid=00001801-0000-1000-8000-00805f9b34fb
05-17 12:15:15.298  1928  2656 I bt_stack: [INFO:bta_gattc_cache.cc(106)] 	 Characteristic: declaration_handle=0x0007, value_handle=0x0008, uuid=00002a05-0000-1000-8000-00805f9b34fb, prop=0x20
05-17 12:15:15.298  1928  2656 I bt_stack: [INFO:bta_gattc_cache.cc(106)] 		 Descriptor: handle=0x0009, uuid=00002902-0000-1000-8000-00805f9b34fb
05-17 12:15:15.298  1928  2656 I bt_stack: [INFO:bta_gattc_cache.cc(106)] Service: handle=0x000a, end_handle=0x000e, uuid=0000180a-0000-1000-8000-00805f9b34fb
05-17 12:15:15.298  1928  2656 I bt_stack: [INFO:bta_gattc_cache.cc(106)] 	 Characteristic: declaration_handle=0x000b, value_handle=0x000c, uuid=00002a29-0000-1000-8000-00805f9b34fb, prop=0x02
05-17 12:15:15.298  1928  2656 I bt_stack: [INFO:bta_gattc_cache.cc(106)] 	 Characteristic: declaration_handle=0x000d, value_handle=0x000e, uuid=00002a24-0000-1000-8000-00805f9b34fb, prop=0x02
05-17 12:15:15.298  1928  2656 I bt_stack: [INFO:bta_gattc_cache.cc(106)] Service: handle=0x000f, end_handle=0x0013, uuid=d0611e78-bbb4-4591-a5f8-487910ae4366
05-17 12:15:15.298  1928  2656 I bt_stack: [INFO:bta_gattc_cache.cc(106)] 	 Characteristic: declaration_handle=0x0010, value_handle=0x0011, uuid=8667556c-9a37-4c91-84ed-54ee27d90049, prop=0x98
05-17 12:15:15.298  1928  2656 I bt_stack: [INFO:bta_gattc_cache.cc(106)] 		 Descriptor: handle=0x0012, uuid=00002900-0000-1000-8000-00805f9b34fb
05-17 12:15:15.298  1928  2656 I bt_stack: [INFO:bta_gattc_cache.cc(106)] 		 Descriptor: handle=0x0013, uuid=00002902-0000-1000-8000-00805f9b34fb
05-17 12:15:15.298  1928  2656 I bt_stack: [INFO:bta_gattc_cache.cc(106)] Service: handle=0x0014, end_handle=0x0018, uuid=9fa480e0-4967-4542-9390-d343dc5d04ae
05-17 12:15:15.298  1928  2656 I bt_stack: [INFO:bta_gattc_cache.cc(106)] 	 Characteristic: declaration_handle=0x0015, value_handle=0x0016, uuid=af0badb1-5b99-43cd-917a-a77bc549e3cc, prop=0x98
05-17 12:15:15.298  1928  2656 I bt_stack: [INFO:bta_gattc_cache.cc(106)] 		 Descriptor: handle=0x0017, uuid=00002900-0000-1000-8000-00805f9b34fb
05-17 12:15:15.298  1928  2656 I bt_stack: [INFO:bta_gattc_cache.cc(106)] 		 Descriptor: handle=0x0018, uuid=00002902-0000-1000-8000-00805f9b34fb
05-17 12:15:15.298  1928  2656 I bt_stack: [INFO:bta_gattc_cache.cc(106)] Service: handle=0x0019, end_handle=0x001c, uuid=0000180f-0000-1000-8000-00805f9b34fb
05-17 12:15:15.298  1928  2656 I bt_stack: [INFO:bta_gattc_cache.cc(106)] 	 Characteristic: declaration_handle=0x001a, value_handle=0x001b, uuid=00002a19-0000-1000-8000-00805f9b34fb, prop=0x12
05-17 12:15:15.299  1928  2656 I bt_stack: [INFO:bta_gattc_cache.cc(106)] 		 Descriptor: handle=0x001c, uuid=00002902-0000-1000-8000-00805f9b34fb
05-17 12:15:15.299  1928  2656 I bt_stack: [INFO:bta_gattc_cache.cc(106)] Service: handle=0x001d, end_handle=0x0022, uuid=00001805-0000-1000-8000-00805f9b34fb
05-17 12:15:15.299  1928  2656 I bt_stack: [INFO:bta_gattc_cache.cc(106)] 	 Characteristic: declaration_handle=0x001e, value_handle=0x001f, uuid=00002a2b-0000-1000-8000-00805f9b34fb, prop=0x12
05-17 12:15:15.299  1928  2656 I bt_stack: [INFO:bta_gattc_cache.cc(106)] 		 Descriptor: handle=0x0020, uuid=00002902-0000-1000-8000-00805f9b34fb
05-17 12:15:15.299  1928  2656 I bt_stack: [INFO:bta_gattc_cache.cc(106)] 	 Characteristic: declaration_handle=0x0021, value_handle=0x0022, uuid=00002a0f-0000-1000-8000-00805f9b34fb, prop=0x02
05-17 12:15:15.299  1928  2656 I bt_stack: [INFO:bta_gattc_cache.cc(106)] Service: handle=0x0023, end_handle=0x002c, uuid=7905f431-b5ce-4e99-a40f-4b1e122d00d0
05-17 12:15:15.299  1928  2656 I bt_stack: [INFO:bta_gattc_cache.cc(106)] 	 Characteristic: declaration_handle=0x0024, value_handle=0x0025, uuid=69d1d8f3-45e1-49a8-9821-9bbdfdaad9d9, prop=0x88
05-17 12:15:15.299  1928  2656 I bt_stack: [INFO:bta_gattc_cache.cc(106)] 		 Descriptor: handle=0x0026, uuid=00002900-0000-1000-8000-00805f9b34fb
05-17 12:15:15.299  1928  2656 I bt_stack: [INFO:bta_gattc_cache.cc(106)] 	 Characteristic: declaration_handle=0x0027, value_handle=0x0028, uuid=9fbf120d-6301-42d9-8c58-25e699a21dbd, prop=0x10
05-17 12:15:15.299  1928  2656 I bt_stack: [INFO:bta_gattc_cache.cc(106)] 		 Descriptor: handle=0x0029, uuid=00002902-0000-1000-8000-00805f9b34fb
05-17 12:15:15.299  1928  2656 I bt_stack: [INFO:bta_gattc_cache.cc(106)] 	 Characteristic: declaration_handle=0x002a, value_handle=0x002b, uuid=22eac6e9-24d6-4bb5-be44-b36ace7c7bfb, prop=0x10
05-17 12:15:15.299  1928  2656 I bt_stack: [INFO:bta_gattc_cache.cc(106)] 		 Descriptor: handle=0x002c, uuid=00002902-0000-1000-8000-00805f9b34fb
05-17 12:15:15.299  1928  2656 I bt_stack: [INFO:bta_gattc_cache.cc(106)] Service: handle=0x002d, end_handle=0x0038, uuid=89d3502b-0f36-433a-8ef4-c502ad55f8dc
05-17 12:15:15.299  1928  2656 I bt_stack: [INFO:bta_gattc_cache.cc(106)] 	 Characteristic: declaration_handle=0x002e, value_handle=0x002f, uuid=9b3c81d8-57b1-4a8a-b8df-0e56f7ca51c2, prop=0x98
05-17 12:15:15.299  1928  2656 I bt_stack: [INFO:bta_gattc_cache.cc(106)] 		 Descriptor: handle=0x0030, uuid=00002900-0000-1000-8000-00805f9b34fb
05-17 12:15:15.299  1928  2656 I bt_stack: [INFO:bta_gattc_cache.cc(106)] 		 Descriptor: handle=0x0031, uuid=00002902-0000-1000-8000-00805f9b34fb
05-17 12:15:15.299  1928  2656 I bt_stack: [INFO:bta_gattc_cache.cc(106)] 	 Characteristic: declaration_handle=0x0032, value_handle=0x0033, uuid=2f7cabce-808d-411f-9a0c-bb92ba96c102, prop=0x98
05-17 12:15:15.299  1928  2656 I bt_stack: [INFO:bta_gattc_cache.cc(106)] 		 Descriptor: handle=0x0034, uuid=00002900-0000-1000-8000-00805f9b34fb
05-17 12:15:15.299  1928  2656 I bt_stack: [INFO:bta_gattc_cache.cc(106)] 		 Descriptor: handle=0x0035, uuid=00002902-0000-1000-8000-00805f9b34fb
05-17 12:15:15.299  1928  2656 I bt_stack: [INFO:bta_gattc_cache.cc(106)] 	 Characteristic: declaration_handle=0x0036, value_handle=0x0037, uuid=c6b2f38c-23ab-46d8-a6ab-a3a870bbd5d7, prop=0x8a
05-17 12:15:15.299  1928  2656 I bt_stack: [INFO:bta_gattc_cache.cc(106)] 		 Descriptor: handle=0x0038, uuid=00002900-0000-1000-8000-00805f9b34fb
05-17 12:15:15.299  1928  2656 I bt_stack: [INFO:bta_gattc_cache.cc(106)] Service: handle=0x0039, end_handle=0x003f, uuid=8f4f1201-6f3d-4f9c-9e3b-7f4a4f0f1000
05-17 12:15:15.299  1928  2656 I bt_stack: [INFO:bta_gattc_cache.cc(106)] 	 Characteristic: declaration_handle=0x003a, value_handle=0x003b, uuid=8f4f1202-6f3d-4f9c-9e3b-7f4a4f0f1000, prop=0x8c
05-17 12:15:15.299  1928  2656 I bt_stack: [INFO:bta_gattc_cache.cc(106)] 		 Descriptor: handle=0x003c, uuid=00002900-0000-1000-8000-00805f9b34fb
05-17 12:15:15.299  1928  2656 I bt_stack: [INFO:bta_gattc_cache.cc(106)] 	 Characteristic: declaration_handle=0x003d, value_handle=0x003e, uuid=8f4f1203-6f3d-4f9c-9e3b-7f4a4f0f1000, prop=0x10
05-17 12:15:15.300  1928  2656 I bt_stack: [INFO:bta_gattc_cache.cc(106)] 		 Descriptor: handle=0x003f, uuid=00002902-0000-1000-8000-00805f9b34fb
05-17 12:15:15.300  1928  2656 I bt_stack: [INFO:bta_gattc_cache.cc(106)] Service: handle=0x0040, end_handle=0x0045, uuid=8f4f1201-6f3d-4f9c-9e3b-7f4a4f0f2000
05-17 12:15:15.300  1928  2656 I bt_stack: [INFO:bta_gattc_cache.cc(106)] 	 Characteristic: declaration_handle=0x0041, value_handle=0x0042, uuid=8f4f1201-6f3d-4f9c-9e3b-7f4a4f0f2001, prop=0x8c
05-17 12:15:15.300  1928  2656 I bt_stack: [INFO:bta_gattc_cache.cc(106)] 		 Descriptor: handle=0x0043, uuid=00002900-0000-1000-8000-00805f9b34fb
05-17 12:15:15.300  1928  2656 I bt_stack: [INFO:bta_gattc_cache.cc(106)] 	 Characteristic: declaration_handle=0x0044, value_handle=0x0045, uuid=8f4f1201-6f3d-4f9c-9e3b-7f4a4f0f2002, prop=0x02
05-17 12:15:15.300  1928  2656 I bt_stack: [INFO:bta_gattc_cache.cc(108)] <=--------------=End Server Cache =-----------=>
05-17 12:15:15.300  1928  2656 I bt_stack: [INFO:bta_gattc_act.cc(733)] bta_gattc_reset_discover_st
05-17 12:15:15.301  1928  2656 I bt_stack: [INFO:bta_gattc_main.cc(314)] bta_gattc_sm_execute: State 0x03, Event 0x1f0e
05-17 12:15:15.301  1928  2656 W bt_stack: [WARNING:bta_gattc_act.cc(893)] bta_gattc_disc_cmpl
05-17 12:15:15.301  1928  2656 I bt_stack: [INFO:bta_gattc_main.cc(314)] bta_gattc_sm_execute: State 0x02, Event 0x1f07
05-17 12:15:15.312  9171  9171 I BluetoothAdapter: STATE_ON
05-17 12:15:15.312  9171  9171 I BluetoothAdapter: STATE_ON
05-17 12:15:15.312  9171  9171 I BluetoothAdapter: STATE_ON
05-17 12:15:15.313  9171  9171 D BluetoothLeAdvertiser: Stop AdvertingSet
05-17 12:15:15.316  1928  3855 I bt_stack: [INFO:le_advertising_manager.cc(70)] Unregister in shim layer
05-17 12:15:15.316  1928  2282 W bt_stack: le_advertising_manager :: remove_advertiser - id : 3
05-17 12:15:15.317  1928  2260 E BtGatt.GattService: [GSIM LOG]: gsimLogHandler, msg: MESSAGE_ADV_SET_STOP, appName: dev.meshx.mob, id: 3, isLegacy: true
05-17 12:15:15.319  1928  2656 I bt_stack: [INFO:gatt_utils.cc(1541)] MTU = 185
05-17 12:15:15.319  1928  2656 I bt_stack: [INFO:bta_gattc_main.cc(314)] bta_gattc_sm_execute: State 0x02, Event 0x1f0f
05-17 12:15:15.320  9171  9239 D BluetoothGatt: onConfigureMTU() - Device=54186A_7 mtu=185 status=0
05-17 12:15:15.321  9171  9239 I MeshxBleFetch: {"v":1,"event":"fetch_mtu_request_result","request_id":"de8105da-6a95-4e46-9128-497d12e878c5","target_address":"54:18:6A:E8:A8:D7","mtu":185,"gatt_status":0,"gatt_reason":"success","device_model":"SM-T577U","android_api":33,"adapter_state":"on","adapter_enabled":true}
05-17 12:15:15.322  9171  9239 I MeshxBleFetch: {"v":1,"event":"fetch_service_discovery_start","request_id":"de8105da-6a95-4e46-9128-497d12e878c5","target_address":"54:18:6A:E8:A8:D7","service_uuid":"8f4f1201-6f3d-4f9c-9e3b-7f4a4f0f2000","device_model":"SM-T577U","android_api":33,"adapter_state":"on","adapter_enabled":true}
05-17 12:15:15.322  9171  9239 D BluetoothGatt: discoverServices() - device: 54186A_7
05-17 12:15:15.326  1928  2656 I bt_stack: [INFO:bta_gattc_main.cc(314)] bta_gattc_sm_execute: State 0x02, Event 0x1f09
05-17 12:15:15.326  1928  2656 I bt_stack: [INFO:bta_gattc_act.cc(1238)] bta_gattc_search: conn_id=0x0007
05-17 12:15:15.331  9171  9239 D BluetoothGatt: onSearchComplete() = Device=54186A_7 Status=0
05-17 12:15:15.332  9171  9239 I MeshxBleFetch: {"v":1,"event":"fetch_service_discovery_result","request_id":"de8105da-6a95-4e46-9128-497d12e878c5","target_address":"54:18:6A:E8:A8:D7","gatt_status":0,"gatt_reason":"success","service_found":true,"device_model":"SM-T577U","android_api":33,"adapter_state":"on","adapter_enabled":true}
05-17 12:15:15.333  9171  9239 I MeshxBleFetch: {"v":1,"event":"fetch_characteristic_write_start","request_id":"de8105da-6a95-4e46-9128-497d12e878c5","target_address":"54:18:6A:E8:A8:D7","characteristic_uuid":"8f4f1201-6f3d-4f9c-9e3b-7f4a4f0f2001","payload_size":59,"device_model":"SM-T577U","android_api":33,"adapter_state":"on","adapter_enabled":true}
05-17 12:15:15.336  1928  3855 D BtGatt.GattService: writeCharacteristic() - trying to acquire permit.
05-17 12:15:15.337  1928  2656 I bt_stack: [INFO:bta_gattc_main.cc(314)] bta_gattc_sm_execute: State 0x02, Event 0x1f05
05-17 12:15:15.338  1928  2656 I bt_stack: [INFO:bta_gattc_main.cc(314)] bta_gattc_sm_execute: State 0x02, Event 0x1f0f
05-17 12:15:15.338  1928  2050 D BtGatt.GattService: onWriteCharacteristic() - increasing permit for address=54186A_7
05-17 12:15:15.338  1928  2050 D BtGatt.GattService: onWriteCharacteristic() - address=54186A_7, status=0
05-17 12:15:15.340  9171  9239 I MeshxBleFetch: {"v":1,"event":"fetch_characteristic_write_result","request_id":"de8105da-6a95-4e46-9128-497d12e878c5","target_address":"54:18:6A:E8:A8:D7","characteristic_uuid":"8f4f1201-6f3d-4f9c-9e3b-7f4a4f0f2001","gatt_status":0,"gatt_reason":"success","device_model":"SM-T577U","android_api":33,"adapter_state":"on","adapter_enabled":true}
05-17 12:15:15.341  9171  9239 I MeshxBleFetch: {"v":1,"event":"fetch_characteristic_read_start","request_id":"de8105da-6a95-4e46-9128-497d12e878c5","target_address":"54:18:6A:E8:A8:D7","characteristic_uuid":"8f4f1201-6f3d-4f9c-9e3b-7f4a4f0f2002","device_model":"SM-T577U","android_api":33,"adapter_state":"on","adapter_enabled":true}
05-17 12:15:15.344  1928  2656 I bt_stack: [INFO:bta_gattc_main.cc(314)] bta_gattc_sm_execute: State 0x02, Event 0x1f04
05-17 12:15:15.351  9171  9171 D BluetoothLeAdvertiser: onAdvertisingSetStopped(3)
05-17 12:15:15.372  1928  2656 I bt_stack: [INFO:bta_gattc_main.cc(314)] bta_gattc_sm_execute: State 0x02, Event 0x1f0f
05-17 12:15:15.374  9171  9239 I MeshxBleFetch: {"v":1,"event":"fetch_characteristic_read_result","request_id":"de8105da-6a95-4e46-9128-497d12e878c5","target_address":"54:18:6A:E8:A8:D7","characteristic_uuid":"8f4f1201-6f3d-4f9c-9e3b-7f4a4f0f2002","gatt_status":0,"gatt_reason":"success","payload_size":61,"device_model":"SM-T577U","android_api":33,"adapter_state":"on","adapter_enabled":true}
05-17 12:15:15.375  9171  9239 I MeshxBleFetch: {"v":1,"event":"fetch_response_received","request_id":"de8105da-6a95-4e46-9128-497d12e878c5","target_address":"54:18:6A:E8:A8:D7","message_id_hash":"H4APu\/R\/XIw=","status":"not_found","envelope":null,"envelope_parse":null,"reason":"not_found","device_model":"SM-T577U","android_api":33,"adapter_state":"on","adapter_enabled":true}
05-17 12:15:15.375  9171  9239 I MeshxBeaconFetch: fetch_failed device_id=54:18:6A:E8:A8:D7 request_id=de8105da-6a95-4e46-9128-497d12e878c5 reason=not_found detail=not_found
05-17 12:15:15.376  9171  9239 I MeshxBleFetch: {"v":1,"event":"fetch_client_disconnect","request_id":"de8105da-6a95-4e46-9128-497d12e878c5","target_address":"54:18:6A:E8:A8:D7","phase":"characteristic_read","terminal_event":"complete","reason":"complete","device_model":"SM-T577U","android_api":33,"adapter_state":"on","adapter_enabled":true}
05-17 12:15:15.376  9171  9239 D BluetoothGatt: cancelOpen() - device: 54186A_7
05-17 12:15:15.379  1928  3855 D BtGatt.GattService: clientDisconnect(dev.meshx.mob) - address=54186A_7, connId=7, clientIf: 7
05-17 12:15:15.382  1928  2656 I bt_stack: [INFO:bta_gattc_main.cc(314)] bta_gattc_sm_execute: State 0x02, Event 0x1f08
05-17 12:15:15.382  1928  2656 W bt_bta_gattc: bta_gattc_close
05-17 12:15:15.382  1928  2656 W bt_stack: conn_id=7
05-17 12:15:15.382  1928  2656 W bt_stack: gatt_if=7, is_add=0, peer_bda=54186a
05-17 12:15:15.382  1928  2656 W bt_stack: Hold link status of [54186a], size=1
05-17 12:15:15.382  1928  2656 W bt_stack: gatt_if : 7
05-17 12:15:15.382  9171  9239 D BluetoothGatt: close()
05-17 12:15:15.382  1928  2656 W bt_stack: removed gatt_if=7
05-17 12:15:15.382  1928  2656 W bt_stack: [WARNING:eatt_impl.h(665)] disconnect 54186a
05-17 12:15:15.383  1928  2656 W bt_stack: [WARNING:eatt_impl.h(669)] disconnect no eatt device found
05-17 12:15:15.383  1928  2656 W bt_bta_gattc: bta_gattc_process_api_open_cancel
05-17 12:15:15.383  1928  2656 W bt_bta_gattc: Cancel GATT client background connection
05-17 12:15:15.383  1928  2656 W bt_bta_gattc: bta_gattc_cancel_bk_conn
05-17 12:15:15.383  1928  2656 E bt_stack: [ERROR:bta_gattc_utils.cc(447)] bta_gattc_mark_bg_conn unable to find the bg connection mask for bd_addr=54186a
05-17 12:15:15.386  1928  2050 D BtGatt.GattService: onDisconnected() - clientIf=7, connId=7, status=0, address=54186A_7
05-17 12:15:15.386  1928  2050 D BtGatt.GattService: onDisconnected() - removing permit for address=54186A_7
05-17 12:15:15.387  9171  9239 D BluetoothGatt: unregisterApp() - mClientIf=7
05-17 12:15:15.390  1928  3855 D BtGatt.GattService: unregisterClient(dev.meshx.mob) - clientIf=7
05-17 12:15:15.392  1928  3855 D BtGatt.ContextMap: remove() - id: 7
05-17 12:15:15.393  1928  3855 E BtGatt.ContextMap: remove() - removed: 7
05-17 12:15:15.394  1928  2656 W bt_bta_gattc: bta_gattc_deregister
05-17 12:15:15.394  1928  2656 I bt_stack: [INFO:gatt_api.cc(1111)] GATT_Deregister gatt_if=7
05-17 12:15:15.394  1928  2656 W bt_stack: gatt_if=7, is_add=0, peer_bda=54186a
05-17 12:15:15.394  1928  2656 W bt_stack: Hold link status of [54186a], size=0
05-17 12:15:15.394  1928  2656 W bt_stack: attempt to remove non-existing gatt_if=7
05-17 12:15:15.394  1928  2656 W bt_stack: on_app_deregistered :: app_id=7
05-17 12:15:15.394  1928  2656 I bt_stack: [INFO:gatt_api.cc(1164)] Initialize tGATT_REG
05-17 12:15:15.395  9171  9239 I MeshxBleFetch: {"v":1,"event":"fetch_client_closed","request_id":"de8105da-6a95-4e46-9128-497d12e878c5","target_address":"54:18:6A:E8:A8:D7","phase":"characteristic_read","terminal_event":"complete","reason":"complete","device_model":"SM-T577U","android_api":33,"adapter_state":"on","adapter_enabled":true}
05-17 12:15:15.396  9171  9184 D BluetoothGatt: onClientConnectionState() - status=0 clientIf=7 device=54186A_7
05-17 12:15:15.434  9171  9239 D BluetoothGattServer: onConnectionUpdated() - Device=54186A_7 interval=39 latency=0 timeout=500 status=0
05-17 12:15:16.383  1928  2656 W l2c_link: TODO: Remove this callback into bcm_sec_disconnect
05-17 12:15:16.384  1928  2282 W bt_stack: disconnect_le
05-17 12:15:16.384  1928  2282 W bt_stack: remove_device_from_background_connection_list 54:18:6a
05-17 12:15:16.406  1928  2282 W bt_stack: on_le_disconnect Handle : 0x41, Reason : 22
05-17 12:15:16.406  1928  2656 E bt_stack: Unable to find sco connection
05-17 12:15:16.406  1928  2282 W bt_stack: le_impl::remove() handle=0x41 addr=54:18:6a
05-17 12:15:16.406  1928  2282 W bt_stack: [Current Device list in background_connections_ set]
05-17 12:15:16.406  1928  2656 W l2c_link: l2c_link_hci_disc_comp lcb_is_free is 1
05-17 12:15:16.406  1928  2656 W bt_stack: gatt_le_connect_cback  connected : 0, reason : 22
05-17 12:15:16.406  1928  2656 W gatt_utils: gatt_cleanup_upon_disc
05-17 12:15:16.406  1928  2656 W gatt_utils: gatt_cleanup_upon_disc :: GATT_CH_CLOSE
05-17 12:15:16.406  1928  2656 I bt_stack: [INFO:gatt_attr.cc(347)] gatt_connect_cback: remove untrusted client status, bda=54:18:6a:e8:a8:d7
05-17 12:15:16.407  1928  2656 E bt_stack: [ERROR:bta_gatts_act.cc(599)] bta_gatts_conn_cback  bda=54186a gatt_if= 6, conn_id=0x0006 connected=0
05-17 12:15:16.407  1928  2656 W btm_acl : NotifyAclLinkDown() xx:xx:xx:xx:a8:d7 link_up_issued is 1
05-17 12:15:16.407  1928  2656 W bt_btm_sec: Disconnection complete device:xx:xx:xx:xx:a8:d7 name: state:IDLE reason:Local Terminated Connection sec_req:0
05-17 12:15:16.407  1928  2656 E bta_gattc_main: Ignore unknown conn ID: 3
05-17 12:15:16.407  1928  2656 E bta_gattc_main: Ignore unknown conn ID: 4
05-17 12:15:16.407  1928  2656 E bta_gattc_main: Ignore unknown conn ID: 5
05-17 12:15:16.412  9171  9239 D BluetoothGattServer: onServerConnectionState() - status=0 serverIf=6 device=54186A_7
05-17 12:15:16.414  1928  2050 W BatteryService: getBatteryService(): service is NULL
05-17 12:15:16.414  1928  2050 D BluetoothDatabase: getProfileConnectionPolicy: device XX:XX:XX:E8:A8:D7 is not in cache
05-17 12:15:16.414  1928  2050 D BluetoothDatabase: getProfileConnectionPolicy: device XX:XX:XX:E8:A8:D7 is not in cache
05-17 12:15:16.414  1928  2050 D BluetoothDatabase: getProfileConnectionPolicy: device XX:XX:XX:E8:A8:D7 is not in cache
05-17 12:15:16.414  1928  2050 D BluetoothDatabase: getProfileConnectionPolicy: device XX:XX:XX:E8:A8:D7 is not in cache
05-17 12:15:16.414  1928  2050 D BluetoothDatabase: getProfileConnectionPolicy: device XX:XX:XX:E8:A8:D7 is not in cache
05-17 12:15:16.426  1200  1874 I SLocation: DeviceStatusNotiManager - received action : android.bluetooth.device.action.ACL_DISCONNECTED
05-17 12:15:16.428  1200  1540 I BluetoothDeviceBatteryManager: action: android.bluetooth.device.action.ACL_DISCONNECTED
05-17 12:15:16.429  1613  1862 V BluetoothEventManager: onReceive :: android.bluetooth.device.action.ACL_DISCONNECTED
05-17 12:15:16.429  1613  1862 W BluetoothEventManager: AclStateChangedHandler: activeDevice is null
05-17 12:15:16.431  1928  1928 D BluetoothPbapService: action: android.bluetooth.device.action.ACL_DISCONNECTED
05-17 12:15:16.442  1928  2050 D BluetoothUtils: getBtEnabledContainers(): btContainers = []
05-17 12:15:16.442  1928  2050 E BluetoothRemoteDevices: RemoteException in calling IBluetoothConnectionCallback
05-17 12:15:16.442  1928  2050 E BluetoothRemoteDevices: RemoteException in calling IBluetoothConnectionCallback
05-17 12:15:16.443  1928  2050 E BluetoothRemoteDevices: RemoteException in calling IBluetoothConnectionCallback
05-17 12:15:16.443  1928  2050 E BluetoothRemoteDevices: RemoteException in calling IBluetoothConnectionCallback
05-17 12:15:16.444  1928  2050 D BluetoothDataManager: BluetoothDataManager :: notifyDisconnectReason() is called!!!
05-17 12:15:16.446  1200  1540 I BluetoothDeviceBatteryManager: # Alias(meshx-ipad) / Address(54186A_7)
05-17 12:15:16.448  1928  2050 D BluetoothUtils: getBtEnabledContainers(): btContainers = []
05-17 12:15:16.448  1928  2050 E BluetoothRemoteDevices: Remote class is UNCATEGORIZED
05-17 12:15:16.450  1613  1862 V BluetoothEventManager: onReceive :: android.bluetooth.device.action.NAME_CHANGED
05-17 12:15:16.451  1200  1540 I BluetoothDeviceBatteryManager: # BatteryLevel : -1
05-17 12:15:16.456  1200  1252 W libprocessgroup: Failed to open /dev/blkio//cgroup.procs: No such file or directory
05-17 12:15:16.463  1928  3855 D BluetoothAdapterService: getBondedDevices, remove custom devices: 
05-17 12:15:16.468  1928  3855 D BluetoothAdapterService: getBondedDevices, remove custom devices: 
05-17 12:15:16.473  1928  3855 D BluetoothAdapterService: getBondedDevices, remove custom devices: 
05-17 12:15:16.477 30311  9267 I Nearby  : (REDACTED) is blocked device type %s, isAuto=%s, isIot=%s, isLatchsky=%s, isChinaWearable=%s, isTv=%s, isWearable=%s (supportWearOs=%s), isChromeOsDevice=%s (supportChromeOs=%s)
05-17 12:15:16.478 25144 25144 I aahm    : onReceive
05-17 12:15:16.480 25144 25161 I abvn    : (REDACTED) bluetoothConnectionStateChanged. Action: %s
05-17 12:15:16.480 30311 30311 I NearbyDiscovery: (REDACTED) DiscoveryService onStartCommand action: %s
05-17 12:15:16.481 30311 30311 I NearbyDiscovery: (REDACTED) onAclChange: state=%s, transport=%s, %s
05-17 12:15:16.482  1928  3855 D BluetoothAdapterService: getBondedDevices, remove custom devices: 
05-17 12:15:16.482 25144 25161 I abuo    : Deinitializing Gemini service client
05-17 12:15:16.483 25144 25161 I abut    : Deinitializing PhoneMediaHandler
05-17 12:15:16.487 30311 30554 W WearableService: onGetService: Wear is not available on this device. Calling package: com.google.android.googlequicksearchbox
05-17 12:15:16.489 25144 25159 W GoogleApiManager: Not showing notification since connectionResult is not user-facing: ConnectionResult{statusCode=API_UNAVAILABLE, resolution=null, message=null, clientMethodKey=null}
05-17 12:15:16.741  1200  3617 D SemWifiUsabilityStatsMonitor: onWifiUsabilityStats - seqNum 7140, isSameBssidAndFreq true
05-17 12:15:16.743  1200  1507 I SemWifiLinkQualityMonitor: Link Qos Query: 0.033 ms / 243.686 Mbps (432 / 0.014 / 1.000)
05-17 12:15:16.743  1613  1613 D NetworkController.WifiSignalController: notifyListener: visible=true, connected=true, inetCondition=1, isDefault=true, wifiTestReported=true, receivedInetCondition=-1, hideDuringMobileSwitching=false
05-17 12:15:16.770   914   914 I SurfaceFlinger: SFWD update time=208564343564245
05-17 12:15:16.790  1928  2050 D BtGatt.GattService: onScanResult to scannerId: 2- eventType=0x1b, addressType=1, address=54186A_7, primaryPhy=1, secondaryPhy=0, advertisingSid=0xff, txPower=127, rssi=-64, periodicAdvInt=0x0
05-17 12:15:16.821  1928  2050 D BtGatt.GattService: onScanResult to scannerId: 2- eventType=0x1b, addressType=1, address=4A9808_A, primaryPhy=1, secondaryPhy=0, advertisingSid=0xff, txPower=127, rssi=-73, periodicAdvInt=0x0
