05-17 12:15:03.160  1928  2656 I bt_stack: [INFO:gatt_sr_hash.cc(127)] gatts_calculate_database_hash: hash=D73604934235F801B3C76A8E5F0340C6
05-17 12:15:03.160  9171  9223 I BluetoothAdapter: STATE_ON
05-17 12:15:03.162  9171  9239 D BluetoothGattServer: onServiceAdded() - handle=134 uuid=8f4f1201-6f3d-4f9c-9e3b-7f4a4f0f2000 status=0
05-17 12:15:03.163  9171  9223 I BluetoothAdapter: STATE_ON
05-17 12:15:03.163  9171  9223 I BluetoothAdapter: STATE_ON
05-17 12:15:03.168  1928  1940 I bt_stack: [INFO:le_advertising_manager.cc(137)] StartAdvertisingSet in shim layer
05-17 12:15:03.168  1928  1940 W bt_stack: le_advertising_manager :: allocate_advertiser - id : 2
05-17 12:15:03.168  1928  1940 I bt_stack: [INFO:le_advertising_manager.cc(157)] create advertising set, reg_id:-5174, id:2
05-17 12:15:03.169  1928  2282 W bt_stack: le_advertising_manager :: create_extended_advertiser - id : 2
05-17 12:15:03.169  1928  2282 W bt_stack: le_advertising_manager :: enable_advertiser - id : 2
05-17 12:15:03.170  9171  9223 I MeshxBleFetch: {"v":1,"event":"fetch_server_started","accepted":true,"advertising_accepted":true,"responder_peer_id":"meshx-dev","message_id_hash":"HoDactYTkKA=","service_uuid":"8f4f1201-6f3d-4f9c-9e3b-7f4a4f0f2000","request_characteristic_uuid":"8f4f1201-6f3d-4f9c-9e3b-7f4a4f0f2001","response_characteristic_uuid":"8f4f1201-6f3d-4f9c-9e3b-7f4a4f0f2002","device_model":"SM-T577U","android_api":33,"adapter_state":"on","adapter_enabled":true}
05-17 12:15:03.171  9171  9171 D BluetoothLeAdvertiser: onAdvertisingSetStopped(2)
05-17 12:15:03.171  9171  9223 I BluetoothAdapter: STATE_ON
05-17 12:15:03.171  9171  9223 I BluetoothAdapter: STATE_ON
05-17 12:15:03.173  9171  9223 I BluetoothAdapter: STATE_ON
05-17 12:15:03.175  9171  9223 I BluetoothAdapter: STATE_ON
05-17 12:15:03.176  9171  9223 I MeshxBleDispatch: {"v":1,"event":"ble_capabilities","supports_extended_advertising":true,"max_advertising_data_length":1024,"is_multiple_advertisement_supported":true,"legacy_manufacturer_payload_budget":24}
05-17 12:15:03.176  9171  9223 I BluetoothAdapter: STATE_ON
05-17 12:15:03.177  9171  9223 I BluetoothAdapter: STATE_ON
05-17 12:15:03.180  9171  9223 I BluetoothAdapter: STATE_ON
05-17 12:15:03.180  9171  9223 I BluetoothAdapter: STATE_ON
05-17 12:15:03.181  9171  9223 I BluetoothAdapter: STATE_ON
05-17 12:15:03.181  9171  9223 I BluetoothAdapter: STATE_ON
05-17 12:15:03.185  1928  1940 I bt_stack: [INFO:le_advertising_manager.cc(137)] StartAdvertisingSet in shim layer
05-17 12:15:03.185  1928  1940 W bt_stack: le_advertising_manager :: allocate_advertiser - id : 3
05-17 12:15:03.185  1928  1940 I bt_stack: [INFO:le_advertising_manager.cc(157)] create advertising set, reg_id:-5175, id:3
05-17 12:15:03.185  1928  2282 W bt_stack: le_advertising_manager :: create_extended_advertiser - id : 3
05-17 12:15:03.186  1928  2282 W bt_stack: le_advertising_manager :: enable_advertiser - id : 3
05-17 12:15:03.187  9171  9223 I MeshxBleDispatch: {"v":1,"event":"attempt_outcome","attempt_id":"mx-1779045303170","message_id":"9v225+JEvZbGgOWpXgMe5A==","target_peer_id":"broadcast","target_device_ids":["broadcast"],"kind":"dispatched","reason":"legacy_beacon_fallback","adapter":"ble_android","outcome_at_ms":208975232}
05-17 12:15:03.188  9171  9223 I MeshxBleNative: sendFullMxEnvelope(broadcast, 31B) -> DISPATCHED reason=legacy_beacon_fallback
05-17 12:15:03.188  9171  9223 I Elixir  : BleSelfTest: MESH MESSAGE SENT payload="hello-from-meshx-dev-1779045303" result=:ok
05-17 12:15:03.190  1928  2260 E BtGatt.GattService: [GSIM LOG]: gsimLogHandler, msg: MESSAGE_ADV_SET_START, appName: dev.meshx.mob, id: 2, isLegacy: true
05-17 12:15:03.189  9171  9223 W Elixir  : BleSelfTest: bridge error unknown: {"v":1,"event":"attempt_outcome","attempt_id":"mx-1779045303170","message_id":"9v225+JEvZbGgOWpXgMe5A==","target_peer_id":"broadcast","target_device_ids":["broadcast"],"kind":"dispatched","reason":"legacy_beacon_fallback","adapter":"ble_android","outcome_at_ms":208975232}
05-17 12:15:03.191  9171  9209 I BEAMout : 12:15:03.188 [info] BleSelfTest: MESH MESSAGE SENT payload="hello-from-meshx-dev-1779045303" result=:ok
05-17 12:15:03.192  9171  9209 I BEAMout : 12:15:03.189 [warning] BleSelfTest: bridge error unknown: {"v":1,"event":"attempt_outcome","attempt_id":"mx-1779045303170","message_id":"9v225+JEvZbGgOWpXgMe5A==","target_peer_id":"broadcast","target_device_ids":["broadcast"],"kind":"dispatched","reason":"legacy_beacon_fallback","adapter":"ble_android","outcome_at_ms":208975232}
05-17 12:15:03.204  1928  2260 E BtGatt.GattService: [GSIM LOG]: gsimLogHandler, msg: MESSAGE_ADV_SET_START, appName: dev.meshx.mob, id: 3, isLegacy: true
05-17 12:15:03.219  9171  9171 D BluetoothLeAdvertiser: onAdvertisingSetStarted(2, -7, 0)
05-17 12:15:03.221  9171  9171 D BluetoothLeAdvertiser: onAdvertisingSetStarted(3, -7, 0)
05-17 12:15:03.225  9171  9171 I MeshxBleFetch: {"v":1,"event":"fetch_advertising_started","responder_peer_id":"meshx-dev","message_id_hash":"HoDactYTkKA=","connectable":true,"service_uuid":"8f4f1201-6f3d-4f9c-9e3b-7f4a4f0f2000","device_model":"SM-T577U","android_api":33,"adapter_state":"on","adapter_enabled":true}
05-17 12:15:03.251  9171  9171 I MeshxBleDispatch: {"v":1,"event":"legacy_beacon_advertising_started","attempt_id":"mx-1779045303170","beacon_size":22,"beacon":"TUIBAQEAHoDactYTkKAS94VXUXoT+Q==","message_id_hash":"HoDactYTkKA=","sender_peer_id_hash":"EveFV1F6E\/k=","payload_kind":"TX","envelope_version":1,"window_ms":5000,"data_carrier":"legacy_advertisement"}
05-17 12:15:03.660   602   602 D io_stats: !@   8,0 r 1037510 33867584 w 600326 57191740 d 0 0 f 0 0 iot 519488 0 th 0 0 0 pt 0 inp 0 0 208551.233
05-17 12:15:03.749  1928  2050 D BtGatt.GattService: onScanResult to scannerId: 2- eventType=0x1b, addressType=1, address=5498D4_8, primaryPhy=1, secondaryPhy=0, advertisingSid=0xff, txPower=127, rssi=-71, periodicAdvInt=0x0
05-17 12:15:03.759  1928  2050 D BtGatt.GattService: onScanResult to scannerId: 2- eventType=0x1b, addressType=1, address=4A9808_A, primaryPhy=1, secondaryPhy=0, advertisingSid=0xff, txPower=127, rssi=-81, periodicAdvInt=0x0
05-17 12:15:03.764  1928  2050 D BtGatt.GattService: onScanResult to scannerId: 2- eventType=0x1b, addressType=1, address=54186A_7, primaryPhy=1, secondaryPhy=0, advertisingSid=0xff, txPower=127, rssi=-51, periodicAdvInt=0x0
05-17 12:15:03.775  1928  2050 D BtGatt.GattService: onScanResult to scannerId: 2- eventType=0x1b, addressType=0, address=84E0F4_2, primaryPhy=1, secondaryPhy=0, advertisingSid=0xff, txPower=127, rssi=-78, periodicAdvInt=0x0
05-17 12:15:03.776  1928  2050 D BtGatt.GattService: onScanResult to scannerId: 2- eventType=0x10, addressType=0, address=BC455B_A, primaryPhy=1, secondaryPhy=0, advertisingSid=0xff, txPower=127, rssi=-84, periodicAdvInt=0x0
05-17 12:15:03.793  1928  2050 D BtGatt.GattService: onScanResult to scannerId: 2- eventType=0x10, addressType=1, address=7D4F46_E, primaryPhy=1, secondaryPhy=0, advertisingSid=0xff, txPower=127, rssi=-35, periodicAdvInt=0x0
05-17 12:15:03.799  1928  2050 D BtGatt.GattService: onScanResult to scannerId: 2- eventType=0x1b, addressType=1, address=675E69_4, primaryPhy=1, secondaryPhy=0, advertisingSid=0xff, txPower=127, rssi=-81, periodicAdvInt=0x0
05-17 12:15:03.805  1928  2050 D BtGatt.GattService: onScanResult to scannerId: 2- eventType=0x1b, addressType=0, address=84E0F4_2, primaryPhy=1, secondaryPhy=0, advertisingSid=0xff, txPower=127, rssi=-78, periodicAdvInt=0x0
05-17 12:15:03.810  1928  2050 D BtGatt.GattService: onScanResult to scannerId: 2- eventType=0x1b, addressType=1, address=DD0D30_2, primaryPhy=1, secondaryPhy=0, advertisingSid=0xff, txPower=127, rssi=-62, periodicAdvInt=0x0
05-17 12:15:03.813  1928  2050 D BtGatt.GattService: onScanResult to scannerId: 2- eventType=0x10, addressType=1, address=79C727_6, primaryPhy=1, secondaryPhy=0, advertisingSid=0xff, txPower=127, rssi=-79, periodicAdvInt=0x0
05-17 12:15:03.825  1928  2050 D BtGatt.GattService: onScanResult to scannerId: 2- eventType=0x1a, addressType=1, address=67B96D_9, primaryPhy=1, secondaryPhy=0, advertisingSid=0xff, txPower=127, rssi=-44, periodicAdvInt=0x0
05-17 12:15:03.826  1928  2050 D BtGatt.GattService: onScanResult to scannerId: 2- eventType=0x10, addressType=0, address=4CC95E_3, primaryPhy=1, secondaryPhy=0, advertisingSid=0xff, txPower=127, rssi=-94, periodicAdvInt=0x0
05-17 12:15:03.836  1928  2050 D BtGatt.GattService: onScanResult to scannerId: 2- eventType=0x1b, addressType=0, address=84E0F4_2, primaryPhy=1, secondaryPhy=0, advertisingSid=0xff, txPower=127, rssi=-78, periodicAdvInt=0x0
05-17 12:15:03.843  1928  2050 D BtGatt.GattService: onScanResult to scannerId: 2- eventType=0x1b, addressType=1, address=6F63D2_0, primaryPhy=1, secondaryPhy=0, advertisingSid=0xff, txPower=127, rssi=-80, periodicAdvInt=0x0
05-17 12:15:03.859  1928  2050 D BtGatt.GattService: onScanResult to scannerId: 2- eventType=0x1b, addressType=0, address=84E0F4_2, primaryPhy=1, secondaryPhy=0, advertisingSid=0xff, txPower=127, rssi=-80, periodicAdvInt=0x0
05-17 12:15:03.866  1928  2050 D BtGatt.GattService: onScanResult to scannerId: 2- eventType=0x1b, addressType=1, address=7A6A97_6, primaryPhy=1, secondaryPhy=0, advertisingSid=0xff, txPower=127, rssi=-35, periodicAdvInt=0x0
05-17 12:15:03.903  1928  2050 D BtGatt.GattService: onScanResult to scannerId: 2- eventType=0x1b, addressType=1, address=54186A_7, primaryPhy=1, secondaryPhy=0, advertisingSid=0xff, txPower=127, rssi=-51, periodicAdvInt=0x0
05-17 12:15:03.914  1928  2050 D BtGatt.GattService: onScanResult to scannerId: 2- eventType=0x10, addressType=1, address=428DBC_C, primaryPhy=1, secondaryPhy=0, advertisingSid=0xff, txPower=127, rssi=-80, periodicAdvInt=0x0
05-17 12:15:03.914  1928  2050 D BtGatt.GattService: onScanResult to scannerId: 2- eventType=0x10, addressType=1, address=0BE50A_8, primaryPhy=1, secondaryPhy=0, advertisingSid=0xff, txPower=127, rssi=-93, periodicAdvInt=0x0
05-17 12:15:03.917  1928  2050 D BtGatt.GattService: onScanResult to scannerId: 2- eventType=0x10, addressType=1, address=79C727_6, primaryPhy=1, secondaryPhy=0, advertisingSid=0xff, txPower=127, rssi=-78, periodicAdvInt=0x0
05-17 12:15:03.924  1928  2050 D BtGatt.GattService: onScanResult to scannerId: 2- eventType=0x10, addressType=0, address=BC7E8B_B, primaryPhy=1, secondaryPhy=0, advertisingSid=0xff, txPower=127, rssi=-82, periodicAdvInt=0x0
05-17 12:15:03.938  1928  2050 D BtGatt.GattService: onScanResult to scannerId: 2- eventType=0x1b, addressType=1, address=54186A_7, primaryPhy=1, secondaryPhy=0, advertisingSid=0xff, txPower=127, rssi=-51, periodicAdvInt=0x0
05-17 12:15:03.956  1928  2050 D BtGatt.GattService: onScanResult to scannerId: 2- eventType=0x1a, addressType=1, address=67B96D_9, primaryPhy=1, secondaryPhy=0, advertisingSid=0xff, txPower=127, rssi=-44, periodicAdvInt=0x0
05-17 12:15:03.977  1928  2050 D BtGatt.GattService: onScanResult to scannerId: 2- eventType=0x1b, addressType=1, address=54186A_7, primaryPhy=1, secondaryPhy=0, advertisingSid=0xff, txPower=127, rssi=-51, periodicAdvInt=0x0
05-17 12:15:04.004  1928  2050 D BtGatt.GattService: onScanResult to scannerId: 2- eventType=0x10, addressType=1, address=7D4F46_E, primaryPhy=1, secondaryPhy=0, advertisingSid=0xff, txPower=127, rssi=-35, periodicAdvInt=0x0
05-17 12:15:04.004  1928  2050 D BtGatt.GattService: onScanResult to scannerId: 2- eventType=0x1b, addressType=1, address=68983E_2, primaryPhy=1, secondaryPhy=0, advertisingSid=0xff, txPower=127, rssi=-35, periodicAdvInt=0x0
05-17 12:15:04.060  9171  9223 I Elixir  : BleSelfTest: HEARTBEAT events=251 devices=31 meshx_peers=0 sent=2 distinct_msgs=1 beacon_callbacks=15 envelopes=0
05-17 12:15:04.060  9171  9209 I BEAMout : 12:15:04.060 [info] BleSelfTest: HEARTBEAT events=251 devices=31 meshx_peers=0 sent=2 distinct_msgs=1 beacon_callbacks=15 envelopes=0
05-17 12:15:04.311  1200  3617 D SemWifiUsabilityStatsMonitor: onWifiUsabilityStats - seqNum 7136, isSameBssidAndFreq true
05-17 12:15:04.313  1200  1507 I SemWifiLinkQualityMonitor: Link Qos Query: 0.078 ms / 102.009 Mbps (408 / 0.059 / 1.000)
05-17 12:15:05.630  1928  2050 D BtGatt.GattService: onScanResult to scannerId: 2- eventType=0x10, addressType=0, address=BC455B_A, primaryPhy=1, secondaryPhy=0, advertisingSid=0xff, txPower=127, rssi=-80, periodicAdvInt=0x0
05-17 12:15:05.673  1928  2050 D BtGatt.GattService: onScanResult to scannerId: 2- eventType=0x1b, addressType=1, address=5498D4_8, primaryPhy=1, secondaryPhy=0, advertisingSid=0xff, txPower=127, rssi=-57, periodicAdvInt=0x0
05-17 12:15:05.680  1928  2050 D BtGatt.GattService: onScanResult to scannerId: 2- eventType=0x10, addressType=1, address=79C727_6, primaryPhy=1, secondaryPhy=0, advertisingSid=0xff, txPower=127, rssi=-86, periodicAdvInt=0x0
05-17 12:15:05.706  1928  2050 D BtGatt.GattService: onScanResult to scannerId: 2- eventType=0x1b, addressType=1, address=54186A_7, primaryPhy=1, secondaryPhy=0, advertisingSid=0xff, txPower=127, rssi=-48, periodicAdvInt=0x0
05-17 12:15:05.717  1928  2050 D BtGatt.GattService: onScanResult to scannerId: 2- eventType=0x1b, addressType=1, address=675E69_4, primaryPhy=1, secondaryPhy=0, advertisingSid=0xff, txPower=127, rssi=-78, periodicAdvInt=0x0
05-17 12:15:05.736  1928  2050 D BtGatt.GattService: onScanResult to scannerId: 2- eventType=0x1b, addressType=1, address=54186A_7, primaryPhy=1, secondaryPhy=0, advertisingSid=0xff, txPower=127, rssi=-48, periodicAdvInt=0x0
05-17 12:15:05.783  1928  2050 D BtGatt.GattService: onScanResult to scannerId: 2- eventType=0x10, addressType=1, address=79C727_6, primaryPhy=1, secondaryPhy=0, advertisingSid=0xff, txPower=127, rssi=-87, periodicAdvInt=0x0
05-17 12:15:05.786  1928  2050 D BtGatt.GattService: onScanResult to scannerId: 2- eventType=0x10, addressType=1, address=428DBC_C, primaryPhy=1, secondaryPhy=0, advertisingSid=0xff, txPower=127, rssi=-78, periodicAdvInt=0x0
05-17 12:15:05.811  1928  2050 D BtGatt.GattService: onScanResult to scannerId: 2- eventType=0x1b, addressType=1, address=7A6A97_6, primaryPhy=1, secondaryPhy=0, advertisingSid=0xff, txPower=127, rssi=-37, periodicAdvInt=0x0
05-17 12:15:05.816  1928  2050 D BtGatt.GattService: onScanResult to scannerId: 2- eventType=0x1b, addressType=1, address=68983E_2, primaryPhy=1, secondaryPhy=0, advertisingSid=0xff, txPower=127, rssi=-36, periodicAdvInt=0x0
05-17 12:15:05.836  1928  2050 D BtGatt.GattService: onScanResult to scannerId: 2- eventType=0x1b, addressType=1, address=54186A_7, primaryPhy=1, secondaryPhy=0, advertisingSid=0xff, txPower=127, rssi=-49, periodicAdvInt=0x0
05-17 12:15:05.862  1928  2050 D BtGatt.GattService: onScanResult to scannerId: 2- eventType=0x1b, addressType=1, address=4A9808_A, primaryPhy=1, secondaryPhy=0, advertisingSid=0xff, txPower=127, rssi=-76, periodicAdvInt=0x0
05-17 12:15:05.866  1928  2050 D BtGatt.GattService: onScanResult to scannerId: 2- eventType=0x1b, addressType=1, address=54186A_7, primaryPhy=1, secondaryPhy=0, advertisingSid=0xff, txPower=127, rssi=-49, periodicAdvInt=0x0
05-17 12:15:06.178   616  9261 I keystore2: keystore2::watchdog: Watchdog thread idle -> terminating. Have a great day.
05-17 12:15:07.122  1200  1243 E Watchdog: !@Sync: 6948 heap: 67 / 90 FD: 912 [2026-05-17 12:15:07.122]
05-17 12:15:07.416  1200  3617 D SemWifiUsabilityStatsMonitor: onWifiUsabilityStats - seqNum 7137, isSameBssidAndFreq true
05-17 12:15:07.418  1200  1507 I SemWifiLinkQualityMonitor: Link Qos Query: 0.085 ms / 93.637 Mbps (408 / 0.066 / 1.000)
05-17 12:15:07.470  1928  2050 D BtGatt.GattService: onScanResult to scannerId: 2- eventType=0x10, addressType=0, address=BC455B_A, primaryPhy=1, secondaryPhy=0, advertisingSid=0xff, txPower=127, rssi=-69, periodicAdvInt=0x0
05-17 12:15:07.493  1928  2050 D BtGatt.GattService: onScanResult to scannerId: 2- eventType=0x1b, addressType=1, address=54186A_7, primaryPhy=1, secondaryPhy=0, advertisingSid=0xff, txPower=127, rssi=-65, periodicAdvInt=0x0
05-17 12:15:07.498  1928  2050 D BtGatt.GattService: onScanResult to scannerId: 2- eventType=0x1b, addressType=0, address=84E0F4_2, primaryPhy=1, secondaryPhy=0, advertisingSid=0xff, txPower=127, rssi=-88, periodicAdvInt=0x0
05-17 12:15:07.528  1928  2050 D BtGatt.GattService: onScanResult to scannerId: 2- eventType=0x1b, addressType=1, address=54186A_7, primaryPhy=1, secondaryPhy=0, advertisingSid=0xff, txPower=127, rssi=-63, periodicAdvInt=0x0
05-17 12:15:07.608  1928  2050 D BtGatt.GattService: onScanResult to scannerId: 2- eventType=0x1b, addressType=1, address=5498D4_8, primaryPhy=1, secondaryPhy=0, advertisingSid=0xff, txPower=127, rssi=-67, periodicAdvInt=0x0
05-17 12:15:07.613  1928  2050 D BtGatt.GattService: onScanResult to scannerId: 2- eventType=0x1b, addressType=1, address=7A6A97_6, primaryPhy=1, secondaryPhy=0, advertisingSid=0xff, txPower=127, rssi=-35, periodicAdvInt=0x0
05-17 12:15:07.622  1928  2050 D BtGatt.GattService: onScanResult to scannerId: 2- eventType=0x10, addressType=0, address=BC455B_A, primaryPhy=1, secondaryPhy=0, advertisingSid=0xff, txPower=127, rssi=-69, periodicAdvInt=0x0
05-17 12:15:07.636  1928  2050 D BtGatt.GattService: onScanResult to scannerId: 2- eventType=0x1b, addressType=1, address=675E69_4, primaryPhy=1, secondaryPhy=0, advertisingSid=0xff, txPower=127, rssi=-78, periodicAdvInt=0x0
05-17 12:15:07.645  1928  2050 D BtGatt.GattService: onScanResult to scannerId: 2- eventType=0x1b, addressType=1, address=54186A_7, primaryPhy=1, secondaryPhy=0, advertisingSid=0xff, txPower=127, rssi=-64, periodicAdvInt=0x0
05-17 12:15:07.659  1928  2050 D BtGatt.GattService: onScanResult to scannerId: 2- eventType=0x1b, addressType=1, address=DD0D30_2, primaryPhy=1, secondaryPhy=0, advertisingSid=0xff, txPower=127, rssi=-66, periodicAdvInt=0x0
05-17 12:15:07.661   602   602 D io_stats: !@   8,0 r 1037510 33867584 w 600329 57191752 d 0 0 f 0 0 iot 519492 0 th 0 0 0 pt 0 inp 0 0 208555.234
05-17 12:15:07.666  1928  2050 D BtGatt.GattService: onScanResult to scannerId: 2- eventType=0x10, addressType=1, address=79C727_6, primaryPhy=1, secondaryPhy=0, advertisingSid=0xff, txPower=127, rssi=-84, periodicAdvInt=0x0
05-17 12:15:07.670  1928  2050 D BtGatt.GattService: onScanResult to scannerId: 2- eventType=0x10, addressType=0, address=BC7E8B_B, primaryPhy=1, secondaryPhy=0, advertisingSid=0xff, txPower=127, rssi=-85, periodicAdvInt=0x0
05-17 12:15:07.678  1928  2050 D BtGatt.GattService: onScanResult to scannerId: 2- eventType=0x1b, addressType=1, address=54186A_7, primaryPhy=1, secondaryPhy=0, advertisingSid=0xff, txPower=127, rssi=-63, periodicAdvInt=0x0
05-17 12:15:07.694  1928  2050 D BtGatt.GattService: onScanResult to scannerId: 2- eventType=0x1b, addressType=0, address=94944A_9, primaryPhy=1, secondaryPhy=0, advertisingSid=0xff, txPower=127, rssi=-92, periodicAdvInt=0x0
05-17 12:15:07.704  1928  2050 D BtGatt.GattService: onScanResult to scannerId: 2- eventType=0x1b, addressType=1, address=4A9808_A, primaryPhy=1, secondaryPhy=0, advertisingSid=0xff, txPower=127, rssi=-73, periodicAdvInt=0x0
05-17 12:15:07.713  1928  2050 D BtGatt.GattService: onScanResult to scannerId: 2- eventType=0x1b, addressType=1, address=6F63D2_0, primaryPhy=1, secondaryPhy=0, advertisingSid=0xff, txPower=127, rssi=-83, periodicAdvInt=0x0
05-17 12:15:08.269  9171  9171 I BluetoothAdapter: STATE_ON
05-17 12:15:08.269  9171  9171 I BluetoothAdapter: STATE_ON
05-17 12:15:08.269  9171  9171 I BluetoothAdapter: STATE_ON
05-17 12:15:08.270  9171  9171 D BluetoothLeAdvertiser: Stop AdvertingSet
05-17 12:15:08.272  1928  1940 I bt_stack: [INFO:le_advertising_manager.cc(70)] Unregister in shim layer
05-17 12:15:08.273  1928  2282 W bt_stack: le_advertising_manager :: remove_advertiser - id : 3
05-17 12:15:08.273  1928  2260 E BtGatt.GattService: [GSIM LOG]: gsimLogHandler, msg: MESSAGE_ADV_SET_STOP, appName: dev.meshx.mob, id: 3, isLegacy: true
05-17 12:15:08.279  9171  9171 D BluetoothLeAdvertiser: onAdvertisingSetStopped(3)
05-17 12:15:08.881  2905  3764 I SDHMS:D : SIOP:: AP:266 BAT:241 USB:243 CHG:279 PA:261 WIFI:267 BLK:258 SKIN:319 SKINF:319 SKINB:284 LRP:319 LRF:319 LRB:284 
05-17 12:15:09.060  9171  9223 I Elixir  : BleSelfTest: HEARTBEAT events=280 devices=31 meshx_peers=0 sent=2 distinct_msgs=1 beacon_callbacks=15 envelopes=0
05-17 12:15:09.061  9171  9209 I BEAMout : 12:15:09.060 [info] BleSelfTest: HEARTBEAT events=280 devices=31 meshx_peers=0 sent=2 distinct_msgs=1 beacon_callbacks=15 envelopes=0
05-17 12:15:09.323  1928  2050 D BtGatt.GattService: onScanResult to scannerId: 2- eventType=0x10, addressType=1, address=428DBC_C, primaryPhy=1, secondaryPhy=0, advertisingSid=0xff, txPower=127, rssi=-79, periodicAdvInt=0x0
05-17 12:15:09.327  1928  2050 D BtGatt.GattService: onScanResult to scannerId: 2- eventType=0x10, addressType=1, address=79C727_6, primaryPhy=1, secondaryPhy=0, advertisingSid=0xff, txPower=127, rssi=-76, periodicAdvInt=0x0
05-17 12:15:09.328  1928  2050 D BtGatt.GattService: onScanResult to scannerId: 2- eventType=0x10, addressType=1, address=44BDF8_6, primaryPhy=1, secondaryPhy=0, advertisingSid=0xff, txPower=127, rssi=-86, periodicAdvInt=0x0
05-17 12:15:09.332  1928  2050 D BtGatt.GattService: onScanResult to scannerId: 2- eventType=0x1b, addressType=0, address=94944A_D, primaryPhy=1, secondaryPhy=0, advertisingSid=0xff, txPower=127, rssi=-86, periodicAdvInt=0x0
05-17 12:15:09.347  1928  2050 D BtGatt.GattService: onScanResult to scannerId: 2- eventType=0x1b, addressType=1, address=54186A_7, primaryPhy=1, secondaryPhy=0, advertisingSid=0xff, txPower=127, rssi=-51, periodicAdvInt=0x0
05-17 12:15:09.353  1928  2050 D BtGatt.GattService: onScanResult to scannerId: 2- eventType=0x1b, addressType=0, address=94944A_9, primaryPhy=1, secondaryPhy=0, advertisingSid=0xff, txPower=127, rssi=-90, periodicAdvInt=0x0
05-17 12:15:09.386  1928  2050 D BtGatt.GattService: onScanResult to scannerId: 2- eventType=0x1b, addressType=1, address=54186A_7, primaryPhy=1, secondaryPhy=0, advertisingSid=0xff, txPower=127, rssi=-51, periodicAdvInt=0x0
05-17 12:15:09.405  1928  2050 D BtGatt.GattService: onScanResult to scannerId: 2- eventType=0x10, addressType=1, address=7D4F46_E, primaryPhy=1, secondaryPhy=0, advertisingSid=0xff, txPower=127, rssi=-36, periodicAdvInt=0x0
05-17 12:15:09.416  1928  2050 D BtGatt.GattService: onScanResult to scannerId: 2- eventType=0x1b, addressType=1, address=68983E_2, primaryPhy=1, secondaryPhy=0, advertisingSid=0xff, txPower=127, rssi=-35, periodicAdvInt=0x0
05-17 12:15:09.418  1928  2050 D BtGatt.GattService: onScanResult to scannerId: 2- eventType=0x1b, addressType=1, address=7A6A97_6, primaryPhy=1, secondaryPhy=0, advertisingSid=0xff, txPower=127, rssi=-35, periodicAdvInt=0x0
05-17 12:15:09.457  1928  2050 D BtGatt.GattService: onScanResult to scannerId: 2- eventType=0x1b, addressType=1, address=54186A_7, primaryPhy=1, secondaryPhy=0, advertisingSid=0xff, txPower=127, rssi=-51, periodicAdvInt=0x0
05-17 12:15:09.457  1928  2050 D BtGatt.GattService: onScanResult to scannerId: 2- eventType=0x10, addressType=1, address=0BE50A_8, primaryPhy=1, secondaryPhy=0, advertisingSid=0xff, txPower=127, rssi=-88, periodicAdvInt=0x0
05-17 12:15:09.464  1928  2050 D BtGatt.GattService: onScanResult to scannerId: 2- eventType=0x1b, addressType=0, address=94944A_9, primaryPhy=1, secondaryPhy=0, advertisingSid=0xff, txPower=127, rssi=-91, periodicAdvInt=0x0
05-17 12:15:09.497  1928  2050 D BtGatt.GattService: onScanResult to scannerId: 2- eventType=0x1b, addressType=1, address=54186A_7, primaryPhy=1, secondaryPhy=0, advertisingSid=0xff, txPower=127, rssi=-51, periodicAdvInt=0x0
05-17 12:15:09.508  1928  2050 D BtGatt.GattService: onScanResult to scannerId: 2- eventType=0x1b, addressType=1, address=E146D4_F, primaryPhy=1, secondaryPhy=0, advertisingSid=0xff, txPower=127, rssi=-91, periodicAdvInt=0x0
05-17 12:15:09.510  1928  2050 D BtGatt.GattService: onScanResult to scannerId: 2- eventType=0x10, addressType=1, address=44BDF8_6, primaryPhy=1, secondaryPhy=0, advertisingSid=0xff, txPower=127, rssi=-85, periodicAdvInt=0x0
05-17 12:15:09.540  1928  2050 D BtGatt.GattService: onScanResult to scannerId: 2- eventType=0x1b, addressType=1, address=5498D4_8, primaryPhy=1, secondaryPhy=0, advertisingSid=0xff, txPower=127, rssi=-71, periodicAdvInt=0x0
05-17 12:15:09.566  1928  2050 D BtGatt.GattService: onScanResult to scannerId: 2- eventType=0x1b, addressType=1, address=54186A_7, primaryPhy=1, secondaryPhy=0, advertisingSid=0xff, txPower=127, rssi=-51, periodicAdvInt=0x0
05-17 12:15:10.191  9171  9223 I BluetoothAdapter: STATE_ON
05-17 12:15:10.191  9171  9223 I BluetoothAdapter: STATE_ON
05-17 12:15:10.191  9171  9223 I BluetoothAdapter: STATE_ON
05-17 12:15:10.192  9171  9223 D BluetoothLeAdvertiser: Stop AdvertingSet
05-17 12:15:10.195  1928  1940 I bt_stack: [INFO:le_advertising_manager.cc(70)] Unregister in shim layer
05-17 12:15:10.196  1928  2260 E BtGatt.GattService: [GSIM LOG]: gsimLogHandler, msg: MESSAGE_ADV_SET_STOP, appName: dev.meshx.mob, id: 2, isLegacy: true
05-17 12:15:10.197  1928  2282 W bt_stack: le_advertising_manager :: remove_advertiser - id : 2
05-17 12:15:10.198  9171  9223 I MeshxBleFetch: {"v":1,"event":"fetch_advertising_stopped","device_model":"SM-T577U","android_api":33,"adapter_state":"on","adapter_enabled":true}
05-17 12:15:10.199  9171  9223 D BluetoothGattServer: close()
05-17 12:15:10.199  9171  9223 D BluetoothGattServer: unregisterCallback() - mServerIf=6
05-17 12:15:10.202  1928  1940 D BtGatt.GattService: unregisterServer(dev.meshx.mob) - serverIf=6
05-17 12:15:10.204  1928  1940 D BtGatt.ContextMap: remove() - id: 6
05-17 12:15:10.205  1928  1940 E BtGatt.ContextMap: remove() - removed: 6
05-17 12:15:10.205  1928  2656 E bt_stack: [ERROR:gatt_api.cc(340)] Active Service Found: 8f4f1201-6f3d-4f9c-9e3b-7f4a4f0f2000
05-17 12:15:10.205  1928  2656 I bt_stack: [INFO:gatt_api.cc(408)] GATTS_StopService: service = 0x0086
05-17 12:15:10.205  1928  2656 I bt_stack: [INFO:gatt_sr_hash.cc(127)] gatts_calculate_database_hash: hash=8991C462EBE9D90B9EA0DA3E16D0F513
05-17 12:15:10.205  1928  2656 I bt_stack: [INFO:gatt_api.cc(1111)] GATT_Deregister gatt_if=6
05-17 12:15:10.205  1928  2656 W bt_stack: on_app_deregistered :: app_id=6
05-17 12:15:10.205  1928  2656 I bt_stack: [INFO:gatt_api.cc(1164)] Initialize tGATT_REG
05-17 12:15:10.209  9171  9223 D BluetoothGattServer: registerCallback()
05-17 12:15:10.210  9171  9171 D BluetoothLeAdvertiser: onAdvertisingSetStopped(2)
05-17 12:15:10.210  9171  9223 D BluetoothGattServer: registerCallback() - UUID=d60c4d0e-cbb3-4ae5-9eee-dc0d77bba5cb
05-17 12:15:10.213  1928  1940 D BtGatt.GattService: registerServer(dev.meshx.mob) - UUID=d60c4d0e-cbb3-4ae5-9eee-dc0d77bba5cb
05-17 12:15:10.215  1928  1940 D BtGatt.ContextMap: add() - appUid: 10313, appPid: 9171, appName: dev.meshx.mob
05-17 12:15:10.216  1928  2656 I bt_stack: [INFO:bta_gatts_act.cc(198)] register application first_unuse rcb_idx=0
05-17 12:15:10.217  9171  9184 D BluetoothGattServer: onServerRegistered() - status=0 serverIf=6
05-17 12:15:10.219  9171  9223 D BluetoothGattServer: addService() - service: 8f4f1201-6f3d-4f9c-9e3b-7f4a4f0f2000
05-17 12:15:10.223  1928  2656 I bt_stack: [INFO:bta_gatts_api.cc(135)] bta_gatts_add_service_impl: rcb_idx=0
05-17 12:15:10.224  1928  2656 I bt_stack: [INFO:gatt_api.cc(171)] GATTS_AddService
05-17 12:15:10.224  1928  2656 I bt_stack: [INFO:gatt_api.cc(286)] GATTS_AddService: service parsed correctly, now starting
05-17 12:15:10.224  1928  2656 I bt_stack: [INFO:gatt_sr_hash.cc(127)] gatts_calculate_database_hash: hash=D73604934235F801B3C76A8E5F0340C6
05-17 12:15:10.224  9171  9223 I BluetoothAdapter: STATE_ON
05-17 12:15:10.225  9171  9184 D BluetoothGattServer: onServiceAdded() - handle=134 uuid=8f4f1201-6f3d-4f9c-9e3b-7f4a4f0f2000 status=0
05-17 12:15:10.226  9171  9223 I BluetoothAdapter: STATE_ON
05-17 12:15:10.226  9171  9223 I BluetoothAdapter: STATE_ON
05-17 12:15:10.227  9171  9223 I BluetoothAdapter: STATE_ON
05-17 12:15:10.232  1928  1940 I bt_stack: [INFO:le_advertising_manager.cc(137)] StartAdvertisingSet in shim layer
05-17 12:15:10.232  1928  1940 W bt_stack: le_advertising_manager :: allocate_advertiser - id : 2
05-17 12:15:10.233  1928  1940 I bt_stack: [INFO:le_advertising_manager.cc(157)] create advertising set, reg_id:-5176, id:2
05-17 12:15:10.233  1928  2282 W bt_stack: le_advertising_manager :: create_extended_advertiser - id : 2
05-17 12:15:10.233  1928  2282 W bt_stack: le_advertising_manager :: enable_advertiser - id : 2
05-17 12:15:10.235  9171  9223 I MeshxBleFetch: {"v":1,"event":"fetch_server_started","accepted":true,"advertising_accepted":true,"responder_peer_id":"meshx-dev","message_id_hash":"92nWh+7mdt8=","service_uuid":"8f4f1201-6f3d-4f9c-9e3b-7f4a4f0f2000","request_characteristic_uuid":"8f4f1201-6f3d-4f9c-9e3b-7f4a4f0f2001","response_characteristic_uuid":"8f4f1201-6f3d-4f9c-9e3b-7f4a4f0f2002","device_model":"SM-T577U","android_api":33,"adapter_state":"on","adapter_enabled":true}
05-17 12:15:10.236  9171  9223 I BluetoothAdapter: STATE_ON
05-17 12:15:10.236  9171  9223 I BluetoothAdapter: STATE_ON
05-17 12:15:10.238  9171  9223 I BluetoothAdapter: STATE_ON
05-17 12:15:10.240  9171  9223 I BluetoothAdapter: STATE_ON
05-17 12:15:10.240  9171  9223 I MeshxBleDispatch: {"v":1,"event":"ble_capabilities","supports_extended_advertising":true,"max_advertising_data_length":1024,"is_multiple_advertisement_supported":true,"legacy_manufacturer_payload_budget":24}
05-17 12:15:10.241  9171  9223 I BluetoothAdapter: STATE_ON
05-17 12:15:10.244  9171  9223 I BluetoothAdapter: STATE_ON
05-17 12:15:10.246  9171  9223 I BluetoothAdapter: STATE_ON
05-17 12:15:10.247  9171  9223 I BluetoothAdapter: STATE_ON
05-17 12:15:10.247  9171  9223 I BluetoothAdapter: STATE_ON
05-17 12:15:10.247  9171  9223 I BluetoothAdapter: STATE_ON
05-17 12:15:10.252  1928  1940 I bt_stack: [INFO:le_advertising_manager.cc(137)] StartAdvertisingSet in shim layer
05-17 12:15:10.252  1928  1940 W bt_stack: le_advertising_manager :: allocate_advertiser - id : 3
05-17 12:15:10.252  1928  1940 I bt_stack: [INFO:le_advertising_manager.cc(157)] create advertising set, reg_id:-5177, id:3
05-17 12:15:10.253  9171  9223 I MeshxBleDispatch: {"v":1,"event":"attempt_outcome","attempt_id":"mx-1779045310235","message_id":"Pjjhkhql5r0jLEbLTTlVOA==","target_peer_id":"broadcast","target_device_ids":["broadcast"],"kind":"dispatched","reason":"legacy_beacon_fallback","adapter":"ble_android","outcome_at_ms":208982297}
05-17 12:15:10.253  1928  2282 W bt_stack: le_advertising_manager :: create_extended_advertiser - id : 3
05-17 12:15:10.254  1928  2282 W bt_stack: le_advertising_manager :: enable_advertiser - id : 3
05-17 12:15:10.254  9171  9223 I MeshxBleNative: sendFullMxEnvelope(broadcast, 31B) -> DISPATCHED reason=legacy_beacon_fallback
05-17 12:15:10.254  9171  9223 I Elixir  : BleSelfTest: MESH MESSAGE SENT payload="hello-from-meshx-dev-1779045310" result=:ok
05-17 12:15:10.256  9171  9223 W Elixir  : BleSelfTest: bridge error unknown: {"v":1,"event":"attempt_outcome","attempt_id":"mx-1779045310235","message_id":"Pjjhkhql5r0jLEbLTTlVOA==","target_peer_id":"broadcast","target_device_ids":["broadcast"],"kind":"dispatched","reason":"legacy_beacon_fallback","adapter":"ble_android","outcome_at_ms":208982297}
05-17 12:15:10.258  9171  9209 I BEAMout : 12:15:10.254 [info] BleSelfTest: MESH MESSAGE SENT payload="hello-from-meshx-dev-1779045310" result=:ok
05-17 12:15:10.259  1928  2260 E BtGatt.GattService: [GSIM LOG]: gsimLogHandler, msg: MESSAGE_ADV_SET_START, appName: dev.meshx.mob, id: 2, isLegacy: true
05-17 12:15:10.260  9171  9209 I BEAMout : 12:15:10.256 [warning] BleSelfTest: bridge error unknown: {"v":1,"event":"attempt_outcome","attempt_id":"mx-1779045310235","message_id":"Pjjhkhql5r0jLEbLTTlVOA==","target_peer_id":"broadcast","target_device_ids":["broadcast"],"kind":"dispatched","reason":"legacy_beacon_fallback","adapter":"ble_android","outcome_at_ms":208982297}
05-17 12:15:10.272  9171  9171 D BluetoothLeAdvertiser: onAdvertisingSetStarted(2, -7, 0)
05-17 12:15:10.276  9171  9171 I MeshxBleFetch: {"v":1,"event":"fetch_advertising_started","responder_peer_id":"meshx-dev","message_id_hash":"92nWh+7mdt8=","connectable":true,"service_uuid":"8f4f1201-6f3d-4f9c-9e3b-7f4a4f0f2000","device_model":"SM-T577U","android_api":33,"adapter_state":"on","adapter_enabled":true}
05-17 12:15:10.277  1928  2260 E BtGatt.GattService: [GSIM LOG]: gsimLogHandler, msg: MESSAGE_ADV_SET_START, appName: dev.meshx.mob, id: 3, isLegacy: true
05-17 12:15:10.297  9171  9171 D BluetoothLeAdvertiser: onAdvertisingSetStarted(3, -7, 0)
05-17 12:15:10.300  9171  9171 I MeshxBleDispatch: {"v":1,"event":"legacy_beacon_advertising_started","attempt_id":"mx-1779045310235","beacon_size":22,"beacon":"TUIBAQEA92nWh+7mdt8S94VXUXoT+Q==","message_id_hash":"92nWh+7mdt8=","sender_peer_id_hash":"EveFV1F6E\/k=","payload_kind":"TX","envelope_version":1,"window_ms":5000,"data_carrier":"legacy_advertisement"}
05-17 12:15:10.517  1200  3617 D SemWifiUsabilityStatsMonitor: onWifiUsabilityStats - seqNum 7138, isSameBssidAndFreq true
05-17 12:15:10.520  1200  1507 I SemWifiLinkQualityMonitor: Link Qos Query: 0.080 ms / 100.184 Mbps (408 / 0.060 / 1.000)
05-17 12:15:11.183  1928  2050 D BtGatt.GattService: onScanResult to scannerId: 2- eventType=0x10, addressType=1, address=428DBC_C, primaryPhy=1, secondaryPhy=0, advertisingSid=0xff, txPower=127, rssi=-77, periodicAdvInt=0x0
05-17 12:15:11.193  1928  2050 D BtGatt.GattService: onScanResult to scannerId: 2- eventType=0x1b, addressType=1, address=5498D4_8, primaryPhy=1, secondaryPhy=0, advertisingSid=0xff, txPower=127, rssi=-57, periodicAdvInt=0x0
05-17 12:15:11.205  1928  2050 D BtGatt.GattService: onScanResult to scannerId: 2- eventType=0x1b, addressType=1, address=68983E_2, primaryPhy=1, secondaryPhy=0, advertisingSid=0xff, txPower=127, rssi=-36, periodicAdvInt=0x0
05-17 12:15:11.211  1707  1707 I wpa_supplicant: Heartbeat 20835
05-17 12:15:11.212  1928  2050 D BtGatt.GattService: onScanResult to scannerId: 2- eventType=0x1b, addressType=1, address=7A6A97_6, primaryPhy=1, secondaryPhy=0, advertisingSid=0xff, txPower=127, rssi=-37, periodicAdvInt=0x0
05-17 12:15:11.223  1928  2050 D BtGatt.GattService: onScanResult to scannerId: 2- eventType=0x1b, addressType=0, address=94944A_9, primaryPhy=1, secondaryPhy=0, advertisingSid=0xff, txPower=127, rssi=-89, periodicAdvInt=0x0
05-17 12:15:11.268  1928  2050 D BtGatt.GattService: onScanResult to scannerId: 2- eventType=0x1b, addressType=1, address=FABE2A_A, primaryPhy=1, secondaryPhy=0, advertisingSid=0xff, txPower=127, rssi=-74, periodicAdvInt=0x0
05-17 12:15:11.276  1928  2050 D BtGatt.GattService: onScanResult to scannerId: 2- eventType=0x1b, addressType=1, address=54186A_7, primaryPhy=1, secondaryPhy=0, advertisingSid=0xff, txPower=127, rssi=-48, periodicAdvInt=0x0
05-17 12:15:11.291  9171  9171 I MeshxBleScanRaw: device_id=FA:BE:2A:F4:73:8A rssi=-74 advertisement_b64=Hv9MABIZ0PuHLmr2FklAyw1gqYUjZom7zwsgof0DxgAAAAAAAAAAAAAAAAAAAAAAAAAAAAAAAAAAAAAAAAA= manufacturer_ids=[76] service_uuids=[]
05-17 12:15:11.310  1928  2050 D BtGatt.GattService: onScanResult to scannerId: 2- eventType=0x10, addressType=0, address=BC455B_A, primaryPhy=1, secondaryPhy=0, advertisingSid=0xff, txPower=127, rssi=-80, periodicAdvInt=0x0
05-17 12:15:11.313  1928  2050 D BtGatt.GattService: onScanResult to scannerId: 2- eventType=0x1b, addressType=1, address=54186A_7, primaryPhy=1, secondaryPhy=0, advertisingSid=0xff, txPower=127, rssi=-49, periodicAdvInt=0x0
05-17 12:15:11.318  1928  2050 D BtGatt.GattService: onScanResult to scannerId: 2- eventType=0x1b, addressType=0, address=84E0F4_2, primaryPhy=1, secondaryPhy=0, advertisingSid=0xff, txPower=127, rssi=-90, periodicAdvInt=0x0
05-17 12:15:11.349  1928  2050 D BtGatt.GattService: onScanResult to scannerId: 2- eventType=0x10, addressType=1, address=7D4F46_E, primaryPhy=1, secondaryPhy=0, advertisingSid=0xff, txPower=127, rssi=-37, periodicAdvInt=0x0
05-17 12:15:11.357  1928  2050 D BtGatt.GattService: onScanResult to scannerId: 2- eventType=0x1b, addressType=1, address=4A9808_A, primaryPhy=1, secondaryPhy=0, advertisingSid=0xff, txPower=127, rssi=-76, periodicAdvInt=0x0
05-17 12:15:11.384  1928  2050 D BtGatt.GattService: onScanResult to scannerId: 2- eventType=0x1b, addressType=1, address=54186A_7, primaryPhy=1, secondaryPhy=0, advertisingSid=0xff, txPower=127, rssi=-49, periodicAdvInt=0x0
05-17 12:15:11.417  1928  2050 D BtGatt.GattService: onScanResult to scannerId: 2- eventType=0x1b, addressType=1, address=54186A_7, primaryPhy=1, secondaryPhy=0, advertisingSid=0xff, txPower=127, rssi=-49, periodicAdvInt=0x0
05-17 12:15:11.555  2905  2905 I SDHMS:LOAD: type: LoadsFreqs, value: 0:0:0:662480:858000:650000:662480:858000:650000:0:0:0
05-17 12:15:13.042  1928  2050 D BtGatt.GattService: onScanResult to scannerId: 2- eventType=0x1a, addressType=1, address=478415_F, primaryPhy=1, secondaryPhy=0, advertisingSid=0xff, txPower=127, rssi=-43, periodicAdvInt=0x0
05-17 12:15:13.045  9171  9171 I MeshxBleScanRaw: device_id=47:84:15:36:05:EF rssi=-43 advertisement_b64=Gf///01CAQEBAB+AD7v0f1yM9wgG7dwoW8wAAAAAAAAAAAAAAAAAAAAAAAAAAAAAAAAAAAAAAAAAAAAAAAA= manufacturer_ids=[65535] service_uuids=[]
05-17 12:15:13.046  9171  9223 I Elixir  : BleSelfTest: DISTINCT MESH MESSAGE kind=beacon key=f70806eddc285bcc:1f800fbbf47f5c8c from=sender_hash=f70806eddc285bcc device_id=47:84:15:36:05:EF first_seen_after=16_callbacks
05-17 12:15:13.046  1928  2050 D BtGatt.GattService: onScanResult to scannerId: 2- eventType=0x10, addressType=1, address=1AB250_5, primaryPhy=1, secondaryPhy=0, advertisingSid=0xff, txPower=127, rssi=-94, periodicAdvInt=0x0
05-17 12:15:13.048  9171  9209 I BEAMout : 12:15:13.046 [info] BleSelfTest: DISTINCT MESH MESSAGE kind=beacon key=f70806eddc285bcc:1f800fbbf47f5c8c from=sender_hash=f70806eddc285bcc device_id=47:84:15:36:05:EF first_seen_after=16_callbacks
05-17 12:15:13.052  1928  2050 D BtGatt.GattService: onScanResult to scannerId: 2- eventType=0x1b, addressType=1, address=54186A_7, primaryPhy=1, secondaryPhy=0, advertisingSid=0xff, txPower=127, rssi=-64, periodicAdvInt=0x0
05-17 12:15:13.058  9171  9171 I MeshxBleFetch: {"v":1,"event":"fetch_gatt_experimental_warning","reason":"gatt_fetch_unvalidated_hardware","enabled_by_default":false,"allowed_surface":"explicit_debug_action","target_address":"54:18:6A:E8:A8:D7","request_id":"de8105da-6a95-4e46-9128-497d12e878c5","message_id_hash":"H4APu\/R\/XIw=","known_blocked_pair":true,"blocked_status":"android_gatt_error_133_before_service_discovery","device_model":"SM-T577U","android_api":33,"adapter_state":"on","adapter_enabled":true}
05-17 12:15:13.058  9171  9171 I MeshxBleFetch: {"v":1,"event":"fetch_connect_start","target_address":"54:18:6A:E8:A8:D7","request_id":"de8105da-6a95-4e46-9128-497d12e878c5","message_id_hash":"H4APu\/R\/XIw=","transport_mode":"transport_le","device_model":"SM-T577U","android_api":33,"adapter_state":"on","adapter_enabled":true}
05-17 12:15:13.058  9171  9171 I BluetoothAdapter: STATE_ON
05-17 12:15:13.061  9171  9171 D BluetoothGatt: connect() - device: 54186A_7, auto: false
05-17 12:15:13.061  9171  9171 D BluetoothGatt: registerApp()
05-17 12:15:13.061  9171  9171 D BluetoothGatt: registerApp() - UUID=0bc3ae4b-a284-49aa-9902-80d60dddfd4d
05-17 12:15:13.064  1928  1940 D BtGatt.GattService: registerClient(dev.meshx.mob) - UUID=0bc3ae4b-a284-49aa-9902-80d60dddfd4d
05-17 12:15:13.065  1928  2050 D BtGatt.GattService: onScanResult to scannerId: 2- eventType=0x1b, addressType=0, address=84E0F4_2, primaryPhy=1, secondaryPhy=0, advertisingSid=0xff, txPower=127, rssi=-86, periodicAdvInt=0x0
05-17 12:15:13.067  1928  1940 D BtGatt.ContextMap: add() - appUid: 10313, appPid: 9171, appName: dev.meshx.mob
05-17 12:15:13.068  1928  2656 W bt_bta_gattc: bta_gattc_register :: state: 2, uuid=0bc3ae4b-a284-49aa-9902-80d60dddfd4d
05-17 12:15:13.068  1928  2656 W bt_bta_gattc: Registered GATT client interface 7 with uuid=0bc3ae4b-a284-49aa-9902-80d60dddfd4d, starting it on main thread
05-17 12:15:13.068  1928  2656 W bt_bta_gattc: client_if=7
05-17 12:15:13.068  1928  2050 D BtGatt.GattService: onClientRegistered() - UUID=0bc3ae4b-a284-49aa-9902-80d60dddfd4d, clientIf=7
05-17 12:15:13.068  9171  9171 I MeshxBeaconFetch: fetch_start device_id=54:18:6A:E8:A8:D7 request_id=de8105da-6a95-4e46-9128-497d12e878c5 message_id_hash=1f800fbbf47f5c8c accepted=true
05-17 12:15:13.069  9171  9184 D BluetoothGatt: onClientRegistered() - status=0 clientIf=7
05-17 12:15:13.075  1928  1940 D BtGatt.GattService: clientConnect(dev.meshx.mob) - address = 54186A_7, isDirect=true transport =2 set own addr = false own addr type:0, clientIf: 7, opportunistic=false, phy: 1
05-17 12:15:13.078  1928  2656 W bt_btm_ble: BTM_SecAddBleDevice :: dev_type=0x3
05-17 12:15:13.078  1928  2656 W bt_bta_gattc: bta_gattc_process_api_open
05-17 12:15:13.079  1928  2656 I bt_stack: [INFO:bta_gattc_main.cc(314)] bta_gattc_sm_execute: State 0x00, Event 0x1f00
05-17 12:15:13.079  1928  2656 W bt_bta_gattc: bta_gattc_open
05-17 12:15:13.079  1928  2656 W bt_stack: [WARNING:gatt_api.cc(1238)] GATT_Connect
05-17 12:15:13.079  1928  2656 W bt_stack: Starting direct connect gatt_if=7 address=54186a
05-17 12:15:13.079  1928  2656 W bt_stack: gatt_act_connect
05-17 12:15:13.079  1928  2656 I bt_stack: [INFO:gatt_attr.cc(886)] gatt_sr_init_cl_status: bda=54186a, cl_supp_feat=0000, aware=1
05-17 12:15:13.079  1928  2656 W bt_stack: gatt_connect
05-17 12:15:13.079  1928  2656 W bt_stack: gatt_connect :: call acl_create_le_connection_with_id
05-17 12:15:13.079  1928  2656 W btm_acl : Creating le direct connection to:xx:xx:xx:xx:a8:d7[random]
05-17 12:15:13.079  1928  2656 W bt_stack: AcceptLeConnectionFrom xx:xx:xx:xx:a8:d7
05-17 12:15:13.080  1928  2050 D BtGatt.GattService: onScanResult to scannerId: 2- eventType=0x10, addressType=1, address=7D4F46_E, primaryPhy=1, secondaryPhy=0, advertisingSid=0xff, txPower=127, rssi=-35, periodicAdvInt=0x0
05-17 12:15:13.080  1928  2656 W bt_stack: gatt_if=7, is_add=1, peer_bda=54186a
05-17 12:15:13.080  1928  2656 W bt_stack: Hold link status of [54186a], size=0
05-17 12:15:13.080  1928  2656 W bt_stack: added gatt_if=7
05-17 12:15:13.080  1928  2282 W bt_stack: Allow Le connection from remote:xx:xx:xx:xx:a8:d7[RANDOM_DEVICE_ADDRESS]
05-17 12:15:13.081  1928  2282 W bt_stack: create_le_connection :: address : 54:18:6a, add_to_connect_list : 1, is_direct : 1
05-17 12:15:13.081  1928  2282 W bt_stack: add_device_to_connect_list 54:18:6a :: Send command after register
05-17 12:15:13.081  1928  2282 W bt_stack: Fast Connection Mode is already Set!!!
05-17 12:15:13.081  1928  2282 W bt_stack: Deferred until filter accept list has completed
05-17 12:15:13.081  1928  2282 W bt_stack: pause_registered_clients()
05-17 12:15:13.081  1928  2282 W bt_stack: le_scanning_manager :: OnPause()
05-17 12:15:13.081  1928  2282 W bt_stack: Stop LeSetExtendedScan
05-17 12:15:13.081  1928  2282 W bt_stack: le_scanning_manager :: OnPause() - call AckPause
05-17 12:15:13.081  1928  2282 W bt_stack: le_advertising_manager :: OnPause()
05-17 12:15:13.081  1928  2282 W bt_stack: le_advertising_manager :: OnPause() - advertising_sets is not empty
05-17 12:15:13.081  1928  2282 W bt_stack: le_advertising_manager :: OnPause() - Disable LeSetExtendedAdvertising
05-17 12:15:13.081  1928  2282 W bt_stack: le_advertising_manager :: OnPause() - call AckPause
05-17 12:15:13.081  1928  2282 W bt_stack: le_impl :: OnPause()
05-17 12:15:13.081  1928  2282 W bt_stack: le_impl :: ConnectabilityState is DISARMED. Call AckPause()
05-17 12:15:13.081  1928  2282 W bt_stack: pause_registered_clients()
05-17 12:15:13.082  1928  2282 W bt_stack: le_address_manager :: ack_pause()
05-17 12:15:13.082  1928  2282 W bt_stack: le_address_manager :: ack_pause() - make sure all client paused. Return
05-17 12:15:13.082  1928  2282 W bt_stack: le_address_manager :: ack_pause()
05-17 12:15:13.082  1928  2282 W bt_stack: le_address_manager :: ack_pause() - make sure all client paused. Return
05-17 12:15:13.082  1928  2282 W bt_stack: le_address_manager :: ack_pause()
05-17 12:15:13.083  1928  2282 W bt_stack: le_address_manager :: ack_pause() - handle_next_command
05-17 12:15:13.083  1928  2282 W bt_stack: handle_next_command()
05-17 12:15:13.087  1928  2050 D BtGatt.GattService: onScanResult to scannerId: 2- eventType=0x1b, addressType=1, address=54186A_7, primaryPhy=1, secondaryPhy=0, advertisingSid=0xff, txPower=127, rssi=-64, periodicAdvInt=0x0
05-17 12:15:13.094  1928  2282 W bt_stack: Received command complete with op_code LE_ADD_DEVICE_TO_FILTER_ACCEPT_LIST
05-17 12:15:13.095  1928  2282 W bt_stack: handle_next_command()
05-17 12:15:13.097  1928  2282 W bt_stack: Received command complete with op_code LE_ADD_DEVICE_TO_FILTER_ACCEPT_LIST
05-17 12:15:13.097  1928  2282 W bt_stack: le_scanning_manager :: OnResume()
05-17 12:15:13.097  1928  2282 W bt_stack: Start LeSetExtendedScan
05-17 12:15:13.097  1928  2282 W bt_stack: le_scanning_manager :: OnResume() - call AckResume
05-17 12:15:13.097  1928  2282 W bt_stack: le_advertising_manager :: OnResume()
05-17 12:15:13.097  1928  2282 W bt_stack: le_advertising_manager :: OnResume() - Enable LeSetExtendedAdvertising
05-17 12:15:13.097  1928  2282 W bt_stack: le_advertising_manager :: OnResume() - call AckResume
05-17 12:15:13.097  1928  2282 W bt_stack: le_impl :: OnResume()
05-17 12:15:13.097  1928  2282 W bt_stack: le_impl :: OnResume - Try arm connectability
05-17 12:15:13.097  1928  2282 W bt_stack: arm_connectability()
05-17 12:15:13.097  1928  2282 W bt_stack: le_impl :: check_for_unregister()
05-17 12:15:13.097  1928  2282 W bt_stack: le_address_manager :: ack_resume()
05-17 12:15:13.099  1928  2282 W bt_stack: le_address_manager :: ack_resume()
05-17 12:15:13.099  1928  2282 W bt_stack: le_address_manager :: ack_resume()
05-17 12:15:13.108  1928  2282 E bt_stack: on_extended_create_connection :: Command status is success. Set ConnectabilityState to ARMED
05-17 12:15:13.161  1928  2282 W bt_stack: on_le_enhanced_connection_complete()
05-17 12:15:13.161  1928  2282 W bt_stack: on_le_enhanced_connection_complete :: Role is central. Set connectability to DISARMED
05-17 12:15:13.161  1928  2282 W bt_stack: on_le_enhanced_connection_complete :: pause_connection : 0
05-17 12:15:13.161  1928  2282 I bt_stack: [INFO:btm_ble_connection_establishment.cc(108)] maybe_resolve_address: unable to match and resolve random address
05-17 12:15:13.161  1928  2282 W bt_stack: on_common_le_connection_complete()
05-17 12:15:13.161  1928  2282 W bt_stack: Remove Connection Timer!
05-17 12:15:13.161  1928  2282 W bt_stack: remove_device_from_connect_list 54:18:6a :: Send command after register
05-17 12:15:13.161  1928  2282 W bt_stack: le_impl::add() handle=0x41 addr=54:18:6a
05-17 12:15:13.161  1928  2282 W bt_stack: pause_registered_clients()
05-17 12:15:13.161  1928  2282 W bt_stack: le_scanning_manager :: OnPause()
05-17 12:15:13.161  1928  2282 W bt_stack: Stop LeSetExtendedScan
05-17 12:15:13.161  1928  2282 W bt_stack: le_scanning_manager :: OnPause() - call AckPause
05-17 12:15:13.161  1928  2282 W bt_stack: le_advertising_manager :: OnPause()
05-17 12:15:13.161  1928  2282 W bt_stack: le_advertising_manager :: OnPause() - advertising_sets is not empty
05-17 12:15:13.161  1928  2282 W bt_stack: le_advertising_manager :: OnPause() - Disable LeSetExtendedAdvertising
05-17 12:15:13.161  1928  2282 W bt_stack: le_advertising_manager :: OnPause() - call AckPause
05-17 12:15:13.161  1928  2282 W bt_stack: le_impl :: OnPause()
05-17 12:15:13.161  1928  2282 W bt_stack: le_impl :: ConnectabilityState is DISARMED. Call AckPause()
05-17 12:15:13.162  1928  2282 W bt_stack: pause_registered_clients()
05-17 12:15:13.162  1928  2656 W bt_stack: Le connection completed to device:54186a
05-17 12:15:13.162  1928  2656 W bt_stack: remove_all_clients_with_pending_connections :: address=54186a
05-17 12:15:13.162  1928  2656 I bt_stack: [INFO:btm_ble_connection_establishment.cc(108)] maybe_resolve_address: unable to match and resolve random address
05-17 12:15:13.162  1928  2656 W bt_stack: Le connection completed to device:54186a
05-17 12:15:13.162  1928  2656 W bt_stack: remove_all_clients_with_pending_connections :: address=54186a
05-17 12:15:13.162  1928  2656 W bt_l2cap: l2cu_initialize_fixed_ccb: don't cancel l2c_lcb_timer
05-17 12:15:13.163  1928  2282 W bt_stack: pause_registered_clients()
05-17 12:15:13.164  1928  2282 W bt_stack: le_address_manager :: ack_pause()
05-17 12:15:13.164  1928  2282 W bt_stack: le_address_manager :: ack_pause() - make sure all client paused. Return
05-17 12:15:13.164  1928  2282 W bt_stack: le_address_manager :: ack_pause()
05-17 12:15:13.164  1928  2282 W bt_stack: le_address_manager :: ack_pause() - make sure all client paused. Return
05-17 12:15:13.164  1928  2282 W bt_stack: le_address_manager :: ack_pause()
05-17 12:15:13.164  1928  2282 W bt_stack: le_address_manager :: ack_pause() - handle_next_command
05-17 12:15:13.164  1928  2282 W bt_stack: handle_next_command()
05-17 12:15:13.183  1928  2282 W bt_stack: Received command complete with op_code LE_REMOVE_DEVICE_FROM_FILTER_ACCEPT_LIST
05-17 12:15:13.183  1928  2282 W bt_stack: handle_next_command()
05-17 12:15:13.186  1928  2282 W bt_stack: on_timesync_event_callback() : handle=0x41, type=0, event_count=0, offset=346
05-17 12:15:13.187  1928  2282 W bt_stack: Received command complete with op_code LE_REMOVE_DEVICE_FROM_FILTER_ACCEPT_LIST
05-17 12:15:13.187  1928  2282 W bt_stack: handle_next_command()
05-17 12:15:13.192  1928  2282 W bt_stack: Received command complete with op_code LE_SET_RANDOM_ADDRESS
05-17 12:15:13.192  1928  2282 W bt_stack: le_scanning_manager :: OnResume()
05-17 12:15:13.192  1928  2282 W bt_stack: Start LeSetExtendedScan
05-17 12:15:13.192  1928  2282 W bt_stack: le_scanning_manager :: OnResume() - call AckResume
