--------- beginning of main
05-17 05:21:45.917  1928  2050 D BtGatt.GattService: onScanResult to scannerId: 2- eventType=0x10, addressType=1, address=38EBED_5, primaryPhy=1, secondaryPhy=0, advertisingSid=0xff, txPower=127, rssi=-94, periodicAdvInt=0x0
05-17 05:21:45.923  1928  2050 D BtGatt.GattService: onScanResult to scannerId: 2- eventType=0x1b, addressType=1, address=E146D4_F, primaryPhy=1, secondaryPhy=0, advertisingSid=0xff, txPower=127, rssi=-88, periodicAdvInt=0x0
05-17 05:21:45.945  1928  2050 D BtGatt.GattService: onScanResult to scannerId: 2- eventType=0x10, addressType=1, address=55FC6C_B, primaryPhy=1, secondaryPhy=0, advertisingSid=0xff, txPower=127, rssi=-85, periodicAdvInt=0x0
05-17 05:21:45.949  1928  2050 D BtGatt.GattService: onScanResult to scannerId: 2- eventType=0x1b, addressType=1, address=66E770_5, primaryPhy=1, secondaryPhy=0, advertisingSid=0xff, txPower=127, rssi=-38, periodicAdvInt=0x0
05-17 05:21:45.951  1928  2050 D BtGatt.GattService: onScanResult to scannerId: 2- eventType=0x1b, addressType=1, address=55DA99_8, primaryPhy=1, secondaryPhy=0, advertisingSid=0xff, txPower=127, rssi=-38, periodicAdvInt=0x0
05-17 05:21:45.954  1928  2050 D BtGatt.GattService: onScanResult to scannerId: 2- eventType=0x10, addressType=0, address=BC7E8B_B, primaryPhy=1, secondaryPhy=0, advertisingSid=0xff, txPower=127, rssi=-90, periodicAdvInt=0x0
05-17 05:21:45.974  1928  2050 D BtGatt.GattService: onScanResult to scannerId: 2- eventType=0x1b, addressType=1, address=44F154_6, primaryPhy=1, secondaryPhy=0, advertisingSid=0xff, txPower=127, rssi=-49, periodicAdvInt=0x0
--------- beginning of system
05-17 05:21:45.983  1200  2981 D ActivityManager: force stop from com.android.server.am.ActivityManagerService.forceStopPackage:4779 com.android.server.am.ActivityManagerShellCommand.runForceStop:1236 
05-17 05:21:45.983  1200  2981 I ActivityManager: Force stopping dev.mob.mob appid=10313 user=0: from pid 29084
05-17 05:21:45.984  1200  2981 I ActivityManager: Killing 28977:dev.mob.mob/u0a313 (adj 0): stop dev.mob.mob due to from pid 29084
05-17 05:21:45.985  1200  2981 D ActivityManager: proc ProcessRecord{508616a 28977:dev.mob.mob/u0a313} already removed. so we skip next process.
05-17 05:21:45.985  1200  2981 W ActivityTaskManager: Force removing ActivityRecord{8e91447 u0 dev.mob.mob/.MainActivity} t416 f}}: app died, no saved state
05-17 05:21:45.986  1200  2981 V WindowManager: Changing focus from Window{d428304 u0 dev.mob.mob/dev.mob.mob.MainActivity} to null displayId=0 Callers=com.android.server.wm.RootWindowContainer.updateFocusedWindowLocked:602 com.android.server.wm.WindowManagerService.updateFocusedWindowLocked:6869 com.android.server.wm.ActivityRecord.commitVisibility:6476 com.android.server.wm.ActivityRecord.commitVisibility:6487 
05-17 05:21:45.986  1200  2981 D MARsPolicyManager: onPackageResumedFG pkgName = dev.mob.mob, userId = 0
05-17 05:21:45.987  1200  2981 D StatusBarManagerService: notifyRequestedSystemKey recent=false home=false
05-17 05:21:45.987  1928  2248 I bt_stack: [INFO:le_scanning_manager.cc(180)] Scan in shim layer stopped
05-17 05:21:45.987  1928  2248 I bt_stack: [INFO:le_scanning_manager.cc(314)] SetScanParameters with scanning phys in shim layer: phy_cnt=1
05-17 05:21:45.987  1928  2248 I bt_stack: [INFO:le_scanning_manager.cc(320)] SetScanParameters: scan_type=1, scan_interval=2977, scan_window=324
05-17 05:21:45.987  1928  2248 I bt_stack: [INFO:le_scanning_manager.cc(180)] Scan in shim layer started
05-17 05:21:45.987  1928  2282 W bt_stack: le_address_manager :: scan() - Unregister
05-17 05:21:45.987  1928  2282 W bt_stack: Stop LeSetExtendedScan
05-17 05:21:45.988  1928  2282 W bt_stack: Start LeSetExtendedScan
05-17 05:21:45.988  1200  2981 V WindowManager: Setting visibility of Window{d428304 u0 dev.mob.mob/dev.mob.mob.MainActivity}: false, caller=com.android.server.wm.WindowContainer.sendAppVisibilityToClients:1295 com.android.server.wm.WindowToken.setClientVisible:453 com.android.server.wm.ActivityRecord.setClientVisible:7968 com.android.server.wm.ActivityRecord.onAnimationFinished:8907 com.android.server.wm.ActivityRecord.postApplyAnimation:6511 
05-17 05:21:45.989  1928  2282 W bt_stack: register_client :: client registered!!!
05-17 05:21:45.989  1200  2981 D RestrictionPolicy: isScreenCaptureEnabled : ret=true userId=0
05-17 05:21:45.989  1200  2981 D InputTransport: Input channel destroyed: 'd428304', fd=897
05-17 05:21:45.989  1200  2981 W InputManager-JNI: Input channel object 'd428304 dev.mob.mob/dev.mob.mob.MainActivity (client)' was disposed without first being removed with the input manager!
05-17 05:21:45.989  1200  2981 D InputTransport: Input channel destroyed: 'd428304', fd=903
05-17 05:21:45.989  1200  2981 V WindowManager: Remove Window{d428304 u0 dev.mob.mob/dev.mob.mob.MainActivity}: mSurfaceController=Surface(name=dev.mob.mob/dev.mob.mob.MainActivity$_28977)/@0xe1bdde5 mAnimatingExit=false mRemoveOnExit=false mHasSurface=true surfaceShowing=false animating=false app-animation=false mWillReplaceWindow=false mDisplayFrozen=false callers=com.android.server.wm.WindowState.removeIfPossible:3219 com.android.server.wm.WindowToken.removeAllWindowsIfPossible:236 com.android.server.wm.ActivityRecord.removeIfPossible:5057 com.android.server.wm.ActivityRecord.onRemovedFromDisplay:5172 com.android.server.wm.DisplayContent.removeAppToken:1695 com.android.server.wm.ActivityRecord.removeFromHistory:4776 
05-17 05:21:45.989  1200  2981 I WindowManager: Destroying surface Surface(name=dev.mob.mob/dev.mob.mob.MainActivity$_28977)/@0xe1bdde5 called by com.android.server.wm.WindowStateAnimator.destroySurface:955 com.android.server.wm.WindowStateAnimator.destroySurfaceLocked:537 com.android.server.wm.WindowState.removeImmediately:3139 com.android.server.wm.WindowState.removeIfPossible:3406 com.android.server.wm.WindowState.removeIfPossible:3219 com.android.server.wm.WindowToken.removeAllWindowsIfPossible:236 com.android.server.wm.ActivityRecord.removeIfPossible:5057 com.android.server.wm.ActivityRecord.onRemovedFromDisplay:5172 
05-17 05:21:45.990  1200  2981 D RestrictionPolicy: isScreenCaptureEnabled : ret=true userId=0
05-17 05:21:45.990  1200  2981 I WindowManager: Cancelling animation restarting=true, leash=Surface(name=Surface(name=b80621 InputMethod)/@0x5e87407 - animation-leash of insets_animation)/@0x3ff76cc
05-17 05:21:45.990  1200  2981 I WindowManager: Reparenting to original parent: Surface(name=WindowToken{bf4b1ad type=2011 android.os.Binder@f208ec4})/@0xbbdb934, destroy=false, surface=Surface(name=b80621 InputMethod)/@0x5e87407
05-17 05:21:45.990  1200  2981 I WindowManager: Reparenting to leash, surface=Surface(name=b80621 InputMethod)/@0x5e87407, leashParent=Surface(name=WindowToken{bf4b1ad type=2011 android.os.Binder@f208ec4})/@0xbbdb934
05-17 05:21:45.990   914  6826 I SurfaceFlinger: id=453 createSurf flag=24004, Surface(name=b80621 InputMethod)/@0x5e87407 - animation-leash of insets_animation#453
05-17 05:21:45.990  1200  2981 D WindowManager: makeSurface duration=0 leash=Surface(name=Surface(name=b80621 InputMethod)/@0x5e87407 - animation-leash of insets_animation)/@0x5afdb6b
05-17 05:21:45.991  1200  2981 V WindowManager: Nulling last startingData
05-17 05:21:45.993   914   937 I SurfaceFlinger: id=454 createSurf flag=24004, Task=416#454
05-17 05:21:45.994   914   937 I SurfaceFlinger: id=437 Removed Surface(name=b80621 InputMethod)/@0x5e87407 - animation-leash of insets_animation#437 (97)
05-17 05:21:45.995  1200  2981 V MARsPolicyManager: Current Home Package com.sec.android.app.launcher Resumed
05-17 05:21:45.995  1200  2981 D MARsPolicyManager: onPackageResumedFG pkgName = com.sec.android.app.launcher, userId = 0
05-17 05:21:45.995  1200  2981 I SemDvfsHyPerManager: acquire hyper - AMS_APP_HOME/1200@27, type = -999
05-17 05:21:45.995 23472 23472 I InputMethodService: removeImeSurface
05-17 05:21:45.995   864   921 I HYPER-HAL: [RequestManager.cpp]acquire(): Acquired ID : 753405  [1200 / 27]    HINT : AMS_APP_HOME    list : 
05-17 05:21:45.995   864   921 E HYPER-HAL: [HandlerSysfs.cpp]doResourceHandling(): Couldn't Open Sysfs - /sys/power/cstate_control
05-17 05:21:45.995 23472 23472 I MSHandlerLifeCycle: check: return. pkg=com.samsung.android.honeyboard isActivity=false callers=com.android.internal.policy.DecorView.setVisibility:4487 android.app.Dialog.hide:767 android.inputmethodservice.InputMethodService.removeImeSurface:1297 android.inputmethodservice.InputMethodService.scheduleImeSurfaceRemoval:1286 android.inputmethodservice.InputMethodService.-$$Nest$mscheduleImeSurfaceRemoval:0 
05-17 05:21:45.996  1200  2981 D ActivityManagerPerformance: AMP_acquire() HOME
05-17 05:21:45.996 23472 23472 I MSHandlerLifeCycle: removeMultiSplitHandler: no exist. decor=DecorView@325b854[InputMethod]
05-17 05:21:45.996  1200  2981 W WindowManager: Prepare app transition: mNextAppTransitionRequests=[TRANSIT_OPEN], mNextAppTransitionFlags=, displayId: 0 Callers=com.android.server.wm.DisplayContent.prepareAppTransition:6543 com.android.server.wm.DisplayContent.prepareAppTransition:6534 com.android.server.wm.TaskFragment.resumeTopActivity:1638 com.android.server.wm.TaskFragment.resumeTopActivity:1354 com.android.server.wm.Task.resumeTopActivityInnerLocked:6685 
05-17 05:21:45.996  1200  2981 V WindowManager: Setting visibility of Window{bbce428 u0 com.sec.android.app.launcher/com.sec.android.app.launcher.activities.LauncherActivity}: true, caller=com.android.server.wm.WindowContainer.sendAppVisibilityToClients:1295 com.android.server.wm.WindowToken.setClientVisible:453 com.android.server.wm.ActivityRecord.setClientVisible:7968 com.android.server.wm.ActivityRecord.setVisibility:6334 com.android.server.wm.ActivityRecord.setVisibility:6215 
05-17 05:21:45.996  2905  2905 I SemDvfsHyPerManager: acquire hyper - APP_START_HOME/2905@13, type = -999
05-17 05:21:45.996  2413  2413 I ViewRootImpl@c60329[LauncherActivity]: handleAppVisibility mAppVisible = false visible = true
05-17 05:21:45.996  1200  2981 D ActivityTaskManager: scheduleTopResumedActivityChanged, onTop=true r=ActivityRecord{6b81964 u0 com.sec.android.app.launcher/.activities.LauncherActivity} t403} caller=com.android.server.wm.ActivityTaskSupervisor.scheduleTopResumedActivityStateIfNeeded:2591 com.android.server.wm.ActivityTaskSupervisor.updateTopResumedActivityIfNeeded:2583 com.android.server.wm.TaskFragment.setResumedActivity:508 com.android.server.wm.TaskFragment.onActivityStateChanged:820 com.android.server.wm.ActivityRecord.setState:6665 com.android.server.wm.TaskFragment.resumeTopActivity:1684 
05-17 05:21:45.997  1200  2981 D InputDispatcher: Focused application(0): ActivityRecord{6b81964 u0 com.sec.android.app.launcher/.activities.LauncherActivity} t403}
05-17 05:21:45.997   864   921 I HYPER-HAL: [RequestManager.cpp]acquire(): Acquired ID : 4258834  [2905 / 13]    HINT : APP_START    list : [KERNEL_APP_START_NOTIFY / 0] [TIMEOUT / 1500] 
05-17 05:21:45.997  1200  2981 D SGM:FgCheckThread: TaskStackListener.onTaskFocusChanged(), taskId=403, focused=true
05-17 05:21:45.997  1200  2981 D SGM:FgCheckThread:   sendRunningComponentFocus(), pkgName: com.sec.android.app.launcher, userId: 0
05-17 05:21:45.997  1200  1419 D SGM:FgCheckThread: onLooperPrepared(), msg: MSG_TASK_FOCUSED, pkgName: com.sec.android.app.launcher, userId: 0
05-17 05:21:45.997  1200  1419 D SGM:FgCheckThread: handleTaskFocused().
05-17 05:21:45.997  1200  1419 D SGM:FgCheckThread: sendFocusOutConditionally() - mPrevNotiPkg: (unknown), userId: 0
05-17 05:21:45.997  1200  1462 D AS.MultiSoundManager: mForegroundUid = 10120
05-17 05:21:45.997  1200  1419 D SGM:FgCheckThread:   handleTaskFocused(), pkgName: com.sec.android.app.launcher, userID:0 mResumedPkgMap does not containsKey.
05-17 05:21:45.998  1200  2981 D WindowManagerServiceExt: notifyOccludeChangeNotice: reset caller=com.android.server.wm.WindowManagerServiceExt.updateOccludeTargetIfNeeded:1423 com.android.server.wm.DisplayContent.ensureActivitiesVisible:7598 com.android.server.wm.RootWindowContainer.ensureActivitiesVisible:2270 com.android.server.wm.RootWindowContainer.ensureVisibilityAndConfig:2148 com.android.server.wm.TaskFragment.resumeTopActivity:1707 
05-17 05:21:45.998  1200  2981 V WindowManager: rotationForOrientation(orient=SCREEN_ORIENTATION_UNSPECIFIED (-1), last=ROTATION_0 (0)); user=ROTATION_0 (0) 
05-17 05:21:45.998  1200  2981 D WindowManager: rotationForOrientation, orientationSource=ActivityRecord{6b81964 u0 com.sec.android.app.launcher/.activities.LauncherActivity} t403}
05-17 05:21:45.998  1200  2981 V WindowManager: rotationForOrientation(orient=SCREEN_ORIENTATION_UNSPECIFIED (-1), last=ROTATION_0 (0)); user=ROTATION_0 (0) 
05-17 05:21:45.998  1200  2981 D WindowManager: rotationForOrientation, orientationSource=ActivityRecord{6b81964 u0 com.sec.android.app.launcher/.activities.LauncherActivity} t403}
05-17 05:21:45.998  1200  2981 V WindowManager: Computed rotation=ROTATION_0 (0) for display id=0 based on lastOrientation=SCREEN_ORIENTATION_UNSPECIFIED (-1) and oldRotation=ROTATION_0 (0), caller=com.android.server.wm.DisplayRotation.updateOrientation:432 com.android.server.wm.DisplayContent.updateOrientation:2003 com.android.server.wm.DisplayContent.updateOrientation:1903 com.android.server.wm.RootWindowContainer.ensureVisibilityAndConfig:2161 com.android.server.wm.TaskFragment.resumeTopActivity:1707 com.android.server.wm.TaskFragment.resumeTopActivity:1354 
05-17 05:21:45.998   914   914 I SurfaceFlinger: SFWD update time=183753571517298
05-17 05:21:45.999   914   914 I Layer   : Layer [dev.mob.mob/dev.mob.mob.MainActivity$_28977#449] hidden!! flag(1)
05-17 05:21:45.999   914   914 I Layer   : id=447 removeFromCurrentState f58d386 ActivityRecordInputSink dev.mob.mob/.MainActivity#447 (97)
05-17 05:21:45.999   914   914 I Layer   : id=449 removeFromCurrentState dev.mob.mob/dev.mob.mob.MainActivity$_28977#449 (97)
05-17 05:21:45.999   914   914 I Layer   : id=452 removeFromCurrentState Surface(name=b80621 InputMethod)/@0x5e87407 - animation-leash of insets_animation#452 (97)
05-17 05:21:45.999   914   914 I Layer   : id=105 removeFromCurrentState b80621 InputMethod#105 (97)
05-17 05:21:45.999  1200  2981 D TspStateManager: updateCustomValue customSetting=
05-17 05:21:45.999   914   914 I Layer   : id=448 removeFromCurrentState d428304 dev.mob.mob/dev.mob.mob.MainActivity#448 (97)
05-17 05:21:45.999  1200  2981 V WindowManager: rotationForOrientation(orient=SCREEN_ORIENTATION_UNSPECIFIED (-1), last=ROTATION_0 (0)); user=ROTATION_0 (0) 
05-17 05:21:45.999   914   914 I Layer   : id=105 addToCurrentState b80621 InputMethod#105 (97)
05-17 05:21:45.999  1200  2981 D WindowManager: rotationForOrientation, orientationSource=ActivityRecord{6b81964 u0 com.sec.android.app.launcher/.activities.LauncherActivity} t403}
05-17 05:21:45.999   914   914 I SurfaceFlinger: id=448 Removed d428304 dev.mob.mob/dev.mob.mob.MainActivity#448 (97)
05-17 05:21:45.999   914   914 I SurfaceFlinger: id=447 Removed f58d386 ActivityRecordInputSink dev.mob.mob/.MainActivity#447 (97)
05-17 05:21:45.999  1200  2981 D TspStateManager: updateCustomValue customSetting=
05-17 05:21:45.999   914   914 I Layer   : id=437 Destroyed Surface(name=b80621 InputMethod)/@0x5e87407 - animation-leash of insets_animation#437
05-17 05:21:46.000   914   914 I Layer   : id=447 Destroyed f58d386 ActivityRecordInputSink dev.mob.mob/.MainActivity#447
05-17 05:21:46.000   914   914 I Layer   : id=448 Destroyed d428304 dev.mob.mob/dev.mob.mob.MainActivity#448
05-17 05:21:46.000  1200  2959 D InputDispatcher: Focus left window (0): d428304 dev.mob.mob/dev.mob.mob.MainActivity
05-17 05:21:46.000  1200  2981 W WindowManager: Execute app transition: mNextAppTransitionRequests=[TRANSIT_OPEN], mNextAppTransitionFlags=, displayId: 0 Callers=com.android.server.wm.RootWindowContainer.executeAppTransitionForAllDisplay:2658 com.android.server.wm.ActivityTaskSupervisor.reportResumedActivityLocked:2343 com.android.server.wm.ActivityRecord.completeResumeLocked:7264 com.android.server.wm.TaskFragment.resumeTopActivity:1805 com.android.server.wm.TaskFragment.resumeTopActivity:1354 
05-17 05:21:46.000  2413  2413 I ViewRootImpl@c60329[LauncherActivity]: stopped(false) old = true
05-17 05:21:46.001  2413  2413 I ViewRootImpl@c60329[LauncherActivity]: WindowStopped on com.sec.android.app.launcher/com.sec.android.app.launcher.activities.LauncherActivity set to false
05-17 05:21:46.001  2413  2413 I Launcher: !@Boot_DEBUG: Launcher.onStart()
05-17 05:21:46.001  2413  2413 I Launcher: !@Boot_EBS_D: Launcher.onStart()
05-17 05:21:46.001  2413  2413 I BaseActivity: addActivityFlags, flags : 1
05-17 05:21:46.001  2413  2413 I WallpaperBlurController: dispatchTransactionSurface: mCurrentBlur = 0
05-17 05:21:46.001  2413  2413 W LauncherAppWidgetHost: setShouldListenFlag, mFlags:2 flag:start on:true isFront:false
05-17 05:21:46.001  2413  2413 W Launcher: onStart isListening : false isLoading false
05-17 05:21:46.002   914   914 D SurfaceFlinger: Display 0 HWC layers:
05-17 05:21:46.002   914   914 D SurfaceFlinger:      DEVICE | 0x7879328ac0 | 0100 | RGBA_8888    |    0.0    0.0 1200.0   48.0 |    0    0 1200   48 | StatusBar$_1613#79
05-17 05:21:46.002   914   914 D SurfaceFlinger:      DEVICE | 0x791ce8e780 | 0100 | RGBA_8888    |    0.0    0.0   67.0  311.0 | 1133  328 1200  639 | com.samsung.android.app.cocktailbars[...]service.CocktailBarService$_5662#421
05-17 05:21:46.002   914   914 D SurfaceFlinger: 
05-17 05:21:46.002  2413  2413 I MSHandlerLifeCycle: removeMultiSplitHandler: no exist. decor=DecorView@122ca45[LauncherActivity]
05-17 05:21:46.002  2413  2413 I ViewRootImpl@c60329[LauncherActivity]: stopped(false) old = false
05-17 05:21:46.002  2413  2413 I Launcher: !@Boot_DEBUG: Launcher.onResume()
05-17 05:21:46.002  2413  2413 I Launcher: !@Boot_EBS_D: Launcher.onResume()
05-17 05:21:46.003  2413  2413 I BaseActivity: addActivityFlags, flags : 18
05-17 05:21:46.003  2413  2413 I BaseActivity: removeActivityFlags, flags : 32
05-17 05:21:46.003  2413  2413 I AppsSearchBar: restoreCurrentCellLayoutAlpha: []
05-17 05:21:46.003  2413  2413 I AppsSearchBar: mCurrentCellLayouts onAnimationEnd
05-17 05:21:46.003  2413  2413 W PageOverlayMover: isMoving : false
05-17 05:21:46.003  2413  2413 I DecorView: notifyKeepScreenOnChanged: keepScreenOn=false
05-17 05:21:46.004  1200  2981 I ActivityManager: Changes in 10120 5 to 2, 8 to 15
05-17 05:21:46.004  1928  2050 W bt_btif : btif_dm_update_ble_remote_properties cod is 0x000000
05-17 05:21:46.004  1200  2981 I AppOps  : updateUidProcState uid: 10120 procState: 2 capability:15
05-17 05:21:46.004  1928  2050 W bt_btif : btif_dm_update_ble_remote_properties cod is 0, checking cod from storage
05-17 05:21:46.004  1200  2981 I AppOps  : commitUidPendingStateLocked() :: UID - 10120, 500 > 200, 8 > 15
05-17 05:21:46.004  1928  2050 W bt_btif : btif_dm_update_ble_remote_properties cod retrieved from storage is 0x001f00
05-17 05:21:46.004  1200  2981 I ActivityManager: updateOomAdj start time is before than pendingPid added, don't delete it
05-17 05:21:46.004  1200  1252 W libprocessgroup: Failed to open /dev/blkio//cgroup.procs: No such file or directory
05-17 05:21:46.003  2413  2516 I IMM_LC  : hsifw() - flag : 0
05-17 05:21:46.004  2413  2516 I IMM_LC  : hsifw() - mService.hideSoftInput
05-17 05:21:46.004  1928  2050 D BtGatt.GattService: onScanResult to scannerId: 2- eventType=0x1b, addressType=1, address=DD0D30_2, primaryPhy=1, secondaryPhy=0, advertisingSid=0xff, txPower=127, rssi=-61, periodicAdvInt=0x0
05-17 05:21:46.004  2413  2413 I Launcher: setWallpaperOffsets
05-17 05:21:46.004  1200  2979 D InputMethodManagerService: hideSoftInput
05-17 05:21:46.005  2413 12257 I Launcher: DisplayMetrics from Resources : DisplayMetrics{density=2.0, width=1200, height=1920, scaledDensity=2.0, xdpi=282.222, ydpi=283.534}
05-17 05:21:46.005  2413 12257 I Launcher: realMetrics from Wm : DisplayMetrics{density=2.0, width=1200, height=1920, scaledDensity=2.0, xdpi=282.222, ydpi=283.534}
05-17 05:21:46.005  2413 12257 I Launcher: Launcher DeviceProfile onResume availSize: 1200x1920 windowSize: 1200x1920 isLandscape: false
05-17 05:21:46.005  2413  2413 I DecorView: notifyKeepScreenOnChanged: keepScreenOn=false
05-17 05:21:46.005  2413  2413 I MSHandlerLifeCycle: removeMultiSplitHandler: no exist. decor=DecorView@122ca45[LauncherActivity]
05-17 05:21:46.006  1200  2981 W WindowManager: Execute app transition: mNextAppTransitionRequests=[TRANSIT_OPEN], mNextAppTransitionFlags=, displayId: 0 Callers=com.android.server.wm.Task.executeAppTransition:8162 com.android.server.wm.RootWindowContainer.lambda$resumeFocusedTasksTopActivities$22:2828 com.android.server.wm.RootWindowContainer.$r8$lambda$YgmHtxd-tVNDRD3kK-BeamoDpW4:0 com.android.server.wm.RootWindowContainer$$ExternalSyntheticLambda18.accept:13 com.android.server.wm.Task.forAllRootTasks:4260 
05-17 05:21:46.006  2413  2413 I BaseActivity: addActivityFlags, flags : 4
05-17 05:21:46.006  1200  2981 W WindowManager: Execute app transition: mNextAppTransitionRequests=[TRANSIT_OPEN], mNextAppTransitionFlags=, displayId: 0 Callers=com.android.server.wm.Task.executeAppTransition:8162 com.android.server.wm.TaskFragment.resumeTopActivity:1409 com.android.server.wm.TaskFragment.resumeTopActivity:1354 com.android.server.wm.Task.resumeTopActivityInnerLocked:6685 com.android.server.wm.Task.resumeTopActivityUncheckedLocked:6576 
05-17 05:21:46.006  2413  2413 I Launcher: onDeferredResumed
05-17 05:21:46.006  2413  2413 I InstallShortcutReceiver: flushInstallQueue 0
05-17 05:21:46.006  1200  2979 W InputMethodManagerService: Ignoring hideSoftInput of uid 10120: com.android.internal.view.IInputMethodClient$Stub$Proxy@2a216e0
05-17 05:21:46.006  2413  2413 I Launcher.NotificationListener: registerObserver this is not notificationService!!
05-17 05:21:46.006  2413  2413 I Launcher.NotificationListener: onNotificationFullRefresh
05-17 05:21:46.006  2413  2413 I BadgeCountUpdaterImpl: onNotificationsChangedConnected
05-17 05:21:46.006  2413  2413 W LauncherAppWidgetHost: setShouldListenFlag, mFlags:6 flag:resume on:true isFront:false
05-17 05:21:46.007  2413  2517 I InstallShortcutReceiver: flushQueueInBackground 0
05-17 05:21:46.007  1200  2979 I AppWidgetServiceImpl: startListening callbacks : com.android.internal.appwidget.IAppWidgetHost$Stub$Proxy@33c2d99
05-17 05:21:46.008  2413  2413 W LauncherAppWidgetHost: startListening, mFlags:15 isFront:false
05-17 05:21:46.009  5668  5770 D KnoxHelper: getActivityList callingUserId: 0, target user: 0
05-17 05:21:46.009  1200  1240 I GameSDK@LifeCycle: noteResumeComponent(): package name  : com.sec.android.app.launcher
05-17 05:21:46.010  1200  1248 W BroadcastQueue: Background execution not allowed: receiving Intent { act=android.intent.action.PACKAGE_RESTARTED dat=package: flg=0x10 (has extras) } to android/com.kddi.android.CpaNotiReceiver
05-17 05:21:46.010  1567  1567 D CarrierSvcBindHelper: onHandleForceStop: [dev.mob.mob]
05-17 05:21:46.011  1567  1567 D CarrierSvcBindHelper: No carrier app for: 0
05-17 05:21:46.011  1928  2050 D BluetoothUtils: getBtEnabledContainers(): btContainers = []
05-17 05:21:46.011  1928  2050 E BluetoothRemoteDevices: Remote class is UNCATEGORIZED
05-17 05:21:46.011  1928  2050 D BtGatt.GattService: onScanResult to scannerId: 2- eventType=0x10, addressType=1, address=7920E0_7, primaryPhy=1, secondaryPhy=0, advertisingSid=0xff, txPower=127, rssi=-86, periodicAdvInt=0x0
05-17 05:21:46.012  1200  1248 I ActivityManager: updateOomAdj start time is before than pendingPid added, don't delete it
05-17 05:21:46.012  1200  1240 D SGM:GameManager: identifyGamePackage. com.sec.android.app.launcher, mCurrentUserId: 0, callerUserId: 0, callingMethodInfo: com.samsung.android.game.SemGameManager.isGamePackage(SemGameManager.java:104)
05-17 05:21:46.012  1567  1567 D CarrierSvcBindHelper: No carrier app for: 1
05-17 05:21:46.012  5668  5770 D KnoxHelper: getActivityList callingUserId: 0, target user: 0
05-17 05:21:46.012  1200  1240 D SGM:PkgDataHelper: getGamePkgData(). com.sec.android.app.launcher
05-17 05:21:46.012  1200  1240 D SGM:SemGameManager: isGamePackage(), pkgName=com.sec.android.app.launcher, ret=false
05-17 05:21:46.012  1613  1862 V BluetoothEventManager: onReceive :: android.bluetooth.device.action.NAME_CHANGED
05-17 05:21:46.013  1200  1240 D SGM:FgCheckThread: noteResumeComponent(), received pkgName: com.sec.android.app.launcher, userId: 0
05-17 05:21:46.013  1200  1419 D SGM:FgCheckThread: onLooperPrepared(), msg: MSG_APP_RESUME, pkgName: com.sec.android.app.launcher, userid: 0
05-17 05:21:46.013  1200  1419 D SGM:FgCheckThread: handleResume().
05-17 05:21:46.013  1200  1484 I CocktailBarManagerServiceContainer: handleMessage: entry what = 5
05-17 05:21:46.013  1200  1419 D SGM:FgCheckThread: sendFocusOutConditionally() - mPrevNotiPkg: (unknown), userId: 0
05-17 05:21:46.013  1200  1419 D SGM:FgCheckThread:   handleResume(). pkgName: com.sec.android.app.launcher, userId: 0, isTunableApp: null
05-17 05:21:46.013  1200  1419 D SGM:FgCheckThread: notifyFocusInOut(). of pkg: com.sec.android.app.launcher, type: 4, isTunableApp: false, userId: 0
05-17 05:21:46.013  1200  1419 D SGM:FgCheckThread:   notifyFocusInOut(). unexpected mPrevNotiType: -1
05-17 05:21:46.013  1200  1419 D SGM:SystemHelper: callReleaseBlock needReleaseBlock:false
05-17 05:21:46.012  1948  1948 D RegisteredNfcFServicesCache: Service unchanged, not updating
05-17 05:21:46.013  5668  5770 D KnoxHelper: getActivityList callingUserId: 0, target user: 0
05-17 05:21:46.014  1200  2959 I AppOps  : updateUidProcState uid: 10212 procState: 3 capability:15
05-17 05:21:46.014  1200  2959 I AppOps  : updateUidProcState uid: 10211 procState: 3 capability:15
05-17 05:21:46.014  1200  2959 I ActivityManager: updateOomAdj start time is before than pendingPid added, don't delete it
05-17 05:21:46.014  1200  1252 W libprocessgroup: Failed to open /dev/blkio//cgroup.procs: No such file or directory
05-17 05:21:46.015  1200  1252 W libprocessgroup: Failed to open /dev/blkio//cgroup.procs: No such file or directory
05-17 05:21:46.015   914   914 I Layer   : id=444 removeFromCurrentState ActivityRecord{8e91447 u0 dev.mob.mob/.MainActivity} t416}#444 (94)
05-17 05:21:46.015  5662  5662 I ActivityUtils: HomePackage : com.sec.android.app.launcher, resumePackageName : com.sec.android.app.launcher
05-17 05:21:46.015   914   914 I Layer   : id=443 removeFromCurrentState Task=416#443 (94)
05-17 05:21:46.015   914   914 I Layer   : id=454 removeFromCurrentState Task=416#454 (94)
05-17 05:21:46.015   914   914 D SurfaceFlinger: [input] inputWindowCommands.focusRequests size is 1
05-17 05:21:46.015   914   914 I SurfaceFlinger: id=444 Removed ActivityRecord{8e91447 u0 dev.mob.mob/.MainActivity} t416}#444 (94)
05-17 05:21:46.016   914   914 I SurfaceFlinger: id=454 Removed Task=416#454 (94)
05-17 05:21:46.016   914   914 I Layer   : id=444 Destroyed ActivityRecord{8e91447 u0 dev.mob.mob/.MainActivity} t416}#444
05-17 05:21:46.016   914   914 I Layer   : id=454 Destroyed Task=416#454
05-17 05:21:46.016  2413  2413 I ViewRootImpl@c60329[LauncherActivity]: performTraversals params={(0,0)(fillxfill) sim={adjust=nothing forwardNavigation} layoutInDisplayCutoutMode=shortEdges ty=BASE_APPLICATION fmt=TRANSPARENT wanim=0x10302f4
05-17 05:21:46.016  2413  2413 I ViewRootImpl@c60329[LauncherActivity]:   fl=81910100
05-17 05:21:46.016  2413  2413 I ViewRootImpl@c60329[LauncherActivity]:   pfl=1e020040
05-17 05:21:46.016  2413  2413 I ViewRootImpl@c60329[LauncherActivity]:   vsysui=1700
05-17 05:21:46.016  2413  2413 I ViewRootImpl@c60329[LauncherActivity]:   bhv=SHOW_TRANSIENT_BARS_BY_SWIPE
05-17 05:21:46.016  2413  2413 I ViewRootImpl@c60329[LauncherActivity]:   fitSides= screenDimDuration=200000 naviIconColor=0}
05-17 05:21:46.016  2413  2524 I LiveIconUpdateEventHandler: cancelDateChangeAlarm
05-17 05:21:46.017  2413  2413 I ViewRootImpl@c60329[LauncherActivity]: performTraversals mFirst=false windowShouldResize=false viewVisibilityChanged=true mForceNextWindowRelayout=false params={(0,0)(fillxfill) sim={adjust=nothing forwardNavigation} layoutInDisplayCutoutMode=shortEdges ty=BASE_APPLICATION fmt=TRANSPARENT wanim=0x10302f4
05-17 05:21:46.017  2413  2413 I ViewRootImpl@c60329[LauncherActivity]:   fl=81910100
05-17 05:21:46.017  2413  2413 I ViewRootImpl@c60329[LauncherActivity]:   pfl=1e020040
05-17 05:21:46.017  2413  2413 I ViewRootImpl@c60329[LauncherActivity]:   vsysui=1700
05-17 05:21:46.017  2413  2413 I ViewRootImpl@c60329[LauncherActivity]:   bhv=SHOW_TRANSIENT_BARS_BY_SWIPE
05-17 05:21:46.017  2413  2413 I ViewRootImpl@c60329[LauncherActivity]:   fitSides= screenDimDuration=200000 naviIconColor=0}
05-17 05:21:46.017   914  1042 D SurfaceFlinger: [input] setFocusedWindow: <null>
05-17 05:21:46.017  1928  2050 W bt_btif : btif_dm_update_ble_remote_properties cod is 0x000000
05-17 05:21:46.017  1928  2050 W bt_btif : btif_dm_update_ble_remote_properties cod is 0, checking cod from storage
05-17 05:21:46.017  1928  2050 W bt_btif : btif_dm_update_ble_remote_properties cod retrieved from storage is 0x001f00
05-17 05:21:46.017  1200  1200 I Pageboost: package null
05-17 05:21:46.018  1928  2050 D BtGatt.GattService: onScanResult to scannerId: 2- eventType=0x1b, addressType=0, address=84E0F4_2, primaryPhy=1, secondaryPhy=0, advertisingSid=0xff, txPower=127, rssi=-77, periodicAdvInt=0x0
05-17 05:21:46.018  2548  2548 E pageboostd: Received HALT command code 2
05-17 05:21:46.018  5668  5770 D KnoxHelper: getActivityList callingUserId: 0, target user: 0
05-17 05:21:46.018  2413  2517 I Launcher.NotificationListener: notificationIsValidForUI : com.google.android.gms missingTitleAndText : false isGroupHeader : false
05-17 05:21:46.018  2413  2517 I Launcher.NotificationListener: Full refresh isConnected : true active size : 1
05-17 05:21:46.018  1200  2959 V WindowManager: Relayout Window{bbce428 u0 com.sec.android.app.launcher/com.sec.android.app.launcher.activities.LauncherActivity}: viewVisibility=0 req=1200x1920 d0
05-17 05:21:46.018   984   984 I CameraService: onUidStateChanged: uid=10212, procState is changed. (5 -> 3)
05-17 05:21:46.018  1200  2959 D RestrictionPolicy: isScreenCaptureEnabled : ret=true userId=0
05-17 05:21:46.019   914  6826 I SurfaceFlinger: id=455 createSurf flag=40004, com.sec.android.app.launcher/com.sec.android.app.launcher.activities.LauncherActivity$_2413#455
05-17 05:21:46.019  1200  2959 D WindowManager: makeSurface duration=1 name=com.sec.android.app.launcher/com.sec.android.app.launcher.activities.LauncherActivity$_2413
05-17 05:21:46.020  5668  5770 D KnoxHelper: getActivityList callingUserId: 0, target user: 0
05-17 05:21:46.020  2413  2524 I LiveIconUpdateEventHandler: setDateChangeAlarm Mon May 18 00:00:00 PDT 2026
05-17 05:21:46.020 22914 22914 I byee    : onStart
05-17 05:21:46.021  5668  5770 D KnoxHelper: getActivityList callingUserId: 0, target user: 0
05-17 05:21:46.023  1928  2050 D BluetoothUtils: getBtEnabledContainers(): btContainers = []
05-17 05:21:46.023  1928  2050 E BluetoothRemoteDevices: Remote class is UNCATEGORIZED
05-17 05:21:46.023  1928  2050 D BtGatt.GattService: onScanResult to scannerId: 2- eventType=0x1b, addressType=1, address=421060_E, primaryPhy=1, secondaryPhy=0, advertisingSid=0xff, txPower=127, rssi=-69, periodicAdvInt=0x0
05-17 05:21:46.024  1613  1862 V BluetoothEventManager: onReceive :: android.bluetooth.device.action.NAME_CHANGED
05-17 05:21:46.024  2413  2524 I LiveIconViewUpdater: onUpdateLiveIcon - id : 27, itemType : 0
05-17 05:21:46.024  5668  5770 D KnoxHelper: getActivityList callingUserId: 0, target user: 0
05-17 05:21:46.024  2413  2524 I LiveIconViewUpdater: onUpdateLiveIcon - id : 56, itemType : 0
05-17 05:21:46.025  2413  2524 I LiveIconUpdateEventHandler: cancelMinuteChangeAlarm
05-17 05:21:46.025  5668  5770 D KnoxHelper: getActivityList callingUserId: 0, target user: 0
05-17 05:21:46.026  2413  2524 I LiveIconUpdateEventHandler: setMinuteChangeAlarm Sun May 17 05:22:00 PDT 2026
05-17 05:21:46.026  5668  5770 D KnoxHelper: getActivityList callingUserId: 0, target user: 0
05-17 05:21:46.026  5668  5770 D KnoxHelper: getActivityList callingUserId: 0, target user: 0
05-17 05:21:46.027  2413  2524 I LiveIconViewUpdater: onUpdateLiveIcon - id : 58, itemType : 0
05-17 05:21:46.027  5668  5770 D KnoxHelper: getActivityList callingUserId: 0, target user: 0
05-17 05:21:46.027  2413  2524 I SPayUpdater: updateSpayHandler, show = true, defaultPage = true
05-17 05:21:46.027 22914 22914 I byee    : onResume
05-17 05:21:46.028  1200  2959 V WindowManager: Changing focus from null to Window{bbce428 u0 com.sec.android.app.launcher/com.sec.android.app.launcher.activities.LauncherActivity} displayId=0 Callers=com.android.server.wm.RootWindowContainer.updateFocusedWindowLocked:602 com.android.server.wm.WindowManagerService.updateFocusedWindowLocked:6869 com.android.server.wm.WindowManagerService.relayoutWindow:2839 com.android.server.wm.Session.relayout:275 
05-17 05:21:46.029  5668  5770 D KnoxHelper: getActivityList callingUserId: 0, target user: 0
05-17 05:21:46.029  1200  2959 I WindowManager: Cancelling animation restarting=true, leash=Surface(name=Surface(name=1996546 StatusBar)/@0x914b498 - animation-leash of insets_animation)/@0x5fe0c7a
05-17 05:21:46.029  1200  2959 I WindowManager: Reparenting to original parent: Surface(name=WindowToken{189dd21 type=2000 android.os.BinderProxy@dae3f2b})/@0x26764f1, destroy=false, surface=Surface(name=1996546 StatusBar)/@0x914b498
05-17 05:21:46.029  1200  2959 I WindowManager: Reparenting to leash, surface=Surface(name=1996546 StatusBar)/@0x914b498, leashParent=Surface(name=WindowToken{189dd21 type=2000 android.os.BinderProxy@dae3f2b})/@0x26764f1
05-17 05:21:46.029   914  6826 I SurfaceFlinger: id=456 createSurf flag=24000, Surface(name=1996546 StatusBar)/@0x914b498 - animation-leash of insets_animation#456
05-17 05:21:46.030  1200  2959 D WindowManager: makeSurface duration=1 leash=Surface(name=Surface(name=1996546 StatusBar)/@0x914b498 - animation-leash of insets_animation)/@0xd7c6a
05-17 05:21:46.030  1200  2959 D WindowManager: updateSystemBarAttributes: displayId=0, win=Window{bbce428 u0 com.sec.android.app.launcher/com.sec.android.app.launcher.activities.LauncherActivity}, navColorWin=null, focusedCanBeNavColorWin=false, behavior=2, appearance=0, statusBarAppearanceRegions=[], requestedVisibilities=, from=com.android.server.wm.DisplayPolicy.focusChangedLw:3396 com.android.server.wm.DisplayContent.updateFocusedWindowLocked:4664 com.android.server.wm.RootWindowContainer.updateFocusedWindowLocked:602 
05-17 05:21:46.030  1928  2050 D BtGatt.GattService: onScanResult to scannerId: 2- eventType=0x10, addressType=1, address=636E42_9, primaryPhy=1, secondaryPhy=0, advertisingSid=0xff, txPower=127, rssi=-38, periodicAdvInt=0x0
05-17 05:21:46.030  5668  5770 D KnoxHelper: getActivityList callingUserId: 0, target user: 0
05-17 05:21:46.030  1613  1613 D SamsungLightBarControlHelper: onStatusBarAppearanceChanged() -  sbModeChanged:false, statusBarMode:MODE_TRANSPARENT, barState:SHADE, isKeyguardShowing:false, navbarColorManagedByIme:false, stackAppearancesChanged:true, (), packageName:com.sec.android.app.launcher
05-17 05:21:46.030  1928  2050 E BtGatt.GattService: Exception: android.os.DeadObjectException
05-17 05:21:46.031  1613  1613 D SamsungLightBarControlHelper: updateStatus(WHITE icon) NumStacks:0, StatusBarMode:MODE_TRANSPARENT, lightBarBounds:[], StatusBarState:SHADE, packageName:com.sec.android.app.launcher, isWhiteKeyguardStatusBarBySettings:false
05-17 05:21:46.031  1200  2959 D StatusBarManagerService: notifyRequestedSystemKey recent=false home=false
05-17 05:21:46.031  1928 29092 D LeAppInfo: removeLeacReportedServerApp, appName: dev.mob.mob
05-17 05:21:46.032  5668  5770 D KnoxHelper: getActivityList callingUserId: 0, target user: 0
05-17 05:21:46.033  1200  1240 V WindowManager: Unknown focus tokens, dropping reportFocusChanged
05-17 05:21:46.033  1200  2959 V WindowManager: Relayout hash=bbce428, pid=2413, syncId=-1: mAttrs={(0,0)(fillxfill) sim={adjust=nothing forwardNavigation} layoutInDisplayCutoutMode=shortEdges ty=BASE_APPLICATION fmt=TRANSPARENT wanim=0x10302f4
05-17 05:21:46.033  1200  2959 V WindowManager:   fl=81910100
05-17 05:21:46.033  1200  2959 V WindowManager:   pfl=1e020040
05-17 05:21:46.033  1200  2959 V WindowManager:   vsysui=1700
05-17 05:21:46.033  1200  2959 V WindowManager:   bhv=SHOW_TRANSIENT_BARS_BY_SWIPE
05-17 05:21:46.033  1200  2959 V WindowManager:   fitSides= screenDimDuration=200000 naviIconColor=0}
05-17 05:21:46.034  1200  1240 D PowerManagerService: [api] setScreenDimDurationOverrideFromWindowManagerInternal: timeoutMillis: 200000
05-17 05:21:46.034  1613  1613 I ViewRootImpl@d792af5[NotificationShade]: performTraversals mFirst=false windowShouldResize=false viewVisibilityChanged=false mForceNextWindowRelayout=false params={(0,0)(fillxfill) gr=TOP CENTER_VERTICAL sim={adjust=resize} layoutInDisplayCutoutMode=always ty=NOTIFICATION_SHADE fmt=TRANSLUCENT
05-17 05:21:46.034  1613  1613 I ViewRootImpl@d792af5[NotificationShade]:   fl=81840048
05-17 05:21:46.034  1613  1613 I ViewRootImpl@d792af5[NotificationShade]:   pfl=1b000000
05-17 05:21:46.034  1613  1613 I ViewRootImpl@d792af5[NotificationShade]:   bhv=SHOW_TRANSIENT_BARS_BY_SWIPE
05-17 05:21:46.034  1613  1613 I ViewRootImpl@d792af5[NotificationShade]:  dimAmount=0.0 naviIconColor=0
05-17 05:21:46.034  1613  1613 I ViewRootImpl@d792af5[NotificationShade]:   sfl=40000}
05-17 05:21:46.035  2413  2413 I ViewRootImpl@c60329[LauncherActivity]: updateBlastSurfaceIfNeeded mBlastBufferQueue=null isSameSurfaceControl=false
05-17 05:21:46.036  2413  2413 I BLASTBufferQueue: new BLASTBufferQueue, mName= ViewRootImpl@c60329[LauncherActivity] mNativeObject= 0x6f77e07f00 sc.mNativeObject= 0x6f8bc79ca0 caller= android.view.ViewRootImpl.updateBlastSurfaceIfNeeded:2939 android.view.ViewRootImpl.relayoutWindow:9990 android.view.ViewRootImpl.performTraversals:3919 android.view.ViewRootImpl.doTraversal:3151 android.view.ViewRootImpl$TraversalRunnable.run:11068 android.view.Choreographer$CallbackRecord.run:1321 android.view.Choreographer$CallbackRecord.run:1329 android.view.Choreographer.doCallbacks:930 android.view.Choreographer.doFrame:859 android.view.Choreographer$FrameDisplayEventReceiver.run:1303 
05-17 05:21:46.036  2413  2413 I BLASTBufferQueue: update, w= 1200 h= 1920 mName = ViewRootImpl@c60329[LauncherActivity] mNativeObject= 0x6f77e07f00 sc.mNativeObject= 0x6f8bc79ca0 format= -2 caller= android.graphics.BLASTBufferQueue.<init>:84 android.view.ViewRootImpl.updateBlastSurfaceIfNeeded:2939 android.view.ViewRootImpl.relayoutWindow:9990 android.view.ViewRootImpl.performTraversals:3919 android.view.ViewRootImpl.doTraversal:3151 android.view.ViewRootImpl$TraversalRunnable.run:11068 
05-17 05:21:46.036  2413  2413 I ViewRootImpl@c60329[LauncherActivity]: Relayout returned: old=(0,0,1200,1920) new=(0,0,1200,1920) req=(1200,1920)0 dur=18 res=0x3 s={true 0x6f117ea000} ch=true seqId=0
05-17 05:21:46.036  5668  5770 D KnoxHelper: getActivityList callingUserId: 0, target user: 0
05-17 05:21:46.037  2413  2413 I ViewRootImpl@c60329[LauncherActivity]: mThreadedRenderer.initialize() mSurface={isValid=true 0x6f117ea000} hwInitialized=true
05-17 05:21:46.037  1200  1240 I ActivityManager: updateOomAdj start time is before than pendingPid added, don't delete it
05-17 05:21:46.037  1200  2959 V WindowManager: Relayout Window{339d9e9 u0 NotificationShade}: viewVisibility=4 req=1200x1920 d0
05-17 05:21:46.037  2413  2413 I ViewRootImpl@c60329[LauncherActivity]: reportNextDraw android.view.ViewRootImpl.performTraversals:4473 android.view.ViewRootImpl.doTraversal:3151 android.view.ViewRootImpl$TraversalRunnable.run:11068 android.view.Choreographer$CallbackRecord.run:1321 android.view.Choreographer$CallbackRecord.run:1329 
05-17 05:21:46.037  2413  2413 I ViewRootImpl@c60329[LauncherActivity]: Setup new sync id=21
05-17 05:21:46.037  2413  2413 I ViewRootImpl@c60329[LauncherActivity]: Setting syncFrameCallback
05-17 05:21:46.037  2413  2413 I ViewRootImpl@c60329[LauncherActivity]: registerCallbacksForSync syncBuffer=false
05-17 05:21:46.038  5668  5770 D KnoxHelper: getActivityList callingUserId: 0, target user: 0
05-17 05:21:46.039  1200  2959 V WindowManager: Relayout hash=339d9e9, pid=1613, syncId=-1: mAttrs={(0,0)(fillxfill) gr=TOP CENTER_VERTICAL sim={adjust=resize} layoutInDisplayCutoutMode=always ty=NOTIFICATION_SHADE fmt=TRANSLUCENT
05-17 05:21:46.039  1200  2959 V WindowManager:   fl=81840048
05-17 05:21:46.039  1200  2959 V WindowManager:   pfl=1b000000
05-17 05:21:46.039  1200  2959 V WindowManager:   bhv=SHOW_TRANSIENT_BARS_BY_SWIPE
05-17 05:21:46.039  1200  2959 V WindowManager:  dimAmount=0.0 naviIconColor=0
05-17 05:21:46.039  1200  2959 V WindowManager:   sfl=40000}
05-17 05:21:46.039  2413 23717 I ViewRootImpl@c60329[LauncherActivity]: Received frameDrawingCallback syncResult=0 frameNum=1.
05-17 05:21:46.039  2413 23717 I ViewRootImpl@c60329[LauncherActivity]: Setting up sync and frameCommitCallback
05-17 05:21:46.040  1928 29092 D ActivityAttributionService: notifyActivityAttributionInfo UID=1002 packageName=com.android.bluetooth deviceAddress=no_active_device_address
05-17 05:21:46.040  1613  1613 I ViewRootImpl@d792af5[NotificationShade]: Relayout returned: old=(0,0,1200,1920) new=(0,0,1200,1920) req=(1200,1920)4 dur=6 res=0x0 s={false 0x0} ch=false seqId=1
05-17 05:21:46.041  1928  2248 I bt_stack: [INFO:le_scanning_manager.cc(200)] ScanFilterParamSetup in shim layer
05-17 05:21:46.041  5668  5770 D KnoxHelper: getActivityList callingUserId: 0, target user: 0
05-17 05:21:46.042  5668  5770 D KnoxHelper: getActivityList callingUserId: 0, target user: 0
05-17 05:21:46.042  1928  2248 D BtGatt.ContextMap: remove() - id: 2
05-17 05:21:46.042  1928  2248 E BtGatt.ContextMap: remove() - removed: 2
05-17 05:21:46.042   602   602 D io_stats: !@   8,0 r 979751 32488232 w 534633 54662628 d 0 0 f 0 0 iot 470172 0 th 0 0 0 pt 0 inp 0 0 183753.615
05-17 05:21:46.042  1928  2248 I bt_stack: [INFO:le_scanning_manager.cc(174)] Unregister in shim layer, scanner_id:2
05-17 05:21:46.043  5668  5770 D KnoxHelper: getActivityList callingUserId: 0, target user: 0
05-17 05:21:46.043  5668  5770 D KnoxHelper: getActivityList callingUserId: 0, target user: 0
05-17 05:21:46.045  1928  2260 E BtGatt.GattService: [GSIM LOG]: gsimLogHandler, msg: MESSAGE_SCAN_STOP, appName: dev.mob.mob, scannerId: 2, reportDelayMillis=0
05-17 05:21:46.046  1928  2260 E LeAppInfo: updateScanStopInfo(), There is NO scan process with :                                      dev.mob.mob|    Normal|  LowPower| NonFilter|      true|
05-17 05:21:46.048  5668  5770 D KnoxHelper: getActivityList callingUserId: 0, target user: 0
05-17 05:21:46.049   914   914 I Layer   : id=450 removeFromCurrentState Surface(name=1996546 StatusBar)/@0x914b498 - animation-leash of insets_animation#450 (94)
05-17 05:21:46.049   914   914 D SurfaceFlinger: [input] inputWindowCommands.focusRequests size is 1
05-17 05:21:46.049  2413  3268 I BLASTBufferQueue: [ViewRootImpl@c60329[LauncherActivity]#21](f:0,a:0,s:0) onFrameAvailable the first frame is available
05-17 05:21:46.050  2413  3268 I ViewRootImpl@c60329[LauncherActivity]: Received frameCommittedCallback lastAttemptedDrawFrameNum=1 didProduceBuffer=true
05-17 05:21:46.051  2413  2413 I ViewRootImpl@c60329[LauncherActivity]: onSyncComplete
05-17 05:21:46.051   914  1042 D SurfaceFlinger: [input] setFocusedWindow: bbce428 com.sec.android.app.launcher/com.sec.android.app.launcher.activities.LauncherActivity
05-17 05:21:46.051  2413  2413 I ViewRootImpl@c60329[LauncherActivity]: setupSync seqId=0 mSyncId=21 fn=1 caller=android.view.ViewRootImpl$$ExternalSyntheticLambda11.accept:6 android.window.SurfaceSyncer.lambda$setupSync$1$android-window-SurfaceSyncer:168 android.window.SurfaceSyncer$$ExternalSyntheticLambda1.accept:8 android.window.SurfaceSyncer$SyncSet.checkIfSyncIsComplete:495 android.window.SurfaceSyncer$SyncSet.markSyncReady:454 android.window.SurfaceSyncer.markSyncReady:191 android.view.ViewRootImpl.performTraversals:4538 
05-17 05:21:46.051  1200  2972 D InputDispatcher: Focus request (0): bbce428 com.sec.android.app.launcher/com.sec.android.app.launcher.activities.LauncherActivity but waiting because NOT_VISIBLE
05-17 05:21:46.051  2413  2413 I ViewRootImpl@c60329[LauncherActivity]: reportDrawFinished seqId=0 mSyncId=-1 fn=1 mSurfaceChangedTransaction=0x70500ec300
05-17 05:21:46.052  2413  2413 I RecentsView: onTaskRemoved() taskId : 416
05-17 05:21:46.052  2413  2413 I TopTaskTracker: onTaskRemoved : taskId = 416
05-17 05:21:46.052  2413  2413 I RecentsView: onTaskRemoved() taskId : 416
05-17 05:21:46.052  2413  2413 I TopTaskTracker: onTaskRemoved : taskId = 416
05-17 05:21:46.052  1200  2972 D WindowManager: finishDrawingWindow: Window{bbce428 u0 com.sec.android.app.launcher/com.sec.android.app.launcher.activities.LauncherActivity} mDrawState=DRAW_PENDING seqId=0
05-17 05:21:46.052  2413  2413 I Launcher: onOccludeChangeNotice: cn = null, fullscreen: false
05-17 05:21:46.052  2413  2413 I Launcher: onOccludeChangeNotice return by resume
05-17 05:21:46.052  2413  2413 I BaseActivity: removeActivityFlags, flags : 1024
05-17 05:21:46.052  2413  2413 I PopupDataProvider: onNotificationFullRefresh prev dotInfoSize : 1
05-17 05:21:46.052  2413  2413 I PopupDataProvider: refresh badge  package : com.google.android.gms count : 1
05-17 05:21:46.053  1200  1241 V WindowManager: Setting visibility of Window{be548ea u0 com.android.systemui.ImageWallpaper}: true, caller=com.android.server.wm.WindowContainer.sendAppVisibilityToClients:1295 com.android.server.wm.WindowToken.setClientVisible:453 com.android.server.wm.WallpaperWindowToken.setVisible:160 com.android.server.wm.WallpaperWindowToken.commitVisibility:202 com.android.server.wm.WallpaperWindowToken.setVisibility:187 
05-17 05:21:46.053  1613  1648 D WallpaperService: dispatchAppVisibility onVisibilityChanged(): true
05-17 05:21:46.053  5668  5770 D KnoxHelper: getActivityList callingUserId: 0, target user: 0
05-17 05:21:46.053  1613  1613 D WallpaperService: updateSurface forceRelayout=true forceReport=false redrawNeeded=false myWidth=1920 myHeight=1920 fixedSize=true x = 0 y = 0 mWidth=1920 mHeight=1920 mIsSleepMode=false
05-17 05:21:46.053  1613  1613 D WallpaperService: maxBounds : Rect(0, 0 - 1200, 1920) , mDeviceHeight : 1920, mDeviceWidth : 1200,mDeviceRotation  : 0
05-17 05:21:46.054  5668  5770 D KnoxHelper: getActivityList callingUserId: 0, target user: 0
05-17 05:21:46.055  5668  5770 D KnoxHelper: getActivityList callingUserId: 0, target user: 0
05-17 05:21:46.055  5668  5770 D KnoxHelper: getActivityList callingUserId: 0, target user: 0
05-17 05:21:46.055  1200  1241 D WindowManager: Loading animation for app transition. transit=TRANSIT_OLD_WALLPAPER_OPEN enter=true frame=Rect(0, 0 - 1200, 1920) insets=Rect(0, 48 - 0, 0) surfaceInsets=Rect(0, 0 - 0, 0)
05-17 05:21:46.056  5668  5770 D KnoxHelper: getActivityList callingUserId: 0, target user: 0
05-17 05:21:46.056  1200  1241 I WindowManager: Reparenting to leash, surface=Surface(name=Task=1)/@0x563d18f, leashParent=Surface(name=DefaultTaskDisplayArea)/@0x8bf4fe6
05-17 05:21:46.056  5668  5770 D KnoxHelper: getActivityList callingUserId: 0, target user: 0
05-17 05:21:46.056   914   937 I SurfaceFlinger: id=457 createSurf flag=24004, Surface(name=Task=1)/@0x563d18f - animation-leash of app_transition#457
05-17 05:21:46.056  5668  5770 D KnoxHelper: getActivityList callingUserId: 0, target user: 0
05-17 05:21:46.056  2413  2517 I LauncherActivityInfo: Trying to load live icon for com.samsung.android.calendar
05-17 05:21:46.056  1200  1241 D WindowManager: makeSurface duration=0 leash=Surface(name=Surface(name=Task=1)/@0x563d18f - animation-leash of app_transition)/@0x5a2755b
05-17 05:21:46.057  1200  1241 D ActivityTaskManager: mStartingWindow and mStartingData is null for token=ActivityRecord{6b81964 u0 com.sec.android.app.launcher/.activities.LauncherActivity} t403}
05-17 05:21:46.057  1200  1241 V WindowManager: performShowLocked: mDrawState=HAS_DRAWN in Window{bbce428 u0 com.sec.android.app.launcher/com.sec.android.app.launcher.activities.LauncherActivity}
05-17 05:21:46.058  1200  1241 D WindowManager: updateSystemBarAttributes: displayId=0, win=Window{bbce428 u0 com.sec.android.app.launcher/com.sec.android.app.launcher.activities.LauncherActivity}, navColorWin=null, focusedCanBeNavColorWin=false, behavior=2, appearance=0, statusBarAppearanceRegions=[AppearanceRegion{ bounds=[0,0][1200,1920]}], requestedVisibilities=, from=com.android.server.wm.DisplayPolicy.finishPostLayoutPolicyLw:2622 com.android.server.wm.DisplayContent.applySurfaceChangesTransaction:5746 com.android.server.wm.RootWindowContainer.applySurfaceChangesTransaction:1249 
05-17 05:21:46.059  5668  5770 D KnoxHelper: getActivityList callingUserId: 0, target user: 0
05-17 05:21:46.059   914   937 I SurfaceFlinger: id=458 createSurf flag=80000, b3652f6 ActivityRecordInputSink com.sec.android.app.launcher/com.android.launcher3.uioverrides.QuickstepLauncher#458
05-17 05:21:46.059  5668  5770 D KnoxHelper: getActivityList callingUserId: 0, target user: 0
05-17 05:21:46.060  1613  1726 D Bubbles : onLocusVisibilityChanged: LocusId[17_chars] visible=true
05-17 05:21:46.061  5668  5770 D KnoxHelper: getActivityList callingUserId: 0, target user: 0
05-17 05:21:46.061  1200  2972 V WindowManager: Relayout Window{be548ea u0 com.android.systemui.ImageWallpaper}: viewVisibility=0 req=1920x1920 d0
05-17 05:21:46.062  5668  5770 D KnoxHelper: getActivityList callingUserId: 0, target user: 0
05-17 05:21:46.062  5668  5770 D KnoxHelper: getActivityList callingUserId: 0, target user: 0
