05-17 05:21:52.927  1928  2050 D BtGatt.GattService: onScanResult to scannerId: 2- eventType=0x10, addressType=1, address=7920E0_7, primaryPhy=1, secondaryPhy=0, advertisingSid=0xff, txPower=127, rssi=-80, periodicAdvInt=0x0
05-17 05:21:52.933  1928  2050 D BtGatt.GattService: onScanResult to scannerId: 2- eventType=0x10, addressType=1, address=61A979_F, primaryPhy=1, secondaryPhy=0, advertisingSid=0xff, txPower=127, rssi=-90, periodicAdvInt=0x0
05-17 05:21:52.935  1928  2050 D BtGatt.GattService: onScanResult to scannerId: 2- eventType=0x10, addressType=0, address=BC7E8B_B, primaryPhy=1, secondaryPhy=0, advertisingSid=0xff, txPower=127, rssi=-84, periodicAdvInt=0x0
05-17 05:21:52.948  1928  2050 D BtGatt.GattService: onScanResult to scannerId: 2- eventType=0x10, addressType=1, address=1D2310_B, primaryPhy=1, secondaryPhy=0, advertisingSid=0xff, txPower=127, rssi=-95, periodicAdvInt=0x0
05-17 05:21:52.956  1928  2050 D BtGatt.GattService: onScanResult to scannerId: 2- eventType=0x1b, addressType=1, address=F812C9_E, primaryPhy=1, secondaryPhy=0, advertisingSid=0xff, txPower=127, rssi=-90, periodicAdvInt=0x0
05-17 05:21:52.959  1928  2050 D BtGatt.GattService: onScanResult to scannerId: 2- eventType=0x1b, addressType=1, address=5CF144_7, primaryPhy=1, secondaryPhy=0, advertisingSid=0xff, txPower=127, rssi=-80, periodicAdvInt=0x0
05-17 05:21:52.968  1928  2050 D BtGatt.GattService: onScanResult to scannerId: 2- eventType=0x1b, addressType=0, address=84E0F4_2, primaryPhy=1, secondaryPhy=0, advertisingSid=0xff, txPower=127, rssi=-87, periodicAdvInt=0x0
05-17 05:21:52.973  1928  2050 D BtGatt.GattService: onScanResult to scannerId: 2- eventType=0x10, addressType=0, address=BC455B_A, primaryPhy=1, secondaryPhy=0, advertisingSid=0xff, txPower=127, rssi=-67, periodicAdvInt=0x0
05-17 05:21:53.008  1928  2050 D BtGatt.GattService: onScanResult to scannerId: 2- eventType=0x10, addressType=1, address=40F955_A, primaryPhy=1, secondaryPhy=0, advertisingSid=0xff, txPower=127, rssi=-84, periodicAdvInt=0x0
05-17 05:21:53.039  1928  2050 D BtGatt.GattService: onScanResult to scannerId: 2- eventType=0x10, addressType=1, address=6CB5CF_0, primaryPhy=1, secondaryPhy=0, advertisingSid=0xff, txPower=127, rssi=-80, periodicAdvInt=0x0
05-17 05:21:53.053  1928  2050 D BtGatt.GattService: onScanResult to scannerId: 2- eventType=0x10, addressType=1, address=1D2310_B, primaryPhy=1, secondaryPhy=0, advertisingSid=0xff, txPower=127, rssi=-96, periodicAdvInt=0x0
05-17 05:21:53.057  1928  2050 D BtGatt.GattService: onScanResult to scannerId: 2- eventType=0x10, addressType=1, address=55FC6C_B, primaryPhy=1, secondaryPhy=0, advertisingSid=0xff, txPower=127, rssi=-79, periodicAdvInt=0x0
05-17 05:21:53.073  1928  2050 D BtGatt.GattService: onScanResult to scannerId: 2- eventType=0x1b, addressType=1, address=44F154_6, primaryPhy=1, secondaryPhy=0, advertisingSid=0xff, txPower=127, rssi=-64, periodicAdvInt=0x0
05-17 05:21:53.120  1928  2050 D BtGatt.GattService: onScanResult to scannerId: 2- eventType=0x1b, addressType=0, address=84E0F4_2, primaryPhy=1, secondaryPhy=0, advertisingSid=0xff, txPower=127, rssi=-87, periodicAdvInt=0x0
05-17 05:21:53.123  1928  2050 D BtGatt.GattService: onScanResult to scannerId: 2- eventType=0x10, addressType=1, address=40F955_A, primaryPhy=1, secondaryPhy=0, advertisingSid=0xff, txPower=127, rssi=-83, periodicAdvInt=0x0
05-17 05:21:53.126  1928  2050 D BtGatt.GattService: onScanResult to scannerId: 2- eventType=0x1b, addressType=0, address=84E0F4_2, primaryPhy=1, secondaryPhy=0, advertisingSid=0xff, txPower=127, rssi=-86, periodicAdvInt=0x0
05-17 05:21:53.128  1928  2050 D BtGatt.GattService: onScanResult to scannerId: 2- eventType=0x10, addressType=1, address=61A979_F, primaryPhy=1, secondaryPhy=0, advertisingSid=0xff, txPower=127, rssi=-90, periodicAdvInt=0x0
05-17 05:21:53.131  1928  2050 D BtGatt.GattService: onScanResult to scannerId: 2- eventType=0x10, addressType=0, address=BC455B_A, primaryPhy=1, secondaryPhy=0, advertisingSid=0xff, txPower=127, rssi=-68, periodicAdvInt=0x0
05-17 05:21:53.141  1928  2050 D BtGatt.GattService: onScanResult to scannerId: 2- eventType=0x1b, addressType=1, address=553DBD_8, primaryPhy=1, secondaryPhy=0, advertisingSid=0xff, txPower=127, rssi=-72, periodicAdvInt=0x0
05-17 05:21:53.143  1928  2050 D BtGatt.GattService: onScanResult to scannerId: 2- eventType=0x10, addressType=1, address=636E42_9, primaryPhy=1, secondaryPhy=0, advertisingSid=0xff, txPower=127, rssi=-42, periodicAdvInt=0x0
05-17 05:21:53.147  1928  2050 D BtGatt.GattService: onScanResult to scannerId: 2- eventType=0x1b, addressType=1, address=66E770_5, primaryPhy=1, secondaryPhy=0, advertisingSid=0xff, txPower=127, rssi=-41, periodicAdvInt=0x0
05-17 05:21:53.163  1928  2050 D BtGatt.GattService: onScanResult to scannerId: 2- eventType=0x10, addressType=1, address=1D2310_B, primaryPhy=1, secondaryPhy=0, advertisingSid=0xff, txPower=127, rssi=-95, periodicAdvInt=0x0
05-17 05:21:53.174  1928  2050 D BtGatt.GattService: onScanResult to scannerId: 2- eventType=0x10, addressType=1, address=2E328E_0, primaryPhy=1, secondaryPhy=0, advertisingSid=0xff, txPower=127, rssi=-96, periodicAdvInt=0x0
05-17 05:21:53.182  1928  2050 D BtGatt.GattService: onScanResult to scannerId: 2- eventType=0x1b, addressType=1, address=421060_E, primaryPhy=1, secondaryPhy=0, advertisingSid=0xff, txPower=127, rssi=-67, periodicAdvInt=0x0
05-17 05:21:53.225  1928  2050 D BtGatt.GattService: onScanResult to scannerId: 2- eventType=0x10, addressType=1, address=40F955_A, primaryPhy=1, secondaryPhy=0, advertisingSid=0xff, txPower=127, rssi=-84, periodicAdvInt=0x0
05-17 05:21:53.233  1928  2050 D BtGatt.GattService: onScanResult to scannerId: 2- eventType=0x1b, addressType=0, address=84E0F4_2, primaryPhy=1, secondaryPhy=0, advertisingSid=0xff, txPower=127, rssi=-86, periodicAdvInt=0x0
05-17 05:21:53.240  1928  2050 D BtGatt.GattService: onScanResult to scannerId: 2- eventType=0x1b, addressType=1, address=5CF144_7, primaryPhy=1, secondaryPhy=0, advertisingSid=0xff, txPower=127, rssi=-80, periodicAdvInt=0x0
05-17 05:21:53.244  1928  2050 D BtGatt.GattService: onScanResult to scannerId: 2- eventType=0x1b, addressType=0, address=84E0F4_2, primaryPhy=1, secondaryPhy=0, advertisingSid=0xff, txPower=127, rssi=-87, periodicAdvInt=0x0
05-17 05:21:53.246  1928  2050 D BtGatt.GattService: onScanResult to scannerId: 2- eventType=0x10, addressType=1, address=55FC6C_B, primaryPhy=1, secondaryPhy=0, advertisingSid=0xff, txPower=127, rssi=-79, periodicAdvInt=0x0
05-17 05:21:53.254  1928  2050 D BtGatt.GattService: onScanResult to scannerId: 2- eventType=0x10, addressType=0, address=BC7E8B_B, primaryPhy=1, secondaryPhy=0, advertisingSid=0xff, txPower=127, rssi=-85, periodicAdvInt=0x0
05-17 05:21:53.261  1928  2050 D BtGatt.GattService: onScanResult to scannerId: 2- eventType=0x1b, addressType=0, address=84E0F4_2, primaryPhy=1, secondaryPhy=0, advertisingSid=0xff, txPower=127, rssi=-87, periodicAdvInt=0x0
05-17 05:21:53.284  1928  2050 D BtGatt.GattService: onScanResult to scannerId: 2- eventType=0x10, addressType=0, address=BC455B_A, primaryPhy=1, secondaryPhy=0, advertisingSid=0xff, txPower=127, rssi=-68, periodicAdvInt=0x0
05-17 05:21:53.294  1928  2050 D BtGatt.GattService: onScanResult to scannerId: 2- eventType=0x10, addressType=1, address=7920E0_7, primaryPhy=1, secondaryPhy=0, advertisingSid=0xff, txPower=127, rssi=-79, periodicAdvInt=0x0
05-17 05:21:53.303  1928  2050 D BtGatt.GattService: onScanResult to scannerId: 2- eventType=0x10, addressType=1, address=D3918F_3, primaryPhy=1, secondaryPhy=0, advertisingSid=0xff, txPower=127, rssi=-64, periodicAdvInt=0x0
05-17 05:21:53.309  1928  2050 D BtGatt.GattService: onScanResult to scannerId: 2- eventType=0x10, addressType=1, address=61A979_F, primaryPhy=1, secondaryPhy=0, advertisingSid=0xff, txPower=127, rssi=-90, periodicAdvInt=0x0
05-17 05:21:53.311  1928  2050 D BtGatt.GattService: onScanResult to scannerId: 2- eventType=0x1b, addressType=1, address=C19840_0, primaryPhy=1, secondaryPhy=0, advertisingSid=0xff, txPower=127, rssi=-82, periodicAdvInt=0x0
05-17 05:21:53.321  1928  2050 D BtGatt.GattService: onScanResult to scannerId: 2- eventType=0x10, addressType=1, address=E5CA0F_8, primaryPhy=1, secondaryPhy=0, advertisingSid=0xff, txPower=127, rssi=-67, periodicAdvInt=0x0
05-17 05:21:53.324  1928  2050 D BtGatt.GattService: onScanResult to scannerId: 2- eventType=0x10, addressType=1, address=636E42_9, primaryPhy=1, secondaryPhy=0, advertisingSid=0xff, txPower=127, rssi=-41, periodicAdvInt=0x0
05-17 05:21:53.332  1928  2050 D BtGatt.GattService: onScanResult to scannerId: 2- eventType=0x10, addressType=1, address=40F955_A, primaryPhy=1, secondaryPhy=0, advertisingSid=0xff, txPower=127, rssi=-84, periodicAdvInt=0x0
05-17 05:21:53.336  1928  2050 D BtGatt.GattService: onScanResult to scannerId: 2- eventType=0x1b, addressType=0, address=84E0F4_2, primaryPhy=1, secondaryPhy=0, advertisingSid=0xff, txPower=127, rssi=-87, periodicAdvInt=0x0
05-17 05:21:53.351  1928  2050 D BtGatt.GattService: onScanResult to scannerId: 2- eventType=0x1b, addressType=1, address=44F154_6, primaryPhy=1, secondaryPhy=0, advertisingSid=0xff, txPower=127, rssi=-64, periodicAdvInt=0x0
05-17 05:21:53.355  1928  2050 D BtGatt.GattService: onScanResult to scannerId: 2- eventType=0x1b, addressType=0, address=84E0F4_2, primaryPhy=1, secondaryPhy=0, advertisingSid=0xff, txPower=127, rssi=-87, periodicAdvInt=0x0
05-17 05:21:53.372  1928  2050 D BtGatt.GattService: onScanResult to scannerId: 2- eventType=0x1b, addressType=1, address=5B4F1E_E, primaryPhy=1, secondaryPhy=0, advertisingSid=0xff, txPower=127, rssi=-80, periodicAdvInt=0x0
05-17 05:21:53.401  1928  2050 D BtGatt.GattService: onScanResult to scannerId: 2- eventType=0x1b, addressType=1, address=553DBD_8, primaryPhy=1, secondaryPhy=0, advertisingSid=0xff, txPower=127, rssi=-72, periodicAdvInt=0x0
05-17 05:21:53.406  1928  2050 D BtGatt.GattService: onScanResult to scannerId: 2- eventType=0x10, addressType=0, address=BC7E8B_B, primaryPhy=1, secondaryPhy=0, advertisingSid=0xff, txPower=127, rssi=-84, periodicAdvInt=0x0
05-17 05:21:53.413  1928  2050 D BtGatt.GattService: onScanResult to scannerId: 2- eventType=0x10, addressType=1, address=6CB5CF_0, primaryPhy=1, secondaryPhy=0, advertisingSid=0xff, txPower=127, rssi=-80, periodicAdvInt=0x0
05-17 05:21:53.435  1928  2050 D BtGatt.GattService: onScanResult to scannerId: 2- eventType=0x10, addressType=1, address=40F955_A, primaryPhy=1, secondaryPhy=0, advertisingSid=0xff, txPower=127, rssi=-83, periodicAdvInt=0x0
05-17 05:21:53.444  1928  2050 D BtGatt.GattService: onScanResult to scannerId: 2- eventType=0x1b, addressType=1, address=66E770_5, primaryPhy=1, secondaryPhy=0, advertisingSid=0xff, txPower=127, rssi=-41, periodicAdvInt=0x0
05-17 05:21:53.454  1928  2050 D BtGatt.GattService: onScanResult to scannerId: 2- eventType=0x1b, addressType=1, address=55DA99_8, primaryPhy=1, secondaryPhy=0, advertisingSid=0xff, txPower=127, rssi=-42, periodicAdvInt=0x0
05-17 05:21:53.458  1200  1247 I AppOps  : updateUidProcState uid: 10211 procState: 5 capability:15
05-17 05:21:53.458  1928  2050 D BtGatt.GattService: onScanResult to scannerId: 2- eventType=0x1b, addressType=1, address=421060_E, primaryPhy=1, secondaryPhy=0, advertisingSid=0xff, txPower=127, rssi=-67, periodicAdvInt=0x0
05-17 05:21:53.473  1928  2050 D BtGatt.GattService: onScanResult to scannerId: 2- eventType=0x1b, addressType=0, address=84E0F4_2, primaryPhy=1, secondaryPhy=0, advertisingSid=0xff, txPower=127, rssi=-87, periodicAdvInt=0x0
05-17 05:21:53.479  1928  2050 D BtGatt.GattService: onScanResult to scannerId: 2- eventType=0x1b, addressType=1, address=2905E3_C, primaryPhy=1, secondaryPhy=0, advertisingSid=0xff, txPower=127, rssi=-96, periodicAdvInt=0x0
05-17 05:21:53.485  1928  2050 D BtGatt.GattService: onScanResult to scannerId: 2- eventType=0x10, addressType=1, address=7920E0_7, primaryPhy=1, secondaryPhy=0, advertisingSid=0xff, txPower=127, rssi=-79, periodicAdvInt=0x0
05-17 05:21:53.492  1928  2050 D BtGatt.GattService: onScanResult to scannerId: 2- eventType=0x10, addressType=1, address=61A979_F, primaryPhy=1, secondaryPhy=0, advertisingSid=0xff, txPower=127, rssi=-90, periodicAdvInt=0x0
05-17 05:21:53.493  1928  2050 D BtGatt.GattService: onScanResult to scannerId: 2- eventType=0x10, addressType=1, address=D7B630_7, primaryPhy=1, secondaryPhy=0, advertisingSid=0xff, txPower=127, rssi=-80, periodicAdvInt=0x0
05-17 05:21:53.506  1928  2050 D BtGatt.GattService: onScanResult to scannerId: 2- eventType=0x1b, addressType=0, address=94944A_9, primaryPhy=1, secondaryPhy=0, advertisingSid=0xff, txPower=127, rssi=-93, periodicAdvInt=0x0
05-17 05:21:53.596  1928  2050 D BtGatt.GattService: onScanResult to scannerId: 2- eventType=0x10, addressType=1, address=6CB5CF_0, primaryPhy=1, secondaryPhy=0, advertisingSid=0xff, txPower=127, rssi=-80, periodicAdvInt=0x0
05-17 05:21:53.598  1928  2050 D BtGatt.GattService: onScanResult to scannerId: 2- eventType=0x10, addressType=1, address=2E328E_0, primaryPhy=1, secondaryPhy=0, advertisingSid=0xff, txPower=127, rssi=-94, periodicAdvInt=0x0
05-17 05:21:53.609  1928  2050 D BtGatt.GattService: onScanResult to scannerId: 2- eventType=0x1b, addressType=0, address=84E0F4_2, primaryPhy=1, secondaryPhy=0, advertisingSid=0xff, txPower=127, rssi=-87, periodicAdvInt=0x0
05-17 05:21:53.614  1928  2050 D BtGatt.GattService: onScanResult to scannerId: 2- eventType=0x10, addressType=1, address=55FC6C_B, primaryPhy=1, secondaryPhy=0, advertisingSid=0xff, txPower=127, rssi=-79, periodicAdvInt=0x0
05-17 05:21:53.636  1928  2050 D BtGatt.GattService: onScanResult to scannerId: 2- eventType=0x1b, addressType=1, address=44F154_6, primaryPhy=1, secondaryPhy=0, advertisingSid=0xff, txPower=127, rssi=-64, periodicAdvInt=0x0
05-17 05:21:53.655  1928  2050 D BtGatt.GattService: onScanResult to scannerId: 2- eventType=0x10, addressType=1, address=40F955_A, primaryPhy=1, secondaryPhy=0, advertisingSid=0xff, txPower=127, rssi=-84, periodicAdvInt=0x0
05-17 05:21:53.657  1928  2050 D BtGatt.GattService: onScanResult to scannerId: 2- eventType=0x1b, addressType=1, address=5B4F1E_E, primaryPhy=1, secondaryPhy=0, advertisingSid=0xff, txPower=127, rssi=-80, periodicAdvInt=0x0
05-17 05:21:53.670  1928  2050 D BtGatt.GattService: onScanResult to scannerId: 2- eventType=0x1b, addressType=1, address=553DBD_8, primaryPhy=1, secondaryPhy=0, advertisingSid=0xff, txPower=127, rssi=-72, periodicAdvInt=0x0
05-17 05:21:53.672  1928  2050 D BtGatt.GattService: onScanResult to scannerId: 2- eventType=0x10, addressType=1, address=7920E0_7, primaryPhy=1, secondaryPhy=0, advertisingSid=0xff, txPower=127, rssi=-80, periodicAdvInt=0x0
05-17 05:21:53.690  1928  2050 D BtGatt.GattService: onScanResult to scannerId: 2- eventType=0x1b, addressType=0, address=84E0F4_2, primaryPhy=1, secondaryPhy=0, advertisingSid=0xff, txPower=127, rssi=-86, periodicAdvInt=0x0
05-17 05:21:53.718  1928  2050 D BtGatt.GattService: onScanResult to scannerId: 2- eventType=0x10, addressType=0, address=BC7E8B_B, primaryPhy=1, secondaryPhy=0, advertisingSid=0xff, txPower=127, rssi=-85, periodicAdvInt=0x0
05-17 05:21:53.743  1928  2050 D BtGatt.GattService: onScanResult to scannerId: 2- eventType=0x1b, addressType=1, address=421060_E, primaryPhy=1, secondaryPhy=0, advertisingSid=0xff, txPower=127, rssi=-67, periodicAdvInt=0x0
05-17 05:21:53.745  1928  2050 D BtGatt.GattService: onScanResult to scannerId: 2- eventType=0x10, addressType=1, address=636E42_9, primaryPhy=1, secondaryPhy=0, advertisingSid=0xff, txPower=127, rssi=-41, periodicAdvInt=0x0
05-17 05:21:53.752  1928  2050 D BtGatt.GattService: onScanResult to scannerId: 2- eventType=0x1b, addressType=1, address=66E770_5, primaryPhy=1, secondaryPhy=0, advertisingSid=0xff, txPower=127, rssi=-41, periodicAdvInt=0x0
05-17 05:21:53.754  1928  2050 D BtGatt.GattService: onScanResult to scannerId: 2- eventType=0x1b, addressType=1, address=55DA99_8, primaryPhy=1, secondaryPhy=0, advertisingSid=0xff, txPower=127, rssi=-41, periodicAdvInt=0x0
05-17 05:21:53.756  1928  2050 D BtGatt.GattService: onScanResult to scannerId: 2- eventType=0x10, addressType=0, address=BC455B_A, primaryPhy=1, secondaryPhy=0, advertisingSid=0xff, txPower=127, rssi=-67, periodicAdvInt=0x0
05-17 05:21:53.766  1928  2050 D BtGatt.GattService: onScanResult to scannerId: 2- eventType=0x10, addressType=1, address=40F955_A, primaryPhy=1, secondaryPhy=0, advertisingSid=0xff, txPower=127, rssi=-84, periodicAdvInt=0x0
05-17 05:21:53.787  1928  2050 D BtGatt.GattService: onScanResult to scannerId: 2- eventType=0x10, addressType=1, address=1D2310_B, primaryPhy=1, secondaryPhy=0, advertisingSid=0xff, txPower=127, rssi=-95, periodicAdvInt=0x0
05-17 05:21:53.797  1928  2050 D BtGatt.GattService: onScanResult to scannerId: 2- eventType=0x10, addressType=1, address=55FC6C_B, primaryPhy=1, secondaryPhy=0, advertisingSid=0xff, txPower=127, rssi=-80, periodicAdvInt=0x0
05-17 05:21:53.851  1928  2050 D BtGatt.GattService: onScanResult to scannerId: 2- eventType=0x10, addressType=1, address=7920E0_7, primaryPhy=1, secondaryPhy=0, advertisingSid=0xff, txPower=127, rssi=-79, periodicAdvInt=0x0
05-17 05:21:53.871  1928  2050 D BtGatt.GattService: onScanResult to scannerId: 2- eventType=0x10, addressType=0, address=BC7E8B_B, primaryPhy=1, secondaryPhy=0, advertisingSid=0xff, txPower=127, rssi=-84, periodicAdvInt=0x0
05-17 05:21:53.875  1928  2050 D BtGatt.GattService: onScanResult to scannerId: 2- eventType=0x10, addressType=1, address=61A979_F, primaryPhy=1, secondaryPhy=0, advertisingSid=0xff, txPower=127, rssi=-90, periodicAdvInt=0x0
05-17 05:21:53.912  1928  2050 D BtGatt.GattService: onScanResult to scannerId: 2- eventType=0x1b, addressType=1, address=44F154_6, primaryPhy=1, secondaryPhy=0, advertisingSid=0xff, txPower=127, rssi=-64, periodicAdvInt=0x0
05-17 05:21:53.930  1928  2050 D BtGatt.GattService: onScanResult to scannerId: 2- eventType=0x1b, addressType=1, address=553DBD_8, primaryPhy=1, secondaryPhy=0, advertisingSid=0xff, txPower=127, rssi=-72, periodicAdvInt=0x0
05-17 05:21:53.934  1928  2050 D BtGatt.GattService: onScanResult to scannerId: 2- eventType=0x10, addressType=1, address=636E42_9, primaryPhy=1, secondaryPhy=0, advertisingSid=0xff, txPower=127, rssi=-42, periodicAdvInt=0x0
05-17 05:21:53.962  1928  2050 D BtGatt.GattService: onScanResult to scannerId: 2- eventType=0x10, addressType=1, address=6CB5CF_0, primaryPhy=1, secondaryPhy=0, advertisingSid=0xff, txPower=127, rssi=-80, periodicAdvInt=0x0
05-17 05:21:53.974  1928  2050 D BtGatt.GattService: onScanResult to scannerId: 2- eventType=0x10, addressType=1, address=40F955_A, primaryPhy=1, secondaryPhy=0, advertisingSid=0xff, txPower=127, rssi=-84, periodicAdvInt=0x0
05-17 05:21:54.017  1928  2050 D BtGatt.GattService: onScanResult to scannerId: 2- eventType=0x1b, addressType=1, address=421060_E, primaryPhy=1, secondaryPhy=0, advertisingSid=0xff, txPower=127, rssi=-67, periodicAdvInt=0x0
05-17 05:21:54.040  1928  2050 D BtGatt.GattService: onScanResult to scannerId: 2- eventType=0x1b, addressType=1, address=66E770_5, primaryPhy=1, secondaryPhy=0, advertisingSid=0xff, txPower=127, rssi=-41, periodicAdvInt=0x0
05-17 05:21:54.053  1928  2050 D BtGatt.GattService: onScanResult to scannerId: 2- eventType=0x10, addressType=1, address=61A979_F, primaryPhy=1, secondaryPhy=0, advertisingSid=0xff, txPower=127, rssi=-89, periodicAdvInt=0x0
05-17 05:21:54.059  1928  2050 D BtGatt.GattService: onScanResult to scannerId: 2- eventType=0x1b, addressType=1, address=5CF144_7, primaryPhy=1, secondaryPhy=0, advertisingSid=0xff, txPower=127, rssi=-79, periodicAdvInt=0x0
05-17 05:21:54.073  1928  2050 D BtGatt.GattService: onScanResult to scannerId: 2- eventType=0x1b, addressType=0, address=84E0F4_2, primaryPhy=1, secondaryPhy=0, advertisingSid=0xff, txPower=127, rssi=-87, periodicAdvInt=0x0
05-17 05:21:54.079  1928  2050 D BtGatt.GattService: onScanResult to scannerId: 2- eventType=0x10, addressType=1, address=40F955_A, primaryPhy=1, secondaryPhy=0, advertisingSid=0xff, txPower=127, rssi=-84, periodicAdvInt=0x0
05-17 05:21:54.116  1928  2050 D BtGatt.GattService: onScanResult to scannerId: 2- eventType=0x10, addressType=1, address=636E42_9, primaryPhy=1, secondaryPhy=0, advertisingSid=0xff, txPower=127, rssi=-41, periodicAdvInt=0x0
05-17 05:21:54.144  1928  2050 D BtGatt.GattService: onScanResult to scannerId: 2- eventType=0x1b, addressType=0, address=84E0F4_2, primaryPhy=1, secondaryPhy=0, advertisingSid=0xff, txPower=127, rssi=-86, periodicAdvInt=0x0
05-17 05:21:54.150  1928  2050 D BtGatt.GattService: onScanResult to scannerId: 2- eventType=0x1b, addressType=1, address=C19840_0, primaryPhy=1, secondaryPhy=0, advertisingSid=0xff, txPower=127, rssi=-82, periodicAdvInt=0x0
05-17 05:21:54.169  1928  2050 D BtGatt.GattService: onScanResult to scannerId: 2- eventType=0x10, addressType=1, address=55FC6C_B, primaryPhy=1, secondaryPhy=0, advertisingSid=0xff, txPower=127, rssi=-79, periodicAdvInt=0x0
05-17 05:21:54.182  1928  2050 D BtGatt.GattService: onScanResult to scannerId: 2- eventType=0x1b, addressType=0, address=84E0F4_2, primaryPhy=1, secondaryPhy=0, advertisingSid=0xff, txPower=127, rssi=-87, periodicAdvInt=0x0
05-17 05:21:54.185  1928  2050 D BtGatt.GattService: onScanResult to scannerId: 2- eventType=0x10, addressType=0, address=BC7E8B_B, primaryPhy=1, secondaryPhy=0, advertisingSid=0xff, txPower=127, rssi=-85, periodicAdvInt=0x0
05-17 05:21:54.190  1928  2050 D BtGatt.GattService: onScanResult to scannerId: 2- eventType=0x1b, addressType=1, address=553DBD_8, primaryPhy=1, secondaryPhy=0, advertisingSid=0xff, txPower=127, rssi=-72, periodicAdvInt=0x0
05-17 05:21:54.194  1928  2050 D BtGatt.GattService: onScanResult to scannerId: 2- eventType=0x10, addressType=1, address=40F955_A, primaryPhy=1, secondaryPhy=0, advertisingSid=0xff, txPower=127, rssi=-84, periodicAdvInt=0x0
05-17 05:21:54.198  1928  2050 D BtGatt.GattService: onScanResult to scannerId: 2- eventType=0x1b, addressType=1, address=44F154_6, primaryPhy=1, secondaryPhy=0, advertisingSid=0xff, txPower=127, rssi=-64, periodicAdvInt=0x0
05-17 05:21:54.201  1928  2050 D BtGatt.GattService: onScanResult to scannerId: 2- eventType=0x10, addressType=1, address=1D2310_B, primaryPhy=1, secondaryPhy=0, advertisingSid=0xff, txPower=127, rssi=-95, periodicAdvInt=0x0
05-17 05:21:54.233  1928  2050 D BtGatt.GattService: onScanResult to scannerId: 2- eventType=0x10, addressType=0, address=BC455B_A, primaryPhy=1, secondaryPhy=0, advertisingSid=0xff, txPower=127, rssi=-68, periodicAdvInt=0x0
05-17 05:21:54.239  1928  2050 D BtGatt.GattService: onScanResult to scannerId: 2- eventType=0x10, addressType=1, address=61A979_F, primaryPhy=1, secondaryPhy=0, advertisingSid=0xff, txPower=127, rssi=-90, periodicAdvInt=0x0
05-17 05:21:54.254  1928  2050 D BtGatt.GattService: onScanResult to scannerId: 2- eventType=0x1b, addressType=0, address=84E0F4_2, primaryPhy=1, secondaryPhy=0, advertisingSid=0xff, txPower=127, rssi=-86, periodicAdvInt=0x0
05-17 05:21:54.263  1928  2050 D BtGatt.GattService: onScanResult to scannerId: 2- eventType=0x1b, addressType=1, address=DD0D30_2, primaryPhy=1, secondaryPhy=0, advertisingSid=0xff, txPower=127, rssi=-66, periodicAdvInt=0x0
05-17 05:21:54.274  1928  2050 D BtGatt.GattService: onScanResult to scannerId: 2- eventType=0x1b, addressType=0, address=84E0F4_2, primaryPhy=1, secondaryPhy=0, advertisingSid=0xff, txPower=127, rssi=-87, periodicAdvInt=0x0
05-17 05:21:54.286  1928  2050 D BtGatt.GattService: onScanResult to scannerId: 2- eventType=0x10, addressType=1, address=40F955_A, primaryPhy=1, secondaryPhy=0, advertisingSid=0xff, txPower=127, rssi=-83, periodicAdvInt=0x0
05-17 05:21:54.296  1928  2050 D BtGatt.GattService: onScanResult to scannerId: 2- eventType=0x1b, addressType=1, address=421060_E, primaryPhy=1, secondaryPhy=0, advertisingSid=0xff, txPower=127, rssi=-67, periodicAdvInt=0x0
05-17 05:21:54.331  1928  2050 D BtGatt.GattService: onScanResult to scannerId: 2- eventType=0x10, addressType=1, address=636E42_9, primaryPhy=1, secondaryPhy=0, advertisingSid=0xff, txPower=127, rssi=-41, periodicAdvInt=0x0
05-17 05:21:54.342  1928  2050 D BtGatt.GattService: onScanResult to scannerId: 2- eventType=0x1b, addressType=1, address=55DA99_8, primaryPhy=1, secondaryPhy=0, advertisingSid=0xff, txPower=127, rssi=-41, periodicAdvInt=0x0
05-17 05:21:54.369  1928  2050 D BtGatt.GattService: onScanResult to scannerId: 2- eventType=0x10, addressType=0, address=BC455B_A, primaryPhy=1, secondaryPhy=0, advertisingSid=0xff, txPower=127, rssi=-72, periodicAdvInt=0x0
05-17 05:21:54.380  1928  2050 D BtGatt.GattService: onScanResult to scannerId: 2- eventType=0x1b, addressType=0, address=84E0F4_2, primaryPhy=1, secondaryPhy=0, advertisingSid=0xff, txPower=127, rssi=-87, periodicAdvInt=0x0
05-17 05:21:54.390  1928  2050 D BtGatt.GattService: onScanResult to scannerId: 2- eventType=0x10, addressType=1, address=40F955_A, primaryPhy=1, secondaryPhy=0, advertisingSid=0xff, txPower=127, rssi=-83, periodicAdvInt=0x0
05-17 05:21:54.406  1928  2050 D BtGatt.GattService: onScanResult to scannerId: 2- eventType=0x1b, addressType=0, address=84E0F4_2, primaryPhy=1, secondaryPhy=0, advertisingSid=0xff, txPower=127, rssi=-86, periodicAdvInt=0x0
05-17 05:21:54.408  1928  2050 D BtGatt.GattService: onScanResult to scannerId: 2- eventType=0x10, addressType=1, address=1D2310_B, primaryPhy=1, secondaryPhy=0, advertisingSid=0xff, txPower=127, rssi=-94, periodicAdvInt=0x0
05-17 05:21:54.409  1928  2050 D BtGatt.GattService: onScanResult to scannerId: 2- eventType=0x10, addressType=1, address=7920E0_7, primaryPhy=1, secondaryPhy=0, advertisingSid=0xff, txPower=127, rssi=-80, periodicAdvInt=0x0
05-17 05:21:54.431  1928  2050 D BtGatt.GattService: onScanResult to scannerId: 2- eventType=0x10, addressType=1, address=61A979_F, primaryPhy=1, secondaryPhy=0, advertisingSid=0xff, txPower=127, rssi=-90, periodicAdvInt=0x0
05-17 05:21:54.448  1928  2050 D BtGatt.GattService: onScanResult to scannerId: 2- eventType=0x1b, addressType=1, address=553DBD_8, primaryPhy=1, secondaryPhy=0, advertisingSid=0xff, txPower=127, rssi=-72, periodicAdvInt=0x0
05-17 05:21:54.460  1928  2050 D BtGatt.GattService: onScanResult to scannerId: 2- eventType=0x1b, addressType=0, address=84E0F4_2, primaryPhy=1, secondaryPhy=0, advertisingSid=0xff, txPower=127, rssi=-86, periodicAdvInt=0x0
05-17 05:21:54.465  1928  2050 D BtGatt.GattService: onScanResult to scannerId: 2- eventType=0x1b, addressType=0, address=84E0F4_2, primaryPhy=1, secondaryPhy=0, advertisingSid=0xff, txPower=127, rssi=-87, periodicAdvInt=0x0
05-17 05:21:54.484  1928  2050 D BtGatt.GattService: onScanResult to scannerId: 2- eventType=0x1b, addressType=0, address=84E0F4_2, primaryPhy=1, secondaryPhy=0, advertisingSid=0xff, txPower=127, rssi=-87, periodicAdvInt=0x0
05-17 05:21:54.488  1928  2050 D BtGatt.GattService: onScanResult to scannerId: 2- eventType=0x10, addressType=0, address=BC7E8B_B, primaryPhy=1, secondaryPhy=0, advertisingSid=0xff, txPower=127, rssi=-84, periodicAdvInt=0x0
05-17 05:21:54.496  1928  2050 D BtGatt.GattService: onScanResult to scannerId: 2- eventType=0x1b, addressType=1, address=FABE2A_A, primaryPhy=1, secondaryPhy=0, advertisingSid=0xff, txPower=127, rssi=-81, periodicAdvInt=0x0
05-17 05:21:54.497  1928  2050 D BtGatt.GattService: onScanResult to scannerId: 2- eventType=0x10, addressType=1, address=40F955_A, primaryPhy=1, secondaryPhy=0, advertisingSid=0xff, txPower=127, rssi=-84, periodicAdvInt=0x0
05-17 05:21:54.509  1928  2050 D BtGatt.GattService: onScanResult to scannerId: 2- eventType=0x10, addressType=1, address=1D2310_B, primaryPhy=1, secondaryPhy=0, advertisingSid=0xff, txPower=127, rssi=-94, periodicAdvInt=0x0
05-17 05:21:54.518  1928  2050 D BtGatt.GattService: onScanResult to scannerId: 2- eventType=0x1b, addressType=0, address=84E0F4_2, primaryPhy=1, secondaryPhy=0, advertisingSid=0xff, txPower=127, rssi=-86, periodicAdvInt=0x0
05-17 05:21:54.524  1928  2050 D BtGatt.GattService: onScanResult to scannerId: 2- eventType=0x10, addressType=0, address=BC455B_A, primaryPhy=1, secondaryPhy=0, advertisingSid=0xff, txPower=127, rssi=-68, periodicAdvInt=0x0
05-17 05:21:54.539  1928  2050 D BtGatt.GattService: onScanResult to scannerId: 2- eventType=0x10, addressType=1, address=55FC6C_B, primaryPhy=1, secondaryPhy=0, advertisingSid=0xff, txPower=127, rssi=-80, periodicAdvInt=0x0
05-17 05:21:54.566  1928  2050 D BtGatt.GattService: onScanResult to scannerId: 2- eventType=0x1b, addressType=1, address=421060_E, primaryPhy=1, secondaryPhy=0, advertisingSid=0xff, txPower=127, rssi=-67, periodicAdvInt=0x0
05-17 05:21:54.573  1928  2050 D BtGatt.GattService: onScanResult to scannerId: 2- eventType=0x1b, addressType=1, address=C19840_0, primaryPhy=1, secondaryPhy=0, advertisingSid=0xff, txPower=127, rssi=-82, periodicAdvInt=0x0
05-17 05:21:54.599  1928  2050 D BtGatt.GattService: onScanResult to scannerId: 2- eventType=0x10, addressType=1, address=7920E0_7, primaryPhy=1, secondaryPhy=0, advertisingSid=0xff, txPower=127, rssi=-80, periodicAdvInt=0x0
05-17 05:21:54.640  1928  2050 D BtGatt.GattService: onScanResult to scannerId: 2- eventType=0x1b, addressType=1, address=55DA99_8, primaryPhy=1, secondaryPhy=0, advertisingSid=0xff, txPower=127, rssi=-41, periodicAdvInt=0x0
05-17 05:21:54.643  1928  2050 D BtGatt.GattService: onScanResult to scannerId: 2- eventType=0x1b, addressType=1, address=66E770_5, primaryPhy=1, secondaryPhy=0, advertisingSid=0xff, txPower=127, rssi=-42, periodicAdvInt=0x0
05-17 05:21:54.648  1928  2050 D BtGatt.GattService: onScanResult to scannerId: 2- eventType=0x10, addressType=0, address=BC7E8B_B, primaryPhy=1, secondaryPhy=0, advertisingSid=0xff, txPower=127, rssi=-84, periodicAdvInt=0x0
05-17 05:21:54.677  1928  2050 D BtGatt.GattService: onScanResult to scannerId: 2- eventType=0x1b, addressType=0, address=84E0F4_2, primaryPhy=1, secondaryPhy=0, advertisingSid=0xff, txPower=127, rssi=-86, periodicAdvInt=0x0
05-17 05:21:54.692  1928  2050 D BtGatt.GattService: onScanResult to scannerId: 2- eventType=0x10, addressType=0, address=BC455B_A, primaryPhy=1, secondaryPhy=0, advertisingSid=0xff, txPower=127, rssi=-72, periodicAdvInt=0x0
05-17 05:21:54.701  1928  2050 D BtGatt.GattService: onScanResult to scannerId: 2- eventType=0x1b, addressType=0, address=84E0F4_2, primaryPhy=1, secondaryPhy=0, advertisingSid=0xff, txPower=127, rssi=-87, periodicAdvInt=0x0
05-17 05:21:54.709 29107 29157 I BluetoothAdapter: STATE_ON
05-17 05:21:54.710  1928  2050 D BtGatt.GattService: onScanResult to scannerId: 2- eventType=0x1b, addressType=1, address=553DBD_8, primaryPhy=1, secondaryPhy=0, advertisingSid=0xff, txPower=127, rssi=-72, periodicAdvInt=0x0
05-17 05:21:54.712 29107 29157 I BluetoothAdapter: STATE_ON
05-17 05:21:54.714 29107 29157 I BluetoothAdapter: STATE_ON
05-17 05:21:54.715  1928  2050 D BtGatt.GattService: onScanResult to scannerId: 2- eventType=0x10, addressType=1, address=6CB5CF_0, primaryPhy=1, secondaryPhy=0, advertisingSid=0xff, txPower=127, rssi=-80, periodicAdvInt=0x0
05-17 05:21:54.717 29107 29157 I BluetoothAdapter: STATE_ON
05-17 05:21:54.718 29107 29157 I MobBleDispatch: {"v":1,"event":"ble_capabilities","supports_extended_advertising":true,"max_advertising_data_length":1024,"is_multiple_advertisement_supported":true,"legacy_manufacturer_payload_budget":24}
05-17 05:21:54.719 29107 29157 I BluetoothAdapter: STATE_ON
05-17 05:21:54.721 29107 29157 I BluetoothAdapter: STATE_ON
05-17 05:21:54.724  1928  2050 D BtGatt.GattService: onScanResult to scannerId: 2- eventType=0x10, addressType=1, address=1D2310_B, primaryPhy=1, secondaryPhy=0, advertisingSid=0xff, txPower=127, rssi=-95, periodicAdvInt=0x0
05-17 05:21:54.728 29107 29157 I BluetoothAdapter: STATE_ON
05-17 05:21:54.728 29107 29157 I BluetoothAdapter: STATE_ON
05-17 05:21:54.729 29107 29157 I BluetoothAdapter: STATE_ON
05-17 05:21:54.729 29107 29157 I BluetoothAdapter: STATE_ON
05-17 05:21:54.734  1928  2050 D BtGatt.GattService: onScanResult to scannerId: 2- eventType=0x1b, addressType=1, address=2905E3_C, primaryPhy=1, secondaryPhy=0, advertisingSid=0xff, txPower=127, rssi=-95, periodicAdvInt=0x0
05-17 05:21:54.735  1928  3855 I bt_stack: [INFO:le_advertising_manager.cc(137)] StartAdvertisingSet in shim layer
05-17 05:21:54.735  1928  3855 W bt_stack: le_advertising_manager :: allocate_advertiser - id : 2
05-17 05:21:54.736  1928  3855 I bt_stack: [INFO:le_advertising_manager.cc(157)] create advertising set, reg_id:-4922, id:2
05-17 05:21:54.736  1928  2282 W bt_stack: le_advertising_manager :: create_extended_advertiser - id : 2
05-17 05:21:54.736  1928  2282 W bt_stack: le_advertising_manager :: enable_advertiser - id : 2
05-17 05:21:54.740 29107 29157 I MobBleDispatch: {"v":1,"event":"attempt_outcome","attempt_id":"selftest-1779020514705","message_id":"1Ic\/uawuAOuXxBS9a48jBg==","target_peer_id":"broadcast","target_device_ids":["broadcast"],"kind":"dispatched","reason":"legacy_beacon_fallback","adapter":"ble_android","outcome_at_ms":184186767}
05-17 05:21:54.741  1928  2050 D BtGatt.GattService: onScanResult to scannerId: 2- eventType=0x1b, addressType=1, address=5B4F1E_E, primaryPhy=1, secondaryPhy=0, advertisingSid=0xff, txPower=127, rssi=-80, periodicAdvInt=0x0
05-17 05:21:54.742 29107 29157 I MobBleNative: sendToPeer(broadcast, 31B) -> DISPATCHED reason=legacy_beacon_fallback
05-17 05:21:54.743 29107 29157 I Elixir  : BleSelfTest: MESH MESSAGE SENT payload="hello-from-mob-dev-1779020514" result=:ok
05-17 05:21:54.745  1928  2050 D BtGatt.GattService: onScanResult to scannerId: 2- eventType=0x1b, addressType=1, address=44F154_6, primaryPhy=1, secondaryPhy=0, advertisingSid=0xff, txPower=127, rssi=-64, periodicAdvInt=0x0
05-17 05:21:54.750 29107 29142 I BEAMout : 05:21:54.743 [info] BleSelfTest: MESH MESSAGE SENT payload="hello-from-mob-dev-1779020514" result=:ok
05-17 05:21:54.754  1928  2050 D BtGatt.GattService: onScanResult to scannerId: 2- eventType=0x10, addressType=1, address=2E328E_0, primaryPhy=1, secondaryPhy=0, advertisingSid=0xff, txPower=127, rssi=-94, periodicAdvInt=0x0
05-17 05:21:54.758 29107 29157 W Elixir  : BleSelfTest: bridge error unknown: {"v":1,"event":"attempt_outcome","attempt_id":"selftest-1779020514705","message_id":"1Ic\/uawuAOuXxBS9a48jBg==","target_peer_id":"broadcast","target_device_ids":["broadcast"],"kind":"dispatched","reason":"legacy_beacon_fallback","adapter":"ble_android","outcome_at_ms":184186767}
05-17 05:21:54.765  1928  2260 E BtGatt.GattService: [GSIM LOG]: gsimLogHandler, msg: MESSAGE_ADV_SET_START, appName: dev.mob.mob, id: 2, isLegacy: true
05-17 05:21:54.766 29107 29107 D BluetoothLeAdvertiser: onAdvertisingSetStarted(2, -7, 0)
05-17 05:21:54.768 29107 29142 I BEAMout : 05:21:54.758 [warning] BleSelfTest: bridge error unknown: {"v":1,"event":"attempt_outcome","attempt_id":"selftest-1779020514705","message_id":"1Ic\/uawuAOuXxBS9a48jBg==","target_peer_id":"broadcast","target_device_ids":["broadcast"],"kind":"dispatched","reason":"legacy_beacon_fallback","adapter":"ble_android","outcome_at_ms":184186767}
05-17 05:21:54.768 29107 29107 I MobBleDispatch: {"v":1,"event":"legacy_beacon_advertising_started","attempt_id":"selftest-1779020514705","beacon_size":22,"beacon":"TUIBAQEAzaUxsvnpYYMS94VXUXoT+Q==","message_id_hash":"zaUxsvnpYYM=","sender_peer_id_hash":"EveFV1F6E\/k=","payload_kind":"TX","envelope_version":1,"window_ms":5000,"data_carrier":"legacy_advertisement"}
05-17 05:21:54.794  1928  2050 D BtGatt.GattService: onScanResult to scannerId: 2- eventType=0x1b, addressType=0, address=84E0F4_2, primaryPhy=1, secondaryPhy=0, advertisingSid=0xff, txPower=127, rssi=-87, periodicAdvInt=0x0
05-17 05:21:54.817  1928  2050 D BtGatt.GattService: onScanResult to scannerId: 2- eventType=0x1b, addressType=1, address=DD0D30_2, primaryPhy=1, secondaryPhy=0, advertisingSid=0xff, txPower=127, rssi=-66, periodicAdvInt=0x0
05-17 05:21:54.820  1928  2050 D BtGatt.GattService: onScanResult to scannerId: 2- eventType=0x10, addressType=1, address=40F955_A, primaryPhy=1, secondaryPhy=0, advertisingSid=0xff, txPower=127, rssi=-84, periodicAdvInt=0x0
05-17 05:21:54.825  1928  2050 D BtGatt.GattService: onScanResult to scannerId: 2- eventType=0x10, addressType=0, address=BC455B_A, primaryPhy=1, secondaryPhy=0, advertisingSid=0xff, txPower=127, rssi=-68, periodicAdvInt=0x0
05-17 05:21:54.839  1928  2050 D BtGatt.GattService: onScanResult to scannerId: 2- eventType=0x1b, addressType=1, address=421060_E, primaryPhy=1, secondaryPhy=0, advertisingSid=0xff, txPower=127, rssi=-67, periodicAdvInt=0x0
05-17 05:21:54.860  1928  2050 D BtGatt.GattService: onScanResult to scannerId: 2- eventType=0x10, addressType=1, address=2E328E_0, primaryPhy=1, secondaryPhy=0, advertisingSid=0xff, txPower=127, rssi=-94, periodicAdvInt=0x0
05-17 05:21:54.885  1928  2050 D BtGatt.GattService: onScanResult to scannerId: 2- eventType=0x10, addressType=1, address=636E42_9, primaryPhy=1, secondaryPhy=0, advertisingSid=0xff, txPower=127, rssi=-41, periodicAdvInt=0x0
05-17 05:21:54.891  1928  2050 D BtGatt.GattService: onScanResult to scannerId: 2- eventType=0x1b, addressType=1, address=5CF144_7, primaryPhy=1, secondaryPhy=0, advertisingSid=0xff, txPower=127, rssi=-80, periodicAdvInt=0x0
05-17 05:21:54.901  1928  2050 D BtGatt.GattService: onScanResult to scannerId: 2- eventType=0x1b, addressType=0, address=84E0F4_2, primaryPhy=1, secondaryPhy=0, advertisingSid=0xff, txPower=127, rssi=-87, periodicAdvInt=0x0
05-17 05:21:54.908  1928  2050 D BtGatt.GattService: onScanResult to scannerId: 2- eventType=0x10, addressType=1, address=6CB5CF_0, primaryPhy=1, secondaryPhy=0, advertisingSid=0xff, txPower=127, rssi=-80, periodicAdvInt=0x0
05-17 05:21:54.910  1928  2050 D BtGatt.GattService: onScanResult to scannerId: 2- eventType=0x10, addressType=1, address=EF1D2C_F, primaryPhy=1, secondaryPhy=0, advertisingSid=0xff, txPower=127, rssi=-80, periodicAdvInt=0x0
05-17 05:21:54.918  1928  2050 D BtGatt.GattService: onScanResult to scannerId: 2- eventType=0x10, addressType=1, address=55FC6C_B, primaryPhy=1, secondaryPhy=0, advertisingSid=0xff, txPower=127, rssi=-79, periodicAdvInt=0x0
05-17 05:21:54.923  1928  2050 D BtGatt.GattService: onScanResult to scannerId: 2- eventType=0x10, addressType=1, address=1D2310_B, primaryPhy=1, secondaryPhy=0, advertisingSid=0xff, txPower=127, rssi=-94, periodicAdvInt=0x0
05-17 05:21:54.926  1928  2050 D BtGatt.GattService: onScanResult to scannerId: 2- eventType=0x10, addressType=1, address=40F955_A, primaryPhy=1, secondaryPhy=0, advertisingSid=0xff, txPower=127, rssi=-84, periodicAdvInt=0x0
05-17 05:21:54.936  1928  2050 D BtGatt.GattService: onScanResult to scannerId: 2- eventType=0x1b, addressType=1, address=55DA99_8, primaryPhy=1, secondaryPhy=0, advertisingSid=0xff, txPower=127, rssi=-41, periodicAdvInt=0x0
05-17 05:21:54.938  1928  2050 D BtGatt.GattService: onScanResult to scannerId: 2- eventType=0x1b, addressType=1, address=66E770_5, primaryPhy=1, secondaryPhy=0, advertisingSid=0xff, txPower=127, rssi=-41, periodicAdvInt=0x0
05-17 05:21:54.953  1928  2050 D BtGatt.GattService: onScanResult to scannerId: 2- eventType=0x10, addressType=0, address=BC7E8B_B, primaryPhy=1, secondaryPhy=0, advertisingSid=0xff, txPower=127, rssi=-84, periodicAdvInt=0x0
05-17 05:21:54.970  1928  2050 D BtGatt.GattService: onScanResult to scannerId: 2- eventType=0x10, addressType=1, address=7920E0_7, primaryPhy=1, secondaryPhy=0, advertisingSid=0xff, txPower=127, rssi=-80, periodicAdvInt=0x0
05-17 05:21:54.983  1928  2050 D BtGatt.GattService: onScanResult to scannerId: 2- eventType=0x10, addressType=0, address=BC455B_A, primaryPhy=1, secondaryPhy=0, advertisingSid=0xff, txPower=127, rssi=-67, periodicAdvInt=0x0
05-17 05:21:54.989  1928  2050 D BtGatt.GattService: onScanResult to scannerId: 2- eventType=0x10, addressType=1, address=61A979_F, primaryPhy=1, secondaryPhy=0, advertisingSid=0xff, txPower=127, rssi=-90, periodicAdvInt=0x0
05-17 05:21:55.024  1928  2050 D BtGatt.GattService: onScanResult to scannerId: 2- eventType=0x10, addressType=1, address=1D2310_B, primaryPhy=1, secondaryPhy=0, advertisingSid=0xff, txPower=127, rssi=-93, periodicAdvInt=0x0
05-17 05:21:55.030  1928  2050 D BtGatt.GattService: onScanResult to scannerId: 2- eventType=0x10, addressType=1, address=40F955_A, primaryPhy=1, secondaryPhy=0, advertisingSid=0xff, txPower=127, rssi=-84, periodicAdvInt=0x0
05-17 05:21:55.036  1928  2050 D BtGatt.GattService: onScanResult to scannerId: 2- eventType=0x1b, addressType=0, address=84E0F4_2, primaryPhy=1, secondaryPhy=0, advertisingSid=0xff, txPower=127, rssi=-86, periodicAdvInt=0x0
05-17 05:21:55.044  1928  2050 D BtGatt.GattService: onScanResult to scannerId: 2- eventType=0x1b, addressType=0, address=84E0F4_2, primaryPhy=1, secondaryPhy=0, advertisingSid=0xff, txPower=127, rssi=-86, periodicAdvInt=0x0
05-17 05:21:55.075  1928  2050 D BtGatt.GattService: onScanResult to scannerId: 2- eventType=0x10, addressType=1, address=2E328E_0, primaryPhy=1, secondaryPhy=0, advertisingSid=0xff, txPower=127, rssi=-94, periodicAdvInt=0x0
05-17 05:21:55.077  1928  2050 D BtGatt.GattService: onScanResult to scannerId: 2- eventType=0x10, addressType=1, address=636E42_9, primaryPhy=1, secondaryPhy=0, advertisingSid=0xff, txPower=127, rssi=-41, periodicAdvInt=0x0
05-17 05:21:55.082  1928  2050 D BtGatt.GattService: onScanResult to scannerId: 2- eventType=0x10, addressType=1, address=6CB5CF_0, primaryPhy=1, secondaryPhy=0, advertisingSid=0xff, txPower=127, rssi=-80, periodicAdvInt=0x0
05-17 05:21:55.107  1928  2050 D BtGatt.GattService: onScanResult to scannerId: 2- eventType=0x10, addressType=1, address=55FC6C_B, primaryPhy=1, secondaryPhy=0, advertisingSid=0xff, txPower=127, rssi=-80, periodicAdvInt=0x0
05-17 05:21:55.112  1928  2050 D BtGatt.GattService: onScanResult to scannerId: 2- eventType=0x10, addressType=0, address=BC7E8B_B, primaryPhy=1, secondaryPhy=0, advertisingSid=0xff, txPower=127, rssi=-84, periodicAdvInt=0x0
05-17 05:21:55.120  1928  2050 D BtGatt.GattService: onScanResult to scannerId: 2- eventType=0x1b, addressType=1, address=421060_E, primaryPhy=1, secondaryPhy=0, advertisingSid=0xff, txPower=127, rssi=-68, periodicAdvInt=0x0
05-17 05:21:55.125  1928  2050 D BtGatt.GattService: onScanResult to scannerId: 2- eventType=0x10, addressType=1, address=1D2310_B, primaryPhy=1, secondaryPhy=0, advertisingSid=0xff, txPower=127, rssi=-96, periodicAdvInt=0x0
05-17 05:21:55.134  1928  2050 D BtGatt.GattService: onScanResult to scannerId: 2- eventType=0x1b, addressType=0, address=84E0F4_2, primaryPhy=1, secondaryPhy=0, advertisingSid=0xff, txPower=127, rssi=-86, periodicAdvInt=0x0
05-17 05:21:55.138  1928  2050 D BtGatt.GattService: onScanResult to scannerId: 2- eventType=0x10, addressType=1, address=40F955_A, primaryPhy=1, secondaryPhy=0, advertisingSid=0xff, txPower=127, rssi=-83, periodicAdvInt=0x0
05-17 05:21:55.145  1928  2050 D BtGatt.GattService: onScanResult to scannerId: 2- eventType=0x1b, addressType=0, address=84E0F4_2, primaryPhy=1, secondaryPhy=0, advertisingSid=0xff, txPower=127, rssi=-86, periodicAdvInt=0x0
05-17 05:21:55.147  1928  2050 D BtGatt.GattService: onScanResult to scannerId: 2- eventType=0x10, addressType=0, address=BC455B_A, primaryPhy=1, secondaryPhy=0, advertisingSid=0xff, txPower=127, rssi=-67, periodicAdvInt=0x0
05-17 05:21:55.155  1928  2050 D BtGatt.GattService: onScanResult to scannerId: 2- eventType=0x10, addressType=1, address=7920E0_7, primaryPhy=1, secondaryPhy=0, advertisingSid=0xff, txPower=127, rssi=-80, periodicAdvInt=0x0
05-17 05:21:55.160  1928  2050 D BtGatt.GattService: onScanResult to scannerId: 2- eventType=0x1b, addressType=1, address=5CF144_7, primaryPhy=1, secondaryPhy=0, advertisingSid=0xff, txPower=127, rssi=-79, periodicAdvInt=0x0
05-17 05:21:55.212  1928  2050 D BtGatt.GattService: onScanResult to scannerId: 2- eventType=0x1b, addressType=0, address=84E0F4_2, primaryPhy=1, secondaryPhy=0, advertisingSid=0xff, txPower=127, rssi=-87, periodicAdvInt=0x0
05-17 05:21:55.222  1928  2050 D BtGatt.GattService: onScanResult to scannerId: 2- eventType=0x1b, addressType=1, address=553DBD_8, primaryPhy=1, secondaryPhy=0, advertisingSid=0xff, txPower=127, rssi=-72, periodicAdvInt=0x0
05-17 05:21:55.238  1928  2050 D BtGatt.GattService: onScanResult to scannerId: 2- eventType=0x1b, addressType=1, address=66E770_5, primaryPhy=1, secondaryPhy=0, advertisingSid=0xff, txPower=127, rssi=-42, periodicAdvInt=0x0
05-17 05:21:55.246  1928  2050 D BtGatt.GattService: onScanResult to scannerId: 2- eventType=0x1b, addressType=0, address=84E0F4_2, primaryPhy=1, secondaryPhy=0, advertisingSid=0xff, txPower=127, rssi=-87, periodicAdvInt=0x0
05-17 05:21:55.265  1928  2050 D BtGatt.GattService: onScanResult to scannerId: 2- eventType=0x10, addressType=1, address=636E42_9, primaryPhy=1, secondaryPhy=0, advertisingSid=0xff, txPower=127, rssi=-42, periodicAdvInt=0x0
05-17 05:21:55.272  1928  2050 D BtGatt.GattService: onScanResult to scannerId: 2- eventType=0x10, addressType=0, address=BC7E8B_B, primaryPhy=1, secondaryPhy=0, advertisingSid=0xff, txPower=127, rssi=-84, periodicAdvInt=0x0
05-17 05:21:55.286  1928  2050 D BtGatt.GattService: onScanResult to scannerId: 2- eventType=0x10, addressType=0, address=BC455B_A, primaryPhy=1, secondaryPhy=0, advertisingSid=0xff, txPower=127, rssi=-71, periodicAdvInt=0x0
05-17 05:21:55.288  1928  2050 D BtGatt.GattService: onScanResult to scannerId: 2- eventType=0x10, addressType=1, address=55FC6C_B, primaryPhy=1, secondaryPhy=0, advertisingSid=0xff, txPower=127, rssi=-79, periodicAdvInt=0x0
05-17 05:21:55.302  1928  2050 D BtGatt.GattService: onScanResult to scannerId: 2- eventType=0x10, addressType=1, address=D3918F_3, primaryPhy=1, secondaryPhy=0, advertisingSid=0xff, txPower=127, rssi=-64, periodicAdvInt=0x0
05-17 05:21:55.308  1928  2050 D BtGatt.GattService: onScanResult to scannerId: 2- eventType=0x1b, addressType=0, address=84E0F4_2, primaryPhy=1, secondaryPhy=0, advertisingSid=0xff, txPower=127, rssi=-86, periodicAdvInt=0x0
05-17 05:21:55.329  1928  2050 D BtGatt.GattService: onScanResult to scannerId: 2- eventType=0x10, addressType=1, address=E5CA0F_8, primaryPhy=1, secondaryPhy=0, advertisingSid=0xff, txPower=127, rssi=-68, periodicAdvInt=0x0
05-17 05:21:55.345  1928  2050 D BtGatt.GattService: onScanResult to scannerId: 2- eventType=0x10, addressType=1, address=7920E0_7, primaryPhy=1, secondaryPhy=0, advertisingSid=0xff, txPower=127, rssi=-79, periodicAdvInt=0x0
05-17 05:21:55.361  1928  2050 D BtGatt.GattService: onScanResult to scannerId: 2- eventType=0x10, addressType=1, address=61A979_F, primaryPhy=1, secondaryPhy=0, advertisingSid=0xff, txPower=127, rssi=-90, periodicAdvInt=0x0
05-17 05:21:55.372  1200  3617 D SemWifiUsabilityStatsMonitor: onWifiUsabilityStats - seqNum 3361, isSameBssidAndFreq true
05-17 05:21:55.374  1613  1613 D NetworkController.WifiSignalController: notifyListener: visible=true, connected=true, inetCondition=1, isDefault=true, wifiTestReported=true, receivedInetCondition=-1, hideDuringMobileSwitching=false
05-17 05:21:55.380  1200  1507 I SemWifiLinkQualityMonitor: Link Qos Query: 0.066 ms / 120.774 Mbps (432 / 0.048 / 1.000)
05-17 05:21:55.388  1928  2050 D BtGatt.GattService: onScanResult to scannerId: 2- eventType=0x1b, addressType=0, address=84E0F4_2, primaryPhy=1, secondaryPhy=0, advertisingSid=0xff, txPower=127, rssi=-87, periodicAdvInt=0x0
05-17 05:21:55.424  1928  2050 D BtGatt.GattService: onScanResult to scannerId: 2- eventType=0x10, addressType=0, address=BC7E8B_B, primaryPhy=1, secondaryPhy=0, advertisingSid=0xff, txPower=127, rssi=-84, periodicAdvInt=0x0
05-17 05:21:55.434  1928  2050 D BtGatt.GattService: onScanResult to scannerId: 2- eventType=0x1b, addressType=1, address=5CF144_7, primaryPhy=1, secondaryPhy=0, advertisingSid=0xff, txPower=127, rssi=-79, periodicAdvInt=0x0
05-17 05:21:55.455  1928  2050 D BtGatt.GattService: onScanResult to scannerId: 2- eventType=0x10, addressType=1, address=636E42_9, primaryPhy=1, secondaryPhy=0, advertisingSid=0xff, txPower=127, rssi=-41, periodicAdvInt=0x0
05-17 05:21:55.473  1928  2050 D BtGatt.GattService: onScanResult to scannerId: 2- eventType=0x1b, addressType=0, address=94944A_9, primaryPhy=1, secondaryPhy=0, advertisingSid=0xff, txPower=127, rssi=-92, periodicAdvInt=0x0
05-17 05:21:55.483  1928  2050 D BtGatt.GattService: onScanResult to scannerId: 2- eventType=0x1b, addressType=1, address=F812C9_E, primaryPhy=1, secondaryPhy=0, advertisingSid=0xff, txPower=127, rssi=-91, periodicAdvInt=0x0
05-17 05:21:55.498  1928  2050 D BtGatt.GattService: onScanResult to scannerId: 2- eventType=0x10, addressType=1, address=2E328E_0, primaryPhy=1, secondaryPhy=0, advertisingSid=0xff, txPower=127, rssi=-94, periodicAdvInt=0x0
05-17 05:21:55.502  1928  2050 D BtGatt.GattService: onScanResult to scannerId: 2- eventType=0x1b, addressType=1, address=44F154_6, primaryPhy=1, secondaryPhy=0, advertisingSid=0xff, txPower=127, rssi=-64, periodicAdvInt=0x0
05-17 05:21:55.518  1928  2050 D BtGatt.GattService: onScanResult to scannerId: 2- eventType=0x1b, addressType=0, address=84E0F4_2, primaryPhy=1, secondaryPhy=0, advertisingSid=0xff, txPower=127, rssi=-86, periodicAdvInt=0x0
05-17 05:21:55.527  1928  2050 D BtGatt.GattService: onScanResult to scannerId: 2- eventType=0x10, addressType=1, address=7920E0_7, primaryPhy=1, secondaryPhy=0, advertisingSid=0xff, txPower=127, rssi=-80, periodicAdvInt=0x0
05-17 05:21:55.539  1928  2050 D BtGatt.GattService: onScanResult to scannerId: 2- eventType=0x1b, addressType=1, address=66E770_5, primaryPhy=1, secondaryPhy=0, advertisingSid=0xff, txPower=127, rssi=-41, periodicAdvInt=0x0
05-17 05:21:55.543  1928  2050 D BtGatt.GattService: onScanResult to scannerId: 2- eventType=0x1b, addressType=1, address=55DA99_8, primaryPhy=1, secondaryPhy=0, advertisingSid=0xff, txPower=127, rssi=-42, periodicAdvInt=0x0
