05-17 05:21:46.709   914   914 I Layer   : id=461 removeFromCurrentState 3083641 Splash Screen dev.mob.mob#461 (99)
05-17 05:21:46.709   914   914 I Layer   : id=462 removeFromCurrentState Splash Screen dev.mob.mob$_1613#462 (99)
05-17 05:21:46.709   914   914 I Layer   : id=467 removeFromCurrentState Surface(name=e0914a3 dev.mob.mob/dev.mob.mob.MainActivity)/@0x9206d82 - animation-leash of starting_reveal#467 (99)
05-17 05:21:46.709   914   914 I Layer   : id=462 removeFromCurrentState Splash Screen dev.mob.mob$_1613#462 (99)
05-17 05:21:46.709   914   914 I SurfaceFlinger: id=461 Removed 3083641 Splash Screen dev.mob.mob#461 (99)
05-17 05:21:46.709   914   914 I SurfaceFlinger: id=462 Removed Splash Screen dev.mob.mob$_1613#462 (99)
05-17 05:21:46.710   914   914 I Layer   : id=461 Destroyed 3083641 Splash Screen dev.mob.mob#461
05-17 05:21:46.711   914   914 I Layer   : id=462 Destroyed Splash Screen dev.mob.mob$_1613#462
05-17 05:21:46.713   914   914 D SurfaceFlinger: Display 0 HWC layers:
05-17 05:21:46.713   914   914 D SurfaceFlinger:      DEVICE | 0x791ceb4b00 | 0102 | RGBA_8888    |    0.0    0.0 1200.0 1920.0 |    0    0 1200 1920 | dev.mob.mob/dev.mob.mob.MainActivity$_29107#465
05-17 05:21:46.713   914   914 D SurfaceFlinger:      DEVICE | 0x7879328ac0 | 0100 | RGBA_8888    |    0.0    0.0 1200.0   48.0 |    0    0 1200   48 | StatusBar$_1613#79
05-17 05:21:46.713   914   914 D SurfaceFlinger:      DEVICE | 0x791ce8e780 | 0100 | RGBA_8888    |    0.0    0.0   67.0  311.0 | 1133  328 1200  639 | com.samsung.android.app.cocktailbars[...]service.CocktailBarService$_5662#421
05-17 05:21:46.713   914   914 D SurfaceFlinger: 
05-17 05:21:46.713  1613  1613 I ViewRootImpl@d792af5[NotificationShade]: performTraversals mFirst=false windowShouldResize=false viewVisibilityChanged=false mForceNextWindowRelayout=false params={(0,0)(fillxfill) gr=TOP CENTER_VERTICAL sim={adjust=resize} layoutInDisplayCutoutMode=always ty=NOTIFICATION_SHADE fmt=TRANSLUCENT
05-17 05:21:46.713  1613  1613 I ViewRootImpl@d792af5[NotificationShade]:   fl=81840048
05-17 05:21:46.713  1613  1613 I ViewRootImpl@d792af5[NotificationShade]:   pfl=1b000000
05-17 05:21:46.713  1613  1613 I ViewRootImpl@d792af5[NotificationShade]:   vsysui=2000
05-17 05:21:46.713  1613  1613 I ViewRootImpl@d792af5[NotificationShade]:   apr=LIGHT_STATUS_BARS
05-17 05:21:46.713  1613  1613 I ViewRootImpl@d792af5[NotificationShade]:   bhv=SHOW_TRANSIENT_BARS_BY_SWIPE
05-17 05:21:46.713  1613  1613 I ViewRootImpl@d792af5[NotificationShade]:  dimAmount=0.0 naviIconColor=0
05-17 05:21:46.713  1613  1613 I ViewRootImpl@d792af5[NotificationShade]:   sfl=40000}
05-17 05:21:46.714  1200  2907 V WindowManager: Relayout Window{339d9e9 u0 NotificationShade}: viewVisibility=4 req=1200x1920 d0
05-17 05:21:46.715  1200  2907 V WindowManager: Relayout hash=339d9e9, pid=1613, syncId=-1: mAttrs={(0,0)(fillxfill) gr=TOP CENTER_VERTICAL sim={adjust=resize} layoutInDisplayCutoutMode=always ty=NOTIFICATION_SHADE fmt=TRANSLUCENT
05-17 05:21:46.715  1200  2907 V WindowManager:   fl=81840048
05-17 05:21:46.715  1200  2907 V WindowManager:   pfl=1b000000
05-17 05:21:46.715  1200  2907 V WindowManager:   vsysui=2000
05-17 05:21:46.715  1200  2907 V WindowManager:   apr=LIGHT_STATUS_BARS
05-17 05:21:46.715  1200  2907 V WindowManager:   bhv=SHOW_TRANSIENT_BARS_BY_SWIPE
05-17 05:21:46.715  1200  2907 V WindowManager:  dimAmount=0.0 naviIconColor=0
05-17 05:21:46.715  1200  2907 V WindowManager:   sfl=40000}
05-17 05:21:46.716  1613  1613 I ViewRootImpl@d792af5[NotificationShade]: Relayout returned: old=(0,0,1200,1920) new=(0,0,1200,1920) req=(1200,1920)4 dur=3 res=0x0 s={false 0x0} ch=false seqId=1
05-17 05:21:46.769  1200  1896 D MdnieScenarioControlService:  packageName : dev.mob.mob    className : dev.mob.mob.MainActivity
05-17 05:21:46.769  1200  1896 V MdnieScenarioControlService: setUIMode from UI function(3)
05-17 05:21:46.772   864 29097 E HYPER-HAL: [HandlerSysfs.cpp]doResourceHandling(): Couldn't Open Sysfs - /sys/power/cstate_control
05-17 05:21:46.772   864 29097 I HYPER-HAL: [RequestManager.cpp]releaseLocked(): Released ID : 750950
05-17 05:21:46.796   864 29087 E HYPER-HAL: [HandlerSysfs.cpp]doResourceHandling(): Couldn't Open Sysfs - /sys/power/cstate_control
05-17 05:21:46.796   864 29087 I HYPER-HAL: [RequestManager.cpp]releaseLocked(): Released ID : 753405
05-17 05:21:46.797   864 29074 I HYPER-HAL: [RequestManager.cpp]releaseLocked(): Released ID : 754634
05-17 05:21:46.870  1200  1896 V MdnieScenarioControlService: mAclOffEnabled : false mAclPreviewState : false mAclCompensationState : false
05-17 05:21:46.922   864 29151 E HYPER-HAL: [HandlerSysfs.cpp]doResourceHandling(): Couldn't Open Sysfs - /sys/power/cstate_control
05-17 05:21:46.922   864 29151 I HYPER-HAL: [RequestManager.cpp]releaseLocked(): Released ID : 739952
05-17 05:21:46.965  1200  2907 I AppOps  : updateUidProcState uid: 10211 procState: 3 capability:15
05-17 05:21:46.967  9359 10079 I FontLog : (REDACTED) Received query %s, URI %s
05-17 05:21:46.968  9359 10079 I FontLog : (REDACTED) Query [%s] resolved to %s
05-17 05:21:46.969  9359 10079 I FontLog : (REDACTED) Fetch %s end status %s
05-17 05:21:46.972  9359 10079 I FontLog : (REDACTED) Pulling font file for id = %d, cache size = %d
05-17 05:21:46.991  9359 10079 I FontLog : (REDACTED) Pulling font file for id = %d, cache size = %d
05-17 05:21:47.017  1200  5525 D SGM:GameManager: identifyGamePackage. dev.mob.mob, mCurrentUserId: 0, callerUserId: 0, callingMethodInfo: com.android.server.ssrm.SortingMachine.isGame(SortingMachine.java:162)
05-17 05:21:47.017  1200  5525 D SGM:PkgDataHelper: getGamePkgData(). dev.mob.mob
05-17 05:21:47.030 22914 22914 I byee    : onStop
05-17 05:21:47.090   864 29100 E HYPER-HAL: [HandlerSysfs.cpp]doResourceHandling(): Couldn't Open Sysfs - /sys/power/cstate_control
05-17 05:21:47.093   864 29100 I HYPER-HAL: [RequestManager.cpp]releaseLocked(): Released ID : 738735
05-17 05:21:47.166 29107 29157 I MobNIF  : nif_load: entered, Bridge.cls=0x2ca6
05-17 05:21:47.167 29107 29157 I MobNIF  : nif_load: uiTree not found (optional)
05-17 05:21:47.167 29107 29157 I MobNIF  : nif_load: uiViewTree not found (optional)
05-17 05:21:47.167 29107 29157 I MobNIF  : nif_load: screenInfo not found (optional)
05-17 05:21:47.167 29107 29157 I MobNIF  : nif_load: tapXy not found (optional)
05-17 05:21:47.167 29107 29157 I MobNIF  : nif_load: tapByLabel not found (optional)
05-17 05:21:47.167 29107 29157 I MobNIF  : nif_load: typeText not found (optional)
05-17 05:21:47.167 29107 29157 I MobNIF  : nif_load: deleteBackward not found (optional)
05-17 05:21:47.167 29107 29157 I MobNIF  : nif_load: clearText not found (optional)
05-17 05:21:47.167 29107 29157 I MobNIF  : nif_load: longPressXy not found (optional)
05-17 05:21:47.167 29107 29157 I MobNIF  : nif_load: swipeXy not found (optional)
05-17 05:21:47.167 29107 29157 I MobNIF  : Mob NIF loaded (Compose backend)
05-17 05:21:47.168 29107 29157 I Elixir  : step 1 starting
05-17 05:21:47.178  2413  2524 I QuickstepModelDelegate: Widget predictions updated
05-17 05:21:47.205 29107 29157 I Elixir  : step 1 => ok
05-17 05:21:47.205 29107 29157 I Elixir  : step 2 starting
05-17 05:21:47.252 29107 29157 I Elixir  : step 2 => ok
05-17 05:21:47.252 29107 29157 I Elixir  : step 3 starting
05-17 05:21:47.325 29107 29157 I Elixir  : step 3 => ok
05-17 05:21:47.325 29107 29157 I Elixir  : step 4 starting
05-17 05:21:47.325 29107 29157 I Elixir  : step 4 => android
05-17 05:21:47.325 29107 29157 I Elixir  : step 5 starting
05-17 05:21:47.400 29107 29112 I dev.mob.mob: Compiler allocated 6148KB to compile void android.view.ViewRootImpl.performTraversals()
05-17 05:21:47.498   864 29088 I HYPER-HAL: [RequestManager.cpp]releaseLocked(): Released ID : 4258834
05-17 05:21:47.587   864 29098 I HYPER-HAL: [RequestManager.cpp]releaseLocked(): Released ID : 4255915
05-17 05:21:47.591 29107 29157 I Elixir  : mob_node: mob_runtime started (11 apps)
05-17 05:21:47.602 29107 29142 I BEAMout : 05:21:47.591 [info] mob_node: mob_runtime started (11 apps)
05-17 05:21:47.604 29107 29157 I Elixir  : mob_node: BLE.Observability started
05-17 05:21:47.605 29107 29142 I BEAMout : 05:21:47.604 [info] mob_node: BLE.Observability started
05-17 05:21:47.611 29107 29157 I Elixir  : mob_node: distribution up as mob_node_android_dev@127.0.0.1
05-17 05:21:47.612 29107 29142 I BEAMout : 05:21:47.611 [info] mob_node: distribution up as mob_node_android_dev@127.0.0.1
05-17 05:21:47.615 29107 29157 I Elixir  : mob_node: BLE self-test started
05-17 05:21:47.616 29107 29157 I Elixir  : BleSelfTest: starting scan + advertising as mob-dev
05-17 05:21:47.621 29107 29157 I BluetoothAdapter: BluetoothAdapter() : dev.mob.mob
05-17 05:21:47.621  1200  1403 D BluetoothManagerService: mDisableBleCallbacks count 11
05-17 05:21:47.624 29107 29157 I BluetoothAdapter: STATE_ON
05-17 05:21:47.624 29107 29157 I BluetoothAdapter: STATE_ON
05-17 05:21:47.625 29107 29157 I BluetoothAdapter: STATE_ON
05-17 05:21:47.626 29107 29157 I BluetoothAdapter: STATE_ON
05-17 05:21:47.627 29107 29157 D BluetoothLeScanner: Start Scan with callback
05-17 05:21:47.628  1928  3855 D BtGatt.ContextMap: add() - appUid: 10313, appPid: 29107, appName: dev.mob.mob
05-17 05:21:47.628  1928  3855 I bt_stack: [INFO:le_scanning_manager.cc(167)] RegisterScanner in shim layer
05-17 05:21:47.629  1928  2050 D BtGatt.GattService: onScannerRegistered() - UUID=1f91ca27-24f0-4969-8e04-616214eb6aa7, scannerId=2, status=0
05-17 05:21:47.630 29107 29150 D BluetoothLeScanner: onScannerRegistered() - status=0 scannerId=2 mScannerId=0
05-17 05:21:47.633  1928  3855 I BluetoothAdapter: STATE_ON
05-17 05:21:47.638  1928  3855 D ActivityAttributionService: notifyActivityAttributionInfo UID=1002 packageName=com.android.bluetooth deviceAddress=no_active_device_address
05-17 05:21:47.638  1928  2248 I BluetoothAdapter: STATE_ON
05-17 05:21:47.639  1928  2248 I BluetoothAdapter: STATE_ON
05-17 05:21:47.639  1928  2248 I BluetoothAdapter: STATE_ON
05-17 05:21:47.639  1928  2248 I bt_stack: [INFO:le_scanning_manager.cc(271)] ScanFilterEnable in shim layer
05-17 05:21:47.639  1928  2260 E BtGatt.GattService: [GSIM LOG]: gsimLogHandler, msg: MESSAGE_SCAN_START, appName: dev.mob.mob, scannerId: 2, reportDelayMillis=0
05-17 05:21:47.640  1928  2248 D BtGatt.ScanManager: configureFilterParamter() : onFoundTimeout | onLostTimeout | onFoundCount | numOfTrackingEntries | scanFilterRssiThreshold | trackableScanFilterRssiThreshold | matchMode
05-17 05:21:47.640  1928  2248 D BtGatt.ScanManager: configureFilterParamter() : __________500__|________10000__|___________1__|___________________0__|___________________-128__|____________________________-128__|________1_
05-17 05:21:47.640  1928  2248 I bt_stack: [INFO:le_scanning_manager.cc(200)] ScanFilterParamSetup in shim layer
05-17 05:21:47.640 29107 29157 I BluetoothAdapter: STATE_ON
05-17 05:21:47.640 29107 29157 I BluetoothAdapter: BLE support array set: [true, true, true, true, true, true]
05-17 05:21:47.640  1928  2248 I bt_stack: [INFO:le_scanning_manager.cc(180)] Scan in shim layer stopped
05-17 05:21:47.641  1928  2282 W bt_stack: le_address_manager :: scan() - Unregister
05-17 05:21:47.641  1928  2248 I bt_stack: [INFO:le_scanning_manager.cc(314)] SetScanParameters with scanning phys in shim layer: phy_cnt=1
05-17 05:21:47.641  1928  2248 I bt_stack: [INFO:le_scanning_manager.cc(320)] SetScanParameters: scan_type=1, scan_interval=6553, scan_window=6553
05-17 05:21:47.641  1928  2282 W bt_stack: Stop LeSetExtendedScan
05-17 05:21:47.641  1928  2248 I bt_stack: [INFO:le_scanning_manager.cc(180)] Scan in shim layer started
05-17 05:21:47.641  1928  2282 W bt_stack: Start LeSetExtendedScan
05-17 05:21:47.641  1928  2282 W bt_stack: register_client :: client registered!!!
05-17 05:21:47.648 29107 29157 I BluetoothAdapter: BluetoothAdapter() : dev.mob.mob
05-17 05:21:47.652 29107 29157 I BluetoothAdapter: STATE_ON
05-17 05:21:47.652 29107 29157 I BluetoothAdapter: STATE_ON
05-17 05:21:47.652 29107 29157 I BluetoothAdapter: STATE_ON
05-17 05:21:47.653  1928  3855 I bt_stack: [INFO:le_advertising_manager.cc(137)] StartAdvertisingSet in shim layer
05-17 05:21:47.653  1928  3855 W bt_stack: le_advertising_manager :: allocate_advertiser - id : 1
05-17 05:21:47.653  1928  3855 I bt_stack: [INFO:le_advertising_manager.cc(157)] create advertising set, reg_id:-4921, id:1
05-17 05:21:47.655 29107 29142 I BEAMout : 05:21:47.615 [info] mob_node: BLE self-test started
05-17 05:21:47.657 29107 29142 I BEAMout : 05:21:47.616 [info] BleSelfTest: starting scan + advertising as mob-dev
05-17 05:21:47.677  1928  2282 W bt_stack: le_advertising_manager :: create_extended_advertiser - id : 1
05-17 05:21:47.677  1928  2282 W bt_stack: le_advertising_manager :: enable_advertiser - id : 1
05-17 05:21:47.677  1928  2282 W bt_stack: register_client :: client registered!!!
05-17 05:21:47.681  1928  2282 W bt_stack: Received command complete with op_code LE_SET_RANDOM_ADDRESS
05-17 05:21:47.681  1928  2282 W bt_stack: le_scanning_manager :: OnResume()
05-17 05:21:47.681  1928  2282 W bt_stack: Start LeSetExtendedScan
05-17 05:21:47.681  1928  2282 W bt_stack: le_scanning_manager :: OnResume() - call AckResume
05-17 05:21:47.681  1928  2282 W bt_stack: le_advertising_manager :: OnResume()
05-17 05:21:47.681  1928  2282 W bt_stack: le_advertising_manager :: OnResume() - Enable LeSetExtendedAdvertising
05-17 05:21:47.681  1928  2282 W bt_stack: le_advertising_manager :: OnResume() - call AckResume
05-17 05:21:47.682  1928  2282 W bt_stack: le_address_manager :: ack_resume()
05-17 05:21:47.682  1928  2050 D AdapterProperties: Name is: mob-dev
05-17 05:21:47.683  1200  1200 D SettingsProvider: isChangeAllowed() : name = bluetooth_name
05-17 05:21:47.683  1928  2282 W bt_stack: le_address_manager :: ack_resume()
05-17 05:21:47.691  1928  2050 W bt_btif : btif_dm_update_ble_remote_properties cod is 0x000000
05-17 05:21:47.691  1928  2050 W bt_btif : btif_dm_update_ble_remote_properties cod is 0, checking cod from storage
05-17 05:21:47.691  1928  2050 W bt_btif : btif_dm_update_ble_remote_properties cod retrieved from storage is 0x001f00
05-17 05:21:47.693  1928  2050 D BtGatt.GattService: onScanResult to scannerId: 2- eventType=0x1b, addressType=0, address=84E0F4_2, primaryPhy=1, secondaryPhy=0, advertisingSid=0xff, txPower=127, rssi=-78, periodicAdvInt=0x0
05-17 05:21:47.695  1928  2050 D BluetoothUtils: getBtEnabledContainers(): btContainers = []
05-17 05:21:47.695  1613  1862 V BluetoothEventManager: onReceive :: android.bluetooth.device.action.NAME_CHANGED
05-17 05:21:47.695  1928  2050 E BluetoothRemoteDevices: Remote class is UNCATEGORIZED
05-17 05:21:47.697 29107 29157 I Elixir  : BleSelfTest: start_scan=:ok start_advertising=:ok
05-17 05:21:47.698 29107 29142 I BEAMout : 05:21:47.697 [info] BleSelfTest: start_scan=:ok start_advertising=:ok
05-17 05:21:47.699  1928  2260 E BtGatt.GattService: [GSIM LOG]: gsimLogHandler, msg: MESSAGE_ADV_SET_START, appName: dev.mob.mob, id: 1, isLegacy: true
05-17 05:21:47.700  1928  2282 E bt_stack: Receive set extended scan enable with error code COMMAND_DISALLOWED
05-17 05:21:47.701 29107 29107 D BluetoothLeAdvertiser: onAdvertisingSetStarted(1, -7, 0)
05-17 05:21:47.705  1928  2050 D BtGatt.GattService: onScanResult to scannerId: 2- eventType=0x10, addressType=1, address=61A979_F, primaryPhy=1, secondaryPhy=0, advertisingSid=0xff, txPower=127, rssi=-79, periodicAdvInt=0x0
05-17 05:21:47.712  1928  2050 D BtGatt.GattService: onScanResult to scannerId: 2- eventType=0x1b, addressType=0, address=84E0F4_2, primaryPhy=1, secondaryPhy=0, advertisingSid=0xff, txPower=127, rssi=-77, periodicAdvInt=0x0
05-17 05:21:47.738  1928  2050 D BtGatt.GattService: onScanResult to scannerId: 2- eventType=0x10, addressType=1, address=1C08FD_6, primaryPhy=1, secondaryPhy=0, advertisingSid=0xff, txPower=127, rssi=-89, periodicAdvInt=0x0
05-17 05:21:47.748  1928  2050 D BtGatt.GattService: onScanResult to scannerId: 2- eventType=0x1b, addressType=1, address=55DA99_8, primaryPhy=1, secondaryPhy=0, advertisingSid=0xff, txPower=127, rssi=-38, periodicAdvInt=0x0
05-17 05:21:47.751  1928  2050 D BtGatt.GattService: onScanResult to scannerId: 2- eventType=0x1b, addressType=1, address=66E770_5, primaryPhy=1, secondaryPhy=0, advertisingSid=0xff, txPower=127, rssi=-38, periodicAdvInt=0x0
05-17 05:21:47.759  1928  2050 D BtGatt.GattService: onScanResult to scannerId: 2- eventType=0x1b, addressType=0, address=84E0F4_2, primaryPhy=1, secondaryPhy=0, advertisingSid=0xff, txPower=127, rssi=-77, periodicAdvInt=0x0
05-17 05:21:47.766  1928  2050 D BtGatt.GattService: onScanResult to scannerId: 2- eventType=0x10, addressType=1, address=3818F4_B, primaryPhy=1, secondaryPhy=0, advertisingSid=0xff, txPower=127, rssi=-90, periodicAdvInt=0x0
05-17 05:21:47.769  1928  2050 D BtGatt.GattService: onScanResult to scannerId: 2- eventType=0x10, addressType=1, address=40F955_A, primaryPhy=1, secondaryPhy=0, advertisingSid=0xff, txPower=127, rssi=-80, periodicAdvInt=0x0
05-17 05:21:47.787  1928  2050 D BtGatt.GattService: onScanResult to scannerId: 2- eventType=0x1b, addressType=0, address=84E0F4_2, primaryPhy=1, secondaryPhy=0, advertisingSid=0xff, txPower=127, rssi=-77, periodicAdvInt=0x0
05-17 05:21:47.857  1928  2050 D BtGatt.GattService: onScanResult to scannerId: 2- eventType=0x10, addressType=0, address=4CC95E_3, primaryPhy=1, secondaryPhy=0, advertisingSid=0xff, txPower=127, rssi=-95, periodicAdvInt=0x0
05-17 05:21:47.864  1928  2050 D BtGatt.GattService: onScanResult to scannerId: 2- eventType=0x1b, addressType=0, address=84E0F4_2, primaryPhy=1, secondaryPhy=0, advertisingSid=0xff, txPower=127, rssi=-77, periodicAdvInt=0x0
05-17 05:21:47.879  1928  2050 D BtGatt.GattService: onScanResult to scannerId: 2- eventType=0x10, addressType=1, address=7920E0_7, primaryPhy=1, secondaryPhy=0, advertisingSid=0xff, txPower=127, rssi=-84, periodicAdvInt=0x0
05-17 05:21:47.894  1928  2050 W bt_btif : btif_dm_update_ble_remote_properties cod is 0x000000
05-17 05:21:47.894  1928  2050 W bt_btif : btif_dm_update_ble_remote_properties cod is 0, checking cod from storage
05-17 05:21:47.894  1928  2050 W bt_btif : btif_dm_update_ble_remote_properties cod retrieved from storage is 0x001f00
05-17 05:21:47.895  1928  2050 D BtGatt.GattService: onScanResult to scannerId: 2- eventType=0x1b, addressType=1, address=553DBD_8, primaryPhy=1, secondaryPhy=0, advertisingSid=0xff, txPower=127, rssi=-80, periodicAdvInt=0x0
05-17 05:21:47.898  1613  1862 V BluetoothEventManager: onReceive :: android.bluetooth.device.action.NAME_CHANGED
05-17 05:21:47.898  1928  2050 D BluetoothUtils: getBtEnabledContainers(): btContainers = []
05-17 05:21:47.898  1928  2050 E BluetoothRemoteDevices: Remote class is UNCATEGORIZED
05-17 05:21:47.907  1928  2050 D BtGatt.GattService: onScanResult to scannerId: 2- eventType=0x10, addressType=1, address=38EBED_5, primaryPhy=1, secondaryPhy=0, advertisingSid=0xff, txPower=127, rssi=-88, periodicAdvInt=0x0
05-17 05:21:47.915  1928  2050 D BtGatt.GattService: onScanResult to scannerId: 2- eventType=0x1b, addressType=0, address=84E0F4_2, primaryPhy=1, secondaryPhy=0, advertisingSid=0xff, txPower=127, rssi=-77, periodicAdvInt=0x0
05-17 05:21:47.935  1928  2050 D BtGatt.GattService: onScanResult to scannerId: 2- eventType=0x1b, addressType=0, address=84E0F4_2, primaryPhy=1, secondaryPhy=0, advertisingSid=0xff, txPower=127, rssi=-78, periodicAdvInt=0x0
05-17 05:21:47.946  1928  2050 D BtGatt.GattService: onScanResult to scannerId: 2- eventType=0x1b, addressType=1, address=421060_E, primaryPhy=1, secondaryPhy=0, advertisingSid=0xff, txPower=127, rssi=-69, periodicAdvInt=0x0
05-17 05:21:47.949  1928  2050 D BtGatt.GattService: onScanResult to scannerId: 2- eventType=0x10, addressType=1, address=1C08FD_6, primaryPhy=1, secondaryPhy=0, advertisingSid=0xff, txPower=127, rssi=-90, periodicAdvInt=0x0
05-17 05:21:47.949 29107 29157 I Elixir  : step 5 => {ok,<0.135.0>}
05-17 05:21:47.955  1928  2050 D BtGatt.GattService: onScanResult to scannerId: 2- eventType=0x1b, addressType=0, address=84E0F4_2, primaryPhy=1, secondaryPhy=0, advertisingSid=0xff, txPower=127, rssi=-77, periodicAdvInt=0x0
05-17 05:21:47.961  1928  2050 D BtGatt.GattService: onScanResult to scannerId: 2- eventType=0x10, addressType=0, address=BC7E8B_B, primaryPhy=1, secondaryPhy=0, advertisingSid=0xff, txPower=127, rssi=-82, periodicAdvInt=0x0
05-17 05:21:47.970  1928  2050 D BtGatt.GattService: onScanResult to scannerId: 2- eventType=0x10, addressType=1, address=3818F4_B, primaryPhy=1, secondaryPhy=0, advertisingSid=0xff, txPower=127, rssi=-89, periodicAdvInt=0x0
05-17 05:21:47.985  1928  2050 D BtGatt.GattService: onScanResult to scannerId: 2- eventType=0x1b, addressType=0, address=84E0F4_2, primaryPhy=1, secondaryPhy=0, advertisingSid=0xff, txPower=127, rssi=-77, periodicAdvInt=0x0
05-17 05:21:48.009 29107 29107 D CompatibilityChangeReporter: Compat change id reported: 171228096; UID 10313; state: ENABLED
05-17 05:21:48.043   602   602 D io_stats: !@   8,0 r 979883 32492248 w 534749 54666224 d 0 0 f 0 0 iot 470224 0 th 0 0 0 pt 0 inp 0 0 183755.616
05-17 05:21:48.049  1928  2050 W bt_btif : btif_dm_update_ble_remote_properties cod is 0x000000
05-17 05:21:48.050  1928  2050 W bt_btif : btif_dm_update_ble_remote_properties cod is 0, checking cod from storage
05-17 05:21:48.050  1928  2050 W bt_btif : btif_dm_update_ble_remote_properties cod retrieved from storage is 0x001f00
05-17 05:21:48.052  1928  2050 D BtGatt.GattService: onScanResult to scannerId: 2- eventType=0x1b, addressType=0, address=94944A_D, primaryPhy=1, secondaryPhy=0, advertisingSid=0xff, txPower=127, rssi=-86, periodicAdvInt=0x0
05-17 05:21:48.058  1928  2050 D BluetoothUtils: getBtEnabledContainers(): btContainers = []
05-17 05:21:48.058  1928  2050 E BluetoothRemoteDevices: Remote class is UNCATEGORIZED
05-17 05:21:48.059  1928  2050 D BtGatt.GattService: onScanResult to scannerId: 2- eventType=0x1b, addressType=1, address=55DA99_8, primaryPhy=1, secondaryPhy=0, advertisingSid=0xff, txPower=127, rssi=-38, periodicAdvInt=0x0
05-17 05:21:48.060  1613  1862 V BluetoothEventManager: onReceive :: android.bluetooth.device.action.NAME_CHANGED
05-17 05:21:48.061  1928  2050 D BtGatt.GattService: onScanResult to scannerId: 2- eventType=0x1b, addressType=1, address=66E770_5, primaryPhy=1, secondaryPhy=0, advertisingSid=0xff, txPower=127, rssi=-38, periodicAdvInt=0x0
05-17 05:21:48.062  1928  2050 D BtGatt.GattService: onScanResult to scannerId: 2- eventType=0x10, addressType=1, address=636E42_9, primaryPhy=1, secondaryPhy=0, advertisingSid=0xff, txPower=127, rssi=-37, periodicAdvInt=0x0
05-17 05:21:48.064  1928  2050 D BtGatt.GattService: onScanResult to scannerId: 2- eventType=0x1b, addressType=0, address=84E0F4_2, primaryPhy=1, secondaryPhy=0, advertisingSid=0xff, txPower=127, rssi=-77, periodicAdvInt=0x0
05-17 05:21:48.076  1928  2050 D BtGatt.GattService: onScanResult to scannerId: 2- eventType=0x10, addressType=1, address=40F955_A, primaryPhy=1, secondaryPhy=0, advertisingSid=0xff, txPower=127, rssi=-81, periodicAdvInt=0x0
05-17 05:21:48.079  1928  2050 D BtGatt.GattService: onScanResult to scannerId: 2- eventType=0x10, addressType=1, address=3818F4_B, primaryPhy=1, secondaryPhy=0, advertisingSid=0xff, txPower=127, rssi=-90, periodicAdvInt=0x0
05-17 05:21:48.086  1928  2050 D BtGatt.GattService: onScanResult to scannerId: 2- eventType=0x10, addressType=1, address=61A979_F, primaryPhy=1, secondaryPhy=0, advertisingSid=0xff, txPower=127, rssi=-79, periodicAdvInt=0x0
05-17 05:21:48.119  1928  2050 D BtGatt.GattService: onScanResult to scannerId: 2- eventType=0x10, addressType=0, address=BC7E8B_B, primaryPhy=1, secondaryPhy=0, advertisingSid=0xff, txPower=127, rssi=-88, periodicAdvInt=0x0
05-17 05:21:48.120  1928  2050 W bt_btif : btif_dm_update_ble_remote_properties cod is 0x000000
05-17 05:21:48.120  1928  2050 W bt_btif : btif_dm_update_ble_remote_properties cod is 0, checking cod from storage
05-17 05:21:48.120  1928  2050 W bt_btif : btif_dm_update_ble_remote_properties cod retrieved from storage is 0x001f00
05-17 05:21:48.121  1928  2050 D BtGatt.GattService: onScanResult to scannerId: 2- eventType=0x1b, addressType=1, address=44F154_6, primaryPhy=1, secondaryPhy=0, advertisingSid=0xff, txPower=127, rssi=-49, periodicAdvInt=0x0
05-17 05:21:48.122  1928  2050 D BluetoothUtils: getBtEnabledContainers(): btContainers = []
05-17 05:21:48.122  1928  2050 E BluetoothRemoteDevices: Remote class is UNCATEGORIZED
05-17 05:21:48.124  1613  1862 V BluetoothEventManager: onReceive :: android.bluetooth.device.action.NAME_CHANGED
05-17 05:21:48.164  1928  2050 D BtGatt.GattService: onScanResult to scannerId: 2- eventType=0x1b, addressType=1, address=553DBD_8, primaryPhy=1, secondaryPhy=0, advertisingSid=0xff, txPower=127, rssi=-75, periodicAdvInt=0x0
05-17 05:21:48.176  1928  2050 D BtGatt.GattService: onScanResult to scannerId: 2- eventType=0x10, addressType=0, address=BC455B_A, primaryPhy=1, secondaryPhy=0, advertisingSid=0xff, txPower=127, rssi=-77, periodicAdvInt=0x0
05-17 05:21:48.182  1928  2050 D BtGatt.GattService: onScanResult to scannerId: 2- eventType=0x10, addressType=1, address=40F955_A, primaryPhy=1, secondaryPhy=0, advertisingSid=0xff, txPower=127, rssi=-90, periodicAdvInt=0x0
05-17 05:21:48.209  1928  2050 W bt_btif : btif_dm_update_ble_remote_properties cod is 0x000000
05-17 05:21:48.209  1928  2050 W bt_btif : btif_dm_update_ble_remote_properties cod is 0, checking cod from storage
05-17 05:21:48.209  1928  2050 W bt_btif : btif_dm_update_ble_remote_properties cod retrieved from storage is 0x001f00
05-17 05:21:48.211  1928  2050 D BtGatt.GattService: onScanResult to scannerId: 2- eventType=0x1b, addressType=1, address=DD0D30_2, primaryPhy=1, secondaryPhy=0, advertisingSid=0xff, txPower=127, rssi=-71, periodicAdvInt=0x0
05-17 05:21:48.214  1928  2050 D BluetoothUtils: getBtEnabledContainers(): btContainers = []
05-17 05:21:48.215  1928  2050 E BluetoothRemoteDevices: Remote class is UNCATEGORIZED
05-17 05:21:48.216  1613  1862 V BluetoothEventManager: onReceive :: android.bluetooth.device.action.NAME_CHANGED
05-17 05:21:48.220  1928  2050 D BtGatt.GattService: onScanResult to scannerId: 2- eventType=0x1b, addressType=1, address=421060_E, primaryPhy=1, secondaryPhy=0, advertisingSid=0xff, txPower=127, rssi=-57, periodicAdvInt=0x0
05-17 05:21:48.224  1928  2050 D BtGatt.GattService: onScanResult to scannerId: 2- eventType=0x10, addressType=1, address=38EBED_5, primaryPhy=1, secondaryPhy=0, advertisingSid=0xff, txPower=127, rssi=-92, periodicAdvInt=0x0
05-17 05:21:48.252 29107 29107 W OnBackInvokedCallback: OnBackInvokedCallback is not enabled for the application.
05-17 05:21:48.252 29107 29107 W OnBackInvokedCallback: Set 'android:enableOnBackInvokedCallback="true"' in the application manifest.
05-17 05:21:48.253  1928  2050 W bt_btif : btif_dm_update_ble_remote_properties cod is 0x000000
05-17 05:21:48.254  1928  2050 W bt_btif : btif_dm_update_ble_remote_properties cod is 0, checking cod from storage
05-17 05:21:48.254  1928  2050 W bt_btif : btif_dm_update_ble_remote_properties cod retrieved from storage is 0x001f00
05-17 05:21:48.255  1928  2050 D BtGatt.GattService: onScanResult to scannerId: 2- eventType=0x1b, addressType=1, address=C19840_0, primaryPhy=1, secondaryPhy=0, advertisingSid=0xff, txPower=127, rssi=-84, periodicAdvInt=0x0
05-17 05:21:48.258  1928  2050 D BluetoothUtils: getBtEnabledContainers(): btContainers = []
05-17 05:21:48.258  1928  2050 E BluetoothRemoteDevices: Remote class is UNCATEGORIZED
05-17 05:21:48.259  1613  1862 V BluetoothEventManager: onReceive :: android.bluetooth.device.action.NAME_CHANGED
05-17 05:21:48.271  1928  2050 D BtGatt.GattService: onScanResult to scannerId: 2- eventType=0x10, addressType=0, address=BC7E8B_B, primaryPhy=1, secondaryPhy=0, advertisingSid=0xff, txPower=127, rssi=-90, periodicAdvInt=0x0
05-17 05:21:48.277  1928  2050 D BtGatt.GattService: onScanResult to scannerId: 2- eventType=0x10, addressType=1, address=61A979_F, primaryPhy=1, secondaryPhy=0, advertisingSid=0xff, txPower=127, rssi=-79, periodicAdvInt=0x0
05-17 05:21:48.280  1928  2050 D BtGatt.GattService: onScanResult to scannerId: 2- eventType=0x10, addressType=1, address=40F955_A, primaryPhy=1, secondaryPhy=0, advertisingSid=0xff, txPower=127, rssi=-88, periodicAdvInt=0x0
05-17 05:21:48.283  1928  2050 D BtGatt.GattService: onScanResult to scannerId: 2- eventType=0x10, addressType=1, address=3818F4_B, primaryPhy=1, secondaryPhy=0, advertisingSid=0xff, txPower=127, rssi=-85, periodicAdvInt=0x0
05-17 05:21:48.332  1928  2050 D BtGatt.GattService: onScanResult to scannerId: 2- eventType=0x10, addressType=0, address=BC455B_A, primaryPhy=1, secondaryPhy=0, advertisingSid=0xff, txPower=127, rssi=-77, periodicAdvInt=0x0
05-17 05:21:48.351  1928  2050 D BtGatt.GattService: onScanResult to scannerId: 2- eventType=0x1b, addressType=1, address=55DA99_8, primaryPhy=1, secondaryPhy=0, advertisingSid=0xff, txPower=127, rssi=-38, periodicAdvInt=0x0
05-17 05:21:48.353  1928  2050 D BtGatt.GattService: onScanResult to scannerId: 2- eventType=0x1b, addressType=1, address=66E770_5, primaryPhy=1, secondaryPhy=0, advertisingSid=0xff, txPower=127, rssi=-38, periodicAdvInt=0x0
05-17 05:21:48.396  1928  2050 D BtGatt.GattService: onScanResult to scannerId: 2- eventType=0x1b, addressType=1, address=44F154_6, primaryPhy=1, secondaryPhy=0, advertisingSid=0xff, txPower=127, rssi=-49, periodicAdvInt=0x0
05-17 05:21:48.422  1928  2050 D BtGatt.GattService: onScanResult to scannerId: 2- eventType=0x1b, addressType=1, address=553DBD_8, primaryPhy=1, secondaryPhy=0, advertisingSid=0xff, txPower=127, rssi=-75, periodicAdvInt=0x0
05-17 05:21:48.425  1928  2050 D BtGatt.GattService: onScanResult to scannerId: 2- eventType=0x10, addressType=0, address=BC7E8B_B, primaryPhy=1, secondaryPhy=0, advertisingSid=0xff, txPower=127, rssi=-88, periodicAdvInt=0x0
05-17 05:21:48.430  1928  2050 D BtGatt.GattService: onScanResult to scannerId: 2- eventType=0x10, addressType=1, address=636E42_9, primaryPhy=1, secondaryPhy=0, advertisingSid=0xff, txPower=127, rssi=-38, periodicAdvInt=0x0
05-17 05:21:48.435  1928  2050 D BtGatt.GattService: onScanResult to scannerId: 2- eventType=0x1b, addressType=0, address=84E0F4_2, primaryPhy=1, secondaryPhy=0, advertisingSid=0xff, txPower=127, rssi=-84, periodicAdvInt=0x0
05-17 05:21:48.437  1928  2050 D BtGatt.GattService: onScanResult to scannerId: 2- eventType=0x10, addressType=1, address=38EBED_5, primaryPhy=1, secondaryPhy=0, advertisingSid=0xff, txPower=127, rssi=-94, periodicAdvInt=0x0
05-17 05:21:48.439  1928  2050 D BtGatt.GattService: onScanResult to scannerId: 2- eventType=0x10, addressType=1, address=7920E0_7, primaryPhy=1, secondaryPhy=0, advertisingSid=0xff, txPower=127, rssi=-78, periodicAdvInt=0x0
05-17 05:21:48.455 29107 29157 I Elixir  : BleSelfTest: MESHX PEER device_id=44:F1:54:89:9E:A6 rssi=-49 name=mob-dev
05-17 05:21:48.458 29107 29142 I BEAMout : 05:21:48.455 [info] BleSelfTest: MESHX PEER device_id=44:F1:54:89:9E:A6 rssi=-49 name=mob-dev
05-17 05:21:48.487  1928  2050 D BtGatt.GattService: onScanResult to scannerId: 2- eventType=0x1b, addressType=1, address=FABE2A_A, primaryPhy=1, secondaryPhy=0, advertisingSid=0xff, txPower=127, rssi=-74, periodicAdvInt=0x0
05-17 05:21:48.499  1928  2050 D BtGatt.GattService: onScanResult to scannerId: 2- eventType=0x1b, addressType=1, address=421060_E, primaryPhy=1, secondaryPhy=0, advertisingSid=0xff, txPower=127, rssi=-57, periodicAdvInt=0x0
05-17 05:21:48.503  1928  2050 D BtGatt.GattService: onScanResult to scannerId: 2- eventType=0x10, addressType=0, address=BC455B_A, primaryPhy=1, secondaryPhy=0, advertisingSid=0xff, txPower=127, rssi=-76, periodicAdvInt=0x0
05-17 05:21:48.538  1928  2050 D BtGatt.GattService: onScanResult to scannerId: 2- eventType=0x1b, addressType=0, address=84E0F4_2, primaryPhy=1, secondaryPhy=0, advertisingSid=0xff, txPower=127, rssi=-84, periodicAdvInt=0x0
05-17 05:21:48.541  1928  2050 D BtGatt.GattService: onScanResult to scannerId: 2- eventType=0x10, addressType=1, address=38EBED_5, primaryPhy=1, secondaryPhy=0, advertisingSid=0xff, txPower=127, rssi=-95, periodicAdvInt=0x0
05-17 05:21:48.584  1928  2050 D BtGatt.GattService: onScanResult to scannerId: 2- eventType=0x10, addressType=1, address=CA7496_F, primaryPhy=1, secondaryPhy=0, advertisingSid=0xff, txPower=127, rssi=-38, periodicAdvInt=0x0
05-17 05:21:48.627  1928  2050 D BtGatt.GattService: onScanResult to scannerId: 2- eventType=0x10, addressType=1, address=7920E0_7, primaryPhy=1, secondaryPhy=0, advertisingSid=0xff, txPower=127, rssi=-79, periodicAdvInt=0x0
05-17 05:21:48.638  1928  2050 D BtGatt.GattService: onScanResult to scannerId: 2- eventType=0x10, addressType=0, address=BC455B_A, primaryPhy=1, secondaryPhy=0, advertisingSid=0xff, txPower=127, rssi=-76, periodicAdvInt=0x0
05-17 05:21:48.649  1928  2050 D BtGatt.GattService: onScanResult to scannerId: 2- eventType=0x10, addressType=1, address=61A979_F, primaryPhy=1, secondaryPhy=0, advertisingSid=0xff, txPower=127, rssi=-85, periodicAdvInt=0x0
05-17 05:21:48.654  1928  2050 D BtGatt.GattService: onScanResult to scannerId: 2- eventType=0x10, addressType=1, address=636E42_9, primaryPhy=1, secondaryPhy=0, advertisingSid=0xff, txPower=127, rssi=-38, periodicAdvInt=0x0
05-17 05:21:48.657  1928  2050 D BtGatt.GattService: onScanResult to scannerId: 2- eventType=0x1b, addressType=1, address=55DA99_8, primaryPhy=1, secondaryPhy=0, advertisingSid=0xff, txPower=127, rssi=-38, periodicAdvInt=0x0
05-17 05:21:48.674  1928  2050 D BtGatt.GattService: onScanResult to scannerId: 2- eventType=0x1b, addressType=1, address=C19840_0, primaryPhy=1, secondaryPhy=0, advertisingSid=0xff, txPower=127, rssi=-84, periodicAdvInt=0x0
05-17 05:21:48.684  1928  2050 D BtGatt.GattService: onScanResult to scannerId: 2- eventType=0x1b, addressType=1, address=553DBD_8, primaryPhy=1, secondaryPhy=0, advertisingSid=0xff, txPower=127, rssi=-75, periodicAdvInt=0x0
05-17 05:21:48.704  1928  2050 D BtGatt.GattService: onScanResult to scannerId: 2- eventType=0x10, addressType=1, address=40F955_A, primaryPhy=1, secondaryPhy=0, advertisingSid=0xff, txPower=127, rssi=-87, periodicAdvInt=0x0
05-17 05:21:48.706  1928  2050 D BtGatt.GattService: onScanResult to scannerId: 2- eventType=0x10, addressType=1, address=3818F4_B, primaryPhy=1, secondaryPhy=0, advertisingSid=0xff, txPower=127, rssi=-86, periodicAdvInt=0x0
05-17 05:21:48.721  1928  2050 D BtGatt.GattService: onScanResult to scannerId: 2- eventType=0x1b, addressType=0, address=84E0F4_2, primaryPhy=1, secondaryPhy=0, advertisingSid=0xff, txPower=127, rssi=-84, periodicAdvInt=0x0
05-17 05:21:48.764  1928  2050 D BtGatt.GattService: onScanResult to scannerId: 2- eventType=0x10, addressType=1, address=55FC6C_B, primaryPhy=1, secondaryPhy=0, advertisingSid=0xff, txPower=127, rssi=-85, periodicAdvInt=0x0
05-17 05:21:48.797  1928  2050 D BtGatt.GattService: onScanResult to scannerId: 2- eventType=0x10, addressType=0, address=BC455B_A, primaryPhy=1, secondaryPhy=0, advertisingSid=0xff, txPower=127, rssi=-77, periodicAdvInt=0x0
05-17 05:21:48.817  1928  2050 D BtGatt.GattService: onScanResult to scannerId: 2- eventType=0x10, addressType=1, address=7920E0_7, primaryPhy=1, secondaryPhy=0, advertisingSid=0xff, txPower=127, rssi=-79, periodicAdvInt=0x0
05-17 05:21:48.832  2905  2905 I SDHMS:LOAD: type: LoadsFreqs, value: 0:48:0:969800:1794000:650000:969800:1794000:650000:14:455:0
05-17 05:21:48.834  1928  2050 D BtGatt.GattService: onScanResult to scannerId: 2- eventType=0x10, addressType=1, address=636E42_9, primaryPhy=1, secondaryPhy=0, advertisingSid=0xff, txPower=127, rssi=-39, periodicAdvInt=0x0
05-17 05:21:48.840  1928  2050 D BtGatt.GattService: onScanResult to scannerId: 2- eventType=0x10, addressType=1, address=61A979_F, primaryPhy=1, secondaryPhy=0, advertisingSid=0xff, txPower=127, rssi=-84, periodicAdvInt=0x0
05-17 05:21:48.847  1928  2050 D BtGatt.GattService: onScanResult to scannerId: 2- eventType=0x1b, addressType=1, address=5CF144_7, primaryPhy=1, secondaryPhy=0, advertisingSid=0xff, txPower=127, rssi=-78, periodicAdvInt=0x0
05-17 05:21:48.879  1928  2050 W bt_btif : btif_dm_update_ble_remote_properties cod is 0x000000
05-17 05:21:48.879  1928  2050 W bt_btif : btif_dm_update_ble_remote_properties cod is 0, checking cod from storage
05-17 05:21:48.879  1928  2050 W bt_btif : btif_dm_update_ble_remote_properties cod retrieved from storage is 0x001f00
05-17 05:21:48.881  1928  2050 D BtGatt.GattService: onScanResult to scannerId: 2- eventType=0x1b, addressType=1, address=E146D4_F, primaryPhy=1, secondaryPhy=0, advertisingSid=0xff, txPower=127, rssi=-88, periodicAdvInt=0x0
05-17 05:21:48.889  1613  1862 V BluetoothEventManager: onReceive :: android.bluetooth.device.action.NAME_CHANGED
05-17 05:21:48.892  1928  2050 D BluetoothUtils: getBtEnabledContainers(): btContainers = []
05-17 05:21:48.893  1928  2050 E BluetoothRemoteDevices: Remote class is UNCATEGORIZED
05-17 05:21:48.894  1928  2050 D BtGatt.GattService: onScanResult to scannerId: 2- eventType=0x10, addressType=0, address=BC7E8B_B, primaryPhy=1, secondaryPhy=0, advertisingSid=0xff, txPower=127, rssi=-90, periodicAdvInt=0x0
05-17 05:21:48.896  1928  2050 W bt_btif : btif_dm_update_ble_remote_properties cod is 0x000000
05-17 05:21:48.896  1928  2050 W bt_btif : btif_dm_update_ble_remote_properties cod is 0, checking cod from storage
05-17 05:21:48.896  1928  2050 W bt_btif : btif_dm_update_ble_remote_properties cod retrieved from storage is 0x001f00
05-17 05:21:48.901  1928  2050 D BtGatt.GattService: onScanResult to scannerId: 2- eventType=0x1b, addressType=0, address=94944A_9, primaryPhy=1, secondaryPhy=0, advertisingSid=0xff, txPower=127, rssi=-92, periodicAdvInt=0x0
05-17 05:21:48.908  1928  2050 D BluetoothUtils: getBtEnabledContainers(): btContainers = []
05-17 05:21:48.908  1928  2050 E BluetoothRemoteDevices: Remote class is UNCATEGORIZED
05-17 05:21:48.910  1613  1862 V BluetoothEventManager: onReceive :: android.bluetooth.device.action.NAME_CHANGED
05-17 05:21:48.913  1928  2050 D BtGatt.GattService: onScanResult to scannerId: 2- eventType=0x10, addressType=1, address=3818F4_B, primaryPhy=1, secondaryPhy=0, advertisingSid=0xff, txPower=127, rssi=-86, periodicAdvInt=0x0
05-17 05:21:48.916  1928  2050 D BtGatt.GattService: onScanResult to scannerId: 2- eventType=0x10, addressType=1, address=40F955_A, primaryPhy=1, secondaryPhy=0, advertisingSid=0xff, txPower=127, rssi=-87, periodicAdvInt=0x0
05-17 05:21:48.943  1928  2050 D BtGatt.GattService: onScanResult to scannerId: 2- eventType=0x10, addressType=1, address=55FC6C_B, primaryPhy=1, secondaryPhy=0, advertisingSid=0xff, txPower=127, rssi=-84, periodicAdvInt=0x0
05-17 05:21:48.953  1928  2050 D BtGatt.GattService: onScanResult to scannerId: 2- eventType=0x1b, addressType=1, address=66E770_5, primaryPhy=1, secondaryPhy=0, advertisingSid=0xff, txPower=127, rssi=-38, periodicAdvInt=0x0
05-17 05:21:48.956  1928  2050 D BtGatt.GattService: onScanResult to scannerId: 2- eventType=0x1b, addressType=1, address=55DA99_8, primaryPhy=1, secondaryPhy=0, advertisingSid=0xff, txPower=127, rssi=-39, periodicAdvInt=0x0
05-17 05:21:48.964  1928  2050 D BtGatt.GattService: onScanResult to scannerId: 2- eventType=0x10, addressType=0, address=BC455B_A, primaryPhy=1, secondaryPhy=0, advertisingSid=0xff, txPower=127, rssi=-77, periodicAdvInt=0x0
05-17 05:21:48.971  1928  2050 D BtGatt.GattService: onScanResult to scannerId: 2- eventType=0x10, addressType=1, address=38EBED_5, primaryPhy=1, secondaryPhy=0, advertisingSid=0xff, txPower=127, rssi=-93, periodicAdvInt=0x0
05-17 05:21:49.025  1928  2050 D BtGatt.GattService: onScanResult to scannerId: 2- eventType=0x10, addressType=1, address=636E42_9, primaryPhy=1, secondaryPhy=0, advertisingSid=0xff, txPower=127, rssi=-38, periodicAdvInt=0x0
05-17 05:21:49.028  1928  2050 D BtGatt.GattService: onScanResult to scannerId: 2- eventType=0x10, addressType=1, address=61A979_F, primaryPhy=1, secondaryPhy=0, advertisingSid=0xff, txPower=127, rssi=-85, periodicAdvInt=0x0
05-17 05:21:49.052  1928  2050 D BtGatt.GattService: onScanResult to scannerId: 2- eventType=0x1b, addressType=1, address=421060_E, primaryPhy=1, secondaryPhy=0, advertisingSid=0xff, txPower=127, rssi=-57, periodicAdvInt=0x0
05-17 05:21:49.082  1928  2050 D BtGatt.GattService: onScanResult to scannerId: 2- eventType=0x10, addressType=1, address=38EBED_5, primaryPhy=1, secondaryPhy=0, advertisingSid=0xff, txPower=127, rssi=-92, periodicAdvInt=0x0
05-17 05:21:49.106  1928  2050 D BtGatt.GattService: onScanResult to scannerId: 2- eventType=0x1b, addressType=0, address=94944A_9, primaryPhy=1, secondaryPhy=0, advertisingSid=0xff, txPower=127, rssi=-92, periodicAdvInt=0x0
05-17 05:21:49.118  1928  2050 D BtGatt.GattService: onScanResult to scannerId: 2- eventType=0x1b, addressType=1, address=5CF144_7, primaryPhy=1, secondaryPhy=0, advertisingSid=0xff, txPower=127, rssi=-78, periodicAdvInt=0x0
05-17 05:21:49.125  1928  2050 D BtGatt.GattService: onScanResult to scannerId: 2- eventType=0x10, addressType=1, address=3818F4_B, primaryPhy=1, secondaryPhy=0, advertisingSid=0xff, txPower=127, rssi=-86, periodicAdvInt=0x0
05-17 05:21:49.129  1928  2050 D BtGatt.GattService: onScanResult to scannerId: 2- eventType=0x10, addressType=1, address=40F955_A, primaryPhy=1, secondaryPhy=0, advertisingSid=0xff, txPower=127, rssi=-88, periodicAdvInt=0x0
05-17 05:21:49.140  1928  2050 D BtGatt.GattService: onScanResult to scannerId: 2- eventType=0x10, addressType=1, address=55FC6C_B, primaryPhy=1, secondaryPhy=0, advertisingSid=0xff, txPower=127, rssi=-86, periodicAdvInt=0x0
05-17 05:21:49.166  1200  3617 D SemWifiUsabilityStatsMonitor: onWifiUsabilityStats - seqNum 3359, isSameBssidAndFreq true
05-17 05:21:49.171  1613  1613 D NetworkController.WifiSignalController: notifyListener: visible=true, connected=true, inetCondition=1, isDefault=true, wifiTestReported=true, receivedInetCondition=-1, hideDuringMobileSwitching=false
05-17 05:21:49.172  1200  1507 I SemWifiLinkQualityMonitor: Link Qos Query: 0.030 ms / 269.824 Mbps (432 / 0.011 / 1.000)
05-17 05:21:49.196  1928  2050 D BtGatt.GattService: onScanResult to scannerId: 2- eventType=0x10, addressType=1, address=7920E0_7, primaryPhy=1, secondaryPhy=0, advertisingSid=0xff, txPower=127, rssi=-79, periodicAdvInt=0x0
05-17 05:21:49.199  1928  2050 D BtGatt.GattService: onScanResult to scannerId: 2- eventType=0x10, addressType=0, address=BC7E8B_B, primaryPhy=1, secondaryPhy=0, advertisingSid=0xff, txPower=127, rssi=-88, periodicAdvInt=0x0
05-17 05:21:49.212  1928  2050 D BtGatt.GattService: onScanResult to scannerId: 2- eventType=0x10, addressType=1, address=636E42_9, primaryPhy=1, secondaryPhy=0, advertisingSid=0xff, txPower=127, rssi=-38, periodicAdvInt=0x0
05-17 05:21:49.217  1928  2050 D BtGatt.GattService: onScanResult to scannerId: 2- eventType=0x10, addressType=1, address=61A979_F, primaryPhy=1, secondaryPhy=0, advertisingSid=0xff, txPower=127, rssi=-85, periodicAdvInt=0x0
05-17 05:21:49.226  1928  2050 D BtGatt.GattService: onScanResult to scannerId: 2- eventType=0x1b, addressType=1, address=5B4F1E_E, primaryPhy=1, secondaryPhy=0, advertisingSid=0xff, txPower=127, rssi=-78, periodicAdvInt=0x0
05-17 05:21:49.231  1928  2050 D BtGatt.GattService: onScanResult to scannerId: 2- eventType=0x10, addressType=1, address=40F955_A, primaryPhy=1, secondaryPhy=0, advertisingSid=0xff, txPower=127, rssi=-88, periodicAdvInt=0x0
05-17 05:21:49.238  1928  2050 D BtGatt.GattService: onScanResult to scannerId: 2- eventType=0x1b, addressType=0, address=84E0F4_2, primaryPhy=1, secondaryPhy=0, advertisingSid=0xff, txPower=127, rssi=-85, periodicAdvInt=0x0
05-17 05:21:49.249  1928  2050 D BtGatt.GattService: onScanResult to scannerId: 2- eventType=0x1b, addressType=1, address=66E770_5, primaryPhy=1, secondaryPhy=0, advertisingSid=0xff, txPower=127, rssi=-38, periodicAdvInt=0x0
05-17 05:21:49.253  1928  2050 D BtGatt.GattService: onScanResult to scannerId: 2- eventType=0x1b, addressType=1, address=55DA99_8, primaryPhy=1, secondaryPhy=0, advertisingSid=0xff, txPower=127, rssi=-38, periodicAdvInt=0x0
05-17 05:21:49.261  1928  2050 D BtGatt.GattService: onScanResult to scannerId: 2- eventType=0x10, addressType=0, address=BC455B_A, primaryPhy=1, secondaryPhy=0, advertisingSid=0xff, txPower=127, rssi=-77, periodicAdvInt=0x0
05-17 05:21:49.279  1928  2050 D BtGatt.GattService: onScanResult to scannerId: 2- eventType=0x1b, addressType=0, address=84E0F4_2, primaryPhy=1, secondaryPhy=0, advertisingSid=0xff, txPower=127, rssi=-84, periodicAdvInt=0x0
05-17 05:21:49.288  1928  2050 D BtGatt.GattService: onScanResult to scannerId: 2- eventType=0x10, addressType=1, address=38EBED_5, primaryPhy=1, secondaryPhy=0, advertisingSid=0xff, txPower=127, rssi=-93, periodicAdvInt=0x0
05-17 05:21:49.296  1928  2050 D BtGatt.GattService: onScanResult to scannerId: 2- eventType=0x10, addressType=1, address=D3918F_3, primaryPhy=1, secondaryPhy=0, advertisingSid=0xff, txPower=127, rssi=-48, periodicAdvInt=0x0
05-17 05:21:49.318  1928  2050 D BtGatt.GattService: onScanResult to scannerId: 2- eventType=0x1b, addressType=1, address=DD0D30_2, primaryPhy=1, secondaryPhy=0, advertisingSid=0xff, txPower=127, rssi=-71, periodicAdvInt=0x0
05-17 05:21:49.320  1928  2050 D BtGatt.GattService: onScanResult to scannerId: 2- eventType=0x10, addressType=1, address=55FC6C_B, primaryPhy=1, secondaryPhy=0, advertisingSid=0xff, txPower=127, rssi=-85, periodicAdvInt=0x0
05-17 05:21:49.326  1928  2050 D BtGatt.GattService: onScanResult to scannerId: 2- eventType=0x1b, addressType=1, address=421060_E, primaryPhy=1, secondaryPhy=0, advertisingSid=0xff, txPower=127, rssi=-57, periodicAdvInt=0x0
05-17 05:21:49.333  1928  2050 D BtGatt.GattService: onScanResult to scannerId: 2- eventType=0x1b, addressType=0, address=84E0F4_2, primaryPhy=1, secondaryPhy=0, advertisingSid=0xff, txPower=127, rssi=-84, periodicAdvInt=0x0
05-17 05:21:49.335  1928  2050 D BtGatt.GattService: onScanResult to scannerId: 2- eventType=0x10, addressType=1, address=40F955_A, primaryPhy=1, secondaryPhy=0, advertisingSid=0xff, txPower=127, rssi=-87, periodicAdvInt=0x0
05-17 05:21:49.345  1928  2050 D BtGatt.GattService: onScanResult to scannerId: 2- eventType=0x1b, addressType=0, address=84E0F4_2, primaryPhy=1, secondaryPhy=0, advertisingSid=0xff, txPower=127, rssi=-84, periodicAdvInt=0x0
05-17 05:21:49.376  1928  2050 D BtGatt.GattService: onScanResult to scannerId: 2- eventType=0x10, addressType=1, address=7920E0_7, primaryPhy=1, secondaryPhy=0, advertisingSid=0xff, txPower=127, rssi=-78, periodicAdvInt=0x0
05-17 05:21:49.388  1928  2050 D BtGatt.GattService: onScanResult to scannerId: 2- eventType=0x10, addressType=1, address=38EBED_5, primaryPhy=1, secondaryPhy=0, advertisingSid=0xff, txPower=127, rssi=-94, periodicAdvInt=0x0
05-17 05:21:49.399  1928  2050 D BtGatt.GattService: onScanResult to scannerId: 2- eventType=0x10, addressType=1, address=61A979_F, primaryPhy=1, secondaryPhy=0, advertisingSid=0xff, txPower=127, rssi=-85, periodicAdvInt=0x0
05-17 05:21:49.400  1928  2050 D BtGatt.GattService: onScanResult to scannerId: 2- eventType=0x10, addressType=1, address=636E42_9, primaryPhy=1, secondaryPhy=0, advertisingSid=0xff, txPower=127, rssi=-38, periodicAdvInt=0x0
05-17 05:21:49.418  1928  2050 D BtGatt.GattService: onScanResult to scannerId: 2- eventType=0x10, addressType=0, address=BC455B_A, primaryPhy=1, secondaryPhy=0, advertisingSid=0xff, txPower=127, rssi=-77, periodicAdvInt=0x0
05-17 05:21:49.436  1928  2050 D BtGatt.GattService: onScanResult to scannerId: 2- eventType=0x10, addressType=1, address=3818F4_B, primaryPhy=1, secondaryPhy=0, advertisingSid=0xff, txPower=127, rssi=-87, periodicAdvInt=0x0
05-17 05:21:49.444  1928  2050 D BtGatt.GattService: onScanResult to scannerId: 2- eventType=0x10, addressType=1, address=40F955_A, primaryPhy=1, secondaryPhy=0, advertisingSid=0xff, txPower=127, rssi=-87, periodicAdvInt=0x0
05-17 05:21:49.452  1928  2050 D BtGatt.GattService: onScanResult to scannerId: 2- eventType=0x1b, addressType=0, address=84E0F4_2, primaryPhy=1, secondaryPhy=0, advertisingSid=0xff, txPower=127, rssi=-84, periodicAdvInt=0x0
05-17 05:21:49.502  1928  2050 D BtGatt.GattService: onScanResult to scannerId: 2- eventType=0x1b, addressType=1, address=44F154_6, primaryPhy=1, secondaryPhy=0, advertisingSid=0xff, txPower=127, rssi=-49, periodicAdvInt=0x0
05-17 05:21:49.558  1928  2050 D BtGatt.GattService: onScanResult to scannerId: 2- eventType=0x1b, addressType=1, address=66E770_5, primaryPhy=1, secondaryPhy=0, advertisingSid=0xff, txPower=127, rssi=-38, periodicAdvInt=0x0
05-17 05:21:49.561  1928  2050 D BtGatt.GattService: onScanResult to scannerId: 2- eventType=0x1b, addressType=1, address=55DA99_8, primaryPhy=1, secondaryPhy=0, advertisingSid=0xff, txPower=127, rssi=-38, periodicAdvInt=0x0
05-17 05:21:49.567  1928  2050 D BtGatt.GattService: onScanResult to scannerId: 2- eventType=0x10, addressType=1, address=7920E0_7, primaryPhy=1, secondaryPhy=0, advertisingSid=0xff, txPower=127, rssi=-78, periodicAdvInt=0x0
05-17 05:21:49.594  1928  2050 D BtGatt.GattService: onScanResult to scannerId: 2- eventType=0x10, addressType=1, address=636E42_9, primaryPhy=1, secondaryPhy=0, advertisingSid=0xff, txPower=127, rssi=-38, periodicAdvInt=0x0
05-17 05:21:49.609  1928  2050 D BtGatt.GattService: onScanResult to scannerId: 2- eventType=0x1b, addressType=1, address=421060_E, primaryPhy=1, secondaryPhy=0, advertisingSid=0xff, txPower=127, rssi=-57, periodicAdvInt=0x0
05-17 05:21:49.612  1928  2050 D BtGatt.GattService: onScanResult to scannerId: 2- eventType=0x10, addressType=1, address=38EBED_5, primaryPhy=1, secondaryPhy=0, advertisingSid=0xff, txPower=127, rssi=-92, periodicAdvInt=0x0
05-17 05:21:49.640  1200  1568 I Pageboost: Launcher App Execution
