05-17 05:21:46.417  1200  2223 I GenerationRegistry: mBackingStore.isClosed() : false
05-17 05:21:46.424  1200  2223 I GenerationRegistry: mBackingStore.isClosed() : false
05-17 05:21:46.431 29107 29107 I DecorView: [INFO] isPopOver=false config=true
05-17 05:21:46.431 29107 29107 I DecorView: updateCaptionType: isFloating=false isApplication=true hasWindowDecorCaption=false this=DecorView@d21ac7e[]
05-17 05:21:46.431 29107 29107 D DecorView: setCaptionType = 0, this = DecorView@d21ac7e[]
05-17 05:21:46.435 29107 29107 I DecorView: getCurrentDensityDpi: from real metrics. densityDpi=320 msg=resources_loaded
05-17 05:21:46.435 29107 29107 I DecorView: setWindowBackground: isPopOver=false color=ff000000 d=android.graphics.drawable.ColorDrawable@c2ba22c
05-17 05:21:46.443  1200  2223 D CompatibilityChangeReporter: Compat change id reported: 161145287; UID 10313; state: DISABLED
05-17 05:21:46.443 29107 29107 I MobBleNative: init: application context set
05-17 05:21:46.443 29107 29107 I MeshX   : registered BluetoothAdapter state receiver
05-17 05:21:46.444 29107 29107 I MeshX   : onCreate: MESHX_BLE_SELFTEST=1
05-17 05:21:46.449 29107 29107 I MeshX   : onCreate — handing off to BEAM
05-17 05:21:46.449 29107 29107 I MobBeam : mob_capture_beam_stdio: piping stdout/stderr to logcat (tag: BEAMout)
05-17 05:21:46.451 29107 29107 I MobNIF  : _mob_bridge_init_activity: MobBridge.init called
05-17 05:21:46.451 29107 29107 I MobBeam : mob_init_bridge: native lib dir = /data/app/~~7_JfJd_UlVswUeLwoiaLgQ==/dev.mob.mob-ivO6cS7eflFfQcbbJp1V4A==/lib/arm64
05-17 05:21:46.451 29107 29107 I MobBeam : mob_init_bridge: files dir = /data/user/0/dev.mob.mob/files
05-17 05:21:46.452 29107 29143 I MobBeam : mob_start_beam: re-dlopened self RTLD_GLOBAL: /data/app/~~7_JfJd_UlVswUeLwoiaLgQ==/dev.mob.mob-ivO6cS7eflFfQcbbJp1V4A==/lib/arm64/libmob_node.so
05-17 05:21:46.458 29107 29107 I MSHandlerLifeCycle: check: return. pkg=dev.mob.mob parent=null callers=com.android.internal.policy.DecorView.setVisibility:4487 android.app.ActivityThread.handleResumeActivity:5491 android.app.servertransaction.ResumeActivityItem.execute:54 android.app.servertransaction.ActivityTransactionItem.execute:45 android.app.servertransaction.TransactionExecutor.executeLifecycleState:176 
05-17 05:21:46.459 29107 29107 I MSHandlerLifeCycle: removeMultiSplitHandler: no exist. decor=DecorView@d21ac7e[]
05-17 05:21:46.460  1200  1896 V MdnieScenarioControlService: mAclOffEnabled : false mAclPreviewState : false mAclCompensationState : false
05-17 05:21:46.462 29107 29107 I SurfaceSyncer@7dbacf4: new SurfaceSyncer() = android.view.ViewRootImpl.<init>:1168 android.view.ViewRootImpl.<init>:1304 android.view.WindowManagerGlobal.addView:530 android.view.WindowManagerImpl.addView:170 android.app.ActivityThread.handleResumeActivity:5512 
05-17 05:21:46.465 29107 29133 D NativeCustomFrequencyManager: [NativeCFMS] BpCustomFrequencyManager::BpCustomFrequencyManager()
05-17 05:21:46.468 29107 29107 I DecorView: notifyKeepScreenOnChanged: keepScreenOn=false
05-17 05:21:46.470  1200  2223 D InputTransport: Input channel constructed: 'e0914a3', fd=881
05-17 05:21:46.470  1200  2223 D InputTransport: Input channel constructed: 'e0914a3', fd=897
05-17 05:21:46.470  1200  2223 D InputTransport: Input channel constructed: 'e0914a3', fd=904
05-17 05:21:46.470   914  6826 I SurfaceFlinger: id=464 createSurf flag=80004, e0914a3 dev.mob.mob/dev.mob.mob.MainActivity#464
05-17 05:21:46.471  1200  2223 D RestrictionPolicy: isScreenCaptureEnabled : ret=true userId=0
05-17 05:21:46.471  1200  2223 D InputTransport: Input channel destroyed: 'e0914a3', fd=904
05-17 05:21:46.472 29107 29107 D InsetsController: onStateChanged: InsetsState: {mDisplayFrame=Rect(0, 0 - 1200, 1920), mDisplayCutout=DisplayCutout{insets=Rect(0, 0 - 0, 0) waterfall=Insets{left=0, top=0, right=0, bottom=0} boundingRect={Bounds=[Rect(0, 0 - 0, 0), Rect(0, 0 - 0, 0), Rect(0, 0 - 0, 0), Rect(0, 0 - 0, 0)]} cutoutPathParserInfo={CutoutPathParserInfo{displayWidth=0 displayHeight=0 physicalDisplayWidth=0 physicalDisplayHeight=0 density={0.0} cutoutSpec={} rotation={0} scale={0.0} physicalPixelDisplaySizeRatio={0.0}}}}, mRoundedCorners=RoundedCorners{[RoundedCorner{position=TopLeft, radius=26, center=Point(26, 26)}, RoundedCorner{position=TopRight, radius=26, center=Point(1174, 26)}, RoundedCorner{position=BottomRight, radius=26, center=Point(1174, 1894)}, RoundedCorner{position=BottomLeft, radius=26, center=Point(26, 1894)}]}  mRoundedCornerFrame=Rect(0, 0 - 1200, 1920), mPrivacyIndicatorBounds=PrivacyIndicatorBounds {static bounds=Rect(1112, 0 - 1200, 48) rotation=0}, mSources= { InsetsSource: {mType=ITYPE_STATUS_BAR, mFrame=[0,0][1200,48], mVisible=true, mInsetsRoundedCornerFrame=false}, InsetsSource: {mType=ITYPE_TOP_MANDATORY_GESTURES, mFrame=[0,0][1200,48], mVisible=true, mInsetsRoundedCornerFrame=false}, InsetsSource: {mType=ITYPE_TOP_TAPPABLE_ELEMENT, mFrame=[0,0][1200,48], mVisible=true, mInsetsRoundedCornerFrame=false}, InsetsSource: {mType=ITYPE_IME, mFrame=[0,0][0,0], mVisible=false, mInsetsRoundedCornerFrame=false} } host=dev.mob.mob/dev.mob.mob.MainActivity from=android.view.ViewRootImpl.setView:1739
05-17 05:21:46.474  1200  2223 D CoreBackPreview: Window{e0914a3 u0 dev.mob.mob/dev.mob.mob.MainActivity}: Setting back callback OnBackInvokedCallbackInfo{mCallback=android.window.IOnBackInvokedCallback$Stub$Proxy@1259b59, mPriority=0}
05-17 05:21:46.475 29107 29107 I ViewRootImpl@ff32c1d[MainActivity]: setView = com.android.internal.policy.DecorView@d21ac7e TM=true
05-17 05:21:46.477 29107 29107 D DecorView: isDeviceLocked = false
05-17 05:21:46.477 29107 29107 I MSHandlerLifeCycle: check: return. pkg=dev.mob.mob mode=fullscreen op=true locked=false callers=com.android.internal.policy.DecorView.setVisibility:4487 android.app.Activity.makeVisible:6819 android.app.ActivityThread.handleResumeActivity:5556 android.app.servertransaction.ResumeActivityItem.execute:54 android.app.servertransaction.ActivityTransactionItem.execute:45 
05-17 05:21:46.478 29107 29107 I MSHandlerLifeCycle: removeMultiSplitHandler: no exist. decor=DecorView@d21ac7e[MainActivity]
05-17 05:21:46.522  5662  5662 I TrayVisibilityController: getComputedTrayVisible : keyguardState = 1
05-17 05:21:46.522  5662  5662 I TrayVisibilityController: updateTrayVisible: State=1 visible=1 mCurrentVisible=1 specificMode=0
05-17 05:21:46.522  5662  5662 I TrayStateController: onNotifyUpdateTray: state=0
05-17 05:21:46.525  1200  2223 I GenerationRegistry: mBackingStore.isClosed() : false
05-17 05:21:46.548 29107 29107 W dev.mob.mob: Method boolean androidx.compose.runtime.snapshots.SnapshotStateList.conditionalUpdate(boolean, kotlin.jvm.functions.Function1) failed lock verification and will run slower.
05-17 05:21:46.548 29107 29107 W dev.mob.mob: Common causes for lock verification issues are non-optimized dex code
05-17 05:21:46.548 29107 29107 W dev.mob.mob: and incorrect proguard optimizations.
05-17 05:21:46.548 29107 29107 W dev.mob.mob: Method boolean androidx.compose.runtime.snapshots.SnapshotStateList.conditionalUpdate$default(androidx.compose.runtime.snapshots.SnapshotStateList, boolean, kotlin.jvm.functions.Function1, int, java.lang.Object) failed lock verification and will run slower.
05-17 05:21:46.548 29107 29107 W dev.mob.mob: Method java.lang.Object androidx.compose.runtime.snapshots.SnapshotStateList.mutate(kotlin.jvm.functions.Function1) failed lock verification and will run slower.
05-17 05:21:46.549 29107 29107 W dev.mob.mob: Method void androidx.compose.runtime.snapshots.SnapshotStateList.update(boolean, kotlin.jvm.functions.Function1) failed lock verification and will run slower.
05-17 05:21:46.549 29107 29107 W dev.mob.mob: Method void androidx.compose.runtime.snapshots.SnapshotStateList.update$default(androidx.compose.runtime.snapshots.SnapshotStateList, boolean, kotlin.jvm.functions.Function1, int, java.lang.Object) failed lock verification and will run slower.
05-17 05:21:46.560  1200  1241 I WindowManager: Reparenting to original parent: Surface(name=DefaultTaskDisplayArea)/@0x8bf4fe6, destroy=true, surface=Surface(name=Task=1)/@0x563d18f
05-17 05:21:46.561  1200  1241 V WindowManager: Setting visibility of Window{bbce428 u0 com.sec.android.app.launcher/com.sec.android.app.launcher.activities.LauncherActivity}: false, caller=com.android.server.wm.WindowContainer.sendAppVisibilityToClients:1295 com.android.server.wm.WindowToken.setClientVisible:453 com.android.server.wm.ActivityRecord.setClientVisible:7968 com.android.server.wm.ActivityRecord.onAnimationFinished:8907 com.android.server.wm.WindowContainer.doAnimationFinished:3570 
05-17 05:21:46.561  2413  2413 I ViewRootImpl@c60329[LauncherActivity]: handleAppVisibility mAppVisible = true visible = false
05-17 05:21:46.562  1200  1241 V WindowManager: Setting visibility of Window{be548ea u0 com.android.systemui.ImageWallpaper}: false, caller=com.android.server.wm.WindowContainer.sendAppVisibilityToClients:1295 com.android.server.wm.WindowToken.setClientVisible:453 com.android.server.wm.WallpaperWindowToken.setVisible:160 com.android.server.wm.WallpaperWindowToken.updateWallpaperWindows:154 com.android.server.wm.WallpaperController.updateWallpaperTokens:672 
05-17 05:21:46.562  1613 26784 D WallpaperService: dispatchAppVisibility onVisibilityChanged(): false
05-17 05:21:46.562  1613  1613 D WallpaperService: reportVisibility onVisibilityChanged visible: false
05-17 05:21:46.562  1613  1922 I ImageWallpaper[GLEngine]:  onVisibilityChanged false , 0
05-17 05:21:46.564  1200  1240 D PowerManagerService: [api] setScreenDimDurationOverrideFromWindowManagerInternal: timeoutMillis: -1
05-17 05:21:46.577   914   914 I Layer   : id=457 removeFromCurrentState Surface(name=Task=1)/@0x563d18f - animation-leash of app_transition#457 (99)
05-17 05:21:46.577   914   914 I Layer   : id=458 removeFromCurrentState b3652f6 ActivityRecordInputSink com.sec.android.app.launcher/com.android.launcher3.uioverrides.QuickstepLauncher#458 (99)
05-17 05:21:46.577   914   914 I Layer   : Layer [com.sec.android.app.launcher/com.sec.android.app.launcher.activities.LauncherActivity$_2413#455] hidden!! flag(1)
05-17 05:21:46.577   914   914 I SurfaceFlinger: id=458 Removed b3652f6 ActivityRecordInputSink com.sec.android.app.launcher/com.android.launcher3.uioverrides.QuickstepLauncher#458 (99)
05-17 05:21:46.577   914   914 I SurfaceFlinger: id=457 Removed Surface(name=Task=1)/@0x563d18f - animation-leash of app_transition#457 (99)
05-17 05:21:46.577   914   914 I Layer   : id=458 Destroyed b3652f6 ActivityRecordInputSink com.sec.android.app.launcher/com.android.launcher3.uioverrides.QuickstepLauncher#458
05-17 05:21:46.577   914   914 I Layer   : id=457 Destroyed Surface(name=Task=1)/@0x563d18f - animation-leash of app_transition#457
05-17 05:21:46.579  2413  2413 I ViewRootImpl@c60329[LauncherActivity]: performTraversals mFirst=false windowShouldResize=false viewVisibilityChanged=true mForceNextWindowRelayout=false params=null
05-17 05:21:46.579  1200  2223 V WindowManager: Relayout Window{bbce428 u0 com.sec.android.app.launcher/com.sec.android.app.launcher.activities.LauncherActivity}: viewVisibility=8 req=1200x1920 d0
05-17 05:21:46.581  1200  2223 V WindowManager: Relayout hash=bbce428, pid=2413, syncId=-1: mAttrs={(0,0)(fillxfill) sim={adjust=nothing forwardNavigation} layoutInDisplayCutoutMode=shortEdges ty=BASE_APPLICATION fmt=TRANSPARENT wanim=0x10302f4
05-17 05:21:46.581  1200  2223 V WindowManager:   fl=81910100
05-17 05:21:46.581  1200  2223 V WindowManager:   pfl=1e020040
05-17 05:21:46.581  1200  2223 V WindowManager:   vsysui=1700
05-17 05:21:46.581  1200  2223 V WindowManager:   bhv=SHOW_TRANSIENT_BARS_BY_SWIPE
05-17 05:21:46.581  1200  2223 V WindowManager:   fitSides= screenDimDuration=200000 naviIconColor=0}
05-17 05:21:46.581   914   914 D SurfaceFlinger: Display 0 HWC layers:
05-17 05:21:46.581   914   914 D SurfaceFlinger:      DEVICE | 0x7890df2740 | 0100 | RGBA_8888    |    0.0    0.0 1200.0 1920.0 |    0    0 1200 1920 | Splash Screen dev.mob.mob$_1613#462
05-17 05:21:46.581   914   914 D SurfaceFlinger:      DEVICE | 0x7879328ac0 | 0100 | RGBA_8888    |    0.0    0.0 1200.0   48.0 |    0    0 1200   48 | StatusBar$_1613#79
05-17 05:21:46.581   914   914 D SurfaceFlinger:      DEVICE | 0x791ce8e780 | 0100 | RGBA_8888    |    0.0    0.0   67.0  311.0 | 1133  328 1200  639 | com.samsung.android.app.cocktailbars[...]service.CocktailBarService$_5662#421
05-17 05:21:46.581   914   914 D SurfaceFlinger: 
05-17 05:21:46.582  2413  2413 I ViewRootImpl@c60329[LauncherActivity]: Relayout returned: old=(0,0,1200,1920) new=(0,0,1200,1920) req=(1200,1920)8 dur=2 res=0x2 s={false 0x0} ch=true seqId=0
05-17 05:21:46.583 29107 29107 I ViewRootImpl@ff32c1d[MainActivity]: performTraversals params={(0,0)(fillxfill) sim={adjust=resize forwardNavigation} ty=BASE_APPLICATION
05-17 05:21:46.583 29107 29107 I ViewRootImpl@ff32c1d[MainActivity]:   fl=1810100
05-17 05:21:46.583 29107 29107 I ViewRootImpl@ff32c1d[MainActivity]:   pfl=16020040
05-17 05:21:46.583 29107 29107 I ViewRootImpl@ff32c1d[MainActivity]:   vsysui=2010
05-17 05:21:46.583 29107 29107 I ViewRootImpl@ff32c1d[MainActivity]:   apr=LIGHT_STATUS_BARS LIGHT_NAVIGATION_BARS
05-17 05:21:46.583 29107 29107 I ViewRootImpl@ff32c1d[MainActivity]:   bhv=DEFAULT
05-17 05:21:46.583 29107 29107 I ViewRootImpl@ff32c1d[MainActivity]:   fitSides= naviIconColor=0
05-17 05:21:46.583 29107 29107 I ViewRootImpl@ff32c1d[MainActivity]:   sfl=100000}
05-17 05:21:46.589 29107 29107 I ViewRootImpl@ff32c1d[MainActivity]: performTraversals mFirst=true windowShouldResize=true viewVisibilityChanged=false mForceNextWindowRelayout=false params={(0,0)(fillxfill) sim={adjust=resize forwardNavigation} ty=BASE_APPLICATION
05-17 05:21:46.589 29107 29107 I ViewRootImpl@ff32c1d[MainActivity]:   fl=1810100
05-17 05:21:46.589 29107 29107 I ViewRootImpl@ff32c1d[MainActivity]:   pfl=16020040
05-17 05:21:46.589 29107 29107 I ViewRootImpl@ff32c1d[MainActivity]:   vsysui=2010
05-17 05:21:46.589 29107 29107 I ViewRootImpl@ff32c1d[MainActivity]:   apr=LIGHT_STATUS_BARS LIGHT_NAVIGATION_BARS
05-17 05:21:46.589 29107 29107 I ViewRootImpl@ff32c1d[MainActivity]:   bhv=DEFAULT
05-17 05:21:46.589 29107 29107 I ViewRootImpl@ff32c1d[MainActivity]:   fitSides= naviIconColor=0
05-17 05:21:46.589 29107 29107 I ViewRootImpl@ff32c1d[MainActivity]:   sfl=100000}
05-17 05:21:46.589  1200  2223 V WindowManager: Relayout Window{e0914a3 u0 dev.mob.mob/dev.mob.mob.MainActivity}: viewVisibility=0 req=1200x1920 d0
05-17 05:21:46.589  1200  2223 D RestrictionPolicy: isScreenCaptureEnabled : ret=true userId=0
05-17 05:21:46.590   914  6826 I SurfaceFlinger: id=465 createSurf flag=40004, dev.mob.mob/dev.mob.mob.MainActivity$_29107#465
05-17 05:21:46.590  1200  2223 D WindowManager: makeSurface duration=1 name=dev.mob.mob/dev.mob.mob.MainActivity$_29107
05-17 05:21:46.591  1200  2223 V WindowManager: Changing focus from null to Window{e0914a3 u0 dev.mob.mob/dev.mob.mob.MainActivity} displayId=0 Callers=com.android.server.wm.RootWindowContainer.updateFocusedWindowLocked:602 com.android.server.wm.WindowManagerService.updateFocusedWindowLocked:6869 com.android.server.wm.WindowManagerService.relayoutWindow:2839 com.android.server.wm.Session.relayout:275 
05-17 05:21:46.591  1200  2223 D MARsPolicyManager: onPackageResumedFG pkgName = dev.mob.mob, userId = 0
05-17 05:21:46.592  1200  2223 I WindowManager: Cancelling animation restarting=true, leash=Surface(name=Surface(name=1996546 StatusBar)/@0x914b498 - animation-leash of insets_animation)/@0xd7c6a
05-17 05:21:46.592  1200  2223 I WindowManager: Reparenting to original parent: Surface(name=WindowToken{189dd21 type=2000 android.os.BinderProxy@dae3f2b})/@0x26764f1, destroy=false, surface=Surface(name=1996546 StatusBar)/@0x914b498
05-17 05:21:46.592  1200  2223 I WindowManager: Reparenting to leash, surface=Surface(name=1996546 StatusBar)/@0x914b498, leashParent=Surface(name=WindowToken{189dd21 type=2000 android.os.BinderProxy@dae3f2b})/@0x26764f1
05-17 05:21:46.592   914  6826 I SurfaceFlinger: id=466 createSurf flag=24000, Surface(name=1996546 StatusBar)/@0x914b498 - animation-leash of insets_animation#466
05-17 05:21:46.592  1200  2223 D WindowManager: makeSurface duration=0 leash=Surface(name=Surface(name=1996546 StatusBar)/@0x914b498 - animation-leash of insets_animation)/@0x81e5c91
05-17 05:21:46.592  1200  2223 D WindowManager: updateSystemBarAttributes: displayId=0, win=Window{e0914a3 u0 dev.mob.mob/dev.mob.mob.MainActivity}, navColorWin=null, focusedCanBeNavColorWin=false, behavior=1, appearance=8, statusBarAppearanceRegions=[AppearanceRegion{ bounds=[0,0][1200,1920]}], requestedVisibilities=, from=com.android.server.wm.DisplayPolicy.focusChangedLw:3396 com.android.server.wm.DisplayContent.updateFocusedWindowLocked:4664 com.android.server.wm.RootWindowContainer.updateFocusedWindowLocked:602 
05-17 05:21:46.592  1200  2223 D StatusBarManagerService: notifyRequestedSystemKey recent=false home=false
05-17 05:21:46.593  1200  2223 V WindowManager: Relayout hash=e0914a3, pid=29107, syncId=-1: mAttrs={(0,0)(fillxfill) sim={adjust=resize forwardNavigation} ty=BASE_APPLICATION
05-17 05:21:46.593  1200  2223 V WindowManager:   fl=1810100
05-17 05:21:46.593  1200  2223 V WindowManager:   pfl=16020040
05-17 05:21:46.593  1200  2223 V WindowManager:   vsysui=2010
05-17 05:21:46.593  1200  2223 V WindowManager:   apr=LIGHT_STATUS_BARS LIGHT_NAVIGATION_BARS
05-17 05:21:46.593  1200  2223 V WindowManager:   bhv=DEFAULT
05-17 05:21:46.593  1200  2223 V WindowManager:   fitSides= naviIconColor=0
05-17 05:21:46.593  1200  2223 V WindowManager:   sfl=100000}
05-17 05:21:46.595 22914 22914 I byee    : onPause
05-17 05:21:46.595 29107 29107 I ViewRootImpl@ff32c1d[MainActivity]: updateBlastSurfaceIfNeeded mBlastBufferQueue=null isSameSurfaceControl=false
05-17 05:21:46.596 29107 29107 I BLASTBufferQueue: new BLASTBufferQueue, mName= ViewRootImpl@ff32c1d[MainActivity] mNativeObject= 0x6f78039c00 sc.mNativeObject= 0x6f77ddce20 caller= android.view.ViewRootImpl.updateBlastSurfaceIfNeeded:2939 android.view.ViewRootImpl.relayoutWindow:9990 android.view.ViewRootImpl.performTraversals:3919 android.view.ViewRootImpl.doTraversal:3151 android.view.ViewRootImpl$TraversalRunnable.run:11068 android.view.Choreographer$CallbackRecord.run:1321 android.view.Choreographer$CallbackRecord.run:1329 android.view.Choreographer.doCallbacks:930 android.view.Choreographer.doFrame:859 android.view.Choreographer$FrameDisplayEventReceiver.run:1303 
05-17 05:21:46.596 29107 29107 I BLASTBufferQueue: update, w= 1200 h= 1920 mName = ViewRootImpl@ff32c1d[MainActivity] mNativeObject= 0x6f78039c00 sc.mNativeObject= 0x6f77ddce20 format= -1 caller= android.graphics.BLASTBufferQueue.<init>:84 android.view.ViewRootImpl.updateBlastSurfaceIfNeeded:2939 android.view.ViewRootImpl.relayoutWindow:9990 android.view.ViewRootImpl.performTraversals:3919 android.view.ViewRootImpl.doTraversal:3151 android.view.ViewRootImpl$TraversalRunnable.run:11068 
05-17 05:21:46.597 29107 29107 I ViewRootImpl@ff32c1d[MainActivity]: Relayout returned: old=(0,0,1200,1920) new=(0,0,1200,1920) req=(1200,1920)0 dur=6 res=0x3 s={true 0x6f75e7c000} ch=true seqId=0
05-17 05:21:46.598 29107 29107 I ViewRootImpl@ff32c1d[MainActivity]: mThreadedRenderer.initialize() mSurface={isValid=true 0x6f75e7c000} hwInitialized=true
05-17 05:21:46.599   853 27087 I display : getColorModes:: is not supported
05-17 05:21:46.599   853 27087 I display : getColorModes:: is not supported
05-17 05:21:46.599   914  6826 E HWComposer: getSupportedContentTypes: getSupportedContentTypes failed for display 0: Unsupported (8)
05-17 05:21:46.600 29107 29133 D OpenGLRenderer: eglCreateWindowSurface
05-17 05:21:46.601   561   561 I hwservicemanager: getTransport: Cannot find entry android.hardware.graphics.mapper@4.0::IMapper/default in either framework or device VINTF manifest.
05-17 05:21:46.601 29107 29147 I Gralloc4: mapper 4.x is not supported
05-17 05:21:46.601   561   561 I hwservicemanager: getTransport: Cannot find entry android.hardware.graphics.mapper@3.0::IMapper/default in either framework or device VINTF manifest.
05-17 05:21:46.601 29107 29147 W Gralloc3: mapper 3.x is not supported
05-17 05:21:46.603 29107 29147 I gralloc : Arm Module v1.0
05-17 05:21:46.604 29107 29107 I ViewRootImpl@ff32c1d[MainActivity]: reportNextDraw android.view.ViewRootImpl.performTraversals:4473 android.view.ViewRootImpl.doTraversal:3151 android.view.ViewRootImpl$TraversalRunnable.run:11068 android.view.Choreographer$CallbackRecord.run:1321 android.view.Choreographer$CallbackRecord.run:1329 
05-17 05:21:46.604   561   561 I hwservicemanager: getTransport: Cannot find entry android.hardware.graphics.allocator@4.0::IAllocator/default in either framework or device VINTF manifest.
05-17 05:21:46.604 29107 29107 I ViewRootImpl@ff32c1d[MainActivity]: Setup new sync id=0
05-17 05:21:46.604 29107 29107 I ViewRootImpl@ff32c1d[MainActivity]: Setting syncFrameCallback
05-17 05:21:46.604 29107 29107 I ViewRootImpl@ff32c1d[MainActivity]: registerCallbacksForSync syncBuffer=false
05-17 05:21:46.604   560   567 I servicemanager: Could not find android.hardware.graphics.allocator.IAllocator/default in the VINTF manifest.
05-17 05:21:46.604 29107 29147 W Gralloc4: allocator 4.x is not supported
05-17 05:21:46.605   561   561 I hwservicemanager: getTransport: Cannot find entry android.hardware.graphics.allocator@3.0::IAllocator/default in either framework or device VINTF manifest.
05-17 05:21:46.605 29107 29147 W Gralloc3: allocator 3.x is not supported
05-17 05:21:46.606 29107 29149 I ViewRootImpl@ff32c1d[MainActivity]: Received frameDrawingCallback syncResult=0 frameNum=1.
05-17 05:21:46.606 29107 29149 I ViewRootImpl@ff32c1d[MainActivity]: Setting up sync and frameCommitCallback
05-17 05:21:46.610   914   914 I Layer   : id=456 removeFromCurrentState Surface(name=1996546 StatusBar)/@0x914b498 - animation-leash of insets_animation#456 (99)
05-17 05:21:46.610   914   914 D SurfaceFlinger: [input] inputWindowCommands.focusRequests size is 1
05-17 05:21:46.610   914   914 I SurfaceFlinger: id=456 Removed Surface(name=1996546 StatusBar)/@0x914b498 - animation-leash of insets_animation#456 (99)
05-17 05:21:46.610   914   914 I Layer   : id=456 Destroyed Surface(name=1996546 StatusBar)/@0x914b498 - animation-leash of insets_animation#456
05-17 05:21:46.611   914  1042 D SurfaceFlinger: [input] setFocusedWindow: e0914a3 dev.mob.mob/dev.mob.mob.MainActivity
05-17 05:21:46.612  1200  2223 D InputDispatcher: Focus request (0): e0914a3 dev.mob.mob/dev.mob.mob.MainActivity but waiting because NOT_VISIBLE
05-17 05:21:46.612 29107 29133 I BLASTBufferQueue: [ViewRootImpl@ff32c1d[MainActivity]#0](f:0,a:0,s:0) onFrameAvailable the first frame is available
05-17 05:21:46.613 29107 29133 I ViewRootImpl@ff32c1d[MainActivity]: Received frameCommittedCallback lastAttemptedDrawFrameNum=1 didProduceBuffer=true
05-17 05:21:46.614 29107 29133 D OpenGLRenderer: CFMS:: SetUp Pid : 29107    Tid : 29133
05-17 05:21:46.616 29107 29107 I ViewRootImpl@ff32c1d[MainActivity]: onSyncComplete
05-17 05:21:46.617 29107 29107 I ViewRootImpl@ff32c1d[MainActivity]: setupSync seqId=0 mSyncId=0 fn=1 caller=android.view.ViewRootImpl$$ExternalSyntheticLambda11.accept:6 android.window.SurfaceSyncer.lambda$setupSync$1$android-window-SurfaceSyncer:168 android.window.SurfaceSyncer$$ExternalSyntheticLambda1.accept:8 android.window.SurfaceSyncer$SyncSet.checkIfSyncIsComplete:495 android.window.SurfaceSyncer$SyncSet.markSyncReady:454 android.window.SurfaceSyncer.markSyncReady:191 android.view.ViewRootImpl.performTraversals:4538 
05-17 05:21:46.617 29107 29107 I ViewRootImpl@ff32c1d[MainActivity]: reportDrawFinished seqId=0 mSyncId=-1 fn=1 mSurfaceChangedTransaction=0x6f77d5d600
05-17 05:21:46.618  1200  2920 D WindowManager: finishDrawingWindow: Window{e0914a3 u0 dev.mob.mob/dev.mob.mob.MainActivity} mDrawState=DRAW_PENDING seqId=0
05-17 05:21:46.620  1200  1241 V WindowManager: Finish starting ActivityRecord{d9d25a4 u0 dev.mob.mob/.MainActivity} t417}: first real window is shown, no animation
05-17 05:21:46.620  1200  1241 V WindowManager: Schedule remove starting ActivityRecord{d9d25a4 u0 dev.mob.mob/.MainActivity} t417} startingWindow=null startingView=null Callers=com.android.server.wm.ActivityRecord.removeStartingWindow:3352 com.android.server.wm.ActivityRecord.onFirstWindowDrawn:7737 com.android.server.wm.WindowState.performShowLocked:5731 com.android.server.wm.WindowStateAnimator.commitFinishDrawingLocked:352 com.android.server.wm.DisplayContent.lambda$new$8:1199 
05-17 05:21:46.620  1200  1241 I SemDvfsHyPerManager: acquire hyper - AMS_RESUME_TAIL/1200@16, type = -999
05-17 05:21:46.620  1200  1241 I SemDvfsHyPerManager: acquire hyper - AMS_ACT_LAZY/1200@17, type = -999
05-17 05:21:46.620  1200  1241 D ActivityManagerPerformance: AMP_acquire() TAIL
05-17 05:21:46.620  1200  1241 D ActivityManagerPerformance: AMP_release() APP_SWITCH
05-17 05:21:46.620  1200  1241 V WindowManager: performShowLocked: mDrawState=HAS_DRAWN in Window{e0914a3 u0 dev.mob.mob/dev.mob.mob.MainActivity}
05-17 05:21:46.621   864   921 I HYPER-HAL: [RequestManager.cpp]acquire(): Acquired ID : 739952  [1200 / 16]    HINT : AMS_RESUME_TAIL    list : 
05-17 05:21:46.621  1200  1241 V WindowManager: Removing startingView=com.android.server.wm.StartingSurfaceController$StartingSurface@cb3750e
05-17 05:21:46.621   864   921 E HYPER-HAL: [HandlerSysfs.cpp]doResourceHandling(): Couldn't Open Sysfs - /sys/power/cstate_control
05-17 05:21:46.622  1200  1241 D TaskOrganizerController: applyStartingWindowAnimation, window=Window{e0914a3 u0 dev.mob.mob/dev.mob.mob.MainActivity}, caller=com.android.server.wm.TaskOrganizerController.removeStartingWindow:595 com.android.server.wm.StartingSurfaceController$StartingSurface.remove:287 com.android.server.wm.ActivityRecord.lambda$removeStartingWindowAnimation$7:3417 
05-17 05:21:46.622  1200  1241 I WindowManager: Reparenting to leash, surface=Surface(name=e0914a3 dev.mob.mob/dev.mob.mob.MainActivity)/@0x9206d82, leashParent=Surface(name=ActivityRecord{d9d25a4 u0 dev.mob.mob/.MainActivity} t417})/@0x8b86c93
05-17 05:21:46.622   864   921 E HYPER-HAL: [HandlerSysfs.cpp]doResourceHandling(): Couldn't Open Sysfs - /sys/power/cstate_control
05-17 05:21:46.622   914  6826 I SurfaceFlinger: id=467 createSurf flag=24000, Surface(name=e0914a3 dev.mob.mob/dev.mob.mob.MainActivity)/@0x9206d82 - animation-leash of starting_reveal#467
05-17 05:21:46.622   864   921 I HYPER-HAL: [RequestManager.cpp]releaseLocked(): Released ID : 752177
05-17 05:21:46.622  1200  1241 D WindowManager: makeSurface duration=0 leash=Surface(name=Surface(name=e0914a3 dev.mob.mob/dev.mob.mob.MainActivity)/@0x9206d82 - animation-leash of starting_reveal)/@0x44d34d0
05-17 05:21:46.623  2413  2413 I ViewRootImpl@c60329[LauncherActivity]: stopped(true) old = false
05-17 05:21:46.623  2413  2413 I ViewRootImpl@c60329[LauncherActivity]: WindowStopped on com.sec.android.app.launcher/com.sec.android.app.launcher.activities.LauncherActivity set to true
05-17 05:21:46.624  2413  2413 I Launcher: !@Boot_DEBUG: Launcher.onStop()
05-17 05:21:46.624  2413  2413 I Launcher: !@Boot_EBS_D: Launcher.onStop()
05-17 05:21:46.624  2413  2413 I BaseActivity: removeActivityFlags, flags : 17
05-17 05:21:46.624  2413  2413 I WallpaperBlurController: dispatchTransactionSurface: mCurrentBlur = 0
05-17 05:21:46.624  2413  2413 I StateManager: moveToRestState, restState = Normal
05-17 05:21:46.624  2413  2413 I StateManager: goToState isInState Normal
05-17 05:21:46.624  2413  2413 W LauncherAppWidgetHost: setShouldListenFlag, mFlags:7 flag:start on:false isFront:false
05-17 05:21:46.624  2413  2516 I IMM_LC  : hsifw() - flag : 0
05-17 05:21:46.624  2413  2516 I IMM_LC  : hsifw() - mService.hideSoftInput
05-17 05:21:46.624  1200  1237 D [secipm]: mSecIpmManager report to nap
05-17 05:21:46.624  1200  1237 I PkgPredictorService-SecIpmManagerServiceImpl: reportToNAP uid:10313 dev.mob.mob/dev.mob.mob.MainActivity thisTime:548
05-17 05:21:46.624  1200  2920 I AppWidgetServiceImpl: stopListening callbacks : null
05-17 05:21:46.625  1200  2223 D InputMethodManagerService: hideSoftInput
05-17 05:21:46.625  2413  2413 W LauncherAppWidgetHost: stopListening, mFlags:2 isFront:false
05-17 05:21:46.625  2413  2413 W Launcher.NotificationListener: removeNotificationsChangedListener
05-17 05:21:46.625  2413  2413 I Launcher.NotificationListener: unregisterObserver, this is not notificationService!!
05-17 05:21:46.625  2413  2413 I BadgeCountUpdaterImpl: onNotificationsChangedDisConnected
05-17 05:21:46.625  2413  2413 I DecorView: notifyKeepScreenOnChanged: keepScreenOn=false
05-17 05:21:46.625  1200  2223 W InputMethodManagerService: Ignoring hideSoftInput of uid 10120: com.android.internal.view.IInputMethodClient$Stub$Proxy@4ebdfce
05-17 05:21:46.626  1200  1237 I ActivityTaskManager: Displayed dev.mob.mob/.MainActivity: +548ms
05-17 05:21:46.626  1200  1237 I Pageboost: Launch time gathered : pid 29107 dev.mob.mob 548
05-17 05:21:46.626  2548  2548 E pageboostd: Received HALT command code 2
05-17 05:21:46.626  2413  2524 I LiveIconUpdateEventHandler: cancelDateChangeAlarm
05-17 05:21:46.626  1200  1241 D ActivityTaskManager: mStartingWindow and mStartingData is null for token=ActivityRecord{d9d25a4 u0 dev.mob.mob/.MainActivity} t417}
05-17 05:21:46.627  2413  2413 I MSHandlerLifeCycle: removeMultiSplitHandler: no exist. decor=DecorView@122ca45[LauncherActivity]
05-17 05:21:46.627  2413  2413 I LauncherRootView: onApplyWindowInsets, state = Normal
05-17 05:21:46.627  2413  2413 I LauncherRootView: onApplyWindowInsets, systemWindowInset = Rect(0, 48 - 0, 0)
05-17 05:21:46.627  2413  2413 I LauncherRootView: handleSystemWindowInsets Rect(0, 48 - 0, 0)
05-17 05:21:46.628  2413  2413 I ViewRootImpl@c60329[LauncherActivity]: performTraversals params={(0,0)(fillxfill) sim={adjust=nothing} layoutInDisplayCutoutMode=shortEdges ty=BASE_APPLICATION fmt=TRANSPARENT wanim=0x10302f4
05-17 05:21:46.628  2413  2413 I ViewRootImpl@c60329[LauncherActivity]:   fl=81910100
05-17 05:21:46.628  2413  2413 I ViewRootImpl@c60329[LauncherActivity]:   pfl=1e020040
05-17 05:21:46.628  2413  2413 I ViewRootImpl@c60329[LauncherActivity]:   vsysui=1700
05-17 05:21:46.628  2413  2413 I ViewRootImpl@c60329[LauncherActivity]:   bhv=SHOW_TRANSIENT_BARS_BY_SWIPE
05-17 05:21:46.628  2413  2413 I ViewRootImpl@c60329[LauncherActivity]:   fitSides= naviIconColor=0}
05-17 05:21:46.628  2413  2413 I ViewRootImpl@c60329[LauncherActivity]: performTraversals mFirst=false windowShouldResize=false viewVisibilityChanged=false mForceNextWindowRelayout=false params={(0,0)(fillxfill) sim={adjust=nothing} layoutInDisplayCutoutMode=shortEdges ty=BASE_APPLICATION fmt=TRANSPARENT wanim=0x10302f4
05-17 05:21:46.628  2413  2413 I ViewRootImpl@c60329[LauncherActivity]:   fl=81910100
05-17 05:21:46.628  2413  2413 I ViewRootImpl@c60329[LauncherActivity]:   pfl=1e020040
05-17 05:21:46.628  2413  2413 I ViewRootImpl@c60329[LauncherActivity]:   vsysui=1700
05-17 05:21:46.628  2413  2413 I ViewRootImpl@c60329[LauncherActivity]:   bhv=SHOW_TRANSIENT_BARS_BY_SWIPE
05-17 05:21:46.628  2413  2413 I ViewRootImpl@c60329[LauncherActivity]:   fitSides= naviIconColor=0}
05-17 05:21:46.628  1200  2223 D InputDispatcher: Focus entered window (0): e0914a3 dev.mob.mob/dev.mob.mob.MainActivity
05-17 05:21:46.629  2413  2524 I LiveIconUpdateEventHandler: cancelMinuteChangeAlarm
05-17 05:21:46.629  1200  2907 V WindowManager: Relayout Window{bbce428 u0 com.sec.android.app.launcher/com.sec.android.app.launcher.activities.LauncherActivity}: viewVisibility=8 req=1200x1920 d0
05-17 05:21:46.631   914   914 D SurfaceFlinger: Display 0 HWC layers:
05-17 05:21:46.631   914   914 D SurfaceFlinger:      DEVICE | 0x791ceb4b00 | 0102 | RGBA_8888    |    0.0    0.0 1200.0 1920.0 |    0    0 1200 1920 | dev.mob.mob/dev.mob.mob.MainActivity$_29107#465
05-17 05:21:46.631   914   914 D SurfaceFlinger:      DEVICE | 0x7890df2740 | 0100 | RGBA_8888    |    0.0    0.0 1200.0 1920.0 |    0    0 1200 1920 | Splash Screen dev.mob.mob$_1613#462
05-17 05:21:46.631   914   914 D SurfaceFlinger:      DEVICE | 0x7879328ac0 | 0100 | RGBA_8888    |    0.0    0.0 1200.0   48.0 |    0    0 1200   48 | StatusBar$_1613#79
05-17 05:21:46.631   914   914 D SurfaceFlinger:      DEVICE | 0x791ce8e780 | 0100 | RGBA_8888    |    0.0    0.0   67.0  311.0 | 1133  328 1200  639 | com.samsung.android.app.cocktailbars[...]service.CocktailBarService$_5662#421
05-17 05:21:46.631   914   914 D SurfaceFlinger: 
05-17 05:21:46.631 29107 29107 I ViewRootImpl@ff32c1d[MainActivity]: MSG_WINDOW_FOCUS_CHANGED 1 0
05-17 05:21:46.632 29107 29107 I ViewRootImpl@ff32c1d[MainActivity]: mThreadedRenderer.initializeIfNeeded()#2 mSurface={isValid=true 0x6f75e7c000}
05-17 05:21:46.632  1200  2907 V WindowManager: Relayout hash=bbce428, pid=2413, syncId=-1: mAttrs={(0,0)(fillxfill) sim={adjust=nothing} layoutInDisplayCutoutMode=shortEdges ty=BASE_APPLICATION fmt=TRANSPARENT wanim=0x10302f4
05-17 05:21:46.632  1200  2907 V WindowManager:   fl=81910100
05-17 05:21:46.632  1200  2907 V WindowManager:   pfl=1e020040
05-17 05:21:46.632  1200  2907 V WindowManager:   vsysui=1700
05-17 05:21:46.632  1200  2907 V WindowManager:   bhv=SHOW_TRANSIENT_BARS_BY_SWIPE
05-17 05:21:46.632  1200  2907 V WindowManager:   fitSides= naviIconColor=0}
05-17 05:21:46.633  2413  2413 I ViewRootImpl@c60329[LauncherActivity]: Relayout returned: old=(0,0,1200,1920) new=(0,0,1200,1920) req=(1200,1920)8 dur=5 res=0x2 s={false 0x0} ch=false seqId=0
05-17 05:21:46.633 29107 29107 D InputMethodManager: startInputInner - Id : 0
05-17 05:21:46.633 29107 29107 I InputMethodManager: startInputInner - mService.startInputOrWindowGainedFocus
05-17 05:21:46.636  1200  2907 E WindowManager: win=Window{bbce428 u0 com.sec.android.app.launcher/com.sec.android.app.launcher.activities.LauncherActivity} destroySurfaces: appStopped=true cleanupOnResume=false win.mWindowRemovalAllowed=false win.mRemoveOnExit=false win.mViewVisibility=8 caller=com.android.server.wm.ActivityRecord.destroySurfaces:6798 com.android.server.wm.ActivityRecord.destroySurfaces:6779 com.android.server.wm.ActivityRecord.notifyAppStopped:6843 com.android.server.wm.ActivityRecord.activityStopped:7449 com.android.server.wm.ActivityClientController.activityStopped:274 android.app.IActivityClientController$Stub.onTransact:621 com.android.server.wm.ActivityClientController.onTransact:152 
05-17 05:21:46.636  1200  2907 I WindowManager: Destroying surface Surface(name=com.sec.android.app.launcher/com.sec.android.app.launcher.activities.LauncherActivity$_2413)/@0x998cdfc called by com.android.server.wm.WindowStateAnimator.destroySurface:955 com.android.server.wm.WindowStateAnimator.destroySurfaceLocked:537 com.android.server.wm.WindowState.destroySurfaceUnchecked:4533 com.android.server.wm.WindowState.destroySurface:4507 com.android.server.wm.ActivityRecord.destroySurfaces:6798 com.android.server.wm.ActivityRecord.destroySurfaces:6779 com.android.server.wm.ActivityRecord.notifyAppStopped:6843 com.android.server.wm.ActivityRecord.activityStopped:7449 
05-17 05:21:46.636  1200  2907 D ActivityTaskManager: mStartingWindow and mStartingData is null for token=ActivityRecord{6b81964 u0 com.sec.android.app.launcher/.activities.LauncherActivity} t403}
05-17 05:21:46.637  1200  2223 D CompatibilityChangeReporter: Compat change id reported: 214016041; UID 10313; state: ENABLED
05-17 05:21:46.637  1200  2223 V InputMethodManagerService: Unspecified window will hide input
05-17 05:21:46.637  1200  2223 V InputMethodManagerService: hideCurrentInputLocked : canceled, shouldHideSoftInput=false, mInputShown=false, mImeWindowVis=0
05-17 05:21:46.637  1200  2223 I InputMethodBindingController: setCurrentMethodNotVisible: mVisibleBound=false, mHasConnection=true, caller = com.android.server.inputmethod.InputMethodManagerService.hideCurrentInputLocked:4300 com.android.server.inputmethod.InputMethodManagerService.startInputOrWindowGainedFocusInternalLocked:4606 com.android.server.inputmethod.InputMethodManagerService.startInputOrWindowGainedFocusInternal:4384 com.android.server.inputmethod.InputMethodManagerService.startInputOrWindowGainedFocus:4323 com.android.internal.view.IInputMethodManager$Stub.onTransact:518 com.android.server.inputmethod.InputMethodManagerService.onTransact:2270 android.os.Binder.execTransactInternal:1316 android.os.Binder.execTransact:1280 <bottom of call stack> <bottom of call stack> 
05-17 05:21:46.637  1200  2223 D InputMethodManagerService: DESKTOP MODE! : 2
05-17 05:21:46.637  1200  2223 D InputMethodManagerService: NOT IN KNOX DESKTOP MODE!
05-17 05:21:46.637  1200  2223 V InputMethodManagerService: getDisplayIdOfInputMethodWindowToBeAdded: displayId=0
05-17 05:21:46.638  1200  2223 V InputMethodManagerService: Creating new session for client ClientState{1baac85 uid=10313 pid=29107 displayId=0}
05-17 05:21:46.638  1200  2223 D InputTransport: Input channel constructed: 'ClientS', fd=904
05-17 05:21:46.638  1200  2223 D InputTransport: Input channel constructed: 'ClientS', fd=905
05-17 05:21:46.638  1200  2907 I AppOps  : updateUidProcState uid: 10212 procState: 5 capability:15
05-17 05:21:46.638  1200  2907 I AppOps  : updateUidProcState uid: 10211 procState: 5 capability:15
05-17 05:21:46.638  1200  2907 I ActivityManager: Changes in 10120 2 to 5, 15 to 8
05-17 05:21:46.638  1200  2223 D InputTransport: Input channel destroyed: 'ClientS', fd=905
05-17 05:21:46.640  1200  2223 D InputMethodManagerService: isImeSwitcherDisabledPackage : false
05-17 05:21:46.640  1200  2223 D InputMethodManagerService: shouldShowImeSwitcherLocked : checking vis : 3
05-17 05:21:46.640  1200  2223 D InputMethodManagerService: checkDisplayOfStartInputAndUpdateKeyboard: displayId=0, mFocusedDisplayId=0
05-17 05:21:46.640  1200  2223 D InputTransport: Input channel constructed: 'ClientS', fd=905
05-17 05:21:46.640   984   984 I CameraService: onUidStateChanged: uid=10212, procState is changed. (3 -> 5)
05-17 05:21:46.640  1200  2223 D InputTransport: Input channel destroyed: 'ClientS', fd=905
05-17 05:21:46.641 23472 23472 I HBD     : HoneyBoardService onFinishInput 
05-17 05:21:46.641  1200  2907 D RestrictionPolicy: isScreenCaptureEnabled : ret=true userId=0
05-17 05:21:46.641  1200  2907 I WindowManager: Cancelling animation restarting=true, leash=Surface(name=Surface(name=b80621 InputMethod)/@0x5e87407 - animation-leash of insets_animation)/@0x5afdb6b
05-17 05:21:46.641  1200  2907 I WindowManager: Reparenting to original parent: Surface(name=WindowToken{bf4b1ad type=2011 android.os.Binder@f208ec4})/@0xbbdb934, destroy=false, surface=Surface(name=b80621 InputMethod)/@0x5e87407
05-17 05:21:46.641  1200  2907 I WindowManager: Reparenting to leash, surface=Surface(name=b80621 InputMethod)/@0x5e87407, leashParent=Surface(name=WindowToken{bf4b1ad type=2011 android.os.Binder@f208ec4})/@0xbbdb934
05-17 05:21:46.642   914  6826 I SurfaceFlinger: id=468 createSurf flag=24004, Surface(name=b80621 InputMethod)/@0x5e87407 - animation-leash of insets_animation#468
05-17 05:21:46.642 23472 23472 I HBD     : a IC have been unbinding,  RemoteInputConnection{idHash=#f1c585f}
05-17 05:21:46.642 23472 23472 I HBD     : HoneyBoardService [PF_CL][onFinishInput]  1 ms 
05-17 05:21:46.642  1200  2907 D WindowManager: makeSurface duration=1 leash=Surface(name=Surface(name=b80621 InputMethod)/@0x5e87407 - animation-leash of insets_animation)/@0x29e1ce7
05-17 05:21:46.642 23472 23472 I HBD     : HoneyBoardService [IMI] onStartInput - caller pid : 29107 , caller uid : 10313 
05-17 05:21:46.642 23472 23472 I HBD     : j updateConfigs 
05-17 05:21:46.643 23472 23472 I HBD     : j isEnabledNightMode : false 
05-17 05:21:46.643   914   914 I Layer   : id=455 removeFromCurrentState com.sec.android.app.launcher/com.sec.android.app.launcher.activities.LauncherActivity$_2413#455 (100)
05-17 05:21:46.643   914   914 I SurfaceFlinger: id=455 Removed com.sec.android.app.launcher/com.sec.android.app.launcher.activities.LauncherActivity$_2413#455 (100)
05-17 05:21:46.643 23472 23472 I HBD     : a IC have been binding, RemoteInputConnection{idHash=#a78c2ac} 
05-17 05:21:46.643 23472 23472 I HBD     : h [EditorInputType]setPrivateImeOptionsToTable privateImeOptions ( null )
05-17 05:21:46.643   914   914 I Layer   : id=455 Destroyed com.sec.android.app.launcher/com.sec.android.app.launcher.activities.LauncherActivity$_2413#455
05-17 05:21:46.643 23472 23472 I HBD     : b incognitoMode : false 
05-17 05:21:46.643 29107 29107 D InputMethodManager: startInputInner - Id : 0
05-17 05:21:46.643 23472 23472 I HBD     : b needOff = true , isForceOff = false, isNullInputClass : true 
05-17 05:21:46.644 23472 23472 I HBD     : h getDefaultInputRange : UNKNOWN 
05-17 05:21:46.644 23472 23472 I HBD     : h getDefaultInputRange : UNKNOWN 
05-17 05:21:46.644 23472 23472 I HBD     : h getDefaultInputRange : UNKNOWN 
05-17 05:21:46.646 23472 23472 I HBD     : b needOff = true , isForceOff = false, isNullInputClass : true 
05-17 05:21:46.646 23472 23472 I HBD     : b update cached prediction status : false 
05-17 05:21:46.647 23472 23472 I HBD     : h getDefaultInputRange : UNKNOWN 
05-17 05:21:46.647 23472 23472 I HBD     : a currentState : 0 
05-17 05:21:46.647 23472 23472 I HBD     : a [UpdatePolicy] [post] a: 0 cl: 65537 kit: [0/0] vt: 0 ir: 1 
05-17 05:21:46.647 23472 23472 I HBD     : a [NRIC] resetNoResponseState 
05-17 05:21:46.647 23472 23472 I HBD     : b needOff = true , isForceOff = false, isNullInputClass : true 
05-17 05:21:46.647 23472 23472 I HBD     : b update cached prediction status : false 
05-17 05:21:46.648  1200  2907 D InputMethodManagerService: isImeSwitcherDisabledPackage : false
05-17 05:21:46.648 23472 23472 I HBD     : HoneyBoardService [PF_OP][onStartInput]  6 ms 
05-17 05:21:46.649 23472 23472 I InputMethodService: removeImeSurface
05-17 05:21:46.649 23472 23472 I MSHandlerLifeCycle: check: return. pkg=com.samsung.android.honeyboard isActivity=false callers=com.android.internal.policy.DecorView.setVisibility:4487 android.app.Dialog.hide:767 android.inputmethodservice.InputMethodService.removeImeSurface:1297 android.inputmethodservice.InputMethodService.scheduleImeSurfaceRemoval:1286 android.inputmethodservice.InputMethodService.-$$Nest$mscheduleImeSurfaceRemoval:0 
05-17 05:21:46.649 23472 23472 I MSHandlerLifeCycle: removeMultiSplitHandler: no exist. decor=DecorView@325b854[InputMethod]
05-17 05:21:46.653 29107 29143 I MobBeam : mob_start_beam: waited 200 ms for window focus
05-17 05:21:46.653 29107 29143 I MobBeam : mob_start_beam: starting BEAM with module=mob_node, argc=37
05-17 05:21:46.654 29107 29143 I MobBeam : mob_start_beam: symlink erl_child_setup -> /data/app/~~7_JfJd_UlVswUeLwoiaLgQ==/dev.mob.mob-ivO6cS7eflFfQcbbJp1V4A==/lib/arm64/liberl_child_setup.so
05-17 05:21:46.654 29107 29143 I MobBeam : mob_start_beam: symlink inet_gethost -> /data/app/~~7_JfJd_UlVswUeLwoiaLgQ==/dev.mob.mob-ivO6cS7eflFfQcbbJp1V4A==/lib/arm64/libinet_gethost.so
05-17 05:21:46.654 29107 29143 I MobBeam : mob_start_beam: symlink epmd -> /data/app/~~7_JfJd_UlVswUeLwoiaLgQ==/dev.mob.mob-ivO6cS7eflFfQcbbJp1V4A==/lib/arm64/libepmd.so
05-17 05:21:46.654 29107 29143 E MobBeam : mob_start_beam: exqlite NIF missing from both nativeLibDir and priv/
05-17 05:21:46.654 29107 29143 E MobBeam : mob_start_beam: sqlite3_nif.so (fallback) missing — NIF load will fail
05-17 05:21:46.660   914   914 I Layer   : id=453 removeFromCurrentState Surface(name=b80621 InputMethod)/@0x5e87407 - animation-leash of insets_animation#453 (99)
05-17 05:21:46.693  1200  2907 I AppOps  : updateUidProcState uid: 10054 procState: 0 capability:15
05-17 05:21:46.694   984  3854 I CameraService: onUidStateChanged: uid=10054, procState is changed. (1 -> 0)
05-17 05:21:46.694  1613  1749 D OpenGLRenderer: setSurface called with nullptr
05-17 05:21:46.694  1613  1749 D OpenGLRenderer: setSurface() destroyed EGLSurface
05-17 05:21:46.694  1613  1749 D OpenGLRenderer: destroyEglSurface
05-17 05:21:46.695  1200  1252 W libprocessgroup: Failed to open /dev/blkio//cgroup.procs: No such file or directory
05-17 05:21:46.696  1613  1737 I ViewRootImpl@f57b853[mob]: performTraversals params={(0,0)(fillxfill) sim={adjust=pan} ty=APPLICATION_STARTING fmt=TRANSLUCENT alpha=0.0
05-17 05:21:46.696  1613  1737 I ViewRootImpl@f57b853[mob]:   fl=81030118
05-17 05:21:46.696  1613  1737 I ViewRootImpl@f57b853[mob]:   pfl=16000010
05-17 05:21:46.696  1613  1737 I ViewRootImpl@f57b853[mob]:   bhv=DEFAULT
05-17 05:21:46.696  1613  1737 I ViewRootImpl@f57b853[mob]:   fitSides= naviIconColor=0}
05-17 05:21:46.696  1613  1737 I ViewRootImpl@f57b853[mob]: performTraversals mFirst=false windowShouldResize=false viewVisibilityChanged=true mForceNextWindowRelayout=false params={(0,0)(fillxfill) sim={adjust=pan} ty=APPLICATION_STARTING fmt=TRANSLUCENT alpha=0.0
05-17 05:21:46.696  1613  1737 I ViewRootImpl@f57b853[mob]:   fl=81030118
05-17 05:21:46.696  1613  1737 I ViewRootImpl@f57b853[mob]:   pfl=16000010
05-17 05:21:46.696  1613  1737 I ViewRootImpl@f57b853[mob]:   bhv=DEFAULT
05-17 05:21:46.696  1613  1737 I ViewRootImpl@f57b853[mob]:   fitSides= naviIconColor=0}
05-17 05:21:46.696  1200  2920 V WindowManager: Relayout Window{3083641 u0 Splash Screen dev.mob.mob}: viewVisibility=8 req=1200x1920 d0
05-17 05:21:46.697  1200  2920 D WindowManager: updateSystemBarAttributes: displayId=0, win=Window{e0914a3 u0 dev.mob.mob/dev.mob.mob.MainActivity}, navColorWin=null, focusedCanBeNavColorWin=false, behavior=1, appearance=8, statusBarAppearanceRegions=[AppearanceRegion{LIGHT_STATUS_BARS bounds=[0,0][1200,1920]}], requestedVisibilities=, from=com.android.server.wm.DisplayPolicy.finishPostLayoutPolicyLw:2622 com.android.server.wm.DisplayContent.applySurfaceChangesTransaction:5746 com.android.server.wm.RootWindowContainer.applySurfaceChangesTransaction:1249 
05-17 05:21:46.698  1613  1613 D SamsungLightBarControlHelper: onStatusBarAppearanceChanged() -  sbModeChanged:false, statusBarMode:MODE_TRANSPARENT, barState:SHADE, isKeyguardShowing:false, navbarColorManagedByIme:false, stackAppearancesChanged:true, (AppearanceRegion{LIGHT_STATUS_BARS bounds=[0,0][1200,1920]}, ), packageName:dev.mob.mob
05-17 05:21:46.698  1613  1613 D SamsungLightBarControlHelper: updateStatus(BLACK icon) NumStacks:1, StatusBarMode:MODE_TRANSPARENT, lightBarBounds:[Rect(0, 0 - 1200, 1920)], StatusBarState:SHADE, packageName:dev.mob.mob, isWhiteKeyguardStatusBarBySettings:false
05-17 05:21:46.698  1200  2920 V WindowManager: Relayout hash=3083641, pid=1613, syncId=-1: mAttrs={(0,0)(fillxfill) sim={adjust=pan} ty=APPLICATION_STARTING fmt=TRANSLUCENT alpha=0.0
05-17 05:21:46.698  1200  2920 V WindowManager:   fl=81030118
05-17 05:21:46.698  1200  2920 V WindowManager:   pfl=16000010
05-17 05:21:46.698  1200  2920 V WindowManager:   bhv=DEFAULT
05-17 05:21:46.698  1200  2920 V WindowManager:   fitSides= naviIconColor=0}
05-17 05:21:46.700  1613  1737 I ViewRootImpl@f57b853[mob]: Relayout returned: old=(0,0,1200,1920) new=(0,0,1200,1920) req=(1200,1920)8 dur=3 res=0x2 s={false 0x0} ch=true seqId=0
05-17 05:21:46.700  1200  2920 D CoreBackPreview: Window{3083641 u0 Splash Screen dev.mob.mob}: Setting back callback null
05-17 05:21:46.700  1613  1737 I ViewRootImpl@f57b853[mob]: dispatchDetachedFromWindow
05-17 05:21:46.701  1200  2907 D WindowManager: Starting window removed Window{3083641 u0 Splash Screen dev.mob.mob}
05-17 05:21:46.701  1200  2907 I WindowManager: Cancelling animation restarting=false, leash=Surface(name=Surface(name=e0914a3 dev.mob.mob/dev.mob.mob.MainActivity)/@0x9206d82 - animation-leash of starting_reveal)/@0x44d34d0
05-17 05:21:46.701  1200  2907 I WindowManager: Reparenting to original parent: Surface(name=ActivityRecord{d9d25a4 u0 dev.mob.mob/.MainActivity} t417})/@0x8b86c93, destroy=false, surface=Surface(name=e0914a3 dev.mob.mob/dev.mob.mob.MainActivity)/@0x9206d82
05-17 05:21:46.701  1200  2907 D InputTransport: Input channel destroyed: '3083641', fd=866
05-17 05:21:46.701  1200  2907 W InputManager-JNI: Input channel object '3083641 Splash Screen dev.mob.mob (client)' was disposed without first being removed with the input manager!
05-17 05:21:46.701  1200  2907 D InputTransport: Input channel destroyed: '3083641', fd=868
05-17 05:21:46.702  1200  2907 V WindowManager: Remove Window{3083641 u0 Splash Screen dev.mob.mob}: mSurfaceController=Surface(name=Splash Screen dev.mob.mob$_1613)/@0xc46e73d mAnimatingExit=false mRemoveOnExit=false mHasSurface=true surfaceShowing=false animating=false app-animation=false mWillReplaceWindow=false mDisplayFrozen=false callers=com.android.server.wm.WindowState.removeIfPossible:3219 com.android.server.wm.WindowManagerService.removeWindow:2293 com.android.server.wm.Session.remove:237 android.view.IWindowSession$Stub.onTransact:752 com.android.server.wm.Session.onTransact:189 android.os.Binder.execTransactInternal:1321 
05-17 05:21:46.702  1200  2907 I WindowManager: Destroying surface Surface(name=Splash Screen dev.mob.mob$_1613)/@0xc46e73d called by com.android.server.wm.WindowStateAnimator.destroySurface:955 com.android.server.wm.WindowStateAnimator.destroySurfaceLocked:537 com.android.server.wm.WindowState.removeImmediately:3139 com.android.server.wm.WindowState.removeIfPossible:3406 com.android.server.wm.WindowState.removeIfPossible:3219 com.android.server.wm.WindowManagerService.removeWindow:2293 com.android.server.wm.Session.remove:237 android.view.IWindowSession$Stub.onTransact:752 
05-17 05:21:46.704  1613  1737 D InputTransport: Input channel destroyed: '3083641', fd=187
05-17 05:21:46.709   914   914 I Layer   : Layer [Splash Screen dev.mob.mob$_1613#462] hidden!! flag(1)
