--------- beginning of main
05-17 05:44:40.501 29233 29283 I BluetoothAdapter: STATE_ON
05-17 05:44:40.501 29233 29283 I BluetoothAdapter: STATE_ON
05-17 05:44:40.507 29233 29283 I BluetoothAdapter: STATE_ON
05-17 05:44:40.510 29233 29283 I BluetoothAdapter: STATE_ON
05-17 05:44:40.510 29233 29283 I MeshxBleDispatch: {"v":1,"event":"ble_capabilities","supports_extended_advertising":true,"max_advertising_data_length":1024,"is_multiple_advertisement_supported":true,"legacy_manufacturer_payload_budget":24}
05-17 05:44:40.511 29233 29283 I BluetoothAdapter: STATE_ON
05-17 05:44:40.512 29233 29283 I BluetoothAdapter: STATE_ON
05-17 05:44:40.515 29233 29283 I BluetoothAdapter: STATE_ON
05-17 05:44:40.515 29233 29283 I BluetoothAdapter: STATE_ON
05-17 05:44:40.515 29233 29283 I BluetoothAdapter: STATE_ON
05-17 05:44:40.515 29233 29283 I BluetoothAdapter: STATE_ON
05-17 05:44:40.521  1928  1939 I bt_stack: [INFO:le_advertising_manager.cc(137)] StartAdvertisingSet in shim layer
05-17 05:44:40.521  1928  1939 W bt_stack: le_advertising_manager :: allocate_advertiser - id : 2
05-17 05:44:40.521  1928  1939 I bt_stack: [INFO:le_advertising_manager.cc(157)] create advertising set, reg_id:-5116, id:2
05-17 05:44:40.521  1928  2282 W bt_stack: le_advertising_manager :: create_extended_advertiser - id : 2
05-17 05:44:40.522  1928  2282 W bt_stack: le_advertising_manager :: enable_advertiser - id : 2
05-17 05:44:40.524 29233 29283 I MeshxBleDispatch: {"v":1,"event":"attempt_outcome","attempt_id":"selftest-1779021880500","message_id":"Z93qJUfePbpWTdmnhYL18w==","target_peer_id":"broadcast","target_device_ids":["broadcast"],"kind":"dispatched","reason":"legacy_beacon_fallback","adapter":"ble_android","outcome_at_ms":185552561}
05-17 05:44:40.526 29233 29283 I MeshxBleNative: sendToPeer(broadcast, 31B) -> DISPATCHED reason=legacy_beacon_fallback
05-17 05:44:40.526 29233 29283 I Elixir  : BleSelfTest: MESH MESSAGE SENT payload="hello-from-meshx-dev-1779021880" result=:ok
05-17 05:44:40.528 29233 29283 W Elixir  : BleSelfTest: bridge error unknown: {"v":1,"event":"attempt_outcome","attempt_id":"selftest-1779021880500","message_id":"Z93qJUfePbpWTdmnhYL18w==","target_peer_id":"broadcast","target_device_ids":["broadcast"],"kind":"dispatched","reason":"legacy_beacon_fallback","adapter":"ble_android","outcome_at_ms":185552561}
05-17 05:44:40.530 29233 29269 I BEAMout : 05:44:40.526 [info] BleSelfTest: MESH MESSAGE SENT payload="hello-from-meshx-dev-1779021880" result=:ok
05-17 05:44:40.530 29233 29269 I BEAMout : 05:44:40.528 [warning] BleSelfTest: bridge error unknown: {"v":1,"event":"attempt_outcome","attempt_id":"selftest-1779021880500","message_id":"Z93qJUfePbpWTdmnhYL18w==","target_peer_id":"broadcast","target_device_ids":["broadcast"],"kind":"dispatched","reason":"legacy_beacon_fallback","adapter":"ble_android","outcome_at_ms":185552561}
05-17 05:44:40.553  1928  2260 E BtGatt.GattService: [GSIM LOG]: gsimLogHandler, msg: MESSAGE_ADV_SET_START, appName: dev.meshx.mob, id: 2, isLegacy: true
05-17 05:44:40.554 29233 29233 D BluetoothLeAdvertiser: onAdvertisingSetStarted(2, -7, 0)
05-17 05:44:40.556 29233 29233 I MeshxBleDispatch: {"v":1,"event":"legacy_beacon_advertising_started","attempt_id":"selftest-1779021880500","beacon_size":22,"beacon":"TUIBAQEAnSoCIuGw2l0S94VXUXoT+Q==","message_id_hash":"nSoCIuGw2l0=","sender_peer_id_hash":"EveFV1F6E\/k=","payload_kind":"TX","envelope_version":1,"window_ms":5000,"data_carrier":"legacy_advertisement"}
--------- beginning of system
05-17 05:44:40.643  1200  2968 D ActivityManager: force stop from com.android.server.am.ActivityManagerService.forceStopPackage:4779 com.android.server.am.ActivityManagerShellCommand.runForceStop:1236 
05-17 05:44:40.643  1200  2968 I ActivityManager: Force stopping dev.meshx.mob appid=10313 user=0: from pid 29561
05-17 05:44:40.645  1200  2968 I ActivityManager: Killing 29233:dev.meshx.mob/u0a313 (adj 0): stop dev.meshx.mob due to from pid 29561
05-17 05:44:40.647  1200  2968 D ActivityManager: proc ProcessRecord{9f19a2f 29233:dev.meshx.mob/u0a313} already removed. so we skip next process.
05-17 05:44:40.648  1200  2968 W ActivityTaskManager: Force removing ActivityRecord{d90dd1 u0 dev.meshx.mob/.MainActivity} t418 f}}: app died, no saved state
05-17 05:44:40.649  1200  2968 D InputTransport: Input channel destroyed: 'df777b3', fd=881
05-17 05:44:40.650  1200  2968 W InputManager-JNI: Input channel object 'df777b3 dev.meshx.mob/dev.meshx.mob.MainActivity (client)' was disposed without first being removed with the input manager!
05-17 05:44:40.650  1200  2968 D InputTransport: Input channel destroyed: 'df777b3', fd=897
05-17 05:44:40.650  1200  2968 V WindowManager: Remove Window{df777b3 u0 dev.meshx.mob/dev.meshx.mob.MainActivity}: mSurfaceController=null mAnimatingExit=false mRemoveOnExit=false mHasSurface=false surfaceShowing=false animating=false app-animation=false mWillReplaceWindow=false mDisplayFrozen=false callers=com.android.server.wm.WindowState.removeIfPossible:3219 com.android.server.wm.WindowToken.removeAllWindowsIfPossible:236 com.android.server.wm.ActivityRecord.removeIfPossible:5057 com.android.server.wm.ActivityRecord.onRemovedFromDisplay:5172 com.android.server.wm.DisplayContent.removeAppToken:1695 com.android.server.wm.ActivityRecord.removeFromHistory:4776 
05-17 05:44:40.651  1200  2968 D RestrictionPolicy: isScreenCaptureEnabled : ret=true userId=0
05-17 05:44:40.651  1200  1247 W UsageStatsService: Unexpected activity event reported! (dev.meshx.mob/dev.meshx.mob.MainActivity event : 23 instanceId : 259291959)
05-17 05:44:40.651  1200  2968 I WindowManager: Cancelling animation restarting=true, leash=Surface(name=Surface(name=b80621 InputMethod)/@0x5e87407 - animation-leash of insets_animation)/@0xcd3f41b
05-17 05:44:40.652  1200  2968 I WindowManager: Reparenting to original parent: Surface(name=WindowToken{bf4b1ad type=2011 android.os.Binder@f208ec4})/@0xbbdb934, destroy=false, surface=Surface(name=b80621 InputMethod)/@0x5e87407
05-17 05:44:40.652  1200  2968 I WindowManager: Reparenting to leash, surface=Surface(name=b80621 InputMethod)/@0x5e87407, leashParent=Surface(name=WindowToken{bf4b1ad type=2011 android.os.Binder@f208ec4})/@0xbbdb934
05-17 05:44:40.652   914  6826 I SurfaceFlinger: id=490 createSurf flag=24004, Surface(name=b80621 InputMethod)/@0x5e87407 - animation-leash of insets_animation#490
05-17 05:44:40.653  1200  2968 D WindowManager: makeSurface duration=1 leash=Surface(name=Surface(name=b80621 InputMethod)/@0x5e87407 - animation-leash of insets_animation)/@0xde93adc
05-17 05:44:40.654  1200  2968 V WindowManager: Nulling last startingData
05-17 05:44:40.658   914  6826 I SurfaceFlinger: id=491 createSurf flag=24004, Task=418#491
05-17 05:44:40.659 23472 23472 I InputMethodService: removeImeSurface
05-17 05:44:40.659   914  6826 I SurfaceFlinger: id=469 Removed Surface(name=b80621 InputMethod)/@0x5e87407 - animation-leash of insets_animation#469 (93)
05-17 05:44:40.659 23472 23472 I MSHandlerLifeCycle: check: return. pkg=com.samsung.android.honeyboard isActivity=false callers=com.android.internal.policy.DecorView.setVisibility:4487 android.app.Dialog.hide:767 android.inputmethodservice.InputMethodService.removeImeSurface:1297 android.inputmethodservice.InputMethodService.scheduleImeSurfaceRemoval:1286 android.inputmethodservice.InputMethodService.-$$Nest$mscheduleImeSurfaceRemoval:0 
05-17 05:44:40.659 23472 23472 I MSHandlerLifeCycle: removeMultiSplitHandler: no exist. decor=DecorView@325b854[InputMethod]
05-17 05:44:40.660  1200  2968 D ActivityTaskManager: Top Process State changed to PROCESS_STATE_TOP_SLEEPING#2
05-17 05:44:40.663   914   914 I Layer   : id=480 removeFromCurrentState df777b3 dev.meshx.mob/dev.meshx.mob.MainActivity#480 (93)
05-17 05:44:40.664   914   914 I Layer   : id=484 removeFromCurrentState Surface(name=b80621 InputMethod)/@0x5e87407 - animation-leash of insets_animation#484 (93)
05-17 05:44:40.664   914   914 I Layer   : id=105 removeFromCurrentState b80621 InputMethod#105 (93)
05-17 05:44:40.664   914   914 I Layer   : id=105 addToCurrentState b80621 InputMethod#105 (93)
05-17 05:44:40.664   914   914 I Layer   : id=476 removeFromCurrentState ActivityRecord{d90dd1 u0 dev.meshx.mob/.MainActivity} t418}#476 (93)
05-17 05:44:40.664   914   914 I Layer   : id=475 removeFromCurrentState Task=418#475 (93)
05-17 05:44:40.664   914   914 I Layer   : id=491 removeFromCurrentState Task=418#491 (93)
05-17 05:44:40.664   914   914 I SurfaceFlinger: id=480 Removed df777b3 dev.meshx.mob/dev.meshx.mob.MainActivity#480 (93)
05-17 05:44:40.664   914   914 I Layer   : id=469 Destroyed Surface(name=b80621 InputMethod)/@0x5e87407 - animation-leash of insets_animation#469
05-17 05:44:40.665   914   914 I Layer   : id=480 Destroyed df777b3 dev.meshx.mob/dev.meshx.mob.MainActivity#480
05-17 05:44:40.668  2413  2413 I RecentsView: onTaskRemoved() taskId : 418
05-17 05:44:40.669  2413  2413 I TopTaskTracker: onTaskRemoved : taskId = 418
05-17 05:44:40.669  2413  2413 I RecentsView: onTaskRemoved() taskId : 418
05-17 05:44:40.669  2413  2413 I TopTaskTracker: onTaskRemoved : taskId = 418
05-17 05:44:40.669   914   937 I SurfaceFlinger: id=476 Removed ActivityRecord{d90dd1 u0 dev.meshx.mob/.MainActivity} t418}#476 (91)
05-17 05:44:40.669   914   937 I SurfaceFlinger: id=491 Removed Task=418#491 (91)
05-17 05:44:40.679   914   914 I Layer   : id=491 Destroyed Task=418#491
05-17 05:44:40.679   914   914 I Layer   : id=476 Destroyed ActivityRecord{d90dd1 u0 dev.meshx.mob/.MainActivity} t418}#476
05-17 05:44:40.687  1200  1248 W BroadcastQueue: Background execution not allowed: receiving Intent { act=android.intent.action.PACKAGE_RESTARTED dat=package: flg=0x10 (has extras) } to android/com.kddi.android.CpaNotiReceiver
05-17 05:44:40.688  1567  1567 D CarrierSvcBindHelper: onHandleForceStop: [dev.meshx.mob]
05-17 05:44:40.692  1567  1567 D CarrierSvcBindHelper: No carrier app for: 0
05-17 05:44:40.693  1567  1567 D CarrierSvcBindHelper: No carrier app for: 1
05-17 05:44:40.698  1948  1948 D RegisteredNfcFServicesCache: Service unchanged, not updating
05-17 05:44:40.782  1928  3855 I bt_stack: [INFO:le_advertising_manager.cc(70)] Unregister in shim layer
05-17 05:44:40.782   914  6826 I SurfaceFlinger: id=484 Removed Surface(name=b80621 InputMethod)/@0x5e87407 - animation-leash of insets_animation#484 (89)
05-17 05:44:40.782  1200  3026 D InputMethodManagerService: removeClient
05-17 05:44:40.782  1928  2282 W bt_stack: le_advertising_manager :: remove_advertiser - id : 2
05-17 05:44:40.783  1200  3026 D InputTransport: Input channel destroyed: 'ClientS', fd=904
05-17 05:44:40.783  1200  3026 V InputMethodManagerService: hideCurrentInputLocked : canceled, shouldHideSoftInput=false, mInputShown=false, mImeWindowVis=0
05-17 05:44:40.784  1200  3026 I InputMethodBindingController: setCurrentMethodNotVisible: mVisibleBound=false, mHasConnection=true, caller = com.android.server.inputmethod.InputMethodManagerService.hideCurrentInputLocked:4300 com.android.server.inputmethod.InputMethodManagerService.removeClient:2807 com.android.server.inputmethod.InputMethodManagerService$ClientDeathRecipient.binderDied:679 android.os.IBinder$DeathRecipient.binderDied:323 android.os.BinderProxy.sendDeathNotice:781 <bottom of call stack> <bottom of call stack> <bottom of call stack> <bottom of call stack> <bottom of call stack> 
05-17 05:44:40.784  1928  1941 D LeAppInfo: removeLeacReportedServerApp, appName: dev.meshx.mob
05-17 05:44:40.785  1928  1939 I bt_stack: [INFO:le_advertising_manager.cc(70)] Unregister in shim layer
05-17 05:44:40.785  1928  2282 W bt_stack: le_advertising_manager :: remove_advertiser - id : 1
05-17 05:44:40.786  1928  1939 I BtGatt.AdvertiseManager: error sending onAdvertisingSetStopped callback
05-17 05:44:40.786  1928  1939 I BtGatt.AdvertiseManager: android.os.DeadObjectException
05-17 05:44:40.786  1928  1939 I BtGatt.AdvertiseManager: 	at android.os.BinderProxy.transactNative(Native Method)
05-17 05:44:40.786  1928  1939 I BtGatt.AdvertiseManager: 	at android.os.BinderProxy.transact(BinderProxy.java:662)
05-17 05:44:40.786  1928  1939 I BtGatt.AdvertiseManager: 	at android.bluetooth.le.IAdvertisingSetCallback$Stub$Proxy.onAdvertisingSetStopped(IAdvertisingSetCallback.java:256)
05-17 05:44:40.786  1928  1939 I BtGatt.AdvertiseManager: 	at com.android.bluetooth.gatt.AdvertiseManager.stopAdvertisingSet(AdvertiseManager.java:407)
05-17 05:44:40.786  1928  1939 I BtGatt.AdvertiseManager: 	at com.android.bluetooth.gatt.AdvertiseManager$AdvertisingSetDeathRecipient.binderDied(AdvertiseManager.java:193)
05-17 05:44:40.786  1928  1939 I BtGatt.AdvertiseManager: 	at android.os.IBinder$DeathRecipient.binderDied(IBinder.java:323)
05-17 05:44:40.786  1928  1939 I BtGatt.AdvertiseManager: 	at android.os.BinderProxy.sendDeathNotice(BinderProxy.java:781)
05-17 05:44:40.786  1928  2260 E BtGatt.GattService: [GSIM LOG]: gsimLogHandler, msg: MESSAGE_ADV_SET_STOP, appName: dev.meshx.mob, id: 2, isLegacy: true
05-17 05:44:40.788  1200  2968 V ActivityManager: Got obituary of 29233:dev.meshx.mob
05-17 05:44:40.788  1200  1240 W ActivityManager: setHasOverlayUi called on unknown pid: 29233
05-17 05:44:40.790  1928  2260 E BtGatt.GattService: [GSIM LOG]: gsimLogHandler, msg: MESSAGE_ADV_SET_STOP, appName: dev.meshx.mob, id: 1, isLegacy: true
05-17 05:44:40.791  1928  1941 D ActivityAttributionService: notifyActivityAttributionInfo UID=1002 packageName=com.android.bluetooth deviceAddress=no_active_device_address
05-17 05:44:40.792  1928  3855 I BtGatt.AdvertiseManager: error sending onAdvertisingSetStopped callback
05-17 05:44:40.792  1928  3855 I BtGatt.AdvertiseManager: android.os.DeadObjectException
05-17 05:44:40.792  1928  3855 I BtGatt.AdvertiseManager: 	at android.os.BinderProxy.transactNative(Native Method)
05-17 05:44:40.792  1928  3855 I BtGatt.AdvertiseManager: 	at android.os.BinderProxy.transact(BinderProxy.java:662)
05-17 05:44:40.792  1928  3855 I BtGatt.AdvertiseManager: 	at android.bluetooth.le.IAdvertisingSetCallback$Stub$Proxy.onAdvertisingSetStopped(IAdvertisingSetCallback.java:256)
05-17 05:44:40.792  1928  3855 I BtGatt.AdvertiseManager: 	at com.android.bluetooth.gatt.AdvertiseManager.stopAdvertisingSet(AdvertiseManager.java:407)
05-17 05:44:40.792  1928  3855 I BtGatt.AdvertiseManager: 	at com.android.bluetooth.gatt.AdvertiseManager$AdvertisingSetDeathRecipient.binderDied(AdvertiseManager.java:193)
05-17 05:44:40.792  1928  3855 I BtGatt.AdvertiseManager: 	at android.os.IBinder$DeathRecipient.binderDied(IBinder.java:323)
05-17 05:44:40.792  1928  3855 I BtGatt.AdvertiseManager: 	at android.os.BinderProxy.sendDeathNotice(BinderProxy.java:781)
05-17 05:44:40.792  1928  2248 D BtGatt.ContextMap: remove() - id: 2
05-17 05:44:40.792  1928  2248 E BtGatt.ContextMap: remove() - removed: 2
05-17 05:44:40.792  1928  2248 I bt_stack: [INFO:le_scanning_manager.cc(174)] Unregister in shim layer, scanner_id:2
05-17 05:44:40.795   914   914 I Layer   : id=484 Destroyed Surface(name=b80621 InputMethod)/@0x5e87407 - animation-leash of insets_animation#484
05-17 05:44:40.795  1928  2260 E BtGatt.GattService: [GSIM LOG]: gsimLogHandler, msg: MESSAGE_SCAN_STOP, appName: dev.meshx.mob, scannerId: 2, reportDelayMillis=0
05-17 05:44:40.799  2598  2598 I adbd    : Remote process closed the socket (on MSG_PEEK)
05-17 05:44:40.800  1200  1250 I libprocessgroup: Successfully killed process cgroup uid 10313 pid 29233 in 153ms
05-17 05:44:40.800  1200  1250 I ActivityManager: Process PhantomProcessRecord {f277d61 29282:29233:erl_child_setup/u0a313} died
05-17 05:44:40.801   837   837 I Zygote  : Process 29233 exited due to signal 9 (Killed)
05-17 05:44:40.802  1928  2260 E LeAppInfo: updateScanStopInfo(), There is NO scan process with :                                      dev.meshx.mob|    Normal|  LowPower| NonFilter|      true|
05-17 05:44:40.804  1928  2282 W bt_stack: Received command complete with op_code LE_SET_RANDOM_ADDRESS
05-17 05:44:40.822  1200  1446 D ConnectivityService: reportNetworkActive, notify 1 listeners
05-17 05:44:40.834  1200  1248 I SemDvfsHyPerManager: acquire hyper - APP_LAUNCH/1200@25, type = -999
05-17 05:44:40.835  1200  3026 D ActivityTaskManager: startActivityAsUser: callingPid=29569, callingUid=2000, caller=com.android.server.wm.ActivityTaskManagerService.startActivityAsUser:1828 com.android.server.am.ActivityManagerService.startActivityAsUserWithFeature:3760 com.android.server.am.ActivityManagerShellCommand.runStartActivity:656 com.android.server.am.ActivityManagerShellCommand.onCommand:222 com.android.modules.utils.BasicShellCommandHandler.exec:97 android.os.ShellCommand.exec:38 com.android.server.am.ActivityManagerService.onShellCommand:11315 
05-17 05:44:40.835   864   921 I HYPER-HAL: [RequestManager.cpp]acquire(): Acquired ID : 750950  [1200 / 25]    HINT : APP_LAUNCH    list : 
05-17 05:44:40.836  1200  1240 I ChimeraSystemEventListener: appLaunchIntent package name is: dev.meshx.mob
05-17 05:44:40.836   864   921 E HYPER-HAL: [HandlerSysfs.cpp]doResourceHandling(): Couldn't Open Sysfs - /sys/power/cstate_control
05-17 05:44:40.836  2905  2905 I SemDvfsHyPerManager: acquire hyper - APP_START_SHORT/2905@12, type = -999
05-17 05:44:40.837  1200  3026 D CompatibilityChangeReporter: Compat change id reported: 161252188; UID 10313; state: DISABLED
05-17 05:44:40.838  1200  3026 I ActivityTaskManager: START u0 {flg=0x10000000 cmp=dev.meshx.mob/.MainActivity (has extras)} from uid 2000
05-17 05:44:40.839  1200  3026 D CompatibilityChangeReporter: Compat change id reported: 194480991; UID 10313; state: ENABLED
05-17 05:44:40.840  1200  3026 D ActivityTaskManager: TaskLaunchParamsModifier:task=null activity=ActivityRecord{a57bf12 u0 dev.meshx.mob/.MainActivity} display-id=0 display-windowing-mode=1 suggested-display-area=DefaultTaskDisplayArea@8828587
05-17 05:44:40.840  1200  3026 D [secipm]: mSecIpmManager Preload dev.meshx.mob dex files
05-17 05:44:40.840   864   921 I HYPER-HAL: [RequestManager.cpp]acquire(): Acquired ID : 4255915  [2905 / 12]    HINT : APP_START    list : [TIMEOUT / 1500] 
05-17 05:44:40.841  1200  3026 D ActivityTaskManager: TaskLaunchParamsModifier:task=null activity=ActivityRecord{a57bf12 u0 dev.meshx.mob/.MainActivity} t-1} display-id=0 display-windowing-mode=1 suggested-display-area=DefaultTaskDisplayArea@8828587 non-freeform-display display-area=DefaultTaskDisplayArea@8828587 maximized-bounds
05-17 05:44:40.841   914  1114 I SurfaceFlinger: id=492 createSurf flag=24004, Task=419#492
05-17 05:44:40.842  1200  3026 D ActivityTaskManager: Top Process State changed to PROCESS_STATE_TOP_SLEEPING#2
05-17 05:44:40.842  1200  3026 D ActivityTaskManager: TaskLaunchParamsModifier:task=Task{d8006e3 #419 type=standard A=10313:dev.meshx.mob U=0 visible=false visibleRequested=false mode=fullscreen translucent=true sz=0} activity=ActivityRecord{a57bf12 u0 dev.meshx.mob/.MainActivity} t-1} display-from-task=0 display-id=0 display-windowing-mode=1 suggested-display-area=DefaultTaskDisplayArea@8828587 non-freeform-display display-area=DefaultTaskDisplayArea@8828587 maximized-bounds
05-17 05:44:40.843  1200  3026 D CompatibilityChangeReporter: Compat change id reported: 174042980; UID 10313; state: DISABLED
05-17 05:44:40.843  1200  3026 D CompatibilityChangeReporter: Compat change id reported: 184838306; UID 10313; state: DISABLED
05-17 05:44:40.843  1200  3026 D CompatibilityChangeReporter: Compat change id reported: 185004937; UID 10313; state: DISABLED
05-17 05:44:40.843   914  1114 I SurfaceFlinger: id=493 createSurf flag=80004, ActivityRecord{a57bf12 u0 dev.meshx.mob/.MainActivity} t419}#493
05-17 05:44:40.844  1200  3026 D ActivityTaskManager: Temporarily retain top process state for launching app
05-17 05:44:40.844  1200  3026 W WindowManager: Prepare app transition: mNextAppTransitionRequests=[TRANSIT_OPEN], mNextAppTransitionFlags=, displayId: 0 Callers=com.android.server.wm.DisplayContent.prepareAppTransition:6543 com.android.server.wm.DisplayContent.prepareAppTransition:6534 com.android.server.wm.Task.startActivityLocked:6851 com.android.server.wm.ActivityStarter.startActivityInner:3105 com.android.server.wm.ActivityStarter.startActivityUnchecked:2522 
05-17 05:44:40.844  1200  3026 V WindowManager: Checking theme of starting window: 0x7f120005
05-17 05:44:40.844  1200  3026 V WindowManager: Translucent=false Floating=false ShowWallpaper=false Disable=false
05-17 05:44:40.844  1200  3026 D MARsPolicyManager: onPackageResumedFG pkgName = dev.meshx.mob, userId = 0
05-17 05:44:40.845  1200  3026 W WindowManager: Prepare app transition: mNextAppTransitionRequests=[TRANSIT_OPEN, TRANSIT_OPEN], mNextAppTransitionFlags=, displayId: 0 Callers=com.android.server.wm.DisplayContent.prepareAppTransition:6543 com.android.server.wm.TaskFragment.resumeTopActivity:1628 com.android.server.wm.TaskFragment.resumeTopActivity:1354 com.android.server.wm.Task.resumeTopActivityInnerLocked:6685 com.android.server.wm.Task.resumeTopActivityUncheckedLocked:6576 
05-17 05:44:40.847  1200  3026 I Pageboost: stop alp
05-17 05:44:40.847  1200  3026 I SemDvfsHyPerManager: acquire hyper - AMS_APP_LAUNCH/1200@15, type = -999
05-17 05:44:40.848  2548  2548 E pageboostd: Received HALT command code 2
05-17 05:44:40.848   864   921 I HYPER-HAL: [RequestManager.cpp]acquire(): Acquired ID : 738735  [1200 / 15]    HINT : AMS_APP_LAUNCH    list : 
05-17 05:44:40.848   864   921 E HYPER-HAL: [HandlerSysfs.cpp]doResourceHandling(): Couldn't Open Sysfs - /sys/power/cstate_control
05-17 05:44:40.848  2905  2905 I SemDvfsHyPerManager: acquire hyper - APP_START/2905@14, type = -999
05-17 05:44:40.848   864   921 I HYPER-HAL: [RequestManager.cpp]acquire(): Acquired ID : 4261754  [2905 / 14]    HINT : APP_START    list : 
05-17 05:44:40.851  2413  2413 I TopTaskTracker: onTaskMovedToFront : taskId = 419
05-17 05:44:40.852  1200  1240 D CompatibilityChangeReporter: Compat change id reported: 135634846; UID 10313; state: DISABLED
05-17 05:44:40.852  1200  1240 D CompatibilityChangeReporter: Compat change id reported: 177438394; UID 10313; state: DISABLED
05-17 05:44:40.852  1200  1240 D CompatibilityChangeReporter: Compat change id reported: 135772972; UID 10313; state: DISABLED
05-17 05:44:40.852  1200  1240 D CompatibilityChangeReporter: Compat change id reported: 135754954; UID 10313; state: ENABLED
05-17 05:44:40.852  1200  1249 D CompatibilityChangeReporter: Compat change id reported: 143937733; UID 10313; state: ENABLED
05-17 05:44:40.858   837   837 D Zygote  : Forked child process 29576
05-17 05:44:40.859  1200  1249 I ActivityManager: Start proc 29576:dev.meshx.mob/u0a313 for top-activity {dev.meshx.mob/dev.meshx.mob.MainActivity}
05-17 05:44:40.859  1200  1249 D DynamicHiddenApp_BGProtectManager: [SecIpm] it's a ML_TYPE_EMPTYPROCESS protected process dev.meshx.mob
05-17 05:44:40.877 29576 29576 I dev.meshx.mob: Late-enabling -Xcheck:jni
05-17 05:44:40.909 29576 29576 I dev.meshx.mob: Using CollectorTypeCC GC.
05-17 05:44:40.914  2598  2604 I adbd    : jdwp connection from 29576
05-17 05:44:40.924 29576 29576 D nativeloader: Load libframework-connectivity-tiramisu-jni.so using APEX ns com_android_tethering for caller /apex/com.android.tethering/javalib/framework-connectivity-t.jar: ok
05-17 05:44:40.928 29576 29576 D ActivityThread: setConscryptValidator
05-17 05:44:40.928 29576 29576 D ActivityThread: setConscryptValidator - put
05-17 05:44:40.933  1200  3026 D CompatibilityChangeReporter: Compat change id reported: 168419799; UID 10313; state: DISABLED
05-17 05:44:40.934  1200  3026 I ActivityManager: DSS OFF for dev.meshx.mob
05-17 05:44:40.936  1200  3026 I DexController: getTaskHasActivityIsWaitingToRun: r=ActivityRecord{a57bf12 u0 dev.meshx.mob/.MainActivity} t419}, app=ProcessRecord{3297799 29576:dev.meshx.mob/u0a313}
05-17 05:44:40.937  1200  3026 V WindowManager: rotationForOrientation(orient=SCREEN_ORIENTATION_USER (2), last=ROTATION_0 (0)); user=ROTATION_0 (0) 
05-17 05:44:40.937  1200  3026 D WindowManager: rotationForOrientation, orientationSource=Window{339d9e9 u0 NotificationShade}
05-17 05:44:40.937  1200  3026 V WindowManager: Computed rotation=ROTATION_0 (0) for display id=0 based on lastOrientation=SCREEN_ORIENTATION_USER (2) and oldRotation=ROTATION_0 (0), caller=com.android.server.wm.DisplayRotation.updateOrientation:432 com.android.server.wm.DisplayContent.updateOrientation:2003 com.android.server.wm.DisplayContent.updateOrientation:1903 com.android.server.wm.RootWindowContainer.ensureVisibilityAndConfig:2161 com.android.server.wm.ActivityTaskSupervisor.realStartActivityLocked:919 com.android.server.wm.RootWindowContainer$AttachApplicationHelper.test:4390 
05-17 05:44:40.944  1200  3026 D TspStateManager: updateCustomValue customSetting=
05-17 05:44:40.945  1200  3026 D TspStateManager: updateCustomValue customSetting=
05-17 05:44:40.945  1200  3026 D SGM:PkgDataHelper: notifyAppCreate(), pkgName: dev.meshx.mob, userId: 0, sendRet: true
05-17 05:44:40.946  1200  1419 D SGM:FgCheckThread: onLooperPrepared(), msg: MSG_APP_CREATE, pkgName: dev.meshx.mob, userId: 0
05-17 05:44:40.946  1200  3026 D MARsPolicyManager: onPackageResumedFG pkgName = dev.meshx.mob, userId = 0
05-17 05:44:40.946  1200  3026 D ActivityTaskManager: scheduleTopResumedActivityChanged, onTop=true r=ActivityRecord{a57bf12 u0 dev.meshx.mob/.MainActivity} t419} caller=com.android.server.wm.ActivityTaskSupervisor.scheduleTopResumedActivityStateIfNeeded:2591 com.android.server.wm.ActivityTaskSupervisor.updateTopResumedActivityIfNeeded:2583 com.android.server.wm.TaskFragment.setResumedActivity:508 com.android.server.wm.TaskFragment.onActivityStateChanged:820 com.android.server.wm.ActivityRecord.setState:6665 com.android.server.wm.Task.minimalResumeActivityLocked:6379 
05-17 05:44:40.946  1200  3026 D InputDispatcher: Focused application(0): ActivityRecord{a57bf12 u0 dev.meshx.mob/.MainActivity} t419}
05-17 05:44:40.947  1200  3026 D SGM:FgCheckThread: TaskStackListener.onTaskFocusChanged(), taskId=419, focused=true
05-17 05:44:40.947  1200  3026 D SGM:FgCheckThread:   sendRunningComponentFocus(), pkgName: dev.meshx.mob, userId: 0
05-17 05:44:40.947  1200  1419 D SGM:FgCheckThread: onLooperPrepared(), msg: MSG_TASK_FOCUSED, pkgName: dev.meshx.mob, userId: 0
05-17 05:44:40.947  1200  1419 D SGM:FgCheckThread: handleTaskFocused().
05-17 05:44:40.947  1200  1419 D SGM:FgCheckThread:   handleTaskFocused(), pkgName: dev.meshx.mob, userID:0
05-17 05:44:40.947  1200  1419 D SGM:FgCheckThread: handleResume().
05-17 05:44:40.947  1200  1419 D SGM:SystemHelper: callReleaseBlock needReleaseBlock:false
05-17 05:44:40.947  1200  1419 D SGM:FgCheckThread:   handleResume(). device is locked yet. ignore
05-17 05:44:40.949   914  1114 I SurfaceFlinger: id=494 createSurf flag=80000, d7d8e9d ActivityRecordInputSink dev.meshx.mob/.MainActivity#494
05-17 05:44:40.954  1200  3026 W WindowManager: Execute app transition: mNextAppTransitionRequests=[TRANSIT_OPEN, TRANSIT_OPEN], mNextAppTransitionFlags=, displayId: 0 Callers=com.android.server.wm.RootWindowContainer.executeAppTransitionForAllDisplay:2658 com.android.server.wm.ActivityTaskSupervisor.reportResumedActivityLocked:2343 com.android.server.wm.ActivityRecord.completeResumeLocked:7264 com.android.server.wm.Task.minimalResumeActivityLocked:6380 com.android.server.wm.ActivityTaskSupervisor.realStartActivityLocked:1151 
05-17 05:44:40.954  1200  3026 D ActivityTaskManager: scheduleTopResumedActivityChanged, onTop=false r=ActivityRecord{a57bf12 u0 dev.meshx.mob/.MainActivity} t419} caller=com.android.server.wm.ActivityTaskSupervisor.updateTopResumedActivityIfNeeded:2566 com.android.server.wm.TaskFragment.setResumedActivity:508 com.android.server.wm.TaskFragment.onActivityStateChanged:805 com.android.server.wm.ActivityRecord.setState:6665 com.android.server.wm.TaskFragment.startPausing:1950 com.android.server.wm.TaskFragment.startPausing:1887 
05-17 05:44:40.955  1200  1240 I ActivityManager: Changes in 10313 20 to 2, 0 to 15
05-17 05:44:40.955  1200  1240 I AppOps  : updateUidProcState uid: 10313 procState: 2 capability:15
05-17 05:44:40.955  1200  1462 D AS.MultiSoundManager: mForegroundUid = 10313
05-17 05:44:40.955  1200  1240 I AppOps  : commitUidPendingStateLocked() :: UID - 10313, 700 > 200, 0 > 15
05-17 05:44:40.955  1200  1240 I ActivityManager: updateOomAdj start time is before than pendingPid added, don't delete it
05-17 05:44:40.959 29576 29576 D CompatibilityChangeReporter: Compat change id reported: 171979766; UID 10313; state: ENABLED
05-17 05:44:40.959   914   914 I Layer   : id=494 removeFromCurrentState d7d8e9d ActivityRecordInputSink dev.meshx.mob/.MainActivity#494 (91)
05-17 05:44:40.959   914   914 I SurfaceFlinger: id=494 Removed d7d8e9d ActivityRecordInputSink dev.meshx.mob/.MainActivity#494 (91)
05-17 05:44:40.959   914   914 I Layer   : id=494 Destroyed d7d8e9d ActivityRecordInputSink dev.meshx.mob/.MainActivity#494
05-17 05:44:40.961  2496  2542 I RequestManager_FLP: onOpChanged, op=0 / packageName=dev.meshx.mob
05-17 05:44:40.961  1200  1433 V NetworkPolicy: getFirewallRuleWifi UID:10313 policy:0
05-17 05:44:40.962  1200  1240 I GameSDK@LifeCycle: noteResumeComponent(): package name  : dev.meshx.mob
05-17 05:44:40.963  1200  1257 D BatteryExternalStatsWorker: update stats : get-stats (63)
05-17 05:44:40.964  1200  1240 D SGM:FgCheckThread: noteResumeComponent(), received pkgName: dev.meshx.mob, userId: 0
05-17 05:44:40.964  1200  1419 D SGM:FgCheckThread: onLooperPrepared(), msg: MSG_APP_RESUME, pkgName: dev.meshx.mob, userid: 0
05-17 05:44:40.964  1200  1484 I CocktailBarManagerServiceContainer: handleMessage: entry what = 5
05-17 05:44:40.964  1200  1419 D SGM:FgCheckThread: handleResume().
05-17 05:44:40.965  1200  1419 D SGM:SystemHelper: callReleaseBlock needReleaseBlock:false
05-17 05:44:40.965  1200  1419 D SGM:FgCheckThread:   handleResume(). device is locked yet. ignore
05-17 05:44:40.971  1200  1240 I ActivityManager: updateOomAdj start time is before than pendingPid added, don't delete it
05-17 05:44:40.971  5662  5662 I ActivityUtils: HomePackage : com.sec.android.app.launcher, resumePackageName : dev.meshx.mob
05-17 05:44:40.978 29576 29576 D nativeloader: Configuring clns-4 for other apk /data/app/~~7_JfJd_UlVswUeLwoiaLgQ==/dev.meshx.mob-ivO6cS7eflFfQcbbJp1V4A==/base.apk. target_sdk_version=34, uses_libraries=, library_path=/data/app/~~7_JfJd_UlVswUeLwoiaLgQ==/dev.meshx.mob-ivO6cS7eflFfQcbbJp1V4A==/lib/arm64:/data/app/~~7_JfJd_UlVswUeLwoiaLgQ==/dev.meshx.mob-ivO6cS7eflFfQcbbJp1V4A==/base.apk!/lib/arm64-v8a, permitted_path=/data:/mnt/expand:/data/user/0/dev.meshx.mob
05-17 05:44:40.988 29576 29576 D nativeloader: Load libframework-connectivity-jni.so using APEX ns com_android_tethering for caller /apex/com.android.tethering/javalib/framework-connectivity.jar: ok
05-17 05:44:40.994 29576 29576 V GraphicsEnvironment: ANGLE Developer option for 'dev.meshx.mob' set to: 'default'
05-17 05:44:40.994 29576 29576 V GraphicsEnvironment: ANGLE GameManagerService for dev.meshx.mob: false
05-17 05:44:40.994 29576 29576 V GraphicsEnvironment: Neither updatable production driver nor prerelease driver is supported.
05-17 05:44:40.998 29576 29576 D NetworkSecurityConfig: Using Network Security Config from resource network_security_config debugBuild: true
05-17 05:44:41.023  1200  2968 D WifiNl80211Manager: Scan result ready event
05-17 05:44:41.023  1200  1257 D BatteryExternalStatsWorker: Fetch WiFi data
05-17 05:44:41.023  1200  2968 D WifiNative: Scan result ready event
05-17 05:44:41.023  1200  1257 D BatteryExternalStatsWorker: Update Rail Energy data
05-17 05:44:41.023  1200  1257 D BatteryExternalStatsWorker: Fetch Bluetooth data
05-17 05:44:41.023  1200  1257 D BatteryExternalStatsWorker: Fetch modem data
05-17 05:44:41.029  1200  1440 D WificondScannerImpl: Filtering out 1 scan results.
05-17 05:44:41.033  1200  1494 V SemWifiScanPool: updateScanResult, partial scan:4 configKeys: 16 pool_bssid:23 pool_configKeys:17
05-17 05:44:41.038  1200  2968 D TelephonyManager: requestModemActivityInfo: Sending result to app: ModemActivityInfo{ mTimestamp=185553097 mSleepTimeMs=177359946 mIdleTimeMs=2375327 mActivityStatsTechSpecificInfo=[{mRat=UNKNOWN,mFrequencyRange=UNKNOWN,mTxTimeMs[]=[0, 0, 0, 0, 0],mRxTimeMs=5807346}]}
05-17 05:44:41.087 29576 29576 D NetworkSecurityConfig: Using Network Security Config from resource network_security_config debugBuild: true
05-17 05:44:41.089  1200  1257 D BatteryExternalStatsWorker: Update CPU state
05-17 05:44:41.089  1200  1257 I KernelWakelockReader: readKernelWakelockStats(false)
05-17 05:44:41.091   615  1327 W android.system.suspend@1.0-service: getWakeLockStats +
05-17 05:44:41.091   615  1327 I android.system.suspend@1.0-service: name: PowerManagerService.Display, isActive: 0, LC: 184118711, AC: 40, AT: 0, TT: 10850671
05-17 05:44:41.091   615  1327 I android.system.suspend@1.0-service: name: PowerManager.SuspendLockout, isActive: 0, LC: 184118711, AC: 40, AT: 0, TT: 10850710
05-17 05:44:41.091   615  1327 W android.system.suspend@1.0-service: getWakeLockStats -
05-17 05:44:41.091  1200  1257 D KernelWakelockReader: name=PowerManagerService.WakeLocks	 isActive=false	 lastChange=185128611	 activeCount=4248	 activeTime=0	 totalTime=3723784	 version=224	 time_delta=1843000
05-17 05:44:41.091  1200  1257 D KernelWakelockReader: name=PowerManagerService.Broadcasts	 isActive=false	 lastChange=184119063	 activeCount=39	 activeTime=0	 totalTime=18633	 version=224	 time_delta=0
05-17 05:44:41.091  1200  1257 D KernelWakelockReader: name=PowerManagerService.Display	 isActive=false	 lastChange=184118711	 activeCount=40	 activeTime=0	 totalTime=10850671	 version=224	 time_delta=0
05-17 05:44:41.091  1200  1257 D KernelWakelockReader: name=PowerManager.SuspendLockout	 isActive=false	 lastChange=184118711	 activeCount=40	 activeTime=0	 totalTime=10850710	 version=224	 time_delta=0
05-17 05:44:41.091  1200  1257 D KernelWakelockReader: name=PowerManagerService.Booting	 isActive=false	 lastChange=23130	 activeCount=1	 activeTime=0	 totalTime=8817	 version=224	 time_delta=0
05-17 05:44:41.092  1200  1257 I BatteryStatsImpl: updateKernelWakelocksLocked:: name=PowerManager.SuspendLockout / totalTime=10850710000 / mCount=40 / version=224
05-17 05:44:41.092  1200  1257 I BatteryStatsImpl: updateKernelWakelocksLocked:: name=PowerManagerService.Display / totalTime=10850671000 / mCount=40 / version=224
05-17 05:44:41.092  1200  1257 I BatteryStatsImpl: updateKernelWakelocksLocked:: name=PowerManagerService.WakeLocks / totalTime=3723784000 / mCount=4248 / version=224
05-17 05:44:41.092  1200  1257 I BatteryStatsImpl: updateKernelWakelocksLocked:: name=PowerManagerService.Broadcasts / totalTime=18633000 / mCount=39 / version=224
05-17 05:44:41.092  1200  1257 I BatteryStatsImpl: updateKernelWakelocksLocked:: name=PowerManagerService.Booting / totalTime=8817000 / mCount=1 / version=224
05-17 05:44:41.092  1200  1257 D BatteryExternalStatsWorker: Update Kernel wakelock & memory state
05-17 05:44:41.092  1200  1257 D BatteryExternalStatsWorker: Update RPM state
05-17 05:44:41.092  1200  1257 D BatteryExternalStatsWorker: Update bluetooth state
05-17 05:44:41.092  1200  1257 D BatteryExternalStatsWorker: mStats lock released
05-17 05:44:41.097 29576 29576 D CompatibilityChangeReporter: Compat change id reported: 183155436; UID 10313; state: ENABLED
05-17 05:44:41.100  1200  1896 D MdnieScenarioControlService:  packageName : dev.meshx.mob    className : dev.meshx.mob.MainActivity
05-17 05:44:41.100  1200  1896 V MdnieScenarioControlService: setUIMode from UI function(3)
05-17 05:44:41.109 29576 29576 I FirebaseApp: Device unlocked: initializing all Firebase APIs for app [DEFAULT]
05-17 05:44:41.113  1200  1257 D BatteryExternalStatsWorker: Update wifi state
05-17 05:44:41.117 29576 29576 I FirebaseInitProvider: FirebaseApp initialization successful
05-17 05:44:41.145 29576 29603 D OpenGLRenderer: RenderThread::requireGlContext()
05-17 05:44:41.145  1200  1257 D BatteryExternalStatsWorker: Update modem state
05-17 05:44:41.145  1200  1257 D BatteryExternalStatsWorker: done updateExternalStatsLocked
05-17 05:44:41.157 29576 29576 D nativeloader: Load /data/app/~~7_JfJd_UlVswUeLwoiaLgQ==/dev.meshx.mob-ivO6cS7eflFfQcbbJp1V4A==/lib/arm64/libmeshx_mobile_app.so using class loader ns clns-4 (caller=/data/app/~~7_JfJd_UlVswUeLwoiaLgQ==/dev.meshx.mob-ivO6cS7eflFfQcbbJp1V4A==/base.apk!classes3.dex): ok
05-17 05:44:41.157 29576 29576 I MobNIF  : mob_ui_cache_class: looking up dev/meshx/mob/MobBridge
05-17 05:44:41.159 29576 29576 I MobNIF  : mob_ui_cache_class: dev/meshx/mob/MobBridge cached OK
05-17 05:44:41.160 29576 29603 D OpenGLRenderer: RenderThread::setGrContext()
05-17 05:44:41.161 29576 29576 I MeshxBleNif: meshx_ble_cache_class: MeshxBleNative cached
05-17 05:44:41.171  1200  2968 I GenerationRegistry: mBackingStore.isClosed() : false
05-17 05:44:41.180  1200  2968 I GenerationRegistry: mBackingStore.isClosed() : false
05-17 05:44:41.187  1200  1261 E MARsVersionManager: Package name: com.sec.android.app.shealth cannot be found.android.content.pm.PackageManager$NameNotFoundException: com.sec.android.app.shealth
05-17 05:44:41.193 29576 29576 I DecorView: [INFO] isPopOver=false config=true
05-17 05:44:41.194 29576 29576 I DecorView: updateCaptionType: isFloating=false isApplication=true hasWindowDecorCaption=false this=DecorView@d21ac7e[]
05-17 05:44:41.194 29576 29576 D DecorView: setCaptionType = 0, this = DecorView@d21ac7e[]
05-17 05:44:41.194  1200  1261 E MARsVersionManager: Package name: com.sec.android.app.shealth cannot be found.android.content.pm.PackageManager$NameNotFoundException: com.sec.android.app.shealth
05-17 05:44:41.195  1200  1261 E MARsVersionManager: Package name: com.sec.android.app.shealth cannot be found.android.content.pm.PackageManager$NameNotFoundException: com.sec.android.app.shealth
05-17 05:44:41.195  1200  1261 E MARsVersionManager: Package name: com.sec.android.app.shealth cannot be found.android.content.pm.PackageManager$NameNotFoundException: com.sec.android.app.shealth
05-17 05:44:41.195  1200  1210 I system_server: Background concurrent copying GC freed 22MB AllocSpace bytes, 62(1676KB) LOS objects, 26% free, 65MB/89MB, paused 295us,249us total 258.555ms
05-17 05:44:41.196  1200  1261 E MARsVersionManager: Package name: com.sec.android.app.shealth cannot be found.android.content.pm.PackageManager$NameNotFoundException: com.sec.android.app.shealth
05-17 05:44:41.196  1200  1261 E MARsVersionManager: Package name: com.sec.android.app.shealth cannot be found.android.content.pm.PackageManager$NameNotFoundException: com.sec.android.app.shealth
05-17 05:44:41.196  1200  1261 E MARsVersionManager: Package name: com.sec.android.app.shealth cannot be found.android.content.pm.PackageManager$NameNotFoundException: com.sec.android.app.shealth
05-17 05:44:41.196  1200  1261 E MARsVersionManager: Package name: com.sec.android.app.shealth cannot be found.android.content.pm.PackageManager$NameNotFoundException: com.sec.android.app.shealth
05-17 05:44:41.196  1200  1261 E MARsVersionManager: Package name: com.sec.android.app.shealth cannot be found.android.content.pm.PackageManager$NameNotFoundException: com.sec.android.app.shealth
05-17 05:44:41.197 29576 29576 I DecorView: getCurrentDensityDpi: from real metrics. densityDpi=320 msg=resources_loaded
05-17 05:44:41.197 29576 29576 I DecorView: setWindowBackground: isPopOver=false color=ff000000 d=android.graphics.drawable.ColorDrawable@c2ba22c
05-17 05:44:41.200  1200  1896 V MdnieScenarioControlService: mAclOffEnabled : false mAclPreviewState : false mAclCompensationState : false
05-17 05:44:41.202  1200  1212 W System  : A resource failed to call HardwareBuffer.close. 
05-17 05:44:41.205  1200  2968 D CompatibilityChangeReporter: Compat change id reported: 161145287; UID 10313; state: DISABLED
05-17 05:44:41.206 29576 29576 I MeshxBleNative: init: application context set
05-17 05:44:41.206 29576 29576 I MeshX   : registered BluetoothAdapter state receiver
05-17 05:44:41.206 29576 29576 I MeshX   : onCreate: MESHX_BLE_SELFTEST=1
05-17 05:44:41.211 29576 29576 I MeshX   : onCreate — handing off to BEAM
05-17 05:44:41.211 29576 29576 I MobBeam : mob_capture_beam_stdio: piping stdout/stderr to logcat (tag: BEAMout)
05-17 05:44:41.213 29576 29576 I MobNIF  : _mob_bridge_init_activity: MobBridge.init called
05-17 05:44:41.213 29576 29576 I MobBeam : mob_init_bridge: native lib dir = /data/app/~~7_JfJd_UlVswUeLwoiaLgQ==/dev.meshx.mob-ivO6cS7eflFfQcbbJp1V4A==/lib/arm64
05-17 05:44:41.213 29576 29576 I MobBeam : mob_init_bridge: files dir = /data/user/0/dev.meshx.mob/files
05-17 05:44:41.214 29576 29614 I MobBeam : mob_start_beam: re-dlopened self RTLD_GLOBAL: /data/app/~~7_JfJd_UlVswUeLwoiaLgQ==/dev.meshx.mob-ivO6cS7eflFfQcbbJp1V4A==/lib/arm64/libmeshx_mobile_app.so
05-17 05:44:41.220 29576 29576 I MSHandlerLifeCycle: check: return. pkg=dev.meshx.mob parent=null callers=com.android.internal.policy.DecorView.setVisibility:4487 android.app.ActivityThread.handleResumeActivity:5491 android.app.servertransaction.ResumeActivityItem.execute:54 android.app.servertransaction.ActivityTransactionItem.execute:45 android.app.servertransaction.TransactionExecutor.executeLifecycleState:176 
05-17 05:44:41.221 29576 29576 I MSHandlerLifeCycle: removeMultiSplitHandler: no exist. decor=DecorView@d21ac7e[]
05-17 05:44:41.224 29576 29576 I SurfaceSyncer@7dbacf4: new SurfaceSyncer() = android.view.ViewRootImpl.<init>:1168 android.view.ViewRootImpl.<init>:1304 android.view.WindowManagerGlobal.addView:530 android.view.WindowManagerImpl.addView:170 android.app.ActivityThread.handleResumeActivity:5512 
05-17 05:44:41.227 29576 29603 D NativeCustomFrequencyManager: [NativeCFMS] BpCustomFrequencyManager::BpCustomFrequencyManager()
05-17 05:44:41.230 29576 29576 I DecorView: notifyKeepScreenOnChanged: keepScreenOn=false
05-17 05:44:41.231  1200  2968 D InputTransport: Input channel constructed: '96fb740', fd=781
05-17 05:44:41.231  1200  2968 D InputTransport: Input channel constructed: '96fb740', fd=784
05-17 05:44:41.231  1200  2968 D InputTransport: Input channel constructed: '96fb740', fd=785
05-17 05:44:41.232   914  1114 I SurfaceFlinger: id=495 createSurf flag=80004, 96fb740 dev.meshx.mob/dev.meshx.mob.MainActivity#495
05-17 05:44:41.233  1200  2968 D RestrictionPolicy: isScreenCaptureEnabled : ret=true userId=0
05-17 05:44:41.233  1200  2968 D InputTransport: Input channel destroyed: '96fb740', fd=785
05-17 05:44:41.234 29576 29576 D InsetsController: onStateChanged: InsetsState: {mDisplayFrame=Rect(0, 0 - 1200, 1920), mDisplayCutout=DisplayCutout{insets=Rect(0, 0 - 0, 0) waterfall=Insets{left=0, top=0, right=0, bottom=0} boundingRect={Bounds=[Rect(0, 0 - 0, 0), Rect(0, 0 - 0, 0), Rect(0, 0 - 0, 0), Rect(0, 0 - 0, 0)]} cutoutPathParserInfo={CutoutPathParserInfo{displayWidth=0 displayHeight=0 physicalDisplayWidth=0 physicalDisplayHeight=0 density={0.0} cutoutSpec={} rotation={0} scale={0.0} physicalPixelDisplaySizeRatio={0.0}}}}, mRoundedCorners=RoundedCorners{[RoundedCorner{position=TopLeft, radius=26, center=Point(26, 26)}, RoundedCorner{position=TopRight, radius=26, center=Point(1174, 26)}, RoundedCorner{position=BottomRight, radius=26, center=Point(1174, 1894)}, RoundedCorner{position=BottomLeft, radius=26, center=Point(26, 1894)}]}  mRoundedCornerFrame=Rect(0, 0 - 1200, 1920), mPrivacyIndicatorBounds=PrivacyIndicatorBounds {static bounds=Rect(1112, 0 - 1200, 48) rotation=0}, mSources= { InsetsSource: {mType=ITYPE_STATUS_BAR, mFrame=[0,0][1200,48], mVisible=true, mInsetsRoundedCornerFrame=false}, InsetsSource: {mType=ITYPE_TOP_MANDATORY_GESTURES, mFrame=[0,0][1200,48], mVisible=true, mInsetsRoundedCornerFrame=false}, InsetsSource: {mType=ITYPE_TOP_TAPPABLE_ELEMENT, mFrame=[0,0][1200,48], mVisible=true, mInsetsRoundedCornerFrame=false}, InsetsSource: {mType=ITYPE_IME, mFrame=[0,0][0,0], mVisible=false, mInsetsRoundedCornerFrame=false} } host=dev.meshx.mob/dev.meshx.mob.MainActivity from=android.view.ViewRootImpl.setView:1739
05-17 05:44:41.236  1200  2968 D CoreBackPreview: Window{96fb740 u0 dev.meshx.mob/dev.meshx.mob.MainActivity}: Setting back callback OnBackInvokedCallbackInfo{mCallback=android.window.IOnBackInvokedCallback$Stub$Proxy@d6abfbe, mPriority=0}
05-17 05:44:41.236 29576 29576 I ViewRootImpl@ff32c1d[MainActivity]: setView = com.android.internal.policy.DecorView@d21ac7e TM=true
05-17 05:44:41.239 29576 29576 D DecorView: isDeviceLocked = false
05-17 05:44:41.239 29576 29576 I MSHandlerLifeCycle: check: return. pkg=dev.meshx.mob mode=fullscreen op=true locked=false callers=com.android.internal.policy.DecorView.setVisibility:4487 android.app.Activity.makeVisible:6819 android.app.ActivityThread.handleResumeActivity:5556 android.app.servertransaction.ResumeActivityItem.execute:54 android.app.servertransaction.ActivityTransactionItem.execute:45 
05-17 05:44:41.240 29576 29576 I MSHandlerLifeCycle: removeMultiSplitHandler: no exist. decor=DecorView@d21ac7e[MainActivity]
05-17 05:44:41.243  1200  1240 D SGM:FgCheckThread: notePauseComponent(), received pkgName: dev.meshx.mob, userId: 0
05-17 05:44:41.244  1200  1484 I CocktailBarManagerServiceContainer: handleMessage: entry what = 6
05-17 05:44:41.289  1200  2968 I GenerationRegistry: mBackingStore.isClosed() : false
05-17 05:44:41.312 29576 29576 W dev.meshx.mob: Method boolean androidx.compose.runtime.snapshots.SnapshotStateList.conditionalUpdate(boolean, kotlin.jvm.functions.Function1) failed lock verification and will run slower.
05-17 05:44:41.312 29576 29576 W dev.meshx.mob: Common causes for lock verification issues are non-optimized dex code
05-17 05:44:41.312 29576 29576 W dev.meshx.mob: and incorrect proguard optimizations.
05-17 05:44:41.312 29576 29576 W dev.meshx.mob: Method boolean androidx.compose.runtime.snapshots.SnapshotStateList.conditionalUpdate$default(androidx.compose.runtime.snapshots.SnapshotStateList, boolean, kotlin.jvm.functions.Function1, int, java.lang.Object) failed lock verification and will run slower.
05-17 05:44:41.312 29576 29576 W dev.meshx.mob: Method java.lang.Object androidx.compose.runtime.snapshots.SnapshotStateList.mutate(kotlin.jvm.functions.Function1) failed lock verification and will run slower.
05-17 05:44:41.312 29576 29576 W dev.meshx.mob: Method void androidx.compose.runtime.snapshots.SnapshotStateList.update(boolean, kotlin.jvm.functions.Function1) failed lock verification and will run slower.
05-17 05:44:41.312 29576 29576 W dev.meshx.mob: Method void androidx.compose.runtime.snapshots.SnapshotStateList.update$default(androidx.compose.runtime.snapshots.SnapshotStateList, boolean, kotlin.jvm.functions.Function1, int, java.lang.Object) failed lock verification and will run slower.
05-17 05:44:41.343  2905  3290 I SDHMS:l : onTaskStackChanged
05-17 05:44:41.343  2413  2425 I RecentModel: onTaskStackChangedBackground
05-17 05:44:41.346 29576 29576 I ViewRootImpl@ff32c1d[MainActivity]: performTraversals params={(0,0)(fillxfill) sim={adjust=resize forwardNavigation} ty=BASE_APPLICATION
05-17 05:44:41.346 29576 29576 I ViewRootImpl@ff32c1d[MainActivity]:   fl=1810100
05-17 05:44:41.346 29576 29576 I ViewRootImpl@ff32c1d[MainActivity]:   pfl=16020040
05-17 05:44:41.346 29576 29576 I ViewRootImpl@ff32c1d[MainActivity]:   vsysui=2010
05-17 05:44:41.346 29576 29576 I ViewRootImpl@ff32c1d[MainActivity]:   apr=LIGHT_STATUS_BARS LIGHT_NAVIGATION_BARS
05-17 05:44:41.346 29576 29576 I ViewRootImpl@ff32c1d[MainActivity]:   bhv=DEFAULT
05-17 05:44:41.346 29576 29576 I ViewRootImpl@ff32c1d[MainActivity]:   fitSides= naviIconColor=0
05-17 05:44:41.346 29576 29576 I ViewRootImpl@ff32c1d[MainActivity]:   sfl=100000}
05-17 05:44:41.351 29576 29576 I ViewRootImpl@ff32c1d[MainActivity]: performTraversals mFirst=true windowShouldResize=true viewVisibilityChanged=false mForceNextWindowRelayout=false params={(0,0)(fillxfill) sim={adjust=resize forwardNavigation} ty=BASE_APPLICATION
05-17 05:44:41.351 29576 29576 I ViewRootImpl@ff32c1d[MainActivity]:   fl=1810100
05-17 05:44:41.351 29576 29576 I ViewRootImpl@ff32c1d[MainActivity]:   pfl=16020040
05-17 05:44:41.351 29576 29576 I ViewRootImpl@ff32c1d[MainActivity]:   vsysui=2010
05-17 05:44:41.351 29576 29576 I ViewRootImpl@ff32c1d[MainActivity]:   apr=LIGHT_STATUS_BARS LIGHT_NAVIGATION_BARS
05-17 05:44:41.351 29576 29576 I ViewRootImpl@ff32c1d[MainActivity]:   bhv=DEFAULT
05-17 05:44:41.351 29576 29576 I ViewRootImpl@ff32c1d[MainActivity]:   fitSides= naviIconColor=0
05-17 05:44:41.351 29576 29576 I ViewRootImpl@ff32c1d[MainActivity]:   sfl=100000}
05-17 05:44:41.352  1200  2968 V WindowManager: Relayout Window{96fb740 u0 dev.meshx.mob/dev.meshx.mob.MainActivity}: viewVisibility=8 req=1200x1920 d0
05-17 05:44:41.355  1200  2968 V WindowManager: Relayout hash=96fb740, pid=29576, syncId=-1: mAttrs={(0,0)(fillxfill) sim={adjust=resize forwardNavigation} ty=BASE_APPLICATION
05-17 05:44:41.355  1200  2968 V WindowManager:   fl=1810100
05-17 05:44:41.355  1200  2968 V WindowManager:   pfl=16020040
05-17 05:44:41.355  1200  2968 V WindowManager:   vsysui=2010
05-17 05:44:41.355  1200  2968 V WindowManager:   apr=LIGHT_STATUS_BARS LIGHT_NAVIGATION_BARS
05-17 05:44:41.355  1200  2968 V WindowManager:   bhv=DEFAULT
05-17 05:44:41.355  1200  2968 V WindowManager:   fitSides= naviIconColor=0
05-17 05:44:41.355  1200  2968 V WindowManager:   sfl=100000}
05-17 05:44:41.357 29576 29576 I ViewRootImpl@ff32c1d[MainActivity]: Relayout returned: old=(0,0,1200,1920) new=(0,0,1200,1920) req=(1200,1920)8 dur=5 res=0x0 s={false 0x0} ch=false seqId=0
05-17 05:44:41.371 29576 29576 I ViewRootImpl@ff32c1d[MainActivity]: stopped(true) old = false
05-17 05:44:41.371 29576 29576 I ViewRootImpl@ff32c1d[MainActivity]: WindowStopped on dev.meshx.mob/dev.meshx.mob.MainActivity set to true
05-17 05:44:41.375 29576 29576 D DecorView: isDeviceLocked = false
