05-17 05:44:41.375 29576 29576 I MSHandlerLifeCycle: check: return. pkg=dev.meshx.mob mode=fullscreen op=true locked=false callers=com.android.internal.policy.DecorView.setVisibility:4487 android.app.ActivityThread.updateVisibility:5883 android.app.ActivityThread.handleStopActivity:5901 android.app.servertransaction.StopActivityItem.execute:43 android.app.servertransaction.ActivityTransactionItem.execute:45 
05-17 05:44:41.375 29576 29576 I MSHandlerLifeCycle: removeMultiSplitHandler: no exist. decor=DecorView@d21ac7e[MainActivity]
05-17 05:44:41.379  1200  2959 D ActivityTaskManager: mStartingWindow and mStartingData is null for token=ActivityRecord{a57bf12 u0 dev.meshx.mob/.MainActivity} t419}
05-17 05:44:41.380  1200  2959 I ActivityManager: Changes in 10313 2 to 12, 15 to 0
05-17 05:44:41.541   864 29572 E HYPER-HAL: [HandlerSysfs.cpp]doResourceHandling(): Couldn't Open Sysfs - /sys/power/cstate_control
05-17 05:44:41.541   864 29572 I HYPER-HAL: [RequestManager.cpp]releaseLocked(): Released ID : 750950
05-17 05:44:41.740  9359 12576 I FontLog : (REDACTED) Received query %s, URI %s
05-17 05:44:41.740  9359 12576 I FontLog : (REDACTED) Query [%s] resolved to %s
05-17 05:44:41.742  9359 12576 I FontLog : (REDACTED) Fetch %s end status %s
05-17 05:44:41.751  9359 12576 I FontLog : (REDACTED) Pulling font file for id = %d, cache size = %d
05-17 05:44:41.761  9359 12576 I FontLog : (REDACTED) Pulling font file for id = %d, cache size = %d
05-17 05:44:41.849   864 29574 E HYPER-HAL: [HandlerSysfs.cpp]doResourceHandling(): Couldn't Open Sysfs - /sys/power/cstate_control
05-17 05:44:41.854   864 29574 I HYPER-HAL: [RequestManager.cpp]releaseLocked(): Released ID : 738735
05-17 05:44:41.973  5662  5662 I TrayVisibilityController: getComputedTrayVisible : keyguardState = 3
05-17 05:44:41.973  5662  5662 I TrayVisibilityController: updateTrayVisible: State=3 visible=2 mCurrentVisible=2 specificMode=0
05-17 05:44:41.974  5662  5662 I TrayStateController: setUiState 2 :  already 2
05-17 05:44:42.342   864 29573 I HYPER-HAL: [RequestManager.cpp]releaseLocked(): Released ID : 4255915
05-17 05:44:42.901   602   602 D io_stats: !@   8,0 r 983667 32572516 w 537319 54711508 d 0 0 f 0 0 iot 472512 0 th 0 0 0 pt 0 inp 0 0 185130.474
05-17 05:44:42.976  5662  5662 I TrayVisibilityController: getComputedTrayVisible : keyguardState = 3
05-17 05:44:42.976  5662  5662 I TrayVisibilityController: updateTrayVisible: State=3 visible=2 mCurrentVisible=2 specificMode=0
05-17 05:44:42.977  5662  5662 I TrayStateController: setUiState 2 :  already 2
05-17 05:44:43.347 29576 29580 I dev.meshx.mob: Compiler allocated 6148KB to compile void android.view.ViewRootImpl.performTraversals()
05-17 05:44:44.231 29576 29614 I MobBeam : mob_start_beam: focus timeout (3000 ms) — starting BEAM anyway
05-17 05:44:44.231 29576 29614 I MobBeam : mob_start_beam: starting BEAM with module=meshx_mobile_app, argc=37
05-17 05:44:44.232 29576 29614 I MobBeam : mob_start_beam: symlink erl_child_setup -> /data/app/~~7_JfJd_UlVswUeLwoiaLgQ==/dev.meshx.mob-ivO6cS7eflFfQcbbJp1V4A==/lib/arm64/liberl_child_setup.so
05-17 05:44:44.233 29576 29614 I MobBeam : mob_start_beam: symlink inet_gethost -> /data/app/~~7_JfJd_UlVswUeLwoiaLgQ==/dev.meshx.mob-ivO6cS7eflFfQcbbJp1V4A==/lib/arm64/libinet_gethost.so
05-17 05:44:44.233 29576 29614 I MobBeam : mob_start_beam: symlink epmd -> /data/app/~~7_JfJd_UlVswUeLwoiaLgQ==/dev.meshx.mob-ivO6cS7eflFfQcbbJp1V4A==/lib/arm64/libepmd.so
05-17 05:44:44.233 29576 29614 E MobBeam : mob_start_beam: exqlite NIF missing from both nativeLibDir and priv/
05-17 05:44:44.233 29576 29614 E MobBeam : mob_start_beam: sqlite3_nif.so (fallback) missing — NIF load will fail
05-17 05:44:44.253  1200  1263 D MARsPolicyManager: triggerAction called!
05-17 05:44:44.253  1200  1263 I NSLocationMonitor: getGPSUsingApps() called
05-17 05:44:44.261  2496  2509 I NSLocationManager_FLP: getGPSUsingApps, NO_FREEZE={5013} / FREEZE={10207}
05-17 05:44:44.902   602   602 D io_stats: !@   8,0 r 983668 32572516 w 537323 54711524 d 0 0 f 0 0 iot 472520 0 th 0 0 0 pt 0 inp 0 0 185132.475
05-17 05:44:45.681 29576 29623 I MobNIF  : nif_load: entered, Bridge.cls=0x2ca6
05-17 05:44:45.682 29576 29623 I MobNIF  : nif_load: uiTree not found (optional)
05-17 05:44:45.682 29576 29623 I MobNIF  : nif_load: uiViewTree not found (optional)
05-17 05:44:45.682 29576 29623 I MobNIF  : nif_load: screenInfo not found (optional)
05-17 05:44:45.682 29576 29623 I MobNIF  : nif_load: tapXy not found (optional)
05-17 05:44:45.682 29576 29623 I MobNIF  : nif_load: tapByLabel not found (optional)
05-17 05:44:45.682 29576 29623 I MobNIF  : nif_load: typeText not found (optional)
05-17 05:44:45.682 29576 29623 I MobNIF  : nif_load: deleteBackward not found (optional)
05-17 05:44:45.682 29576 29623 I MobNIF  : nif_load: clearText not found (optional)
05-17 05:44:45.682 29576 29623 I MobNIF  : nif_load: longPressXy not found (optional)
05-17 05:44:45.683 29576 29623 I MobNIF  : nif_load: swipeXy not found (optional)
05-17 05:44:45.683 29576 29623 I MobNIF  : Mob NIF loaded (Compose backend)
05-17 05:44:45.687 29576 29623 I Elixir  : step 1 starting
05-17 05:44:45.748 29576 29623 I Elixir  : step 1 => ok
05-17 05:44:45.748 29576 29623 I Elixir  : step 2 starting
05-17 05:44:45.848 29576 29623 I Elixir  : step 2 => ok
05-17 05:44:45.848 29576 29623 I Elixir  : step 3 starting
05-17 05:44:46.007 29576 29623 I Elixir  : step 3 => ok
05-17 05:44:46.007 29576 29623 I Elixir  : step 4 starting
05-17 05:44:46.007 29576 29623 I Elixir  : step 4 => android
05-17 05:44:46.007 29576 29623 I Elixir  : step 5 starting
05-17 05:44:46.391  2496  2542 I RequestManager_FLP: onOpChanged, op=0 / packageName=dev.meshx.mob
05-17 05:44:46.602 29576 29623 I Elixir  : meshx_mobile_app: meshx_runtime started (11 apps)
05-17 05:44:46.624 29576 29613 I BEAMout : 05:44:46.602 [info] meshx_mobile_app: meshx_runtime started (11 apps)
05-17 05:44:46.633 29576 29623 I Elixir  : meshx_mobile_app: BLE.Observability started
05-17 05:44:46.634 29576 29613 I BEAMout : 05:44:46.633 [info] meshx_mobile_app: BLE.Observability started
05-17 05:44:46.645 29576 29623 I Elixir  : meshx_mobile_app: distribution up as meshx_mobile_app_android_dev@127.0.0.1
05-17 05:44:46.657 29576 29613 I BEAMout : 05:44:46.645 [info] meshx_mobile_app: distribution up as meshx_mobile_app_android_dev@127.0.0.1
05-17 05:44:46.657 29576 29623 I Elixir  : meshx_mobile_app: BLE self-test started
05-17 05:44:46.658 29576 29623 I Elixir  : BleSelfTest: starting scan + advertising as meshx-dev
05-17 05:44:46.672  1200  1403 D BluetoothManagerService: mDisableBleCallbacks count 11
05-17 05:44:46.673 29576 29623 I BluetoothAdapter: BluetoothAdapter() : dev.meshx.mob
05-17 05:44:46.677 29576 29623 I BluetoothAdapter: STATE_ON
05-17 05:44:46.678 29576 29623 I BluetoothAdapter: STATE_ON
05-17 05:44:46.680 29576 29623 I BluetoothAdapter: STATE_ON
05-17 05:44:46.682 29576 29623 I BluetoothAdapter: STATE_ON
05-17 05:44:46.683 29576 29623 D BluetoothLeScanner: Start Scan with callback
05-17 05:44:46.687  1928  1941 D BtGatt.ContextMap: add() - appUid: 10313, appPid: 29576, appName: dev.meshx.mob
05-17 05:44:46.688  1928  1941 I bt_stack: [INFO:le_scanning_manager.cc(167)] RegisterScanner in shim layer
05-17 05:44:46.688  1928  2050 D BtGatt.GattService: onScannerRegistered() - UUID=bd77bdcc-1846-443c-87c5-a1e435827b24, scannerId=1, status=0
05-17 05:44:46.689 29576 29586 D BluetoothLeScanner: onScannerRegistered() - status=0 scannerId=1 mScannerId=0
05-17 05:44:46.691  1928  1941 I BluetoothAdapter: STATE_ON
05-17 05:44:46.698  1928  1941 D ActivityAttributionService: notifyActivityAttributionInfo UID=1002 packageName=com.android.bluetooth deviceAddress=no_active_device_address
05-17 05:44:46.698  1928  2248 I BluetoothAdapter: STATE_ON
05-17 05:44:46.698  1928  2248 W BtGatt.ScanManager: Cannot start unfiltered scan in screen-off. This scan will be resumed later: 1
05-17 05:44:46.702 29576 29623 I BluetoothAdapter: STATE_ON
05-17 05:44:46.703 29576 29623 I BluetoothAdapter: BLE support array set: [true, true, true, true, true, true]
05-17 05:44:46.723 29576 29623 I BluetoothAdapter: BluetoothAdapter() : dev.meshx.mob
05-17 05:44:46.732 29576 29623 I BluetoothAdapter: STATE_ON
05-17 05:44:46.733 29576 29623 I BluetoothAdapter: STATE_ON
05-17 05:44:46.734 29576 29623 I BluetoothAdapter: STATE_ON
05-17 05:44:46.740  1928  1941 I bt_stack: [INFO:le_advertising_manager.cc(137)] StartAdvertisingSet in shim layer
05-17 05:44:46.741  1928  1941 W bt_stack: le_advertising_manager :: allocate_advertiser - id : 1
05-17 05:44:46.741  1928  1941 I bt_stack: [INFO:le_advertising_manager.cc(157)] create advertising set, reg_id:-5117, id:1
05-17 05:44:46.750  1928  2282 W bt_stack: le_advertising_manager :: create_extended_advertiser - id : 1
05-17 05:44:46.750  1928  2282 W bt_stack: le_advertising_manager :: enable_advertiser - id : 1
05-17 05:44:46.752  1928  2282 W bt_stack: register_client :: client registered!!!
05-17 05:44:46.753  1928  2050 D AdapterProperties: Name is: meshx-dev
05-17 05:44:46.755  1200  1248 W ProcessStats: Tracking association SourceState{843239c dev.meshx.mob/10313 Top #81442} whose proc state 1 is better than process ProcessState{31680a0 com.google.android.gms.persistent/10211 pkg=com.google.android.gms} proc state 2 (3 skipped)
05-17 05:44:46.756 29576 29613 I BEAMout : 05:44:46.657 [info] meshx_mobile_app: BLE self-test started
05-17 05:44:46.757 29576 29613 I BEAMout : 05:44:46.658 [info] BleSelfTest: starting scan + advertising as meshx-dev
05-17 05:44:46.757  1200  1200 D SettingsProvider: isChangeAllowed() : name = bluetooth_name
05-17 05:44:46.776  1928  2260 E BtGatt.GattService: [GSIM LOG]: gsimLogHandler, msg: MESSAGE_ADV_SET_START, appName: dev.meshx.mob, id: 1, isLegacy: true
05-17 05:44:46.776 29576 29576 D BluetoothLeAdvertiser: onAdvertisingSetStarted(1, -7, 0)
05-17 05:44:46.806 29576 29630 D ProfileInstaller: Installing profile for dev.meshx.mob
05-17 05:44:46.850   864 29575 I HYPER-HAL: [RequestManager.cpp]releaseLocked(): Released ID : 4261754
05-17 05:44:46.894 29576 29623 I Elixir  : BleSelfTest: start_scan=:ok start_advertising=:ok
05-17 05:44:46.896 29576 29613 I BEAMout : 05:44:46.894 [info] BleSelfTest: start_scan=:ok start_advertising=:ok
05-17 05:44:46.903   602   602 D io_stats: !@   8,0 r 983668 32572516 w 537419 54712556 d 0 0 f 0 0 iot 472540 0 th 0 0 0 pt 0 inp 0 0 185134.476
05-17 05:44:47.430  1707  1707 I wpa_supplicant: Heartbeat 18494
05-17 05:44:47.713 29576 29623 I Elixir  : step 5 => {ok,<0.135.0>}
05-17 05:44:47.786 29576 29576 D CompatibilityChangeReporter: Compat change id reported: 171228096; UID 10313; state: ENABLED
05-17 05:44:48.782 29576 29576 I Choreographer: Skipped 34 frames!  The application may be doing too much work on its main thread.
05-17 05:44:48.967  1200  2959 D SGM:GameManager: identifyForegroundApp. dev.meshx.mob, mCurrentUserId: 0, callerUserId: 0
05-17 05:44:48.968  1200  2959 D SGM:PkgDataHelper: getGamePkgData(). dev.meshx.mob
05-17 05:44:48.968 26586 26654 I PolicyManager: [#CMH#] Is foreground game app: false
05-17 05:44:49.642 29576 29623 I Elixir  : Mob.Dist: waiting for EPMD (adb reverse tcp:4369 tcp:4369)...
05-17 05:44:50.664   869   869 E sehhealth-service: Could not open /sys/class/power_supply/battery/lrp
05-17 05:44:50.905   602   602 D io_stats: !@   8,0 r 983669 32572516 w 537468 54712952 d 0 0 f 0 0 iot 472560 0 th 0 0 0 pt 0 inp 0 0 185138.478
05-17 05:44:51.896 29576 29623 I Elixir  : BleSelfTest: HEARTBEAT events=0 devices=0 meshx_peers=0 sent=0 distinct_msgs=0 beacon_callbacks=0 envelopes=0
05-17 05:44:51.896 29576 29613 I BEAMout : 05:44:51.896 [info] BleSelfTest: HEARTBEAT events=0 devices=0 meshx_peers=0 sent=0 distinct_msgs=0 beacon_callbacks=0 envelopes=0
05-17 05:44:51.976  1200  1243 E Watchdog: !@Sync: 6168 heap: 66 / 89 FD: 905 [2026-05-17 05:44:51.975]
05-17 05:44:53.900 29576 29623 I BluetoothAdapter: STATE_ON
05-17 05:44:53.901 29576 29623 I BluetoothAdapter: STATE_ON
05-17 05:44:53.907 29576 29623 I BluetoothAdapter: STATE_ON
05-17 05:44:53.909 29576 29623 I BluetoothAdapter: STATE_ON
05-17 05:44:53.910 29576 29623 I MeshxBleDispatch: {"v":1,"event":"ble_capabilities","supports_extended_advertising":true,"max_advertising_data_length":1024,"is_multiple_advertisement_supported":true,"legacy_manufacturer_payload_budget":24}
05-17 05:44:53.910 29576 29623 I BluetoothAdapter: STATE_ON
05-17 05:44:53.911 29576 29623 I BluetoothAdapter: STATE_ON
05-17 05:44:53.916 29576 29623 I BluetoothAdapter: STATE_ON
05-17 05:44:53.916 29576 29623 I BluetoothAdapter: STATE_ON
05-17 05:44:53.916 29576 29623 I BluetoothAdapter: STATE_ON
05-17 05:44:53.916 29576 29623 I BluetoothAdapter: STATE_ON
05-17 05:44:53.921  1928  1941 I bt_stack: [INFO:le_advertising_manager.cc(137)] StartAdvertisingSet in shim layer
05-17 05:44:53.921  1928  1941 W bt_stack: le_advertising_manager :: allocate_advertiser - id : 2
05-17 05:44:53.922  1928  1941 I bt_stack: [INFO:le_advertising_manager.cc(157)] create advertising set, reg_id:-5118, id:2
05-17 05:44:53.922  1928  2282 W bt_stack: le_advertising_manager :: create_extended_advertiser - id : 2
05-17 05:44:53.922  1928  2282 W bt_stack: le_advertising_manager :: enable_advertiser - id : 2
05-17 05:44:53.926 29576 29623 I MeshxBleDispatch: {"v":1,"event":"attempt_outcome","attempt_id":"selftest-1779021893898","message_id":"YXueTdC0\/NhVSTmnilLaDQ==","target_peer_id":"broadcast","target_device_ids":["broadcast"],"kind":"dispatched","reason":"legacy_beacon_fallback","adapter":"ble_android","outcome_at_ms":185565960}
05-17 05:44:53.931 29576 29623 I MeshxBleNative: sendToPeer(broadcast, 31B) -> DISPATCHED reason=legacy_beacon_fallback
05-17 05:44:53.944 29576 29623 I Elixir  : BleSelfTest: MESH MESSAGE SENT payload="hello-from-meshx-dev-1779021893" result=:ok
05-17 05:44:53.945 29576 29613 I BEAMout : 05:44:53.944 [info] BleSelfTest: MESH MESSAGE SENT payload="hello-from-meshx-dev-1779021893" result=:ok
05-17 05:44:53.946  1928  2260 E BtGatt.GattService: [GSIM LOG]: gsimLogHandler, msg: MESSAGE_ADV_SET_START, appName: dev.meshx.mob, id: 2, isLegacy: true
05-17 05:44:53.967 29576 29576 D BluetoothLeAdvertiser: onAdvertisingSetStarted(2, -7, 0)
05-17 05:44:53.973 29576 29576 I MeshxBleDispatch: {"v":1,"event":"legacy_beacon_advertising_started","attempt_id":"selftest-1779021893898","beacon_size":22,"beacon":"TUIBAQEA6XbCDpZQQQoS94VXUXoT+Q==","message_id_hash":"6XbCDpZQQQo=","sender_peer_id_hash":"EveFV1F6E\/k=","payload_kind":"TX","envelope_version":1,"window_ms":5000,"data_carrier":"legacy_advertisement"}
05-17 05:44:54.009 29576 29623 W Elixir  : BleSelfTest: bridge error unknown: {"v":1,"event":"attempt_outcome","attempt_id":"selftest-1779021893898","message_id":"YXueTdC0\/NhVSTmnilLaDQ==","target_peer_id":"broadcast","target_device_ids":["broadcast"],"kind":"dispatched","reason":"legacy_beacon_fallback","adapter":"ble_android","outcome_at_ms":185565960}
05-17 05:44:54.010 29576 29613 I BEAMout : 05:44:54.009 [warning] BleSelfTest: bridge error unknown: {"v":1,"event":"attempt_outcome","attempt_id":"selftest-1779021893898","message_id":"YXueTdC0\/NhVSTmnilLaDQ==","target_peer_id":"broadcast","target_device_ids":["broadcast"],"kind":"dispatched","reason":"legacy_beacon_fallback","adapter":"ble_android","outcome_at_ms":185565960}
05-17 05:44:56.897 29576 29623 I Elixir  : BleSelfTest: HEARTBEAT events=1 devices=0 meshx_peers=0 sent=1 distinct_msgs=0 beacon_callbacks=0 envelopes=0
05-17 05:44:56.898 29576 29613 I BEAMout : 05:44:56.897 [info] BleSelfTest: HEARTBEAT events=1 devices=0 meshx_peers=0 sent=1 distinct_msgs=0 beacon_callbacks=0 envelopes=0
05-17 05:44:56.906   602   602 D io_stats: !@   8,0 r 983669 32572516 w 537469 54712956 d 0 0 f 0 0 iot 472564 0 th 0 0 0 pt 0 inp 0 0 185144.479
05-17 05:44:57.234 29576 29623 I Elixir  : Mob.Dist: no EPMD on port 4369 after 10s -- skipping dist (run mix mob.connect to enable)
05-17 05:44:57.438  1707  1707 I wpa_supplicant: Heartbeat 18495
05-17 05:44:57.472 29487 29612 I earchbox:search: oneway function results for code 2 on binder at 0x704fff1d00 will be dropped but finished with status UNKNOWN_TRANSACTION
05-17 05:44:57.481 29487 29524 I earchbox:search: oneway function results for code 2 on binder at 0x704fff18a0 will be dropped but finished with status UNKNOWN_TRANSACTION
05-17 05:44:58.907   602   602 D io_stats: !@   8,0 r 983671 32572580 w 537469 54712956 d 0 0 f 0 0 iot 472568 0 th 0 0 0 pt 0 inp 0 0 185146.480
05-17 05:44:58.985 29576 29576 I BluetoothAdapter: STATE_ON
05-17 05:44:58.985 29576 29576 I BluetoothAdapter: STATE_ON
05-17 05:44:58.985 29576 29576 I BluetoothAdapter: STATE_ON
05-17 05:44:58.987 29576 29576 D BluetoothLeAdvertiser: Stop AdvertingSet
05-17 05:44:58.989  1928  1941 I bt_stack: [INFO:le_advertising_manager.cc(70)] Unregister in shim layer
05-17 05:44:58.990  1928  2282 W bt_stack: le_advertising_manager :: remove_advertiser - id : 2
05-17 05:44:58.990  1928  2260 E BtGatt.GattService: [GSIM LOG]: gsimLogHandler, msg: MESSAGE_ADV_SET_STOP, appName: dev.meshx.mob, id: 2, isLegacy: true
05-17 05:44:58.994 29576 29576 D BluetoothLeAdvertiser: onAdvertisingSetStopped(2)
05-17 05:44:59.287  1200  1263 D MARsPolicyManager: triggerAction called!
05-17 05:44:59.287  1200  1263 I NSLocationMonitor: getGPSUsingApps() called
05-17 05:44:59.299  2496  2509 I NSLocationManager_FLP: getGPSUsingApps, NO_FREEZE={5013} / FREEZE={10207}
05-17 05:45:00.948 29576 29623 I BluetoothAdapter: STATE_ON
05-17 05:45:00.948 29576 29623 I BluetoothAdapter: STATE_ON
05-17 05:45:00.950 29576 29623 I BluetoothAdapter: STATE_ON
05-17 05:45:00.951 29576 29623 I BluetoothAdapter: STATE_ON
05-17 05:45:00.952 29576 29623 I MeshxBleDispatch: {"v":1,"event":"ble_capabilities","supports_extended_advertising":true,"max_advertising_data_length":1024,"is_multiple_advertisement_supported":true,"legacy_manufacturer_payload_budget":24}
05-17 05:45:00.952 29576 29623 I BluetoothAdapter: STATE_ON
05-17 05:45:00.954 29576 29623 I BluetoothAdapter: STATE_ON
05-17 05:45:00.956 29576 29623 I BluetoothAdapter: STATE_ON
05-17 05:45:00.956 29576 29623 I BluetoothAdapter: STATE_ON
05-17 05:45:00.957 29576 29623 I BluetoothAdapter: STATE_ON
05-17 05:45:00.957 29576 29623 I BluetoothAdapter: STATE_ON
05-17 05:45:00.961  1928  1941 I bt_stack: [INFO:le_advertising_manager.cc(137)] StartAdvertisingSet in shim layer
05-17 05:45:00.962  1928  1941 W bt_stack: le_advertising_manager :: allocate_advertiser - id : 2
05-17 05:45:00.962  1928  1941 I bt_stack: [INFO:le_advertising_manager.cc(157)] create advertising set, reg_id:-5119, id:2
05-17 05:45:00.962  1928  2282 W bt_stack: le_advertising_manager :: create_extended_advertiser - id : 2
05-17 05:45:00.962  1928  2282 W bt_stack: le_advertising_manager :: enable_advertiser - id : 2
05-17 05:45:00.964 29576 29623 I MeshxBleDispatch: {"v":1,"event":"attempt_outcome","attempt_id":"selftest-1779021900947","message_id":"A6Mll7daf02rJOyxT+4tcw==","target_peer_id":"broadcast","target_device_ids":["broadcast"],"kind":"dispatched","reason":"legacy_beacon_fallback","adapter":"ble_android","outcome_at_ms":185573008}
05-17 05:45:00.965 29576 29623 I MeshxBleNative: sendToPeer(broadcast, 31B) -> DISPATCHED reason=legacy_beacon_fallback
05-17 05:45:00.965 29576 29623 I Elixir  : BleSelfTest: MESH MESSAGE SENT payload="hello-from-meshx-dev-1779021900" result=:ok
05-17 05:45:00.966 29576 29623 W Elixir  : BleSelfTest: bridge error unknown: {"v":1,"event":"attempt_outcome","attempt_id":"selftest-1779021900947","message_id":"A6Mll7daf02rJOyxT+4tcw==","target_peer_id":"broadcast","target_device_ids":["broadcast"],"kind":"dispatched","reason":"legacy_beacon_fallback","adapter":"ble_android","outcome_at_ms":185573008}
05-17 05:45:00.968 29576 29613 I BEAMout : 05:45:00.965 [info] BleSelfTest: MESH MESSAGE SENT payload="hello-from-meshx-dev-1779021900" result=:ok
05-17 05:45:00.968 29576 29613 I BEAMout : 05:45:00.966 [warning] BleSelfTest: bridge error unknown: {"v":1,"event":"attempt_outcome","attempt_id":"selftest-1779021900947","message_id":"A6Mll7daf02rJOyxT+4tcw==","target_peer_id":"broadcast","target_device_ids":["broadcast"],"kind":"dispatched","reason":"legacy_beacon_fallback","adapter":"ble_android","outcome_at_ms":185573008}
05-17 05:45:00.979  1928  2260 E BtGatt.GattService: [GSIM LOG]: gsimLogHandler, msg: MESSAGE_ADV_SET_START, appName: dev.meshx.mob, id: 2, isLegacy: true
05-17 05:45:01.012 29576 29576 D BluetoothLeAdvertiser: onAdvertisingSetStarted(2, -7, 0)
05-17 05:45:01.016 29576 29576 I MeshxBleDispatch: {"v":1,"event":"legacy_beacon_advertising_started","attempt_id":"selftest-1779021900947","beacon_size":22,"beacon":"TUIBAQEAO\/OebJeOCWgS94VXUXoT+Q==","message_id_hash":"O\/OebJeOCWg=","sender_peer_id_hash":"EveFV1F6E\/k=","payload_kind":"TX","envelope_version":1,"window_ms":5000,"data_carrier":"legacy_advertisement"}
05-17 05:45:01.899 29576 29623 I Elixir  : BleSelfTest: HEARTBEAT events=2 devices=0 meshx_peers=0 sent=2 distinct_msgs=0 beacon_callbacks=0 envelopes=0
05-17 05:45:01.900 29576 29613 I BEAMout : 05:45:01.899 [info] BleSelfTest: HEARTBEAT events=2 devices=0 meshx_peers=0 sent=2 distinct_msgs=0 beacon_callbacks=0 envelopes=0
05-17 05:45:06.017 29576 29576 I BluetoothAdapter: STATE_ON
05-17 05:45:06.017 29576 29576 I BluetoothAdapter: STATE_ON
05-17 05:45:06.017 29576 29576 I BluetoothAdapter: STATE_ON
05-17 05:45:06.018 29576 29576 D BluetoothLeAdvertiser: Stop AdvertingSet
05-17 05:45:06.021  1928  1941 I bt_stack: [INFO:le_advertising_manager.cc(70)] Unregister in shim layer
05-17 05:45:06.022  1928  2282 W bt_stack: le_advertising_manager :: remove_advertiser - id : 2
05-17 05:45:06.022  1928  2260 E BtGatt.GattService: [GSIM LOG]: gsimLogHandler, msg: MESSAGE_ADV_SET_STOP, appName: dev.meshx.mob, id: 2, isLegacy: true
05-17 05:45:06.057 29576 29576 D BluetoothLeAdvertiser: onAdvertisingSetStopped(2)
05-17 05:45:06.901 29576 29623 I Elixir  : BleSelfTest: HEARTBEAT events=2 devices=0 meshx_peers=0 sent=2 distinct_msgs=0 beacon_callbacks=0 envelopes=0
05-17 05:45:06.902 29576 29613 I BEAMout : 05:45:06.900 [info] BleSelfTest: HEARTBEAT events=2 devices=0 meshx_peers=0 sent=2 distinct_msgs=0 beacon_callbacks=0 envelopes=0
05-17 05:45:07.172  2905  3764 I SDHMS:D : SIOP:: AP:209 BAT:215 USB:218 CHG:226 PA:212 WIFI:212 BLK:213 SKIN:286 SKINF:286 SKINB:242 LRP:286 LRF:286 LRB:242 
05-17 05:45:07.447  1707  1707 I wpa_supplicant: Heartbeat 18496
05-17 05:45:07.969 29576 29623 I BluetoothAdapter: STATE_ON
05-17 05:45:07.969 29576 29623 I BluetoothAdapter: STATE_ON
05-17 05:45:07.971 29576 29623 I BluetoothAdapter: STATE_ON
05-17 05:45:07.973 29576 29623 I BluetoothAdapter: STATE_ON
05-17 05:45:07.974 29576 29623 I MeshxBleDispatch: {"v":1,"event":"ble_capabilities","supports_extended_advertising":true,"max_advertising_data_length":1024,"is_multiple_advertisement_supported":true,"legacy_manufacturer_payload_budget":24}
05-17 05:45:07.974 29576 29623 I BluetoothAdapter: STATE_ON
05-17 05:45:07.976 29576 29623 I BluetoothAdapter: STATE_ON
05-17 05:45:07.980 29576 29623 I BluetoothAdapter: STATE_ON
05-17 05:45:07.980 29576 29623 I BluetoothAdapter: STATE_ON
05-17 05:45:07.980 29576 29623 I BluetoothAdapter: STATE_ON
05-17 05:45:07.980 29576 29623 I BluetoothAdapter: STATE_ON
05-17 05:45:07.986  1928  1941 I bt_stack: [INFO:le_advertising_manager.cc(137)] StartAdvertisingSet in shim layer
05-17 05:45:07.986  1928  1941 W bt_stack: le_advertising_manager :: allocate_advertiser - id : 2
05-17 05:45:07.986  1928  1941 I bt_stack: [INFO:le_advertising_manager.cc(157)] create advertising set, reg_id:-5120, id:2
05-17 05:45:07.986  1928  2282 W bt_stack: le_advertising_manager :: create_extended_advertiser - id : 2
05-17 05:45:07.987  1928  2282 W bt_stack: le_advertising_manager :: enable_advertiser - id : 2
05-17 05:45:07.989 29576 29623 I MeshxBleDispatch: {"v":1,"event":"attempt_outcome","attempt_id":"selftest-1779021907968","message_id":"HgCN9yGU79QXtMQMjk7bog==","target_peer_id":"broadcast","target_device_ids":["broadcast"],"kind":"dispatched","reason":"legacy_beacon_fallback","adapter":"ble_android","outcome_at_ms":185580029}
05-17 05:45:07.991 29576 29623 I MeshxBleNative: sendToPeer(broadcast, 31B) -> DISPATCHED reason=legacy_beacon_fallback
05-17 05:45:07.992 29576 29623 I Elixir  : BleSelfTest: MESH MESSAGE SENT payload="hello-from-meshx-dev-1779021907" result=:ok
05-17 05:45:07.993 29576 29623 W Elixir  : BleSelfTest: bridge error unknown: {"v":1,"event":"attempt_outcome","attempt_id":"selftest-1779021907968","message_id":"HgCN9yGU79QXtMQMjk7bog==","target_peer_id":"broadcast","target_device_ids":["broadcast"],"kind":"dispatched","reason":"legacy_beacon_fallback","adapter":"ble_android","outcome_at_ms":185580029}
05-17 05:45:07.995 29576 29613 I BEAMout : 05:45:07.992 [info] BleSelfTest: MESH MESSAGE SENT payload="hello-from-meshx-dev-1779021907" result=:ok
05-17 05:45:07.996 29576 29613 I BEAMout : 05:45:07.993 [warning] BleSelfTest: bridge error unknown: {"v":1,"event":"attempt_outcome","attempt_id":"selftest-1779021907968","message_id":"HgCN9yGU79QXtMQMjk7bog==","target_peer_id":"broadcast","target_device_ids":["broadcast"],"kind":"dispatched","reason":"legacy_beacon_fallback","adapter":"ble_android","outcome_at_ms":185580029}
05-17 05:45:08.012  1928  2260 E BtGatt.GattService: [GSIM LOG]: gsimLogHandler, msg: MESSAGE_ADV_SET_START, appName: dev.meshx.mob, id: 2, isLegacy: true
05-17 05:45:08.040 29576 29576 D BluetoothLeAdvertiser: onAdvertisingSetStarted(2, -7, 0)
05-17 05:45:08.045 29576 29576 I MeshxBleDispatch: {"v":1,"event":"legacy_beacon_advertising_started","attempt_id":"selftest-1779021907968","beacon_size":22,"beacon":"TUIBAQEARg0f6c1qMXoS94VXUXoT+Q==","message_id_hash":"Rg0f6c1qMXo=","sender_peer_id_hash":"EveFV1F6E\/k=","payload_kind":"TX","envelope_version":1,"window_ms":5000,"data_carrier":"legacy_advertisement"}
05-17 05:45:08.911   602   602 D io_stats: !@   8,0 r 983671 32572580 w 537470 54712960 d 0 0 f 0 0 iot 472568 0 th 0 0 0 pt 0 inp 0 0 185156.484
05-17 05:45:10.258  1200  1474 D UsbStatsMonitor: 0 0 0 0 0 0 0 0 0 0 0 0 0 0 0 0 0 0 0 0 0 0 0 0 0 0 0 0 0 0 0 0 0 0 0 0 0 0 0 0 0 0 0 0 0 0 0 0 0 0 53021371269139
05-17 05:45:11.902 29576 29623 I Elixir  : BleSelfTest: HEARTBEAT events=3 devices=0 meshx_peers=0 sent=3 distinct_msgs=0 beacon_callbacks=0 envelopes=0
05-17 05:45:11.903 29576 29613 I BEAMout : 05:45:11.902 [info] BleSelfTest: HEARTBEAT events=3 devices=0 meshx_peers=0 sent=3 distinct_msgs=0 beacon_callbacks=0 envelopes=0
05-17 05:45:13.046 29576 29576 I BluetoothAdapter: STATE_ON
05-17 05:45:13.046 29576 29576 I BluetoothAdapter: STATE_ON
05-17 05:45:13.046 29576 29576 I BluetoothAdapter: STATE_ON
05-17 05:45:13.047 29576 29576 D BluetoothLeAdvertiser: Stop AdvertingSet
05-17 05:45:13.050  1928  1941 I bt_stack: [INFO:le_advertising_manager.cc(70)] Unregister in shim layer
05-17 05:45:13.050  1928  2282 W bt_stack: le_advertising_manager :: remove_advertiser - id : 2
05-17 05:45:13.051  1928  2260 E BtGatt.GattService: [GSIM LOG]: gsimLogHandler, msg: MESSAGE_ADV_SET_STOP, appName: dev.meshx.mob, id: 2, isLegacy: true
05-17 05:45:13.084 29576 29576 D BluetoothLeAdvertiser: onAdvertisingSetStopped(2)
05-17 05:45:14.327  1200  1263 D MARsPolicyManager: triggerAction called!
05-17 05:45:14.328  1200  1263 I NSLocationMonitor: getGPSUsingApps() called
05-17 05:45:14.342  2496  2509 I NSLocationManager_FLP: getGPSUsingApps, NO_FREEZE={5013} / FREEZE={10207}
05-17 05:45:14.996 29576 29623 I BluetoothAdapter: STATE_ON
05-17 05:45:14.996 29576 29623 I BluetoothAdapter: STATE_ON
05-17 05:45:14.997 29576 29623 I BluetoothAdapter: STATE_ON
05-17 05:45:14.999 29576 29623 I BluetoothAdapter: STATE_ON
05-17 05:45:14.999 29576 29623 I MeshxBleDispatch: {"v":1,"event":"ble_capabilities","supports_extended_advertising":true,"max_advertising_data_length":1024,"is_multiple_advertisement_supported":true,"legacy_manufacturer_payload_budget":24}
05-17 05:45:14.999 29576 29623 I BluetoothAdapter: STATE_ON
05-17 05:45:15.001 29576 29623 I BluetoothAdapter: STATE_ON
05-17 05:45:15.004 29576 29623 I BluetoothAdapter: STATE_ON
05-17 05:45:15.005 29576 29623 I BluetoothAdapter: STATE_ON
05-17 05:45:15.005 29576 29623 I BluetoothAdapter: STATE_ON
05-17 05:45:15.005 29576 29623 I BluetoothAdapter: STATE_ON
05-17 05:45:15.010  1928  1941 I bt_stack: [INFO:le_advertising_manager.cc(137)] StartAdvertisingSet in shim layer
05-17 05:45:15.010  1928  1941 W bt_stack: le_advertising_manager :: allocate_advertiser - id : 2
05-17 05:45:15.010  1928  1941 I bt_stack: [INFO:le_advertising_manager.cc(157)] create advertising set, reg_id:-5121, id:2
05-17 05:45:15.011  1928  2282 W bt_stack: le_advertising_manager :: create_extended_advertiser - id : 2
05-17 05:45:15.011  1928  2282 W bt_stack: le_advertising_manager :: enable_advertiser - id : 2
05-17 05:45:15.012 29576 29623 I MeshxBleDispatch: {"v":1,"event":"attempt_outcome","attempt_id":"selftest-1779021914995","message_id":"Feo5yDhSJuszmovTHi0Nsw==","target_peer_id":"broadcast","target_device_ids":["broadcast"],"kind":"dispatched","reason":"legacy_beacon_fallback","adapter":"ble_android","outcome_at_ms":185587056}
05-17 05:45:15.013 29576 29623 I MeshxBleNative: sendToPeer(broadcast, 31B) -> DISPATCHED reason=legacy_beacon_fallback
05-17 05:45:15.014 29576 29623 I Elixir  : BleSelfTest: MESH MESSAGE SENT payload="hello-from-meshx-dev-1779021914" result=:ok
05-17 05:45:15.016 29576 29623 W Elixir  : BleSelfTest: bridge error unknown: {"v":1,"event":"attempt_outcome","attempt_id":"selftest-1779021914995","message_id":"Feo5yDhSJuszmovTHi0Nsw==","target_peer_id":"broadcast","target_device_ids":["broadcast"],"kind":"dispatched","reason":"legacy_beacon_fallback","adapter":"ble_android","outcome_at_ms":185587056}
05-17 05:45:15.018 29576 29613 I BEAMout : 05:45:15.014 [info] BleSelfTest: MESH MESSAGE SENT payload="hello-from-meshx-dev-1779021914" result=:ok
05-17 05:45:15.019 29576 29613 I BEAMout : 05:45:15.015 [warning] BleSelfTest: bridge error unknown: {"v":1,"event":"attempt_outcome","attempt_id":"selftest-1779021914995","message_id":"Feo5yDhSJuszmovTHi0Nsw==","target_peer_id":"broadcast","target_device_ids":["broadcast"],"kind":"dispatched","reason":"legacy_beacon_fallback","adapter":"ble_android","outcome_at_ms":185587056}
05-17 05:45:15.036  1928  2260 E BtGatt.GattService: [GSIM LOG]: gsimLogHandler, msg: MESSAGE_ADV_SET_START, appName: dev.meshx.mob, id: 2, isLegacy: true
05-17 05:45:15.036 29576 29576 D BluetoothLeAdvertiser: onAdvertisingSetStarted(2, -7, 0)
05-17 05:45:15.038 29576 29576 I MeshxBleDispatch: {"v":1,"event":"legacy_beacon_advertising_started","attempt_id":"selftest-1779021914995","beacon_size":22,"beacon":"TUIBAQEALUmnmk1lMu0S94VXUXoT+Q==","message_id_hash":"LUmnmk1lMu0=","sender_peer_id_hash":"EveFV1F6E\/k=","payload_kind":"TX","envelope_version":1,"window_ms":5000,"data_carrier":"legacy_advertisement"}
05-17 05:45:16.903 29576 29623 I Elixir  : BleSelfTest: HEARTBEAT events=4 devices=0 meshx_peers=0 sent=4 distinct_msgs=0 beacon_callbacks=0 envelopes=0
05-17 05:45:16.904 29576 29613 I BEAMout : 05:45:16.903 [info] BleSelfTest: HEARTBEAT events=4 devices=0 meshx_peers=0 sent=4 distinct_msgs=0 beacon_callbacks=0 envelopes=0
05-17 05:45:16.945 26869 26939 I ContactsProvider_EventLog: cp_s: [CONTACT con(408) dat(2678) acc({google(2)=408, com.google.android.apps.tachyon(6)=41}) calls([]) Iso(US) uId(0) ]
05-17 05:45:16.945 26869 26939 I ContactsProvider_EventLog: cp_s: [ agr({[2 ,6]=41, [2]=367}) ]
05-17 05:45:16.945 26869 26939 I ContactsProvider_EventLog: cp_s: [ cnt({acore(26869)=1}) ]
05-17 05:45:16.945 26869 26939 I ContactsProvider_EventLog: cp_s: [PROFILE ] [SAPROFILE ]
05-17 05:45:16.945 26869 26939 I ContactsProvider_EventLog: cp_s: [STATE R(F) ]
05-17 05:45:17.457  1707  1707 I wpa_supplicant: Heartbeat 18497
05-17 05:45:18.915   602   602 D io_stats: !@   8,0 r 983671 32572580 w 537473 54712972 d 0 0 f 0 0 iot 472572 0 th 0 0 0 pt 0 inp 0 0 185166.488
05-17 05:45:20.045 29576 29576 I BluetoothAdapter: STATE_ON
05-17 05:45:20.046 29576 29576 I BluetoothAdapter: STATE_ON
05-17 05:45:20.046 29576 29576 I BluetoothAdapter: STATE_ON
05-17 05:45:20.047 29576 29576 D BluetoothLeAdvertiser: Stop AdvertingSet
05-17 05:45:20.050  1928  1941 I bt_stack: [INFO:le_advertising_manager.cc(70)] Unregister in shim layer
05-17 05:45:20.050  1928  2282 W bt_stack: le_advertising_manager :: remove_advertiser - id : 2
05-17 05:45:20.050  1928  2260 E BtGatt.GattService: [GSIM LOG]: gsimLogHandler, msg: MESSAGE_ADV_SET_STOP, appName: dev.meshx.mob, id: 2, isLegacy: true
05-17 05:45:20.055 29576 29576 D BluetoothLeAdvertiser: onAdvertisingSetStopped(2)
05-17 05:45:20.827   869   869 E sehhealth-service: Could not open /sys/class/power_supply/battery/lrp
05-17 05:45:21.905 29576 29623 I Elixir  : BleSelfTest: HEARTBEAT events=4 devices=0 meshx_peers=0 sent=4 distinct_msgs=0 beacon_callbacks=0 envelopes=0
05-17 05:45:21.907 29576 29613 I BEAMout : 05:45:21.905 [info] BleSelfTest: HEARTBEAT events=4 devices=0 meshx_peers=0 sent=4 distinct_msgs=0 beacon_callbacks=0 envelopes=0
05-17 05:45:21.985  1200  1243 E Watchdog: !@Sync: 6169 heap: 67 / 89 FD: 905 [2026-05-17 05:45:21.984]
05-17 05:45:22.018 29576 29623 I BluetoothAdapter: STATE_ON
05-17 05:45:22.018 29576 29623 I BluetoothAdapter: STATE_ON
05-17 05:45:22.021 29576 29623 I BluetoothAdapter: STATE_ON
05-17 05:45:22.023 29576 29623 I BluetoothAdapter: STATE_ON
05-17 05:45:22.023 29576 29623 I MeshxBleDispatch: {"v":1,"event":"ble_capabilities","supports_extended_advertising":true,"max_advertising_data_length":1024,"is_multiple_advertisement_supported":true,"legacy_manufacturer_payload_budget":24}
05-17 05:45:22.023 29576 29623 I BluetoothAdapter: STATE_ON
05-17 05:45:22.027 29576 29623 I BluetoothAdapter: STATE_ON
05-17 05:45:22.029 29576 29623 I BluetoothAdapter: STATE_ON
05-17 05:45:22.030 29576 29623 I BluetoothAdapter: STATE_ON
05-17 05:45:22.030 29576 29623 I BluetoothAdapter: STATE_ON
05-17 05:45:22.030 29576 29623 I BluetoothAdapter: STATE_ON
05-17 05:45:22.037  1928  1941 I bt_stack: [INFO:le_advertising_manager.cc(137)] StartAdvertisingSet in shim layer
05-17 05:45:22.037  1928  1941 W bt_stack: le_advertising_manager :: allocate_advertiser - id : 2
05-17 05:45:22.037  1928  1941 I bt_stack: [INFO:le_advertising_manager.cc(157)] create advertising set, reg_id:-5122, id:2
05-17 05:45:22.037  1928  2282 W bt_stack: le_advertising_manager :: create_extended_advertiser - id : 2
05-17 05:45:22.038  1928  2282 W bt_stack: le_advertising_manager :: enable_advertiser - id : 2
05-17 05:45:22.040 29576 29623 I MeshxBleDispatch: {"v":1,"event":"attempt_outcome","attempt_id":"selftest-1779021922017","message_id":"3l9dUElXeKdj4dgsT06HkQ==","target_peer_id":"broadcast","target_device_ids":["broadcast"],"kind":"dispatched","reason":"legacy_beacon_fallback","adapter":"ble_android","outcome_at_ms":185594078}
05-17 05:45:22.041 29576 29623 I MeshxBleNative: sendToPeer(broadcast, 31B) -> DISPATCHED reason=legacy_beacon_fallback
05-17 05:45:22.042 29576 29623 I Elixir  : BleSelfTest: MESH MESSAGE SENT payload="hello-from-meshx-dev-1779021922" result=:ok
05-17 05:45:22.043 29576 29623 W Elixir  : BleSelfTest: bridge error unknown: {"v":1,"event":"attempt_outcome","attempt_id":"selftest-1779021922017","message_id":"3l9dUElXeKdj4dgsT06HkQ==","target_peer_id":"broadcast","target_device_ids":["broadcast"],"kind":"dispatched","reason":"legacy_beacon_fallback","adapter":"ble_android","outcome_at_ms":185594078}
05-17 05:45:22.044 29576 29613 I BEAMout : 05:45:22.042 [info] BleSelfTest: MESH MESSAGE SENT payload="hello-from-meshx-dev-1779021922" result=:ok
05-17 05:45:22.047 29576 29613 I BEAMout : 05:45:22.043 [warning] BleSelfTest: bridge error unknown: {"v":1,"event":"attempt_outcome","attempt_id":"selftest-1779021922017","message_id":"3l9dUElXeKdj4dgsT06HkQ==","target_peer_id":"broadcast","target_device_ids":["broadcast"],"kind":"dispatched","reason":"legacy_beacon_fallback","adapter":"ble_android","outcome_at_ms":185594078}
05-17 05:45:22.058  1928  2260 E BtGatt.GattService: [GSIM LOG]: gsimLogHandler, msg: MESSAGE_ADV_SET_START, appName: dev.meshx.mob, id: 2, isLegacy: true
05-17 05:45:22.089 29576 29576 D BluetoothLeAdvertiser: onAdvertisingSetStarted(2, -7, 0)
05-17 05:45:22.094 29576 29576 I MeshxBleDispatch: {"v":1,"event":"legacy_beacon_advertising_started","attempt_id":"selftest-1779021922017","beacon_size":22,"beacon":"TUIBAQEAcyjq0lULaHcS94VXUXoT+Q==","message_id_hash":"cyjq0lULaHc=","sender_peer_id_hash":"EveFV1F6E\/k=","payload_kind":"TX","envelope_version":1,"window_ms":5000,"data_carrier":"legacy_advertisement"}
05-17 05:45:22.663  1200  1457 W DeviceStorageMonitorService: updateBroadcasts(/data) oldLevel:0, newLevel:0, seq:1
05-17 05:45:22.665  1200  1457 D DeviceStorageMonitorService: Available File Node Number is [13185215]
05-17 05:45:22.665  1200  1457 W DeviceStorageMonitorService: updateBroadcasts_filenode(/data) fn_oldLevel:0, fn_newLevel:0, seq:1
05-17 05:45:26.907 29576 29623 I Elixir  : BleSelfTest: HEARTBEAT events=5 devices=0 meshx_peers=0 sent=5 distinct_msgs=0 beacon_callbacks=0 envelopes=0
05-17 05:45:26.908 29576 29613 I BEAMout : 05:45:26.907 [info] BleSelfTest: HEARTBEAT events=5 devices=0 meshx_peers=0 sent=5 distinct_msgs=0 beacon_callbacks=0 envelopes=0
05-17 05:45:27.101 29576 29576 I BluetoothAdapter: STATE_ON
05-17 05:45:27.102 29576 29576 I BluetoothAdapter: STATE_ON
05-17 05:45:27.102 29576 29576 I BluetoothAdapter: STATE_ON
05-17 05:45:27.104 29576 29576 D BluetoothLeAdvertiser: Stop AdvertingSet
05-17 05:45:27.107  1928  1941 I bt_stack: [INFO:le_advertising_manager.cc(70)] Unregister in shim layer
05-17 05:45:27.107  1928  2282 W bt_stack: le_advertising_manager :: remove_advertiser - id : 2
05-17 05:45:27.108  1928  2260 E BtGatt.GattService: [GSIM LOG]: gsimLogHandler, msg: MESSAGE_ADV_SET_STOP, appName: dev.meshx.mob, id: 2, isLegacy: true
05-17 05:45:27.113 29576 29576 D BluetoothLeAdvertiser: onAdvertisingSetStopped(2)
05-17 05:45:27.468  1707  1707 I wpa_supplicant: Heartbeat 18498
05-17 05:45:27.664   914   914 I SurfaceFlinger: SFWD update time=185175237497282
05-17 05:45:28.919   602   602 D io_stats: !@   8,0 r 983671 32572580 w 537476 54712984 d 0 0 f 0 0 iot 472572 0 th 0 0 0 pt 0 inp 0 0 185176.492
05-17 05:45:29.045 29576 29623 I BluetoothAdapter: STATE_ON
05-17 05:45:29.046 29576 29623 I BluetoothAdapter: STATE_ON
05-17 05:45:29.048 29576 29623 I BluetoothAdapter: STATE_ON
05-17 05:45:29.050 29576 29623 I BluetoothAdapter: STATE_ON
05-17 05:45:29.051 29576 29623 I MeshxBleDispatch: {"v":1,"event":"ble_capabilities","supports_extended_advertising":true,"max_advertising_data_length":1024,"is_multiple_advertisement_supported":true,"legacy_manufacturer_payload_budget":24}
05-17 05:45:29.052 29576 29623 I BluetoothAdapter: STATE_ON
05-17 05:45:29.054 29576 29623 I BluetoothAdapter: STATE_ON
05-17 05:45:29.057 29576 29623 I BluetoothAdapter: STATE_ON
05-17 05:45:29.058 29576 29623 I BluetoothAdapter: STATE_ON
05-17 05:45:29.058 29576 29623 I BluetoothAdapter: STATE_ON
05-17 05:45:29.058 29576 29623 I BluetoothAdapter: STATE_ON
05-17 05:45:29.065  1928  1941 I bt_stack: [INFO:le_advertising_manager.cc(137)] StartAdvertisingSet in shim layer
05-17 05:45:29.065  1928  1941 W bt_stack: le_advertising_manager :: allocate_advertiser - id : 2
05-17 05:45:29.066  1928  1941 I bt_stack: [INFO:le_advertising_manager.cc(157)] create advertising set, reg_id:-5123, id:2
05-17 05:45:29.067  1928  2282 W bt_stack: le_advertising_manager :: create_extended_advertiser - id : 2
05-17 05:45:29.067  1928  2282 W bt_stack: le_advertising_manager :: enable_advertiser - id : 2
05-17 05:45:29.069 29576 29623 I MeshxBleDispatch: {"v":1,"event":"attempt_outcome","attempt_id":"selftest-1779021929045","message_id":"\/9o8oiLV05QDaeKZozC4\/w==","target_peer_id":"broadcast","target_device_ids":["broadcast"],"kind":"dispatched","reason":"legacy_beacon_fallback","adapter":"ble_android","outcome_at_ms":185601106}
05-17 05:45:29.071 29576 29623 I MeshxBleNative: sendToPeer(broadcast, 31B) -> DISPATCHED reason=legacy_beacon_fallback
05-17 05:45:29.072 29576 29623 I Elixir  : BleSelfTest: MESH MESSAGE SENT payload="hello-from-meshx-dev-1779021929" result=:ok
05-17 05:45:29.073 29576 29623 W Elixir  : BleSelfTest: bridge error unknown: {"v":1,"event":"attempt_outcome","attempt_id":"selftest-1779021929045","message_id":"\/9o8oiLV05QDaeKZozC4\/w==","target_peer_id":"broadcast","target_device_ids":["broadcast"],"kind":"dispatched","reason":"legacy_beacon_fallback","adapter":"ble_android","outcome_at_ms":185601106}
05-17 05:45:29.074 29576 29613 I BEAMout : 05:45:29.071 [info] BleSelfTest: MESH MESSAGE SENT payload="hello-from-meshx-dev-1779021929" result=:ok
05-17 05:45:29.075 29576 29613 I BEAMout : 05:45:29.072 [warning] BleSelfTest: bridge error unknown: {"v":1,"event":"attempt_outcome","attempt_id":"selftest-1779021929045","message_id":"\/9o8oiLV05QDaeKZozC4\/w==","target_peer_id":"broadcast","target_device_ids":["broadcast"],"kind":"dispatched","reason":"legacy_beacon_fallback","adapter":"ble_android","outcome_at_ms":185601106}
05-17 05:45:29.092  1928  2260 E BtGatt.GattService: [GSIM LOG]: gsimLogHandler, msg: MESSAGE_ADV_SET_START, appName: dev.meshx.mob, id: 2, isLegacy: true
05-17 05:45:29.092 29576 29576 D BluetoothLeAdvertiser: onAdvertisingSetStarted(2, -7, 0)
05-17 05:45:29.095 29576 29576 I MeshxBleDispatch: {"v":1,"event":"legacy_beacon_advertising_started","attempt_id":"selftest-1779021929045","beacon_size":22,"beacon":"TUIBAQEA73kpwz2KzU8S94VXUXoT+Q==","message_id_hash":"73kpwz2KzU8=","sender_peer_id_hash":"EveFV1F6E\/k=","payload_kind":"TX","envelope_version":1,"window_ms":5000,"data_carrier":"legacy_advertisement"}
05-17 05:45:29.367  1200  1263 D MARsPolicyManager: triggerAction called!
05-17 05:45:29.367  1200  1263 I NSLocationMonitor: getGPSUsingApps() called
05-17 05:45:29.379  2496  2509 I NSLocationManager_FLP: getGPSUsingApps, NO_FREEZE={5013} / FREEZE={10207}
05-17 05:45:31.909 29576 29623 I Elixir  : BleSelfTest: HEARTBEAT events=6 devices=0 meshx_peers=0 sent=6 distinct_msgs=0 beacon_callbacks=0 envelopes=0
05-17 05:45:31.910 29576 29613 I BEAMout : 05:45:31.909 [info] BleSelfTest: HEARTBEAT events=6 devices=0 meshx_peers=0 sent=6 distinct_msgs=0 beacon_callbacks=0 envelopes=0
05-17 05:45:32.921   602   602 D io_stats: !@   8,0 r 983671 32572580 w 537478 54712996 d 0 0 f 0 0 iot 472576 0 th 0 0 0 pt 0 inp 0 0 185180.494
05-17 05:45:34.096 29576 29576 I BluetoothAdapter: STATE_ON
05-17 05:45:34.096 29576 29576 I BluetoothAdapter: STATE_ON
05-17 05:45:34.096 29576 29576 I BluetoothAdapter: STATE_ON
05-17 05:45:34.098 29576 29576 D BluetoothLeAdvertiser: Stop AdvertingSet
05-17 05:45:34.100  1928  1941 I bt_stack: [INFO:le_advertising_manager.cc(70)] Unregister in shim layer
05-17 05:45:34.101  1928  2282 W bt_stack: le_advertising_manager :: remove_advertiser - id : 2
05-17 05:45:34.101  1928  2260 E BtGatt.GattService: [GSIM LOG]: gsimLogHandler, msg: MESSAGE_ADV_SET_STOP, appName: dev.meshx.mob, id: 2, isLegacy: true
05-17 05:45:34.103 29576 29576 D BluetoothLeAdvertiser: onAdvertisingSetStopped(2)
05-17 05:45:36.075 29576 29623 I BluetoothAdapter: STATE_ON
05-17 05:45:36.076 29576 29623 I BluetoothAdapter: STATE_ON
05-17 05:45:36.078 29576 29623 I BluetoothAdapter: STATE_ON
05-17 05:45:36.080 29576 29623 I BluetoothAdapter: STATE_ON
05-17 05:45:36.080 29576 29623 I MeshxBleDispatch: {"v":1,"event":"ble_capabilities","supports_extended_advertising":true,"max_advertising_data_length":1024,"is_multiple_advertisement_supported":true,"legacy_manufacturer_payload_budget":24}
05-17 05:45:36.081 29576 29623 I BluetoothAdapter: STATE_ON
05-17 05:45:36.083 29576 29623 I BluetoothAdapter: STATE_ON
05-17 05:45:36.086 29576 29623 I BluetoothAdapter: STATE_ON
05-17 05:45:36.087 29576 29623 I BluetoothAdapter: STATE_ON
05-17 05:45:36.087 29576 29623 I BluetoothAdapter: STATE_ON
05-17 05:45:36.087 29576 29623 I BluetoothAdapter: STATE_ON
05-17 05:45:36.094  1928  1941 I bt_stack: [INFO:le_advertising_manager.cc(137)] StartAdvertisingSet in shim layer
05-17 05:45:36.094  1928  1941 W bt_stack: le_advertising_manager :: allocate_advertiser - id : 2
05-17 05:45:36.094  1928  1941 I bt_stack: [INFO:le_advertising_manager.cc(157)] create advertising set, reg_id:-5124, id:2
05-17 05:45:36.095  1928  2282 W bt_stack: le_advertising_manager :: create_extended_advertiser - id : 2
05-17 05:45:36.095  1928  2282 W bt_stack: le_advertising_manager :: enable_advertiser - id : 2
05-17 05:45:36.097 29576 29623 I MeshxBleDispatch: {"v":1,"event":"attempt_outcome","attempt_id":"selftest-1779021936074","message_id":"5FPR2zWRJ6KP6PIWf9awjg==","target_peer_id":"broadcast","target_device_ids":["broadcast"],"kind":"dispatched","reason":"legacy_beacon_fallback","adapter":"ble_android","outcome_at_ms":185608135}
05-17 05:45:36.098 29576 29623 I MeshxBleNative: sendToPeer(broadcast, 31B) -> DISPATCHED reason=legacy_beacon_fallback
05-17 05:45:36.098 29576 29623 I Elixir  : BleSelfTest: MESH MESSAGE SENT payload="hello-from-meshx-dev-1779021936" result=:ok
05-17 05:45:36.100 29576 29623 W Elixir  : BleSelfTest: bridge error unknown: {"v":1,"event":"attempt_outcome","attempt_id":"selftest-1779021936074","message_id":"5FPR2zWRJ6KP6PIWf9awjg==","target_peer_id":"broadcast","target_device_ids":["broadcast"],"kind":"dispatched","reason":"legacy_beacon_fallback","adapter":"ble_android","outcome_at_ms":185608135}
05-17 05:45:36.101 29576 29613 I BEAMout : 05:45:36.098 [info] BleSelfTest: MESH MESSAGE SENT payload="hello-from-meshx-dev-1779021936" result=:ok
05-17 05:45:36.102 29576 29613 I BEAMout : 05:45:36.099 [warning] BleSelfTest: bridge error unknown: {"v":1,"event":"attempt_outcome","attempt_id":"selftest-1779021936074","message_id":"5FPR2zWRJ6KP6PIWf9awjg==","target_peer_id":"broadcast","target_device_ids":["broadcast"],"kind":"dispatched","reason":"legacy_beacon_fallback","adapter":"ble_android","outcome_at_ms":185608135}
05-17 05:45:36.122  1928  2260 E BtGatt.GattService: [GSIM LOG]: gsimLogHandler, msg: MESSAGE_ADV_SET_START, appName: dev.meshx.mob, id: 2, isLegacy: true
05-17 05:45:36.142 29576 29576 D BluetoothLeAdvertiser: onAdvertisingSetStarted(2, -7, 0)
05-17 05:45:36.146 29576 29576 I MeshxBleDispatch: {"v":1,"event":"legacy_beacon_advertising_started","attempt_id":"selftest-1779021936074","beacon_size":22,"beacon":"TUIBAQEARwVkofHc5TQS94VXUXoT+Q==","message_id_hash":"RwVkofHc5TQ=","sender_peer_id_hash":"EveFV1F6E\/k=","payload_kind":"TX","envelope_version":1,"window_ms":5000,"data_carrier":"legacy_advertisement"}
05-17 05:45:36.911 29576 29623 I Elixir  : BleSelfTest: HEARTBEAT events=7 devices=0 meshx_peers=0 sent=7 distinct_msgs=0 beacon_callbacks=0 envelopes=0
05-17 05:45:36.913 29576 29613 I BEAMout : 05:45:36.911 [info] BleSelfTest: HEARTBEAT events=7 devices=0 meshx_peers=0 sent=7 distinct_msgs=0 beacon_callbacks=0 envelopes=0
05-17 05:45:37.174  2905  3764 I SDHMS:D : SIOP:: AP:208 BAT:215 USB:218 CHG:226 PA:212 WIFI:212 BLK:213 SKIN:286 SKINF:286 SKINB:241 LRP:286 LRF:286 LRB:241 
05-17 05:45:37.472  1707  1707 I wpa_supplicant: Heartbeat 18499
05-17 05:45:38.072  1200  2959 D ActivityManager: force stop from com.android.server.am.ActivityManagerService.forceStopPackage:4779 com.android.server.am.ActivityManagerShellCommand.runForceStop:1236 
05-17 05:45:38.072  1200  2959 I ActivityManager: Force stopping dev.meshx.mob appid=10313 user=0: from pid 29634
05-17 05:45:38.076  1200  2959 I ActivityManager: Killing 29576:dev.meshx.mob/u0a313 (adj 0): stop dev.meshx.mob due to from pid 29634
05-17 05:45:38.083  1200  2959 D ActivityManager: proc ProcessRecord{3297799 29576:dev.meshx.mob/u0a313} already removed. so we skip next process.
05-17 05:45:38.084  1200  2959 W ActivityTaskManager: Force removing ActivityRecord{a57bf12 u0 dev.meshx.mob/.MainActivity} t419 f}}: app died, no saved state
05-17 05:45:38.085  1200  2959 D InputTransport: Input channel destroyed: '96fb740', fd=781
05-17 05:45:38.085  1200  2959 W InputManager-JNI: Input channel object '96fb740 dev.meshx.mob/dev.meshx.mob.MainActivity (client)' was disposed without first being removed with the input manager!
05-17 05:45:38.085  1200  2959 D InputTransport: Input channel destroyed: '96fb740', fd=784
05-17 05:45:38.085  1200  2959 V WindowManager: Remove Window{96fb740 u0 dev.meshx.mob/dev.meshx.mob.MainActivity}: mSurfaceController=null mAnimatingExit=false mRemoveOnExit=false mHasSurface=false surfaceShowing=false animating=false app-animation=false mWillReplaceWindow=false mDisplayFrozen=false callers=com.android.server.wm.WindowState.removeIfPossible:3219 com.android.server.wm.WindowToken.removeAllWindowsIfPossible:236 com.android.server.wm.ActivityRecord.removeIfPossible:5057 com.android.server.wm.ActivityRecord.onRemovedFromDisplay:5172 com.android.server.wm.DisplayContent.removeAppToken:1695 com.android.server.wm.ActivityRecord.removeFromHistory:4776 
05-17 05:45:38.086  1200  2959 D RestrictionPolicy: isScreenCaptureEnabled : ret=true userId=0
05-17 05:45:38.086  1200  2959 V WindowManager: Nulling last startingData
05-17 05:45:38.086  1200  1247 W UsageStatsService: Unexpected activity event reported! (dev.meshx.mob/dev.meshx.mob.MainActivity event : 23 instanceId : 137251040)
05-17 05:45:38.092  1200  2959 D ActivityTaskManager: Top Process State changed to PROCESS_STATE_TOP_SLEEPING#2
05-17 05:45:38.096  2413  2413 I RecentsView: onTaskRemoved() taskId : 419
05-17 05:45:38.097  2413  2413 I TopTaskTracker: onTaskRemoved : taskId = 419
05-17 05:45:38.097  2413  2413 I RecentsView: onTaskRemoved() taskId : 419
05-17 05:45:38.097  2413  2413 I TopTaskTracker: onTaskRemoved : taskId = 419
