05-17 10:52:27.126  1928  2050 D BtGatt.GattService: onScanResult to scannerId: 2- eventType=0x1b, addressType=1, address=568F96_7, primaryPhy=1, secondaryPhy=0, advertisingSid=0xff, txPower=127, rssi=-36, periodicAdvInt=0x0
05-17 10:52:27.128  1928  2050 D BtGatt.GattService: onScanResult to scannerId: 2- eventType=0x1b, addressType=1, address=5670A3_4, primaryPhy=1, secondaryPhy=0, advertisingSid=0xff, txPower=127, rssi=-36, periodicAdvInt=0x0
05-17 10:52:27.141  1928  2050 D BtGatt.GattService: onScanResult to scannerId: 2- eventType=0x1b, addressType=1, address=554F93_8, primaryPhy=1, secondaryPhy=0, advertisingSid=0xff, txPower=127, rssi=-49, periodicAdvInt=0x0
05-17 10:52:27.146  1928  2050 D BtGatt.GattService: onScanResult to scannerId: 2- eventType=0x10, addressType=1, address=6D7CF1_5, primaryPhy=1, secondaryPhy=0, advertisingSid=0xff, txPower=127, rssi=-89, periodicAdvInt=0x0
05-17 10:52:27.160  1928  2050 D BtGatt.GattService: onScanResult to scannerId: 2- eventType=0x1b, addressType=1, address=5CA103_4, primaryPhy=1, secondaryPhy=0, advertisingSid=0xff, txPower=127, rssi=-75, periodicAdvInt=0x0
05-17 10:52:27.169  7078  7078 I MeshxBleScanRaw: device_id=56:8F:96:FA:67:87 rssi=-36 advertisement_b64=AgEaAgoMC/9MABAGCh26o2ZoAAAAAAAAAAAAAAAAAAAAAAAAAAAAAAAAAAAAAAAAAAAAAAAAAAAAAAAAAAA= manufacturer_ids=[76] service_uuids=[]
05-17 10:52:27.178  1928  2050 D BtGatt.GattService: onScanResult to scannerId: 2- eventType=0x1b, addressType=1, address=554F93_8, primaryPhy=1, secondaryPhy=0, advertisingSid=0xff, txPower=127, rssi=-49, periodicAdvInt=0x0
05-17 10:52:27.180  1928  2050 D BtGatt.GattService: onScanResult to scannerId: 2- eventType=0x1b, addressType=0, address=84E0F4_2, primaryPhy=1, secondaryPhy=0, advertisingSid=0xff, txPower=127, rssi=-90, periodicAdvInt=0x0
05-17 10:52:27.200  1928  2050 D BtGatt.GattService: onScanResult to scannerId: 2- eventType=0x10, addressType=1, address=48C4B1_8, primaryPhy=1, secondaryPhy=0, advertisingSid=0xff, txPower=127, rssi=-36, periodicAdvInt=0x0
05-17 10:52:27.214  1928  2050 D BtGatt.GattService: onScanResult to scannerId: 2- eventType=0x1b, addressType=1, address=4795CE_E, primaryPhy=1, secondaryPhy=0, advertisingSid=0xff, txPower=127, rssi=-77, periodicAdvInt=0x0
05-17 10:52:27.221  1928  2050 D BtGatt.GattService: onScanResult to scannerId: 2- eventType=0x10, addressType=0, address=BC7E8B_B, primaryPhy=1, secondaryPhy=0, advertisingSid=0xff, txPower=127, rssi=-88, periodicAdvInt=0x0
05-17 10:52:27.234  1928  2050 D BtGatt.GattService: onScanResult to scannerId: 2- eventType=0x10, addressType=1, address=638088_4, primaryPhy=1, secondaryPhy=0, advertisingSid=0xff, txPower=127, rssi=-81, periodicAdvInt=0x0
05-17 10:52:27.241  1928  2050 D BtGatt.GattService: onScanResult to scannerId: 2- eventType=0x10, addressType=0, address=BC455B_A, primaryPhy=1, secondaryPhy=0, advertisingSid=0xff, txPower=127, rssi=-79, periodicAdvInt=0x0
05-17 10:52:27.246  1928  2050 D BtGatt.GattService: onScanResult to scannerId: 2- eventType=0x1b, addressType=1, address=554F93_8, primaryPhy=1, secondaryPhy=0, advertisingSid=0xff, txPower=127, rssi=-49, periodicAdvInt=0x0
05-17 10:52:27.263  1200  3617 D SemWifiUsabilityStatsMonitor: onWifiUsabilityStats - seqNum 5543, isSameBssidAndFreq true
05-17 10:52:27.264  1200  1507 I SemWifiLinkQualityMonitor: Link Qos Query: 0.086 ms / 93.449 Mbps (408 / 0.066 / 1.000)
05-17 10:52:27.264  1613  1613 D NetworkController.WifiSignalController: notifyListener: visible=true, connected=true, inetCondition=1, isDefault=true, wifiTestReported=true, receivedInetCondition=-1, hideDuringMobileSwitching=false
05-17 10:52:27.276  1928  2050 D BtGatt.GattService: onScanResult to scannerId: 2- eventType=0x1b, addressType=1, address=554F93_8, primaryPhy=1, secondaryPhy=0, advertisingSid=0xff, txPower=127, rssi=-49, periodicAdvInt=0x0
05-17 10:52:28.925  1928  2050 D BtGatt.GattService: onScanResult to scannerId: 2- eventType=0x1b, addressType=1, address=568F96_7, primaryPhy=1, secondaryPhy=0, advertisingSid=0xff, txPower=127, rssi=-36, periodicAdvInt=0x0
05-17 10:52:28.926  1928  2050 D BtGatt.GattService: onScanResult to scannerId: 2- eventType=0x10, addressType=1, address=48C4B1_8, primaryPhy=1, secondaryPhy=0, advertisingSid=0xff, txPower=127, rssi=-35, periodicAdvInt=0x0
05-17 10:52:28.932  1928  2050 D BtGatt.GattService: onScanResult to scannerId: 2- eventType=0x1b, addressType=1, address=5670A3_4, primaryPhy=1, secondaryPhy=0, advertisingSid=0xff, txPower=127, rssi=-35, periodicAdvInt=0x0
05-17 10:52:28.932  1928  2050 D BtGatt.GattService: onScanResult to scannerId: 2- eventType=0x10, addressType=1, address=6D7CF1_5, primaryPhy=1, secondaryPhy=0, advertisingSid=0xff, txPower=127, rssi=-84, periodicAdvInt=0x0
05-17 10:52:28.946  1928  2050 D BtGatt.GattService: onScanResult to scannerId: 2- eventType=0x1b, addressType=1, address=554F93_8, primaryPhy=1, secondaryPhy=0, advertisingSid=0xff, txPower=127, rssi=-61, periodicAdvInt=0x0
05-17 10:52:28.953  1928  2050 D BtGatt.GattService: onScanResult to scannerId: 2- eventType=0x10, addressType=0, address=BC455B_A, primaryPhy=1, secondaryPhy=0, advertisingSid=0xff, txPower=127, rssi=-73, periodicAdvInt=0x0
05-17 10:52:28.956  1928  2050 D BtGatt.GattService: onScanResult to scannerId: 2- eventType=0x1b, addressType=1, address=5C2647_5, primaryPhy=1, secondaryPhy=0, advertisingSid=0xff, txPower=127, rssi=-65, periodicAdvInt=0x0
05-17 10:52:28.977  7078  7131 I Elixir  : BleSelfTest: HEARTBEAT events=96 devices=23 meshx_peers=0 sent=1 distinct_msgs=1 beacon_callbacks=6 envelopes=0
05-17 10:52:28.978  7078  7115 I BEAMout : 10:52:28.977 [info] BleSelfTest: HEARTBEAT events=96 devices=23 meshx_peers=0 sent=1 distinct_msgs=1 beacon_callbacks=6 envelopes=0
05-17 10:52:28.985  1928  2050 D BtGatt.GattService: onScanResult to scannerId: 2- eventType=0x1b, addressType=1, address=554F93_8, primaryPhy=1, secondaryPhy=0, advertisingSid=0xff, txPower=127, rssi=-61, periodicAdvInt=0x0
05-17 10:52:28.994  1928  2050 D BtGatt.GattService: onScanResult to scannerId: 2- eventType=0x1b, addressType=1, address=5CA103_4, primaryPhy=1, secondaryPhy=0, advertisingSid=0xff, txPower=127, rssi=-75, periodicAdvInt=0x0
05-17 10:52:29.007  1928  2050 D BtGatt.GattService: onScanResult to scannerId: 2- eventType=0x1b, addressType=1, address=DD0D30_2, primaryPhy=1, secondaryPhy=0, advertisingSid=0xff, txPower=127, rssi=-65, periodicAdvInt=0x0
05-17 10:52:29.007  1928  2050 D BtGatt.GattService: onScanResult to scannerId: 2- eventType=0x10, addressType=1, address=7CD1C9_0, primaryPhy=1, secondaryPhy=0, advertisingSid=0xff, txPower=127, rssi=-81, periodicAdvInt=0x0
05-17 10:52:29.015  1928  2050 D BtGatt.GattService: onScanResult to scannerId: 2- eventType=0x1b, addressType=1, address=554F93_8, primaryPhy=1, secondaryPhy=0, advertisingSid=0xff, txPower=127, rssi=-61, periodicAdvInt=0x0
05-17 10:52:29.038  1928  2050 D BtGatt.GattService: onScanResult to scannerId: 2- eventType=0x10, addressType=1, address=6D7CF1_5, primaryPhy=1, secondaryPhy=0, advertisingSid=0xff, txPower=127, rssi=-84, periodicAdvInt=0x0
05-17 10:52:29.080  1928  2050 D BtGatt.GattService: onScanResult to scannerId: 2- eventType=0x1b, addressType=1, address=554F93_8, primaryPhy=1, secondaryPhy=0, advertisingSid=0xff, txPower=127, rssi=-61, periodicAdvInt=0x0
05-17 10:52:29.084  1928  2050 D BtGatt.GattService: onScanResult to scannerId: 2- eventType=0x10, addressType=1, address=01273F_5, primaryPhy=1, secondaryPhy=0, advertisingSid=0xff, txPower=127, rssi=-94, periodicAdvInt=0x0
05-17 10:52:29.086  1928  2050 D BtGatt.GattService: onScanResult to scannerId: 2- eventType=0x10, addressType=1, address=6F1095_8, primaryPhy=1, secondaryPhy=0, advertisingSid=0xff, txPower=127, rssi=-81, periodicAdvInt=0x0
05-17 10:52:29.107  1928  2050 D BtGatt.GattService: onScanResult to scannerId: 2- eventType=0x10, addressType=0, address=BC455B_A, primaryPhy=1, secondaryPhy=0, advertisingSid=0xff, txPower=127, rssi=-72, periodicAdvInt=0x0
05-17 10:52:29.114   869   869 E sehhealth-service: Could not open /sys/class/power_supply/battery/lrp
05-17 10:52:29.120  1928  2050 D BtGatt.GattService: onScanResult to scannerId: 2- eventType=0x1b, addressType=1, address=554F93_8, primaryPhy=1, secondaryPhy=0, advertisingSid=0xff, txPower=127, rssi=-61, periodicAdvInt=0x0
05-17 10:52:29.121  1928  2050 D BtGatt.GattService: onScanResult to scannerId: 2- eventType=0x10, addressType=1, address=48C4B1_8, primaryPhy=1, secondaryPhy=0, advertisingSid=0xff, txPower=127, rssi=-35, periodicAdvInt=0x0
05-17 10:52:29.135  7078  7078 I MeshxBleScanRaw: device_id=6F:10:95:23:9E:28 rssi=-81 advertisement_b64=AgEaF/9MAAkIExPAqAEKG1gWCADrqt0SnGH/AAAAAAAAAAAAAAAAAAAAAAAAAAAAAAAAAAAAAAAAAAAAAAA= manufacturer_ids=[76] service_uuids=[]
05-17 10:52:29.270  7078  7131 I Elixir  : Mob.Dist: no EPMD on port 4369 after 10s -- skipping dist (run mix mob.connect to enable)
05-17 10:52:29.582  2905  2905 I SDHMS:LOAD: type: LoadsFreqs, value: 0:0:0:651820:741000:650000:651820:741000:650000:0:0:0
05-17 10:52:30.376  1200  3617 D SemWifiUsabilityStatsMonitor: onWifiUsabilityStats - seqNum 5544, isSameBssidAndFreq true
05-17 10:52:30.377  1200  1507 I SemWifiLinkQualityMonitor: Link Qos Query: 0.075 ms / 106.571 Mbps (408 / 0.055 / 1.000)
05-17 10:52:30.381  1707  1707 I wpa_supplicant: Heartbeat 20339
05-17 10:52:30.774  1928  2050 D BtGatt.GattService: onScanResult to scannerId: 2- eventType=0x1b, addressType=1, address=554F93_8, primaryPhy=1, secondaryPhy=0, advertisingSid=0xff, txPower=127, rssi=-51, periodicAdvInt=0x0
05-17 10:52:30.788  1928  2050 D BtGatt.GattService: onScanResult to scannerId: 2- eventType=0x1b, addressType=0, address=84E0F4_2, primaryPhy=1, secondaryPhy=0, advertisingSid=0xff, txPower=127, rssi=-79, periodicAdvInt=0x0
05-17 10:52:30.788  1928  2050 D BtGatt.GattService: onScanResult to scannerId: 2- eventType=0x10, addressType=1, address=638088_4, primaryPhy=1, secondaryPhy=0, advertisingSid=0xff, txPower=127, rssi=-80, periodicAdvInt=0x0
05-17 10:52:30.811  1928  2050 D BtGatt.GattService: onScanResult to scannerId: 2- eventType=0x1b, addressType=0, address=84E0F4_2, primaryPhy=1, secondaryPhy=0, advertisingSid=0xff, txPower=127, rssi=-79, periodicAdvInt=0x0
05-17 10:52:30.811  1928  2050 D BtGatt.GattService: onScanResult to scannerId: 2- eventType=0x10, addressType=0, address=BC455B_A, primaryPhy=1, secondaryPhy=0, advertisingSid=0xff, txPower=127, rssi=-84, periodicAdvInt=0x0
05-17 10:52:30.825  1928  2050 D BtGatt.GattService: onScanResult to scannerId: 2- eventType=0x1a, addressType=1, address=45DD95_E, primaryPhy=1, secondaryPhy=0, advertisingSid=0xff, txPower=127, rssi=-44, periodicAdvInt=0x0
05-17 10:52:30.826  1928  2050 D BtGatt.GattService: onScanResult to scannerId: 2- eventType=0x1b, addressType=0, address=94944A_D, primaryPhy=1, secondaryPhy=0, advertisingSid=0xff, txPower=127, rssi=-86, periodicAdvInt=0x0
05-17 10:52:30.829  1928  2050 D BtGatt.GattService: onScanResult to scannerId: 2- eventType=0x10, addressType=1, address=48C4B1_8, primaryPhy=1, secondaryPhy=0, advertisingSid=0xff, txPower=127, rssi=-35, periodicAdvInt=0x0
05-17 10:52:30.830  1928  2050 D BtGatt.GattService: onScanResult to scannerId: 2- eventType=0x10, addressType=1, address=6D7CF1_5, primaryPhy=1, secondaryPhy=0, advertisingSid=0xff, txPower=127, rssi=-78, periodicAdvInt=0x0
05-17 10:52:30.851  1928  2050 D BtGatt.GattService: onScanResult to scannerId: 2- eventType=0x10, addressType=1, address=288E0C_6, primaryPhy=1, secondaryPhy=0, advertisingSid=0xff, txPower=127, rssi=-92, periodicAdvInt=0x0
05-17 10:52:30.862  1928  2050 D BtGatt.GattService: onScanResult to scannerId: 2- eventType=0x10, addressType=1, address=70B0D9_E, primaryPhy=1, secondaryPhy=0, advertisingSid=0xff, txPower=127, rssi=-82, periodicAdvInt=0x0
05-17 10:52:30.868  1928  2050 D BtGatt.GattService: onScanResult to scannerId: 2- eventType=0x1b, addressType=1, address=7F7BD8_9, primaryPhy=1, secondaryPhy=0, advertisingSid=0xff, txPower=127, rssi=-80, periodicAdvInt=0x0
05-17 10:52:30.878  1928  2050 D BtGatt.GattService: onScanResult to scannerId: 2- eventType=0x1b, addressType=1, address=554F93_8, primaryPhy=1, secondaryPhy=0, advertisingSid=0xff, txPower=127, rssi=-51, periodicAdvInt=0x0
05-17 10:52:30.881  1928  2050 D BtGatt.GattService: onScanResult to scannerId: 2- eventType=0x1b, addressType=0, address=84E0F4_2, primaryPhy=1, secondaryPhy=0, advertisingSid=0xff, txPower=127, rssi=-78, periodicAdvInt=0x0
05-17 10:52:30.884  7078  7078 I MeshxBleScanRaw: device_id=28:8E:0C:3D:7D:E6 rssi=-92 advertisement_b64=Hv8GAAEJICIX2eZceJb3uVAmSBFV2z0skGzfgm50ngAAAAAAAAAAAAAAAAAAAAAAAAAAAAAAAAAAAAAAAAA= manufacturer_ids=[6] service_uuids=[]
05-17 10:52:30.888  1928  2050 D BtGatt.GattService: onScanResult to scannerId: 2- eventType=0x1b, addressType=1, address=5C2647_5, primaryPhy=1, secondaryPhy=0, advertisingSid=0xff, txPower=127, rssi=-72, periodicAdvInt=0x0
05-17 10:52:30.912  1928  2050 D BtGatt.GattService: onScanResult to scannerId: 2- eventType=0x1b, addressType=1, address=554F93_8, primaryPhy=1, secondaryPhy=0, advertisingSid=0xff, txPower=127, rssi=-51, periodicAdvInt=0x0
05-17 10:52:30.950  1928  2050 D BtGatt.GattService: onScanResult to scannerId: 2- eventType=0x1b, addressType=1, address=554F93_8, primaryPhy=1, secondaryPhy=0, advertisingSid=0xff, txPower=127, rssi=-51, periodicAdvInt=0x0
05-17 10:52:30.961  1928  2050 D BtGatt.GattService: onScanResult to scannerId: 2- eventType=0x1a, addressType=1, address=45DD95_E, primaryPhy=1, secondaryPhy=0, advertisingSid=0xff, txPower=127, rssi=-44, periodicAdvInt=0x0
05-17 10:52:30.968  1928  2050 D BtGatt.GattService: onScanResult to scannerId: 2- eventType=0x10, addressType=0, address=BC7E8B_B, primaryPhy=1, secondaryPhy=0, advertisingSid=0xff, txPower=127, rssi=-82, periodicAdvInt=0x0
05-17 10:52:30.968  1928  2050 D BtGatt.GattService: onScanResult to scannerId: 2- eventType=0x10, addressType=1, address=638088_4, primaryPhy=1, secondaryPhy=0, advertisingSid=0xff, txPower=127, rssi=-80, periodicAdvInt=0x0
05-17 10:52:30.990  1928  2050 D BtGatt.GattService: onScanResult to scannerId: 2- eventType=0x1b, addressType=0, address=84E0F4_2, primaryPhy=1, secondaryPhy=0, advertisingSid=0xff, txPower=127, rssi=-79, periodicAdvInt=0x0
05-17 10:52:30.990  1928  2050 D BtGatt.GattService: onScanResult to scannerId: 2- eventType=0x1b, addressType=1, address=554F93_8, primaryPhy=1, secondaryPhy=0, advertisingSid=0xff, txPower=127, rssi=-51, periodicAdvInt=0x0
05-17 10:52:31.020  1928  2050 D BtGatt.GattService: onScanResult to scannerId: 2- eventType=0x1b, addressType=1, address=554F93_8, primaryPhy=1, secondaryPhy=0, advertisingSid=0xff, txPower=127, rssi=-51, periodicAdvInt=0x0
05-17 10:52:31.045  7078  7078 I BluetoothAdapter: STATE_ON
05-17 10:52:31.045  7078  7078 I BluetoothAdapter: STATE_ON
05-17 10:52:31.045  7078  7078 I BluetoothAdapter: STATE_ON
05-17 10:52:31.046  7078  7078 D BluetoothLeAdvertiser: Stop AdvertingSet
05-17 10:52:31.048  1928  3855 I bt_stack: [INFO:le_advertising_manager.cc(70)] Unregister in shim layer
05-17 10:52:31.048  1928  2282 W bt_stack: le_advertising_manager :: remove_advertiser - id : 2
05-17 10:52:31.050  1928  2260 E BtGatt.GattService: [GSIM LOG]: gsimLogHandler, msg: MESSAGE_ADV_SET_STOP, appName: dev.meshx.mob, id: 2, isLegacy: true
05-17 10:52:31.053  7078  7078 D BluetoothLeAdvertiser: onAdvertisingSetStopped(2)
05-17 10:52:32.630  1928  2050 D BtGatt.GattService: onScanResult to scannerId: 2- eventType=0x10, addressType=1, address=6D7CF1_5, primaryPhy=1, secondaryPhy=0, advertisingSid=0xff, txPower=127, rssi=-88, periodicAdvInt=0x0
05-17 10:52:32.648  1928  2050 D BtGatt.GattService: onScanResult to scannerId: 2- eventType=0x10, addressType=1, address=288E0C_6, primaryPhy=1, secondaryPhy=0, advertisingSid=0xff, txPower=127, rssi=-89, periodicAdvInt=0x0
05-17 10:52:32.653  1928  2050 D BtGatt.GattService: onScanResult to scannerId: 2- eventType=0x10, addressType=0, address=BC455B_A, primaryPhy=1, secondaryPhy=0, advertisingSid=0xff, txPower=127, rssi=-75, periodicAdvInt=0x0
05-17 10:52:32.660  1928  2050 D BtGatt.GattService: onScanResult to scannerId: 2- eventType=0x1b, addressType=1, address=554F93_8, primaryPhy=1, secondaryPhy=0, advertisingSid=0xff, txPower=127, rssi=-49, periodicAdvInt=0x0
05-17 10:52:32.688  1928  2050 D BtGatt.GattService: onScanResult to scannerId: 2- eventType=0x1b, addressType=1, address=554F93_8, primaryPhy=1, secondaryPhy=0, advertisingSid=0xff, txPower=127, rssi=-49, periodicAdvInt=0x0
05-17 10:52:32.710   602   602 D io_stats: !@   8,0 r 1030740 33594864 w 589579 56585172 d 0 0 f 0 0 iot 510904 0 th 0 0 0 pt 0 inp 0 0 203600.283
05-17 10:52:32.726  1928  2050 D BtGatt.GattService: onScanResult to scannerId: 2- eventType=0x1b, addressType=1, address=554F93_8, primaryPhy=1, secondaryPhy=0, advertisingSid=0xff, txPower=127, rssi=-49, periodicAdvInt=0x0
05-17 10:52:32.731  1928  2050 D BtGatt.GattService: onScanResult to scannerId: 2- eventType=0x10, addressType=1, address=6D7CF1_5, primaryPhy=1, secondaryPhy=0, advertisingSid=0xff, txPower=127, rssi=-89, periodicAdvInt=0x0
05-17 10:52:32.746  1928  2050 D BtGatt.GattService: onScanResult to scannerId: 2- eventType=0x1a, addressType=1, address=45DD95_E, primaryPhy=1, secondaryPhy=0, advertisingSid=0xff, txPower=127, rssi=-45, periodicAdvInt=0x0
05-17 10:52:32.762  1928  2050 D BtGatt.GattService: onScanResult to scannerId: 2- eventType=0x1b, addressType=1, address=554F93_8, primaryPhy=1, secondaryPhy=0, advertisingSid=0xff, txPower=127, rssi=-49, periodicAdvInt=0x0
05-17 10:52:32.782  1928  2050 D BtGatt.GattService: onScanResult to scannerId: 2- eventType=0x10, addressType=1, address=48C4B1_8, primaryPhy=1, secondaryPhy=0, advertisingSid=0xff, txPower=127, rssi=-36, periodicAdvInt=0x0
05-17 10:52:32.789  1928  2050 D BtGatt.GattService: onScanResult to scannerId: 2- eventType=0x1b, addressType=1, address=7F7BD8_9, primaryPhy=1, secondaryPhy=0, advertisingSid=0xff, txPower=127, rssi=-77, periodicAdvInt=0x0
05-17 10:52:32.796  1928  2050 D BtGatt.GattService: onScanResult to scannerId: 2- eventType=0x1b, addressType=1, address=554F93_8, primaryPhy=1, secondaryPhy=0, advertisingSid=0xff, txPower=127, rssi=-49, periodicAdvInt=0x0
05-17 10:52:32.804  1928  2050 D BtGatt.GattService: onScanResult to scannerId: 2- eventType=0x10, addressType=0, address=BC455B_A, primaryPhy=1, secondaryPhy=0, advertisingSid=0xff, txPower=127, rssi=-75, periodicAdvInt=0x0
05-17 10:52:32.805  1928  2050 D BtGatt.GattService: onScanResult to scannerId: 2- eventType=0x10, addressType=0, address=BC7E8B_B, primaryPhy=1, secondaryPhy=0, advertisingSid=0xff, txPower=127, rssi=-88, periodicAdvInt=0x0
05-17 10:52:32.817  1928  2050 D BtGatt.GattService: onScanResult to scannerId: 2- eventType=0x1b, addressType=1, address=5C2647_5, primaryPhy=1, secondaryPhy=0, advertisingSid=0xff, txPower=127, rssi=-57, periodicAdvInt=0x0
05-17 10:52:32.827  1928  2050 D BtGatt.GattService: onScanResult to scannerId: 2- eventType=0x1b, addressType=1, address=5670A3_4, primaryPhy=1, secondaryPhy=0, advertisingSid=0xff, txPower=127, rssi=-36, periodicAdvInt=0x0
05-17 10:52:32.829  1928  2050 D BtGatt.GattService: onScanResult to scannerId: 2- eventType=0x1b, addressType=1, address=568F96_7, primaryPhy=1, secondaryPhy=0, advertisingSid=0xff, txPower=127, rssi=-37, periodicAdvInt=0x0
05-17 10:52:32.847  1928  2050 D BtGatt.GattService: onScanResult to scannerId: 2- eventType=0x1b, addressType=1, address=DD0D30_2, primaryPhy=1, secondaryPhy=0, advertisingSid=0xff, txPower=127, rssi=-76, periodicAdvInt=0x0
05-17 10:52:32.864  1928  2050 D BtGatt.GattService: onScanResult to scannerId: 2- eventType=0x1b, addressType=1, address=554F93_8, primaryPhy=1, secondaryPhy=0, advertisingSid=0xff, txPower=127, rssi=-49, periodicAdvInt=0x0
05-17 10:52:33.008  7078  7131 I BluetoothAdapter: STATE_ON
05-17 10:52:33.008  7078  7131 I BluetoothAdapter: STATE_ON
05-17 10:52:33.010  7078  7131 I BluetoothAdapter: STATE_ON
05-17 10:52:33.012  7078  7131 I BluetoothAdapter: STATE_ON
05-17 10:52:33.012  7078  7131 I MeshxBleDispatch: {"v":1,"event":"ble_capabilities","supports_extended_advertising":true,"max_advertising_data_length":1024,"is_multiple_advertisement_supported":true,"legacy_manufacturer_payload_budget":24}
05-17 10:52:33.012  7078  7131 I BluetoothAdapter: STATE_ON
05-17 10:52:33.014  7078  7131 I BluetoothAdapter: STATE_ON
05-17 10:52:33.015  7078  7131 I BluetoothAdapter: STATE_ON
05-17 10:52:33.016  7078  7131 I BluetoothAdapter: STATE_ON
05-17 10:52:33.016  7078  7131 I BluetoothAdapter: STATE_ON
05-17 10:52:33.016  7078  7131 I BluetoothAdapter: STATE_ON
05-17 10:52:33.022  1928  3855 I bt_stack: [INFO:le_advertising_manager.cc(137)] StartAdvertisingSet in shim layer
05-17 10:52:33.022  1928  3855 W bt_stack: le_advertising_manager :: allocate_advertiser - id : 2
05-17 10:52:33.023  1928  3855 I bt_stack: [INFO:le_advertising_manager.cc(157)] create advertising set, reg_id:-5137, id:2
05-17 10:52:33.024  1928  2282 W bt_stack: le_advertising_manager :: create_extended_advertiser - id : 2
05-17 10:52:33.024  1928  2282 W bt_stack: le_advertising_manager :: enable_advertiser - id : 2
05-17 10:52:33.026  7078  7131 I MeshxBleDispatch: {"v":1,"event":"attempt_outcome","attempt_id":"selftest-1779040353008","message_id":"1R\/VP\/WoaNlAugdJY7ZjTw==","target_peer_id":"broadcast","target_device_ids":["broadcast"],"kind":"dispatched","reason":"legacy_beacon_fallback","adapter":"ble_android","outcome_at_ms":204025069}
05-17 10:52:33.027  7078  7131 I MeshxBleNative: sendToPeer(broadcast, 31B) -> DISPATCHED reason=legacy_beacon_fallback
05-17 10:52:33.027  7078  7131 I Elixir  : BleSelfTest: MESH MESSAGE SENT payload="hello-from-meshx-dev-1779040353" result=:ok
05-17 10:52:33.028  7078  7131 W Elixir  : BleSelfTest: bridge error unknown: {"v":1,"event":"attempt_outcome","attempt_id":"selftest-1779040353008","message_id":"1R\/VP\/WoaNlAugdJY7ZjTw==","target_peer_id":"broadcast","target_device_ids":["broadcast"],"kind":"dispatched","reason":"legacy_beacon_fallback","adapter":"ble_android","outcome_at_ms":204025069}
05-17 10:52:33.029  7078  7115 I BEAMout : 10:52:33.027 [info] BleSelfTest: MESH MESSAGE SENT payload="hello-from-meshx-dev-1779040353" result=:ok
05-17 10:52:33.030  7078  7115 I BEAMout : 10:52:33.028 [warning] BleSelfTest: bridge error unknown: {"v":1,"event":"attempt_outcome","attempt_id":"selftest-1779040353008","message_id":"1R\/VP\/WoaNlAugdJY7ZjTw==","target_peer_id":"broadcast","target_device_ids":["broadcast"],"kind":"dispatched","reason":"legacy_beacon_fallback","adapter":"ble_android","outcome_at_ms":204025069}
05-17 10:52:33.046  1928  2260 E BtGatt.GattService: [GSIM LOG]: gsimLogHandler, msg: MESSAGE_ADV_SET_START, appName: dev.meshx.mob, id: 2, isLegacy: true
05-17 10:52:33.055  7078  7078 D BluetoothLeAdvertiser: onAdvertisingSetStarted(2, -7, 0)
05-17 10:52:33.058  7078  7078 I MeshxBleDispatch: {"v":1,"event":"legacy_beacon_advertising_started","attempt_id":"selftest-1779040353008","beacon_size":22,"beacon":"TUIBAQEA+wkbQPm913ES94VXUXoT+Q==","message_id_hash":"+wkbQPm913E=","sender_peer_id_hash":"EveFV1F6E\/k=","payload_kind":"TX","envelope_version":1,"window_ms":5000,"data_carrier":"legacy_advertisement"}
05-17 10:52:33.466  1200  3617 D SemWifiUsabilityStatsMonitor: onWifiUsabilityStats - seqNum 5545, isSameBssidAndFreq true
05-17 10:52:33.472  1200  1507 I SemWifiLinkQualityMonitor: Link Qos Query: 0.082 ms / 97.866 Mbps (408 / 0.062 / 1.000)
05-17 10:52:33.978  7078  7131 I Elixir  : BleSelfTest: HEARTBEAT events=151 devices=25 meshx_peers=0 sent=2 distinct_msgs=1 beacon_callbacks=9 envelopes=0
05-17 10:52:33.979  7078  7115 I BEAMout : 10:52:33.978 [info] BleSelfTest: HEARTBEAT events=151 devices=25 meshx_peers=0 sent=2 distinct_msgs=1 beacon_callbacks=9 envelopes=0
05-17 10:52:34.020  1200  1243 E Watchdog: !@Sync: 6783 heap: 84 / 91 FD: 914 [2026-05-17 10:52:34.019]
05-17 10:52:34.487  1928  2050 D BtGatt.GattService: onScanResult to scannerId: 2- eventType=0x1b, addressType=1, address=5CA103_4, primaryPhy=1, secondaryPhy=0, advertisingSid=0xff, txPower=127, rssi=-75, periodicAdvInt=0x0
05-17 10:52:34.497  1928  2050 D BtGatt.GattService: onScanResult to scannerId: 2- eventType=0x1b, addressType=1, address=DD0D30_2, primaryPhy=1, secondaryPhy=0, advertisingSid=0xff, txPower=127, rssi=-65, periodicAdvInt=0x0
05-17 10:52:34.501  1928  2050 D BtGatt.GattService: onScanResult to scannerId: 2- eventType=0x1b, addressType=0, address=84E0F4_2, primaryPhy=1, secondaryPhy=0, advertisingSid=0xff, txPower=127, rssi=-91, periodicAdvInt=0x0
05-17 10:52:34.506  1928  2050 D BtGatt.GattService: onScanResult to scannerId: 2- eventType=0x1b, addressType=1, address=554F93_8, primaryPhy=1, secondaryPhy=0, advertisingSid=0xff, txPower=127, rssi=-61, periodicAdvInt=0x0
05-17 10:52:34.511  1928  2050 D BtGatt.GattService: onScanResult to scannerId: 2- eventType=0x10, addressType=1, address=01273F_5, primaryPhy=1, secondaryPhy=0, advertisingSid=0xff, txPower=127, rssi=-95, periodicAdvInt=0x0
05-17 10:52:34.537  1928  2050 D BtGatt.GattService: onScanResult to scannerId: 2- eventType=0x1b, addressType=1, address=554F93_8, primaryPhy=1, secondaryPhy=0, advertisingSid=0xff, txPower=127, rssi=-61, periodicAdvInt=0x0
05-17 10:52:34.566  1928  2050 D BtGatt.GattService: onScanResult to scannerId: 2- eventType=0x1b, addressType=1, address=554F93_8, primaryPhy=1, secondaryPhy=0, advertisingSid=0xff, txPower=127, rssi=-61, periodicAdvInt=0x0
05-17 10:52:34.607  1928  2050 D BtGatt.GattService: onScanResult to scannerId: 2- eventType=0x1b, addressType=1, address=554F93_8, primaryPhy=1, secondaryPhy=0, advertisingSid=0xff, txPower=127, rssi=-62, periodicAdvInt=0x0
05-17 10:52:34.631  1928  2050 D BtGatt.GattService: onScanResult to scannerId: 2- eventType=0x1b, addressType=1, address=5670A3_4, primaryPhy=1, secondaryPhy=0, advertisingSid=0xff, txPower=127, rssi=-35, periodicAdvInt=0x0
05-17 10:52:34.631  1928  2050 D BtGatt.GattService: onScanResult to scannerId: 2- eventType=0x1b, addressType=1, address=568F96_7, primaryPhy=1, secondaryPhy=0, advertisingSid=0xff, txPower=127, rssi=-36, periodicAdvInt=0x0
05-17 10:52:34.638  1928  2050 D BtGatt.GattService: onScanResult to scannerId: 2- eventType=0x10, addressType=0, address=BC455B_A, primaryPhy=1, secondaryPhy=0, advertisingSid=0xff, txPower=127, rssi=-69, periodicAdvInt=0x0
05-17 10:52:34.640  1928  2050 D BtGatt.GattService: onScanResult to scannerId: 2- eventType=0x1b, addressType=1, address=554F93_8, primaryPhy=1, secondaryPhy=0, advertisingSid=0xff, txPower=127, rssi=-61, periodicAdvInt=0x0
05-17 10:52:34.645  1928  2050 D BtGatt.GattService: onScanResult to scannerId: 2- eventType=0x10, addressType=1, address=48C4B1_8, primaryPhy=1, secondaryPhy=0, advertisingSid=0xff, txPower=127, rssi=-35, periodicAdvInt=0x0
05-17 10:52:34.677  1928  2050 D BtGatt.GattService: onScanResult to scannerId: 2- eventType=0x10, addressType=0, address=BC7E8B_B, primaryPhy=1, secondaryPhy=0, advertisingSid=0xff, txPower=127, rssi=-85, periodicAdvInt=0x0
05-17 10:52:34.683  1928  2050 D BtGatt.GattService: onScanResult to scannerId: 2- eventType=0x10, addressType=1, address=6F1095_8, primaryPhy=1, secondaryPhy=0, advertisingSid=0xff, txPower=127, rssi=-81, periodicAdvInt=0x0
05-17 10:52:34.718  1928  2050 D BtGatt.GattService: onScanResult to scannerId: 2- eventType=0x1b, addressType=1, address=7F7BD8_9, primaryPhy=1, secondaryPhy=0, advertisingSid=0xff, txPower=127, rssi=-77, periodicAdvInt=0x0
05-17 10:52:35.131 30311 30311 D BoundBrokerSvc: onRebind: Intent { act=com.google.android.gms.libs.gmscorelogger.service.START dat=chimera-action:/... cmp=com.google.android.gms/.chimera.PersistentDirectBootAwareApiService }
05-17 10:52:35.652  1200  1308 W PackageManager: Not removing package com.google.android.trichromelibrary hosting lib com.google.android.trichromelibrary version 768011633 used by [VersionedPackage[com.android.chrome/768011633]] for user 0
05-17 10:52:36.344  1928  2050 D BtGatt.GattService: onScanResult to scannerId: 2- eventType=0x1b, addressType=1, address=554F93_8, primaryPhy=1, secondaryPhy=0, advertisingSid=0xff, txPower=127, rssi=-51, periodicAdvInt=0x0
05-17 10:52:36.377  1928  2050 D BtGatt.GattService: onScanResult to scannerId: 2- eventType=0x10, addressType=1, address=48C4B1_8, primaryPhy=1, secondaryPhy=0, advertisingSid=0xff, txPower=127, rssi=-35, periodicAdvInt=0x0
05-17 10:52:36.394 32141 32230 I Finsky  : [68] AIM: AppInfoManager-Perf > Destroying AppInfoManager ...
05-17 10:52:36.402  1928  2050 D BtGatt.GattService: onScanResult to scannerId: 2- eventType=0x1b, addressType=1, address=5C2647_5, primaryPhy=1, secondaryPhy=0, advertisingSid=0xff, txPower=127, rssi=-72, periodicAdvInt=0x0
05-17 10:52:36.405  1928  2050 D BtGatt.GattService: onScanResult to scannerId: 2- eventType=0x1b, addressType=1, address=554F93_8, primaryPhy=1, secondaryPhy=0, advertisingSid=0xff, txPower=127, rssi=-51, periodicAdvInt=0x0
05-17 10:52:36.420  1928  2050 D BtGatt.GattService: onScanResult to scannerId: 2- eventType=0x1b, addressType=1, address=568F96_7, primaryPhy=1, secondaryPhy=0, advertisingSid=0xff, txPower=127, rssi=-35, periodicAdvInt=0x0
05-17 10:52:36.422  1928  2050 D BtGatt.GattService: onScanResult to scannerId: 2- eventType=0x1b, addressType=1, address=5670A3_4, primaryPhy=1, secondaryPhy=0, advertisingSid=0xff, txPower=127, rssi=-35, periodicAdvInt=0x0
05-17 10:52:36.428  1928  2050 D BtGatt.GattService: onScanResult to scannerId: 2- eventType=0x1b, addressType=0, address=84E0F4_2, primaryPhy=1, secondaryPhy=0, advertisingSid=0xff, txPower=127, rssi=-78, periodicAdvInt=0x0
05-17 10:52:36.443  1928  2050 D BtGatt.GattService: onScanResult to scannerId: 2- eventType=0x1b, addressType=1, address=554F93_8, primaryPhy=1, secondaryPhy=0, advertisingSid=0xff, txPower=127, rssi=-51, periodicAdvInt=0x0
05-17 10:52:36.449  1928  2050 D BtGatt.GattService: onScanResult to scannerId: 2- eventType=0x10, addressType=0, address=4CC95E_3, primaryPhy=1, secondaryPhy=0, advertisingSid=0xff, txPower=127, rssi=-92, periodicAdvInt=0x0
05-17 10:52:36.460  1928  2050 D BtGatt.GattService: onScanResult to scannerId: 2- eventType=0x10, addressType=1, address=6D7CF1_5, primaryPhy=1, secondaryPhy=0, advertisingSid=0xff, txPower=127, rssi=-79, periodicAdvInt=0x0
05-17 10:52:36.464  7078  7078 I MeshxBleScanRaw: device_id=4C:C9:5E:42:49:73 rssi=-92 advertisement_b64=G/91AEIEAYBmTMleQklzTsleQklyAQwcAAAAAAAAAAAAAAAAAAAAAAAAAAAAAAAAAAAAAAAAAAAAAAAAAAA= manufacturer_ids=[117] service_uuids=[]
05-17 10:52:36.482  1928  2050 D BtGatt.GattService: onScanResult to scannerId: 2- eventType=0x10, addressType=0, address=BC455B_A, primaryPhy=1, secondaryPhy=0, advertisingSid=0xff, txPower=127, rssi=-84, periodicAdvInt=0x0
05-17 10:52:36.487  1928  2050 D BtGatt.GattService: onScanResult to scannerId: 2- eventType=0x10, addressType=1, address=027F8E_3, primaryPhy=1, secondaryPhy=0, advertisingSid=0xff, txPower=127, rssi=-91, periodicAdvInt=0x0
05-17 10:52:36.494  1928  2050 D BtGatt.GattService: onScanResult to scannerId: 2- eventType=0x1b, addressType=0, address=84E0F4_2, primaryPhy=1, secondaryPhy=0, advertisingSid=0xff, txPower=127, rssi=-78, periodicAdvInt=0x0
05-17 10:52:36.501  1928  2050 D BtGatt.GattService: onScanResult to scannerId: 2- eventType=0x1a, addressType=1, address=7C00EC_4, primaryPhy=1, secondaryPhy=0, advertisingSid=0xff, txPower=127, rssi=-44, periodicAdvInt=0x0
05-17 10:52:36.502  1928  2050 D BtGatt.GattService: onScanResult to scannerId: 2- eventType=0x1b, addressType=1, address=3E97BF_D, primaryPhy=1, secondaryPhy=0, advertisingSid=0xff, txPower=127, rssi=-88, periodicAdvInt=0x0
05-17 10:52:36.504  7078  7078 I MeshxBleScanRaw: device_id=7C:00:EC:A8:A9:24 rssi=-44 advertisement_b64=Gf///01CAQEBAObauqVDoeWZ9wgG7dwoW8wAAAAAAAAAAAAAAAAAAAAAAAAAAAAAAAAAAAAAAAAAAAAAAAA= manufacturer_ids=[65535] service_uuids=[]
05-17 10:52:36.508  7078  7131 I Elixir  : BleSelfTest: DISTINCT MESH MESSAGE kind=beacon key=f70806eddc285bcc:e6dabaa543a1e599 from=sender_hash=f70806eddc285bcc device_id=7C:00:EC:A8:A9:24 first_seen_after=10_callbacks
05-17 10:52:36.509  7078  7115 I BEAMout : 10:52:36.508 [info] BleSelfTest: DISTINCT MESH MESSAGE kind=beacon key=f70806eddc285bcc:e6dabaa543a1e599 from=sender_hash=f70806eddc285bcc device_id=7C:00:EC:A8:A9:24 first_seen_after=10_callbacks
05-17 10:52:36.520  1928  2050 D BtGatt.GattService: onScanResult to scannerId: 2- eventType=0x1b, addressType=0, address=84E0F4_2, primaryPhy=1, secondaryPhy=0, advertisingSid=0xff, txPower=127, rssi=-78, periodicAdvInt=0x0
05-17 10:52:36.530  7078  7078 I MeshxBleScanRaw: device_id=3E:97:BF:F8:7C:DD rssi=-88 advertisement_b64=AgECGBbx/ATMnOshK627eX7x3evqS4C/bwnx8gAAAAAAAAAAAAAAAAAAAAAAAAAAAAAAAAAAAAAAAAAAAAA= manufacturer_ids=[] service_uuids=[]
05-17 10:52:36.539  1928  2050 D BtGatt.GattService: onScanResult to scannerId: 2- eventType=0x1b, addressType=1, address=554F93_8, primaryPhy=1, secondaryPhy=0, advertisingSid=0xff, txPower=127, rssi=-51, periodicAdvInt=0x0
05-17 10:52:36.540  1928  2050 D BtGatt.GattService: onScanResult to scannerId: 2- eventType=0x1b, addressType=1, address=F812C9_E, primaryPhy=1, secondaryPhy=0, advertisingSid=0xff, txPower=127, rssi=-89, periodicAdvInt=0x0
05-17 10:52:36.548  1928  2050 D BtGatt.GattService: onScanResult to scannerId: 2- eventType=0x10, addressType=1, address=6F1095_8, primaryPhy=1, secondaryPhy=0, advertisingSid=0xff, txPower=127, rssi=-85, periodicAdvInt=0x0
05-17 10:52:36.551  1928  2050 D BtGatt.GattService: onScanResult to scannerId: 2- eventType=0x1b, addressType=0, address=94944A_D, primaryPhy=1, secondaryPhy=0, advertisingSid=0xff, txPower=127, rssi=-85, periodicAdvInt=0x0
05-17 10:52:36.560  1928  2050 D BtGatt.GattService: onScanResult to scannerId: 2- eventType=0x10, addressType=1, address=48C4B1_8, primaryPhy=1, secondaryPhy=0, advertisingSid=0xff, txPower=127, rssi=-35, periodicAdvInt=0x0
05-17 10:52:36.564  7078  7078 I MeshxBleScanRaw: device_id=F8:12:C9:8E:DD:CE rssi=-89 advertisement_b64=AgEGAgoAEQaeytwkDuWp4JPzo7UBAEBuEglBZGFmcnVpdCBCbHVlZnJ1aQAAAAAAAAAAAAAAAAAAAAAAAAA= manufacturer_ids=[] service_uuids=[6e400001-b5a3-f393-e0a9-e50e24dcca9e]
05-17 10:52:36.566  1200  3617 D SemWifiUsabilityStatsMonitor: onWifiUsabilityStats - seqNum 5546, isSameBssidAndFreq true
05-17 10:52:36.570  1200  1507 I SemWifiLinkQualityMonitor: Link Qos Query: 0.081 ms / 99.246 Mbps (408 / 0.061 / 1.000)
05-17 10:52:36.577  1928  2050 D BtGatt.GattService: onScanResult to scannerId: 2- eventType=0x1b, addressType=1, address=554F93_8, primaryPhy=1, secondaryPhy=0, advertisingSid=0xff, txPower=127, rssi=-51, periodicAdvInt=0x0
05-17 10:52:36.596  1928  2050 D BtGatt.GattService: onScanResult to scannerId: 2- eventType=0x1b, addressType=0, address=84E0F4_2, primaryPhy=1, secondaryPhy=0, advertisingSid=0xff, txPower=127, rssi=-78, periodicAdvInt=0x0
05-17 10:52:36.602  1928  2050 D BtGatt.GattService: onScanResult to scannerId: 2- eventType=0x1b, addressType=1, address=4795CE_E, primaryPhy=1, secondaryPhy=0, advertisingSid=0xff, txPower=127, rssi=-80, periodicAdvInt=0x0
05-17 10:52:36.616  1928  2050 D BtGatt.GattService: onScanResult to scannerId: 2- eventType=0x1b, addressType=0, address=84E0F4_2, primaryPhy=1, secondaryPhy=0, advertisingSid=0xff, txPower=127, rssi=-78, periodicAdvInt=0x0
05-17 10:52:38.081  7078  7078 I BluetoothAdapter: STATE_ON
05-17 10:52:38.081  7078  7078 I BluetoothAdapter: STATE_ON
05-17 10:52:38.081  7078  7078 I BluetoothAdapter: STATE_ON
05-17 10:52:38.082  7078  7078 D BluetoothLeAdvertiser: Stop AdvertingSet
05-17 10:52:38.084  1928  3855 I bt_stack: [INFO:le_advertising_manager.cc(70)] Unregister in shim layer
05-17 10:52:38.085  1928  2282 W bt_stack: le_advertising_manager :: remove_advertiser - id : 2
05-17 10:52:38.085  1928  2260 E BtGatt.GattService: [GSIM LOG]: gsimLogHandler, msg: MESSAGE_ADV_SET_STOP, appName: dev.meshx.mob, id: 2, isLegacy: true
05-17 10:52:38.088  7078  7078 D BluetoothLeAdvertiser: onAdvertisingSetStopped(2)
05-17 10:52:38.205  1928  2050 D BtGatt.GattService: onScanResult to scannerId: 2- eventType=0x10, addressType=1, address=E14EFB_7, primaryPhy=1, secondaryPhy=0, advertisingSid=0xff, txPower=127, rssi=-49, periodicAdvInt=0x0
05-17 10:52:38.222  1928  2050 D BtGatt.GattService: onScanResult to scannerId: 2- eventType=0x1b, addressType=1, address=5670A3_4, primaryPhy=1, secondaryPhy=0, advertisingSid=0xff, txPower=127, rssi=-37, periodicAdvInt=0x0
05-17 10:52:38.225  1928  2050 D BtGatt.GattService: onScanResult to scannerId: 2- eventType=0x1b, addressType=1, address=568F96_7, primaryPhy=1, secondaryPhy=0, advertisingSid=0xff, txPower=127, rssi=-36, periodicAdvInt=0x0
05-17 10:52:38.240  1928  2050 D BtGatt.GattService: onScanResult to scannerId: 2- eventType=0x1b, addressType=1, address=4795CE_E, primaryPhy=1, secondaryPhy=0, advertisingSid=0xff, txPower=127, rssi=-78, periodicAdvInt=0x0
05-17 10:52:38.246  1928  2050 D BtGatt.GattService: onScanResult to scannerId: 2- eventType=0x1a, addressType=1, address=7C00EC_4, primaryPhy=1, secondaryPhy=0, advertisingSid=0xff, txPower=127, rssi=-45, periodicAdvInt=0x0
05-17 10:52:38.249  1928  2050 D BtGatt.GattService: onScanResult to scannerId: 2- eventType=0x10, addressType=1, address=638088_4, primaryPhy=1, secondaryPhy=0, advertisingSid=0xff, txPower=127, rssi=-77, periodicAdvInt=0x0
05-17 10:52:38.276  1928  2050 D BtGatt.GattService: onScanResult to scannerId: 2- eventType=0x1b, addressType=1, address=554F93_8, primaryPhy=1, secondaryPhy=0, advertisingSid=0xff, txPower=127, rssi=-49, periodicAdvInt=0x0
05-17 10:52:38.288  1928  2050 D BtGatt.GattService: onScanResult to scannerId: 2- eventType=0x10, addressType=1, address=288E0C_6, primaryPhy=1, secondaryPhy=0, advertisingSid=0xff, txPower=127, rssi=-88, periodicAdvInt=0x0
05-17 10:52:38.316  1928  2050 D BtGatt.GattService: onScanResult to scannerId: 2- eventType=0x1b, addressType=1, address=554F93_8, primaryPhy=1, secondaryPhy=0, advertisingSid=0xff, txPower=127, rssi=-49, periodicAdvInt=0x0
05-17 10:52:38.323  1928  2050 D BtGatt.GattService: onScanResult to scannerId: 2- eventType=0x10, addressType=1, address=6D7CF1_5, primaryPhy=1, secondaryPhy=0, advertisingSid=0xff, txPower=127, rssi=-88, periodicAdvInt=0x0
05-17 10:52:38.331  1928  2050 D BtGatt.GattService: onScanResult to scannerId: 2- eventType=0x1b, addressType=1, address=5C2647_5, primaryPhy=1, secondaryPhy=0, advertisingSid=0xff, txPower=127, rssi=-57, periodicAdvInt=0x0
05-17 10:52:38.336  1928  2050 D BtGatt.GattService: onScanResult to scannerId: 2- eventType=0x10, addressType=0, address=BC455B_A, primaryPhy=1, secondaryPhy=0, advertisingSid=0xff, txPower=127, rssi=-75, periodicAdvInt=0x0
05-17 10:52:38.410  1928  2050 D BtGatt.GattService: onScanResult to scannerId: 2- eventType=0x1b, addressType=1, address=5CA103_4, primaryPhy=1, secondaryPhy=0, advertisingSid=0xff, txPower=127, rssi=-75, periodicAdvInt=0x0
05-17 10:52:38.416  1928  2050 D BtGatt.GattService: onScanResult to scannerId: 2- eventType=0x1b, addressType=1, address=554F93_8, primaryPhy=1, secondaryPhy=0, advertisingSid=0xff, txPower=127, rssi=-49, periodicAdvInt=0x0
05-17 10:52:38.422  1928  2050 D BtGatt.GattService: onScanResult to scannerId: 2- eventType=0x10, addressType=1, address=6F1095_8, primaryPhy=1, secondaryPhy=0, advertisingSid=0xff, txPower=127, rssi=-86, periodicAdvInt=0x0
05-17 10:52:38.431  1928  2050 D BtGatt.GattService: onScanResult to scannerId: 2- eventType=0x10, addressType=1, address=6D7CF1_5, primaryPhy=1, secondaryPhy=0, advertisingSid=0xff, txPower=127, rssi=-88, periodicAdvInt=0x0
05-17 10:52:38.435  1928  2050 D BtGatt.GattService: onScanResult to scannerId: 2- eventType=0x1b, addressType=0, address=94944A_D, primaryPhy=1, secondaryPhy=0, advertisingSid=0xff, txPower=127, rssi=-93, periodicAdvInt=0x0
05-17 10:52:38.437  1928  2050 D BtGatt.GattService: onScanResult to scannerId: 2- eventType=0x10, addressType=1, address=638088_4, primaryPhy=1, secondaryPhy=0, advertisingSid=0xff, txPower=127, rssi=-78, periodicAdvInt=0x0
05-17 10:52:38.567  2905  3764 I SDHMS:D : SIOP:: AP:261 BAT:237 USB:239 CHG:274 PA:257 WIFI:262 BLK:253 SKIN:317 SKINF:317 SKINB:280 LRP:317 LRF:317 LRB:280 
05-17 10:52:38.951  1200 12555 D NandswapHandler: nandswap start for non-activity com.android.bluetooth(pid 1928) action:7 adj:-700 type:3
05-17 10:52:38.973  1200 12555 D NandswapHandler: nandswap end for non-activity com.android.bluetooth(pid 1928) ret:1 adj:-700 sadj:-700
05-17 10:52:38.979  7078  7131 I Elixir  : BleSelfTest: HEARTBEAT events=210 devices=28 meshx_peers=0 sent=2 distinct_msgs=2 beacon_callbacks=11 envelopes=0
05-17 10:52:38.980  7078  7115 I BEAMout : 10:52:38.979 [info] BleSelfTest: HEARTBEAT events=210 devices=28 meshx_peers=0 sent=2 distinct_msgs=2 beacon_callbacks=11 envelopes=0
05-17 10:52:39.665  2905  2905 I SDHMS:LOAD: type: LoadsFreqs, value: 0:0:0:651820:741000:650000:651820:741000:650000:0:0:0
05-17 10:52:39.672  1200  3617 D SemWifiUsabilityStatsMonitor: onWifiUsabilityStats - seqNum 5547, isSameBssidAndFreq true
05-17 10:52:39.674  1200  1507 I SemWifiLinkQualityMonitor: Link Qos Query: 0.075 ms / 106.571 Mbps (408 / 0.055 / 1.000)
05-17 10:52:39.890   836   956 W resolvrs::doh::connection: Connection driver returns some Err: Closed
05-17 10:52:40.030  7078  7131 I BluetoothAdapter: STATE_ON
05-17 10:52:40.030  7078  7131 I BluetoothAdapter: STATE_ON
05-17 10:52:40.033  7078  7131 I BluetoothAdapter: STATE_ON
05-17 10:52:40.034  7078  7131 I BluetoothAdapter: STATE_ON
05-17 10:52:40.034  7078  7131 I MeshxBleDispatch: {"v":1,"event":"ble_capabilities","supports_extended_advertising":true,"max_advertising_data_length":1024,"is_multiple_advertisement_supported":true,"legacy_manufacturer_payload_budget":24}
05-17 10:52:40.035  7078  7131 I BluetoothAdapter: STATE_ON
05-17 10:52:40.036  7078  7131 I BluetoothAdapter: STATE_ON
05-17 10:52:40.040  7078  7131 I BluetoothAdapter: STATE_ON
05-17 10:52:40.040  7078  7131 I BluetoothAdapter: STATE_ON
05-17 10:52:40.041  7078  7131 I BluetoothAdapter: STATE_ON
05-17 10:52:40.041  7078  7131 I BluetoothAdapter: STATE_ON
05-17 10:52:40.046  1928  3855 I bt_stack: [INFO:le_advertising_manager.cc(137)] StartAdvertisingSet in shim layer
05-17 10:52:40.046  1928  3855 W bt_stack: le_advertising_manager :: allocate_advertiser - id : 2
05-17 10:52:40.046  1928  3855 I bt_stack: [INFO:le_advertising_manager.cc(157)] create advertising set, reg_id:-5138, id:2
05-17 10:52:40.047  1928  2282 W bt_stack: le_advertising_manager :: create_extended_advertiser - id : 2
05-17 10:52:40.047  1928  2282 W bt_stack: le_advertising_manager :: enable_advertiser - id : 2
05-17 10:52:40.048  7078  7131 I MeshxBleDispatch: {"v":1,"event":"attempt_outcome","attempt_id":"selftest-1779040360030","message_id":"HHU+Wkgc+6fKeuOoe26gbg==","target_peer_id":"broadcast","target_device_ids":["broadcast"],"kind":"dispatched","reason":"legacy_beacon_fallback","adapter":"ble_android","outcome_at_ms":204032091}
05-17 10:52:40.050  7078  7131 I MeshxBleNative: sendToPeer(broadcast, 31B) -> DISPATCHED reason=legacy_beacon_fallback
05-17 10:52:40.051  7078  7131 I Elixir  : BleSelfTest: MESH MESSAGE SENT payload="hello-from-meshx-dev-1779040360" result=:ok
05-17 10:52:40.052  7078  7131 W Elixir  : BleSelfTest: bridge error unknown: {"v":1,"event":"attempt_outcome","attempt_id":"selftest-1779040360030","message_id":"HHU+Wkgc+6fKeuOoe26gbg==","target_peer_id":"broadcast","target_device_ids":["broadcast"],"kind":"dispatched","reason":"legacy_beacon_fallback","adapter":"ble_android","outcome_at_ms":204032091}
05-17 10:52:40.054  7078  7115 I BEAMout : 10:52:40.051 [info] BleSelfTest: MESH MESSAGE SENT payload="hello-from-meshx-dev-1779040360" result=:ok
05-17 10:52:40.055  7078  7115 I BEAMout : 10:52:40.051 [warning] BleSelfTest: bridge error unknown: {"v":1,"event":"attempt_outcome","attempt_id":"selftest-1779040360030","message_id":"HHU+Wkgc+6fKeuOoe26gbg==","target_peer_id":"broadcast","target_device_ids":["broadcast"],"kind":"dispatched","reason":"legacy_beacon_fallback","adapter":"ble_android","outcome_at_ms":204032091}
05-17 10:52:40.066  1928  2050 D BtGatt.GattService: onScanResult to scannerId: 2- eventType=0x1b, addressType=1, address=554F93_8, primaryPhy=1, secondaryPhy=0, advertisingSid=0xff, txPower=127, rssi=-61, periodicAdvInt=0x0
05-17 10:52:40.069  1928  2260 E BtGatt.GattService: [GSIM LOG]: gsimLogHandler, msg: MESSAGE_ADV_SET_START, appName: dev.meshx.mob, id: 2, isLegacy: true
05-17 10:52:40.077  7078  7078 D BluetoothLeAdvertiser: onAdvertisingSetStarted(2, -7, 0)
05-17 10:52:40.081  7078  7078 I MeshxBleDispatch: {"v":1,"event":"legacy_beacon_advertising_started","attempt_id":"selftest-1779040360030","beacon_size":22,"beacon":"TUIBAQEAexq6H40pMFMS94VXUXoT+Q==","message_id_hash":"exq6H40pMFM=","sender_peer_id_hash":"EveFV1F6E\/k=","payload_kind":"TX","envelope_version":1,"window_ms":5000,"data_carrier":"legacy_advertisement"}
05-17 10:52:40.118  1928  2050 D BtGatt.GattService: onScanResult to scannerId: 2- eventType=0x10, addressType=1, address=6D7CF1_5, primaryPhy=1, secondaryPhy=0, advertisingSid=0xff, txPower=127, rssi=-83, periodicAdvInt=0x0
05-17 10:52:40.122  1928  2050 D BtGatt.GattService: onScanResult to scannerId: 2- eventType=0x10, addressType=1, address=2E6571_5, primaryPhy=1, secondaryPhy=0, advertisingSid=0xff, txPower=127, rssi=-94, periodicAdvInt=0x0
05-17 10:52:40.133  1928  2050 D BtGatt.GattService: onScanResult to scannerId: 2- eventType=0x1b, addressType=1, address=554F93_8, primaryPhy=1, secondaryPhy=0, advertisingSid=0xff, txPower=127, rssi=-61, periodicAdvInt=0x0
05-17 10:52:40.170  1928  2050 D BtGatt.GattService: onScanResult to scannerId: 2- eventType=0x1b, addressType=1, address=554F93_8, primaryPhy=1, secondaryPhy=0, advertisingSid=0xff, txPower=127, rssi=-61, periodicAdvInt=0x0
05-17 10:52:40.174  1928  2050 D BtGatt.GattService: onScanResult to scannerId: 2- eventType=0x1b, addressType=1, address=4795CE_E, primaryPhy=1, secondaryPhy=0, advertisingSid=0xff, txPower=127, rssi=-77, periodicAdvInt=0x0
05-17 10:52:40.185  1928  2050 D BtGatt.GattService: onScanResult to scannerId: 2- eventType=0x10, addressType=1, address=52499E_9, primaryPhy=1, secondaryPhy=0, advertisingSid=0xff, txPower=127, rssi=-81, periodicAdvInt=0x0
05-17 10:52:40.188  7078  7078 I MeshxBleScanRaw: device_id=52:49:9E:AE:7F:E9 rssi=-81 advertisement_b64=AgEaDf9MABYIAKc3bNRHMyAAAAAAAAAAAAAAAAAAAAAAAAAAAAAAAAAAAAAAAAAAAAAAAAAAAAAAAAAAAAA= manufacturer_ids=[76] service_uuids=[]
05-17 10:52:40.193  1928  2050 D BtGatt.GattService: onScanResult to scannerId: 2- eventType=0x10, addressType=0, address=BC455B_A, primaryPhy=1, secondaryPhy=0, advertisingSid=0xff, txPower=127, rssi=-73, periodicAdvInt=0x0
05-17 10:52:40.210  1928  2050 D BtGatt.GattService: onScanResult to scannerId: 2- eventType=0x1b, addressType=1, address=554F93_8, primaryPhy=1, secondaryPhy=0, advertisingSid=0xff, txPower=127, rssi=-61, periodicAdvInt=0x0
05-17 10:52:40.245  1928  2050 D BtGatt.GattService: onScanResult to scannerId: 2- eventType=0x1b, addressType=1, address=554F93_8, primaryPhy=1, secondaryPhy=0, advertisingSid=0xff, txPower=127, rssi=-61, periodicAdvInt=0x0
05-17 10:52:40.250  1928  2050 D BtGatt.GattService: onScanResult to scannerId: 2- eventType=0x1b, addressType=1, address=7F7BD8_9, primaryPhy=1, secondaryPhy=0, advertisingSid=0xff, txPower=127, rssi=-77, periodicAdvInt=0x0
05-17 10:52:40.254  1928  2050 D BtGatt.GattService: onScanResult to scannerId: 2- eventType=0x1b, addressType=1, address=5C2647_5, primaryPhy=1, secondaryPhy=0, advertisingSid=0xff, txPower=127, rssi=-65, periodicAdvInt=0x0
05-17 10:52:40.258  1928  2050 D BtGatt.GattService: onScanResult to scannerId: 2- eventType=0x10, addressType=0, address=BC7E8B_B, primaryPhy=1, secondaryPhy=0, advertisingSid=0xff, txPower=127, rssi=-85, periodicAdvInt=0x0
05-17 10:52:40.268  1928  2050 D BtGatt.GattService: onScanResult to scannerId: 2- eventType=0x1b, addressType=1, address=C19840_0, primaryPhy=1, secondaryPhy=0, advertisingSid=0xff, txPower=127, rssi=-82, periodicAdvInt=0x0
05-17 10:52:40.282  1928  2050 D BtGatt.GattService: onScanResult to scannerId: 2- eventType=0x1a, addressType=1, address=7C00EC_4, primaryPhy=1, secondaryPhy=0, advertisingSid=0xff, txPower=127, rssi=-43, periodicAdvInt=0x0
05-17 10:52:40.284  7078  7078 I MeshxBleScanRaw: device_id=C1:98:40:13:32:C0 rssi=-82 advertisement_b64=AgEGAgoAEQaeytwkDuWp4JPzo7UBAEBuEglBZGFmcnVpdCBCbHVlZnJ1aQAAAAAAAAAAAAAAAAAAAAAAAAA= manufacturer_ids=[] service_uuids=[6e400001-b5a3-f393-e0a9-e50e24dcca9e]
05-17 10:52:40.290  1928  2050 D BtGatt.GattService: onScanResult to scannerId: 2- eventType=0x1b, addressType=0, address=84E0F4_2, primaryPhy=1, secondaryPhy=0, advertisingSid=0xff, txPower=127, rssi=-90, periodicAdvInt=0x0
05-17 10:52:40.310  1928  2050 D BtGatt.GattService: onScanResult to scannerId: 2- eventType=0x1b, addressType=1, address=568F96_7, primaryPhy=1, secondaryPhy=0, advertisingSid=0xff, txPower=127, rssi=-36, periodicAdvInt=0x0
05-17 10:52:40.313  1928  2050 D BtGatt.GattService: onScanResult to scannerId: 2- eventType=0x1b, addressType=1, address=5670A3_4, primaryPhy=1, secondaryPhy=0, advertisingSid=0xff, txPower=127, rssi=-35, periodicAdvInt=0x0
05-17 10:52:40.320  1928  2050 D BtGatt.GattService: onScanResult to scannerId: 2- eventType=0x1b, addressType=1, address=554F93_8, primaryPhy=1, secondaryPhy=0, advertisingSid=0xff, txPower=127, rssi=-61, periodicAdvInt=0x0
05-17 10:52:40.382  1707  1707 I wpa_supplicant: Heartbeat 20340
05-17 10:52:40.712   602   602 D io_stats: !@   8,0 r 1030740 33594864 w 589588 56585568 d 0 0 f 0 0 iot 510908 0 th 0 0 0 pt 0 inp 0 0 203608.285
