05-17 10:53:09.868  1928  2050 D BtGatt.GattService: onScanResult to scannerId: 2- eventType=0x1b, addressType=0, address=84E0F4_2, primaryPhy=1, secondaryPhy=0, advertisingSid=0xff, txPower=127, rssi=-78, periodicAdvInt=0x0
05-17 10:53:09.886  1928  2050 D BtGatt.GattService: onScanResult to scannerId: 2- eventType=0x1b, addressType=1, address=554F93_8, primaryPhy=1, secondaryPhy=0, advertisingSid=0xff, txPower=127, rssi=-51, periodicAdvInt=0x0
05-17 10:53:09.899  1928  2050 D BtGatt.GattService: onScanResult to scannerId: 2- eventType=0x10, addressType=1, address=48C4B1_8, primaryPhy=1, secondaryPhy=0, advertisingSid=0xff, txPower=127, rssi=-35, periodicAdvInt=0x0
05-17 10:53:09.901  1928  2050 D BtGatt.GattService: onScanResult to scannerId: 2- eventType=0x1b, addressType=1, address=4795CE_E, primaryPhy=1, secondaryPhy=0, advertisingSid=0xff, txPower=127, rssi=-80, periodicAdvInt=0x0
05-17 10:53:09.909  1928  2050 D BtGatt.GattService: onScanResult to scannerId: 2- eventType=0x1b, addressType=1, address=F812C9_E, primaryPhy=1, secondaryPhy=0, advertisingSid=0xff, txPower=127, rssi=-89, periodicAdvInt=0x0
05-17 10:53:09.909  1928  2050 D BtGatt.GattService: onScanResult to scannerId: 2- eventType=0x10, addressType=1, address=027F8E_3, primaryPhy=1, secondaryPhy=0, advertisingSid=0xff, txPower=127, rssi=-92, periodicAdvInt=0x0
05-17 10:53:09.916  1928  2050 D BtGatt.GattService: onScanResult to scannerId: 2- eventType=0x1b, addressType=1, address=554F93_8, primaryPhy=1, secondaryPhy=0, advertisingSid=0xff, txPower=127, rssi=-50, periodicAdvInt=0x0
05-17 10:53:09.921  1928  2050 D BtGatt.GattService: onScanResult to scannerId: 2- eventType=0x10, addressType=0, address=BC455B_A, primaryPhy=1, secondaryPhy=0, advertisingSid=0xff, txPower=127, rssi=-83, periodicAdvInt=0x0
05-17 10:53:09.926  2905  2905 I SDHMS:LOAD: type: LoadsFreqs, value: 0:0:0:651820:741000:650000:651820:741000:650000:5:260:0
05-17 10:53:09.931  1928  2050 D BtGatt.GattService: onScanResult to scannerId: 2- eventType=0x10, addressType=1, address=E24F67_F, primaryPhy=1, secondaryPhy=0, advertisingSid=0xff, txPower=127, rssi=-72, periodicAdvInt=0x0
05-17 10:53:09.936  1928  2050 D BtGatt.GattService: onScanResult to scannerId: 2- eventType=0x1b, addressType=0, address=84E0F4_2, primaryPhy=1, secondaryPhy=0, advertisingSid=0xff, txPower=127, rssi=-78, periodicAdvInt=0x0
05-17 10:53:09.946  1928  2050 D BtGatt.GattService: onScanResult to scannerId: 2- eventType=0x10, addressType=1, address=6D7CF1_5, primaryPhy=1, secondaryPhy=0, advertisingSid=0xff, txPower=127, rssi=-80, periodicAdvInt=0x0
05-17 10:53:09.959  1928  2050 D BtGatt.GattService: onScanResult to scannerId: 2- eventType=0x1b, addressType=1, address=554F93_8, primaryPhy=1, secondaryPhy=0, advertisingSid=0xff, txPower=127, rssi=-51, periodicAdvInt=0x0
05-17 10:53:09.975  1928  2050 D BtGatt.GattService: onScanResult to scannerId: 2- eventType=0x10, addressType=1, address=288E0C_6, primaryPhy=1, secondaryPhy=0, advertisingSid=0xff, txPower=127, rssi=-92, periodicAdvInt=0x0
05-17 10:53:09.988  1928  2050 D BtGatt.GattService: onScanResult to scannerId: 2- eventType=0x1b, addressType=1, address=554F93_8, primaryPhy=1, secondaryPhy=0, advertisingSid=0xff, txPower=127, rssi=-51, periodicAdvInt=0x0
05-17 10:53:10.014  1928  2050 D BtGatt.GattService: onScanResult to scannerId: 2- eventType=0x1b, addressType=1, address=5670A3_4, primaryPhy=1, secondaryPhy=0, advertisingSid=0xff, txPower=127, rssi=-36, periodicAdvInt=0x0
05-17 10:53:10.014  1928  2050 D BtGatt.GattService: onScanResult to scannerId: 2- eventType=0x1b, addressType=1, address=568F96_7, primaryPhy=1, secondaryPhy=0, advertisingSid=0xff, txPower=127, rssi=-36, periodicAdvInt=0x0
05-17 10:53:10.018  1928  2050 D BtGatt.GattService: onScanResult to scannerId: 2- eventType=0x1b, addressType=1, address=554F93_8, primaryPhy=1, secondaryPhy=0, advertisingSid=0xff, txPower=127, rssi=-51, periodicAdvInt=0x0
05-17 10:53:10.035  1928  2050 D BtGatt.GattService: onScanResult to scannerId: 2- eventType=0x1b, addressType=0, address=84E0F4_2, primaryPhy=1, secondaryPhy=0, advertisingSid=0xff, txPower=127, rssi=-78, periodicAdvInt=0x0
05-17 10:53:10.056  1928  2050 D BtGatt.GattService: onScanResult to scannerId: 2- eventType=0x1b, addressType=1, address=554F93_8, primaryPhy=1, secondaryPhy=0, advertisingSid=0xff, txPower=127, rssi=-51, periodicAdvInt=0x0
05-17 10:53:10.385  1707  1707 I wpa_supplicant: Heartbeat 20343
05-17 10:53:10.696  1200  3617 D SemWifiUsabilityStatsMonitor: onWifiUsabilityStats - seqNum 5557, isSameBssidAndFreq true
05-17 10:53:10.699  1200  1507 I SemWifiLinkQualityMonitor: Link Qos Query: 0.072 ms / 111.556 Mbps (408 / 0.052 / 1.000)
05-17 10:53:10.721   602   602 D io_stats: !@   8,0 r 1030740 33594864 w 589604 56585752 d 0 0 f 0 0 iot 510916 0 th 0 0 0 pt 0 inp 0 0 203638.293
05-17 10:53:11.664  1928  2050 D BtGatt.GattService: onScanResult to scannerId: 2- eventType=0x1b, addressType=1, address=554F93_8, primaryPhy=1, secondaryPhy=0, advertisingSid=0xff, txPower=127, rssi=-49, periodicAdvInt=0x0
05-17 10:53:11.691  1928  2050 D BtGatt.GattService: onScanResult to scannerId: 2- eventType=0x10, addressType=1, address=48C4B1_8, primaryPhy=1, secondaryPhy=0, advertisingSid=0xff, txPower=127, rssi=-36, periodicAdvInt=0x0
05-17 10:53:11.698  1928  2050 D BtGatt.GattService: onScanResult to scannerId: 2- eventType=0x1b, addressType=1, address=554F93_8, primaryPhy=1, secondaryPhy=0, advertisingSid=0xff, txPower=127, rssi=-49, periodicAdvInt=0x0
05-17 10:53:11.724  1928  2050 D BtGatt.GattService: onScanResult to scannerId: 2- eventType=0x10, addressType=1, address=6D7CF1_5, primaryPhy=1, secondaryPhy=0, advertisingSid=0xff, txPower=127, rssi=-88, periodicAdvInt=0x0
05-17 10:53:11.737  1928  2050 D BtGatt.GattService: onScanResult to scannerId: 2- eventType=0x1b, addressType=1, address=554F93_8, primaryPhy=1, secondaryPhy=0, advertisingSid=0xff, txPower=127, rssi=-49, periodicAdvInt=0x0
05-17 10:53:11.739  1928  2050 D BtGatt.GattService: onScanResult to scannerId: 2- eventType=0x10, addressType=0, address=BC7E8B_B, primaryPhy=1, secondaryPhy=0, advertisingSid=0xff, txPower=127, rssi=-88, periodicAdvInt=0x0
05-17 10:53:11.786  1928  2050 D BtGatt.GattService: onScanResult to scannerId: 2- eventType=0x10, addressType=0, address=BC455B_A, primaryPhy=1, secondaryPhy=0, advertisingSid=0xff, txPower=127, rssi=-79, periodicAdvInt=0x0
05-17 10:53:11.789  1928  2050 D BtGatt.GattService: onScanResult to scannerId: 2- eventType=0x10, addressType=1, address=6F1095_8, primaryPhy=1, secondaryPhy=0, advertisingSid=0xff, txPower=127, rssi=-86, periodicAdvInt=0x0
05-17 10:53:11.799  1928  2050 W bt_btif : btif_dm_update_ble_remote_properties cod is 0x000000
05-17 10:53:11.799  1928  2050 W bt_btif : btif_dm_update_ble_remote_properties cod is 0, checking cod from storage
05-17 10:53:11.799  1928  2050 W bt_btif : btif_dm_update_ble_remote_properties cod retrieved from storage is 0x000000
05-17 10:53:11.799  1928  2050 W bt_btif : btif_dm_update_ble_remote_properties cod is again 0, set as unclassified
05-17 10:53:11.800  1928  2050 D BtGatt.GattService: onScanResult to scannerId: 2- eventType=0x1b, addressType=1, address=7E7A35_A, primaryPhy=1, secondaryPhy=0, advertisingSid=0xff, txPower=127, rssi=-75, periodicAdvInt=0x0
05-17 10:53:11.801  1928  2050 D BtGatt.GattService: onScanResult to scannerId: 2- eventType=0x10, addressType=1, address=70B0D9_E, primaryPhy=1, secondaryPhy=0, advertisingSid=0xff, txPower=127, rssi=-83, periodicAdvInt=0x0
05-17 10:53:11.805  1928  2050 D BluetoothUtils: getBtEnabledContainers(): btContainers = []
05-17 10:53:11.805  1928  2050 E BluetoothRemoteDevices: Remote class is UNCATEGORIZED
05-17 10:53:11.806  1928  2050 D BtGatt.GattService: onScanResult to scannerId: 2- eventType=0x1b, addressType=1, address=554F93_8, primaryPhy=1, secondaryPhy=0, advertisingSid=0xff, txPower=127, rssi=-49, periodicAdvInt=0x0
05-17 10:53:11.814  7078  7078 I MeshxBleScanRaw: device_id=7E:7A:35:50:25:EA rssi=-75 advertisement_b64=AgECCQkxOTViOTc5YREHAADNxMbq7rbIRa2tM7PWORf/9wMNAAAAAABtaWxjIGdyb3VwIHNsbwAAAAAAAAA= manufacturer_ids=[1015] service_uuids=[39d6b333-adad-45c8-b6ee-eac6c4cd0000]
05-17 10:53:11.816  1613  1862 V BluetoothEventManager: onReceive :: android.bluetooth.device.action.NAME_CHANGED
05-17 10:53:11.816  1928  2050 D BtGatt.GattService: onScanResult to scannerId: 2- eventType=0x1b, addressType=1, address=568F96_7, primaryPhy=1, secondaryPhy=0, advertisingSid=0xff, txPower=127, rssi=-36, periodicAdvInt=0x0
05-17 10:53:11.818  1928  2050 D BtGatt.GattService: onScanResult to scannerId: 2- eventType=0x1b, addressType=1, address=5670A3_4, primaryPhy=1, secondaryPhy=0, advertisingSid=0xff, txPower=127, rssi=-36, periodicAdvInt=0x0
05-17 10:53:11.835  1928  2050 D BtGatt.GattService: onScanResult to scannerId: 2- eventType=0x1b, addressType=1, address=554F93_8, primaryPhy=1, secondaryPhy=0, advertisingSid=0xff, txPower=127, rssi=-49, periodicAdvInt=0x0
05-17 10:53:11.873  1928  2050 D BtGatt.GattService: onScanResult to scannerId: 2- eventType=0x10, addressType=1, address=48C4B1_8, primaryPhy=1, secondaryPhy=0, advertisingSid=0xff, txPower=127, rssi=-36, periodicAdvInt=0x0
05-17 10:53:11.876  1928  2050 D BtGatt.GattService: onScanResult to scannerId: 2- eventType=0x1b, addressType=1, address=554F93_8, primaryPhy=1, secondaryPhy=0, advertisingSid=0xff, txPower=127, rssi=-49, periodicAdvInt=0x0
05-17 10:53:11.887  1928  2050 D BtGatt.GattService: onScanResult to scannerId: 2- eventType=0x1b, addressType=1, address=5C2647_5, primaryPhy=1, secondaryPhy=0, advertisingSid=0xff, txPower=127, rssi=-57, periodicAdvInt=0x0
05-17 10:53:11.894  1928  2050 D BtGatt.GattService: onScanResult to scannerId: 2- eventType=0x10, addressType=0, address=BC7E8B_B, primaryPhy=1, secondaryPhy=0, advertisingSid=0xff, txPower=127, rssi=-88, periodicAdvInt=0x0
05-17 10:53:11.910  1928  2050 D BtGatt.GattService: onScanResult to scannerId: 2- eventType=0x1b, addressType=1, address=554F93_8, primaryPhy=1, secondaryPhy=0, advertisingSid=0xff, txPower=127, rssi=-49, periodicAdvInt=0x0
05-17 10:53:12.848  1200  1896 V MdnieScenarioControlService: burn_in_prevention_mode(), enabled : true, mBurnInDisableAppEnabled : false , mAutoBrightnessMode : true, mHighBrightnessModeEnabled : false , mBurnInPreventionACL : false , platform_brightness_value : 50 , BURN_IN_PREVENTION_SUPPORT_VALUE : 143 , mBurnInPreventionEnabled : false , mGameAppLauncher : false
05-17 10:53:13.134  1200  1491 I ChimeraAggressivePolicyHandler: executePolicy() - triggerSource: TRIGGER_SOURCE_LMKD
05-17 10:53:13.136  1200  1491 I ChimeraAggressivePolicyHandler: available memory: 1824620, free memory target: 645120, quit chimera
05-17 10:53:13.181  7078  7078 I BluetoothAdapter: STATE_ON
05-17 10:53:13.181  7078  7078 I BluetoothAdapter: STATE_ON
05-17 10:53:13.181  7078  7078 I BluetoothAdapter: STATE_ON
05-17 10:53:13.182  7078  7078 D BluetoothLeAdvertiser: Stop AdvertingSet
05-17 10:53:13.184  1928  3855 I bt_stack: [INFO:le_advertising_manager.cc(70)] Unregister in shim layer
05-17 10:53:13.185  1928  2282 W bt_stack: le_advertising_manager :: remove_advertiser - id : 2
05-17 10:53:13.186  1928  2260 E BtGatt.GattService: [GSIM LOG]: gsimLogHandler, msg: MESSAGE_ADV_SET_STOP, appName: dev.meshx.mob, id: 2, isLegacy: true
05-17 10:53:13.202  7078  7078 D BluetoothLeAdvertiser: onAdvertisingSetStopped(2)
05-17 10:53:13.518  1928  2050 D BtGatt.GattService: onScanResult to scannerId: 2- eventType=0x1b, addressType=1, address=554F93_8, primaryPhy=1, secondaryPhy=0, advertisingSid=0xff, txPower=127, rssi=-61, periodicAdvInt=0x0
05-17 10:53:13.524  1928  2050 D BtGatt.GattService: onScanResult to scannerId: 2- eventType=0x10, addressType=1, address=2E6571_5, primaryPhy=1, secondaryPhy=0, advertisingSid=0xff, txPower=127, rssi=-92, periodicAdvInt=0x0
05-17 10:53:13.539  1928  2050 D BtGatt.GattService: onScanResult to scannerId: 2- eventType=0x1b, addressType=0, address=84E0F4_2, primaryPhy=1, secondaryPhy=0, advertisingSid=0xff, txPower=127, rssi=-92, periodicAdvInt=0x0
05-17 10:53:13.550  1928  2050 D BtGatt.GattService: onScanResult to scannerId: 2- eventType=0x1b, addressType=1, address=554F93_8, primaryPhy=1, secondaryPhy=0, advertisingSid=0xff, txPower=127, rssi=-63, periodicAdvInt=0x0
05-17 10:53:13.552  1928  2050 D BtGatt.GattService: onScanResult to scannerId: 2- eventType=0x10, addressType=1, address=52499E_9, primaryPhy=1, secondaryPhy=0, advertisingSid=0xff, txPower=127, rssi=-81, periodicAdvInt=0x0
05-17 10:53:13.554  1928  2050 D BtGatt.GattService: onScanResult to scannerId: 2- eventType=0x1b, addressType=0, address=84E0F4_2, primaryPhy=1, secondaryPhy=0, advertisingSid=0xff, txPower=127, rssi=-94, periodicAdvInt=0x0
05-17 10:53:13.580  1928  2050 D BtGatt.GattService: onScanResult to scannerId: 2- eventType=0x1b, addressType=1, address=554F93_8, primaryPhy=1, secondaryPhy=0, advertisingSid=0xff, txPower=127, rssi=-61, periodicAdvInt=0x0
05-17 10:53:13.582  1928  2050 D BtGatt.GattService: onScanResult to scannerId: 2- eventType=0x10, addressType=0, address=BC7E8B_B, primaryPhy=1, secondaryPhy=0, advertisingSid=0xff, txPower=127, rssi=-85, periodicAdvInt=0x0
05-17 10:53:13.597  1928  2050 D BtGatt.GattService: onScanResult to scannerId: 2- eventType=0x1b, addressType=1, address=DD0D30_2, primaryPhy=1, secondaryPhy=0, advertisingSid=0xff, txPower=127, rssi=-66, periodicAdvInt=0x0
05-17 10:53:13.611  1928  2050 D BtGatt.GattService: onScanResult to scannerId: 2- eventType=0x1b, addressType=1, address=554F93_8, primaryPhy=1, secondaryPhy=0, advertisingSid=0xff, txPower=127, rssi=-62, periodicAdvInt=0x0
05-17 10:53:13.619  1928  2050 D BtGatt.GattService: onScanResult to scannerId: 2- eventType=0x1b, addressType=1, address=568F96_7, primaryPhy=1, secondaryPhy=0, advertisingSid=0xff, txPower=127, rssi=-36, periodicAdvInt=0x0
05-17 10:53:13.621  1928  2050 D BtGatt.GattService: onScanResult to scannerId: 2- eventType=0x1b, addressType=1, address=5670A3_4, primaryPhy=1, secondaryPhy=0, advertisingSid=0xff, txPower=127, rssi=-36, periodicAdvInt=0x0
05-17 10:53:13.634  1928  2050 D BtGatt.GattService: onScanResult to scannerId: 2- eventType=0x1b, addressType=1, address=7E7A35_A, primaryPhy=1, secondaryPhy=0, advertisingSid=0xff, txPower=127, rssi=-74, periodicAdvInt=0x0
05-17 10:53:13.656  1928  2050 D BtGatt.GattService: onScanResult to scannerId: 2- eventType=0x10, addressType=1, address=70B0D9_E, primaryPhy=1, secondaryPhy=0, advertisingSid=0xff, txPower=127, rssi=-80, periodicAdvInt=0x0
05-17 10:53:13.684  1928  2050 D BtGatt.GattService: onScanResult to scannerId: 2- eventType=0x1b, addressType=1, address=554F93_8, primaryPhy=1, secondaryPhy=0, advertisingSid=0xff, txPower=127, rssi=-61, periodicAdvInt=0x0
05-17 10:53:13.684  1928  2050 D BtGatt.GattService: onScanResult to scannerId: 2- eventType=0x1b, addressType=0, address=84E0F4_2, primaryPhy=1, secondaryPhy=0, advertisingSid=0xff, txPower=127, rssi=-93, periodicAdvInt=0x0
05-17 10:53:13.712  1928  2050 D BtGatt.GattService: onScanResult to scannerId: 2- eventType=0x1b, addressType=1, address=554F93_8, primaryPhy=1, secondaryPhy=0, advertisingSid=0xff, txPower=127, rssi=-62, periodicAdvInt=0x0
05-17 10:53:13.749  1928  2050 D BtGatt.GattService: onScanResult to scannerId: 2- eventType=0x1b, addressType=1, address=554F93_8, primaryPhy=1, secondaryPhy=0, advertisingSid=0xff, txPower=127, rssi=-61, periodicAdvInt=0x0
05-17 10:53:13.754  1928  2050 D BtGatt.GattService: onScanResult to scannerId: 2- eventType=0x1b, addressType=1, address=4795CE_E, primaryPhy=1, secondaryPhy=0, advertisingSid=0xff, txPower=127, rssi=-77, periodicAdvInt=0x0
05-17 10:53:13.797  1200  3617 D SemWifiUsabilityStatsMonitor: onWifiUsabilityStats - seqNum 5558, isSameBssidAndFreq true
05-17 10:53:13.799  1200  1507 I SemWifiLinkQualityMonitor: Link Qos Query: 0.084 ms / 94.895 Mbps (408 / 0.065 / 1.000)
05-17 10:53:13.986  7078  7131 I Elixir  : BleSelfTest: HEARTBEAT events=605 devices=36 meshx_peers=0 sent=7 distinct_msgs=4 beacon_callbacks=33 envelopes=0
05-17 10:53:13.987  7078  7115 I BEAMout : 10:53:13.986 [info] BleSelfTest: HEARTBEAT events=605 devices=36 meshx_peers=0 sent=7 distinct_msgs=4 beacon_callbacks=33 envelopes=0
05-17 10:53:14.763  1200  1902 D ActivityManager: force stop from com.android.server.am.ActivityManagerService.forceStopPackage:4779 com.android.server.am.ActivityManagerShellCommand.runForceStop:1236 
05-17 10:53:14.764  1200  1902 I ActivityManager: Force stopping dev.meshx.mob appid=10313 user=0: from pid 7146
05-17 10:53:14.766  1200  1902 I ActivityManager: Killing 7078:dev.meshx.mob/u0a313 (adj 0): stop dev.meshx.mob due to from pid 7146
05-17 10:53:14.767  1200  1902 D ActivityManager: proc ProcessRecord{8b7cecd 7078:dev.meshx.mob/u0a313} already removed. so we skip next process.
05-17 10:53:14.768  1200  1902 W ActivityTaskManager: Force removing ActivityRecord{f3cefcc u0 dev.meshx.mob/.MainActivity} t423 f}}: app died, no saved state
05-17 10:53:14.769  1200  1902 D InputTransport: Input channel destroyed: '65c87c0', fd=902
05-17 10:53:14.769  1200  1902 W InputManager-JNI: Input channel object '65c87c0 dev.meshx.mob/dev.meshx.mob.MainActivity (client)' was disposed without first being removed with the input manager!
05-17 10:53:14.769  1200  1902 D InputTransport: Input channel destroyed: '65c87c0', fd=905
05-17 10:53:14.769  1200  1247 W UsageStatsService: Unexpected activity event reported! (dev.meshx.mob/dev.meshx.mob.MainActivity event : 23 instanceId : 53684522)
05-17 10:53:14.769  1200  1902 V WindowManager: Remove Window{65c87c0 u0 dev.meshx.mob/dev.meshx.mob.MainActivity}: mSurfaceController=null mAnimatingExit=false mRemoveOnExit=false mHasSurface=false surfaceShowing=false animating=false app-animation=false mWillReplaceWindow=false mDisplayFrozen=false callers=com.android.server.wm.WindowState.removeIfPossible:3219 com.android.server.wm.WindowToken.removeAllWindowsIfPossible:236 com.android.server.wm.ActivityRecord.removeIfPossible:5057 com.android.server.wm.ActivityRecord.onRemovedFromDisplay:5172 com.android.server.wm.DisplayContent.removeAppToken:1695 com.android.server.wm.ActivityRecord.removeFromHistory:4776 
05-17 10:53:14.770  1200  1902 D RestrictionPolicy: isScreenCaptureEnabled : ret=true userId=0
05-17 10:53:14.770  1200  1902 V WindowManager: Nulling last startingData
05-17 10:53:14.773   914   936 I SurfaceFlinger: id=535 createSurf flag=24004, Task=423#535
05-17 10:53:14.775  1200  1902 D ActivityTaskManager: Top Process State changed to PROCESS_STATE_TOP_SLEEPING#2
05-17 10:53:14.778  2413  2413 I RecentsView: onTaskRemoved() taskId : 423
05-17 10:53:14.778  2413  2413 I TopTaskTracker: onTaskRemoved : taskId = 423
05-17 10:53:14.778  2413  2413 I RecentsView: onTaskRemoved() taskId : 423
05-17 10:53:14.778  2413  2413 I TopTaskTracker: onTaskRemoved : taskId = 423
05-17 10:53:14.783  1567  1567 D CarrierSvcBindHelper: onHandleForceStop: [dev.meshx.mob]
05-17 10:53:14.786  1567  1567 D CarrierSvcBindHelper: No carrier app for: 0
05-17 10:53:14.786  1567  1567 D CarrierSvcBindHelper: No carrier app for: 1
05-17 10:53:14.787  1948  1948 D RegisteredNfcFServicesCache: Service unchanged, not updating
05-17 10:53:14.788   914   914 I Layer   : id=532 removeFromCurrentState 65c87c0 dev.meshx.mob/dev.meshx.mob.MainActivity#532 (98)
05-17 10:53:14.788   914   914 I Layer   : id=529 removeFromCurrentState ActivityRecord{f3cefcc u0 dev.meshx.mob/.MainActivity} t423}#529 (98)
05-17 10:53:14.788   914   914 I Layer   : id=528 removeFromCurrentState Task=423#528 (98)
05-17 10:53:14.788   914   914 I Layer   : id=535 removeFromCurrentState Task=423#535 (98)
05-17 10:53:14.788   914   914 I SurfaceFlinger: id=529 Removed ActivityRecord{f3cefcc u0 dev.meshx.mob/.MainActivity} t423}#529 (98)
05-17 10:53:14.788   914   914 I SurfaceFlinger: id=535 Removed Task=423#535 (98)
05-17 10:53:14.788   914   914 I SurfaceFlinger: id=532 Removed 65c87c0 dev.meshx.mob/dev.meshx.mob.MainActivity#532 (98)
05-17 10:53:14.788   914   914 I Layer   : id=535 Destroyed Task=423#535
05-17 10:53:14.788   914   914 I Layer   : id=532 Destroyed 65c87c0 dev.meshx.mob/dev.meshx.mob.MainActivity#532
05-17 10:53:14.788   914   914 I Layer   : id=529 Destroyed ActivityRecord{f3cefcc u0 dev.meshx.mob/.MainActivity} t423}#529
05-17 10:53:14.791  1200  1248 W BroadcastQueue: Background execution not allowed: receiving Intent { act=android.intent.action.PACKAGE_RESTARTED dat=package: flg=0x10 (has extras) } to android/com.kddi.android.CpaNotiReceiver
05-17 10:53:14.871  1928  3855 D LeAppInfo: removeLeacReportedServerApp, appName: dev.meshx.mob
05-17 10:53:14.871  1200  2972 D InputMethodManagerService: removeClient
05-17 10:53:14.872  2598  2598 I adbd    : Remote process closed the socket (on MSG_PEEK)
05-17 10:53:14.872  1200  1902 V ActivityManager: Got obituary of 7078:dev.meshx.mob
05-17 10:53:14.873  1928  2699 I bt_stack: [INFO:le_advertising_manager.cc(70)] Unregister in shim layer
05-17 10:53:14.873  1200  1240 W ActivityManager: setHasOverlayUi called on unknown pid: 7078
05-17 10:53:14.873  1928  2282 W bt_stack: le_advertising_manager :: remove_advertiser - id : 1
05-17 10:53:14.874  1928  2260 E BtGatt.GattService: [GSIM LOG]: gsimLogHandler, msg: MESSAGE_ADV_SET_STOP, appName: dev.meshx.mob, id: 1, isLegacy: true
05-17 10:53:14.878  1928  2699 I BtGatt.AdvertiseManager: error sending onAdvertisingSetStopped callback
05-17 10:53:14.878  1928  2699 I BtGatt.AdvertiseManager: android.os.DeadObjectException
05-17 10:53:14.878  1928  2699 I BtGatt.AdvertiseManager: 	at android.os.BinderProxy.transactNative(Native Method)
05-17 10:53:14.878  1928  2699 I BtGatt.AdvertiseManager: 	at android.os.BinderProxy.transact(BinderProxy.java:662)
05-17 10:53:14.878  1928  2699 I BtGatt.AdvertiseManager: 	at android.bluetooth.le.IAdvertisingSetCallback$Stub$Proxy.onAdvertisingSetStopped(IAdvertisingSetCallback.java:256)
05-17 10:53:14.878  1928  2699 I BtGatt.AdvertiseManager: 	at com.android.bluetooth.gatt.AdvertiseManager.stopAdvertisingSet(AdvertiseManager.java:407)
05-17 10:53:14.878  1928  2699 I BtGatt.AdvertiseManager: 	at com.android.bluetooth.gatt.AdvertiseManager$AdvertisingSetDeathRecipient.binderDied(AdvertiseManager.java:193)
05-17 10:53:14.878  1928  2699 I BtGatt.AdvertiseManager: 	at android.os.IBinder$DeathRecipient.binderDied(IBinder.java:323)
05-17 10:53:14.878  1928  2699 I BtGatt.AdvertiseManager: 	at android.os.BinderProxy.sendDeathNotice(BinderProxy.java:781)
05-17 10:53:14.880  1928  3855 D ActivityAttributionService: notifyActivityAttributionInfo UID=1002 packageName=com.android.bluetooth deviceAddress=no_active_device_address
05-17 10:53:14.880  1928  2248 I bt_stack: [INFO:le_scanning_manager.cc(200)] ScanFilterParamSetup in shim layer
05-17 10:53:14.883  1928  2248 D BtGatt.ContextMap: remove() - id: 2
05-17 10:53:14.883  1928  2248 E BtGatt.ContextMap: remove() - removed: 2
05-17 10:53:14.883  1928  2248 I bt_stack: [INFO:le_scanning_manager.cc(174)] Unregister in shim layer, scanner_id:2
05-17 10:53:14.888  1200  1250 I libprocessgroup: Successfully killed process cgroup uid 10313 pid 7078 in 119ms
05-17 10:53:14.888  1928  2260 E BtGatt.GattService: [GSIM LOG]: gsimLogHandler, msg: MESSAGE_SCAN_STOP, appName: dev.meshx.mob, scannerId: 2, reportDelayMillis=0
05-17 10:53:14.889   837   837 I Zygote  : Process 7078 exited due to signal 9 (Killed)
05-17 10:53:14.890  1928  2260 E LeAppInfo: updateScanStopInfo(), There is NO scan process with :                                      dev.meshx.mob|    Normal|  LowPower| NonFilter|      true|
05-17 10:53:16.722   602   602 D io_stats: !@   8,0 r 1030741 33594868 w 589606 56585764 d 0 0 f 0 0 iot 510924 0 th 0 0 0 pt 0 inp 0 0 203644.295
