05-17 10:52:55.059  1928  2050 D BtGatt.GattService: onScanResult to scannerId: 2- eventType=0x10, addressType=1, address=6D7CF1_5, primaryPhy=1, secondaryPhy=0, advertisingSid=0xff, txPower=127, rssi=-88, periodicAdvInt=0x0
05-17 10:52:55.098  1928  2050 D BtGatt.GattService: onScanResult to scannerId: 2- eventType=0x1b, addressType=1, address=5CA103_4, primaryPhy=1, secondaryPhy=0, advertisingSid=0xff, txPower=127, rssi=-75, periodicAdvInt=0x0
05-17 10:52:55.104  1928  2050 D BtGatt.GattService: onScanResult to scannerId: 2- eventType=0x10, addressType=1, address=52499E_9, primaryPhy=1, secondaryPhy=0, advertisingSid=0xff, txPower=127, rssi=-84, periodicAdvInt=0x0
05-17 10:52:55.114  1928  2050 D BtGatt.GattService: onScanResult to scannerId: 2- eventType=0x1b, addressType=1, address=5C2647_5, primaryPhy=1, secondaryPhy=0, advertisingSid=0xff, txPower=127, rssi=-57, periodicAdvInt=0x0
05-17 10:52:55.124  1928  2050 D BtGatt.GattService: onScanResult to scannerId: 2- eventType=0x1b, addressType=1, address=554F93_8, primaryPhy=1, secondaryPhy=0, advertisingSid=0xff, txPower=127, rssi=-49, periodicAdvInt=0x0
05-17 10:52:55.138  1928  2050 D BtGatt.GattService: onScanResult to scannerId: 2- eventType=0x1a, addressType=1, address=67AF56_4, primaryPhy=1, secondaryPhy=0, advertisingSid=0xff, txPower=127, rssi=-45, periodicAdvInt=0x0
05-17 10:52:55.154  1928  2050 D BtGatt.GattService: onScanResult to scannerId: 2- eventType=0x1b, addressType=1, address=554F93_8, primaryPhy=1, secondaryPhy=0, advertisingSid=0xff, txPower=127, rssi=-49, periodicAdvInt=0x0
05-17 10:52:55.184  1200  3617 D SemWifiUsabilityStatsMonitor: onWifiUsabilityStats - seqNum 5552, isSameBssidAndFreq true
05-17 10:52:55.186  1200  1507 I SemWifiLinkQualityMonitor: Link Qos Query: 0.085 ms / 93.637 Mbps (408 / 0.066 / 1.000)
05-17 10:52:56.796  1928  2050 D BtGatt.GattService: onScanResult to scannerId: 2- eventType=0x10, addressType=1, address=2E6571_5, primaryPhy=1, secondaryPhy=0, advertisingSid=0xff, txPower=127, rssi=-92, periodicAdvInt=0x0
05-17 10:52:56.801  1928  2050 D BtGatt.GattService: onScanResult to scannerId: 2- eventType=0x1b, addressType=1, address=554F93_8, primaryPhy=1, secondaryPhy=0, advertisingSid=0xff, txPower=127, rssi=-61, periodicAdvInt=0x0
05-17 10:52:56.811  1928  2050 D BtGatt.GattService: onScanResult to scannerId: 2- eventType=0x1b, addressType=1, address=5670A3_4, primaryPhy=1, secondaryPhy=0, advertisingSid=0xff, txPower=127, rssi=-35, periodicAdvInt=0x0
05-17 10:52:56.814  1928  2050 D BtGatt.GattService: onScanResult to scannerId: 2- eventType=0x10, addressType=1, address=48C4B1_8, primaryPhy=1, secondaryPhy=0, advertisingSid=0xff, txPower=127, rssi=-35, periodicAdvInt=0x0
05-17 10:52:56.816  1928  2050 D BtGatt.GattService: onScanResult to scannerId: 2- eventType=0x1b, addressType=1, address=568F96_7, primaryPhy=1, secondaryPhy=0, advertisingSid=0xff, txPower=127, rssi=-36, periodicAdvInt=0x0
05-17 10:52:56.826  1928  2050 D BtGatt.GattService: onScanResult to scannerId: 2- eventType=0x1b, addressType=0, address=84E0F4_2, primaryPhy=1, secondaryPhy=0, advertisingSid=0xff, txPower=127, rssi=-91, periodicAdvInt=0x0
05-17 10:52:56.833  1928  2050 D BtGatt.GattService: onScanResult to scannerId: 2- eventType=0x1b, addressType=1, address=554F93_8, primaryPhy=1, secondaryPhy=0, advertisingSid=0xff, txPower=127, rssi=-61, periodicAdvInt=0x0
05-17 10:52:56.844  1928  2050 D BtGatt.GattService: onScanResult to scannerId: 2- eventType=0x10, addressType=1, address=01273F_5, primaryPhy=1, secondaryPhy=0, advertisingSid=0xff, txPower=127, rssi=-96, periodicAdvInt=0x0
05-17 10:52:56.851  1928  2050 D BtGatt.GattService: onScanResult to scannerId: 2- eventType=0x10, addressType=1, address=6D7CF1_5, primaryPhy=1, secondaryPhy=0, advertisingSid=0xff, txPower=127, rssi=-84, periodicAdvInt=0x0
05-17 10:52:56.873  1928  2050 D BtGatt.GattService: onScanResult to scannerId: 2- eventType=0x1b, addressType=1, address=554F93_8, primaryPhy=1, secondaryPhy=0, advertisingSid=0xff, txPower=127, rssi=-61, periodicAdvInt=0x0
05-17 10:52:56.877  1928  2050 D BtGatt.GattService: onScanResult to scannerId: 2- eventType=0x1b, addressType=0, address=84E0F4_2, primaryPhy=1, secondaryPhy=0, advertisingSid=0xff, txPower=127, rssi=-90, periodicAdvInt=0x0
05-17 10:52:56.905  1928  2050 D BtGatt.GattService: onScanResult to scannerId: 2- eventType=0x1a, addressType=1, address=67AF56_4, primaryPhy=1, secondaryPhy=0, advertisingSid=0xff, txPower=127, rssi=-43, periodicAdvInt=0x0
05-17 10:52:56.911  1928  2050 D BtGatt.GattService: onScanResult to scannerId: 2- eventType=0x10, addressType=0, address=BC7E8B_B, primaryPhy=1, secondaryPhy=0, advertisingSid=0xff, txPower=127, rssi=-85, periodicAdvInt=0x0
05-17 10:52:56.914  1928  2050 D BtGatt.GattService: onScanResult to scannerId: 2- eventType=0x1b, addressType=1, address=554F93_8, primaryPhy=1, secondaryPhy=0, advertisingSid=0xff, txPower=127, rssi=-63, periodicAdvInt=0x0
05-17 10:52:56.925  1928  2050 D BtGatt.GattService: onScanResult to scannerId: 2- eventType=0x1b, addressType=1, address=5CA103_4, primaryPhy=1, secondaryPhy=0, advertisingSid=0xff, txPower=127, rssi=-75, periodicAdvInt=0x0
05-17 10:52:56.946  1928  2050 D BtGatt.GattService: onScanResult to scannerId: 2- eventType=0x1b, addressType=1, address=554F93_8, primaryPhy=1, secondaryPhy=0, advertisingSid=0xff, txPower=127, rssi=-61, periodicAdvInt=0x0
05-17 10:52:56.947  1928  2050 D BtGatt.GattService: onScanResult to scannerId: 2- eventType=0x10, addressType=1, address=52499E_9, primaryPhy=1, secondaryPhy=0, advertisingSid=0xff, txPower=127, rssi=-81, periodicAdvInt=0x0
05-17 10:52:56.955  1928  2050 D BtGatt.GattService: onScanResult to scannerId: 2- eventType=0x1b, addressType=0, address=84E0F4_2, primaryPhy=1, secondaryPhy=0, advertisingSid=0xff, txPower=127, rssi=-91, periodicAdvInt=0x0
05-17 10:52:56.956  1928  2050 D BtGatt.GattService: onScanResult to scannerId: 2- eventType=0x1b, addressType=1, address=4795CE_E, primaryPhy=1, secondaryPhy=0, advertisingSid=0xff, txPower=127, rssi=-78, periodicAdvInt=0x0
05-17 10:52:56.981  1928  2050 D BtGatt.GattService: onScanResult to scannerId: 2- eventType=0x1b, addressType=1, address=554F93_8, primaryPhy=1, secondaryPhy=0, advertisingSid=0xff, txPower=127, rssi=-61, periodicAdvInt=0x0
05-17 10:52:56.991  1928  2050 D BtGatt.GattService: onScanResult to scannerId: 2- eventType=0x10, addressType=1, address=48C4B1_8, primaryPhy=1, secondaryPhy=0, advertisingSid=0xff, txPower=127, rssi=-35, periodicAdvInt=0x0
05-17 10:52:57.005  1928  2050 D BtGatt.GattService: onScanResult to scannerId: 2- eventType=0x10, addressType=1, address=2E6571_5, primaryPhy=1, secondaryPhy=0, advertisingSid=0xff, txPower=127, rssi=-93, periodicAdvInt=0x0
05-17 10:52:57.019  1928  2050 D BtGatt.GattService: onScanResult to scannerId: 2- eventType=0x1b, addressType=1, address=554F93_8, primaryPhy=1, secondaryPhy=0, advertisingSid=0xff, txPower=127, rssi=-61, periodicAdvInt=0x0
05-17 10:52:57.042  1928  2050 D BtGatt.GattService: onScanResult to scannerId: 2- eventType=0x1a, addressType=1, address=67AF56_4, primaryPhy=1, secondaryPhy=0, advertisingSid=0xff, txPower=127, rssi=-43, periodicAdvInt=0x0
05-17 10:52:58.054   914   914 I SurfaceFlinger: SFWD update time=203625627337585
05-17 10:52:58.294  1200  3617 D SemWifiUsabilityStatsMonitor: onWifiUsabilityStats - seqNum 5553, isSameBssidAndFreq true
05-17 10:52:58.297  1200  1507 I SemWifiLinkQualityMonitor: Link Qos Query: 0.083 ms / 96.559 Mbps (408 / 0.063 / 1.000)
05-17 10:52:58.651  1928  2050 D BtGatt.GattService: onScanResult to scannerId: 2- eventType=0x1b, addressType=0, address=84E0F4_2, primaryPhy=1, secondaryPhy=0, advertisingSid=0xff, txPower=127, rssi=-79, periodicAdvInt=0x0
05-17 10:52:58.657  1928  2050 D BtGatt.GattService: onScanResult to scannerId: 2- eventType=0x1b, addressType=0, address=84E0F4_2, primaryPhy=1, secondaryPhy=0, advertisingSid=0xff, txPower=127, rssi=-78, periodicAdvInt=0x0
05-17 10:52:58.682  1928  2050 D BtGatt.GattService: onScanResult to scannerId: 2- eventType=0x1b, addressType=1, address=554F93_8, primaryPhy=1, secondaryPhy=0, advertisingSid=0xff, txPower=127, rssi=-51, periodicAdvInt=0x0
05-17 10:52:58.690  1928  2050 D BtGatt.GattService: onScanResult to scannerId: 2- eventType=0x10, addressType=1, address=48C4B1_8, primaryPhy=1, secondaryPhy=0, advertisingSid=0xff, txPower=127, rssi=-35, periodicAdvInt=0x0
05-17 10:52:58.703  1928  2050 D BtGatt.GattService: onScanResult to scannerId: 2- eventType=0x10, addressType=1, address=288E0C_6, primaryPhy=1, secondaryPhy=0, advertisingSid=0xff, txPower=127, rssi=-92, periodicAdvInt=0x0
05-17 10:52:58.705  1928  2050 D BtGatt.GattService: onScanResult to scannerId: 2- eventType=0x1b, addressType=1, address=5C2647_5, primaryPhy=1, secondaryPhy=0, advertisingSid=0xff, txPower=127, rssi=-72, periodicAdvInt=0x0
05-17 10:52:58.714  1928  2050 D BtGatt.GattService: onScanResult to scannerId: 2- eventType=0x1b, addressType=1, address=554F93_8, primaryPhy=1, secondaryPhy=0, advertisingSid=0xff, txPower=127, rssi=-51, periodicAdvInt=0x0
05-17 10:52:58.738  1928  2050 D BtGatt.GattService: onScanResult to scannerId: 2- eventType=0x10, addressType=1, address=6D7CF1_5, primaryPhy=1, secondaryPhy=0, advertisingSid=0xff, txPower=127, rssi=-79, periodicAdvInt=0x0
05-17 10:52:58.745  1928  2050 D BtGatt.GattService: onScanResult to scannerId: 2- eventType=0x1b, addressType=0, address=94944A_D, primaryPhy=1, secondaryPhy=0, advertisingSid=0xff, txPower=127, rssi=-85, periodicAdvInt=0x0
05-17 10:52:58.749  1928  2050 D BtGatt.GattService: onScanResult to scannerId: 2- eventType=0x1b, addressType=1, address=554F93_8, primaryPhy=1, secondaryPhy=0, advertisingSid=0xff, txPower=127, rssi=-51, periodicAdvInt=0x0
05-17 10:52:58.751  1928  2050 D BtGatt.GattService: onScanResult to scannerId: 2- eventType=0x1b, addressType=1, address=5CA103_4, primaryPhy=1, secondaryPhy=0, advertisingSid=0xff, txPower=127, rssi=-80, periodicAdvInt=0x0
05-17 10:52:58.756  1928  2050 D BtGatt.GattService: onScanResult to scannerId: 2- eventType=0x1b, addressType=0, address=84E0F4_2, primaryPhy=1, secondaryPhy=0, advertisingSid=0xff, txPower=127, rssi=-78, periodicAdvInt=0x0
05-17 10:52:58.759  1928  2050 D BtGatt.GattService: onScanResult to scannerId: 2- eventType=0x10, addressType=0, address=BC455B_A, primaryPhy=1, secondaryPhy=0, advertisingSid=0xff, txPower=127, rssi=-84, periodicAdvInt=0x0
05-17 10:52:58.761  1928  2050 D BtGatt.GattService: onScanResult to scannerId: 2- eventType=0x10, addressType=0, address=BC7E8B_B, primaryPhy=1, secondaryPhy=0, advertisingSid=0xff, txPower=127, rssi=-82, periodicAdvInt=0x0
05-17 10:52:58.782  1928  2050 D BtGatt.GattService: onScanResult to scannerId: 2- eventType=0x10, addressType=1, address=70B0D9_E, primaryPhy=1, secondaryPhy=0, advertisingSid=0xff, txPower=127, rssi=-82, periodicAdvInt=0x0
05-17 10:52:58.807  1928  2050 D BtGatt.GattService: onScanResult to scannerId: 2- eventType=0x1b, addressType=1, address=554F93_8, primaryPhy=1, secondaryPhy=0, advertisingSid=0xff, txPower=127, rssi=-51, periodicAdvInt=0x0
05-17 10:52:58.820  1928  2050 D BtGatt.GattService: onScanResult to scannerId: 2- eventType=0x1b, addressType=0, address=84E0F4_2, primaryPhy=1, secondaryPhy=0, advertisingSid=0xff, txPower=127, rssi=-79, periodicAdvInt=0x0
05-17 10:52:58.838  1928  2050 D BtGatt.GattService: onScanResult to scannerId: 2- eventType=0x1b, addressType=1, address=554F93_8, primaryPhy=1, secondaryPhy=0, advertisingSid=0xff, txPower=127, rssi=-51, periodicAdvInt=0x0
05-17 10:52:58.844  1928  2050 D BtGatt.GattService: onScanResult to scannerId: 2- eventType=0x1b, addressType=0, address=94944A_D, primaryPhy=1, secondaryPhy=0, advertisingSid=0xff, txPower=127, rssi=-86, periodicAdvInt=0x0
05-17 10:52:58.869  1928  2050 D BtGatt.GattService: onScanResult to scannerId: 2- eventType=0x1b, addressType=0, address=84E0F4_2, primaryPhy=1, secondaryPhy=0, advertisingSid=0xff, txPower=127, rssi=-78, periodicAdvInt=0x0
05-17 10:52:58.877  1928  2050 D BtGatt.GattService: onScanResult to scannerId: 2- eventType=0x1b, addressType=1, address=554F93_8, primaryPhy=1, secondaryPhy=0, advertisingSid=0xff, txPower=127, rssi=-51, periodicAdvInt=0x0
05-17 10:52:58.888  1928  2050 D BtGatt.GattService: onScanResult to scannerId: 2- eventType=0x10, addressType=1, address=638088_4, primaryPhy=1, secondaryPhy=0, advertisingSid=0xff, txPower=127, rssi=-80, periodicAdvInt=0x0
05-17 10:52:58.909  1928  2050 D BtGatt.GattService: onScanResult to scannerId: 2- eventType=0x10, addressType=1, address=48C4B1_8, primaryPhy=1, secondaryPhy=0, advertisingSid=0xff, txPower=127, rssi=-36, periodicAdvInt=0x0
05-17 10:52:58.913  1928  2050 D BtGatt.GattService: onScanResult to scannerId: 2- eventType=0x1b, addressType=1, address=568F96_7, primaryPhy=1, secondaryPhy=0, advertisingSid=0xff, txPower=127, rssi=-36, periodicAdvInt=0x0
05-17 10:52:58.983  7078  7131 I Elixir  : BleSelfTest: HEARTBEAT events=450 devices=32 meshx_peers=0 sent=5 distinct_msgs=3 beacon_callbacks=24 envelopes=0
05-17 10:52:58.984  7078  7115 I BEAMout : 10:52:58.983 [info] BleSelfTest: HEARTBEAT events=450 devices=32 meshx_peers=0 sent=5 distinct_msgs=3 beacon_callbacks=24 envelopes=0
05-17 10:52:59.146  7078  7078 I BluetoothAdapter: STATE_ON
05-17 10:52:59.146  7078  7078 I BluetoothAdapter: STATE_ON
05-17 10:52:59.146  7078  7078 I BluetoothAdapter: STATE_ON
05-17 10:52:59.147  7078  7078 D BluetoothLeAdvertiser: Stop AdvertingSet
05-17 10:52:59.149  1928  3855 I bt_stack: [INFO:le_advertising_manager.cc(70)] Unregister in shim layer
05-17 10:52:59.150  1928  2282 W bt_stack: le_advertising_manager :: remove_advertiser - id : 2
05-17 10:52:59.150  1928  2260 E BtGatt.GattService: [GSIM LOG]: gsimLogHandler, msg: MESSAGE_ADV_SET_STOP, appName: dev.meshx.mob, id: 2, isLegacy: true
05-17 10:52:59.154  7078  7078 D BluetoothLeAdvertiser: onAdvertisingSetStopped(2)
05-17 10:52:59.239   869   869 E sehhealth-service: Could not open /sys/class/power_supply/battery/lrp
05-17 10:52:59.841  2905  2905 I SDHMS:LOAD: type: LoadsFreqs, value: 0:0:0:650000:650000:650000:650000:650000:650000:0:0:0
05-17 10:53:00.003  1613  2121 I DateTimeView: updateAll - getTimeFormat
05-17 10:53:00.003  1613  1613 D KeyguardUpdateMonitor: received broadcast android.intent.action.TIME_TICK
05-17 10:53:00.004  1613  1613 D KeyguardUpdateMonitor: handleTimeUpdate
05-17 10:53:00.004  1613  1613 D FaceWidgetPagesController: onTimeChanged()
05-17 10:53:00.005  1613  1613 D FaceWidgetPagesController: refreshViews() reason = ON_TIME_TICK, force = false
05-17 10:53:00.006  1613  2121 D QSClockBellTower: onReceive(android.intent.action.TIME_TICK) mTimeZoneString:null
05-17 10:53:00.008  1613  1613 I DigitalHorizontalClockView_LOCK_SCREEN_2@667: updatePaletteItemTransition : paletteItem = SOLID color : FFEBEBEB, animation = false
05-17 10:53:00.008  1613  1613 I DigitalHorizontalClockView_LOCK_SCREEN_2@667: scaleDateView: viewWidth=173.0, maxWidth=842, scale=1.0
05-17 10:53:00.008  1613  1613 I DigitalHorizontalClockView_LOCK_SCREEN_2@667: scaleTimeView: measureWidth=356.0, maxWidth=842
05-17 10:53:00.012  1613  1613 D QSClockBellTower: He is ready to ring the bell. (((QSClockBellSound - TimeText:10:53, TimeContentDescription:10:53 AM, DateText:Sun, May 17, ShortDateText:Sun, May 17, Demo:false, QuickStar-Second(false|12:34:56))))
05-17 10:53:00.012  1613  1613 D QSClockIndicatorView: Home Indicator status_bar_clock 10:53   Sun, May 17 notifyTimeChanged(QSClockBellSound - TimeText:10:53, TimeContentDescription:10:53 AM, DateText:Sun, May 17, ShortDateText:Sun, May 17, Demo:false, QuickStar-Second(false|12:34:56)) ClockVisibleByPolicy:true, ClockVisibleByUser:true, visible?false, parent:android.widget.LinearLayout{f3c6910 V.E...... ........ 0,0-0,48 #7f0b0510 app:id/left_clock_container}
05-17 10:53:00.013  1613  1613 D QSClockBellTower: Everyone heard the bell. run(currentTime:1779040380010,   getTime():Sun May 17 10:53:00 PDT 2026,   getTimeZone():libcore.util.ZoneInfo[mDstSavings=3600000,mUseDst=true,mDelegate=[id="America/Los_Angeles",mRawOffset=-28800000,mEarliestRawOffset=-28378000,transitions=186]])
05-17 10:53:00.022  1613  1613 I FaceWidgetClockPage: onLayoutChanged: [243, 0, 598, 206] ->[243, 0, 599, 206] 
05-17 10:53:00.025  1613  1613 V QsExpandAnimator: setQsExpansionPosition 0.0
05-17 10:53:00.030  1613  1613 I FaceWidgetViewModel: isEditModeAnimating: false
05-17 10:53:00.030  1613  1613 I FaceWidgetClockPage: updateClockRect: RectF(422.0, 211.0, 778.0, 417.0)
05-17 10:53:00.030  1613  1613 I FaceWidgetClockRectManager: needRefreshClockRect ret=false, maxDiffRatio=8.3333254E-4, max=0.99999905 [RectF(0.3425, 0.10989583, 0.6575, 0.2171875)] vs [RectF(0.34333333, 0.10989583, 0.6566667, 0.2171875)]
05-17 10:53:00.030  1613  1613 V QsExpandAnimator: updateAnimators
05-17 10:53:00.031  1613  1613 V QsExpandAnimator: clearAnimationState 
05-17 10:53:00.031  1613  1613 V QsExpandAnimator: updateViews
05-17 10:53:00.032  1613  1613 V QsExpandAnimator: updateTileAnimator
05-17 10:53:00.033  1613  1613 V QsExpandAnimator: updateHeaderAnimator
05-17 10:53:00.034  1613  1613 V QsExpandAnimator: updateBarAnimator
05-17 10:53:00.034  1613  1613 V QsExpandAnimator: setQsExpansionPosition 0.0
05-17 10:53:00.034  1613  1613 V QsExpandAnimator: onAnimationAtStart
05-17 10:53:00.384  1707  1707 I wpa_supplicant: Heartbeat 20342
05-17 10:53:00.517  1928  2050 D BtGatt.GattService: onScanResult to scannerId: 2- eventType=0x1b, addressType=1, address=554F93_8, primaryPhy=1, secondaryPhy=0, advertisingSid=0xff, txPower=127, rssi=-49, periodicAdvInt=0x0
05-17 10:53:00.530  1928  2050 D BtGatt.GattService: onScanResult to scannerId: 2- eventType=0x1a, addressType=1, address=561BAC_3, primaryPhy=1, secondaryPhy=0, advertisingSid=0xff, txPower=127, rssi=-45, periodicAdvInt=0x0
05-17 10:53:00.541  7078  7078 I MeshxBleScanRaw: device_id=56:1B:AC:4A:82:23 rssi=-45 advertisement_b64=Gf///01CAQEBAG+iWknTHYKI9wgG7dwoW8wAAAAAAAAAAAAAAAAAAAAAAAAAAAAAAAAAAAAAAAAAAAAAAAA= manufacturer_ids=[65535] service_uuids=[]
05-17 10:53:00.542  7078  7131 I Elixir  : BleSelfTest: DISTINCT MESH MESSAGE kind=beacon key=f70806eddc285bcc:6fa25a49d31d8288 from=sender_hash=f70806eddc285bcc device_id=56:1B:AC:4A:82:23 first_seen_after=25_callbacks
05-17 10:53:00.543  7078  7115 I BEAMout : 10:53:00.542 [info] BleSelfTest: DISTINCT MESH MESSAGE kind=beacon key=f70806eddc285bcc:6fa25a49d31d8288 from=sender_hash=f70806eddc285bcc device_id=56:1B:AC:4A:82:23 first_seen_after=25_callbacks
05-17 10:53:00.583  1928  2050 D BtGatt.GattService: onScanResult to scannerId: 2- eventType=0x10, addressType=1, address=6F1095_8, primaryPhy=1, secondaryPhy=0, advertisingSid=0xff, txPower=127, rssi=-86, periodicAdvInt=0x0
05-17 10:53:00.586  1928  2050 D BtGatt.GattService: onScanResult to scannerId: 2- eventType=0x1b, addressType=1, address=5CA103_4, primaryPhy=1, secondaryPhy=0, advertisingSid=0xff, txPower=127, rssi=-78, periodicAdvInt=0x0
05-17 10:53:00.590  1928  2050 D BtGatt.GattService: onScanResult to scannerId: 2- eventType=0x1b, addressType=1, address=554F93_8, primaryPhy=1, secondaryPhy=0, advertisingSid=0xff, txPower=127, rssi=-49, periodicAdvInt=0x0
05-17 10:53:00.599  1928  2050 D BtGatt.GattService: onScanResult to scannerId: 2- eventType=0x10, addressType=1, address=2B28E0_D, primaryPhy=1, secondaryPhy=0, advertisingSid=0xff, txPower=127, rssi=-93, periodicAdvInt=0x0
05-17 10:53:00.608  7078  7078 I MeshxBleScanRaw: device_id=2B:28:E0:38:5F:5D rssi=-93 advertisement_b64=Hv8GAAEJICIiVNZhEDLgMa82zQJSygycPkuwpONwagAAAAAAAAAAAAAAAAAAAAAAAAAAAAAAAAAAAAAAAAA= manufacturer_ids=[6] service_uuids=[]
05-17 10:53:00.625  1928  2050 D BtGatt.GattService: onScanResult to scannerId: 2- eventType=0x10, addressType=0, address=BC455B_A, primaryPhy=1, secondaryPhy=0, advertisingSid=0xff, txPower=127, rssi=-80, periodicAdvInt=0x0
05-17 10:53:00.631  1928  2050 D BtGatt.GattService: onScanResult to scannerId: 2- eventType=0x10, addressType=1, address=6D7CF1_5, primaryPhy=1, secondaryPhy=0, advertisingSid=0xff, txPower=127, rssi=-88, periodicAdvInt=0x0
05-17 10:53:00.634  1928  2050 D BtGatt.GattService: onScanResult to scannerId: 2- eventType=0x1b, addressType=1, address=5C2647_5, primaryPhy=1, secondaryPhy=0, advertisingSid=0xff, txPower=127, rssi=-57, periodicAdvInt=0x0
05-17 10:53:00.636  1928  2050 D BtGatt.GattService: onScanResult to scannerId: 2- eventType=0x1b, addressType=1, address=5670A3_4, primaryPhy=1, secondaryPhy=0, advertisingSid=0xff, txPower=127, rssi=-37, periodicAdvInt=0x0
05-17 10:53:00.656  1928  2050 D BtGatt.GattService: onScanResult to scannerId: 2- eventType=0x1b, addressType=1, address=554F93_8, primaryPhy=1, secondaryPhy=0, advertisingSid=0xff, txPower=127, rssi=-49, periodicAdvInt=0x0
05-17 10:53:00.670  1928  2050 D BtGatt.GattService: onScanResult to scannerId: 2- eventType=0x1a, addressType=1, address=561BAC_3, primaryPhy=1, secondaryPhy=0, advertisingSid=0xff, txPower=127, rssi=-45, periodicAdvInt=0x0
05-17 10:53:00.687  1928  2050 D BtGatt.GattService: onScanResult to scannerId: 2- eventType=0x1b, addressType=1, address=554F93_8, primaryPhy=1, secondaryPhy=0, advertisingSid=0xff, txPower=127, rssi=-49, periodicAdvInt=0x0
05-17 10:53:00.702  1928  2050 D BtGatt.GattService: onScanResult to scannerId: 2- eventType=0x1b, addressType=1, address=554F93_8, primaryPhy=1, secondaryPhy=0, advertisingSid=0xff, txPower=127, rssi=-49, periodicAdvInt=0x0
05-17 10:53:00.705  1928  2050 D BtGatt.GattService: onScanResult to scannerId: 2- eventType=0x10, addressType=1, address=E14EFB_7, primaryPhy=1, secondaryPhy=0, advertisingSid=0xff, txPower=127, rssi=-49, periodicAdvInt=0x0
05-17 10:53:00.718   602   602 D io_stats: !@   8,0 r 1030740 33594864 w 589603 56585748 d 0 0 f 0 0 iot 510916 0 th 0 0 0 pt 0 inp 0 0 203628.290
05-17 10:53:00.730  1928  2050 D BtGatt.GattService: onScanResult to scannerId: 2- eventType=0x1b, addressType=1, address=554F93_8, primaryPhy=1, secondaryPhy=0, advertisingSid=0xff, txPower=127, rssi=-49, periodicAdvInt=0x0
05-17 10:53:00.750  1928  2050 D BtGatt.GattService: onScanResult to scannerId: 2- eventType=0x10, addressType=1, address=638088_4, primaryPhy=1, secondaryPhy=0, advertisingSid=0xff, txPower=127, rssi=-82, periodicAdvInt=0x0
05-17 10:53:00.768  1928  2050 D BtGatt.GattService: onScanResult to scannerId: 2- eventType=0x10, addressType=0, address=BC455B_A, primaryPhy=1, secondaryPhy=0, advertisingSid=0xff, txPower=127, rssi=-78, periodicAdvInt=0x0
05-17 10:53:01.102  7078  7131 I BluetoothAdapter: STATE_ON
05-17 10:53:01.102  7078  7131 I BluetoothAdapter: STATE_ON
05-17 10:53:01.105  7078  7131 I BluetoothAdapter: STATE_ON
05-17 10:53:01.108  7078  7131 I BluetoothAdapter: STATE_ON
05-17 10:53:01.108  7078  7131 I MeshxBleDispatch: {"v":1,"event":"ble_capabilities","supports_extended_advertising":true,"max_advertising_data_length":1024,"is_multiple_advertisement_supported":true,"legacy_manufacturer_payload_budget":24}
05-17 10:53:01.109  7078  7131 I BluetoothAdapter: STATE_ON
05-17 10:53:01.111  7078  7131 I BluetoothAdapter: STATE_ON
05-17 10:53:01.115  7078  7131 I BluetoothAdapter: STATE_ON
05-17 10:53:01.115  7078  7131 I BluetoothAdapter: STATE_ON
05-17 10:53:01.115  7078  7131 I BluetoothAdapter: STATE_ON
05-17 10:53:01.115  7078  7131 I BluetoothAdapter: STATE_ON
05-17 10:53:01.119  1928  3855 I bt_stack: [INFO:le_advertising_manager.cc(137)] StartAdvertisingSet in shim layer
05-17 10:53:01.119  1928  3855 W bt_stack: le_advertising_manager :: allocate_advertiser - id : 2
05-17 10:53:01.119  1928  3855 I bt_stack: [INFO:le_advertising_manager.cc(157)] create advertising set, reg_id:-5141, id:2
05-17 10:53:01.120  1928  2282 W bt_stack: le_advertising_manager :: create_extended_advertiser - id : 2
05-17 10:53:01.121  1928  2282 W bt_stack: le_advertising_manager :: enable_advertiser - id : 2
05-17 10:53:01.121  7078  7131 I MeshxBleDispatch: {"v":1,"event":"attempt_outcome","attempt_id":"selftest-1779040381101","message_id":"qEsXLJzIe8HvMMCeErcDMw==","target_peer_id":"broadcast","target_device_ids":["broadcast"],"kind":"dispatched","reason":"legacy_beacon_fallback","adapter":"ble_android","outcome_at_ms":204053163}
05-17 10:53:01.122  7078  7131 I MeshxBleNative: sendToPeer(broadcast, 31B) -> DISPATCHED reason=legacy_beacon_fallback
05-17 10:53:01.122  7078  7131 I Elixir  : BleSelfTest: MESH MESSAGE SENT payload="hello-from-meshx-dev-1779040381" result=:ok
05-17 10:53:01.123  7078  7131 W Elixir  : BleSelfTest: bridge error unknown: {"v":1,"event":"attempt_outcome","attempt_id":"selftest-1779040381101","message_id":"qEsXLJzIe8HvMMCeErcDMw==","target_peer_id":"broadcast","target_device_ids":["broadcast"],"kind":"dispatched","reason":"legacy_beacon_fallback","adapter":"ble_android","outcome_at_ms":204053163}
05-17 10:53:01.124  7078  7115 I BEAMout : 10:53:01.122 [info] BleSelfTest: MESH MESSAGE SENT payload="hello-from-meshx-dev-1779040381" result=:ok
05-17 10:53:01.124  7078  7115 I BEAMout : 10:53:01.123 [warning] BleSelfTest: bridge error unknown: {"v":1,"event":"attempt_outcome","attempt_id":"selftest-1779040381101","message_id":"qEsXLJzIe8HvMMCeErcDMw==","target_peer_id":"broadcast","target_device_ids":["broadcast"],"kind":"dispatched","reason":"legacy_beacon_fallback","adapter":"ble_android","outcome_at_ms":204053163}
05-17 10:53:01.137  1928  2260 E BtGatt.GattService: [GSIM LOG]: gsimLogHandler, msg: MESSAGE_ADV_SET_START, appName: dev.meshx.mob, id: 2, isLegacy: true
05-17 10:53:01.148  7078  7078 D BluetoothLeAdvertiser: onAdvertisingSetStarted(2, -7, 0)
05-17 10:53:01.151  7078  7078 I MeshxBleDispatch: {"v":1,"event":"legacy_beacon_advertising_started","attempt_id":"selftest-1779040381101","beacon_size":22,"beacon":"TUIBAQEAGBWFykygdKgS94VXUXoT+Q==","message_id_hash":"GBWFykygdKg=","sender_peer_id_hash":"EveFV1F6E\/k=","payload_kind":"TX","envelope_version":1,"window_ms":5000,"data_carrier":"legacy_advertisement"}
05-17 10:53:01.380  1200  3617 D SemWifiUsabilityStatsMonitor: onWifiUsabilityStats - seqNum 5554, isSameBssidAndFreq true
05-17 10:53:01.383  1200  1507 I SemWifiLinkQualityMonitor: Link Qos Query: 0.073 ms / 109.730 Mbps (408 / 0.053 / 1.000)
05-17 10:53:02.391  1928  2050 D BtGatt.GattService: onScanResult to scannerId: 2- eventType=0x1b, addressType=1, address=554F93_8, primaryPhy=1, secondaryPhy=0, advertisingSid=0xff, txPower=127, rssi=-61, periodicAdvInt=0x0
05-17 10:53:02.404  1928  2050 D BtGatt.GattService: onScanResult to scannerId: 2- eventType=0x10, addressType=1, address=48C4B1_8, primaryPhy=1, secondaryPhy=0, advertisingSid=0xff, txPower=127, rssi=-35, periodicAdvInt=0x0
05-17 10:53:02.414  1928  2050 D BtGatt.GattService: onScanResult to scannerId: 2- eventType=0x1b, addressType=1, address=5CA103_4, primaryPhy=1, secondaryPhy=0, advertisingSid=0xff, txPower=127, rssi=-75, periodicAdvInt=0x0
05-17 10:53:02.427  1928  2050 D BtGatt.GattService: onScanResult to scannerId: 2- eventType=0x1b, addressType=1, address=554F93_8, primaryPhy=1, secondaryPhy=0, advertisingSid=0xff, txPower=127, rssi=-61, periodicAdvInt=0x0
05-17 10:53:02.459  1928  2050 D BtGatt.GattService: onScanResult to scannerId: 2- eventType=0x1b, addressType=1, address=554F93_8, primaryPhy=1, secondaryPhy=0, advertisingSid=0xff, txPower=127, rssi=-61, periodicAdvInt=0x0
05-17 10:53:02.470  1928  2050 D BtGatt.GattService: onScanResult to scannerId: 2- eventType=0x10, addressType=0, address=BC455B_A, primaryPhy=1, secondaryPhy=0, advertisingSid=0xff, txPower=127, rssi=-73, periodicAdvInt=0x0
05-17 10:53:02.474  1928  2050 D BtGatt.GattService: onScanResult to scannerId: 2- eventType=0x1b, addressType=1, address=4795CE_E, primaryPhy=1, secondaryPhy=0, advertisingSid=0xff, txPower=127, rssi=-78, periodicAdvInt=0x0
05-17 10:53:02.501  1928  2050 D BtGatt.GattService: onScanResult to scannerId: 2- eventType=0x10, addressType=1, address=6D7CF1_5, primaryPhy=1, secondaryPhy=0, advertisingSid=0xff, txPower=127, rssi=-84, periodicAdvInt=0x0
05-17 10:53:02.536  1928  2050 D BtGatt.GattService: onScanResult to scannerId: 2- eventType=0x1b, addressType=1, address=554F93_8, primaryPhy=1, secondaryPhy=0, advertisingSid=0xff, txPower=127, rssi=-61, periodicAdvInt=0x0
05-17 10:53:02.540  1928  2050 D BtGatt.GattService: onScanResult to scannerId: 2- eventType=0x10, addressType=1, address=52499E_9, primaryPhy=1, secondaryPhy=0, advertisingSid=0xff, txPower=127, rssi=-81, periodicAdvInt=0x0
05-17 10:53:02.559  1928  2050 D BtGatt.GattService: onScanResult to scannerId: 2- eventType=0x1b, addressType=1, address=5C2647_5, primaryPhy=1, secondaryPhy=0, advertisingSid=0xff, txPower=127, rssi=-67, periodicAdvInt=0x0
05-17 10:53:02.564  1928  2050 D BtGatt.GattService: onScanResult to scannerId: 2- eventType=0x1a, addressType=1, address=561BAC_3, primaryPhy=1, secondaryPhy=0, advertisingSid=0xff, txPower=127, rssi=-44, periodicAdvInt=0x0
05-17 10:53:02.578  1928  2050 D BtGatt.GattService: onScanResult to scannerId: 2- eventType=0x1b, addressType=1, address=DD0D30_2, primaryPhy=1, secondaryPhy=0, advertisingSid=0xff, txPower=127, rssi=-66, periodicAdvInt=0x0
05-17 10:53:02.590  1928  2050 D BtGatt.GattService: onScanResult to scannerId: 2- eventType=0x10, addressType=1, address=48C4B1_8, primaryPhy=1, secondaryPhy=0, advertisingSid=0xff, txPower=127, rssi=-35, periodicAdvInt=0x0
05-17 10:53:02.602  1928  2050 D BtGatt.GattService: onScanResult to scannerId: 2- eventType=0x1b, addressType=1, address=554F93_8, primaryPhy=1, secondaryPhy=0, advertisingSid=0xff, txPower=127, rssi=-61, periodicAdvInt=0x0
05-17 10:53:03.984  7078  7131 I Elixir  : BleSelfTest: HEARTBEAT events=484 devices=33 meshx_peers=0 sent=6 distinct_msgs=4 beacon_callbacks=27 envelopes=0
05-17 10:53:03.985  7078  7115 I BEAMout : 10:53:03.984 [info] BleSelfTest: HEARTBEAT events=484 devices=33 meshx_peers=0 sent=6 distinct_msgs=4 beacon_callbacks=27 envelopes=0
05-17 10:53:04.026  1200  1243 E Watchdog: !@Sync: 6784 heap: 87 / 91 FD: 914 [2026-05-17 10:53:04.025]
05-17 10:53:04.230  1928  2050 D BtGatt.GattService: onScanResult to scannerId: 2- eventType=0x1b, addressType=1, address=5CA103_4, primaryPhy=1, secondaryPhy=0, advertisingSid=0xff, txPower=127, rssi=-80, periodicAdvInt=0x0
05-17 10:53:04.236  1928  2050 D BtGatt.GattService: onScanResult to scannerId: 2- eventType=0x1b, addressType=1, address=DD0D30_2, primaryPhy=1, secondaryPhy=0, advertisingSid=0xff, txPower=127, rssi=-61, periodicAdvInt=0x0
05-17 10:53:04.248  1928  2050 D BtGatt.GattService: onScanResult to scannerId: 2- eventType=0x1b, addressType=1, address=554F93_8, primaryPhy=1, secondaryPhy=0, advertisingSid=0xff, txPower=127, rssi=-51, periodicAdvInt=0x0
05-17 10:53:04.258  1928  2050 D BtGatt.GattService: onScanResult to scannerId: 2- eventType=0x10, addressType=1, address=027F8E_3, primaryPhy=1, secondaryPhy=0, advertisingSid=0xff, txPower=127, rssi=-94, periodicAdvInt=0x0
05-17 10:53:04.264  1928  2050 D BtGatt.GattService: onScanResult to scannerId: 2- eventType=0x1b, addressType=0, address=84E0F4_2, primaryPhy=1, secondaryPhy=0, advertisingSid=0xff, txPower=127, rssi=-80, periodicAdvInt=0x0
05-17 10:53:04.274  1928  2050 D BtGatt.GattService: onScanResult to scannerId: 2- eventType=0x10, addressType=1, address=6D7CF1_5, primaryPhy=1, secondaryPhy=0, advertisingSid=0xff, txPower=127, rssi=-78, periodicAdvInt=0x0
05-17 10:53:04.282  1928  2050 D BtGatt.GattService: onScanResult to scannerId: 2- eventType=0x1b, addressType=1, address=554F93_8, primaryPhy=1, secondaryPhy=0, advertisingSid=0xff, txPower=127, rssi=-51, periodicAdvInt=0x0
05-17 10:53:04.286  1928  2050 D BtGatt.GattService: onScanResult to scannerId: 2- eventType=0x1b, addressType=0, address=84E0F4_2, primaryPhy=1, secondaryPhy=0, advertisingSid=0xff, txPower=127, rssi=-78, periodicAdvInt=0x0
05-17 10:53:04.317  1928  2050 D BtGatt.GattService: onScanResult to scannerId: 2- eventType=0x1b, addressType=1, address=568F96_7, primaryPhy=1, secondaryPhy=0, advertisingSid=0xff, txPower=127, rssi=-35, periodicAdvInt=0x0
05-17 10:53:04.317  1928  2050 D BtGatt.GattService: onScanResult to scannerId: 2- eventType=0x10, addressType=1, address=48C4B1_8, primaryPhy=1, secondaryPhy=0, advertisingSid=0xff, txPower=127, rssi=-35, periodicAdvInt=0x0
05-17 10:53:04.319  1928  2050 D BtGatt.GattService: onScanResult to scannerId: 2- eventType=0x1b, addressType=1, address=554F93_8, primaryPhy=1, secondaryPhy=0, advertisingSid=0xff, txPower=127, rssi=-51, periodicAdvInt=0x0
05-17 10:53:04.340  1928  2050 D BtGatt.GattService: onScanResult to scannerId: 2- eventType=0x1a, addressType=1, address=561BAC_3, primaryPhy=1, secondaryPhy=0, advertisingSid=0xff, txPower=127, rssi=-44, periodicAdvInt=0x0
05-17 10:53:04.356  1928  2050 D BtGatt.GattService: onScanResult to scannerId: 2- eventType=0x1b, addressType=0, address=84E0F4_2, primaryPhy=1, secondaryPhy=0, advertisingSid=0xff, txPower=127, rssi=-78, periodicAdvInt=0x0
05-17 10:53:04.440  1928  2050 D BtGatt.GattService: onScanResult to scannerId: 2- eventType=0x1b, addressType=1, address=554F93_8, primaryPhy=1, secondaryPhy=0, advertisingSid=0xff, txPower=127, rssi=-51, periodicAdvInt=0x0
05-17 10:53:04.450  1928  2050 D BtGatt.GattService: onScanResult to scannerId: 2- eventType=0x1b, addressType=0, address=84E0F4_2, primaryPhy=1, secondaryPhy=0, advertisingSid=0xff, txPower=127, rssi=-78, periodicAdvInt=0x0
05-17 10:53:04.454  1928  2050 D BtGatt.GattService: onScanResult to scannerId: 2- eventType=0x10, addressType=1, address=288E0C_6, primaryPhy=1, secondaryPhy=0, advertisingSid=0xff, txPower=127, rssi=-92, periodicAdvInt=0x0
05-17 10:53:04.467  1928  2050 D BtGatt.GattService: onScanResult to scannerId: 2- eventType=0x1b, addressType=1, address=554F93_8, primaryPhy=1, secondaryPhy=0, advertisingSid=0xff, txPower=127, rssi=-51, periodicAdvInt=0x0
05-17 10:53:04.473  1928  2050 D BtGatt.GattService: onScanResult to scannerId: 2- eventType=0x1a, addressType=1, address=561BAC_3, primaryPhy=1, secondaryPhy=0, advertisingSid=0xff, txPower=127, rssi=-44, periodicAdvInt=0x0
05-17 10:53:04.481  1928  2050 D BtGatt.GattService: onScanResult to scannerId: 2- eventType=0x1b, addressType=0, address=84E0F4_2, primaryPhy=1, secondaryPhy=0, advertisingSid=0xff, txPower=127, rssi=-78, periodicAdvInt=0x0
05-17 10:53:04.482  1928  2050 D BtGatt.GattService: onScanResult to scannerId: 2- eventType=0x10, addressType=1, address=638088_4, primaryPhy=1, secondaryPhy=0, advertisingSid=0xff, txPower=127, rssi=-80, periodicAdvInt=0x0
05-17 10:53:04.483  1928  2050 D BtGatt.GattService: onScanResult to scannerId: 2- eventType=0x10, addressType=1, address=6D7CF1_5, primaryPhy=1, secondaryPhy=0, advertisingSid=0xff, txPower=127, rssi=-78, periodicAdvInt=0x0
05-17 10:53:04.488  1928  2050 D BtGatt.GattService: onScanResult to scannerId: 2- eventType=0x10, addressType=0, address=BC455B_A, primaryPhy=1, secondaryPhy=0, advertisingSid=0xff, txPower=127, rssi=-83, periodicAdvInt=0x0
05-17 10:53:04.489  1928  2050 D BtGatt.GattService: onScanResult to scannerId: 2- eventType=0x10, addressType=1, address=E76A98_C, primaryPhy=1, secondaryPhy=0, advertisingSid=0xff, txPower=127, rssi=-86, periodicAdvInt=0x0
05-17 10:53:04.491  1200  3617 D SemWifiUsabilityStatsMonitor: onWifiUsabilityStats - seqNum 5555, isSameBssidAndFreq true
05-17 10:53:04.492  1200  1507 I SemWifiLinkQualityMonitor: Link Qos Query: 0.083 ms / 96.373 Mbps (408 / 0.063 / 1.000)
05-17 10:53:04.495  1928  2050 D BtGatt.GattService: onScanResult to scannerId: 2- eventType=0x1b, addressType=1, address=5CA103_4, primaryPhy=1, secondaryPhy=0, advertisingSid=0xff, txPower=127, rssi=-79, periodicAdvInt=0x0
05-17 10:53:04.505  1928  2050 D BtGatt.GattService: onScanResult to scannerId: 2- eventType=0x1b, addressType=0, address=84E0F4_2, primaryPhy=1, secondaryPhy=0, advertisingSid=0xff, txPower=127, rssi=-78, periodicAdvInt=0x0
05-17 10:53:04.508  7078  7078 I MeshxBleScanRaw: device_id=E7:6A:98:66:56:DC rssi=-86 advertisement_b64=B/9MABICAAEAAAAAAAAAAAAAAAAAAAAAAAAAAAAAAAAAAAAAAAAAAAAAAAAAAAAAAAAAAAAAAAAAAAAAAAA= manufacturer_ids=[76] service_uuids=[]
05-17 10:53:04.509  1928  2050 D BtGatt.GattService: onScanResult to scannerId: 2- eventType=0x10, addressType=1, address=6F1095_8, primaryPhy=1, secondaryPhy=0, advertisingSid=0xff, txPower=127, rssi=-85, periodicAdvInt=0x0
05-17 10:53:06.079  1928  2050 D BtGatt.GattService: onScanResult to scannerId: 2- eventType=0x1b, addressType=1, address=554F93_8, primaryPhy=1, secondaryPhy=0, advertisingSid=0xff, txPower=127, rssi=-49, periodicAdvInt=0x0
05-17 10:53:06.112  1928  2050 D BtGatt.GattService: onScanResult to scannerId: 2- eventType=0x1b, addressType=1, address=568F96_7, primaryPhy=1, secondaryPhy=0, advertisingSid=0xff, txPower=127, rssi=-36, periodicAdvInt=0x0
05-17 10:53:06.115  1928  2050 D BtGatt.GattService: onScanResult to scannerId: 2- eventType=0x1b, addressType=1, address=5670A3_4, primaryPhy=1, secondaryPhy=0, advertisingSid=0xff, txPower=127, rssi=-36, periodicAdvInt=0x0
05-17 10:53:06.121  1928  2050 D BtGatt.GattService: onScanResult to scannerId: 2- eventType=0x1b, addressType=1, address=5C2647_5, primaryPhy=1, secondaryPhy=0, advertisingSid=0xff, txPower=127, rssi=-57, periodicAdvInt=0x0
05-17 10:53:06.125  1928  2050 D BtGatt.GattService: onScanResult to scannerId: 2- eventType=0x1a, addressType=1, address=561BAC_3, primaryPhy=1, secondaryPhy=0, advertisingSid=0xff, txPower=127, rssi=-45, periodicAdvInt=0x0
05-17 10:53:06.127  1928  2050 D BtGatt.GattService: onScanResult to scannerId: 2- eventType=0x10, addressType=1, address=288E0C_6, primaryPhy=1, secondaryPhy=0, advertisingSid=0xff, txPower=127, rssi=-88, periodicAdvInt=0x0
05-17 10:53:06.136  1928  2050 D BtGatt.GattService: onScanResult to scannerId: 2- eventType=0x10, addressType=1, address=638088_4, primaryPhy=1, secondaryPhy=0, advertisingSid=0xff, txPower=127, rssi=-78, periodicAdvInt=0x0
05-17 10:53:06.149  1928  2050 D BtGatt.GattService: onScanResult to scannerId: 2- eventType=0x1b, addressType=1, address=554F93_8, primaryPhy=1, secondaryPhy=0, advertisingSid=0xff, txPower=127, rssi=-49, periodicAdvInt=0x0
05-17 10:53:06.154  7078  7078 I BluetoothAdapter: STATE_ON
05-17 10:53:06.154  7078  7078 I BluetoothAdapter: STATE_ON
05-17 10:53:06.154  7078  7078 I BluetoothAdapter: STATE_ON
05-17 10:53:06.155  7078  7078 D BluetoothLeAdvertiser: Stop AdvertingSet
05-17 10:53:06.157  1928  3855 I bt_stack: [INFO:le_advertising_manager.cc(70)] Unregister in shim layer
05-17 10:53:06.158  1928  2282 W bt_stack: le_advertising_manager :: remove_advertiser - id : 2
05-17 10:53:06.158  1928  2260 E BtGatt.GattService: [GSIM LOG]: gsimLogHandler, msg: MESSAGE_ADV_SET_STOP, appName: dev.meshx.mob, id: 2, isLegacy: true
05-17 10:53:06.159  7078  7078 D BluetoothLeAdvertiser: onAdvertisingSetStopped(2)
05-17 10:53:06.200  1928  2050 D BtGatt.GattService: onScanResult to scannerId: 2- eventType=0x10, addressType=0, address=BC455B_A, primaryPhy=1, secondaryPhy=0, advertisingSid=0xff, txPower=127, rssi=-79, periodicAdvInt=0x0
05-17 10:53:06.212  1928  2050 D BtGatt.GattService: onScanResult to scannerId: 2- eventType=0x1b, addressType=1, address=554F93_8, primaryPhy=1, secondaryPhy=0, advertisingSid=0xff, txPower=127, rssi=-49, periodicAdvInt=0x0
05-17 10:53:06.213  1928  2050 D BtGatt.GattService: onScanResult to scannerId: 2- eventType=0x10, addressType=1, address=48C4B1_8, primaryPhy=1, secondaryPhy=0, advertisingSid=0xff, txPower=127, rssi=-36, periodicAdvInt=0x0
05-17 10:53:06.244  1928  2050 D BtGatt.GattService: onScanResult to scannerId: 2- eventType=0x1b, addressType=1, address=554F93_8, primaryPhy=1, secondaryPhy=0, advertisingSid=0xff, txPower=127, rssi=-49, periodicAdvInt=0x0
05-17 10:53:06.260  1928  2050 D BtGatt.GattService: onScanResult to scannerId: 2- eventType=0x10, addressType=1, address=FCE606_4, primaryPhy=1, secondaryPhy=0, advertisingSid=0xff, txPower=127, rssi=-36, periodicAdvInt=0x0
05-17 10:53:06.262  1928  2050 D BtGatt.GattService: onScanResult to scannerId: 2- eventType=0x1a, addressType=1, address=561BAC_3, primaryPhy=1, secondaryPhy=0, advertisingSid=0xff, txPower=127, rssi=-45, periodicAdvInt=0x0
05-17 10:53:06.281  1928  2050 D BtGatt.GattService: onScanResult to scannerId: 2- eventType=0x1b, addressType=1, address=554F93_8, primaryPhy=1, secondaryPhy=0, advertisingSid=0xff, txPower=127, rssi=-49, periodicAdvInt=0x0
05-17 10:53:06.295  1928  2050 D BtGatt.GattService: onScanResult to scannerId: 2- eventType=0x1b, addressType=1, address=FABE2A_A, primaryPhy=1, secondaryPhy=0, advertisingSid=0xff, txPower=127, rssi=-74, periodicAdvInt=0x0
05-17 10:53:06.311  7078  7078 I MeshxBleScanRaw: device_id=FA:BE:2A:F4:73:8A rssi=-74 advertisement_b64=Hv9MABIZ0PuHLmr2FklAyw1gqYUjZom7zwsgof0DiAAAAAAAAAAAAAAAAAAAAAAAAAAAAAAAAAAAAAAAAAA= manufacturer_ids=[76] service_uuids=[]
05-17 10:53:06.322  1928  2050 D BtGatt.GattService: onScanResult to scannerId: 2- eventType=0x10, addressType=0, address=BC7E8B_B, primaryPhy=1, secondaryPhy=0, advertisingSid=0xff, txPower=127, rssi=-88, periodicAdvInt=0x0
05-17 10:53:07.602  1200  3617 D SemWifiUsabilityStatsMonitor: onWifiUsabilityStats - seqNum 5556, isSameBssidAndFreq true
05-17 10:53:07.604  1200  1507 I SemWifiLinkQualityMonitor: Link Qos Query: 0.081 ms / 98.881 Mbps (408 / 0.061 / 1.000)
05-17 10:53:07.969  1928  2050 D BtGatt.GattService: onScanResult to scannerId: 2- eventType=0x1b, addressType=1, address=554F93_8, primaryPhy=1, secondaryPhy=0, advertisingSid=0xff, txPower=127, rssi=-61, periodicAdvInt=0x0
05-17 10:53:07.975  1928  2050 D BtGatt.GattService: onScanResult to scannerId: 2- eventType=0x10, addressType=1, address=2E6571_5, primaryPhy=1, secondaryPhy=0, advertisingSid=0xff, txPower=127, rssi=-93, periodicAdvInt=0x0
05-17 10:53:07.976  1928  2050 D BtGatt.GattService: onScanResult to scannerId: 2- eventType=0x10, addressType=1, address=48C4B1_8, primaryPhy=1, secondaryPhy=0, advertisingSid=0xff, txPower=127, rssi=-35, periodicAdvInt=0x0
05-17 10:53:07.979  1928  2050 D BtGatt.GattService: onScanResult to scannerId: 2- eventType=0x10, addressType=1, address=638088_4, primaryPhy=1, secondaryPhy=0, advertisingSid=0xff, txPower=127, rssi=-77, periodicAdvInt=0x0
05-17 10:53:08.005  1928  2050 D BtGatt.GattService: onScanResult to scannerId: 2- eventType=0x1b, addressType=1, address=554F93_8, primaryPhy=1, secondaryPhy=0, advertisingSid=0xff, txPower=127, rssi=-61, periodicAdvInt=0x0
05-17 10:53:08.044  1928  2050 D BtGatt.GattService: onScanResult to scannerId: 2- eventType=0x1a, addressType=1, address=561BAC_3, primaryPhy=1, secondaryPhy=0, advertisingSid=0xff, txPower=127, rssi=-44, periodicAdvInt=0x0
05-17 10:53:08.052  1928  2050 D BtGatt.GattService: onScanResult to scannerId: 2- eventType=0x1b, addressType=1, address=5C2647_5, primaryPhy=1, secondaryPhy=0, advertisingSid=0xff, txPower=127, rssi=-66, periodicAdvInt=0x0
05-17 10:53:08.059  1928  2050 D BtGatt.GattService: onScanResult to scannerId: 2- eventType=0x10, addressType=0, address=BC455B_A, primaryPhy=1, secondaryPhy=0, advertisingSid=0xff, txPower=127, rssi=-69, periodicAdvInt=0x0
05-17 10:53:08.065  1928  2050 D BtGatt.GattService: onScanResult to scannerId: 2- eventType=0x10, addressType=1, address=01273F_5, primaryPhy=1, secondaryPhy=0, advertisingSid=0xff, txPower=127, rssi=-95, periodicAdvInt=0x0
05-17 10:53:08.075  1928  2050 D BtGatt.GattService: onScanResult to scannerId: 2- eventType=0x1b, addressType=1, address=554F93_8, primaryPhy=1, secondaryPhy=0, advertisingSid=0xff, txPower=127, rssi=-61, periodicAdvInt=0x0
05-17 10:53:08.081  1928  2050 D BtGatt.GattService: onScanResult to scannerId: 2- eventType=0x10, addressType=1, address=2E6571_5, primaryPhy=1, secondaryPhy=0, advertisingSid=0xff, txPower=127, rssi=-93, periodicAdvInt=0x0
05-17 10:53:08.125  7078  7131 I BluetoothAdapter: STATE_ON
05-17 10:53:08.126  7078  7131 I BluetoothAdapter: STATE_ON
05-17 10:53:08.127  7078  7131 I BluetoothAdapter: STATE_ON
05-17 10:53:08.129  7078  7131 I BluetoothAdapter: STATE_ON
05-17 10:53:08.129  7078  7131 I MeshxBleDispatch: {"v":1,"event":"ble_capabilities","supports_extended_advertising":true,"max_advertising_data_length":1024,"is_multiple_advertisement_supported":true,"legacy_manufacturer_payload_budget":24}
05-17 10:53:08.130  7078  7131 I BluetoothAdapter: STATE_ON
05-17 10:53:08.131  7078  7131 I BluetoothAdapter: STATE_ON
05-17 10:53:08.134  7078  7131 I BluetoothAdapter: STATE_ON
05-17 10:53:08.134  7078  7131 I BluetoothAdapter: STATE_ON
05-17 10:53:08.134  7078  7131 I BluetoothAdapter: STATE_ON
05-17 10:53:08.134  7078  7131 I BluetoothAdapter: STATE_ON
05-17 10:53:08.139  1928  3855 I bt_stack: [INFO:le_advertising_manager.cc(137)] StartAdvertisingSet in shim layer
05-17 10:53:08.139  1928  3855 W bt_stack: le_advertising_manager :: allocate_advertiser - id : 2
05-17 10:53:08.139  1928  3855 I bt_stack: [INFO:le_advertising_manager.cc(157)] create advertising set, reg_id:-5142, id:2
05-17 10:53:08.139  1928  2282 W bt_stack: le_advertising_manager :: create_extended_advertiser - id : 2
05-17 10:53:08.140  1928  2282 W bt_stack: le_advertising_manager :: enable_advertiser - id : 2
05-17 10:53:08.141  7078  7131 I MeshxBleDispatch: {"v":1,"event":"attempt_outcome","attempt_id":"selftest-1779040388125","message_id":"s847OW4vFNVkCAekWfnWXA==","target_peer_id":"broadcast","target_device_ids":["broadcast"],"kind":"dispatched","reason":"legacy_beacon_fallback","adapter":"ble_android","outcome_at_ms":204060186}
05-17 10:53:08.141  1928  2050 D BtGatt.GattService: onScanResult to scannerId: 2- eventType=0x1b, addressType=1, address=554F93_8, primaryPhy=1, secondaryPhy=0, advertisingSid=0xff, txPower=127, rssi=-61, periodicAdvInt=0x0
05-17 10:53:08.143  7078  7131 I MeshxBleNative: sendToPeer(broadcast, 31B) -> DISPATCHED reason=legacy_beacon_fallback
05-17 10:53:08.144  7078  7131 I Elixir  : BleSelfTest: MESH MESSAGE SENT payload="hello-from-meshx-dev-1779040388" result=:ok
05-17 10:53:08.144  7078  7131 W Elixir  : BleSelfTest: bridge error unknown: {"v":1,"event":"attempt_outcome","attempt_id":"selftest-1779040388125","message_id":"s847OW4vFNVkCAekWfnWXA==","target_peer_id":"broadcast","target_device_ids":["broadcast"],"kind":"dispatched","reason":"legacy_beacon_fallback","adapter":"ble_android","outcome_at_ms":204060186}
05-17 10:53:08.146  7078  7115 I BEAMout : 10:53:08.143 [info] BleSelfTest: MESH MESSAGE SENT payload="hello-from-meshx-dev-1779040388" result=:ok
05-17 10:53:08.147  7078  7115 I BEAMout : 10:53:08.144 [warning] BleSelfTest: bridge error unknown: {"v":1,"event":"attempt_outcome","attempt_id":"selftest-1779040388125","message_id":"s847OW4vFNVkCAekWfnWXA==","target_peer_id":"broadcast","target_device_ids":["broadcast"],"kind":"dispatched","reason":"legacy_beacon_fallback","adapter":"ble_android","outcome_at_ms":204060186}
05-17 10:53:08.158  1928  2260 E BtGatt.GattService: [GSIM LOG]: gsimLogHandler, msg: MESSAGE_ADV_SET_START, appName: dev.meshx.mob, id: 2, isLegacy: true
05-17 10:53:08.167  7078  7078 D BluetoothLeAdvertiser: onAdvertisingSetStarted(2, -7, 0)
05-17 10:53:08.170  1928  2050 D BtGatt.GattService: onScanResult to scannerId: 2- eventType=0x10, addressType=1, address=01273F_5, primaryPhy=1, secondaryPhy=0, advertisingSid=0xff, txPower=127, rssi=-96, periodicAdvInt=0x0
05-17 10:53:08.171  7078  7078 I MeshxBleDispatch: {"v":1,"event":"legacy_beacon_advertising_started","attempt_id":"selftest-1779040388125","beacon_size":22,"beacon":"TUIBAQEAPX9td6q6utwS94VXUXoT+Q==","message_id_hash":"PX9td6q6utw=","sender_peer_id_hash":"EveFV1F6E\/k=","payload_kind":"TX","envelope_version":1,"window_ms":5000,"data_carrier":"legacy_advertisement"}
05-17 10:53:08.173  1928  2050 D BtGatt.GattService: onScanResult to scannerId: 2- eventType=0x1b, addressType=1, address=554F93_8, primaryPhy=1, secondaryPhy=0, advertisingSid=0xff, txPower=127, rssi=-61, periodicAdvInt=0x0
05-17 10:53:08.177  1928  2050 D BtGatt.GattService: onScanResult to scannerId: 2- eventType=0x1a, addressType=1, address=561BAC_3, primaryPhy=1, secondaryPhy=0, advertisingSid=0xff, txPower=127, rssi=-44, periodicAdvInt=0x0
05-17 10:53:08.565  2905  3764 I SDHMS:D : SIOP:: AP:262 BAT:237 USB:239 CHG:274 PA:257 WIFI:263 BLK:254 SKIN:317 SKINF:317 SKINB:281 LRP:317 LRF:317 LRB:281 
05-17 10:53:08.985  7078  7131 I Elixir  : BleSelfTest: HEARTBEAT events=543 devices=35 meshx_peers=0 sent=7 distinct_msgs=4 beacon_callbacks=33 envelopes=0
05-17 10:53:08.986  7078  7115 I BEAMout : 10:53:08.985 [info] BleSelfTest: HEARTBEAT events=543 devices=35 meshx_peers=0 sent=7 distinct_msgs=4 beacon_callbacks=33 envelopes=0
05-17 10:53:09.812  1928  2050 D BtGatt.GattService: onScanResult to scannerId: 2- eventType=0x1b, addressType=1, address=554F93_8, primaryPhy=1, secondaryPhy=0, advertisingSid=0xff, txPower=127, rssi=-51, periodicAdvInt=0x0
05-17 10:53:09.817  1928  2050 D BtGatt.GattService: onScanResult to scannerId: 2- eventType=0x10, addressType=1, address=52499E_9, primaryPhy=1, secondaryPhy=0, advertisingSid=0xff, txPower=127, rssi=-81, periodicAdvInt=0x0
05-17 10:53:09.818  1928  2050 D BtGatt.GattService: onScanResult to scannerId: 2- eventType=0x1b, addressType=0, address=84E0F4_2, primaryPhy=1, secondaryPhy=0, advertisingSid=0xff, txPower=127, rssi=-78, periodicAdvInt=0x0
05-17 10:53:09.822  1928  2050 D BtGatt.GattService: onScanResult to scannerId: 2- eventType=0x1b, addressType=0, address=94944A_D, primaryPhy=1, secondaryPhy=0, advertisingSid=0xff, txPower=127, rssi=-85, periodicAdvInt=0x0
05-17 10:53:09.850  1928  2050 D BtGatt.GattService: onScanResult to scannerId: 2- eventType=0x1b, addressType=1, address=554F93_8, primaryPhy=1, secondaryPhy=0, advertisingSid=0xff, txPower=127, rssi=-51, periodicAdvInt=0x0
