05-17 10:52:13.632  1200  1902 V WindowManager: Schedule remove starting ActivityRecord{f3cefcc u0 dev.meshx.mob/.MainActivity} t423} startingWindow=null startingView=null Callers=com.android.server.wm.ActivityRecord.removeStartingWindow:3352 com.android.server.wm.ActivityRecord.notifyAppStopped:6845 com.android.server.wm.ActivityRecord.activityStopped:7449 com.android.server.wm.ActivityClientController.activityStopped:274 android.app.IActivityClientController$Stub.onTransact:621 
05-17 10:52:13.633  1200  1241 V WindowManager: Removing startingView=com.android.server.wm.StartingSurfaceController$StartingSurface@5ed1a91
05-17 10:52:13.634  1200  1241 D TaskOrganizerController: applyStartingWindowAnimation, window=Window{65c87c0 u0 dev.meshx.mob/dev.meshx.mob.MainActivity}, caller=com.android.server.wm.TaskOrganizerController.removeStartingWindow:595 com.android.server.wm.StartingSurfaceController$StartingSurface.remove:287 com.android.server.wm.ActivityRecord.lambda$removeStartingWindowAnimation$7:3417 
05-17 10:52:13.634  1200  1241 I WindowManager: Reparenting to leash, surface=Surface(name=65c87c0 dev.meshx.mob/dev.meshx.mob.MainActivity)/@0xd8ec697, leashParent=Surface(name=ActivityRecord{f3cefcc u0 dev.meshx.mob/.MainActivity} t423})/@0x616c084
05-17 10:52:13.634   914   936 I SurfaceFlinger: id=534 createSurf flag=24000, Surface(name=65c87c0 dev.meshx.mob/dev.meshx.mob.MainActivity)/@0xd8ec697 - animation-leash of starting_reveal#534
05-17 10:52:13.634  1200  1241 D WindowManager: makeSurface duration=0 leash=Surface(name=Surface(name=65c87c0 dev.meshx.mob/dev.meshx.mob.MainActivity)/@0xd8ec697 - animation-leash of starting_reveal)/@0x70606d
05-17 10:52:13.634  7078  7078 I ViewRootImpl@ff32c1d[MainActivity]: handleAppVisibility mAppVisible = true visible = false
05-17 10:52:13.648   914   914 I Layer   : id=533 removeFromCurrentState dev.meshx.mob/dev.meshx.mob.MainActivity$_7078#533 (100)
05-17 10:52:13.648   914   914 I SurfaceFlinger: id=533 Removed dev.meshx.mob/dev.meshx.mob.MainActivity$_7078#533 (100)
05-17 10:52:13.648   914   914 I Layer   : id=533 Destroyed dev.meshx.mob/dev.meshx.mob.MainActivity$_7078#533
05-17 10:52:13.654  5662  5662 I TrayVisibilityController: getComputedTrayVisible : keyguardState = 2
05-17 10:52:13.654  5662  5662 I TrayVisibilityController: updateTrayVisible: State=2 visible=1 mCurrentVisible=1 specificMode=0
05-17 10:52:13.654  5662  5662 I TrayStateController: onNotifyUpdateTray: state=0
05-17 10:52:13.698  1613  1749 D OpenGLRenderer: setSurface called with nullptr
05-17 10:52:13.698  1613  1749 D OpenGLRenderer: setSurface() destroyed EGLSurface
05-17 10:52:13.698  1613  1749 D OpenGLRenderer: destroyEglSurface
05-17 10:52:13.699  1613  1737 I ViewRootImpl@c9edc97[mob]: performTraversals params={(0,0)(fillxfill) sim={adjust=pan} ty=APPLICATION_STARTING fmt=TRANSLUCENT alpha=0.0
05-17 10:52:13.699  1613  1737 I ViewRootImpl@c9edc97[mob]:   fl=81030118
05-17 10:52:13.699  1613  1737 I ViewRootImpl@c9edc97[mob]:   pfl=16000010
05-17 10:52:13.699  1613  1737 I ViewRootImpl@c9edc97[mob]:   bhv=DEFAULT
05-17 10:52:13.699  1613  1737 I ViewRootImpl@c9edc97[mob]:   fitSides= naviIconColor=0}
05-17 10:52:13.700  1613  1737 I ViewRootImpl@c9edc97[mob]: performTraversals mFirst=false windowShouldResize=false viewVisibilityChanged=true mForceNextWindowRelayout=false params={(0,0)(fillxfill) sim={adjust=pan} ty=APPLICATION_STARTING fmt=TRANSLUCENT alpha=0.0
05-17 10:52:13.700  1613  1737 I ViewRootImpl@c9edc97[mob]:   fl=81030118
05-17 10:52:13.700  1613  1737 I ViewRootImpl@c9edc97[mob]:   pfl=16000010
05-17 10:52:13.700  1613  1737 I ViewRootImpl@c9edc97[mob]:   bhv=DEFAULT
05-17 10:52:13.700  1613  1737 I ViewRootImpl@c9edc97[mob]:   fitSides= naviIconColor=0}
05-17 10:52:13.700  1200  1902 V WindowManager: Relayout Window{5d935f7 u0 Splash Screen dev.meshx.mob}: viewVisibility=8 req=1200x1920 d0
05-17 10:52:13.700  1200  1902 E WindowManager: win=Window{5d935f7 u0 Splash Screen dev.meshx.mob} destroySurfaces: appStopped=true cleanupOnResume=false win.mWindowRemovalAllowed=false win.mRemoveOnExit=false win.mViewVisibility=8 caller=com.android.server.wm.WindowManagerService.tryStartExitingAnimation:3040 com.android.server.wm.WindowManagerService.relayoutWindow:2731 com.android.server.wm.Session.relayout:275 android.view.IWindowSession$Stub.onTransact:788 com.android.server.wm.Session.onTransact:189 android.os.Binder.execTransactInternal:1321 android.os.Binder.execTransact:1280 
05-17 10:52:13.700  1200  1902 I WindowManager: Destroying surface Surface(name=Splash Screen dev.meshx.mob$_1613)/@0x28160f0 called by com.android.server.wm.WindowStateAnimator.destroySurface:955 com.android.server.wm.WindowStateAnimator.destroySurfaceLocked:537 com.android.server.wm.WindowState.destroySurfaceUnchecked:4533 com.android.server.wm.WindowState.destroySurface:4507 com.android.server.wm.WindowManagerService.tryStartExitingAnimation:3040 com.android.server.wm.WindowManagerService.relayoutWindow:2731 com.android.server.wm.Session.relayout:275 android.view.IWindowSession$Stub.onTransact:788 
05-17 10:52:13.702  1200  1902 V WindowManager: Relayout hash=5d935f7, pid=1613, syncId=-1: mAttrs={(0,0)(fillxfill) sim={adjust=pan} ty=APPLICATION_STARTING fmt=TRANSLUCENT alpha=0.0
05-17 10:52:13.702  1200  1902 V WindowManager:   fl=81030118
05-17 10:52:13.702  1200  1902 V WindowManager:   pfl=16000010
05-17 10:52:13.702  1200  1902 V WindowManager:   bhv=DEFAULT
05-17 10:52:13.702  1200  1902 V WindowManager:   fitSides= naviIconColor=0}
05-17 10:52:13.703  1613  1737 I ViewRootImpl@c9edc97[mob]: Relayout returned: old=(0,0,1200,1920) new=(0,0,1200,1920) req=(1200,1920)8 dur=3 res=0x2 s={false 0x0} ch=true seqId=0
05-17 10:52:13.704  1200  1902 D CoreBackPreview: Window{5d935f7 u0 Splash Screen dev.meshx.mob}: Setting back callback null
05-17 10:52:13.704  1613  1737 I ViewRootImpl@c9edc97[mob]: dispatchDetachedFromWindow
05-17 10:52:13.704  1200  1672 D WindowManager: Starting window removed Window{5d935f7 u0 Splash Screen dev.meshx.mob}
05-17 10:52:13.704  1200  1672 I WindowManager: Cancelling animation restarting=false, leash=Surface(name=Surface(name=65c87c0 dev.meshx.mob/dev.meshx.mob.MainActivity)/@0xd8ec697 - animation-leash of starting_reveal)/@0x70606d
05-17 10:52:13.704  1200  1672 I WindowManager: Reparenting to original parent: Surface(name=ActivityRecord{f3cefcc u0 dev.meshx.mob/.MainActivity} t423})/@0x616c084, destroy=false, surface=Surface(name=65c87c0 dev.meshx.mob/dev.meshx.mob.MainActivity)/@0xd8ec697
05-17 10:52:13.704  1200  1672 D InputTransport: Input channel destroyed: '5d935f7', fd=858
05-17 10:52:13.704  1200  1672 W InputManager-JNI: Input channel object '5d935f7 Splash Screen dev.meshx.mob (client)' was disposed without first being removed with the input manager!
05-17 10:52:13.704  1200  1672 D InputTransport: Input channel destroyed: '5d935f7', fd=868
05-17 10:52:13.704  1200  1672 V WindowManager: Remove Window{5d935f7 u0 Splash Screen dev.meshx.mob}: mSurfaceController=null mAnimatingExit=false mRemoveOnExit=false mHasSurface=false surfaceShowing=false animating=false app-animation=false mWillReplaceWindow=false mDisplayFrozen=false callers=com.android.server.wm.WindowState.removeIfPossible:3219 com.android.server.wm.WindowManagerService.removeWindow:2293 com.android.server.wm.Session.remove:237 android.view.IWindowSession$Stub.onTransact:752 com.android.server.wm.Session.onTransact:189 android.os.Binder.execTransactInternal:1321 
05-17 10:52:13.706  1613  1737 D InputTransport: Input channel destroyed: '5d935f7', fd=199
05-17 10:52:13.714   914   914 I Layer   : id=531 removeFromCurrentState Splash Screen dev.meshx.mob$_1613#531 (99)
05-17 10:52:13.714   914   914 I Layer   : id=530 removeFromCurrentState 5d935f7 Splash Screen dev.meshx.mob#530 (99)
05-17 10:52:13.715   914   914 I Layer   : id=534 removeFromCurrentState Surface(name=65c87c0 dev.meshx.mob/dev.meshx.mob.MainActivity)/@0xd8ec697 - animation-leash of starting_reveal#534 (99)
05-17 10:52:13.715   914   914 I SurfaceFlinger: id=530 Removed 5d935f7 Splash Screen dev.meshx.mob#530 (99)
05-17 10:52:13.715   914   914 I SurfaceFlinger: id=531 Removed Splash Screen dev.meshx.mob$_1613#531 (99)
05-17 10:52:13.715   914   914 I Layer   : id=530 Destroyed 5d935f7 Splash Screen dev.meshx.mob#530
05-17 10:52:13.715   914   914 I Layer   : id=531 Destroyed Splash Screen dev.meshx.mob$_1613#531
05-17 10:52:13.763 30311 30976 I FontLog : (REDACTED) Received query %s, URI %s
05-17 10:52:13.763 30311 30976 I FontLog : (REDACTED) Query [%s] resolved to %s
05-17 10:52:13.764 30311 30976 I FontLog : (REDACTED) Fetch %s end status %s
05-17 10:52:13.774 30311 30976 I FontLog : (REDACTED) Pulling font file for id = %d, cache size = %d
05-17 10:52:13.784 30311 30976 I FontLog : (REDACTED) Pulling font file for id = %d, cache size = %d
05-17 10:52:13.848   864  7120 E HYPER-HAL: [HandlerSysfs.cpp]doResourceHandling(): Couldn't Open Sysfs - /sys/power/cstate_control
05-17 10:52:13.853   864  7120 I HYPER-HAL: [RequestManager.cpp]releaseLocked(): Released ID : 739952
05-17 10:52:14.042   864  7072 I HYPER-HAL: [RequestManager.cpp]releaseLocked(): Released ID : 4255915
05-17 10:52:14.326  7078  7083 I dev.meshx.mob: Compiler allocated 6148KB to compile void android.view.ViewRootImpl.performTraversals()
05-17 10:52:14.658  5662  5662 I TrayVisibilityController: getComputedTrayVisible : keyguardState = 2
05-17 10:52:14.658  5662  5662 I TrayVisibilityController: updateTrayVisible: State=2 visible=1 mCurrentVisible=1 specificMode=0
05-17 10:52:14.658  5662  5662 I TrayStateController: onNotifyUpdateTray: state=0
05-17 10:52:14.704   602   602 D io_stats: !@   8,0 r 1030736 33594864 w 589277 56582192 d 0 0 f 0 0 iot 510840 0 th 0 0 0 pt 0 inp 0 0 203582.277
05-17 10:52:14.834  1200  3617 D SemWifiUsabilityStatsMonitor: onWifiUsabilityStats - seqNum 5539, isSameBssidAndFreq true
05-17 10:52:14.837  1200  1507 I SemWifiLinkQualityMonitor: Link Qos Query: 0.148 ms / 54.216 Mbps (408 / 0.062 / 1.805)
05-17 10:52:16.260  7078  7116 I MobBeam : mob_start_beam: focus timeout (3000 ms) — starting BEAM anyway
05-17 10:52:16.260  7078  7116 I MobBeam : mob_start_beam: starting BEAM with module=meshx_mobile_app, argc=37
05-17 10:52:16.265  7078  7116 I MobBeam : mob_start_beam: symlink erl_child_setup -> /data/app/~~lutGmUXpKKttmyLXHus8Vw==/dev.meshx.mob-F7zIiUYOYVVyQzwNaD0vFg==/lib/arm64/liberl_child_setup.so
05-17 10:52:16.266  7078  7116 I MobBeam : mob_start_beam: symlink inet_gethost -> /data/app/~~lutGmUXpKKttmyLXHus8Vw==/dev.meshx.mob-F7zIiUYOYVVyQzwNaD0vFg==/lib/arm64/libinet_gethost.so
05-17 10:52:16.268  7078  7116 I MobBeam : mob_start_beam: symlink epmd -> /data/app/~~lutGmUXpKKttmyLXHus8Vw==/dev.meshx.mob-F7zIiUYOYVVyQzwNaD0vFg==/lib/arm64/libepmd.so
05-17 10:52:16.269  7078  7116 E MobBeam : mob_start_beam: exqlite NIF missing from both nativeLibDir and priv/
05-17 10:52:16.269  7078  7116 E MobBeam : mob_start_beam: sqlite3_nif.so (fallback) missing — NIF load will fail
05-17 10:52:16.756  1200  7130 D WifiConnectivityMonitor.DnsThread:  [|206] []
05-17 10:52:16.757  1200  1524 D WifiConnectivityMonitor.NetworkStatsAnalyzer: DNS resultType : 0, responseTime : 206
05-17 10:52:16.820  1200  1522 D OpenNetworkQos[4.00]: updateBssidLatestDnsResultType - result: 0
05-17 10:52:16.821  1200  1522 D OpenNetworkQos[4.00]: updateBssidNoInternet: mBssidNoInternet = false
05-17 10:52:16.821  1200  1522 D OpenNetworkQos[4.00]: getOpenNetworkQosNoInternetStatus: false[Private DNS is active. Result is ignored.]
05-17 10:52:16.821  1200  1522 D OpenNetworkQos[4.00]: getOpenNetworkQosScores: 17 20 0 [Private DNS is active. Result is ignored.]
05-17 10:52:16.821  1200  1522 I WifiProfileShare: network QoS data was changed (internet), updateQoSData networkType: true, qosData: false
05-17 10:52:16.821  1200  2583 V WifiProfileShare.Caster: checkAndGetShareData - device locked
05-17 10:52:17.712  7078  7131 I MobNIF  : nif_load: entered, Bridge.cls=0x2ca6
05-17 10:52:17.713  7078  7131 I MobNIF  : nif_load: uiTree not found (optional)
05-17 10:52:17.713  7078  7131 I MobNIF  : nif_load: uiViewTree not found (optional)
05-17 10:52:17.713  7078  7131 I MobNIF  : nif_load: screenInfo not found (optional)
05-17 10:52:17.713  7078  7131 I MobNIF  : nif_load: tapXy not found (optional)
05-17 10:52:17.713  7078  7131 I MobNIF  : nif_load: tapByLabel not found (optional)
05-17 10:52:17.713  7078  7131 I MobNIF  : nif_load: typeText not found (optional)
05-17 10:52:17.713  7078  7131 I MobNIF  : nif_load: deleteBackward not found (optional)
05-17 10:52:17.713  7078  7131 I MobNIF  : nif_load: clearText not found (optional)
05-17 10:52:17.713  7078  7131 I MobNIF  : nif_load: longPressXy not found (optional)
05-17 10:52:17.713  7078  7131 I MobNIF  : nif_load: swipeXy not found (optional)
05-17 10:52:17.713  7078  7131 I MobNIF  : Mob NIF loaded (Compose backend)
05-17 10:52:17.717  7078  7131 I Elixir  : step 1 starting
05-17 10:52:17.778  7078  7131 I Elixir  : step 1 => ok
05-17 10:52:17.778  7078  7131 I Elixir  : step 2 starting
05-17 10:52:17.893  7078  7131 I Elixir  : step 2 => ok
05-17 10:52:17.893  7078  7131 I Elixir  : step 3 starting
05-17 10:52:17.925  1200  3617 D SemWifiUsabilityStatsMonitor: onWifiUsabilityStats - seqNum 5540, isSameBssidAndFreq true
05-17 10:52:17.926  1200  1507 I SemWifiLinkQualityMonitor: Link Qos Query: 0.036 ms / 221.822 Mbps (408 / 0.016 / 1.000)
05-17 10:52:17.927  1613  1613 D NetworkController.WifiSignalController: notifyListener: visible=true, connected=true, inetCondition=1, isDefault=true, wifiTestReported=true, receivedInetCondition=-1, hideDuringMobileSwitching=false
05-17 10:52:18.057  7078  7131 I Elixir  : step 3 => ok
05-17 10:52:18.057  7078  7131 I Elixir  : step 4 starting
05-17 10:52:18.057  7078  7131 I Elixir  : step 4 => android
05-17 10:52:18.057  7078  7131 I Elixir  : step 5 starting
05-17 10:52:18.330  7078  7139 D ProfileInstaller: Installing profile for dev.meshx.mob
05-17 10:52:18.555   864  7077 I HYPER-HAL: [RequestManager.cpp]releaseLocked(): Released ID : 4261754
05-17 10:52:18.557  2496  2542 I RequestManager_FLP: onOpChanged, op=0 / packageName=dev.meshx.mob
05-17 10:52:18.638  7078  7131 I Elixir  : meshx_mobile_app: meshx_runtime started (11 apps)
05-17 10:52:18.664  7078  7115 I BEAMout : 10:52:18.637 [info] meshx_mobile_app: meshx_runtime started (11 apps)
05-17 10:52:18.669  7078  7131 I Elixir  : meshx_mobile_app: BLE.Observability started
05-17 10:52:18.670  7078  7115 I BEAMout : 10:52:18.669 [info] meshx_mobile_app: BLE.Observability started
05-17 10:52:18.681  7078  7131 I Elixir  : meshx_mobile_app: distribution up as meshx_mobile_app_android_dev@127.0.0.1
05-17 10:52:18.694  7078  7115 I BEAMout : 10:52:18.681 [info] meshx_mobile_app: distribution up as meshx_mobile_app_android_dev@127.0.0.1
05-17 10:52:18.694  7078  7131 I Elixir  : meshx_mobile_app: BLE self-test started
05-17 10:52:18.695  7078  7131 I Elixir  : BleSelfTest: starting scan + advertising as meshx-dev
05-17 10:52:18.709  1200  1403 D BluetoothManagerService: mDisableBleCallbacks count 12
05-17 10:52:18.710  7078  7131 I BluetoothAdapter: BluetoothAdapter() : dev.meshx.mob
05-17 10:52:18.718  7078  7131 I BluetoothAdapter: STATE_ON
05-17 10:52:18.719  7078  7131 I BluetoothAdapter: STATE_ON
05-17 10:52:18.722  7078  7131 I BluetoothAdapter: STATE_ON
05-17 10:52:18.724  7078  7131 I BluetoothAdapter: STATE_ON
05-17 10:52:18.725  7078  7131 D BluetoothLeScanner: Start Scan with callback
05-17 10:52:18.731  1928  3855 D BtGatt.ContextMap: add() - appUid: 10313, appPid: 7078, appName: dev.meshx.mob
05-17 10:52:18.731  1928  3855 I bt_stack: [INFO:le_scanning_manager.cc(167)] RegisterScanner in shim layer
05-17 10:52:18.733  1928  2050 D BtGatt.GattService: onScannerRegistered() - UUID=18ec5485-fe00-47b8-be7a-74e6bbac4251, scannerId=2, status=0
05-17 10:52:18.734  7078  7090 D BluetoothLeScanner: onScannerRegistered() - status=0 scannerId=2 mScannerId=0
05-17 10:52:18.736  1928  3855 I BluetoothAdapter: STATE_ON
05-17 10:52:18.743  1928  3855 D ActivityAttributionService: notifyActivityAttributionInfo UID=1002 packageName=com.android.bluetooth deviceAddress=no_active_device_address
05-17 10:52:18.744  1928  2248 I BluetoothAdapter: STATE_ON
05-17 10:52:18.746  1928  2248 I BluetoothAdapter: STATE_ON
05-17 10:52:18.747  1928  2248 I BluetoothAdapter: STATE_ON
05-17 10:52:18.747  1928  2248 I bt_stack: [INFO:le_scanning_manager.cc(271)] ScanFilterEnable in shim layer
05-17 10:52:18.747  1928  2260 E BtGatt.GattService: [GSIM LOG]: gsimLogHandler, msg: MESSAGE_SCAN_START, appName: dev.meshx.mob, scannerId: 2, reportDelayMillis=0
05-17 10:52:18.747  1928  2248 D BtGatt.ScanManager: configureFilterParamter() : onFoundTimeout | onLostTimeout | onFoundCount | numOfTrackingEntries | scanFilterRssiThreshold | trackableScanFilterRssiThreshold | matchMode
05-17 10:52:18.747  1928  2248 D BtGatt.ScanManager: configureFilterParamter() : __________500__|________10000__|___________1__|___________________0__|___________________-128__|____________________________-128__|________1_
05-17 10:52:18.748  1928  2248 I bt_stack: [INFO:le_scanning_manager.cc(200)] ScanFilterParamSetup in shim layer
05-17 10:52:18.769  7078  7131 I BluetoothAdapter: STATE_ON
05-17 10:52:18.770  7078  7131 I BluetoothAdapter: BLE support array set: [true, true, true, true, true, true]
05-17 10:52:18.798  7078  7131 I BluetoothAdapter: BluetoothAdapter() : dev.meshx.mob
05-17 10:52:18.807  7078  7131 I BluetoothAdapter: STATE_ON
05-17 10:52:18.807  7078  7131 I BluetoothAdapter: STATE_ON
05-17 10:52:18.808  7078  7131 I BluetoothAdapter: STATE_ON
05-17 10:52:18.815  1928  3855 I bt_stack: [INFO:le_advertising_manager.cc(137)] StartAdvertisingSet in shim layer
05-17 10:52:18.815  1928  3855 W bt_stack: le_advertising_manager :: allocate_advertiser - id : 1
05-17 10:52:18.815  1928  3855 I bt_stack: [INFO:le_advertising_manager.cc(157)] create advertising set, reg_id:-5135, id:1
05-17 10:52:18.821  1928  2282 W bt_stack: le_advertising_manager :: create_extended_advertiser - id : 1
05-17 10:52:18.821  1928  2282 W bt_stack: le_advertising_manager :: enable_advertiser - id : 1
05-17 10:52:18.823  1928  2282 W bt_stack: register_client :: client registered!!!
05-17 10:52:18.823  1928  2050 D AdapterProperties: Name is: meshx-dev
05-17 10:52:18.825  1200  1248 W ProcessStats: Tracking association SourceState{6ea994d dev.meshx.mob/10313 Top #91221} whose proc state 1 is better than process ProcessState{31680a0 com.google.android.gms.persistent/10211 pkg=com.google.android.gms} proc state 2 (28 skipped)
05-17 10:52:18.827  1200  1200 D SettingsProvider: isChangeAllowed() : name = bluetooth_name
05-17 10:52:18.834  7078  7115 I BEAMout : 10:52:18.694 [info] meshx_mobile_app: BLE self-test started
05-17 10:52:18.842  1928  2260 E BtGatt.GattService: [GSIM LOG]: gsimLogHandler, msg: MESSAGE_ADV_SET_START, appName: dev.meshx.mob, id: 1, isLegacy: true
05-17 10:52:18.843  7078  7078 D BluetoothLeAdvertiser: onAdvertisingSetStarted(1, -7, 0)
05-17 10:52:18.851  7078  7115 I BEAMout : 10:52:18.695 [info] BleSelfTest: starting scan + advertising as meshx-dev
05-17 10:52:18.974  7078  7131 I Elixir  : BleSelfTest: start_scan=:ok start_advertising=:ok
05-17 10:52:18.976  7078  7115 I BEAMout : 10:52:18.974 [info] BleSelfTest: start_scan=:ok start_advertising=:ok
05-17 10:52:19.498  2905  2905 I SDHMS:LOAD: type: LoadsFreqs, value: 0:19:0:866060:1794000:650000:866060:1794000:650000:9:455:0
05-17 10:52:19.618  1928  2050 D BtGatt.GattService: onScanResult to scannerId: 2- eventType=0x1b, addressType=1, address=DD0D30_2, primaryPhy=1, secondaryPhy=0, advertisingSid=0xff, txPower=127, rssi=-61, periodicAdvInt=0x0
05-17 10:52:19.626  1928  2050 D BtGatt.GattService: onScanResult to scannerId: 2- eventType=0x10, addressType=1, address=48C4B1_8, primaryPhy=1, secondaryPhy=0, advertisingSid=0xff, txPower=127, rssi=-35, periodicAdvInt=0x0
05-17 10:52:19.629  7078  7078 I MeshxBleScanRaw: device_id=DD:0D:30:7B:BE:72 rssi=-61 advertisement_b64=AgECDf8tCgIAu6pyvnswDdwDAvD/DQlERDBEMzA3QkJFNzIAAAAAAAAAAAAAAAAAAAAAAAAAAAAAAAAAAAA= manufacturer_ids=[2605] service_uuids=[0000fff0-0000-1000-8000-00805f9b34fb]
05-17 10:52:19.631  1928  2050 D BtGatt.GattService: onScanResult to scannerId: 2- eventType=0x1b, addressType=1, address=5670A3_4, primaryPhy=1, secondaryPhy=0, advertisingSid=0xff, txPower=127, rssi=-35, periodicAdvInt=0x0
05-17 10:52:19.638  7078  7078 I MeshxBleScanRaw: device_id=48:C4:B1:E4:77:C8 rssi=-35 advertisement_b64=AgEaF/9MAAkIEwLAqAFhG1gWCAAegyXPzK4vAAAAAAAAAAAAAAAAAAAAAAAAAAAAAAAAAAAAAAAAAAAAAAA= manufacturer_ids=[76] service_uuids=[]
05-17 10:52:19.640  7078  7078 I MeshxBleScanRaw: device_id=56:70:A3:E4:55:E4 rssi=-35 advertisement_b64=AgEaAgoMC/9MABAGCh26o2ZoAAAAAAAAAAAAAAAAAAAAAAAAAAAAAAAAAAAAAAAAAAAAAAAAAAAAAAAAAAA= manufacturer_ids=[76] service_uuids=[]
05-17 10:52:19.683  1928  2050 D BtGatt.GattService: onScanResult to scannerId: 2- eventType=0x1a, addressType=1, address=45DD95_E, primaryPhy=1, secondaryPhy=0, advertisingSid=0xff, txPower=127, rssi=-44, periodicAdvInt=0x0
05-17 10:52:19.685  7078  7078 I MeshxBleScanRaw: device_id=45:DD:95:F7:01:7E rssi=-44 advertisement_b64=Gf///01CAQEBAGE+A39Ix4t/9wgG7dwoW8wAAAAAAAAAAAAAAAAAAAAAAAAAAAAAAAAAAAAAAAAAAAAAAAA= manufacturer_ids=[65535] service_uuids=[]
05-17 10:52:19.686  1928  2050 D BtGatt.GattService: onScanResult to scannerId: 2- eventType=0x10, addressType=1, address=6D7CF1_5, primaryPhy=1, secondaryPhy=0, advertisingSid=0xff, txPower=127, rssi=-79, periodicAdvInt=0x0
05-17 10:52:19.689  7078  7078 I MeshxBleScanRaw: device_id=6D:7C:F1:98:1B:25 rssi=-79 advertisement_b64=Hv8GAAEJIAJ3jdTcdUfSBw0Pk2tTobYKEuw+FeIM+wAAAAAAAAAAAAAAAAAAAAAAAAAAAAAAAAAAAAAAAAA= manufacturer_ids=[6] service_uuids=[]
05-17 10:52:19.700  1928  2050 D BtGatt.GattService: onScanResult to scannerId: 2- eventType=0x1b, addressType=1, address=554F93_8, primaryPhy=1, secondaryPhy=0, advertisingSid=0xff, txPower=127, rssi=-51, periodicAdvInt=0x0
05-17 10:52:19.702  7078  7078 I MeshxBleScanRaw: device_id=55:4F:93:12:C7:18 rssi=-51 advertisement_b64=AgEaAgoMCv9MABAFRRwGBfgTCW14Nzk0NGU5NmY4ZmFhMTI1NwAAAAAAAAAAAAAAAAAAAAAAAAAAAAAAAAA= manufacturer_ids=[76] service_uuids=[]
05-17 10:52:19.796  1928  2050 D BtGatt.GattService: onScanResult to scannerId: 2- eventType=0x10, addressType=1, address=E24F67_F, primaryPhy=1, secondaryPhy=0, advertisingSid=0xff, txPower=127, rssi=-74, periodicAdvInt=0x0
05-17 10:52:19.796  7078  7131 I Elixir  : BleSelfTest: DISTINCT MESH MESSAGE kind=beacon key=f70806eddc285bcc:613e037f48c78b7f from=sender_hash=f70806eddc285bcc device_id=45:DD:95:F7:01:7E first_seen_after=1_callbacks
05-17 10:52:19.798  7078  7078 I MeshxBleScanRaw: device_id=E2:4F:67:58:90:3F rssi=-74 advertisement_b64=B/9MABICAAMAAAAAAAAAAAAAAAAAAAAAAAAAAAAAAAAAAAAAAAAAAAAAAAAAAAAAAAAAAAAAAAAAAAAAAAA= manufacturer_ids=[76] service_uuids=[]
05-17 10:52:19.805  1928  2050 D BtGatt.GattService: onScanResult to scannerId: 2- eventType=0x10, addressType=1, address=48C4B1_8, primaryPhy=1, secondaryPhy=0, advertisingSid=0xff, txPower=127, rssi=-35, periodicAdvInt=0x0
05-17 10:52:19.805  7078  7115 I BEAMout : 10:52:19.796 [info] BleSelfTest: DISTINCT MESH MESSAGE kind=beacon key=f70806eddc285bcc:613e037f48c78b7f from=sender_hash=f70806eddc285bcc device_id=45:DD:95:F7:01:7E first_seen_after=1_callbacks
05-17 10:52:19.814  1928  2050 D BtGatt.GattService: onScanResult to scannerId: 2- eventType=0x1b, addressType=0, address=84E0F4_2, primaryPhy=1, secondaryPhy=0, advertisingSid=0xff, txPower=127, rssi=-78, periodicAdvInt=0x0
05-17 10:52:19.816  1928  2050 D BtGatt.GattService: onScanResult to scannerId: 2- eventType=0x10, addressType=1, address=E14EFB_7, primaryPhy=1, secondaryPhy=0, advertisingSid=0xff, txPower=127, rssi=-51, periodicAdvInt=0x0
05-17 10:52:19.817  7078  7078 I MeshxBleScanRaw: device_id=84:E0:F4:E0:26:52 rssi=-78 advertisement_b64=AgEGDP9LBkIGIBLABQBAAQ4IUG9pbnQtMS0yNjo1Mgf/SwaTQ70NAAAAAAAAAAAAAAAAAAAAAAAAAAAAAAA= manufacturer_ids=[1611] service_uuids=[]
05-17 10:52:19.820  7078  7078 I MeshxBleScanRaw: device_id=E1:4E:FB:DA:F2:F7 rssi=-51 advertisement_b64=B/9MABICAAEAAAAAAAAAAAAAAAAAAAAAAAAAAAAAAAAAAAAAAAAAAAAAAAAAAAAAAAAAAAAAAAAAAAAAAAA= manufacturer_ids=[76] service_uuids=[]
05-17 10:52:19.824  1928  2050 D BtGatt.GattService: onScanResult to scannerId: 2- eventType=0x1a, addressType=1, address=45DD95_E, primaryPhy=1, secondaryPhy=0, advertisingSid=0xff, txPower=127, rssi=-44, periodicAdvInt=0x0
05-17 10:52:19.825  1928  2050 D BtGatt.GattService: onScanResult to scannerId: 2- eventType=0x10, addressType=1, address=638088_4, primaryPhy=1, secondaryPhy=0, advertisingSid=0xff, txPower=127, rssi=-80, periodicAdvInt=0x0
05-17 10:52:19.828  7078  7078 I MeshxBleScanRaw: device_id=63:80:88:E4:74:B4 rssi=-80 advertisement_b64=AgEaF/9MAAkIEwTAqAF2G1gWCACLPZPtePGgAAAAAAAAAAAAAAAAAAAAAAAAAAAAAAAAAAAAAAAAAAAAAAA= manufacturer_ids=[76] service_uuids=[]
05-17 10:52:19.841  1928  2050 D BtGatt.GattService: onScanResult to scannerId: 2- eventType=0x1b, addressType=0, address=84E0F4_2, primaryPhy=1, secondaryPhy=0, advertisingSid=0xff, txPower=127, rssi=-78, periodicAdvInt=0x0
05-17 10:52:19.852  1928  2050 D BtGatt.GattService: onScanResult to scannerId: 2- eventType=0x10, addressType=1, address=70B0D9_E, primaryPhy=1, secondaryPhy=0, advertisingSid=0xff, txPower=127, rssi=-82, periodicAdvInt=0x0
05-17 10:52:19.854  7078  7078 I MeshxBleScanRaw: device_id=70:B0:D9:C4:3E:EE rssi=-82 advertisement_b64=AgEaDf9MABYIAEkT/ebvLzoAAAAAAAAAAAAAAAAAAAAAAAAAAAAAAAAAAAAAAAAAAAAAAAAAAAAAAAAAAAA= manufacturer_ids=[76] service_uuids=[]
05-17 10:52:19.859  1928  2050 D BtGatt.GattService: onScanResult to scannerId: 2- eventType=0x1b, addressType=0, address=84E0F4_2, primaryPhy=1, secondaryPhy=0, advertisingSid=0xff, txPower=127, rssi=-78, periodicAdvInt=0x0
05-17 10:52:19.905  7078  7131 I Elixir  : step 5 => {ok,<0.135.0>}
05-17 10:52:20.064  7078  7078 D CompatibilityChangeReporter: Compat change id reported: 171228096; UID 10313; state: ENABLED
05-17 10:52:20.347  1707  1707 I wpa_supplicant: Heartbeat 20338
05-17 10:52:20.496  1200  1491 I ChimeraAggressivePolicyHandler: executePolicy() - triggerSource: TRIGGER_SOURCE_LMKD
05-17 10:52:20.498  1200  1491 I ChimeraAggressivePolicyHandler: available memory: 1825728, free memory target: 645120, quit chimera
05-17 10:52:20.658  1200  1672 D SGM:GameManager: identifyForegroundApp. dev.meshx.mob, mCurrentUserId: 0, callerUserId: 0
05-17 10:52:20.658  1200  1672 D SGM:PkgDataHelper: getGamePkgData(). dev.meshx.mob
05-17 10:52:20.659 26586 26654 I PolicyManager: [#CMH#] Is foreground game app: false
05-17 10:52:20.706   602   602 D io_stats: !@   8,0 r 1030739 33594864 w 589530 56584764 d 0 0 f 0 0 iot 510892 0 th 0 0 0 pt 0 inp 0 0 203588.279
05-17 10:52:20.883  7078  7106 D OpenGLRenderer: setSurface called with nullptr
05-17 10:52:21.029  1200  3617 D SemWifiUsabilityStatsMonitor: onWifiUsabilityStats - seqNum 5541, isSameBssidAndFreq true
05-17 10:52:21.030  1613  1613 D NetworkController.WifiSignalController: notifyListener: visible=true, connected=true, inetCondition=1, isDefault=true, wifiTestReported=true, receivedInetCondition=-1, hideDuringMobileSwitching=false
05-17 10:52:21.031  1200  1507 I SemWifiLinkQualityMonitor: Link Qos Query: 0.075 ms / 106.571 Mbps (408 / 0.055 / 1.000)
05-17 10:52:21.290  7078  7078 I ViewRootImpl@ff32c1d[MainActivity]: performTraversals mFirst=false windowShouldResize=false viewVisibilityChanged=true mForceNextWindowRelayout=false params=null
05-17 10:52:21.291  1200  1672 V WindowManager: Relayout Window{65c87c0 u0 dev.meshx.mob/dev.meshx.mob.MainActivity}: viewVisibility=8 req=1200x1920 d0
05-17 10:52:21.296  1200  1672 V WindowManager: Relayout hash=65c87c0, pid=7078, syncId=-1: mAttrs={(0,0)(fillxfill) sim={adjust=resize forwardNavigation} ty=BASE_APPLICATION
05-17 10:52:21.296  1200  1672 V WindowManager:   fl=1810100
05-17 10:52:21.296  1200  1672 V WindowManager:   pfl=16020040
05-17 10:52:21.296  1200  1672 V WindowManager:   vsysui=2010
05-17 10:52:21.296  1200  1672 V WindowManager:   apr=LIGHT_STATUS_BARS LIGHT_NAVIGATION_BARS
05-17 10:52:21.296  1200  1672 V WindowManager:   bhv=DEFAULT
05-17 10:52:21.296  1200  1672 V WindowManager:   fitSides= naviIconColor=0
05-17 10:52:21.296  1200  1672 V WindowManager:   sfl=100000}
05-17 10:52:21.299  7078  7078 I ViewRootImpl@ff32c1d[MainActivity]: Relayout returned: old=(0,0,1200,1920) new=(0,0,1200,1920) req=(1200,1920)8 dur=8 res=0x0 s={false 0x0} ch=false seqId=0
05-17 10:52:21.321  7078  7078 I Choreographer: Skipped 43 frames!  The application may be doing too much work on its main thread.
05-17 10:52:21.475  1928  2050 D BtGatt.GattService: onScanResult to scannerId: 2- eventType=0x10, addressType=1, address=638088_4, primaryPhy=1, secondaryPhy=0, advertisingSid=0xff, txPower=127, rssi=-78, periodicAdvInt=0x0
05-17 10:52:21.498  1928  2050 D BtGatt.GattService: onScanResult to scannerId: 2- eventType=0x10, addressType=1, address=48C4B1_8, primaryPhy=1, secondaryPhy=0, advertisingSid=0xff, txPower=127, rssi=-37, periodicAdvInt=0x0
05-17 10:52:21.503  1928  2050 D BtGatt.GattService: onScanResult to scannerId: 2- eventType=0x10, addressType=0, address=BC7E8B_B, primaryPhy=1, secondaryPhy=0, advertisingSid=0xff, txPower=127, rssi=-88, periodicAdvInt=0x0
05-17 10:52:21.509  1928  2050 D BtGatt.GattService: onScanResult to scannerId: 2- eventType=0x1b, addressType=1, address=7F7BD8_9, primaryPhy=1, secondaryPhy=0, advertisingSid=0xff, txPower=127, rssi=-78, periodicAdvInt=0x0
05-17 10:52:21.517  7078  7078 I MeshxBleScanRaw: device_id=BC:7E:8B:DB:C3:3B rssi=-88 advertisement_b64=G/91AEIEAYBmvH6L28M7vn6L28M6AQwAAAAAAAAAAAAAAAAAAAAAAAAAAAAAAAAAAAAAAAAAAAAAAAAAAAA= manufacturer_ids=[117] service_uuids=[]
05-17 10:52:21.521  7078  7078 I MeshxBleScanRaw: device_id=7F:7B:D8:F8:D7:09 rssi=-78 advertisement_b64=AgEaAgoMCv9MABAFBhhFVPMAAAAAAAAAAAAAAAAAAAAAAAAAAAAAAAAAAAAAAAAAAAAAAAAAAAAAAAAAAAA= manufacturer_ids=[76] service_uuids=[]
05-17 10:52:21.538  1928  2050 D BtGatt.GattService: onScanResult to scannerId: 2- eventType=0x10, addressType=0, address=BC455B_A, primaryPhy=1, secondaryPhy=0, advertisingSid=0xff, txPower=127, rssi=-78, periodicAdvInt=0x0
05-17 10:52:21.583  1928  2050 D BtGatt.GattService: onScanResult to scannerId: 2- eventType=0x1a, addressType=1, address=45DD95_E, primaryPhy=1, secondaryPhy=0, advertisingSid=0xff, txPower=127, rssi=-45, periodicAdvInt=0x0
05-17 10:52:21.623  7078  7078 I MeshxBleScanRaw: device_id=BC:45:5B:53:44:1A rssi=-78 advertisement_b64=G/91AEIEAYBuvEVbU0QavkVbU0QZAbz+VW15AAAAAAAAAAAAAAAAAAAAAAAAAAAAAAAAAAAAAAAAAAAAAAA= manufacturer_ids=[117] service_uuids=[]
05-17 10:52:21.668  1928  2050 D BtGatt.GattService: onScanResult to scannerId: 2- eventType=0x10, addressType=1, address=6D7CF1_5, primaryPhy=1, secondaryPhy=0, advertisingSid=0xff, txPower=127, rssi=-88, periodicAdvInt=0x0
05-17 10:52:21.677  7078  7131 I Elixir  : Mob.Dist: waiting for EPMD (adb reverse tcp:4369 tcp:4369)...
05-17 10:52:21.787  1674  2200 D IpClient/wlan0: interfaceLinkStateChanged: ifindex 16 up
05-17 10:52:21.990 30311 30311 D BoundBrokerSvc: onUnbind: Intent { act=com.google.android.gms.libs.gmscorelogger.service.START dat=chimera-action:/... cmp=com.google.android.gms/.chimera.PersistentDirectBootAwareApiService }
05-17 10:52:22.707   602   602 D io_stats: !@   8,0 r 1030740 33594864 w 589573 56585144 d 0 0 f 0 0 iot 510904 0 th 0 0 0 pt 0 inp 0 0 203590.280
05-17 10:52:23.335  1928  2050 D BtGatt.GattService: onScanResult to scannerId: 2- eventType=0x1b, addressType=0, address=84E0F4_2, primaryPhy=1, secondaryPhy=0, advertisingSid=0xff, txPower=127, rssi=-92, periodicAdvInt=0x0
05-17 10:52:23.338  1928  2050 D BtGatt.GattService: onScanResult to scannerId: 2- eventType=0x10, addressType=1, address=638088_4, primaryPhy=1, secondaryPhy=0, advertisingSid=0xff, txPower=127, rssi=-78, periodicAdvInt=0x0
05-17 10:52:23.349  1928  2050 D BtGatt.GattService: onScanResult to scannerId: 2- eventType=0x1a, addressType=1, address=45DD95_E, primaryPhy=1, secondaryPhy=0, advertisingSid=0xff, txPower=127, rssi=-44, periodicAdvInt=0x0
05-17 10:52:23.367  1928  2050 D BtGatt.GattService: onScanResult to scannerId: 2- eventType=0x10, addressType=1, address=6D7CF1_5, primaryPhy=1, secondaryPhy=0, advertisingSid=0xff, txPower=127, rssi=-84, periodicAdvInt=0x0
05-17 10:52:23.373  1928  2050 D BtGatt.GattService: onScanResult to scannerId: 2- eventType=0x10, addressType=0, address=BC7E8B_B, primaryPhy=1, secondaryPhy=0, advertisingSid=0xff, txPower=127, rssi=-85, periodicAdvInt=0x0
05-17 10:52:23.396  1928  2050 D BtGatt.GattService: onScanResult to scannerId: 2- eventType=0x10, addressType=0, address=BC455B_A, primaryPhy=1, secondaryPhy=0, advertisingSid=0xff, txPower=127, rssi=-73, periodicAdvInt=0x0
05-17 10:52:23.401  1928  2050 D BtGatt.GattService: onScanResult to scannerId: 2- eventType=0x10, addressType=1, address=2E6571_5, primaryPhy=1, secondaryPhy=0, advertisingSid=0xff, txPower=127, rssi=-92, periodicAdvInt=0x0
05-17 10:52:23.405  1928  2050 D BtGatt.GattService: onScanResult to scannerId: 2- eventType=0x1b, addressType=1, address=554F93_8, primaryPhy=1, secondaryPhy=0, advertisingSid=0xff, txPower=127, rssi=-61, periodicAdvInt=0x0
05-17 10:52:23.410  1928  2050 D BtGatt.GattService: onScanResult to scannerId: 2- eventType=0x10, addressType=1, address=48C4B1_8, primaryPhy=1, secondaryPhy=0, advertisingSid=0xff, txPower=127, rssi=-35, periodicAdvInt=0x0
05-17 10:52:23.424  1928  2050 D BtGatt.GattService: onScanResult to scannerId: 2- eventType=0x1b, addressType=1, address=7F7BD8_9, primaryPhy=1, secondaryPhy=0, advertisingSid=0xff, txPower=127, rssi=-77, periodicAdvInt=0x0
05-17 10:52:23.432  1928  2050 D BtGatt.GattService: onScanResult to scannerId: 2- eventType=0x1b, addressType=0, address=84E0F4_2, primaryPhy=1, secondaryPhy=0, advertisingSid=0xff, txPower=127, rssi=-93, periodicAdvInt=0x0
05-17 10:52:23.432  1928  2050 D BtGatt.GattService: onScanResult to scannerId: 2- eventType=0x1b, addressType=0, address=84E0F4_2, primaryPhy=1, secondaryPhy=0, advertisingSid=0xff, txPower=127, rssi=-92, periodicAdvInt=0x0
05-17 10:52:23.435  1928  2050 D BtGatt.GattService: onScanResult to scannerId: 2- eventType=0x1b, addressType=1, address=554F93_8, primaryPhy=1, secondaryPhy=0, advertisingSid=0xff, txPower=127, rssi=-61, periodicAdvInt=0x0
05-17 10:52:23.438  1928  2050 D BtGatt.GattService: onScanResult to scannerId: 2- eventType=0x1b, addressType=1, address=5C2647_5, primaryPhy=1, secondaryPhy=0, advertisingSid=0xff, txPower=127, rssi=-67, periodicAdvInt=0x0
05-17 10:52:23.470  7078  7078 I MeshxBleScanRaw: device_id=2E:65:71:48:90:75 rssi=-92 advertisement_b64=Hv8GAAEJICLuw384257pouCVkZ8Clm7m9DKbyMFV3AAAAAAAAAAAAAAAAAAAAAAAAAAAAAAAAAAAAAAAAAA= manufacturer_ids=[6] service_uuids=[]
05-17 10:52:23.478  7078  7078 I MeshxBleScanRaw: device_id=5C:26:47:6E:C1:15 rssi=-67 advertisement_b64=AgEaAgoMCv9MABAFBhyP8JcAAAAAAAAAAAAAAAAAAAAAAAAAAAAAAAAAAAAAAAAAAAAAAAAAAAAAAAAAAAA= manufacturer_ids=[76] service_uuids=[]
05-17 10:52:23.497  1928  2050 D BtGatt.GattService: onScanResult to scannerId: 2- eventType=0x1b, addressType=1, address=5CA103_4, primaryPhy=1, secondaryPhy=0, advertisingSid=0xff, txPower=127, rssi=-75, periodicAdvInt=0x0
05-17 10:52:23.508  1928  2050 D BtGatt.GattService: onScanResult to scannerId: 2- eventType=0x1b, addressType=1, address=554F93_8, primaryPhy=1, secondaryPhy=0, advertisingSid=0xff, txPower=127, rssi=-61, periodicAdvInt=0x0
05-17 10:52:23.521  1928  2050 D BtGatt.GattService: onScanResult to scannerId: 2- eventType=0x10, addressType=1, address=E1940A_9, primaryPhy=1, secondaryPhy=0, advertisingSid=0xff, txPower=127, rssi=-77, periodicAdvInt=0x0
05-17 10:52:23.523  1928  2050 D BtGatt.GattService: onScanResult to scannerId: 2- eventType=0x10, addressType=0, address=BC7E8B_B, primaryPhy=1, secondaryPhy=0, advertisingSid=0xff, txPower=127, rssi=-85, periodicAdvInt=0x0
05-17 10:52:23.538  1928  2050 D BtGatt.GattService: onScanResult to scannerId: 2- eventType=0x1b, addressType=1, address=554F93_8, primaryPhy=1, secondaryPhy=0, advertisingSid=0xff, txPower=127, rssi=-61, periodicAdvInt=0x0
05-17 10:52:23.547  1928  2050 D BtGatt.GattService: onScanResult to scannerId: 2- eventType=0x10, addressType=0, address=BC455B_A, primaryPhy=1, secondaryPhy=0, advertisingSid=0xff, txPower=127, rssi=-69, periodicAdvInt=0x0
05-17 10:52:23.553  7078  7078 I MeshxBleScanRaw: device_id=5C:A1:03:76:59:C4 rssi=-75 advertisement_b64=AgECCQkxOTViOTc5YREHAADNxMbq7rbIRa2tM7PWORf/9wMNAAAAAABtaWxjIGdyb3VwIHNsbwAAAAAAAAA= manufacturer_ids=[1015] service_uuids=[39d6b333-adad-45c8-b6ee-eac6c4cd0000]
05-17 10:52:23.556  7078  7078 I MeshxBleScanRaw: device_id=E1:94:0A:D7:33:C9 rssi=-77 advertisement_b64=B/9MABICAAMAAAAAAAAAAAAAAAAAAAAAAAAAAAAAAAAAAAAAAAAAAAAAAAAAAAAAAAAAAAAAAAAAAAAAAAA= manufacturer_ids=[76] service_uuids=[]
05-17 10:52:23.579  1928  2050 D BtGatt.GattService: onScanResult to scannerId: 2- eventType=0x1b, addressType=1, address=554F93_8, primaryPhy=1, secondaryPhy=0, advertisingSid=0xff, txPower=127, rssi=-61, periodicAdvInt=0x0
05-17 10:52:23.602  1928  2050 D BtGatt.GattService: onScanResult to scannerId: 2- eventType=0x10, addressType=1, address=48C4B1_8, primaryPhy=1, secondaryPhy=0, advertisingSid=0xff, txPower=127, rssi=-35, periodicAdvInt=0x0
05-17 10:52:23.602  1928  2050 D BtGatt.GattService: onScanResult to scannerId: 2- eventType=0x10, addressType=1, address=7CD1C9_0, primaryPhy=1, secondaryPhy=0, advertisingSid=0xff, txPower=127, rssi=-81, periodicAdvInt=0x0
05-17 10:52:23.609  1928  2050 D BtGatt.GattService: onScanResult to scannerId: 2- eventType=0x1b, addressType=1, address=554F93_8, primaryPhy=1, secondaryPhy=0, advertisingSid=0xff, txPower=127, rssi=-61, periodicAdvInt=0x0
05-17 10:52:23.614  1928  2050 D BtGatt.GattService: onScanResult to scannerId: 2- eventType=0x10, addressType=1, address=2E6571_5, primaryPhy=1, secondaryPhy=0, advertisingSid=0xff, txPower=127, rssi=-93, periodicAdvInt=0x0
05-17 10:52:23.614  1928  2050 D BtGatt.GattService: onScanResult to scannerId: 2- eventType=0x10, addressType=1, address=01273F_5, primaryPhy=1, secondaryPhy=0, advertisingSid=0xff, txPower=127, rssi=-95, periodicAdvInt=0x0
05-17 10:52:23.633  7078  7078 I MeshxBleScanRaw: device_id=7C:D1:C9:6B:54:00 rssi=-81 advertisement_b64=AgEaDf9MABYIAB55qTs5B+8AAAAAAAAAAAAAAAAAAAAAAAAAAAAAAAAAAAAAAAAAAAAAAAAAAAAAAAAAAAA= manufacturer_ids=[76] service_uuids=[]
05-17 10:52:23.637  7078  7078 I MeshxBleScanRaw: device_id=01:27:3F:E7:78:65 rssi=-95 advertisement_b64=Hv8GAAEJICI04j8Crg7KhXlCe6urKc18vbFU+vEgzQAAAAAAAAAAAAAAAAAAAAAAAAAAAAAAAAAAAAAAAAA= manufacturer_ids=[6] service_uuids=[]
05-17 10:52:23.975  7078  7131 I Elixir  : BleSelfTest: HEARTBEAT events=48 devices=19 meshx_peers=0 sent=0 distinct_msgs=1 beacon_callbacks=4 envelopes=0
05-17 10:52:23.976  7078  7115 I BEAMout : 10:52:23.975 [info] BleSelfTest: HEARTBEAT events=48 devices=19 meshx_peers=0 sent=0 distinct_msgs=1 beacon_callbacks=4 envelopes=0
05-17 10:52:24.137  1200  3617 D SemWifiUsabilityStatsMonitor: onWifiUsabilityStats - seqNum 5542, isSameBssidAndFreq true
05-17 10:52:24.138  1613  1613 D NetworkController.WifiSignalController: notifyListener: visible=true, connected=true, inetCondition=1, isDefault=true, wifiTestReported=true, receivedInetCondition=-1, hideDuringMobileSwitching=false
05-17 10:52:24.139  1200  1507 I SemWifiLinkQualityMonitor: Link Qos Query: 0.038 ms / 209.984 Mbps (408 / 0.018 / 1.000)
05-17 10:52:25.192  1928  2050 D BtGatt.GattService: onScanResult to scannerId: 2- eventType=0x10, addressType=1, address=638088_4, primaryPhy=1, secondaryPhy=0, advertisingSid=0xff, txPower=127, rssi=-80, periodicAdvInt=0x0
05-17 10:52:25.231  1928  2050 D BtGatt.GattService: onScanResult to scannerId: 2- eventType=0x1b, addressType=0, address=84E0F4_2, primaryPhy=1, secondaryPhy=0, advertisingSid=0xff, txPower=127, rssi=-78, periodicAdvInt=0x0
05-17 10:52:25.240  1928  2050 D BtGatt.GattService: onScanResult to scannerId: 2- eventType=0x10, addressType=0, address=BC455B_A, primaryPhy=1, secondaryPhy=0, advertisingSid=0xff, txPower=127, rssi=-83, periodicAdvInt=0x0
05-17 10:52:25.249  1928  2050 D BtGatt.GattService: onScanResult to scannerId: 2- eventType=0x1a, addressType=1, address=45DD95_E, primaryPhy=1, secondaryPhy=0, advertisingSid=0xff, txPower=127, rssi=-44, periodicAdvInt=0x0
05-17 10:52:25.252  1928  2050 D BtGatt.GattService: onScanResult to scannerId: 2- eventType=0x1b, addressType=1, address=554F93_8, primaryPhy=1, secondaryPhy=0, advertisingSid=0xff, txPower=127, rssi=-51, periodicAdvInt=0x0
05-17 10:52:25.256  1928  2050 D BtGatt.GattService: onScanResult to scannerId: 2- eventType=0x1b, addressType=0, address=84E0F4_2, primaryPhy=1, secondaryPhy=0, advertisingSid=0xff, txPower=127, rssi=-78, periodicAdvInt=0x0
05-17 10:52:25.266  1928  2050 D BtGatt.GattService: onScanResult to scannerId: 2- eventType=0x1b, addressType=0, address=84E0F4_2, primaryPhy=1, secondaryPhy=0, advertisingSid=0xff, txPower=127, rssi=-78, periodicAdvInt=0x0
05-17 10:52:25.273  1928  2050 D BtGatt.GattService: onScanResult to scannerId: 2- eventType=0x1b, addressType=1, address=4795CE_E, primaryPhy=1, secondaryPhy=0, advertisingSid=0xff, txPower=127, rssi=-80, periodicAdvInt=0x0
05-17 10:52:25.275  1928  2050 D BtGatt.GattService: onScanResult to scannerId: 2- eventType=0x10, addressType=1, address=7CD1C9_0, primaryPhy=1, secondaryPhy=0, advertisingSid=0xff, txPower=127, rssi=-82, periodicAdvInt=0x0
05-17 10:52:25.282  1928  2050 D BtGatt.GattService: onScanResult to scannerId: 2- eventType=0x1b, addressType=0, address=84E0F4_2, primaryPhy=1, secondaryPhy=0, advertisingSid=0xff, txPower=127, rssi=-78, periodicAdvInt=0x0
05-17 10:52:25.284  1928  2050 D BtGatt.GattService: onScanResult to scannerId: 2- eventType=0x1b, addressType=1, address=554F93_8, primaryPhy=1, secondaryPhy=0, advertisingSid=0xff, txPower=127, rssi=-51, periodicAdvInt=0x0
05-17 10:52:25.291  1928  2050 D BtGatt.GattService: onScanResult to scannerId: 2- eventType=0x1b, addressType=0, address=94944A_D, primaryPhy=1, secondaryPhy=0, advertisingSid=0xff, txPower=127, rssi=-85, periodicAdvInt=0x0
05-17 10:52:25.292  1928  2050 D BtGatt.GattService: onScanResult to scannerId: 2- eventType=0x10, addressType=1, address=027F8E_3, primaryPhy=1, secondaryPhy=0, advertisingSid=0xff, txPower=127, rssi=-92, periodicAdvInt=0x0
05-17 10:52:25.318  7078  7078 I MeshxBleScanRaw: device_id=47:95:CE:3C:7E:9E rssi=-80 advertisement_b64=AgEaAgoMCv9MABAFBhhFVPMAAAAAAAAAAAAAAAAAAAAAAAAAAAAAAAAAAAAAAAAAAAAAAAAAAAAAAAAAAAA= manufacturer_ids=[76] service_uuids=[]
05-17 10:52:25.323  7078  7078 I MeshxBleScanRaw: device_id=94:94:4A:05:9D:5D rssi=-85 advertisement_b64=AgEGEQeeytwkDuWp4JPzo7UBAEBuCAl1RzItZDVjAAAAAAAAAAAAAAAAAAAAAAAAAAAAAAAAAAAAAAAAAAA= manufacturer_ids=[] service_uuids=[6e400001-b5a3-f393-e0a9-e50e24dcca9e]
05-17 10:52:25.324  7078  7078 I MeshxBleScanRaw: device_id=02:7F:8E:90:03:23 rssi=-92 advertisement_b64=Hv8GAAEJICKckHJZ7CWIhPbnyogiq5NSqrxWgEEKngAAAAAAAAAAAAAAAAAAAAAAAAAAAAAAAAAAAAAAAAA= manufacturer_ids=[6] service_uuids=[]
05-17 10:52:25.324  1928  2050 D BtGatt.GattService: onScanResult to scannerId: 2- eventType=0x10, addressType=1, address=48C4B1_8, primaryPhy=1, secondaryPhy=0, advertisingSid=0xff, txPower=127, rssi=-35, periodicAdvInt=0x0
05-17 10:52:25.355  1928  2050 D BtGatt.GattService: onScanResult to scannerId: 2- eventType=0x1b, addressType=1, address=554F93_8, primaryPhy=1, secondaryPhy=0, advertisingSid=0xff, txPower=127, rssi=-51, periodicAdvInt=0x0
05-17 10:52:25.361  1928  2050 D BtGatt.GattService: onScanResult to scannerId: 2- eventType=0x10, addressType=1, address=6D7CF1_5, primaryPhy=1, secondaryPhy=0, advertisingSid=0xff, txPower=127, rssi=-78, periodicAdvInt=0x0
05-17 10:52:25.373  1928  2050 D BtGatt.GattService: onScanResult to scannerId: 2- eventType=0x1b, addressType=0, address=84E0F4_2, primaryPhy=1, secondaryPhy=0, advertisingSid=0xff, txPower=127, rssi=-78, periodicAdvInt=0x0
05-17 10:52:25.376  1928  2050 D BtGatt.GattService: onScanResult to scannerId: 2- eventType=0x1b, addressType=1, address=5C2647_5, primaryPhy=1, secondaryPhy=0, advertisingSid=0xff, txPower=127, rssi=-72, periodicAdvInt=0x0
05-17 10:52:25.378  1928  2050 D BtGatt.GattService: onScanResult to scannerId: 2- eventType=0x10, addressType=1, address=638088_4, primaryPhy=1, secondaryPhy=0, advertisingSid=0xff, txPower=127, rssi=-80, periodicAdvInt=0x0
05-17 10:52:25.386  1928  2050 D BtGatt.GattService: onScanResult to scannerId: 2- eventType=0x1b, addressType=0, address=84E0F4_2, primaryPhy=1, secondaryPhy=0, advertisingSid=0xff, txPower=127, rssi=-79, periodicAdvInt=0x0
05-17 10:52:25.391  1928  2050 D BtGatt.GattService: onScanResult to scannerId: 2- eventType=0x1a, addressType=1, address=45DD95_E, primaryPhy=1, secondaryPhy=0, advertisingSid=0xff, txPower=127, rssi=-44, periodicAdvInt=0x0
05-17 10:52:25.392  1928  2050 D BtGatt.GattService: onScanResult to scannerId: 2- eventType=0x1b, addressType=1, address=554F93_8, primaryPhy=1, secondaryPhy=0, advertisingSid=0xff, txPower=127, rssi=-51, periodicAdvInt=0x0
05-17 10:52:25.438  1928  2050 D BtGatt.GattService: onScanResult to scannerId: 2- eventType=0x10, addressType=1, address=70B0D9_E, primaryPhy=1, secondaryPhy=0, advertisingSid=0xff, txPower=127, rssi=-80, periodicAdvInt=0x0
05-17 10:52:25.981  7078  7131 I BluetoothAdapter: STATE_ON
05-17 10:52:25.982  7078  7131 I BluetoothAdapter: STATE_ON
05-17 10:52:25.987  7078  7131 I BluetoothAdapter: STATE_ON
05-17 10:52:25.988  7078  7131 I BluetoothAdapter: STATE_ON
05-17 10:52:25.989  7078  7131 I MeshxBleDispatch: {"v":1,"event":"ble_capabilities","supports_extended_advertising":true,"max_advertising_data_length":1024,"is_multiple_advertisement_supported":true,"legacy_manufacturer_payload_budget":24}
05-17 10:52:25.989  7078  7131 I BluetoothAdapter: STATE_ON
05-17 10:52:25.990  7078  7131 I BluetoothAdapter: STATE_ON
05-17 10:52:25.994  7078  7131 I BluetoothAdapter: STATE_ON
05-17 10:52:25.994  7078  7131 I BluetoothAdapter: STATE_ON
05-17 10:52:25.994  7078  7131 I BluetoothAdapter: STATE_ON
05-17 10:52:25.994  7078  7131 I BluetoothAdapter: STATE_ON
05-17 10:52:25.998  1928  3855 I bt_stack: [INFO:le_advertising_manager.cc(137)] StartAdvertisingSet in shim layer
05-17 10:52:25.998  1928  3855 W bt_stack: le_advertising_manager :: allocate_advertiser - id : 2
05-17 10:52:25.998  1928  3855 I bt_stack: [INFO:le_advertising_manager.cc(157)] create advertising set, reg_id:-5136, id:2
05-17 10:52:25.999  1928  2282 W bt_stack: le_advertising_manager :: create_extended_advertiser - id : 2
05-17 10:52:25.999  1928  2282 W bt_stack: le_advertising_manager :: enable_advertiser - id : 2
05-17 10:52:26.003  7078  7131 I MeshxBleDispatch: {"v":1,"event":"attempt_outcome","attempt_id":"selftest-1779040345980","message_id":"zcNtGu8JNV3ss8nx45sWrA==","target_peer_id":"broadcast","target_device_ids":["broadcast"],"kind":"dispatched","reason":"legacy_beacon_fallback","adapter":"ble_android","outcome_at_ms":204018041}
05-17 10:52:26.005  7078  7131 I MeshxBleNative: sendToPeer(broadcast, 31B) -> DISPATCHED reason=legacy_beacon_fallback
05-17 10:52:26.005  7078  7131 I Elixir  : BleSelfTest: MESH MESSAGE SENT payload="hello-from-meshx-dev-1779040345" result=:ok
05-17 10:52:26.013  7078  7115 I BEAMout : 10:52:26.005 [info] BleSelfTest: MESH MESSAGE SENT payload="hello-from-meshx-dev-1779040345" result=:ok
05-17 10:52:26.014  7078  7131 W Elixir  : BleSelfTest: bridge error unknown: {"v":1,"event":"attempt_outcome","attempt_id":"selftest-1779040345980","message_id":"zcNtGu8JNV3ss8nx45sWrA==","target_peer_id":"broadcast","target_device_ids":["broadcast"],"kind":"dispatched","reason":"legacy_beacon_fallback","adapter":"ble_android","outcome_at_ms":204018041}
05-17 10:52:26.015  7078  7115 I BEAMout : 10:52:26.013 [warning] BleSelfTest: bridge error unknown: {"v":1,"event":"attempt_outcome","attempt_id":"selftest-1779040345980","message_id":"zcNtGu8JNV3ss8nx45sWrA==","target_peer_id":"broadcast","target_device_ids":["broadcast"],"kind":"dispatched","reason":"legacy_beacon_fallback","adapter":"ble_android","outcome_at_ms":204018041}
05-17 10:52:26.028  1928  2260 E BtGatt.GattService: [GSIM LOG]: gsimLogHandler, msg: MESSAGE_ADV_SET_START, appName: dev.meshx.mob, id: 2, isLegacy: true
05-17 10:52:26.037  7078  7078 D BluetoothLeAdvertiser: onAdvertisingSetStarted(2, -7, 0)
05-17 10:52:26.041  7078  7078 I MeshxBleDispatch: {"v":1,"event":"legacy_beacon_advertising_started","attempt_id":"selftest-1779040345980","beacon_size":22,"beacon":"TUIBAQEACR770X2KtPMS94VXUXoT+Q==","message_id_hash":"CR770X2KtPM=","sender_peer_id_hash":"EveFV1F6E\/k=","payload_kind":"TX","envelope_version":1,"window_ms":5000,"data_carrier":"legacy_advertisement"}
05-17 10:52:26.342  1200  1474 D UsbStatsMonitor: 0 0 0 0 0 0 0 0 0 0 0 0 0 0 0 0 0 0 0 0 0 0 0 0 0 0 0 0 0 0 0 0 0 0 0 0 0 0 0 0 0 0 0 0 0 0 0 0 0 0 53021371269139
05-17 10:52:27.052  1928  2050 D BtGatt.GattService: onScanResult to scannerId: 2- eventType=0x10, addressType=1, address=638088_4, primaryPhy=1, secondaryPhy=0, advertisingSid=0xff, txPower=127, rssi=-78, periodicAdvInt=0x0
05-17 10:52:27.072  1928  2050 D BtGatt.GattService: onScanResult to scannerId: 2- eventType=0x1b, addressType=1, address=554F93_8, primaryPhy=1, secondaryPhy=0, advertisingSid=0xff, txPower=127, rssi=-49, periodicAdvInt=0x0
05-17 10:52:27.111  1928  2050 D BtGatt.GattService: onScanResult to scannerId: 2- eventType=0x1b, addressType=1, address=554F93_8, primaryPhy=1, secondaryPhy=0, advertisingSid=0xff, txPower=127, rssi=-49, periodicAdvInt=0x0
