05-17 05:23:45.840  1200  2959 D ActivityTaskManager: TaskLaunchParamsModifier:task=null activity=ActivityRecord{d90dd1 u0 dev.meshx.mob/.MainActivity} display-id=0 display-windowing-mode=1 suggested-display-area=DefaultTaskDisplayArea@8828587
05-17 05:23:45.840  1200  2959 D [secipm]: mSecIpmManager Preload dev.meshx.mob dex files
05-17 05:23:45.841  1200  2959 D ActivityTaskManager: TaskLaunchParamsModifier:task=null activity=ActivityRecord{d90dd1 u0 dev.meshx.mob/.MainActivity} t-1} display-id=0 display-windowing-mode=1 suggested-display-area=DefaultTaskDisplayArea@8828587 non-freeform-display display-area=DefaultTaskDisplayArea@8828587 maximized-bounds
05-17 05:23:45.841  1200  2187 I SemDvfsHyPerManager: acquire hyper - AMS_APP_SWITCH/1200@26, type = -999
05-17 05:23:45.841   864   921 I HYPER-HAL: [RequestManager.cpp]acquire(): Acquired ID : 752177  [1200 / 26]    HINT : AMS_APP_SWITCH    list : 
05-17 05:23:45.841   864   921 E HYPER-HAL: [HandlerSysfs.cpp]doResourceHandling(): Couldn't Open Sysfs - /sys/power/cstate_control
05-17 05:23:45.841   914  6826 I SurfaceFlinger: id=475 createSurf flag=24004, Task=418#475
05-17 05:23:45.841  1200  2187 D ActivityManagerPerformance: AMP_acquire() APP_SWITCH
05-17 05:23:45.842  2905  2905 I SemDvfsHyPerManager: acquire hyper - APP_START_SHORT/2905@12, type = -999
05-17 05:23:45.842   864   921 I HYPER-HAL: [RequestManager.cpp]acquire(): Acquired ID : 4255915  [2905 / 12]    HINT : APP_START    list : [TIMEOUT / 1500] 
05-17 05:23:45.842  1200  2959 D ActivityTaskManager: TaskLaunchParamsModifier:task=Task{f46c036 #418 type=standard A=10313:dev.meshx.mob U=0 visible=false visibleRequested=false mode=fullscreen translucent=true sz=0} activity=ActivityRecord{d90dd1 u0 dev.meshx.mob/.MainActivity} t-1} display-from-task=0 display-id=0 display-windowing-mode=1 suggested-display-area=DefaultTaskDisplayArea@8828587 non-freeform-display display-area=DefaultTaskDisplayArea@8828587 maximized-bounds
05-17 05:23:45.843  1200  2959 D CompatibilityChangeReporter: Compat change id reported: 174042980; UID 10313; state: DISABLED
05-17 05:23:45.843  1200  2959 D CompatibilityChangeReporter: Compat change id reported: 184838306; UID 10313; state: DISABLED
05-17 05:23:45.843  1200  2959 D CompatibilityChangeReporter: Compat change id reported: 185004937; UID 10313; state: DISABLED
05-17 05:23:45.843  1200  2959 D CompatibilityChangeReporter: Compat change id reported: 181136395; UID 10313; state: DISABLED
05-17 05:23:45.843  1200  2959 D CompatibilityChangeReporter: Compat change id reported: 174042936; UID 10313; state: DISABLED
05-17 05:23:45.843   914  6826 I SurfaceFlinger: id=476 createSurf flag=80004, ActivityRecord{d90dd1 u0 dev.meshx.mob/.MainActivity} t418}#476
05-17 05:23:45.844  1200  2959 D ActivityTaskManager: scheduleTopResumedActivityChanged, onTop=false r=ActivityRecord{6b81964 u0 com.sec.android.app.launcher/.activities.LauncherActivity} t403} caller=com.android.server.wm.ActivityTaskSupervisor.updateTopResumedActivityIfNeeded:2566 com.android.server.wm.TaskDisplayArea.positionChildTaskAt:618 com.android.server.wm.TaskDisplayArea.positionChildAt:541 com.android.server.wm.Task.moveToFrontInner:6277 com.android.server.wm.Task.moveToFront:6243 com.android.server.wm.ActivityStarter.startActivityInner:3043 
05-17 05:23:45.845  1200  2959 W WindowManager: Prepare app transition: mNextAppTransitionRequests=[TRANSIT_OPEN], mNextAppTransitionFlags=, displayId: 0 Callers=com.android.server.wm.DisplayContent.prepareAppTransition:6543 com.android.server.wm.DisplayContent.prepareAppTransition:6534 com.android.server.wm.Task.startActivityLocked:6851 com.android.server.wm.ActivityStarter.startActivityInner:3105 com.android.server.wm.ActivityStarter.startActivityUnchecked:2522 
05-17 05:23:45.845  1200  2959 V WindowManager: Checking theme of starting window: 0x7f120005
05-17 05:23:45.845  1200  2959 V WindowManager: Translucent=false Floating=false ShowWallpaper=false Disable=false
05-17 05:23:45.845  1200  2959 D CompatibilityChangeReporter: Compat change id reported: 205907456; UID 10313; state: ENABLED
05-17 05:23:45.845  1200  2959 V WindowManager: Creating SplashScreenStartingData
05-17 05:23:45.845  1200  2959 D ActivityTaskManager: Add starting com.android.server.wm.ActivityRecord$AddStartingWindow@5ad68a4: typeParam=139
05-17 05:23:45.845  1200  2959 V WindowManager: Add starting com.android.server.wm.ActivityRecord$AddStartingWindow@5ad68a4: startingData=com.android.server.wm.SplashScreenStartingData@38fb60d
05-17 05:23:45.846  1200  2959 V WindowManager: Added starting ActivityRecord{d90dd1 u0 dev.meshx.mob/.MainActivity} t418}: startingWindow=null startingView=com.android.server.wm.StartingSurfaceController$StartingSurface@8b6a9c2
05-17 05:23:45.848  1200  1215 I AppOps  : updateUidProcState uid: 10054 procState: 1 capability:15
05-17 05:23:45.849   984  3854 I CameraService: onUidStateChanged: uid=10054, procState is changed. (0 -> 1)
05-17 05:23:45.849  1200  2959 I Pageboost: stop alp
05-17 05:23:45.849  1200  2959 I SemDvfsHyPerManager: acquire hyper - AMS_APP_LAUNCH/1200@15, type = -999
05-17 05:23:45.849  1200  1252 W libprocessgroup: Failed to open /dev/blkio//cgroup.procs: No such file or directory
05-17 05:23:45.849  2548  2548 E pageboostd: Received HALT command code 2
05-17 05:23:45.850   864   921 I HYPER-HAL: [RequestManager.cpp]acquire(): Acquired ID : 738735  [1200 / 15]    HINT : AMS_APP_LAUNCH    list : 
05-17 05:23:45.850  1613  1737 I SurfaceSyncer@e5d9438: new SurfaceSyncer() = android.view.ViewRootImpl.<init>:1168 android.view.ViewRootImpl.<init>:1304 android.view.WindowManagerGlobal.addView:530 com.android.wm.shell.startingsurface.StartingSurfaceDrawer.addWindow:614 com.android.wm.shell.startingsurface.StartingSurfaceDrawer.addSplashScreenStartingWindow:386 
05-17 05:23:45.850  2905  2905 I SemDvfsHyPerManager: acquire hyper - APP_START/2905@14, type = -999
05-17 05:23:45.850   864   921 E HYPER-HAL: [HandlerSysfs.cpp]doResourceHandling(): Couldn't Open Sysfs - /sys/power/cstate_control
05-17 05:23:45.850  2413  2413 I BaseActivity: removeActivityFlags, flags : 16
05-17 05:23:45.850  2413  2413 I BaseActivity: removeActivityFlags, flags : 6
05-17 05:23:45.851  2413  2413 I DragController: endDrag
05-17 05:23:45.851  2413  2413 W LauncherAppWidgetHost: setShouldListenFlag, mFlags:15 flag:resume on:false isFront:false
05-17 05:23:45.851  2413  2413 I SPayUpdater: updateSpayHandler launcher activity is paused false
05-17 05:23:45.851   864   921 I HYPER-HAL: [RequestManager.cpp]acquire(): Acquired ID : 4261754  [2905 / 14]    HINT : APP_START    list : 
05-17 05:23:45.851  1200  1396 D MARsPolicyManager: onPackageResumedFG pkgName = dev.meshx.mob, userId = 0
05-17 05:23:45.852  1613  1749 D NativeCustomFrequencyManager: [NativeCFMS] BpCustomFrequencyManager::BpCustomFrequencyManager()
05-17 05:23:45.852  1200  1396 W WindowManager: Prepare app transition: mNextAppTransitionRequests=[TRANSIT_OPEN, TRANSIT_OPEN], mNextAppTransitionFlags=, displayId: 0 Callers=com.android.server.wm.DisplayContent.prepareAppTransition:6543 com.android.server.wm.TaskFragment.resumeTopActivity:1628 com.android.server.wm.TaskFragment.resumeTopActivity:1354 com.android.server.wm.Task.resumeTopActivityInnerLocked:6685 com.android.server.wm.Task.resumeTopActivityUncheckedLocked:6576 
05-17 05:23:45.853  1200  1396 D WindowManagerServiceExt: notifyOccludeChangeNotice: cn=ComponentInfo{dev.meshx.mob/dev.meshx.mob.MainActivity} occludesParent=true inMultiWindow=false styleFloating=false caller=com.android.server.wm.WindowManagerServiceExt.updateOccludeTargetIfNeeded:1423 com.android.server.wm.DisplayContent.ensureActivitiesVisible:7598 com.android.server.wm.RootWindowContainer.ensureActivitiesVisible:2270 com.android.server.wm.RootWindowContainer.ensureActivitiesVisible:2251 com.android.server.wm.TaskFragment.completePause:2146 
05-17 05:23:45.854  2413  2413 I TopTaskTracker: onTaskMovedToFront : taskId = 418
05-17 05:23:45.854  1200  2223 D CompatibilityChangeReporter: Compat change id reported: 168419799; UID 10313; state: DISABLED
05-17 05:23:45.854  1200  2223 D InputTransport: Input channel constructed: '88ea609', fd=866
05-17 05:23:45.855  1200  2223 D InputTransport: Input channel constructed: '88ea609', fd=868
05-17 05:23:45.855  1200  2223 D InputTransport: Input channel constructed: '88ea609', fd=869
05-17 05:23:45.855   914   936 I SurfaceFlinger: id=477 createSurf flag=80004, 88ea609 Splash Screen dev.meshx.mob#477
05-17 05:23:45.855  1200  2223 V WindowManager: addWindow: ActivityRecord{d90dd1 u0 dev.meshx.mob/.MainActivity} t418} startingWindow=Window{88ea609 u0 Splash Screen dev.meshx.mob}
05-17 05:23:45.856  1200  2223 V WindowManager: rotationForOrientation(orient=SCREEN_ORIENTATION_UNSPECIFIED (-1), last=ROTATION_0 (0)); user=ROTATION_0 (0) 
05-17 05:23:45.856  1200  2223 D WindowManager: rotationForOrientation, orientationSource=ActivityRecord{d90dd1 u0 dev.meshx.mob/.MainActivity} t418}
05-17 05:23:45.856  1200  2223 D InputTransport: Input channel destroyed: '88ea609', fd=869
05-17 05:23:45.857  1200  1240 D CompatibilityChangeReporter: Compat change id reported: 135634846; UID 10313; state: DISABLED
05-17 05:23:45.857  1200  1240 D CompatibilityChangeReporter: Compat change id reported: 177438394; UID 10313; state: DISABLED
05-17 05:23:45.857  1200  1240 D CompatibilityChangeReporter: Compat change id reported: 135772972; UID 10313; state: DISABLED
05-17 05:23:45.857  1200  1240 D CompatibilityChangeReporter: Compat change id reported: 135754954; UID 10313; state: ENABLED
05-17 05:23:45.857  1613  1737 D InsetsController: onStateChanged: InsetsState: {mDisplayFrame=Rect(0, 0 - 1200, 1920), mDisplayCutout=DisplayCutout{insets=Rect(0, 0 - 0, 0) waterfall=Insets{left=0, top=0, right=0, bottom=0} boundingRect={Bounds=[Rect(0, 0 - 0, 0), Rect(0, 0 - 0, 0), Rect(0, 0 - 0, 0), Rect(0, 0 - 0, 0)]} cutoutPathParserInfo={CutoutPathParserInfo{displayWidth=0 displayHeight=0 physicalDisplayWidth=0 physicalDisplayHeight=0 density={0.0} cutoutSpec={} rotation={0} scale={0.0} physicalPixelDisplaySizeRatio={0.0}}}}, mRoundedCorners=RoundedCorners{[RoundedCorner{position=TopLeft, radius=26, center=Point(26, 26)}, RoundedCorner{position=TopRight, radius=26, center=Point(1174, 26)}, RoundedCorner{position=BottomRight, radius=26, center=Point(1174, 1894)}, RoundedCorner{position=BottomLeft, radius=26, center=Point(26, 1894)}]}  mRoundedCornerFrame=Rect(0, 0 - 1200, 1920), mPrivacyIndicatorBounds=PrivacyIndicatorBounds {static bounds=Rect(1112, 0 - 1200, 48) rotation=0}, mSources= { InsetsSource: {mType=ITYPE_STATUS_BAR, mFrame=[0,0][1200,48], mVisible=true, mInsetsRoundedCornerFrame=false}, InsetsSource: {mType=ITYPE_TOP_MANDATORY_GESTURES, mFrame=[0,0][1200,48], mVisible=true, mInsetsRoundedCornerFrame=false}, InsetsSource: {mType=ITYPE_TOP_TAPPABLE_ELEMENT, mFrame=[0,0][1200,48], mVisible=true, mInsetsRoundedCornerFrame=false}, InsetsSource: {mType=ITYPE_IME, mFrame=[0,0][0,0], mVisible=false, mInsetsRoundedCornerFrame=false} } host=Splash Screen dev.meshx.mob from=android.view.ViewRootImpl.setView:1739
05-17 05:23:45.857  1200  1249 D CompatibilityChangeReporter: Compat change id reported: 143937733; UID 10313; state: ENABLED
05-17 05:23:45.858  1200  1240 D SGM:FgCheckThread: notePauseComponent(), received pkgName: com.sec.android.app.launcher, userId: 0
05-17 05:23:45.858  1613  1737 I ViewRootImpl@c515c11[mob]: setView = android.widget.FrameLayout@adea84d TM=true
05-17 05:23:45.858  1200  1484 I CocktailBarManagerServiceContainer: handleMessage: entry what = 6
05-17 05:23:45.859  1200  1396 D CoreBackPreview: Window{88ea609 u0 Splash Screen dev.meshx.mob}: Setting back callback OnBackInvokedCallbackInfo{mCallback=android.window.IOnBackInvokedCallback$Stub$Proxy@833283c, mPriority=0}
05-17 05:23:45.859  2413  2413 I Launcher: onOccludeChangeNotice: cn = ComponentInfo{dev.meshx.mob/dev.meshx.mob.MainActivity}, fullscreen: true
05-17 05:23:45.859  2413  2413 I BaseActivity: removeActivityFlags, flags : 1024
05-17 05:23:45.861  1200  1252 W libprocessgroup: Failed to open /dev/blkio//cgroup.procs: No such file or directory
05-17 05:23:45.862  1200  1252 W libprocessgroup: Failed to open /dev/blkio//cgroup.procs: No such file or directory
05-17 05:23:45.863  1200  1252 W libprocessgroup: Failed to open /dev/blkio//cgroup.procs: No such file or directory
05-17 05:23:45.866  1613  1737 I ViewRootImpl@c515c11[mob]: performTraversals params={(0,0)(fillxfill) sim={adjust=pan} ty=APPLICATION_STARTING fmt=TRANSLUCENT
05-17 05:23:45.866  1613  1737 I ViewRootImpl@c515c11[mob]:   fl=81030118
05-17 05:23:45.866  1613  1737 I ViewRootImpl@c515c11[mob]:   pfl=16000010
05-17 05:23:45.866  1613  1737 I ViewRootImpl@c515c11[mob]:   bhv=DEFAULT
05-17 05:23:45.866  1613  1737 I ViewRootImpl@c515c11[mob]:   fitSides= naviIconColor=0}
05-17 05:23:45.867  1613  1737 I ViewRootImpl@c515c11[mob]: performTraversals mFirst=true windowShouldResize=true viewVisibilityChanged=false mForceNextWindowRelayout=false params={(0,0)(fillxfill) sim={adjust=pan} ty=APPLICATION_STARTING fmt=TRANSLUCENT
05-17 05:23:45.867  1613  1737 I ViewRootImpl@c515c11[mob]:   fl=81030118
05-17 05:23:45.867  1613  1737 I ViewRootImpl@c515c11[mob]:   pfl=16000010
05-17 05:23:45.867  1613  1737 I ViewRootImpl@c515c11[mob]:   bhv=DEFAULT
05-17 05:23:45.867  1613  1737 I ViewRootImpl@c515c11[mob]:   fitSides= naviIconColor=0}
05-17 05:23:45.867  1200  1396 V WindowManager: Relayout Window{88ea609 u0 Splash Screen dev.meshx.mob}: viewVisibility=0 req=1200x1920 d0
05-17 05:23:45.867  1200  1396 D RestrictionPolicy: isScreenCaptureEnabled : ret=true userId=0
05-17 05:23:45.867   914  1114 I SurfaceFlinger: id=478 createSurf flag=40004, Splash Screen dev.meshx.mob$_1613#478
05-17 05:23:45.868  1200  1396 D WindowManager: makeSurface duration=1 name=Splash Screen dev.meshx.mob$_1613
05-17 05:23:45.869   837   837 D Zygote  : Forked child process 29233
05-17 05:23:45.869  1200  1396 V WindowManager: Changing focus from Window{bbce428 u0 com.sec.android.app.launcher/com.sec.android.app.launcher.activities.LauncherActivity} to null displayId=0 Callers=com.android.server.wm.RootWindowContainer.updateFocusedWindowLocked:602 com.android.server.wm.WindowManagerService.updateFocusedWindowLocked:6869 com.android.server.wm.WindowManagerService.relayoutWindow:2839 com.android.server.wm.Session.relayout:275 
05-17 05:23:45.869  1200  1396 D MARsPolicyManager: onPackageResumedFG pkgName = com.sec.android.app.launcher, userId = 0
05-17 05:23:45.869  1200  1396 D StatusBarManagerService: notifyRequestedSystemKey recent=false home=false
05-17 05:23:45.870  1200  1396 V WindowManager: rotationForOrientation(orient=SCREEN_ORIENTATION_UNSPECIFIED (-1), last=ROTATION_0 (0)); user=ROTATION_0 (0) 
05-17 05:23:45.870  1200  1396 D WindowManager: rotationForOrientation, orientationSource=ActivityRecord{d90dd1 u0 dev.meshx.mob/.MainActivity} t418}
05-17 05:23:45.870  1200  1249 I ActivityManager: Start proc 29233:dev.meshx.mob/u0a313 for next-top-activity {dev.meshx.mob/dev.meshx.mob.MainActivity}
05-17 05:23:45.870  1200  1249 D DynamicHiddenApp_BGProtectManager: [SecIpm] it's a ML_TYPE_EMPTYPROCESS protected process dev.meshx.mob
05-17 05:23:45.870  1200  1396 V WindowManager: Relayout hash=88ea609, pid=1613, syncId=-1: mAttrs={(0,0)(fillxfill) sim={adjust=pan} ty=APPLICATION_STARTING fmt=TRANSLUCENT
05-17 05:23:45.870  1200  1396 V WindowManager:   fl=81030118
05-17 05:23:45.870  1200  1396 V WindowManager:   pfl=16000010
05-17 05:23:45.870  1200  1396 V WindowManager:   bhv=DEFAULT
05-17 05:23:45.870  1200  1396 V WindowManager:   fitSides= naviIconColor=0}
05-17 05:23:45.871  1613  1737 I ViewRootImpl@c515c11[mob]: updateBlastSurfaceIfNeeded mBlastBufferQueue=null isSameSurfaceControl=false
05-17 05:23:45.871  1613  1737 I BLASTBufferQueue: new BLASTBufferQueue, mName= ViewRootImpl@c515c11[mob] mNativeObject= 0x6ec2c44500 sc.mNativeObject= 0x6ec2ea61c0 caller= android.view.ViewRootImpl.updateBlastSurfaceIfNeeded:2939 android.view.ViewRootImpl.relayoutWindow:9990 android.view.ViewRootImpl.performTraversals:3919 android.view.ViewRootImpl.doTraversal:3151 android.view.ViewRootImpl$TraversalRunnable.run:11068 android.view.Choreographer$CallbackRecord.run:1321 android.view.Choreographer$CallbackRecord.run:1329 android.view.Choreographer.doCallbacks:930 android.view.Choreographer.doFrame:859 android.view.Choreographer$FrameDisplayEventReceiver.run:1303 
05-17 05:23:45.872  1613  1737 I BLASTBufferQueue: update, w= 1200 h= 1920 mName = ViewRootImpl@c515c11[mob] mNativeObject= 0x6ec2c44500 sc.mNativeObject= 0x6ec2ea61c0 format= -3 caller= android.graphics.BLASTBufferQueue.<init>:84 android.view.ViewRootImpl.updateBlastSurfaceIfNeeded:2939 android.view.ViewRootImpl.relayoutWindow:9990 android.view.ViewRootImpl.performTraversals:3919 android.view.ViewRootImpl.doTraversal:3151 android.view.ViewRootImpl$TraversalRunnable.run:11068 
05-17 05:23:45.872  1613  1737 I ViewRootImpl@c515c11[mob]: Relayout returned: old=(0,0,1200,1920) new=(0,0,1200,1920) req=(1200,1920)0 dur=4 res=0x3 s={true 0x6edbe09800} ch=true seqId=0
05-17 05:23:45.872  1613  1737 I ViewRootImpl@c515c11[mob]: mThreadedRenderer.initialize() mSurface={isValid=true 0x6edbe09800} hwInitialized=true
05-17 05:23:45.872  1613  1749 D OpenGLRenderer: eglCreateWindowSurface
05-17 05:23:45.872  1613  1737 I ViewRootImpl@c515c11[mob]: reportNextDraw android.view.ViewRootImpl.performTraversals:4473 android.view.ViewRootImpl.doTraversal:3151 android.view.ViewRootImpl$TraversalRunnable.run:11068 android.view.Choreographer$CallbackRecord.run:1321 android.view.Choreographer$CallbackRecord.run:1329 
05-17 05:23:45.873  1613  1737 I ViewRootImpl@c515c11[mob]: Setup new sync id=0
05-17 05:23:45.873  1613  1737 I ViewRootImpl@c515c11[mob]: Setting syncFrameCallback
05-17 05:23:45.873  1613  1737 I ViewRootImpl@c515c11[mob]: registerCallbacksForSync syncBuffer=false
05-17 05:23:45.874  1613  1855 I ViewRootImpl@c515c11[mob]: Received frameDrawingCallback syncResult=0 frameNum=1.
05-17 05:23:45.875  1613  1855 I ViewRootImpl@c515c11[mob]: Setting up sync and frameCommitCallback
05-17 05:23:45.875  2413  2517 I AppIconSolution: load= live icon for com.sec.android.app.clockpackage, from overlay = false
05-17 05:23:45.875  2413  2517 I LauncherActivityInfo: packageName: com.sec.android.app.clockpackage, useThemeIcon: false, height: 288, width: 288, density: 640
05-17 05:23:45.876  1613  1749 I BLASTBufferQueue: [ViewRootImpl@c515c11[mob]#32](f:0,a:0,s:0) onFrameAvailable the first frame is available
05-17 05:23:45.876  1613  1749 I ViewRootImpl@c515c11[mob]: Received frameCommittedCallback lastAttemptedDrawFrameNum=1 didProduceBuffer=true
05-17 05:23:45.876  1613  1749 D OpenGLRenderer: CFMS:: SetUp Pid : 1613    Tid : 1749
05-17 05:23:45.879  1613  1737 I ViewRootImpl@c515c11[mob]: onSyncComplete
05-17 05:23:45.879  1613  1737 I ViewRootImpl@c515c11[mob]: setupSync seqId=0 mSyncId=0 fn=1 caller=android.view.ViewRootImpl$$ExternalSyntheticLambda11.accept:6 android.window.SurfaceSyncer.lambda$setupSync$1$android-window-SurfaceSyncer:168 android.window.SurfaceSyncer$$ExternalSyntheticLambda1.accept:8 android.window.SurfaceSyncer$SyncSet.checkIfSyncIsComplete:495 android.window.SurfaceSyncer$SyncSet.markSyncReady:454 android.window.SurfaceSyncer.markSyncReady:191 android.view.ViewRootImpl.performTraversals:4538 
05-17 05:23:45.879  1613  1737 I ViewRootImpl@c515c11[mob]: reportDrawFinished seqId=0 mSyncId=-1 fn=1 mSurfaceChangedTransaction=0x6f0393ca00
05-17 05:23:45.880  1200  2959 D WindowManager: finishDrawingWindow: Window{88ea609 u0 Splash Screen dev.meshx.mob} mDrawState=DRAW_PENDING seqId=0
05-17 05:23:45.880  1200  2959 V WindowManager: Finishing drawing window Window{88ea609 u0 Splash Screen dev.meshx.mob}: mDrawState=DRAW_PENDING
05-17 05:23:45.880  1200  2959 V WindowManager: Draw state now committed in Window{88ea609 u0 Splash Screen dev.meshx.mob}
05-17 05:23:45.881   914   914 D SurfaceFlinger: Display 0 HWC layers:
05-17 05:23:45.881   914   914 D SurfaceFlinger:      DEVICE | 0x7890df2100 | 0100 | RGBx_8888    |  360.0    0.0 1560.0 1920.0 |    0    0 1200 1920 | Wallpaper BBQ wrapper#76
05-17 05:23:45.881   914   914 D SurfaceFlinger:      DEVICE | 0x78578db500 | 0100 | RGBA_8888    |  299.0  479.0  901.0 1441.0 |    0    0 1200 1920 | com.sec.android.app.launcher/com.sec[...]ctivities.LauncherActivity$_2413#471
05-17 05:23:45.881   914   914 D SurfaceFlinger:      DEVICE | 0x78578dba00 | 0100 | RGBA_8888    |    0.0    0.0 1200.0   48.0 |    0    0 1200   48 | StatusBar$_1613#79
05-17 05:23:45.881   914   914 D SurfaceFlinger:      DEVICE | 0x791ce8e780 | 0100 | RGBA_8888    |    0.0    0.0   67.0  311.0 | 1133  328 1200  639 | com.samsung.android.app.cocktailbars[...]service.CocktailBarService$_5662#421
05-17 05:23:45.881   914   914 D SurfaceFlinger: 
05-17 05:23:45.881  1200  1241 D WindowManager: performShow logReadyForDisplay win=Window{88ea609 u0 Splash Screen dev.meshx.mob} mToken.waitingToShow:true isTransitionSet:true
05-17 05:23:45.887 29233 29233 I dev.meshx.mob: Late-enabling -Xcheck:jni
05-17 05:23:45.905  1200  1896 D MdnieScenarioControlService:  packageName : com.sec.android.app.launcher    className : com.android.launcher3.uioverrides.QuickstepLauncher
05-17 05:23:45.905  1200  1896 V MdnieScenarioControlService: setUIMode from UI function(3)
05-17 05:23:45.920 29233 29233 I dev.meshx.mob: Using CollectorTypeCC GC.
05-17 05:23:45.925  2598  2604 I adbd    : jdwp connection from 29233
05-17 05:23:45.933 29233 29233 D nativeloader: Load libframework-connectivity-tiramisu-jni.so using APEX ns com_android_tethering for caller /apex/com.android.tethering/javalib/framework-connectivity-t.jar: ok
05-17 05:23:45.936 29233 29233 D ActivityThread: setConscryptValidator
05-17 05:23:45.936 29233 29233 D ActivityThread: setConscryptValidator - put
05-17 05:23:45.940  1200  2223 I ActivityManager: DSS OFF for dev.meshx.mob
05-17 05:23:45.942  1200  2223 I DexController: getTaskHasActivityIsWaitingToRun: r=ActivityRecord{d90dd1 u0 dev.meshx.mob/.MainActivity} t418}, app=ProcessRecord{9f19a2f 29233:dev.meshx.mob/u0a313}
05-17 05:23:45.943  1200  2223 V WindowManager: rotationForOrientation(orient=SCREEN_ORIENTATION_UNSPECIFIED (-1), last=ROTATION_0 (0)); user=ROTATION_0 (0) 
05-17 05:23:45.943  1200  2223 D WindowManager: rotationForOrientation, orientationSource=ActivityRecord{d90dd1 u0 dev.meshx.mob/.MainActivity} t418}
05-17 05:23:45.943  1200  2223 V WindowManager: rotationForOrientation(orient=SCREEN_ORIENTATION_UNSPECIFIED (-1), last=ROTATION_0 (0)); user=ROTATION_0 (0) 
05-17 05:23:45.943  1200  2223 D WindowManager: rotationForOrientation, orientationSource=ActivityRecord{d90dd1 u0 dev.meshx.mob/.MainActivity} t418}
05-17 05:23:45.943  1200  2223 V WindowManager: Computed rotation=ROTATION_0 (0) for display id=0 based on lastOrientation=SCREEN_ORIENTATION_UNSPECIFIED (-1) and oldRotation=ROTATION_0 (0), caller=com.android.server.wm.DisplayRotation.updateOrientation:432 com.android.server.wm.DisplayContent.updateOrientation:2003 com.android.server.wm.DisplayContent.updateOrientation:1903 com.android.server.wm.RootWindowContainer.ensureVisibilityAndConfig:2161 com.android.server.wm.ActivityTaskSupervisor.realStartActivityLocked:919 com.android.server.wm.RootWindowContainer$AttachApplicationHelper.test:4390 
05-17 05:23:45.944  1200  2223 D TspStateManager: updateCustomValue customSetting=
05-17 05:23:45.944  1200  2223 V WindowManager: rotationForOrientation(orient=SCREEN_ORIENTATION_UNSPECIFIED (-1), last=ROTATION_0 (0)); user=ROTATION_0 (0) 
05-17 05:23:45.944  1200  2223 D WindowManager: rotationForOrientation, orientationSource=ActivityRecord{d90dd1 u0 dev.meshx.mob/.MainActivity} t418}
05-17 05:23:45.945  1200  2223 D TspStateManager: updateCustomValue customSetting=
05-17 05:23:45.945  1200  2223 D SGM:PkgDataHelper: notifyAppCreate(), pkgName: dev.meshx.mob, userId: 0, sendRet: true
05-17 05:23:45.946  1200  1419 D SGM:FgCheckThread: onLooperPrepared(), msg: MSG_APP_CREATE, pkgName: dev.meshx.mob, userId: 0
05-17 05:23:45.946  1200  2223 D MARsPolicyManager: onPackageResumedFG pkgName = dev.meshx.mob, userId = 0
05-17 05:23:45.946  1200  2223 D ActivityTaskManager: scheduleTopResumedActivityChanged, onTop=true r=ActivityRecord{d90dd1 u0 dev.meshx.mob/.MainActivity} t418} caller=com.android.server.wm.ActivityTaskSupervisor.scheduleTopResumedActivityStateIfNeeded:2591 com.android.server.wm.ActivityTaskSupervisor.updateTopResumedActivityIfNeeded:2583 com.android.server.wm.TaskFragment.setResumedActivity:508 com.android.server.wm.TaskFragment.onActivityStateChanged:820 com.android.server.wm.ActivityRecord.setState:6665 com.android.server.wm.Task.minimalResumeActivityLocked:6379 
05-17 05:23:45.946  1200  2223 D InputDispatcher: Focused application(0): ActivityRecord{d90dd1 u0 dev.meshx.mob/.MainActivity} t418}
05-17 05:23:45.946  1200  2223 D SGM:FgCheckThread: TaskStackListener.onTaskFocusChanged(), taskId=403, focused=false
05-17 05:23:45.946  1200  2223 D SGM:FgCheckThread: TaskStackListener.onTaskFocusChanged(), taskId=418, focused=true
05-17 05:23:45.947  1200  2223 D SGM:FgCheckThread:   sendRunningComponentFocus(), pkgName: dev.meshx.mob, userId: 0
05-17 05:23:45.947  1200  1419 D SGM:FgCheckThread: onLooperPrepared(), msg: MSG_TASK_FOCUSED, pkgName: dev.meshx.mob, userId: 0
05-17 05:23:45.947  1200  1419 D SGM:FgCheckThread: handleTaskFocused().
05-17 05:23:45.947  1200  1419 D SGM:FgCheckThread:   handleTaskFocused(), pkgName: dev.meshx.mob, userID:0
05-17 05:23:45.947  1200  1419 D SGM:FgCheckThread: handleResume().
05-17 05:23:45.947  1200  1419 D SGM:FgCheckThread: sendFocusOutConditionally() - mPrevNotiPkg: (unknown), userId: 0
05-17 05:23:45.947  1200  1419 D SGM:FgCheckThread:   handleResume(). pkgName: dev.meshx.mob, userId: 0, isTunableApp: null
05-17 05:23:45.947  1200  1419 D SGM:FgCheckThread: notifyFocusInOut(). of pkg: dev.meshx.mob, type: 4, isTunableApp: false, userId: 0
05-17 05:23:45.947  1200  1419 D SGM:FgCheckThread:   notifyFocusInOut(). unexpected mPrevNotiType: -1
05-17 05:23:45.947  1200  2223 W WindowManager: Execute app transition: mNextAppTransitionRequests=[TRANSIT_OPEN, TRANSIT_OPEN], mNextAppTransitionFlags=, displayId: 0 Callers=com.android.server.wm.RootWindowContainer.executeAppTransitionForAllDisplay:2658 com.android.server.wm.ActivityTaskSupervisor.reportResumedActivityLocked:2343 com.android.server.wm.ActivityRecord.completeResumeLocked:7264 com.android.server.wm.Task.minimalResumeActivityLocked:6380 com.android.server.wm.ActivityTaskSupervisor.realStartActivityLocked:1151 
05-17 05:23:45.947  1200  1419 D SGM:SystemHelper: callReleaseBlock needReleaseBlock:false
05-17 05:23:45.948  1200  1240 I ActivityManager: Changes in 10313 19 to 2, 0 to 15
05-17 05:23:45.948  1200  1240 I AppOps  : updateUidProcState uid: 10313 procState: 2 capability:15
05-17 05:23:45.948  1200  1462 D AS.MultiSoundManager: mForegroundUid = 10313
05-17 05:23:45.948  1200  1240 I ActivityManager: updateOomAdj start time is before than pendingPid added, don't delete it
05-17 05:23:45.948  1200  1241 D WindowManager: performShow logReadyForDisplay win=Window{88ea609 u0 Splash Screen dev.meshx.mob} mToken.waitingToShow:true isTransitionSet:true
05-17 05:23:45.949  1200  1241 D WindowManager: Loading animation for app transition. transit=TRANSIT_OLD_WALLPAPER_CLOSE enter=false frame=Rect(0, 0 - 1200, 1920) insets=Rect(0, 0 - 0, 0) surfaceInsets=Rect(0, 0 - 0, 0)
05-17 05:23:45.949  1200  1241 D WindowManager: Loading animation for app transition. transit=TRANSIT_OLD_WALLPAPER_CLOSE enter=true frame=Rect(0, 0 - 1200, 1920) insets=Rect(0, 48 - 0, 0) surfaceInsets=Rect(0, 0 - 0, 0)
05-17 05:23:45.949  1200  1241 V WindowManager: performShowLocked: mDrawState=HAS_DRAWN in Window{88ea609 u0 Splash Screen dev.meshx.mob}
05-17 05:23:45.951   914  6826 I SurfaceFlinger: id=479 createSurf flag=80000, bd1f4f8 ActivityRecordInputSink dev.meshx.mob/.MainActivity#479
05-17 05:23:45.953  1200  1433 V NetworkPolicy: getFirewallRuleWifi UID:10313 policy:0
05-17 05:23:45.953 29233 29233 D CompatibilityChangeReporter: Compat change id reported: 171979766; UID 10313; state: ENABLED
05-17 05:23:45.954  1613  1726 D Bubbles : onLocusVisibilityChanged: LocusId[17_chars] visible=false
05-17 05:23:45.955  1200  1240 I GameSDK@LifeCycle: noteResumeComponent(): package name  : dev.meshx.mob
05-17 05:23:45.956  1200  1240 D SGM:GameManager: identifyGamePackage. dev.meshx.mob, mCurrentUserId: 0, callerUserId: 0, callingMethodInfo: com.samsung.android.game.SemGameManager.isGamePackage(SemGameManager.java:104)
05-17 05:23:45.957  1200  1240 D SGM:PkgDataHelper: getGamePkgData(). dev.meshx.mob
05-17 05:23:45.957  1200  1240 D SGM:SemGameManager: isGamePackage(), pkgName=dev.meshx.mob, ret=false
05-17 05:23:45.957  1200  1240 D SGM:FgCheckThread: noteResumeComponent(), received pkgName: dev.meshx.mob, userId: 0
05-17 05:23:45.957  1200  1419 D SGM:FgCheckThread: onLooperPrepared(), msg: MSG_APP_RESUME, pkgName: dev.meshx.mob, userid: 0
05-17 05:23:45.957  1200  1419 D SGM:FgCheckThread: handleResume().
05-17 05:23:45.957  1200  1484 I CocktailBarManagerServiceContainer: handleMessage: entry what = 5
05-17 05:23:45.957  1200  1419 D SGM:FgCheckThread: sendFocusOutConditionally() - mPrevNotiPkg: (unknown), userId: 0
05-17 05:23:45.957  1200  1419 D SGM:FgCheckThread:   handleResume(). pkgName: dev.meshx.mob, userId: 0, isTunableApp: null
05-17 05:23:45.957  1200  1419 D SGM:FgCheckThread: notifyFocusInOut(). of pkg: dev.meshx.mob, type: 4, isTunableApp: false, userId: 0
05-17 05:23:45.957  1200  1419 D SGM:FgCheckThread:   notifyFocusInOut(). unexpected mPrevNotiType: -1
05-17 05:23:45.957  1200  1419 D SGM:SystemHelper: callReleaseBlock needReleaseBlock:false
05-17 05:23:45.959   914   914 I Layer   : Layer [Splash Screen dev.meshx.mob$_1613#478] hidden!! flag(0)
05-17 05:23:45.960  5662  5662 I ActivityUtils: HomePackage : com.sec.android.app.launcher, resumePackageName : dev.meshx.mob
05-17 05:23:45.961  1200  1240 D SGM:GameManager: identifyGamePackage. dev.meshx.mob, mCurrentUserId: 0, callerUserId: 0, callingMethodInfo: com.android.server.ssrm.SortingMachine.isGame(SortingMachine.java:162)
05-17 05:23:45.961  1200  1240 D SGM:PkgDataHelper: getGamePkgData(). dev.meshx.mob
05-17 05:23:45.961  2413  2425 I RecentModel: onTaskStackChangedBackground
05-17 05:23:45.961  2905 26775 I SDHMS:l : onTaskStackChanged
05-17 05:23:45.965   914   914 D SurfaceFlinger: Display 0 HWC layers:
05-17 05:23:45.965   914   914 D SurfaceFlinger:      DEVICE | 0x7890df2100 | 0100 | RGBx_8888    |  360.0    0.0 1560.0 1920.0 |    0    0 1200 1920 | Wallpaper BBQ wrapper#76
05-17 05:23:45.965   914   914 D SurfaceFlinger:      DEVICE | 0x78578db500 | 0100 | RGBA_8888    |  249.0  399.0  951.0 1521.0 |    0    0 1200 1920 | com.sec.android.app.launcher/com.sec[...]ctivities.LauncherActivity$_2413#471
05-17 05:23:45.965   914   914 D SurfaceFlinger:      DEVICE | 0x78578db3c0 | 0100 | RGBA_8888    |    0.0    0.0 1200.0 1920.0 |    0    0 1200 1920 | Splash Screen dev.meshx.mob$_1613#478
05-17 05:23:45.965   914   914 D SurfaceFlinger:      DEVICE | 0x7879328ac0 | 0100 | RGBA_8888    |    0.0    0.0 1200.0   48.0 |    0    0 1200   48 | StatusBar$_1613#79
05-17 05:23:45.965   914   914 D SurfaceFlinger:      DEVICE | 0x791ce8e780 | 0100 | RGBA_8888    |    0.0    0.0   67.0  311.0 | 1133  328 1200  639 | com.samsung.android.app.cocktailbars[...]service.CocktailBarService$_5662#421
05-17 05:23:45.965   914   914 D SurfaceFlinger: 
05-17 05:23:45.974 29233 29233 D nativeloader: Configuring clns-4 for other apk /data/app/~~7_JfJd_UlVswUeLwoiaLgQ==/dev.meshx.mob-ivO6cS7eflFfQcbbJp1V4A==/base.apk. target_sdk_version=34, uses_libraries=, library_path=/data/app/~~7_JfJd_UlVswUeLwoiaLgQ==/dev.meshx.mob-ivO6cS7eflFfQcbbJp1V4A==/lib/arm64:/data/app/~~7_JfJd_UlVswUeLwoiaLgQ==/dev.meshx.mob-ivO6cS7eflFfQcbbJp1V4A==/base.apk!/lib/arm64-v8a, permitted_path=/data:/mnt/expand:/data/user/0/dev.meshx.mob
05-17 05:23:45.984 29233 29233 D nativeloader: Load libframework-connectivity-jni.so using APEX ns com_android_tethering for caller /apex/com.android.tethering/javalib/framework-connectivity.jar: ok
05-17 05:23:45.989 29233 29233 V GraphicsEnvironment: ANGLE Developer option for 'dev.meshx.mob' set to: 'default'
05-17 05:23:45.990 29233 29233 V GraphicsEnvironment: ANGLE GameManagerService for dev.meshx.mob: false
05-17 05:23:45.990 29233 29233 V GraphicsEnvironment: Neither updatable production driver nor prerelease driver is supported.
05-17 05:23:45.995 29233 29233 D NetworkSecurityConfig: Using Network Security Config from resource network_security_config debugBuild: true
05-17 05:23:46.005  1200  1896 V MdnieScenarioControlService: mAclOffEnabled : false mAclPreviewState : false mAclCompensationState : false
05-17 05:23:46.083 29233 29233 D NetworkSecurityConfig: Using Network Security Config from resource network_security_config debugBuild: true
05-17 05:23:46.087  1200  1896 D MdnieScenarioControlService:  packageName : dev.meshx.mob    className : dev.meshx.mob.MainActivity
05-17 05:23:46.087  1200  1896 V MdnieScenarioControlService: setUIMode from UI function(3)
05-17 05:23:46.092 29233 29233 D CompatibilityChangeReporter: Compat change id reported: 183155436; UID 10313; state: ENABLED
05-17 05:23:46.104 29233 29233 I FirebaseApp: Device unlocked: initializing all Firebase APIs for app [DEFAULT]
05-17 05:23:46.115 29233 29233 I FirebaseInitProvider: FirebaseApp initialization successful
05-17 05:23:46.140 29233 29260 D OpenGLRenderer: RenderThread::requireGlContext()
05-17 05:23:46.147 29233 29233 D nativeloader: Load /data/app/~~7_JfJd_UlVswUeLwoiaLgQ==/dev.meshx.mob-ivO6cS7eflFfQcbbJp1V4A==/lib/arm64/libmeshx_mobile_app.so using class loader ns clns-4 (caller=/data/app/~~7_JfJd_UlVswUeLwoiaLgQ==/dev.meshx.mob-ivO6cS7eflFfQcbbJp1V4A==/base.apk!classes3.dex): ok
05-17 05:23:46.148 29233 29233 I MobNIF  : mob_ui_cache_class: looking up dev/meshx/mob/MobBridge
05-17 05:23:46.150 29233 29233 I MobNIF  : mob_ui_cache_class: dev/meshx/mob/MobBridge cached OK
05-17 05:23:46.151 29233 29260 D OpenGLRenderer: RenderThread::setGrContext()
05-17 05:23:46.152 29233 29233 I MeshxBleNif: meshx_ble_cache_class: MeshxBleNative cached
05-17 05:23:46.161  1200  2959 I GenerationRegistry: mBackingStore.isClosed() : false
05-17 05:23:46.168  1200  2959 I GenerationRegistry: mBackingStore.isClosed() : false
05-17 05:23:46.175 29233 29233 I DecorView: [INFO] isPopOver=false config=true
05-17 05:23:46.175 29233 29233 I DecorView: updateCaptionType: isFloating=false isApplication=true hasWindowDecorCaption=false this=DecorView@d21ac7e[]
05-17 05:23:46.175 29233 29233 D DecorView: setCaptionType = 0, this = DecorView@d21ac7e[]
05-17 05:23:46.179 29233 29233 I DecorView: getCurrentDensityDpi: from real metrics. densityDpi=320 msg=resources_loaded
05-17 05:23:46.179 29233 29233 I DecorView: setWindowBackground: isPopOver=false color=ff000000 d=android.graphics.drawable.ColorDrawable@c2ba22c
05-17 05:23:46.187  1200  2959 D CompatibilityChangeReporter: Compat change id reported: 161145287; UID 10313; state: DISABLED
05-17 05:23:46.187 29233 29233 I MeshxBleNative: init: application context set
05-17 05:23:46.188  1200  1896 V MdnieScenarioControlService: mAclOffEnabled : false mAclPreviewState : false mAclCompensationState : false
05-17 05:23:46.188 29233 29233 I MeshX   : registered BluetoothAdapter state receiver
05-17 05:23:46.188 29233 29233 I MeshX   : onCreate: MESHX_BLE_SELFTEST=1
05-17 05:23:46.193 29233 29233 I MeshX   : onCreate — handing off to BEAM
05-17 05:23:46.193 29233 29233 I MobBeam : mob_capture_beam_stdio: piping stdout/stderr to logcat (tag: BEAMout)
05-17 05:23:46.195 29233 29233 I MobNIF  : _mob_bridge_init_activity: MobBridge.init called
05-17 05:23:46.195 29233 29233 I MobBeam : mob_init_bridge: native lib dir = /data/app/~~7_JfJd_UlVswUeLwoiaLgQ==/dev.meshx.mob-ivO6cS7eflFfQcbbJp1V4A==/lib/arm64
05-17 05:23:46.195 29233 29233 I MobBeam : mob_init_bridge: files dir = /data/user/0/dev.meshx.mob/files
05-17 05:23:46.196 29233 29270 I MobBeam : mob_start_beam: re-dlopened self RTLD_GLOBAL: /data/app/~~7_JfJd_UlVswUeLwoiaLgQ==/dev.meshx.mob-ivO6cS7eflFfQcbbJp1V4A==/lib/arm64/libmeshx_mobile_app.so
05-17 05:23:46.202 29233 29233 I MSHandlerLifeCycle: check: return. pkg=dev.meshx.mob parent=null callers=com.android.internal.policy.DecorView.setVisibility:4487 android.app.ActivityThread.handleResumeActivity:5491 android.app.servertransaction.ResumeActivityItem.execute:54 android.app.servertransaction.ActivityTransactionItem.execute:45 android.app.servertransaction.TransactionExecutor.executeLifecycleState:176 
05-17 05:23:46.202 29233 29233 I MSHandlerLifeCycle: removeMultiSplitHandler: no exist. decor=DecorView@d21ac7e[]
05-17 05:23:46.207 29233 29233 I SurfaceSyncer@7dbacf4: new SurfaceSyncer() = android.view.ViewRootImpl.<init>:1168 android.view.ViewRootImpl.<init>:1304 android.view.WindowManagerGlobal.addView:530 android.view.WindowManagerImpl.addView:170 android.app.ActivityThread.handleResumeActivity:5512 
05-17 05:23:46.210 29233 29260 D NativeCustomFrequencyManager: [NativeCFMS] BpCustomFrequencyManager::BpCustomFrequencyManager()
05-17 05:23:46.212 29233 29233 I DecorView: notifyKeepScreenOnChanged: keepScreenOn=false
05-17 05:23:46.214  1200  2959 D InputTransport: Input channel constructed: 'df777b3', fd=881
05-17 05:23:46.214  1200  2959 D InputTransport: Input channel constructed: 'df777b3', fd=897
05-17 05:23:46.214  1200  2959 D InputTransport: Input channel constructed: 'df777b3', fd=904
05-17 05:23:46.215   914  6826 I SurfaceFlinger: id=480 createSurf flag=80004, df777b3 dev.meshx.mob/dev.meshx.mob.MainActivity#480
05-17 05:23:46.215  1200  2959 D RestrictionPolicy: isScreenCaptureEnabled : ret=true userId=0
05-17 05:23:46.216  1200  2959 D InputTransport: Input channel destroyed: 'df777b3', fd=904
05-17 05:23:46.217 29233 29233 D InsetsController: onStateChanged: InsetsState: {mDisplayFrame=Rect(0, 0 - 1200, 1920), mDisplayCutout=DisplayCutout{insets=Rect(0, 0 - 0, 0) waterfall=Insets{left=0, top=0, right=0, bottom=0} boundingRect={Bounds=[Rect(0, 0 - 0, 0), Rect(0, 0 - 0, 0), Rect(0, 0 - 0, 0), Rect(0, 0 - 0, 0)]} cutoutPathParserInfo={CutoutPathParserInfo{displayWidth=0 displayHeight=0 physicalDisplayWidth=0 physicalDisplayHeight=0 density={0.0} cutoutSpec={} rotation={0} scale={0.0} physicalPixelDisplaySizeRatio={0.0}}}}, mRoundedCorners=RoundedCorners{[RoundedCorner{position=TopLeft, radius=26, center=Point(26, 26)}, RoundedCorner{position=TopRight, radius=26, center=Point(1174, 26)}, RoundedCorner{position=BottomRight, radius=26, center=Point(1174, 1894)}, RoundedCorner{position=BottomLeft, radius=26, center=Point(26, 1894)}]}  mRoundedCornerFrame=Rect(0, 0 - 1200, 1920), mPrivacyIndicatorBounds=PrivacyIndicatorBounds {static bounds=Rect(1112, 0 - 1200, 48) rotation=0}, mSources= { InsetsSource: {mType=ITYPE_STATUS_BAR, mFrame=[0,0][1200,48], mVisible=true, mInsetsRoundedCornerFrame=false}, InsetsSource: {mType=ITYPE_TOP_MANDATORY_GESTURES, mFrame=[0,0][1200,48], mVisible=true, mInsetsRoundedCornerFrame=false}, InsetsSource: {mType=ITYPE_TOP_TAPPABLE_ELEMENT, mFrame=[0,0][1200,48], mVisible=true, mInsetsRoundedCornerFrame=false}, InsetsSource: {mType=ITYPE_IME, mFrame=[0,0][0,0], mVisible=false, mInsetsRoundedCornerFrame=false} } host=dev.meshx.mob/dev.meshx.mob.MainActivity from=android.view.ViewRootImpl.setView:1739
05-17 05:23:46.219  1200  2959 D CoreBackPreview: Window{df777b3 u0 dev.meshx.mob/dev.meshx.mob.MainActivity}: Setting back callback OnBackInvokedCallbackInfo{mCallback=android.window.IOnBackInvokedCallback$Stub$Proxy@1a3dce9, mPriority=0}
05-17 05:23:46.220 29233 29233 I ViewRootImpl@ff32c1d[MainActivity]: setView = com.android.internal.policy.DecorView@d21ac7e TM=true
05-17 05:23:46.223 29233 29233 D DecorView: isDeviceLocked = false
05-17 05:23:46.223 29233 29233 I MSHandlerLifeCycle: check: return. pkg=dev.meshx.mob mode=fullscreen op=true locked=false callers=com.android.internal.policy.DecorView.setVisibility:4487 android.app.Activity.makeVisible:6819 android.app.ActivityThread.handleResumeActivity:5556 android.app.servertransaction.ResumeActivityItem.execute:54 android.app.servertransaction.ActivityTransactionItem.execute:45 
05-17 05:23:46.223 29233 29233 I MSHandlerLifeCycle: removeMultiSplitHandler: no exist. decor=DecorView@d21ac7e[MainActivity]
05-17 05:23:46.262  5662  5662 I TrayVisibilityController: getComputedTrayVisible : keyguardState = 1
05-17 05:23:46.262  5662  5662 I TrayVisibilityController: updateTrayVisible: State=1 visible=1 mCurrentVisible=1 specificMode=0
05-17 05:23:46.262  5662  5662 I TrayStateController: onNotifyUpdateTray: state=0
05-17 05:23:46.271  1200  2223 I GenerationRegistry: mBackingStore.isClosed() : false
05-17 05:23:46.289  1613  1639 I ndroid.systemui: Background concurrent copying GC freed 15MB AllocSpace bytes, 26(2056KB) LOS objects, 49% free, 17MB/35MB, paused 143us,141us total 107.756ms
05-17 05:23:46.289  1613  1639 W ndroid.systemui: Reducing the number of considered missed Gc histogram windows from 641 to 100
05-17 05:23:46.296 29233 29233 W dev.meshx.mob: Method boolean androidx.compose.runtime.snapshots.SnapshotStateList.conditionalUpdate(boolean, kotlin.jvm.functions.Function1) failed lock verification and will run slower.
05-17 05:23:46.296 29233 29233 W dev.meshx.mob: Common causes for lock verification issues are non-optimized dex code
05-17 05:23:46.296 29233 29233 W dev.meshx.mob: and incorrect proguard optimizations.
05-17 05:23:46.296 29233 29233 W dev.meshx.mob: Method boolean androidx.compose.runtime.snapshots.SnapshotStateList.conditionalUpdate$default(androidx.compose.runtime.snapshots.SnapshotStateList, boolean, kotlin.jvm.functions.Function1, int, java.lang.Object) failed lock verification and will run slower.
05-17 05:23:46.296 29233 29233 W dev.meshx.mob: Method java.lang.Object androidx.compose.runtime.snapshots.SnapshotStateList.mutate(kotlin.jvm.functions.Function1) failed lock verification and will run slower.
05-17 05:23:46.297 29233 29233 W dev.meshx.mob: Method void androidx.compose.runtime.snapshots.SnapshotStateList.update(boolean, kotlin.jvm.functions.Function1) failed lock verification and will run slower.
05-17 05:23:46.297 29233 29233 W dev.meshx.mob: Method void androidx.compose.runtime.snapshots.SnapshotStateList.update$default(androidx.compose.runtime.snapshots.SnapshotStateList, boolean, kotlin.jvm.functions.Function1, int, java.lang.Object) failed lock verification and will run slower.
05-17 05:23:46.299  1613  1749 D OpenGLRenderer: setSurface called with nullptr
05-17 05:23:46.302   914  6826 I SurfaceFlinger: id=435 Removed Surface(name=488c8d1 dev.meshx.mob/dev.meshx.mob.MainActivity)/@0x72564c5 - animation-leash of starting_reveal#435 (101)
05-17 05:23:46.302  1613  1749 D OpenGLRenderer: setSurface called with nullptr
05-17 05:23:46.303   914  1114 I SurfaceFlinger: id=451 Removed Surface(name=d428304 dev.meshx.mob/dev.meshx.mob.MainActivity)/@0xc5e9221 - animation-leash of starting_reveal#451 (101)
05-17 05:23:46.303  1613  1749 D OpenGLRenderer: setSurface called with nullptr
05-17 05:23:46.304   914  1114 I SurfaceFlinger: id=467 Removed Surface(name=e0914a3 dev.meshx.mob/dev.meshx.mob.MainActivity)/@0x9206d82 - animation-leash of starting_reveal#467 (101)
05-17 05:23:46.305   914   914 I Layer   : id=435 Destroyed Surface(name=488c8d1 dev.meshx.mob/dev.meshx.mob.MainActivity)/@0x72564c5 - animation-leash of starting_reveal#435
05-17 05:23:46.306   914   914 I Layer   : id=467 Destroyed Surface(name=e0914a3 dev.meshx.mob/dev.meshx.mob.MainActivity)/@0x9206d82 - animation-leash of starting_reveal#467
05-17 05:23:46.306   914   914 I Layer   : id=451 Destroyed Surface(name=d428304 dev.meshx.mob/dev.meshx.mob.MainActivity)/@0xc5e9221 - animation-leash of starting_reveal#451
05-17 05:23:46.306  1200  1241 I WindowManager: Reparenting to original parent: Surface(name=DefaultTaskDisplayArea)/@0x8bf4fe6, destroy=true, surface=Surface(name=Task=1)/@0x563d18f
05-17 05:23:46.307  1200  1241 V WindowManager: Setting visibility of Window{bbce428 u0 com.sec.android.app.launcher/com.sec.android.app.launcher.activities.LauncherActivity}: false, caller=com.android.server.wm.WindowContainer.sendAppVisibilityToClients:1295 com.android.server.wm.WindowToken.setClientVisible:453 com.android.server.wm.ActivityRecord.setClientVisible:7968 com.android.server.wm.ActivityRecord.onAnimationFinished:8907 com.android.server.wm.WindowContainer.doAnimationFinished:3570 
05-17 05:23:46.307  2413  2413 I ViewRootImpl@c60329[LauncherActivity]: handleAppVisibility mAppVisible = true visible = false
05-17 05:23:46.308  1200  1241 V WindowManager: Setting visibility of Window{be548ea u0 com.android.systemui.ImageWallpaper}: false, caller=com.android.server.wm.WindowContainer.sendAppVisibilityToClients:1295 com.android.server.wm.WindowToken.setClientVisible:453 com.android.server.wm.WallpaperWindowToken.setVisible:160 com.android.server.wm.WallpaperWindowToken.updateWallpaperWindows:154 com.android.server.wm.WallpaperController.updateWallpaperTokens:672 
05-17 05:23:46.308  1613  8380 D WallpaperService: dispatchAppVisibility onVisibilityChanged(): false
05-17 05:23:46.309  1613  1613 D WallpaperService: reportVisibility onVisibilityChanged visible: false
05-17 05:23:46.309  1613  1922 I ImageWallpaper[GLEngine]:  onVisibilityChanged false , 0
05-17 05:23:46.310  1613  1641 W System  : A resource failed to call release. 
05-17 05:23:46.310  1613  1641 W System  : A resource failed to call release. 
05-17 05:23:46.310   914  6826 I SurfaceFlinger: id=423 Removed Surface(name=Task=1)/@0x563d18f - animation-leash of app_transition#423 (98)
05-17 05:23:46.310   914   936 I SurfaceFlinger: id=424 Removed Surface(name=WallpaperWindowToken{25ad610 token=android.os.Binder@8885cc2})/@0x74f55fa - animation-leash of window_animation#424 (98)
05-17 05:23:46.311  1200  1240 D PowerManagerService: [api] setScreenDimDurationOverrideFromWindowManagerInternal: timeoutMillis: -1
05-17 05:23:46.311  1613  1641 W System  : A resource failed to call release. 
05-17 05:23:46.311   914   936 I SurfaceFlinger: id=427 Removed Task=415#427 (98)
05-17 05:23:46.311  1613  1641 W System  : A resource failed to call release. 
05-17 05:23:46.311   914  6826 I SurfaceFlinger: id=443 Removed Task=416#443 (98)
05-17 05:23:46.312  1613  1641 W System  : A resource failed to call release. 
05-17 05:23:46.322   914   914 I Layer   : id=473 removeFromCurrentState Surface(name=Task=1)/@0x563d18f - animation-leash of app_transition#473 (98)
05-17 05:23:46.322   914   914 I Layer   : id=474 removeFromCurrentState b3652f6 ActivityRecordInputSink com.sec.android.app.launcher/com.android.launcher3.uioverrides.QuickstepLauncher#474 (98)
05-17 05:23:46.322   914   914 I Layer   : Layer [com.sec.android.app.launcher/com.sec.android.app.launcher.activities.LauncherActivity$_2413#471] hidden!! flag(1)
05-17 05:23:46.322   914   914 I SurfaceFlinger: id=474 Removed b3652f6 ActivityRecordInputSink com.sec.android.app.launcher/com.android.launcher3.uioverrides.QuickstepLauncher#474 (98)
05-17 05:23:46.322   914   914 I SurfaceFlinger: id=473 Removed Surface(name=Task=1)/@0x563d18f - animation-leash of app_transition#473 (98)
05-17 05:23:46.323   914   914 I Layer   : id=443 Destroyed Task=416#443
05-17 05:23:46.323   914   914 I Layer   : id=424 Destroyed Surface(name=WallpaperWindowToken{25ad610 token=android.os.Binder@8885cc2})/@0x74f55fa - animation-leash of window_animation#424
05-17 05:23:46.323   914   914 I Layer   : id=427 Destroyed Task=415#427
05-17 05:23:46.323   914   914 I Layer   : id=423 Destroyed Surface(name=Task=1)/@0x563d18f - animation-leash of app_transition#423
05-17 05:23:46.323   914   914 I Layer   : id=474 Destroyed b3652f6 ActivityRecordInputSink com.sec.android.app.launcher/com.android.launcher3.uioverrides.QuickstepLauncher#474
05-17 05:23:46.323   914   914 I Layer   : id=473 Destroyed Surface(name=Task=1)/@0x563d18f - animation-leash of app_transition#473
05-17 05:23:46.324  2413  2413 I ViewRootImpl@c60329[LauncherActivity]: performTraversals mFirst=false windowShouldResize=false viewVisibilityChanged=true mForceNextWindowRelayout=false params=null
05-17 05:23:46.325  1200  1396 V WindowManager: Relayout Window{bbce428 u0 com.sec.android.app.launcher/com.sec.android.app.launcher.activities.LauncherActivity}: viewVisibility=8 req=1200x1920 d0
05-17 05:23:46.326  1200  1396 V WindowManager: Relayout hash=bbce428, pid=2413, syncId=-1: mAttrs={(0,0)(fillxfill) sim={adjust=nothing forwardNavigation} layoutInDisplayCutoutMode=shortEdges ty=BASE_APPLICATION fmt=TRANSPARENT wanim=0x10302f4
05-17 05:23:46.326  1200  1396 V WindowManager:   fl=81910100
05-17 05:23:46.326  1200  1396 V WindowManager:   pfl=1e020040
05-17 05:23:46.326  1200  1396 V WindowManager:   vsysui=1700
05-17 05:23:46.326  1200  1396 V WindowManager:   bhv=SHOW_TRANSIENT_BARS_BY_SWIPE
05-17 05:23:46.326  1200  1396 V WindowManager:   fitSides= screenDimDuration=200000 naviIconColor=0}
05-17 05:23:46.327   914   914 D SurfaceFlinger: Display 0 HWC layers:
05-17 05:23:46.327   914   914 D SurfaceFlinger:      DEVICE | 0x78578db3c0 | 0100 | RGBA_8888    |    0.0    0.0 1200.0 1920.0 |    0    0 1200 1920 | Splash Screen dev.meshx.mob$_1613#478
05-17 05:23:46.327   914   914 D SurfaceFlinger:      DEVICE | 0x7879328ac0 | 0100 | RGBA_8888    |    0.0    0.0 1200.0   48.0 |    0    0 1200   48 | StatusBar$_1613#79
