05-17 05:23:46.327   914   914 D SurfaceFlinger:      DEVICE | 0x791ce8e780 | 0100 | RGBA_8888    |    0.0    0.0   67.0  311.0 | 1133  328 1200  639 | com.samsung.android.app.cocktailbars[...]service.CocktailBarService$_5662#421
05-17 05:23:46.327   914   914 D SurfaceFlinger: 
05-17 05:23:46.328  2413  2413 I ViewRootImpl@c60329[LauncherActivity]: Relayout returned: old=(0,0,1200,1920) new=(0,0,1200,1920) req=(1200,1920)8 dur=3 res=0x2 s={false 0x0} ch=true seqId=0
05-17 05:23:46.332 29233 29233 I ViewRootImpl@ff32c1d[MainActivity]: performTraversals params={(0,0)(fillxfill) sim={adjust=resize forwardNavigation} ty=BASE_APPLICATION
05-17 05:23:46.332 29233 29233 I ViewRootImpl@ff32c1d[MainActivity]:   fl=1810100
05-17 05:23:46.332 29233 29233 I ViewRootImpl@ff32c1d[MainActivity]:   pfl=16020040
05-17 05:23:46.332 29233 29233 I ViewRootImpl@ff32c1d[MainActivity]:   vsysui=2010
05-17 05:23:46.332 29233 29233 I ViewRootImpl@ff32c1d[MainActivity]:   apr=LIGHT_STATUS_BARS LIGHT_NAVIGATION_BARS
05-17 05:23:46.332 29233 29233 I ViewRootImpl@ff32c1d[MainActivity]:   bhv=DEFAULT
05-17 05:23:46.332 29233 29233 I ViewRootImpl@ff32c1d[MainActivity]:   fitSides= naviIconColor=0
05-17 05:23:46.332 29233 29233 I ViewRootImpl@ff32c1d[MainActivity]:   sfl=100000}
05-17 05:23:46.337 29233 29233 I ViewRootImpl@ff32c1d[MainActivity]: performTraversals mFirst=true windowShouldResize=true viewVisibilityChanged=false mForceNextWindowRelayout=false params={(0,0)(fillxfill) sim={adjust=resize forwardNavigation} ty=BASE_APPLICATION
05-17 05:23:46.337 29233 29233 I ViewRootImpl@ff32c1d[MainActivity]:   fl=1810100
05-17 05:23:46.337 29233 29233 I ViewRootImpl@ff32c1d[MainActivity]:   pfl=16020040
05-17 05:23:46.337 29233 29233 I ViewRootImpl@ff32c1d[MainActivity]:   vsysui=2010
05-17 05:23:46.337 29233 29233 I ViewRootImpl@ff32c1d[MainActivity]:   apr=LIGHT_STATUS_BARS LIGHT_NAVIGATION_BARS
05-17 05:23:46.337 29233 29233 I ViewRootImpl@ff32c1d[MainActivity]:   bhv=DEFAULT
05-17 05:23:46.337 29233 29233 I ViewRootImpl@ff32c1d[MainActivity]:   fitSides= naviIconColor=0
05-17 05:23:46.337 29233 29233 I ViewRootImpl@ff32c1d[MainActivity]:   sfl=100000}
05-17 05:23:46.338  1200  1396 V WindowManager: Relayout Window{df777b3 u0 dev.meshx.mob/dev.meshx.mob.MainActivity}: viewVisibility=0 req=1200x1920 d0
05-17 05:23:46.338  1200  1396 D RestrictionPolicy: isScreenCaptureEnabled : ret=true userId=0
05-17 05:23:46.338   914   936 I SurfaceFlinger: id=481 createSurf flag=40004, dev.meshx.mob/dev.meshx.mob.MainActivity$_29233#481
05-17 05:23:46.339  1200  1396 D WindowManager: makeSurface duration=0 name=dev.meshx.mob/dev.meshx.mob.MainActivity$_29233
05-17 05:23:46.340  1200  1396 V WindowManager: Changing focus from null to Window{df777b3 u0 dev.meshx.mob/dev.meshx.mob.MainActivity} displayId=0 Callers=com.android.server.wm.RootWindowContainer.updateFocusedWindowLocked:602 com.android.server.wm.WindowManagerService.updateFocusedWindowLocked:6869 com.android.server.wm.WindowManagerService.relayoutWindow:2839 com.android.server.wm.Session.relayout:275 
05-17 05:23:46.340  1200  1396 D MARsPolicyManager: onPackageResumedFG pkgName = dev.meshx.mob, userId = 0
05-17 05:23:46.341  1200  1396 I WindowManager: Cancelling animation restarting=true, leash=Surface(name=Surface(name=1996546 StatusBar)/@0x914b498 - animation-leash of insets_animation)/@0xc60c9e0
05-17 05:23:46.341  1200  1396 I WindowManager: Reparenting to original parent: Surface(name=WindowToken{189dd21 type=2000 android.os.BinderProxy@dae3f2b})/@0x26764f1, destroy=false, surface=Surface(name=1996546 StatusBar)/@0x914b498
05-17 05:23:46.341  1200  1396 I WindowManager: Reparenting to leash, surface=Surface(name=1996546 StatusBar)/@0x914b498, leashParent=Surface(name=WindowToken{189dd21 type=2000 android.os.BinderProxy@dae3f2b})/@0x26764f1
05-17 05:23:46.341   914   936 I SurfaceFlinger: id=482 createSurf flag=24000, Surface(name=1996546 StatusBar)/@0x914b498 - animation-leash of insets_animation#482
05-17 05:23:46.341  1200  1396 D WindowManager: makeSurface duration=0 leash=Surface(name=Surface(name=1996546 StatusBar)/@0x914b498 - animation-leash of insets_animation)/@0xcd14021
05-17 05:23:46.341  1200  1396 D WindowManager: updateSystemBarAttributes: displayId=0, win=Window{df777b3 u0 dev.meshx.mob/dev.meshx.mob.MainActivity}, navColorWin=null, focusedCanBeNavColorWin=false, behavior=1, appearance=8, statusBarAppearanceRegions=[AppearanceRegion{ bounds=[0,0][1200,1920]}], requestedVisibilities=, from=com.android.server.wm.DisplayPolicy.focusChangedLw:3396 com.android.server.wm.DisplayContent.updateFocusedWindowLocked:4664 com.android.server.wm.RootWindowContainer.updateFocusedWindowLocked:602 
05-17 05:23:46.342  1200  1396 D StatusBarManagerService: notifyRequestedSystemKey recent=false home=false
05-17 05:23:46.342  1200  1396 V WindowManager: Relayout hash=df777b3, pid=29233, syncId=-1: mAttrs={(0,0)(fillxfill) sim={adjust=resize forwardNavigation} ty=BASE_APPLICATION
05-17 05:23:46.342  1200  1396 V WindowManager:   fl=1810100
05-17 05:23:46.342  1200  1396 V WindowManager:   pfl=16020040
05-17 05:23:46.342  1200  1396 V WindowManager:   vsysui=2010
05-17 05:23:46.342  1200  1396 V WindowManager:   apr=LIGHT_STATUS_BARS LIGHT_NAVIGATION_BARS
05-17 05:23:46.342  1200  1396 V WindowManager:   bhv=DEFAULT
05-17 05:23:46.342  1200  1396 V WindowManager:   fitSides= naviIconColor=0
05-17 05:23:46.342  1200  1396 V WindowManager:   sfl=100000}
05-17 05:23:46.344 29233 29233 I ViewRootImpl@ff32c1d[MainActivity]: updateBlastSurfaceIfNeeded mBlastBufferQueue=null isSameSurfaceControl=false
05-17 05:23:46.345 29233 29233 I BLASTBufferQueue: new BLASTBufferQueue, mName= ViewRootImpl@ff32c1d[MainActivity] mNativeObject= 0x6f77f09000 sc.mNativeObject= 0x6f77de29e0 caller= android.view.ViewRootImpl.updateBlastSurfaceIfNeeded:2939 android.view.ViewRootImpl.relayoutWindow:9990 android.view.ViewRootImpl.performTraversals:3919 android.view.ViewRootImpl.doTraversal:3151 android.view.ViewRootImpl$TraversalRunnable.run:11068 android.view.Choreographer$CallbackRecord.run:1321 android.view.Choreographer$CallbackRecord.run:1329 android.view.Choreographer.doCallbacks:930 android.view.Choreographer.doFrame:859 android.view.Choreographer$FrameDisplayEventReceiver.run:1303 
05-17 05:23:46.345 29233 29233 I BLASTBufferQueue: update, w= 1200 h= 1920 mName = ViewRootImpl@ff32c1d[MainActivity] mNativeObject= 0x6f77f09000 sc.mNativeObject= 0x6f77de29e0 format= -1 caller= android.graphics.BLASTBufferQueue.<init>:84 android.view.ViewRootImpl.updateBlastSurfaceIfNeeded:2939 android.view.ViewRootImpl.relayoutWindow:9990 android.view.ViewRootImpl.performTraversals:3919 android.view.ViewRootImpl.doTraversal:3151 android.view.ViewRootImpl$TraversalRunnable.run:11068 
05-17 05:23:46.346 29233 29233 I ViewRootImpl@ff32c1d[MainActivity]: Relayout returned: old=(0,0,1200,1920) new=(0,0,1200,1920) req=(1200,1920)0 dur=6 res=0x3 s={true 0x6f77eea000} ch=true seqId=0
05-17 05:23:46.347 29233 29233 I ViewRootImpl@ff32c1d[MainActivity]: mThreadedRenderer.initialize() mSurface={isValid=true 0x6f77eea000} hwInitialized=true
05-17 05:23:46.348   853 27087 I display : getColorModes:: is not supported
05-17 05:23:46.348   853 27087 I display : getColorModes:: is not supported
05-17 05:23:46.348   914   936 E HWComposer: getSupportedContentTypes: getSupportedContentTypes failed for display 0: Unsupported (8)
05-17 05:23:46.349 29233 29260 D OpenGLRenderer: eglCreateWindowSurface
05-17 05:23:46.350   561   561 I hwservicemanager: getTransport: Cannot find entry android.hardware.graphics.mapper@4.0::IMapper/default in either framework or device VINTF manifest.
05-17 05:23:46.350 29233 29274 I Gralloc4: mapper 4.x is not supported
05-17 05:23:46.350   561   561 I hwservicemanager: getTransport: Cannot find entry android.hardware.graphics.mapper@3.0::IMapper/default in either framework or device VINTF manifest.
05-17 05:23:46.350 29233 29274 W Gralloc3: mapper 3.x is not supported
05-17 05:23:46.351 22914 22914 I byee    : onPause
05-17 05:23:46.352 29233 29274 I gralloc : Arm Module v1.0
05-17 05:23:46.352 29233 29233 I ViewRootImpl@ff32c1d[MainActivity]: reportNextDraw android.view.ViewRootImpl.performTraversals:4473 android.view.ViewRootImpl.doTraversal:3151 android.view.ViewRootImpl$TraversalRunnable.run:11068 android.view.Choreographer$CallbackRecord.run:1321 android.view.Choreographer$CallbackRecord.run:1329 
05-17 05:23:46.352 29233 29233 I ViewRootImpl@ff32c1d[MainActivity]: Setup new sync id=0
05-17 05:23:46.352 29233 29233 I ViewRootImpl@ff32c1d[MainActivity]: Setting syncFrameCallback
05-17 05:23:46.352 29233 29233 I ViewRootImpl@ff32c1d[MainActivity]: registerCallbacksForSync syncBuffer=false
05-17 05:23:46.353   561   561 I hwservicemanager: getTransport: Cannot find entry android.hardware.graphics.allocator@4.0::IAllocator/default in either framework or device VINTF manifest.
05-17 05:23:46.353   560   567 I servicemanager: Could not find android.hardware.graphics.allocator.IAllocator/default in the VINTF manifest.
05-17 05:23:46.353 29233 29274 W Gralloc4: allocator 4.x is not supported
05-17 05:23:46.354   561   561 I hwservicemanager: getTransport: Cannot find entry android.hardware.graphics.allocator@3.0::IAllocator/default in either framework or device VINTF manifest.
05-17 05:23:46.354 29233 29274 W Gralloc3: allocator 3.x is not supported
05-17 05:23:46.354 29233 29275 I ViewRootImpl@ff32c1d[MainActivity]: Received frameDrawingCallback syncResult=0 frameNum=1.
05-17 05:23:46.355 29233 29275 I ViewRootImpl@ff32c1d[MainActivity]: Setting up sync and frameCommitCallback
05-17 05:23:46.355   914   914 I Layer   : id=472 removeFromCurrentState Surface(name=1996546 StatusBar)/@0x914b498 - animation-leash of insets_animation#472 (94)
05-17 05:23:46.356   914   914 I SurfaceFlinger: id=472 Removed Surface(name=1996546 StatusBar)/@0x914b498 - animation-leash of insets_animation#472 (94)
05-17 05:23:46.356   914   914 I Layer   : id=472 Destroyed Surface(name=1996546 StatusBar)/@0x914b498 - animation-leash of insets_animation#472
05-17 05:23:46.361 29233 29260 I BLASTBufferQueue: [ViewRootImpl@ff32c1d[MainActivity]#0](f:0,a:0,s:0) onFrameAvailable the first frame is available
05-17 05:23:46.362 29233 29260 I ViewRootImpl@ff32c1d[MainActivity]: Received frameCommittedCallback lastAttemptedDrawFrameNum=1 didProduceBuffer=true
05-17 05:23:46.362 29233 29260 D OpenGLRenderer: CFMS:: SetUp Pid : 29233    Tid : 29260
05-17 05:23:46.365 29233 29233 I ViewRootImpl@ff32c1d[MainActivity]: onSyncComplete
05-17 05:23:46.366 29233 29233 I ViewRootImpl@ff32c1d[MainActivity]: setupSync seqId=0 mSyncId=0 fn=1 caller=android.view.ViewRootImpl$$ExternalSyntheticLambda11.accept:6 android.window.SurfaceSyncer.lambda$setupSync$1$android-window-SurfaceSyncer:168 android.window.SurfaceSyncer$$ExternalSyntheticLambda1.accept:8 android.window.SurfaceSyncer$SyncSet.checkIfSyncIsComplete:495 android.window.SurfaceSyncer$SyncSet.markSyncReady:454 android.window.SurfaceSyncer.markSyncReady:191 android.view.ViewRootImpl.performTraversals:4538 
05-17 05:23:46.366 29233 29233 I ViewRootImpl@ff32c1d[MainActivity]: reportDrawFinished seqId=0 mSyncId=-1 fn=1 mSurfaceChangedTransaction=0x6f8bc79500
05-17 05:23:46.366  1200  1396 D WindowManager: finishDrawingWindow: Window{df777b3 u0 dev.meshx.mob/dev.meshx.mob.MainActivity} mDrawState=DRAW_PENDING seqId=0
05-17 05:23:46.368  1200  1241 V WindowManager: Finish starting ActivityRecord{d90dd1 u0 dev.meshx.mob/.MainActivity} t418}: first real window is shown, no animation
05-17 05:23:46.368  1200  1241 V WindowManager: Schedule remove starting ActivityRecord{d90dd1 u0 dev.meshx.mob/.MainActivity} t418} startingWindow=null startingView=null Callers=com.android.server.wm.ActivityRecord.removeStartingWindow:3352 com.android.server.wm.ActivityRecord.onFirstWindowDrawn:7737 com.android.server.wm.WindowState.performShowLocked:5731 com.android.server.wm.WindowStateAnimator.commitFinishDrawingLocked:352 com.android.server.wm.DisplayContent.lambda$new$8:1199 
05-17 05:23:46.369  1200  1241 I SemDvfsHyPerManager: acquire hyper - AMS_RESUME_TAIL/1200@16, type = -999
05-17 05:23:46.369  1200  1241 I SemDvfsHyPerManager: acquire hyper - AMS_ACT_LAZY/1200@17, type = -999
05-17 05:23:46.369  1200  1241 D ActivityManagerPerformance: AMP_acquire() TAIL
05-17 05:23:46.369  1200  1241 D ActivityManagerPerformance: AMP_release() APP_SWITCH
05-17 05:23:46.369  1200  1241 V WindowManager: performShowLocked: mDrawState=HAS_DRAWN in Window{df777b3 u0 dev.meshx.mob/dev.meshx.mob.MainActivity}
05-17 05:23:46.369   864   921 I HYPER-HAL: [RequestManager.cpp]acquire(): Acquired ID : 739952  [1200 / 16]    HINT : AMS_RESUME_TAIL    list : 
05-17 05:23:46.369  1200  1241 V WindowManager: Removing startingView=com.android.server.wm.StartingSurfaceController$StartingSurface@8b6a9c2
05-17 05:23:46.369   864   921 E HYPER-HAL: [HandlerSysfs.cpp]doResourceHandling(): Couldn't Open Sysfs - /sys/power/cstate_control
05-17 05:23:46.370  1200  1241 D TaskOrganizerController: applyStartingWindowAnimation, window=Window{df777b3 u0 dev.meshx.mob/dev.meshx.mob.MainActivity}, caller=com.android.server.wm.TaskOrganizerController.removeStartingWindow:595 com.android.server.wm.StartingSurfaceController$StartingSurface.remove:287 com.android.server.wm.ActivityRecord.lambda$removeStartingWindowAnimation$7:3417 
05-17 05:23:46.370  1200  1241 I WindowManager: Reparenting to leash, surface=Surface(name=df777b3 dev.meshx.mob/dev.meshx.mob.MainActivity)/@0x22bbb34, leashParent=Surface(name=ActivityRecord{d90dd1 u0 dev.meshx.mob/.MainActivity} t418})/@0xde0bd5d
05-17 05:23:46.370   864   921 E HYPER-HAL: [HandlerSysfs.cpp]doResourceHandling(): Couldn't Open Sysfs - /sys/power/cstate_control
05-17 05:23:46.370   914   936 I SurfaceFlinger: id=483 createSurf flag=24000, Surface(name=df777b3 dev.meshx.mob/dev.meshx.mob.MainActivity)/@0x22bbb34 - animation-leash of starting_reveal#483
05-17 05:23:46.370   864   921 I HYPER-HAL: [RequestManager.cpp]releaseLocked(): Released ID : 752177
05-17 05:23:46.370  1200  1241 D WindowManager: makeSurface duration=0 leash=Surface(name=Surface(name=df777b3 dev.meshx.mob/dev.meshx.mob.MainActivity)/@0x22bbb34 - animation-leash of starting_reveal)/@0x55126d2
05-17 05:23:46.372   914   914 D SurfaceFlinger: [input] inputWindowCommands.focusRequests size is 1
05-17 05:23:46.372  2413  2413 I ViewRootImpl@c60329[LauncherActivity]: stopped(true) old = false
05-17 05:23:46.372  2413  2413 I ViewRootImpl@c60329[LauncherActivity]: WindowStopped on com.sec.android.app.launcher/com.sec.android.app.launcher.activities.LauncherActivity set to true
05-17 05:23:46.372  1200  1241 D ActivityTaskManager: mStartingWindow and mStartingData is null for token=ActivityRecord{d90dd1 u0 dev.meshx.mob/.MainActivity} t418}
05-17 05:23:46.372  1200  1237 D [secipm]: mSecIpmManager report to nap
05-17 05:23:46.372  1200  1237 I PkgPredictorService-SecIpmManagerServiceImpl: reportToNAP uid:10313 dev.meshx.mob/dev.meshx.mob.MainActivity thisTime:529
05-17 05:23:46.373  1200  1237 I ActivityTaskManager: Displayed dev.meshx.mob/.MainActivity: +529ms
05-17 05:23:46.373  1200  1237 I Pageboost: Launch time gathered : pid 29233 dev.meshx.mob 529
05-17 05:23:46.373   914  1042 D SurfaceFlinger: [input] setFocusedWindow: df777b3 dev.meshx.mob/dev.meshx.mob.MainActivity
05-17 05:23:46.373  2413  2413 I Launcher: !@Boot_DEBUG: Launcher.onStop()
05-17 05:23:46.374  2413  2413 I Launcher: !@Boot_EBS_D: Launcher.onStop()
05-17 05:23:46.374  2413  2413 I BaseActivity: removeActivityFlags, flags : 17
05-17 05:23:46.374  1200  1215 D InputDispatcher: Focus entered window (0): df777b3 dev.meshx.mob/dev.meshx.mob.MainActivity
05-17 05:23:46.374  2413  2413 I WallpaperBlurController: dispatchTransactionSurface: mCurrentBlur = 0
05-17 05:23:46.374  2413  2413 I StateManager: moveToRestState, restState = Normal
05-17 05:23:46.374  2413  2413 I StateManager: goToState isInState Normal
05-17 05:23:46.374  2413  2516 I IMM_LC  : hsifw() - flag : 0
05-17 05:23:46.374  2413  2516 I IMM_LC  : hsifw() - mService.hideSoftInput
05-17 05:23:46.374  2413  2413 W LauncherAppWidgetHost: setShouldListenFlag, mFlags:7 flag:start on:false isFront:false
05-17 05:23:46.374  1200  1215 D InputMethodManagerService: hideSoftInput
05-17 05:23:46.375  1200  1215 W InputMethodManagerService: Ignoring hideSoftInput of uid 10120: com.android.internal.view.IInputMethodClient$Stub$Proxy@670d259
05-17 05:23:46.376  1200  1396 I AppWidgetServiceImpl: stopListening callbacks : null
05-17 05:23:46.376  2548  2548 E pageboostd: Received HALT command code 2
05-17 05:23:46.377  2413  2413 W LauncherAppWidgetHost: stopListening, mFlags:2 isFront:false
05-17 05:23:46.377   914   914 D SurfaceFlinger: Display 0 HWC layers:
05-17 05:23:46.377   914   914 D SurfaceFlinger:      DEVICE | 0x7890defcc0 | 0102 | RGBA_8888    |    0.0    0.0 1200.0 1920.0 |    0    0 1200 1920 | dev.meshx.mob/dev.meshx.mob.MainActivity$_29233#481
05-17 05:23:46.377   914   914 D SurfaceFlinger:      DEVICE | 0x78578db3c0 | 0100 | RGBA_8888    |    0.0    0.0 1200.0 1920.0 |    0    0 1200 1920 | Splash Screen dev.meshx.mob$_1613#478
05-17 05:23:46.377   914   914 D SurfaceFlinger:      DEVICE | 0x7879328ac0 | 0100 | RGBA_8888    |    0.0    0.0 1200.0   48.0 |    0    0 1200   48 | StatusBar$_1613#79
05-17 05:23:46.377   914   914 D SurfaceFlinger:      DEVICE | 0x791ce8e780 | 0100 | RGBA_8888    |    0.0    0.0   67.0  311.0 | 1133  328 1200  639 | com.samsung.android.app.cocktailbars[...]service.CocktailBarService$_5662#421
05-17 05:23:46.377   914   914 D SurfaceFlinger: 
05-17 05:23:46.377  2413  2413 W Launcher.NotificationListener: removeNotificationsChangedListener
05-17 05:23:46.377  2413  2413 I Launcher.NotificationListener: unregisterObserver, this is not notificationService!!
05-17 05:23:46.377  2413  2413 I BadgeCountUpdaterImpl: onNotificationsChangedDisConnected
05-17 05:23:46.378  2413  2413 I DecorView: notifyKeepScreenOnChanged: keepScreenOn=false
05-17 05:23:46.379  2413  2413 I MSHandlerLifeCycle: removeMultiSplitHandler: no exist. decor=DecorView@122ca45[LauncherActivity]
05-17 05:23:46.379  2413  2524 I LiveIconUpdateEventHandler: cancelDateChangeAlarm
05-17 05:23:46.380 29233 29233 I ViewRootImpl@ff32c1d[MainActivity]: MSG_WINDOW_FOCUS_CHANGED 1 0
05-17 05:23:46.381  2413  2524 I LiveIconUpdateEventHandler: cancelMinuteChangeAlarm
05-17 05:23:46.381 29233 29233 I ViewRootImpl@ff32c1d[MainActivity]: mThreadedRenderer.initializeIfNeeded()#2 mSurface={isValid=true 0x6f77eea000}
05-17 05:23:46.382 29233 29233 D InputMethodManager: startInputInner - Id : 0
05-17 05:23:46.382 29233 29233 I InputMethodManager: startInputInner - mService.startInputOrWindowGainedFocus
05-17 05:23:46.383  1200  1396 D CompatibilityChangeReporter: Compat change id reported: 214016041; UID 10313; state: ENABLED
05-17 05:23:46.383  1200  1396 V InputMethodManagerService: Unspecified window will hide input
05-17 05:23:46.383  1200  1396 V InputMethodManagerService: hideCurrentInputLocked : canceled, shouldHideSoftInput=false, mInputShown=false, mImeWindowVis=0
05-17 05:23:46.383  1200  1396 I InputMethodBindingController: setCurrentMethodNotVisible: mVisibleBound=false, mHasConnection=true, caller = com.android.server.inputmethod.InputMethodManagerService.hideCurrentInputLocked:4300 com.android.server.inputmethod.InputMethodManagerService.startInputOrWindowGainedFocusInternalLocked:4606 com.android.server.inputmethod.InputMethodManagerService.startInputOrWindowGainedFocusInternal:4384 com.android.server.inputmethod.InputMethodManagerService.startInputOrWindowGainedFocus:4323 com.android.internal.view.IInputMethodManager$Stub.onTransact:518 com.android.server.inputmethod.InputMethodManagerService.onTransact:2270 android.os.Binder.execTransactInternal:1316 android.os.Binder.execTransact:1280 <bottom of call stack> <bottom of call stack> 
05-17 05:23:46.383  1200  1396 D InputMethodManagerService: DESKTOP MODE! : 2
05-17 05:23:46.383  1200  1396 D InputMethodManagerService: NOT IN KNOX DESKTOP MODE!
05-17 05:23:46.383  1200  1396 V InputMethodManagerService: getDisplayIdOfInputMethodWindowToBeAdded: displayId=0
05-17 05:23:46.383  1200  1396 V InputMethodManagerService: Creating new session for client ClientState{7f6de1e uid=10313 pid=29233 displayId=0}
05-17 05:23:46.383  1200  1396 D InputTransport: Input channel constructed: 'ClientS', fd=904
05-17 05:23:46.383  1200  1396 D InputTransport: Input channel constructed: 'ClientS', fd=907
05-17 05:23:46.384  1200  1396 D InputTransport: Input channel destroyed: 'ClientS', fd=907
05-17 05:23:46.385  1200  1396 D InputMethodManagerService: isImeSwitcherDisabledPackage : false
05-17 05:23:46.385  1200  1396 D InputMethodManagerService: shouldShowImeSwitcherLocked : checking vis : 3
05-17 05:23:46.385  1200  1396 D InputMethodManagerService: checkDisplayOfStartInputAndUpdateKeyboard: displayId=0, mFocusedDisplayId=0
05-17 05:23:46.385  1200  1396 D InputTransport: Input channel constructed: 'ClientS', fd=907
05-17 05:23:46.385  1200  1396 D InputTransport: Input channel destroyed: 'ClientS', fd=907
05-17 05:23:46.385 23472 23472 I HBD     : HoneyBoardService onFinishInput 
05-17 05:23:46.386  1200  1215 D RestrictionPolicy: isScreenCaptureEnabled : ret=true userId=0
05-17 05:23:46.386 23472 23472 I HBD     : a IC have been unbinding,  RemoteInputConnection{idHash=#a78c2ac}
05-17 05:23:46.386 23472 23472 I HBD     : HoneyBoardService [PF_CL][onFinishInput]  0 ms 
05-17 05:23:46.386 23472 23472 I HBD     : HoneyBoardService [IMI] onStartInput - caller pid : 29233 , caller uid : 10313 
05-17 05:23:46.386 23472 23472 I HBD     : j updateConfigs 
05-17 05:23:46.386 23472 23472 I HBD     : j isEnabledNightMode : false 
05-17 05:23:46.386 23472 23472 I HBD     : a IC have been binding, RemoteInputConnection{idHash=#dc37b75} 
05-17 05:23:46.386  1200  1215 I WindowManager: Cancelling animation restarting=true, leash=Surface(name=Surface(name=b80621 InputMethod)/@0x5e87407 - animation-leash of insets_animation)/@0xd798557
05-17 05:23:46.386  1200  1215 I WindowManager: Reparenting to original parent: Surface(name=WindowToken{bf4b1ad type=2011 android.os.Binder@f208ec4})/@0xbbdb934, destroy=false, surface=Surface(name=b80621 InputMethod)/@0x5e87407
05-17 05:23:46.386 23472 23472 I HBD     : h [EditorInputType]setPrivateImeOptionsToTable privateImeOptions ( null )
05-17 05:23:46.386 23472 23472 I HBD     : b incognitoMode : false 
05-17 05:23:46.386  1200  1215 I WindowManager: Reparenting to leash, surface=Surface(name=b80621 InputMethod)/@0x5e87407, leashParent=Surface(name=WindowToken{bf4b1ad type=2011 android.os.Binder@f208ec4})/@0xbbdb934
05-17 05:23:46.386 23472 23472 I HBD     : b needOff = true , isForceOff = false, isNullInputClass : true 
05-17 05:23:46.386 23472 23472 I HBD     : h getDefaultInputRange : UNKNOWN 
05-17 05:23:46.387 23472 23472 I HBD     : h getDefaultInputRange : UNKNOWN 
05-17 05:23:46.387 23472 23472 I HBD     : h getDefaultInputRange : UNKNOWN 
05-17 05:23:46.387   914   936 I SurfaceFlinger: id=484 createSurf flag=24004, Surface(name=b80621 InputMethod)/@0x5e87407 - animation-leash of insets_animation#484
05-17 05:23:46.387  1200  1215 D WindowManager: makeSurface duration=1 leash=Surface(name=Surface(name=b80621 InputMethod)/@0x5e87407 - animation-leash of insets_animation)/@0xcd3f41b
05-17 05:23:46.387 23472 23472 I HBD     : b needOff = true , isForceOff = false, isNullInputClass : true 
05-17 05:23:46.387 23472 23472 I HBD     : b update cached prediction status : false 
05-17 05:23:46.387 23472 23472 I HBD     : h getDefaultInputRange : UNKNOWN 
05-17 05:23:46.387 23472 23472 I HBD     : a currentState : 0 
05-17 05:23:46.388 23472 23472 I HBD     : a [UpdatePolicy] [post] a: 0 cl: 65537 kit: [0/0] vt: 0 ir: 1 
05-17 05:23:46.388 23472 23472 I HBD     : a [NRIC] resetNoResponseState 
05-17 05:23:46.388 23472 23472 I HBD     : b needOff = true , isForceOff = false, isNullInputClass : true 
05-17 05:23:46.388 23472 23472 I HBD     : b update cached prediction status : false 
05-17 05:23:46.388 29233 29233 D InputMethodManager: startInputInner - Id : 0
05-17 05:23:46.389 23472 23472 I HBD     : HoneyBoardService [PF_OP][onStartInput]  3 ms 
05-17 05:23:46.389  2413  2413 I LauncherRootView: onApplyWindowInsets, state = Normal
05-17 05:23:46.389  2413  2413 I LauncherRootView: onApplyWindowInsets, systemWindowInset = Rect(0, 48 - 0, 0)
05-17 05:23:46.389  2413  2413 I LauncherRootView: handleSystemWindowInsets Rect(0, 48 - 0, 0)
05-17 05:23:46.390  2413  2413 I ViewRootImpl@c60329[LauncherActivity]: performTraversals params={(0,0)(fillxfill) sim={adjust=nothing} layoutInDisplayCutoutMode=shortEdges ty=BASE_APPLICATION fmt=TRANSPARENT wanim=0x10302f4
05-17 05:23:46.390  2413  2413 I ViewRootImpl@c60329[LauncherActivity]:   fl=81910100
05-17 05:23:46.390  2413  2413 I ViewRootImpl@c60329[LauncherActivity]:   pfl=1e020040
05-17 05:23:46.390  2413  2413 I ViewRootImpl@c60329[LauncherActivity]:   vsysui=1700
05-17 05:23:46.390  2413  2413 I ViewRootImpl@c60329[LauncherActivity]:   bhv=SHOW_TRANSIENT_BARS_BY_SWIPE
05-17 05:23:46.390  2413  2413 I ViewRootImpl@c60329[LauncherActivity]:   fitSides= naviIconColor=0}
05-17 05:23:46.390  2413  2413 I ViewRootImpl@c60329[LauncherActivity]: performTraversals mFirst=false windowShouldResize=false viewVisibilityChanged=false mForceNextWindowRelayout=false params={(0,0)(fillxfill) sim={adjust=nothing} layoutInDisplayCutoutMode=shortEdges ty=BASE_APPLICATION fmt=TRANSPARENT wanim=0x10302f4
05-17 05:23:46.390  2413  2413 I ViewRootImpl@c60329[LauncherActivity]:   fl=81910100
05-17 05:23:46.390  2413  2413 I ViewRootImpl@c60329[LauncherActivity]:   pfl=1e020040
05-17 05:23:46.390  2413  2413 I ViewRootImpl@c60329[LauncherActivity]:   vsysui=1700
05-17 05:23:46.390  2413  2413 I ViewRootImpl@c60329[LauncherActivity]:   bhv=SHOW_TRANSIENT_BARS_BY_SWIPE
05-17 05:23:46.390  2413  2413 I ViewRootImpl@c60329[LauncherActivity]:   fitSides= naviIconColor=0}
05-17 05:23:46.393  1200  2223 V WindowManager: Relayout Window{bbce428 u0 com.sec.android.app.launcher/com.sec.android.app.launcher.activities.LauncherActivity}: viewVisibility=8 req=1200x1920 d0
05-17 05:23:46.393  1200  1240 I AppOps  : updateUidProcState uid: 10212 procState: 5 capability:15
05-17 05:23:46.393  1200  1240 I AppOps  : updateUidProcState uid: 10211 procState: 5 capability:15
05-17 05:23:46.393  1200  1240 I ActivityManager: Changes in 10120 2 to 5, 15 to 8
05-17 05:23:46.394   984  2433 I CameraService: onUidStateChanged: uid=10212, procState is changed. (3 -> 5)
05-17 05:23:46.396  1200  1396 D InputMethodManagerService: isImeSwitcherDisabledPackage : false
05-17 05:23:46.396  1200  2223 V WindowManager: Relayout hash=bbce428, pid=2413, syncId=-1: mAttrs={(0,0)(fillxfill) sim={adjust=nothing} layoutInDisplayCutoutMode=shortEdges ty=BASE_APPLICATION fmt=TRANSPARENT wanim=0x10302f4
05-17 05:23:46.396  1200  2223 V WindowManager:   fl=81910100
05-17 05:23:46.396  1200  2223 V WindowManager:   pfl=1e020040
05-17 05:23:46.396  1200  2223 V WindowManager:   vsysui=1700
05-17 05:23:46.396  1200  2223 V WindowManager:   bhv=SHOW_TRANSIENT_BARS_BY_SWIPE
05-17 05:23:46.396  1200  2223 V WindowManager:   fitSides= naviIconColor=0}
05-17 05:23:46.396 23472 23472 I InputMethodService: removeImeSurface
05-17 05:23:46.397  2413  2413 I ViewRootImpl@c60329[LauncherActivity]: Relayout returned: old=(0,0,1200,1920) new=(0,0,1200,1920) req=(1200,1920)8 dur=7 res=0x2 s={false 0x0} ch=false seqId=0
05-17 05:23:46.397 23472 23472 I MSHandlerLifeCycle: check: return. pkg=com.samsung.android.honeyboard isActivity=false callers=com.android.internal.policy.DecorView.setVisibility:4487 android.app.Dialog.hide:767 android.inputmethodservice.InputMethodService.removeImeSurface:1297 android.inputmethodservice.InputMethodService.scheduleImeSurfaceRemoval:1286 android.inputmethodservice.InputMethodService.-$$Nest$mscheduleImeSurfaceRemoval:0 
05-17 05:23:46.397 23472 23472 I MSHandlerLifeCycle: removeMultiSplitHandler: no exist. decor=DecorView@325b854[InputMethod]
05-17 05:23:46.397 29233 29270 I MobBeam : mob_start_beam: waited 200 ms for window focus
05-17 05:23:46.397 29233 29270 I MobBeam : mob_start_beam: starting BEAM with module=meshx_mobile_app, argc=37
05-17 05:23:46.397  1200  2223 E WindowManager: win=Window{bbce428 u0 com.sec.android.app.launcher/com.sec.android.app.launcher.activities.LauncherActivity} destroySurfaces: appStopped=true cleanupOnResume=false win.mWindowRemovalAllowed=false win.mRemoveOnExit=false win.mViewVisibility=8 caller=com.android.server.wm.ActivityRecord.destroySurfaces:6798 com.android.server.wm.ActivityRecord.destroySurfaces:6779 com.android.server.wm.ActivityRecord.notifyAppStopped:6843 com.android.server.wm.ActivityRecord.activityStopped:7449 com.android.server.wm.ActivityClientController.activityStopped:274 android.app.IActivityClientController$Stub.onTransact:621 com.android.server.wm.ActivityClientController.onTransact:152 
05-17 05:23:46.397  1200  2223 I WindowManager: Destroying surface Surface(name=com.sec.android.app.launcher/com.sec.android.app.launcher.activities.LauncherActivity$_2413)/@0x6b97391 called by com.android.server.wm.WindowStateAnimator.destroySurface:955 com.android.server.wm.WindowStateAnimator.destroySurfaceLocked:537 com.android.server.wm.WindowState.destroySurfaceUnchecked:4533 com.android.server.wm.WindowState.destroySurface:4507 com.android.server.wm.ActivityRecord.destroySurfaces:6798 com.android.server.wm.ActivityRecord.destroySurfaces:6779 com.android.server.wm.ActivityRecord.notifyAppStopped:6843 com.android.server.wm.ActivityRecord.activityStopped:7449 
05-17 05:23:46.397 29233 29270 I MobBeam : mob_start_beam: symlink erl_child_setup -> /data/app/~~7_JfJd_UlVswUeLwoiaLgQ==/dev.meshx.mob-ivO6cS7eflFfQcbbJp1V4A==/lib/arm64/liberl_child_setup.so
05-17 05:23:46.398 29233 29270 I MobBeam : mob_start_beam: symlink inet_gethost -> /data/app/~~7_JfJd_UlVswUeLwoiaLgQ==/dev.meshx.mob-ivO6cS7eflFfQcbbJp1V4A==/lib/arm64/libinet_gethost.so
05-17 05:23:46.398  1200  2223 D ActivityTaskManager: mStartingWindow and mStartingData is null for token=ActivityRecord{6b81964 u0 com.sec.android.app.launcher/.activities.LauncherActivity} t403}
05-17 05:23:46.398 29233 29270 I MobBeam : mob_start_beam: symlink epmd -> /data/app/~~7_JfJd_UlVswUeLwoiaLgQ==/dev.meshx.mob-ivO6cS7eflFfQcbbJp1V4A==/lib/arm64/libepmd.so
05-17 05:23:46.398 29233 29270 E MobBeam : mob_start_beam: exqlite NIF missing from both nativeLibDir and priv/
05-17 05:23:46.398 29233 29270 E MobBeam : mob_start_beam: sqlite3_nif.so (fallback) missing — NIF load will fail
05-17 05:23:46.405   914   914 I Layer   : id=469 removeFromCurrentState Surface(name=b80621 InputMethod)/@0x5e87407 - animation-leash of insets_animation#469 (95)
05-17 05:23:46.405   914   914 I Layer   : id=105 removeFromCurrentState b80621 InputMethod#105 (95)
05-17 05:23:46.405   914   914 I Layer   : id=105 addToCurrentState b80621 InputMethod#105 (95)
05-17 05:23:46.405   914   914 I Layer   : id=471 removeFromCurrentState com.sec.android.app.launcher/com.sec.android.app.launcher.activities.LauncherActivity$_2413#471 (95)
05-17 05:23:46.405   914   914 I SurfaceFlinger: id=471 Removed com.sec.android.app.launcher/com.sec.android.app.launcher.activities.LauncherActivity$_2413#471 (95)
05-17 05:23:46.406   914   914 I Layer   : id=471 Destroyed com.sec.android.app.launcher/com.sec.android.app.launcher.activities.LauncherActivity$_2413#471
05-17 05:23:46.423  1613  1749 D OpenGLRenderer: setSurface called with nullptr
05-17 05:23:46.423  1613  1749 D OpenGLRenderer: setSurface() destroyed EGLSurface
05-17 05:23:46.423  1200  1396 I AppOps  : updateUidProcState uid: 10054 procState: 0 capability:15
05-17 05:23:46.423  1613  1749 D OpenGLRenderer: destroyEglSurface
05-17 05:23:46.423   984  2433 I CameraService: onUidStateChanged: uid=10054, procState is changed. (1 -> 0)
05-17 05:23:46.424  1200  1252 W libprocessgroup: Failed to open /dev/blkio//cgroup.procs: No such file or directory
05-17 05:23:46.425  1613  1737 I ViewRootImpl@c515c11[mob]: performTraversals params={(0,0)(fillxfill) sim={adjust=pan} ty=APPLICATION_STARTING fmt=TRANSLUCENT alpha=0.0
05-17 05:23:46.425  1613  1737 I ViewRootImpl@c515c11[mob]:   fl=81030118
05-17 05:23:46.425  1613  1737 I ViewRootImpl@c515c11[mob]:   pfl=16000010
05-17 05:23:46.425  1613  1737 I ViewRootImpl@c515c11[mob]:   bhv=DEFAULT
05-17 05:23:46.425  1613  1737 I ViewRootImpl@c515c11[mob]:   fitSides= naviIconColor=0}
05-17 05:23:46.425  1613  1737 I ViewRootImpl@c515c11[mob]: performTraversals mFirst=false windowShouldResize=false viewVisibilityChanged=true mForceNextWindowRelayout=false params={(0,0)(fillxfill) sim={adjust=pan} ty=APPLICATION_STARTING fmt=TRANSLUCENT alpha=0.0
05-17 05:23:46.425  1613  1737 I ViewRootImpl@c515c11[mob]:   fl=81030118
05-17 05:23:46.425  1613  1737 I ViewRootImpl@c515c11[mob]:   pfl=16000010
05-17 05:23:46.425  1613  1737 I ViewRootImpl@c515c11[mob]:   bhv=DEFAULT
05-17 05:23:46.425  1613  1737 I ViewRootImpl@c515c11[mob]:   fitSides= naviIconColor=0}
05-17 05:23:46.425  1200  1396 V WindowManager: Relayout Window{88ea609 u0 Splash Screen dev.meshx.mob}: viewVisibility=8 req=1200x1920 d0
05-17 05:23:46.427  1200  1396 D WindowManager: updateSystemBarAttributes: displayId=0, win=Window{df777b3 u0 dev.meshx.mob/dev.meshx.mob.MainActivity}, navColorWin=null, focusedCanBeNavColorWin=false, behavior=1, appearance=8, statusBarAppearanceRegions=[AppearanceRegion{LIGHT_STATUS_BARS bounds=[0,0][1200,1920]}], requestedVisibilities=, from=com.android.server.wm.DisplayPolicy.finishPostLayoutPolicyLw:2622 com.android.server.wm.DisplayContent.applySurfaceChangesTransaction:5746 com.android.server.wm.RootWindowContainer.applySurfaceChangesTransaction:1249 
05-17 05:23:46.427  1613  1613 D SamsungLightBarControlHelper: onStatusBarAppearanceChanged() -  sbModeChanged:false, statusBarMode:MODE_TRANSPARENT, barState:SHADE, isKeyguardShowing:false, navbarColorManagedByIme:false, stackAppearancesChanged:true, (AppearanceRegion{LIGHT_STATUS_BARS bounds=[0,0][1200,1920]}, ), packageName:dev.meshx.mob
05-17 05:23:46.427  1613  1613 D SamsungLightBarControlHelper: updateStatus(BLACK icon) NumStacks:1, StatusBarMode:MODE_TRANSPARENT, lightBarBounds:[Rect(0, 0 - 1200, 1920)], StatusBarState:SHADE, packageName:dev.meshx.mob, isWhiteKeyguardStatusBarBySettings:false
05-17 05:23:46.427  1707  1707 I wpa_supplicant: Heartbeat 18368
05-17 05:23:46.429  1200  1396 V WindowManager: Relayout hash=88ea609, pid=1613, syncId=-1: mAttrs={(0,0)(fillxfill) sim={adjust=pan} ty=APPLICATION_STARTING fmt=TRANSLUCENT alpha=0.0
05-17 05:23:46.429  1200  1396 V WindowManager:   fl=81030118
05-17 05:23:46.429  1200  1396 V WindowManager:   pfl=16000010
05-17 05:23:46.429  1200  1396 V WindowManager:   bhv=DEFAULT
05-17 05:23:46.429  1200  1396 V WindowManager:   fitSides= naviIconColor=0}
05-17 05:23:46.430  1613  1737 I ViewRootImpl@c515c11[mob]: Relayout returned: old=(0,0,1200,1920) new=(0,0,1200,1920) req=(1200,1920)8 dur=5 res=0x2 s={false 0x0} ch=true seqId=0
05-17 05:23:46.431  1200  1396 D CoreBackPreview: Window{88ea609 u0 Splash Screen dev.meshx.mob}: Setting back callback null
05-17 05:23:46.431  1613  1737 I ViewRootImpl@c515c11[mob]: dispatchDetachedFromWindow
05-17 05:23:46.431  1200  1396 D WindowManager: Starting window removed Window{88ea609 u0 Splash Screen dev.meshx.mob}
05-17 05:23:46.432  1200  1396 I WindowManager: Cancelling animation restarting=false, leash=Surface(name=Surface(name=df777b3 dev.meshx.mob/dev.meshx.mob.MainActivity)/@0x22bbb34 - animation-leash of starting_reveal)/@0x55126d2
05-17 05:23:46.432  1200  1396 I WindowManager: Reparenting to original parent: Surface(name=ActivityRecord{d90dd1 u0 dev.meshx.mob/.MainActivity} t418})/@0xde0bd5d, destroy=false, surface=Surface(name=df777b3 dev.meshx.mob/dev.meshx.mob.MainActivity)/@0x22bbb34
05-17 05:23:46.432  1200  1396 D InputTransport: Input channel destroyed: '88ea609', fd=866
05-17 05:23:46.432  1200  1396 W InputManager-JNI: Input channel object '88ea609 Splash Screen dev.meshx.mob (client)' was disposed without first being removed with the input manager!
05-17 05:23:46.432  1200  1396 D InputTransport: Input channel destroyed: '88ea609', fd=868
05-17 05:23:46.432  1200  1396 V WindowManager: Remove Window{88ea609 u0 Splash Screen dev.meshx.mob}: mSurfaceController=Surface(name=Splash Screen dev.meshx.mob$_1613)/@0x933b6f7 mAnimatingExit=false mRemoveOnExit=false mHasSurface=true surfaceShowing=false animating=false app-animation=false mWillReplaceWindow=false mDisplayFrozen=false callers=com.android.server.wm.WindowState.removeIfPossible:3219 com.android.server.wm.WindowManagerService.removeWindow:2293 com.android.server.wm.Session.remove:237 android.view.IWindowSession$Stub.onTransact:752 com.android.server.wm.Session.onTransact:189 android.os.Binder.execTransactInternal:1321 
05-17 05:23:46.432  1200  1396 I WindowManager: Destroying surface Surface(name=Splash Screen dev.meshx.mob$_1613)/@0x933b6f7 called by com.android.server.wm.WindowStateAnimator.destroySurface:955 com.android.server.wm.WindowStateAnimator.destroySurfaceLocked:537 com.android.server.wm.WindowState.removeImmediately:3139 com.android.server.wm.WindowState.removeIfPossible:3406 com.android.server.wm.WindowState.removeIfPossible:3219 com.android.server.wm.WindowManagerService.removeWindow:2293 com.android.server.wm.Session.remove:237 android.view.IWindowSession$Stub.onTransact:752 
05-17 05:23:46.434  1613  1737 D InputTransport: Input channel destroyed: '88ea609', fd=225
05-17 05:23:46.438   914   914 I Layer   : Layer [Splash Screen dev.meshx.mob$_1613#478] hidden!! flag(1)
05-17 05:23:46.438   914   914 I Layer   : id=477 removeFromCurrentState 88ea609 Splash Screen dev.meshx.mob#477 (94)
05-17 05:23:46.438   914   914 I Layer   : id=478 removeFromCurrentState Splash Screen dev.meshx.mob$_1613#478 (94)
05-17 05:23:46.438   914   914 I Layer   : id=483 removeFromCurrentState Surface(name=df777b3 dev.meshx.mob/dev.meshx.mob.MainActivity)/@0x22bbb34 - animation-leash of starting_reveal#483 (94)
05-17 05:23:46.438   914   914 I Layer   : id=478 removeFromCurrentState Splash Screen dev.meshx.mob$_1613#478 (94)
05-17 05:23:46.438   914   914 I SurfaceFlinger: id=477 Removed 88ea609 Splash Screen dev.meshx.mob#477 (94)
05-17 05:23:46.438   914   914 I SurfaceFlinger: id=478 Removed Splash Screen dev.meshx.mob$_1613#478 (94)
05-17 05:23:46.439   914   914 I Layer   : id=477 Destroyed 88ea609 Splash Screen dev.meshx.mob#477
05-17 05:23:46.441   914   914 I Layer   : id=478 Destroyed Splash Screen dev.meshx.mob$_1613#478
05-17 05:23:46.441  1613  1613 I ViewRootImpl@d792af5[NotificationShade]: performTraversals mFirst=false windowShouldResize=false viewVisibilityChanged=false mForceNextWindowRelayout=false params={(0,0)(fillxfill) gr=TOP CENTER_VERTICAL sim={adjust=resize} layoutInDisplayCutoutMode=always ty=NOTIFICATION_SHADE fmt=TRANSLUCENT
05-17 05:23:46.441  1613  1613 I ViewRootImpl@d792af5[NotificationShade]:   fl=81840048
05-17 05:23:46.441  1613  1613 I ViewRootImpl@d792af5[NotificationShade]:   pfl=1b000000
05-17 05:23:46.441  1613  1613 I ViewRootImpl@d792af5[NotificationShade]:   vsysui=2000
05-17 05:23:46.441  1613  1613 I ViewRootImpl@d792af5[NotificationShade]:   apr=LIGHT_STATUS_BARS
05-17 05:23:46.441  1613  1613 I ViewRootImpl@d792af5[NotificationShade]:   bhv=SHOW_TRANSIENT_BARS_BY_SWIPE
05-17 05:23:46.441  1613  1613 I ViewRootImpl@d792af5[NotificationShade]:  dimAmount=0.0 naviIconColor=0
05-17 05:23:46.441  1613  1613 I ViewRootImpl@d792af5[NotificationShade]:   sfl=40000}
05-17 05:23:46.441  1200  1396 V WindowManager: Relayout Window{339d9e9 u0 NotificationShade}: viewVisibility=4 req=1200x1920 d0
05-17 05:23:46.442   914   914 D SurfaceFlinger: Display 0 HWC layers:
05-17 05:23:46.442   914   914 D SurfaceFlinger:      DEVICE | 0x7890defcc0 | 0102 | RGBA_8888    |    0.0    0.0 1200.0 1920.0 |    0    0 1200 1920 | dev.meshx.mob/dev.meshx.mob.MainActivity$_29233#481
05-17 05:23:46.442   914   914 D SurfaceFlinger:      DEVICE | 0x7879328ac0 | 0100 | RGBA_8888    |    0.0    0.0 1200.0   48.0 |    0    0 1200   48 | StatusBar$_1613#79
05-17 05:23:46.442   914   914 D SurfaceFlinger:      DEVICE | 0x791ce8e780 | 0100 | RGBA_8888    |    0.0    0.0   67.0  311.0 | 1133  328 1200  639 | com.samsung.android.app.cocktailbars[...]service.CocktailBarService$_5662#421
05-17 05:23:46.442   914   914 D SurfaceFlinger: 
05-17 05:23:46.443  1200  1396 V WindowManager: Relayout hash=339d9e9, pid=1613, syncId=-1: mAttrs={(0,0)(fillxfill) gr=TOP CENTER_VERTICAL sim={adjust=resize} layoutInDisplayCutoutMode=always ty=NOTIFICATION_SHADE fmt=TRANSLUCENT
05-17 05:23:46.443  1200  1396 V WindowManager:   fl=81840048
05-17 05:23:46.443  1200  1396 V WindowManager:   pfl=1b000000
05-17 05:23:46.443  1200  1396 V WindowManager:   vsysui=2000
05-17 05:23:46.443  1200  1396 V WindowManager:   apr=LIGHT_STATUS_BARS
05-17 05:23:46.443  1200  1396 V WindowManager:   bhv=SHOW_TRANSIENT_BARS_BY_SWIPE
05-17 05:23:46.443  1200  1396 V WindowManager:  dimAmount=0.0 naviIconColor=0
05-17 05:23:46.443  1200  1396 V WindowManager:   sfl=40000}
05-17 05:23:46.444  1613  1613 I ViewRootImpl@d792af5[NotificationShade]: Relayout returned: old=(0,0,1200,1920) new=(0,0,1200,1920) req=(1200,1920)4 dur=2 res=0x0 s={false 0x0} ch=false seqId=1
05-17 05:23:46.529  1200  1896 D MdnieScenarioControlService:  packageName : dev.meshx.mob    className : dev.meshx.mob.MainActivity
05-17 05:23:46.529  1200  1896 V MdnieScenarioControlService: setUIMode from UI function(3)
05-17 05:23:46.540   864 29225 E HYPER-HAL: [HandlerSysfs.cpp]doResourceHandling(): Couldn't Open Sysfs - /sys/power/cstate_control
05-17 05:23:46.540   864 29225 I HYPER-HAL: [RequestManager.cpp]releaseLocked(): Released ID : 750950
05-17 05:23:46.558   864 29212 E HYPER-HAL: [HandlerSysfs.cpp]doResourceHandling(): Couldn't Open Sysfs - /sys/power/cstate_control
05-17 05:23:46.558   864 29212 I HYPER-HAL: [RequestManager.cpp]releaseLocked(): Released ID : 753405
05-17 05:23:46.630  1200  1896 V MdnieScenarioControlService: mAclOffEnabled : false mAclPreviewState : false mAclCompensationState : false
05-17 05:23:46.670   864 29277 E HYPER-HAL: [HandlerSysfs.cpp]doResourceHandling(): Couldn't Open Sysfs - /sys/power/cstate_control
05-17 05:23:46.670   864 29277 I HYPER-HAL: [RequestManager.cpp]releaseLocked(): Released ID : 739952
05-17 05:23:46.708  1200  1396 I AppOps  : updateUidProcState uid: 10211 procState: 3 capability:15
05-17 05:23:46.711  9359  9372 I FontLog : (REDACTED) Received query %s, URI %s
05-17 05:23:46.712  9359  9372 I FontLog : (REDACTED) Query [%s] resolved to %s
05-17 05:23:46.713  9359  9372 I FontLog : (REDACTED) Fetch %s end status %s
05-17 05:23:46.716  9359  9372 I FontLog : (REDACTED) Pulling font file for id = %d, cache size = %d
05-17 05:23:46.739  9359  9372 I FontLog : (REDACTED) Pulling font file for id = %d, cache size = %d
05-17 05:23:46.780  1200  5525 D SGM:GameManager: identifyGamePackage. dev.meshx.mob, mCurrentUserId: 0, callerUserId: 0, callingMethodInfo: com.android.server.ssrm.SortingMachine.isGame(SortingMachine.java:162)
05-17 05:23:46.780  1200  5525 D SGM:PkgDataHelper: getGamePkgData(). dev.meshx.mob
05-17 05:23:46.782 22914 22914 I byee    : onStop
05-17 05:23:46.851   864 29231 E HYPER-HAL: [HandlerSysfs.cpp]doResourceHandling(): Couldn't Open Sysfs - /sys/power/cstate_control
05-17 05:23:46.852   864 29231 I HYPER-HAL: [RequestManager.cpp]releaseLocked(): Released ID : 738735
05-17 05:23:46.882  2413  2524 I QuickstepModelDelegate: Widget predictions updated
05-17 05:23:46.915 29233 29283 I MobNIF  : nif_load: entered, Bridge.cls=0x2ca6
05-17 05:23:46.915 29233 29283 I MobNIF  : nif_load: uiTree not found (optional)
05-17 05:23:46.915 29233 29283 I MobNIF  : nif_load: uiViewTree not found (optional)
05-17 05:23:46.915 29233 29283 I MobNIF  : nif_load: screenInfo not found (optional)
05-17 05:23:46.915 29233 29283 I MobNIF  : nif_load: tapXy not found (optional)
05-17 05:23:46.915 29233 29283 I MobNIF  : nif_load: tapByLabel not found (optional)
05-17 05:23:46.915 29233 29283 I MobNIF  : nif_load: typeText not found (optional)
05-17 05:23:46.915 29233 29283 I MobNIF  : nif_load: deleteBackward not found (optional)
05-17 05:23:46.915 29233 29283 I MobNIF  : nif_load: clearText not found (optional)
05-17 05:23:46.915 29233 29283 I MobNIF  : nif_load: longPressXy not found (optional)
05-17 05:23:46.916 29233 29283 I MobNIF  : nif_load: swipeXy not found (optional)
05-17 05:23:46.916 29233 29283 I MobNIF  : Mob NIF loaded (Compose backend)
05-17 05:23:46.916 29233 29283 I Elixir  : step 1 starting
05-17 05:23:46.953 29233 29283 I Elixir  : step 1 => ok
05-17 05:23:46.953 29233 29283 I Elixir  : step 2 starting
05-17 05:23:46.997 29233 29283 I Elixir  : step 2 => ok
05-17 05:23:46.997 29233 29283 I Elixir  : step 3 starting
05-17 05:23:47.077 29233 29283 I Elixir  : step 3 => ok
05-17 05:23:47.077 29233 29283 I Elixir  : step 4 starting
05-17 05:23:47.077 29233 29283 I Elixir  : step 4 => android
05-17 05:23:47.077 29233 29283 I Elixir  : step 5 starting
05-17 05:23:47.149 29233 29238 I dev.meshx.mob: Compiler allocated 6148KB to compile void android.view.ViewRootImpl.performTraversals()
05-17 05:23:47.185  1200  3617 D SemWifiUsabilityStatsMonitor: onWifiUsabilityStats - seqNum 3397, isSameBssidAndFreq true
05-17 05:23:47.186  1200  1507 I SemWifiLinkQualityMonitor: Link Qos Query: 0.069 ms / 115.852 Mbps (408 / 0.049 / 1.000)
05-17 05:23:47.259   864 29213 I HYPER-HAL: [RequestManager.cpp]releaseLocked(): Released ID : 4258834
05-17 05:23:47.342   864 29226 I HYPER-HAL: [RequestManager.cpp]releaseLocked(): Released ID : 4255915
05-17 05:23:47.351 29233 29283 I Elixir  : meshx_mobile_app: meshx_runtime started (11 apps)
05-17 05:23:47.361 29233 29269 I BEAMout : 05:23:47.351 [info] meshx_mobile_app: meshx_runtime started (11 apps)
05-17 05:23:47.364 29233 29283 I Elixir  : meshx_mobile_app: BLE.Observability started
05-17 05:23:47.365 29233 29269 I BEAMout : 05:23:47.364 [info] meshx_mobile_app: BLE.Observability started
05-17 05:23:47.368 29233 29283 I Elixir  : meshx_mobile_app: distribution up as meshx_mobile_app_android_dev@127.0.0.1
05-17 05:23:47.369 29233 29269 I BEAMout : 05:23:47.368 [info] meshx_mobile_app: distribution up as meshx_mobile_app_android_dev@127.0.0.1
05-17 05:23:47.372 29233 29283 I Elixir  : meshx_mobile_app: BLE self-test started
05-17 05:23:47.372 29233 29283 I Elixir  : BleSelfTest: starting scan + advertising as meshx-dev
05-17 05:23:47.380  1200  1403 D BluetoothManagerService: mDisableBleCallbacks count 11
05-17 05:23:47.380 29233 29283 I BluetoothAdapter: BluetoothAdapter() : dev.meshx.mob
05-17 05:23:47.383 29233 29283 I BluetoothAdapter: STATE_ON
05-17 05:23:47.383 29233 29283 I BluetoothAdapter: STATE_ON
05-17 05:23:47.383 29233 29283 I BluetoothAdapter: STATE_ON
05-17 05:23:47.384 29233 29283 I BluetoothAdapter: STATE_ON
05-17 05:23:47.386 29233 29283 D BluetoothLeScanner: Start Scan with callback
05-17 05:23:47.387  1928  3855 D BtGatt.ContextMap: add() - appUid: 10313, appPid: 29233, appName: dev.meshx.mob
05-17 05:23:47.387  1928  3855 I bt_stack: [INFO:le_scanning_manager.cc(167)] RegisterScanner in shim layer
05-17 05:23:47.387  1928  2050 D BtGatt.GattService: onScannerRegistered() - UUID=c3e4d02d-e7bf-4683-af6d-a7f27883f1d8, scannerId=2, status=0
05-17 05:23:47.388 29233 29246 D BluetoothLeScanner: onScannerRegistered() - status=0 scannerId=2 mScannerId=0
05-17 05:23:47.391  1928  3855 I BluetoothAdapter: STATE_ON
05-17 05:23:47.397  1928  3855 D ActivityAttributionService: notifyActivityAttributionInfo UID=1002 packageName=com.android.bluetooth deviceAddress=no_active_device_address
05-17 05:23:47.397  1928  2248 I BluetoothAdapter: STATE_ON
05-17 05:23:47.398  1928  2248 I BluetoothAdapter: STATE_ON
05-17 05:23:47.398  1928  2248 I BluetoothAdapter: STATE_ON
05-17 05:23:47.398  1928  2248 I bt_stack: [INFO:le_scanning_manager.cc(271)] ScanFilterEnable in shim layer
05-17 05:23:47.398  1928  2260 E BtGatt.GattService: [GSIM LOG]: gsimLogHandler, msg: MESSAGE_SCAN_START, appName: dev.meshx.mob, scannerId: 2, reportDelayMillis=0
05-17 05:23:47.398  1928  2248 D BtGatt.ScanManager: configureFilterParamter() : onFoundTimeout | onLostTimeout | onFoundCount | numOfTrackingEntries | scanFilterRssiThreshold | trackableScanFilterRssiThreshold | matchMode
05-17 05:23:47.398  1928  2248 D BtGatt.ScanManager: configureFilterParamter() : __________500__|________10000__|___________1__|___________________0__|___________________-128__|____________________________-128__|________1_
05-17 05:23:47.398  1928  2248 I bt_stack: [INFO:le_scanning_manager.cc(200)] ScanFilterParamSetup in shim layer
05-17 05:23:47.399  1928  2248 I bt_stack: [INFO:le_scanning_manager.cc(180)] Scan in shim layer stopped
05-17 05:23:47.399  1928  2282 W bt_stack: le_address_manager :: scan() - Unregister
05-17 05:23:47.399  1928  2282 W bt_stack: Stop LeSetExtendedScan
05-17 05:23:47.399  1928  2248 I bt_stack: [INFO:le_scanning_manager.cc(314)] SetScanParameters with scanning phys in shim layer: phy_cnt=1
05-17 05:23:47.399  1928  2248 I bt_stack: [INFO:le_scanning_manager.cc(320)] SetScanParameters: scan_type=1, scan_interval=6553, scan_window=6553
05-17 05:23:47.399  1928  2248 I bt_stack: [INFO:le_scanning_manager.cc(180)] Scan in shim layer started
05-17 05:23:47.399  1928  2282 W bt_stack: Start LeSetExtendedScan
05-17 05:23:47.400  1928  2282 W bt_stack: register_client :: client registered!!!
05-17 05:23:47.400 29233 29283 I BluetoothAdapter: STATE_ON
05-17 05:23:47.400 29233 29283 I BluetoothAdapter: BLE support array set: [true, true, true, true, true, true]
