--------- beginning of system
05-17 10:49:51.253  1200  2983 D ActivityManager: force stop from com.android.server.am.ActivityManagerService.forceStopPackage:4779 com.android.server.am.ActivityManagerShellCommand.runForceStop:1236 
05-17 10:49:51.253  1200  2983 I ActivityManager: Force stopping dev.mob.mob appid=10313 user=0: from pid 6931
05-17 10:49:51.257  1200  2983 W ProcessStats: Tracking association SourceState{926ca98 com.google.android.gms.ui/10211 Top #91154} whose proc state 1 is better than process ProcessState{31680a0 com.google.android.gms.persistent/10211 pkg=com.google.android.gms} proc state 2 (175 skipped)
05-17 10:49:51.270  1200  1248 W BroadcastQueue: Background execution not allowed: receiving Intent { act=android.intent.action.PACKAGE_RESTARTED dat=package: flg=0x10 (has extras) } to android/com.kddi.android.CpaNotiReceiver
--------- beginning of main
05-17 10:49:51.276  1567  1567 D CarrierSvcBindHelper: onHandleForceStop: [dev.mob.mob]
05-17 10:49:51.278  1567  1567 D CarrierSvcBindHelper: No carrier app for: 0
05-17 10:49:51.280  1567  1567 D CarrierSvcBindHelper: No carrier app for: 1
05-17 10:49:51.283  1948  1948 D RegisteredNfcFServicesCache: Service unchanged, not updating
05-17 10:49:51.324  1200  1266 W ProcessCpuTracker: Failed to stat(/proc/6929): android.system.ErrnoException: stat failed: ENOENT (No such file or directory)
05-17 10:49:51.325  1200  1266 W ProcessCpuTracker: Skipping unknown process pid 6929
05-17 10:49:51.325  1200  1266 W ProcessCpuTracker: Failed to stat(/proc/6931): android.system.ErrnoException: stat failed: ENOENT (No such file or directory)
05-17 10:49:51.325  1200  1266 W ProcessCpuTracker: Skipping unknown process pid 6931
05-17 10:49:51.396  1200  1248 I SemDvfsHyPerManager: acquire hyper - APP_LAUNCH/1200@25, type = -999
05-17 10:49:51.396   864   921 I HYPER-HAL: [RequestManager.cpp]acquire(): Acquired ID : 750950  [1200 / 25]    HINT : APP_LAUNCH    list : 
05-17 10:49:51.397   864   921 E HYPER-HAL: [HandlerSysfs.cpp]doResourceHandling(): Couldn't Open Sysfs - /sys/power/cstate_control
05-17 10:49:51.398  2905  2905 I SemDvfsHyPerManager: acquire hyper - APP_START_SHORT/2905@12, type = -999
05-17 10:49:51.399   864   921 I HYPER-HAL: [RequestManager.cpp]acquire(): Acquired ID : 4255915  [2905 / 12]    HINT : APP_START    list : [TIMEOUT / 1500] 
05-17 10:49:51.400  1200  1902 D ActivityTaskManager: startActivityAsUser: callingPid=6939, callingUid=2000, caller=com.android.server.wm.ActivityTaskManagerService.startActivityAsUser:1828 com.android.server.am.ActivityManagerService.startActivityAsUserWithFeature:3760 com.android.server.am.ActivityManagerShellCommand.runStartActivity:656 com.android.server.am.ActivityManagerShellCommand.onCommand:222 com.android.modules.utils.BasicShellCommandHandler.exec:97 android.os.ShellCommand.exec:38 com.android.server.am.ActivityManagerService.onShellCommand:11315 
05-17 10:49:51.400  1200  1240 I ChimeraSystemEventListener: appLaunchIntent package name is: dev.mob.mob
05-17 10:49:51.400  1200  1902 I ActivityTaskManager: START u0 {flg=0x10000000 cmp=dev.mob.mob/.MainActivity (has extras)} from uid 2000
05-17 10:49:51.403  1200  1902 D CompatibilityChangeReporter: Compat change id reported: 194480991; UID 10313; state: ENABLED
05-17 10:49:51.404  1200  1902 D ActivityTaskManager: TaskLaunchParamsModifier:task=null activity=ActivityRecord{fa35b3d u0 dev.mob.mob/.MainActivity} display-id=0 display-windowing-mode=1 suggested-display-area=DefaultTaskDisplayArea@8828587
05-17 10:49:51.404 29714 29714 D BoundBrokerSvc: onUnbind: Intent { act=com.google.android.gms.feedback.internal.IFeedbackService dat=chimera-action:/... cmp=com.google.android.gms/.chimera.GmsBoundBrokerService }
05-17 10:49:51.404  1200  1902 D [secipm]: mSecIpmManager Preload dev.mob.mob dex files
05-17 10:49:51.404  1200  1902 D ActivityTaskManager: TaskLaunchParamsModifier:task=null activity=ActivityRecord{fa35b3d u0 dev.mob.mob/.MainActivity} t-1} display-id=0 display-windowing-mode=1 suggested-display-area=DefaultTaskDisplayArea@8828587 non-freeform-display display-area=DefaultTaskDisplayArea@8828587 maximized-bounds
05-17 10:49:51.404  1200  2187 I SemDvfsHyPerManager: acquire hyper - AMS_APP_SWITCH/1200@26, type = -999
05-17 10:49:51.405  1200  2187 D ActivityManagerPerformance: AMP_acquire() APP_SWITCH
05-17 10:49:51.406   864   921 I HYPER-HAL: [RequestManager.cpp]acquire(): Acquired ID : 752177  [1200 / 26]    HINT : AMS_APP_SWITCH    list : 
05-17 10:49:51.406  2905  2905 I SemDvfsHyPerManager: acquire hyper - APP_START_SHORT/2905@12, type = -999
05-17 10:49:51.406   864   921 E HYPER-HAL: [HandlerSysfs.cpp]doResourceHandling(): Couldn't Open Sysfs - /sys/power/cstate_control
05-17 10:49:51.405   914  6826 I SurfaceFlinger: id=520 createSurf flag=24004, Task=422#520
05-17 10:49:51.406   864   921 I HYPER-HAL: [RequestManager.cpp]acquire(): Acquired ID : 4255915  [2905 / 12]    HINT : APP_START    list : [TIMEOUT / 1500] 
05-17 10:49:51.407  1200  2020 I ActivityManager: Changes in 10238 5 to 10, 8 to 0
05-17 10:49:51.408  1200  1902 D ActivityTaskManager: Top Process State changed to PROCESS_STATE_TOP_SLEEPING#2
05-17 10:49:51.408  1200  1902 D ActivityTaskManager: TaskLaunchParamsModifier:task=Task{c889f32 #422 type=standard A=10313:dev.mob.mob U=0 visible=false visibleRequested=false mode=fullscreen translucent=true sz=0} activity=ActivityRecord{fa35b3d u0 dev.mob.mob/.MainActivity} t-1} display-from-task=0 display-id=0 display-windowing-mode=1 suggested-display-area=DefaultTaskDisplayArea@8828587 non-freeform-display display-area=DefaultTaskDisplayArea@8828587 maximized-bounds
05-17 10:49:51.409  1200  1902 D CompatibilityChangeReporter: Compat change id reported: 174042980; UID 10313; state: DISABLED
05-17 10:49:51.409  1200  1902 D CompatibilityChangeReporter: Compat change id reported: 184838306; UID 10313; state: DISABLED
05-17 10:49:51.409  1200  1902 D CompatibilityChangeReporter: Compat change id reported: 185004937; UID 10313; state: DISABLED
05-17 10:49:51.409  1200  1902 D CompatibilityChangeReporter: Compat change id reported: 181136395; UID 10313; state: DISABLED
05-17 10:49:51.409  1200  1902 D CompatibilityChangeReporter: Compat change id reported: 174042936; UID 10313; state: DISABLED
05-17 10:49:51.409   914  6826 I SurfaceFlinger: id=521 createSurf flag=80004, ActivityRecord{fa35b3d u0 dev.mob.mob/.MainActivity} t422}#521
05-17 10:49:51.411  1200  1902 D ActivityTaskManager: Temporarily retain top process state for launching app
05-17 10:49:51.412  1200  1902 W WindowManager: Prepare app transition: mNextAppTransitionRequests=[TRANSIT_OPEN], mNextAppTransitionFlags=, displayId: 0 Callers=com.android.server.wm.DisplayContent.prepareAppTransition:6543 com.android.server.wm.DisplayContent.prepareAppTransition:6534 com.android.server.wm.Task.startActivityLocked:6851 com.android.server.wm.ActivityStarter.startActivityInner:3105 com.android.server.wm.ActivityStarter.startActivityUnchecked:2522 
05-17 10:49:51.412  1200  1902 V WindowManager: Checking theme of starting window: 0x7f120005
05-17 10:49:51.412  1200  1902 V WindowManager: Translucent=false Floating=false ShowWallpaper=false Disable=false
05-17 10:49:51.412  1200  1902 D CompatibilityChangeReporter: Compat change id reported: 205907456; UID 10313; state: ENABLED
05-17 10:49:51.412  1200  1902 V WindowManager: Creating SplashScreenStartingData
05-17 10:49:51.412  1200  1902 D ActivityTaskManager: Add starting com.android.server.wm.ActivityRecord$AddStartingWindow@94d7600: typeParam=139
05-17 10:49:51.412  1200  1902 V WindowManager: Add starting com.android.server.wm.ActivityRecord$AddStartingWindow@94d7600: startingData=com.android.server.wm.SplashScreenStartingData@3ef6e39
05-17 10:49:51.412  1200  1902 V WindowManager: Added starting ActivityRecord{fa35b3d u0 dev.mob.mob/.MainActivity} t422}: startingWindow=null startingView=com.android.server.wm.StartingSurfaceController$StartingSurface@99d7c7e
05-17 10:49:51.412  1200  1902 D MARsPolicyManager: onPackageResumedFG pkgName = dev.mob.mob, userId = 0
05-17 10:49:51.414  1200  1902 W WindowManager: Prepare app transition: mNextAppTransitionRequests=[TRANSIT_OPEN, TRANSIT_OPEN], mNextAppTransitionFlags=, displayId: 0 Callers=com.android.server.wm.DisplayContent.prepareAppTransition:6543 com.android.server.wm.TaskFragment.resumeTopActivity:1628 com.android.server.wm.TaskFragment.resumeTopActivity:1354 com.android.server.wm.Task.resumeTopActivityInnerLocked:6685 com.android.server.wm.Task.resumeTopActivityUncheckedLocked:6576 
05-17 10:49:51.416  1200  1902 I Pageboost: stop alp
05-17 10:49:51.416  1200  1902 I SemDvfsHyPerManager: acquire hyper - AMS_APP_LAUNCH/1200@15, type = -999
05-17 10:49:51.416  2548  2548 E pageboostd: Received HALT command code 2
05-17 10:49:51.416  2905  2905 I SemDvfsHyPerManager: acquire hyper - APP_START/2905@14, type = -999
05-17 10:49:51.417   864   921 I HYPER-HAL: [RequestManager.cpp]acquire(): Acquired ID : 738735  [1200 / 15]    HINT : AMS_APP_LAUNCH    list : 
05-17 10:49:51.417   864   921 E HYPER-HAL: [HandlerSysfs.cpp]doResourceHandling(): Couldn't Open Sysfs - /sys/power/cstate_control
05-17 10:49:51.417   864   921 I HYPER-HAL: [RequestManager.cpp]acquire(): Acquired ID : 4261754  [2905 / 14]    HINT : APP_START    list : 
05-17 10:49:51.419  2413  2413 I TopTaskTracker: onTaskMovedToFront : taskId = 422
05-17 10:49:51.420  1613  1737 I SurfaceSyncer@f20aebf: new SurfaceSyncer() = android.view.ViewRootImpl.<init>:1168 android.view.ViewRootImpl.<init>:1304 android.view.WindowManagerGlobal.addView:530 com.android.wm.shell.startingsurface.StartingSurfaceDrawer.addWindow:614 com.android.wm.shell.startingsurface.StartingSurfaceDrawer.addSplashScreenStartingWindow:386 
05-17 10:49:51.421  1200  1240 D CompatibilityChangeReporter: Compat change id reported: 135634846; UID 10313; state: DISABLED
05-17 10:49:51.421  1200  1240 D CompatibilityChangeReporter: Compat change id reported: 177438394; UID 10313; state: DISABLED
05-17 10:49:51.421  1200  1240 D CompatibilityChangeReporter: Compat change id reported: 135772972; UID 10313; state: DISABLED
05-17 10:49:51.421  1200  1240 D CompatibilityChangeReporter: Compat change id reported: 135754954; UID 10313; state: ENABLED
05-17 10:49:51.422  1200  1249 D CompatibilityChangeReporter: Compat change id reported: 143937733; UID 10313; state: ENABLED
05-17 10:49:51.422  1613  1749 D NativeCustomFrequencyManager: [NativeCFMS] BpCustomFrequencyManager::BpCustomFrequencyManager()
05-17 10:49:51.423  1200  2981 D InputTransport: Input channel constructed: '44fb4f5', fd=976
05-17 10:49:51.423  1200  2981 D InputTransport: Input channel constructed: '44fb4f5', fd=977
05-17 10:49:51.423  1200  2981 D InputTransport: Input channel constructed: '44fb4f5', fd=978
05-17 10:49:51.424   914  6826 I SurfaceFlinger: id=522 createSurf flag=80004, 44fb4f5 Splash Screen dev.mob.mob#522
05-17 10:49:51.424  1200  2981 V WindowManager: addWindow: ActivityRecord{fa35b3d u0 dev.mob.mob/.MainActivity} t422} startingWindow=Window{44fb4f5 u0 Splash Screen dev.mob.mob}
05-17 10:49:51.424  1200  2981 D InputTransport: Input channel destroyed: '44fb4f5', fd=978
05-17 10:49:51.426  1613  1737 D InsetsController: onStateChanged: InsetsState: {mDisplayFrame=Rect(0, 0 - 1200, 1920), mDisplayCutout=DisplayCutout{insets=Rect(0, 0 - 0, 0) waterfall=Insets{left=0, top=0, right=0, bottom=0} boundingRect={Bounds=[Rect(0, 0 - 0, 0), Rect(0, 0 - 0, 0), Rect(0, 0 - 0, 0), Rect(0, 0 - 0, 0)]} cutoutPathParserInfo={CutoutPathParserInfo{displayWidth=0 displayHeight=0 physicalDisplayWidth=0 physicalDisplayHeight=0 density={0.0} cutoutSpec={} rotation={0} scale={0.0} physicalPixelDisplaySizeRatio={0.0}}}}, mRoundedCorners=RoundedCorners{[RoundedCorner{position=TopLeft, radius=26, center=Point(26, 26)}, RoundedCorner{position=TopRight, radius=26, center=Point(1174, 26)}, RoundedCorner{position=BottomRight, radius=26, center=Point(1174, 1894)}, RoundedCorner{position=BottomLeft, radius=26, center=Point(26, 1894)}]}  mRoundedCornerFrame=Rect(0, 0 - 1200, 1920), mPrivacyIndicatorBounds=PrivacyIndicatorBounds {static bounds=Rect(1112, 0 - 1200, 48) rotation=0}, mSources= { InsetsSource: {mType=ITYPE_STATUS_BAR, mFrame=[0,0][1200,48], mVisible=true, mInsetsRoundedCornerFrame=false}, InsetsSource: {mType=ITYPE_TOP_MANDATORY_GESTURES, mFrame=[0,0][1200,48], mVisible=true, mInsetsRoundedCornerFrame=false}, InsetsSource: {mType=ITYPE_TOP_TAPPABLE_ELEMENT, mFrame=[0,0][1200,48], mVisible=true, mInsetsRoundedCornerFrame=false}, InsetsSource: {mType=ITYPE_IME, mFrame=[0,0][0,0], mVisible=false, mInsetsRoundedCornerFrame=false} } host=Splash Screen dev.mob.mob from=android.view.ViewRootImpl.setView:1739
05-17 10:49:51.427  1613  1737 I ViewRootImpl@8bb77db[mob]: setView = android.widget.FrameLayout@5c6be24 TM=true
05-17 10:49:51.427  1200  2981 D CoreBackPreview: Window{44fb4f5 u0 Splash Screen dev.mob.mob}: Setting back callback OnBackInvokedCallbackInfo{mCallback=android.window.IOnBackInvokedCallback$Stub$Proxy@872b0fb, mPriority=0}
05-17 10:49:51.429   837   837 D Zygote  : Forked child process 6950
05-17 10:49:51.431  1200  1249 I ActivityManager: Start proc 6950:dev.mob.mob/u0a313 for top-activity {dev.mob.mob/dev.mob.mob.MainActivity}
05-17 10:49:51.431  1200  1249 D DynamicHiddenApp_BGProtectManager: [SecIpm] it's a ML_TYPE_EMPTYPROCESS protected process dev.mob.mob
05-17 10:49:51.438  1613  1737 I ViewRootImpl@8bb77db[mob]: performTraversals params={(0,0)(fillxfill) sim={adjust=pan} ty=APPLICATION_STARTING fmt=TRANSLUCENT
05-17 10:49:51.438  1613  1737 I ViewRootImpl@8bb77db[mob]:   fl=81030118
05-17 10:49:51.438  1613  1737 I ViewRootImpl@8bb77db[mob]:   pfl=16000010
05-17 10:49:51.438  1613  1737 I ViewRootImpl@8bb77db[mob]:   bhv=DEFAULT
05-17 10:49:51.438  1613  1737 I ViewRootImpl@8bb77db[mob]:   fitSides= naviIconColor=0}
05-17 10:49:51.438  1613  1737 I ViewRootImpl@8bb77db[mob]: performTraversals mFirst=true windowShouldResize=true viewVisibilityChanged=false mForceNextWindowRelayout=false params={(0,0)(fillxfill) sim={adjust=pan} ty=APPLICATION_STARTING fmt=TRANSLUCENT
05-17 10:49:51.438  1613  1737 I ViewRootImpl@8bb77db[mob]:   fl=81030118
05-17 10:49:51.438  1613  1737 I ViewRootImpl@8bb77db[mob]:   pfl=16000010
05-17 10:49:51.438  1613  1737 I ViewRootImpl@8bb77db[mob]:   bhv=DEFAULT
05-17 10:49:51.438  1613  1737 I ViewRootImpl@8bb77db[mob]:   fitSides= naviIconColor=0}
05-17 10:49:51.439  1200  2981 V WindowManager: Relayout Window{44fb4f5 u0 Splash Screen dev.mob.mob}: viewVisibility=0 req=1200x1920 d0
05-17 10:49:51.439  1200  2981 D RestrictionPolicy: isScreenCaptureEnabled : ret=true userId=0
05-17 10:49:51.439   914  6826 I SurfaceFlinger: id=523 createSurf flag=40004, Splash Screen dev.mob.mob$_1613#523
05-17 10:49:51.440  1200  2981 D WindowManager: makeSurface duration=0 name=Splash Screen dev.mob.mob$_1613
05-17 10:49:51.442  1200  2981 V WindowManager: Relayout hash=44fb4f5, pid=1613, syncId=-1: mAttrs={(0,0)(fillxfill) sim={adjust=pan} ty=APPLICATION_STARTING fmt=TRANSLUCENT
05-17 10:49:51.442  1200  2981 V WindowManager:   fl=81030118
05-17 10:49:51.442  1200  2981 V WindowManager:   pfl=16000010
05-17 10:49:51.442  1200  2981 V WindowManager:   bhv=DEFAULT
05-17 10:49:51.442  1200  2981 V WindowManager:   fitSides= naviIconColor=0}
05-17 10:49:51.443  1613  1737 I ViewRootImpl@8bb77db[mob]: updateBlastSurfaceIfNeeded mBlastBufferQueue=null isSameSurfaceControl=false
05-17 10:49:51.443  1613  1737 I BLASTBufferQueue: new BLASTBufferQueue, mName= ViewRootImpl@8bb77db[mob] mNativeObject= 0x6ec2bfe200 sc.mNativeObject= 0x6ef33d9320 caller= android.view.ViewRootImpl.updateBlastSurfaceIfNeeded:2939 android.view.ViewRootImpl.relayoutWindow:9990 android.view.ViewRootImpl.performTraversals:3919 android.view.ViewRootImpl.doTraversal:3151 android.view.ViewRootImpl$TraversalRunnable.run:11068 android.view.Choreographer$CallbackRecord.run:1321 android.view.Choreographer$CallbackRecord.run:1329 android.view.Choreographer.doCallbacks:930 android.view.Choreographer.doFrame:859 android.view.Choreographer$FrameDisplayEventReceiver.run:1303 
05-17 10:49:51.444  1613  1737 I BLASTBufferQueue: update, w= 1200 h= 1920 mName = ViewRootImpl@8bb77db[mob] mNativeObject= 0x6ec2bfe200 sc.mNativeObject= 0x6ef33d9320 format= -3 caller= android.graphics.BLASTBufferQueue.<init>:84 android.view.ViewRootImpl.updateBlastSurfaceIfNeeded:2939 android.view.ViewRootImpl.relayoutWindow:9990 android.view.ViewRootImpl.performTraversals:3919 android.view.ViewRootImpl.doTraversal:3151 android.view.ViewRootImpl$TraversalRunnable.run:11068 
05-17 10:49:51.444  1613  1737 I ViewRootImpl@8bb77db[mob]: Relayout returned: old=(0,0,1200,1920) new=(0,0,1200,1920) req=(1200,1920)0 dur=5 res=0x3 s={true 0x6edbccd000} ch=true seqId=0
05-17 10:49:51.444  1613  1737 I ViewRootImpl@8bb77db[mob]: mThreadedRenderer.initialize() mSurface={isValid=true 0x6edbccd000} hwInitialized=true
05-17 10:49:51.444  1613  1749 D OpenGLRenderer: eglCreateWindowSurface
05-17 10:49:51.445  1613  1737 I ViewRootImpl@8bb77db[mob]: reportNextDraw android.view.ViewRootImpl.performTraversals:4473 android.view.ViewRootImpl.doTraversal:3151 android.view.ViewRootImpl$TraversalRunnable.run:11068 android.view.Choreographer$CallbackRecord.run:1321 android.view.Choreographer$CallbackRecord.run:1329 
05-17 10:49:51.445  1613  1737 I ViewRootImpl@8bb77db[mob]: Setup new sync id=0
05-17 10:49:51.445  1613  1737 I ViewRootImpl@8bb77db[mob]: Setting syncFrameCallback
05-17 10:49:51.445  1613  1737 I ViewRootImpl@8bb77db[mob]: registerCallbacksForSync syncBuffer=false
05-17 10:49:51.446  1613  1854 I ViewRootImpl@8bb77db[mob]: Received frameDrawingCallback syncResult=0 frameNum=1.
05-17 10:49:51.446  1613  1854 I ViewRootImpl@8bb77db[mob]: Setting up sync and frameCommitCallback
05-17 10:49:51.448  6950  6950 I dev.mob.mob: Late-enabling -Xcheck:jni
05-17 10:49:51.450  1613  1749 I BLASTBufferQueue: [ViewRootImpl@8bb77db[mob]#34](f:0,a:0,s:0) onFrameAvailable the first frame is available
05-17 10:49:51.451  1613  1749 I ViewRootImpl@8bb77db[mob]: Received frameCommittedCallback lastAttemptedDrawFrameNum=1 didProduceBuffer=true
05-17 10:49:51.452  1613  1749 D OpenGLRenderer: CFMS:: SetUp Pid : 1613    Tid : 1749
05-17 10:49:51.454  1613  1737 I ViewRootImpl@8bb77db[mob]: onSyncComplete
05-17 10:49:51.455  1613  1737 I ViewRootImpl@8bb77db[mob]: setupSync seqId=0 mSyncId=0 fn=1 caller=android.view.ViewRootImpl$$ExternalSyntheticLambda11.accept:6 android.window.SurfaceSyncer.lambda$setupSync$1$android-window-SurfaceSyncer:168 android.window.SurfaceSyncer$$ExternalSyntheticLambda1.accept:8 android.window.SurfaceSyncer$SyncSet.checkIfSyncIsComplete:495 android.window.SurfaceSyncer$SyncSet.markSyncReady:454 android.window.SurfaceSyncer.markSyncReady:191 android.view.ViewRootImpl.performTraversals:4538 
05-17 10:49:51.455  1613  1737 I ViewRootImpl@8bb77db[mob]: reportDrawFinished seqId=0 mSyncId=-1 fn=1 mSurfaceChangedTransaction=0x6f0393c600
05-17 10:49:51.456  1200  2981 D WindowManager: finishDrawingWindow: Window{44fb4f5 u0 Splash Screen dev.mob.mob} mDrawState=DRAW_PENDING seqId=0
05-17 10:49:51.456  1200  2981 V WindowManager: Finishing drawing window Window{44fb4f5 u0 Splash Screen dev.mob.mob}: mDrawState=DRAW_PENDING
05-17 10:49:51.456  1200  2981 V WindowManager: Draw state now committed in Window{44fb4f5 u0 Splash Screen dev.mob.mob}
05-17 10:49:51.481  6950  6950 I dev.mob.mob: Using CollectorTypeCC GC.
05-17 10:49:51.486  2598  2604 I adbd    : jdwp connection from 6950
05-17 10:49:51.501  6950  6950 D nativeloader: Load libframework-connectivity-tiramisu-jni.so using APEX ns com_android_tethering for caller /apex/com.android.tethering/javalib/framework-connectivity-t.jar: ok
05-17 10:49:51.505  6950  6950 D ActivityThread: setConscryptValidator
05-17 10:49:51.505  6950  6950 D ActivityThread: setConscryptValidator - put
05-17 10:49:51.509  1200  2981 I ActivityManager: DSS OFF for dev.mob.mob
05-17 10:49:51.512  1200  2981 I DexController: getTaskHasActivityIsWaitingToRun: r=ActivityRecord{fa35b3d u0 dev.mob.mob/.MainActivity} t422}, app=ProcessRecord{b7095df 6950:dev.mob.mob/u0a313}
05-17 10:49:51.512  1200  2981 V WindowManager: rotationForOrientation(orient=SCREEN_ORIENTATION_USER (2), last=ROTATION_0 (0)); user=ROTATION_0 (0) 
05-17 10:49:51.513  1200  2981 D WindowManager: rotationForOrientation, orientationSource=Window{339d9e9 u0 NotificationShade}
05-17 10:49:51.515  1200  2981 V WindowManager: Computed rotation=ROTATION_0 (0) for display id=0 based on lastOrientation=SCREEN_ORIENTATION_USER (2) and oldRotation=ROTATION_0 (0), caller=com.android.server.wm.DisplayRotation.updateOrientation:432 com.android.server.wm.DisplayContent.updateOrientation:2003 com.android.server.wm.DisplayContent.updateOrientation:1903 com.android.server.wm.RootWindowContainer.ensureVisibilityAndConfig:2161 com.android.server.wm.ActivityTaskSupervisor.realStartActivityLocked:919 com.android.server.wm.RootWindowContainer$AttachApplicationHelper.test:4390 
05-17 10:49:51.516  1200  2981 D DisplayManager.PersistentDataStore: saveToXml remembered active display fit status value:false
05-17 10:49:51.519  1200  2981 D TspStateManager: updateCustomValue customSetting=
05-17 10:49:51.520  1200  2981 D TspStateManager: updateCustomValue customSetting=
05-17 10:49:51.520  1200  2981 D SGM:PkgDataHelper: notifyAppCreate(), pkgName: dev.mob.mob, userId: 0, sendRet: true
05-17 10:49:51.520  1200  1419 D SGM:FgCheckThread: onLooperPrepared(), msg: MSG_APP_CREATE, pkgName: dev.mob.mob, userId: 0
05-17 10:49:51.521  1200  2981 D MARsPolicyManager: onPackageResumedFG pkgName = dev.mob.mob, userId = 0
05-17 10:49:51.521  1200  2981 D ActivityTaskManager: scheduleTopResumedActivityChanged, onTop=true r=ActivityRecord{fa35b3d u0 dev.mob.mob/.MainActivity} t422} caller=com.android.server.wm.ActivityTaskSupervisor.scheduleTopResumedActivityStateIfNeeded:2591 com.android.server.wm.ActivityTaskSupervisor.updateTopResumedActivityIfNeeded:2583 com.android.server.wm.TaskFragment.setResumedActivity:508 com.android.server.wm.TaskFragment.onActivityStateChanged:820 com.android.server.wm.ActivityRecord.setState:6665 com.android.server.wm.Task.minimalResumeActivityLocked:6379 
05-17 10:49:51.522  1200  2981 D InputDispatcher: Focused application(0): ActivityRecord{fa35b3d u0 dev.mob.mob/.MainActivity} t422}
05-17 10:49:51.522  1200  2981 D SGM:FgCheckThread: TaskStackListener.onTaskFocusChanged(), taskId=421, focused=false
05-17 10:49:51.522  1200  2981 D SGM:FgCheckThread: TaskStackListener.onTaskFocusChanged(), taskId=422, focused=true
05-17 10:49:51.522  1200  2981 D SGM:FgCheckThread:   sendRunningComponentFocus(), pkgName: dev.mob.mob, userId: 0
05-17 10:49:51.522  1200  1419 D SGM:FgCheckThread: onLooperPrepared(), msg: MSG_TASK_FOCUSED, pkgName: dev.mob.mob, userId: 0
05-17 10:49:51.522  1200  1419 D SGM:FgCheckThread: handleTaskFocused().
05-17 10:49:51.522  1200  1419 D SGM:FgCheckThread:   handleTaskFocused(), pkgName: dev.mob.mob, userID:0
05-17 10:49:51.522  1200  1419 D SGM:FgCheckThread: handleResume().
05-17 10:49:51.522  1200  1419 D SGM:SystemHelper: callReleaseBlock needReleaseBlock:false
05-17 10:49:51.522  1200  1419 D SGM:FgCheckThread:   handleResume(). device is locked yet. ignore
05-17 10:49:51.524  1200  2981 W WindowManager: Execute app transition: mNextAppTransitionRequests=[TRANSIT_OPEN, TRANSIT_OPEN], mNextAppTransitionFlags=, displayId: 0 Callers=com.android.server.wm.RootWindowContainer.executeAppTransitionForAllDisplay:2658 com.android.server.wm.ActivityTaskSupervisor.reportResumedActivityLocked:2343 com.android.server.wm.ActivityRecord.completeResumeLocked:7264 com.android.server.wm.Task.minimalResumeActivityLocked:6380 com.android.server.wm.ActivityTaskSupervisor.realStartActivityLocked:1151 
05-17 10:49:51.524  1200  2981 D ActivityTaskManager: scheduleTopResumedActivityChanged, onTop=false r=ActivityRecord{fa35b3d u0 dev.mob.mob/.MainActivity} t422} caller=com.android.server.wm.ActivityTaskSupervisor.updateTopResumedActivityIfNeeded:2566 com.android.server.wm.TaskFragment.setResumedActivity:508 com.android.server.wm.TaskFragment.onActivityStateChanged:805 com.android.server.wm.ActivityRecord.setState:6665 com.android.server.wm.TaskFragment.startPausing:1950 com.android.server.wm.TaskFragment.startPausing:1887 
05-17 10:49:51.525  1200  1462 D AS.MultiSoundManager: mForegroundUid = 10313
05-17 10:49:51.525  1200  1240 I ActivityManager: Changes in 10313 20 to 2, 0 to 15
05-17 10:49:51.525  1200  1240 I AppOps  : updateUidProcState uid: 10313 procState: 2 capability:15
05-17 10:49:51.525  1200  1240 I AppOps  : commitUidPendingStateLocked() :: UID - 10313, 700 > 200, 0 > 15
05-17 10:49:51.525  1200  1240 I ActivityManager: updateOomAdj start time is before than pendingPid added, don't delete it
05-17 10:49:51.527  2496  2542 I RequestManager_FLP: onOpChanged, op=0 / packageName=dev.mob.mob
05-17 10:49:51.529  1200  1257 D BatteryExternalStatsWorker: update stats : get-stats (63)
05-17 10:49:51.529  6950  6950 D CompatibilityChangeReporter: Compat change id reported: 171979766; UID 10313; state: ENABLED
05-17 10:49:51.530  1200  1240 I GameSDK@LifeCycle: noteResumeComponent(): package name  : dev.mob.mob
05-17 10:49:51.532  1200  1433 V NetworkPolicy: getFirewallRuleWifi UID:10313 policy:0
05-17 10:49:51.533  1200  1240 D SGM:GameManager: identifyGamePackage. dev.mob.mob, mCurrentUserId: 0, callerUserId: 0, callingMethodInfo: com.samsung.android.game.SemGameManager.isGamePackage(SemGameManager.java:104)
05-17 10:49:51.533  1200  1240 D SGM:PkgDataHelper: getGamePkgData(). dev.mob.mob
05-17 10:49:51.533  1200  1240 D SGM:SemGameManager: isGamePackage(), pkgName=dev.mob.mob, ret=false
05-17 10:49:51.534  1200  1240 D SGM:FgCheckThread: noteResumeComponent(), received pkgName: dev.mob.mob, userId: 0
05-17 10:49:51.534  1200  1419 D SGM:FgCheckThread: onLooperPrepared(), msg: MSG_APP_RESUME, pkgName: dev.mob.mob, userid: 0
05-17 10:49:51.534  1200  1419 D SGM:FgCheckThread: handleResume().
05-17 10:49:51.534  1200  1419 D SGM:SystemHelper: callReleaseBlock needReleaseBlock:false
05-17 10:49:51.534  1200  1419 D SGM:FgCheckThread:   handleResume(). device is locked yet. ignore
05-17 10:49:51.534  1200  1484 I CocktailBarManagerServiceContainer: handleMessage: entry what = 5
05-17 10:49:51.536  5662  5662 I ActivityUtils: HomePackage : com.sec.android.app.launcher, resumePackageName : dev.mob.mob
05-17 10:49:51.538  1200  1546 D NetdEventListenerService: DNS Requested by : 100, 1000
05-17 10:49:51.540  1200  1240 D SGM:GameManager: identifyGamePackage. dev.mob.mob, mCurrentUserId: 0, callerUserId: 0, callingMethodInfo: com.android.server.ssrm.SortingMachine.isGame(SortingMachine.java:162)
05-17 10:49:51.540  1200  1240 D SGM:PkgDataHelper: getGamePkgData(). dev.mob.mob
05-17 10:49:51.541  1200  1240 I ActivityManager: updateOomAdj start time is before than pendingPid added, don't delete it
05-17 10:49:51.547  1200  1238 D SGM:GameManager: identifyGamePackage. com.google.android.gsf, mCurrentUserId: 0, callerUserId: 0, callingMethodInfo: com.android.server.chimera.ICollectionCache$GameAppsCache.update(ChimeraDataCache.java:178)
05-17 10:49:51.547  1200  1238 D SGM:PkgDataHelper: getGamePkgData(). com.google.android.gsf
05-17 10:49:51.561  1200  1257 D BatteryExternalStatsWorker: Fetch WiFi data
05-17 10:49:51.561  1200  1257 D BatteryExternalStatsWorker: Update Rail Energy data
05-17 10:49:51.562  1200  1257 D BatteryExternalStatsWorker: Fetch Bluetooth data
05-17 10:49:51.562  1200  1257 D BatteryExternalStatsWorker: Fetch modem data
05-17 10:49:51.572  1200  1902 D TelephonyManager: requestModemActivityInfo: Sending result to app: ModemActivityInfo{ mTimestamp=203863633 mSleepTimeMs=194873971 mIdleTimeMs=2605473 mActivityStatsTechSpecificInfo=[{mRat=UNKNOWN,mFrequencyRange=UNKNOWN,mTxTimeMs[]=[0, 0, 0, 0, 0],mRxTimeMs=6374203}]}
05-17 10:49:51.623  1200  1257 D BatteryExternalStatsWorker: Update CPU state
05-17 10:49:51.624  1200  1257 I KernelWakelockReader: readKernelWakelockStats(false)
05-17 10:49:51.625   615  1187 W android.system.suspend@1.0-service: getWakeLockStats +
05-17 10:49:51.625   615  1187 I android.system.suspend@1.0-service: name: PowerManagerService.Display, isActive: 1, LC: 203439198, AC: 41, AT: 6281976, TT: 17132647
05-17 10:49:51.625   615  1187 I android.system.suspend@1.0-service: name: PowerManager.SuspendLockout, isActive: 1, LC: 203439198, AC: 41, AT: 6281976, TT: 17132686
05-17 10:49:51.625   615  1187 W android.system.suspend@1.0-service: getWakeLockStats -
05-17 10:49:51.625  1200  1257 D KernelWakelockReader: name=PowerManagerService.WakeLocks	 isActive=false	 lastChange=203439146	 activeCount=4824	 activeTime=0	 totalTime=3945520	 version=246	 time_delta=437000
05-17 10:49:51.625  1200  1257 D KernelWakelockReader: name=PowerManagerService.Broadcasts	 isActive=false	 lastChange=197157794	 activeCount=40	 activeTime=0	 totalTime=19206	 version=246	 time_delta=0
05-17 10:49:51.625  1200  1257 D KernelWakelockReader: name=PowerManagerService.Display	 isActive=true	 lastChange=203439198	 activeCount=41	 activeTime=6281976	 totalTime=17132647	 version=246	 time_delta=38699000
05-17 10:49:51.625  1200  1257 D KernelWakelockReader: name=PowerManager.SuspendLockout	 isActive=true	 lastChange=203439198	 activeCount=41	 activeTime=6281976	 totalTime=17132686	 version=246	 time_delta=38699000
05-17 10:49:51.625  1200  1257 D KernelWakelockReader: name=PowerManagerService.Booting	 isActive=false	 lastChange=23130	 activeCount=1	 activeTime=0	 totalTime=8817	 version=246	 time_delta=0
05-17 10:49:51.626  1200  1257 I BatteryStatsImpl: updateKernelWakelocksLocked:: name=PowerManager.SuspendLockout / totalTime=17132686000 / mCount=41 / version=246
05-17 10:49:51.626  1200  1257 I BatteryStatsImpl: updateKernelWakelocksLocked:: name=PowerManagerService.Display / totalTime=17132647000 / mCount=41 / version=246
05-17 10:49:51.626  1200  1257 I BatteryStatsImpl: updateKernelWakelocksLocked:: name=PowerManagerService.WakeLocks / totalTime=3945520000 / mCount=4824 / version=246
05-17 10:49:51.626  1200  1257 I BatteryStatsImpl: updateKernelWakelocksLocked:: name=PowerManagerService.Broadcasts / totalTime=19206000 / mCount=40 / version=246
05-17 10:49:51.626  1200  1257 I BatteryStatsImpl: updateKernelWakelocksLocked:: name=PowerManagerService.Booting / totalTime=8817000 / mCount=1 / version=246
05-17 10:49:51.626  1200  1257 D BatteryExternalStatsWorker: Update Kernel wakelock & memory state
05-17 10:49:51.626  1200  1257 D BatteryExternalStatsWorker: Update RPM state
05-17 10:49:51.626  1200  1257 D BatteryExternalStatsWorker: Update bluetooth state
05-17 10:49:51.626  1200  1257 D BatteryExternalStatsWorker: mStats lock released
05-17 10:49:51.653  1200  1257 D BatteryExternalStatsWorker: Update wifi state
05-17 10:49:51.675  1200  1518 W SemWifiTransportLayerUtils: getApplicationCategory - IOException dev.mob.mob
05-17 10:49:51.675  1200  1518 W System.err: java.io.FileNotFoundException: https://play.google.com/store/apps/details?id=dev.mob.mob&hl=en
05-17 10:49:51.675  1200  1518 W System.err: 	at com.android.okhttp.internal.huc.HttpURLConnectionImpl.getInputStream(HttpURLConnectionImpl.java:255)
05-17 10:49:51.675  1200  1518 W System.err: 	at com.android.okhttp.internal.huc.DelegatingHttpsURLConnection.getInputStream(DelegatingHttpsURLConnection.java:211)
05-17 10:49:51.675  1200  1518 W System.err: 	at com.android.okhttp.internal.huc.HttpsURLConnectionImpl.getInputStream(HttpsURLConnectionImpl.java:30)
05-17 10:49:51.675  1200  1518 W System.err: 	at com.samsung.android.server.wifi.tcp.SemWifiTransportLayerUtils.getApplicationCategory(SemWifiTransportLayerUtils.java:104)
05-17 10:49:51.675  1200  1518 W System.err: 	at com.samsung.android.server.wifi.tcp.SemWifiTransportLayerMonitor$TcpMonitorHandler.handleMessage(SemWifiTransportLayerMonitor.java:244)
05-17 10:49:51.675  1200  1518 W System.err: 	at android.os.Handler.dispatchMessage(Handler.java:106)
05-17 10:49:51.675  1200  1518 W System.err: 	at android.os.Looper.loopOnce(Looper.java:226)
05-17 10:49:51.675  1200  1518 W System.err: 	at android.os.Looper.loop(Looper.java:313)
05-17 10:49:51.675  1200  1518 W System.err: 	at android.os.HandlerThread.run(HandlerThread.java:67)
05-17 10:49:51.675  1200  1518 D SemWifiTransportLayerMonitor.TcpMonitorHandler: MSG_SAVE_PACKAGE_INFO
05-17 10:49:51.675  1200  1518 D SemWifiTransportLayerFileManager: saveWifiPackageInfoToFile
05-17 10:49:51.675  1200  1518 D SemWifiTransportLayerFileManager: writeWifiPackageInfoList
05-17 10:49:51.680  1200  1896 D MdnieScenarioControlService:  packageName : dev.mob.mob    className : dev.mob.mob.MainActivity
05-17 10:49:51.680  1200  1896 V MdnieScenarioControlService: setUIMode from UI function(3)
05-17 10:49:51.680  1200  1257 D BatteryExternalStatsWorker: Update modem state
05-17 10:49:51.680  1200  1257 D BatteryExternalStatsWorker: done updateExternalStatsLocked
05-17 10:49:51.709  1200  1261 E MARsVersionManager: Package name: com.sec.android.app.shealth cannot be found.android.content.pm.PackageManager$NameNotFoundException: com.sec.android.app.shealth
05-17 10:49:51.712  1200  1261 E MARsVersionManager: Package name: com.sec.android.app.shealth cannot be found.android.content.pm.PackageManager$NameNotFoundException: com.sec.android.app.shealth
05-17 10:49:51.713  1200  1261 E MARsVersionManager: Package name: com.sec.android.app.shealth cannot be found.android.content.pm.PackageManager$NameNotFoundException: com.sec.android.app.shealth
05-17 10:49:51.713  1200  1261 E MARsVersionManager: Package name: com.sec.android.app.shealth cannot be found.android.content.pm.PackageManager$NameNotFoundException: com.sec.android.app.shealth
05-17 10:49:51.713  1200  1261 E MARsVersionManager: Package name: com.sec.android.app.shealth cannot be found.android.content.pm.PackageManager$NameNotFoundException: com.sec.android.app.shealth
05-17 10:49:51.714  1200  1261 E MARsVersionManager: Package name: com.sec.android.app.shealth cannot be found.android.content.pm.PackageManager$NameNotFoundException: com.sec.android.app.shealth
05-17 10:49:51.714  1200  1261 E MARsVersionManager: Package name: com.sec.android.app.shealth cannot be found.android.content.pm.PackageManager$NameNotFoundException: com.sec.android.app.shealth
05-17 10:49:51.714  1200  1261 E MARsVersionManager: Package name: com.sec.android.app.shealth cannot be found.android.content.pm.PackageManager$NameNotFoundException: com.sec.android.app.shealth
05-17 10:49:51.714  1200  1261 E MARsVersionManager: Package name: com.sec.android.app.shealth cannot be found.android.content.pm.PackageManager$NameNotFoundException: com.sec.android.app.shealth
05-17 10:49:51.780  1200  1896 V MdnieScenarioControlService: mAclOffEnabled : false mAclPreviewState : false mAclCompensationState : false
05-17 10:49:51.792  1200  3617 D SemWifiUsabilityStatsMonitor: onWifiUsabilityStats - seqNum 5493, isSameBssidAndFreq true
05-17 10:49:51.793  1200  1507 I SemWifiLinkQualityMonitor: Link Qos Query: 0.127 ms / 62.751 Mbps (432 / 0.058 / 1.667)
05-17 10:49:51.793  1613  1613 D NetworkController.WifiSignalController: notifyListener: visible=true, connected=true, inetCondition=1, isDefault=true, wifiTestReported=true, receivedInetCondition=-1, hideDuringMobileSwitching=false
05-17 10:49:51.857  6950  6950 D nativeloader: Configuring clns-4 for other apk /data/app/~~lutGmUXpKKttmyLXHus8Vw==/dev.mob.mob-F7zIiUYOYVVyQzwNaD0vFg==/base.apk. target_sdk_version=34, uses_libraries=, library_path=/data/app/~~lutGmUXpKKttmyLXHus8Vw==/dev.mob.mob-F7zIiUYOYVVyQzwNaD0vFg==/lib/arm64:/data/app/~~lutGmUXpKKttmyLXHus8Vw==/dev.mob.mob-F7zIiUYOYVVyQzwNaD0vFg==/base.apk!/lib/arm64-v8a, permitted_path=/data:/mnt/expand:/data/user/0/dev.mob.mob
05-17 10:49:51.867  6950  6950 D nativeloader: Load libframework-connectivity-jni.so using APEX ns com_android_tethering for caller /apex/com.android.tethering/javalib/framework-connectivity.jar: ok
05-17 10:49:51.872  6950  6950 V GraphicsEnvironment: ANGLE Developer option for 'dev.mob.mob' set to: 'default'
05-17 10:49:51.872  6950  6950 V GraphicsEnvironment: ANGLE GameManagerService for dev.mob.mob: false
05-17 10:49:51.872  6950  6950 V GraphicsEnvironment: Neither updatable production driver nor prerelease driver is supported.
05-17 10:49:51.876  6950  6950 D NetworkSecurityConfig: Using Network Security Config from resource network_security_config debugBuild: true
05-17 10:49:51.914  6950  6950 D NetworkSecurityConfig: Using Network Security Config from resource network_security_config debugBuild: true
05-17 10:49:51.928  6950  6950 D CompatibilityChangeReporter: Compat change id reported: 183155436; UID 10313; state: ENABLED
05-17 10:49:51.946  6950  6950 I FirebaseApp: Device unlocked: initializing all Firebase APIs for app [DEFAULT]
05-17 10:49:51.962  6950  6950 I FirebaseInitProvider: FirebaseApp initialization successful
05-17 10:49:51.998  6950  6981 D OpenGLRenderer: RenderThread::requireGlContext()
05-17 10:49:52.011  6950  6950 D nativeloader: Load /data/app/~~lutGmUXpKKttmyLXHus8Vw==/dev.mob.mob-F7zIiUYOYVVyQzwNaD0vFg==/lib/arm64/libmob_node.so using class loader ns clns-4 (caller=/data/app/~~lutGmUXpKKttmyLXHus8Vw==/dev.mob.mob-F7zIiUYOYVVyQzwNaD0vFg==/base.apk!classes3.dex): ok
05-17 10:49:52.011  6950  6950 I MobNIF  : mob_ui_cache_class: looking up dev/mob/mob/MobBridge
05-17 10:49:52.014  6950  6981 D OpenGLRenderer: RenderThread::setGrContext()
05-17 10:49:52.025  1200  1240 W ActivityTaskManager: Activity top resumed state loss timeout for ActivityRecord{fa35b3d u0 dev.mob.mob/.MainActivity} t422}
05-17 10:49:52.025  1200  1240 W ActivityTaskManager: Activity pause timeout for ActivityRecord{fa35b3d u0 dev.mob.mob/.MainActivity} t422}
05-17 10:49:52.026  1200  1240 D SGM:FgCheckThread: notePauseComponent(), received pkgName: dev.mob.mob, userId: 0
05-17 10:49:52.026  1200  1484 I CocktailBarManagerServiceContainer: handleMessage: entry what = 6
05-17 10:49:52.032  6950  6950 I MobNIF  : mob_ui_cache_class: dev/mob/mob/MobBridge cached OK
05-17 10:49:52.034  6950  6950 I MobBleNif: mob_ble_cache_class: MobBleNative cached
05-17 10:49:52.047  1200  2981 I GenerationRegistry: mBackingStore.isClosed() : false
05-17 10:49:52.056  1200  2981 I GenerationRegistry: mBackingStore.isClosed() : false
05-17 10:49:52.064  6950  6950 I DecorView: [INFO] isPopOver=false config=true
05-17 10:49:52.064  6950  6950 I DecorView: updateCaptionType: isFloating=false isApplication=true hasWindowDecorCaption=false this=DecorView@d21ac7e[]
05-17 10:49:52.064  6950  6950 D DecorView: setCaptionType = 0, this = DecorView@d21ac7e[]
05-17 10:49:52.067  6950  6950 I DecorView: getCurrentDensityDpi: from real metrics. densityDpi=320 msg=resources_loaded
05-17 10:49:52.068  6950  6950 I DecorView: setWindowBackground: isPopOver=false color=ff000000 d=android.graphics.drawable.ColorDrawable@c2ba22c
05-17 10:49:52.093  1200  2981 D CompatibilityChangeReporter: Compat change id reported: 161145287; UID 10313; state: DISABLED
05-17 10:49:52.093  6950  6950 I MobBleNative: init: application context set
05-17 10:49:52.094  6950  6950 I MeshX   : registered BluetoothAdapter state receiver
05-17 10:49:52.094  6950  6950 I MeshX   : onCreate: MESHX_BLE_SELFTEST=1
05-17 10:49:52.097   864  6943 E HYPER-HAL: [HandlerSysfs.cpp]doResourceHandling(): Couldn't Open Sysfs - /sys/power/cstate_control
05-17 10:49:52.098   864  6943 I HYPER-HAL: [RequestManager.cpp]releaseLocked(): Released ID : 750950
05-17 10:49:52.108  6950  6950 I MeshX   : onCreate — handing off to BEAM
05-17 10:49:52.109  6950  6950 I MobBeam : mob_capture_beam_stdio: piping stdout/stderr to logcat (tag: BEAMout)
05-17 10:49:52.111  6950  6950 I MobNIF  : _mob_bridge_init_activity: MobBridge.init called
05-17 10:49:52.111  6950  6950 I MobBeam : mob_init_bridge: native lib dir = /data/app/~~lutGmUXpKKttmyLXHus8Vw==/dev.mob.mob-F7zIiUYOYVVyQzwNaD0vFg==/lib/arm64
05-17 10:49:52.111  6950  6950 I MobBeam : mob_init_bridge: files dir = /data/user/0/dev.mob.mob/files
05-17 10:49:52.112  6950  6991 I MobBeam : mob_start_beam: re-dlopened self RTLD_GLOBAL: /data/app/~~lutGmUXpKKttmyLXHus8Vw==/dev.mob.mob-F7zIiUYOYVVyQzwNaD0vFg==/lib/arm64/libmob_node.so
05-17 10:49:52.118  6950  6950 I MSHandlerLifeCycle: check: return. pkg=dev.mob.mob parent=null callers=com.android.internal.policy.DecorView.setVisibility:4487 android.app.ActivityThread.handleResumeActivity:5491 android.app.servertransaction.ResumeActivityItem.execute:54 android.app.servertransaction.ActivityTransactionItem.execute:45 android.app.servertransaction.TransactionExecutor.executeLifecycleState:176 
05-17 10:49:52.118  6950  6950 I MSHandlerLifeCycle: removeMultiSplitHandler: no exist. decor=DecorView@d21ac7e[]
05-17 10:49:52.123  6950  6950 I SurfaceSyncer@7dbacf4: new SurfaceSyncer() = android.view.ViewRootImpl.<init>:1168 android.view.ViewRootImpl.<init>:1304 android.view.WindowManagerGlobal.addView:530 android.view.WindowManagerImpl.addView:170 android.app.ActivityThread.handleResumeActivity:5512 
05-17 10:49:52.126  2413  2424 I RecentModel: onTaskStackChangedBackground
05-17 10:49:52.126  2905  2918 I SDHMS:l : onTaskStackChanged
05-17 10:49:52.128  6950  6981 D NativeCustomFrequencyManager: [NativeCFMS] BpCustomFrequencyManager::BpCustomFrequencyManager()
05-17 10:49:52.131  6950  6950 I DecorView: notifyKeepScreenOnChanged: keepScreenOn=false
05-17 10:49:52.132  1200  2981 D InputTransport: Input channel constructed: 'b20668d', fd=983
05-17 10:49:52.132  1200  2981 D InputTransport: Input channel constructed: 'b20668d', fd=984
05-17 10:49:52.132  1200  2981 D InputTransport: Input channel constructed: 'b20668d', fd=985
05-17 10:49:52.133   914  1114 I SurfaceFlinger: id=524 createSurf flag=80004, b20668d dev.mob.mob/dev.mob.mob.MainActivity#524
05-17 10:49:52.134  1200  2981 D RestrictionPolicy: isScreenCaptureEnabled : ret=true userId=0
05-17 10:49:52.134  1200  2981 D InputTransport: Input channel destroyed: 'b20668d', fd=985
05-17 10:49:52.136  6950  6950 D InsetsController: onStateChanged: InsetsState: {mDisplayFrame=Rect(0, 0 - 1200, 1920), mDisplayCutout=DisplayCutout{insets=Rect(0, 0 - 0, 0) waterfall=Insets{left=0, top=0, right=0, bottom=0} boundingRect={Bounds=[Rect(0, 0 - 0, 0), Rect(0, 0 - 0, 0), Rect(0, 0 - 0, 0), Rect(0, 0 - 0, 0)]} cutoutPathParserInfo={CutoutPathParserInfo{displayWidth=0 displayHeight=0 physicalDisplayWidth=0 physicalDisplayHeight=0 density={0.0} cutoutSpec={} rotation={0} scale={0.0} physicalPixelDisplaySizeRatio={0.0}}}}, mRoundedCorners=RoundedCorners{[RoundedCorner{position=TopLeft, radius=26, center=Point(26, 26)}, RoundedCorner{position=TopRight, radius=26, center=Point(1174, 26)}, RoundedCorner{position=BottomRight, radius=26, center=Point(1174, 1894)}, RoundedCorner{position=BottomLeft, radius=26, center=Point(26, 1894)}]}  mRoundedCornerFrame=Rect(0, 0 - 1200, 1920), mPrivacyIndicatorBounds=PrivacyIndicatorBounds {static bounds=Rect(1112, 0 - 1200, 48) rotation=0}, mSources= { InsetsSource: {mType=ITYPE_STATUS_BAR, mFrame=[0,0][1200,48], mVisible=true, mInsetsRoundedCornerFrame=false}, InsetsSource: {mType=ITYPE_TOP_MANDATORY_GESTURES, mFrame=[0,0][1200,48], mVisible=true, mInsetsRoundedCornerFrame=false}, InsetsSource: {mType=ITYPE_TOP_TAPPABLE_ELEMENT, mFrame=[0,0][1200,48], mVisible=true, mInsetsRoundedCornerFrame=false}, InsetsSource: {mType=ITYPE_IME, mFrame=[0,0][0,0], mVisible=false, mInsetsRoundedCornerFrame=false} } host=dev.mob.mob/dev.mob.mob.MainActivity from=android.view.ViewRootImpl.setView:1739
05-17 10:49:52.138  1200  2981 D CoreBackPreview: Window{b20668d u0 dev.mob.mob/dev.mob.mob.MainActivity}: Setting back callback OnBackInvokedCallbackInfo{mCallback=android.window.IOnBackInvokedCallback$Stub$Proxy@110f853, mPriority=0}
05-17 10:49:52.138  6950  6950 I ViewRootImpl@ff32c1d[MainActivity]: setView = com.android.internal.policy.DecorView@d21ac7e TM=true
05-17 10:49:52.142  6950  6950 D DecorView: isDeviceLocked = false
05-17 10:49:52.143  6950  6950 I MSHandlerLifeCycle: check: return. pkg=dev.mob.mob mode=fullscreen op=true locked=false callers=com.android.internal.policy.DecorView.setVisibility:4487 android.app.Activity.makeVisible:6819 android.app.ActivityThread.handleResumeActivity:5556 android.app.servertransaction.ResumeActivityItem.execute:54 android.app.servertransaction.ActivityTransactionItem.execute:45 
05-17 10:49:52.143  6950  6950 I MSHandlerLifeCycle: removeMultiSplitHandler: no exist. decor=DecorView@d21ac7e[MainActivity]
05-17 10:49:52.291  1200  2981 I GenerationRegistry: mBackingStore.isClosed() : false
05-17 10:49:52.355  6950  6950 W dev.mob.mob: Method boolean androidx.compose.runtime.snapshots.SnapshotStateList.conditionalUpdate(boolean, kotlin.jvm.functions.Function1) failed lock verification and will run slower.
05-17 10:49:52.355  6950  6950 W dev.mob.mob: Common causes for lock verification issues are non-optimized dex code
05-17 10:49:52.355  6950  6950 W dev.mob.mob: and incorrect proguard optimizations.
05-17 10:49:52.356  6950  6950 W dev.mob.mob: Method boolean androidx.compose.runtime.snapshots.SnapshotStateList.conditionalUpdate$default(androidx.compose.runtime.snapshots.SnapshotStateList, boolean, kotlin.jvm.functions.Function1, int, java.lang.Object) failed lock verification and will run slower.
05-17 10:49:52.356  6950  6950 W dev.mob.mob: Method java.lang.Object androidx.compose.runtime.snapshots.SnapshotStateList.mutate(kotlin.jvm.functions.Function1) failed lock verification and will run slower.
05-17 10:49:52.356  6950  6950 W dev.mob.mob: Method void androidx.compose.runtime.snapshots.SnapshotStateList.update(boolean, kotlin.jvm.functions.Function1) failed lock verification and will run slower.
05-17 10:49:52.356  6950  6950 W dev.mob.mob: Method void androidx.compose.runtime.snapshots.SnapshotStateList.update$default(androidx.compose.runtime.snapshots.SnapshotStateList, boolean, kotlin.jvm.functions.Function1, int, java.lang.Object) failed lock verification and will run slower.
05-17 10:49:52.407 26869 26939 I ContactsProvider_EventLog: cp_s: [CONTACT con(408) dat(2678) acc({google(2)=408, com.google.android.apps.tachyon(6)=41}) calls([]) Iso(US) uId(0) ]
05-17 10:49:52.407 26869 26939 I ContactsProvider_EventLog: cp_s: [ agr({[2 ,6]=41, [2]=367}) ]
05-17 10:49:52.407 26869 26939 I ContactsProvider_EventLog: cp_s: [ cnt({acore(26869)=1}) ]
05-17 10:49:52.407 26869 26939 I ContactsProvider_EventLog: cp_s: [PROFILE ] [SAPROFILE ]
05-17 10:49:52.407 26869 26939 I ContactsProvider_EventLog: cp_s: [STATE R(F) ]
05-17 10:49:52.409  6950  6950 I ViewRootImpl@ff32c1d[MainActivity]: performTraversals params={(0,0)(fillxfill) sim={adjust=resize forwardNavigation} ty=BASE_APPLICATION
05-17 10:49:52.409  6950  6950 I ViewRootImpl@ff32c1d[MainActivity]:   fl=1810100
05-17 10:49:52.409  6950  6950 I ViewRootImpl@ff32c1d[MainActivity]:   pfl=16020040
05-17 10:49:52.409  6950  6950 I ViewRootImpl@ff32c1d[MainActivity]:   vsysui=2010
05-17 10:49:52.409  6950  6950 I ViewRootImpl@ff32c1d[MainActivity]:   apr=LIGHT_STATUS_BARS LIGHT_NAVIGATION_BARS
05-17 10:49:52.409  6950  6950 I ViewRootImpl@ff32c1d[MainActivity]:   bhv=DEFAULT
05-17 10:49:52.409  6950  6950 I ViewRootImpl@ff32c1d[MainActivity]:   fitSides= naviIconColor=0
05-17 10:49:52.409  6950  6950 I ViewRootImpl@ff32c1d[MainActivity]:   sfl=100000}
05-17 10:49:52.411  1200  1240 I SemDvfsHyPerManager: acquire hyper - AMS_RESUME_TAIL/1200@16, type = -999
05-17 10:49:52.411  1200  1240 I SemDvfsHyPerManager: acquire hyper - AMS_ACT_LAZY/1200@17, type = -999
05-17 10:49:52.411  1200  1240 D ActivityManagerPerformance: AMP_acquire() TAIL
05-17 10:49:52.411  1200  1240 D ActivityManagerPerformance: AMP_release() APP_SWITCH
05-17 10:49:52.411   864   921 I HYPER-HAL: [RequestManager.cpp]acquire(): Acquired ID : 739952  [1200 / 16]    HINT : AMS_RESUME_TAIL    list : 
05-17 10:49:52.411  1200  1240 I ActivityManager: Changes in 10313 2 to 12, 15 to 0
05-17 10:49:52.412   864   921 E HYPER-HAL: [HandlerSysfs.cpp]doResourceHandling(): Couldn't Open Sysfs - /sys/power/cstate_control
05-17 10:49:52.412   864   921 E HYPER-HAL: [HandlerSysfs.cpp]doResourceHandling(): Couldn't Open Sysfs - /sys/power/cstate_control
05-17 10:49:52.412   864   921 I HYPER-HAL: [RequestManager.cpp]releaseLocked(): Released ID : 752177
05-17 10:49:52.417  1200  1252 W libprocessgroup: Failed to open /dev/blkio//cgroup.procs: No such file or directory
05-17 10:49:52.418   864  6946 E HYPER-HAL: [HandlerSysfs.cpp]doResourceHandling(): Couldn't Open Sysfs - /sys/power/cstate_control
05-17 10:49:52.418   864  6946 I HYPER-HAL: [RequestManager.cpp]releaseLocked(): Released ID : 738735
05-17 10:49:52.419 32141 32141 I Finsky  : [2] SCH: job service start with id 9111.
05-17 10:49:52.422  6950  6950 I ViewRootImpl@ff32c1d[MainActivity]: performTraversals mFirst=true windowShouldResize=true viewVisibilityChanged=false mForceNextWindowRelayout=false params={(0,0)(fillxfill) sim={adjust=resize forwardNavigation} ty=BASE_APPLICATION
05-17 10:49:52.422  6950  6950 I ViewRootImpl@ff32c1d[MainActivity]:   fl=1810100
05-17 10:49:52.422  6950  6950 I ViewRootImpl@ff32c1d[MainActivity]:   pfl=16020040
05-17 10:49:52.422  6950  6950 I ViewRootImpl@ff32c1d[MainActivity]:   vsysui=2010
05-17 10:49:52.422  6950  6950 I ViewRootImpl@ff32c1d[MainActivity]:   apr=LIGHT_STATUS_BARS LIGHT_NAVIGATION_BARS
05-17 10:49:52.422  6950  6950 I ViewRootImpl@ff32c1d[MainActivity]:   bhv=DEFAULT
05-17 10:49:52.422  6950  6950 I ViewRootImpl@ff32c1d[MainActivity]:   fitSides= naviIconColor=0
05-17 10:49:52.422  6950  6950 I ViewRootImpl@ff32c1d[MainActivity]:   sfl=100000}
