05-17 10:50:37.538  1928  2050 D BtGatt.GattService: onScanResult to scannerId: 2- eventType=0x1a, addressType=1, address=5F97EE_E, primaryPhy=1, secondaryPhy=0, advertisingSid=0xff, txPower=127, rssi=-44, periodicAdvInt=0x0
05-17 10:50:37.550  1928  2050 D BtGatt.GattService: onScanResult to scannerId: 2- eventType=0x10, addressType=0, address=BC455B_A, primaryPhy=1, secondaryPhy=0, advertisingSid=0xff, txPower=127, rssi=-73, periodicAdvInt=0x0
05-17 10:50:38.160  2905  2905 I SDHMS:LOAD: type: LoadsFreqs, value: 0:0:0:668720:962000:650000:668720:962000:650000:0:0:0
05-17 10:50:38.328  6950  7013 I Elixir  : BleSelfTest: HEARTBEAT events=269 devices=32 mob_peers=0 sent=5 distinct_msgs=5 beacon_callbacks=23 envelopes=0
05-17 10:50:38.330  6950  6990 I BEAMout : 10:50:38.328 [info] BleSelfTest: HEARTBEAT events=269 devices=32 mob_peers=0 sent=5 distinct_msgs=5 beacon_callbacks=23 envelopes=0
05-17 10:50:38.414  1200  3617 D SemWifiUsabilityStatsMonitor: onWifiUsabilityStats - seqNum 5508, isSameBssidAndFreq true
05-17 10:50:38.418  1200  1507 I SemWifiLinkQualityMonitor: Link Qos Query: 0.074 ms / 108.473 Mbps (432 / 0.055 / 1.000)
05-17 10:50:38.489  6950  6950 I BluetoothAdapter: STATE_ON
05-17 10:50:38.489  6950  6950 I BluetoothAdapter: STATE_ON
05-17 10:50:38.489  6950  6950 I BluetoothAdapter: STATE_ON
05-17 10:50:38.490  6950  6950 D BluetoothLeAdvertiser: Stop AdvertingSet
05-17 10:50:38.493  1928  2699 I bt_stack: [INFO:le_advertising_manager.cc(70)] Unregister in shim layer
05-17 10:50:38.494  1928  2282 W bt_stack: le_advertising_manager :: remove_advertiser - id : 2
05-17 10:50:38.494  1928  2260 E BtGatt.GattService: [GSIM LOG]: gsimLogHandler, msg: MESSAGE_ADV_SET_STOP, appName: dev.mob.mob, id: 2, isLegacy: true
05-17 10:50:38.497  6950  6950 D BluetoothLeAdvertiser: onAdvertisingSetStopped(2)
05-17 10:50:38.562  2905  3764 I SDHMS:D : SIOP:: AP:260 BAT:236 USB:238 CHG:273 PA:256 WIFI:262 BLK:253 SKIN:317 SKINF:317 SKINB:280 LRP:317 LRF:317 LRB:280 
05-17 10:50:39.263  1928  2050 D BtGatt.GattService: onScanResult to scannerId: 2- eventType=0x1b, addressType=1, address=5CA103_4, primaryPhy=1, secondaryPhy=0, advertisingSid=0xff, txPower=127, rssi=-80, periodicAdvInt=0x0
05-17 10:50:39.269  1928  2050 D BtGatt.GattService: onScanResult to scannerId: 2- eventType=0x1b, addressType=0, address=84E0F4_2, primaryPhy=1, secondaryPhy=0, advertisingSid=0xff, txPower=127, rssi=-79, periodicAdvInt=0x0
05-17 10:50:39.284  1928  2050 D BtGatt.GattService: onScanResult to scannerId: 2- eventType=0x1b, addressType=1, address=5C2647_5, primaryPhy=1, secondaryPhy=0, advertisingSid=0xff, txPower=127, rssi=-71, periodicAdvInt=0x0
05-17 10:50:39.292  1928  2050 D BtGatt.GattService: onScanResult to scannerId: 2- eventType=0x1b, addressType=0, address=84E0F4_2, primaryPhy=1, secondaryPhy=0, advertisingSid=0xff, txPower=127, rssi=-79, periodicAdvInt=0x0
05-17 10:50:39.298  1928  2050 D BtGatt.GattService: onScanResult to scannerId: 2- eventType=0x10, addressType=0, address=4CC95E_3, primaryPhy=1, secondaryPhy=0, advertisingSid=0xff, txPower=127, rssi=-93, periodicAdvInt=0x0
05-17 10:50:39.302  1928  2050 D BtGatt.GattService: onScanResult to scannerId: 2- eventType=0x1a, addressType=1, address=5F97EE_E, primaryPhy=1, secondaryPhy=0, advertisingSid=0xff, txPower=127, rssi=-44, periodicAdvInt=0x0
05-17 10:50:39.308  1928  2050 D BtGatt.GattService: onScanResult to scannerId: 2- eventType=0x1b, addressType=1, address=568F96_7, primaryPhy=1, secondaryPhy=0, advertisingSid=0xff, txPower=127, rssi=-35, periodicAdvInt=0x0
05-17 10:50:39.310  1928  2050 D BtGatt.GattService: onScanResult to scannerId: 2- eventType=0x1b, addressType=1, address=5670A3_4, primaryPhy=1, secondaryPhy=0, advertisingSid=0xff, txPower=127, rssi=-35, periodicAdvInt=0x0
05-17 10:50:39.359  1928  2050 D BtGatt.GattService: onScanResult to scannerId: 2- eventType=0x1b, addressType=0, address=84E0F4_2, primaryPhy=1, secondaryPhy=0, advertisingSid=0xff, txPower=127, rssi=-79, periodicAdvInt=0x0
05-17 10:50:39.364  1928  2050 D BtGatt.GattService: onScanResult to scannerId: 2- eventType=0x10, addressType=1, address=6D7CF1_5, primaryPhy=1, secondaryPhy=0, advertisingSid=0xff, txPower=127, rssi=-78, periodicAdvInt=0x0
05-17 10:50:39.365  1928  2050 D BtGatt.GattService: onScanResult to scannerId: 2- eventType=0x10, addressType=1, address=638088_4, primaryPhy=1, secondaryPhy=0, advertisingSid=0xff, txPower=127, rssi=-79, periodicAdvInt=0x0
05-17 10:50:39.367  1928  2050 D BtGatt.GattService: onScanResult to scannerId: 2- eventType=0x10, addressType=1, address=288E0C_6, primaryPhy=1, secondaryPhy=0, advertisingSid=0xff, txPower=127, rssi=-92, periodicAdvInt=0x0
05-17 10:50:39.375  1928  2050 D BtGatt.GattService: onScanResult to scannerId: 2- eventType=0x10, addressType=1, address=64519E_3, primaryPhy=1, secondaryPhy=0, advertisingSid=0xff, txPower=127, rssi=-86, periodicAdvInt=0x0
05-17 10:50:40.337  1707  1707 I wpa_supplicant: Heartbeat 20328
05-17 10:50:40.454  6950  7013 I BluetoothAdapter: STATE_ON
05-17 10:50:40.454  6950  7013 I BluetoothAdapter: STATE_ON
05-17 10:50:40.456  6950  7013 I BluetoothAdapter: STATE_ON
05-17 10:50:40.457  6950  7013 I BluetoothAdapter: STATE_ON
05-17 10:50:40.457  6950  7013 I MobBleDispatch: {"v":1,"event":"ble_capabilities","supports_extended_advertising":true,"max_advertising_data_length":1024,"is_multiple_advertisement_supported":true,"legacy_manufacturer_payload_budget":24}
05-17 10:50:40.458  6950  7013 I BluetoothAdapter: STATE_ON
05-17 10:50:40.459  6950  7013 I BluetoothAdapter: STATE_ON
05-17 10:50:40.461  6950  7013 I BluetoothAdapter: STATE_ON
05-17 10:50:40.461  6950  7013 I BluetoothAdapter: STATE_ON
05-17 10:50:40.461  6950  7013 I BluetoothAdapter: STATE_ON
05-17 10:50:40.461  6950  7013 I BluetoothAdapter: STATE_ON
05-17 10:50:40.465  1928  2699 I bt_stack: [INFO:le_advertising_manager.cc(137)] StartAdvertisingSet in shim layer
05-17 10:50:40.465  1928  2699 W bt_stack: le_advertising_manager :: allocate_advertiser - id : 2
05-17 10:50:40.466  1928  2699 I bt_stack: [INFO:le_advertising_manager.cc(157)] create advertising set, reg_id:-5133, id:2
05-17 10:50:40.466  1928  2282 W bt_stack: le_advertising_manager :: create_extended_advertiser - id : 2
05-17 10:50:40.466  1928  2282 W bt_stack: le_advertising_manager :: enable_advertiser - id : 2
05-17 10:50:40.467  6950  7013 I MobBleDispatch: {"v":1,"event":"attempt_outcome","attempt_id":"selftest-1779040240453","message_id":"RCADn5BcV+oV+e4A+iJhHA==","target_peer_id":"broadcast","target_device_ids":["broadcast"],"kind":"dispatched","reason":"legacy_beacon_fallback","adapter":"ble_android","outcome_at_ms":203912515}
05-17 10:50:40.468  6950  7013 I MobBleNative: sendToPeer(broadcast, 31B) -> DISPATCHED reason=legacy_beacon_fallback
05-17 10:50:40.469  6950  7013 I Elixir  : BleSelfTest: MESH MESSAGE SENT payload="hello-from-mob-dev-1779040240" result=:ok
05-17 10:50:40.470  6950  7013 W Elixir  : BleSelfTest: bridge error unknown: {"v":1,"event":"attempt_outcome","attempt_id":"selftest-1779040240453","message_id":"RCADn5BcV+oV+e4A+iJhHA==","target_peer_id":"broadcast","target_device_ids":["broadcast"],"kind":"dispatched","reason":"legacy_beacon_fallback","adapter":"ble_android","outcome_at_ms":203912515}
05-17 10:50:40.471  6950  6990 I BEAMout : 10:50:40.469 [info] BleSelfTest: MESH MESSAGE SENT payload="hello-from-mob-dev-1779040240" result=:ok
05-17 10:50:40.471  6950  6990 I BEAMout : 10:50:40.470 [warning] BleSelfTest: bridge error unknown: {"v":1,"event":"attempt_outcome","attempt_id":"selftest-1779040240453","message_id":"RCADn5BcV+oV+e4A+iJhHA==","target_peer_id":"broadcast","target_device_ids":["broadcast"],"kind":"dispatched","reason":"legacy_beacon_fallback","adapter":"ble_android","outcome_at_ms":203912515}
05-17 10:50:40.485  1928  2260 E BtGatt.GattService: [GSIM LOG]: gsimLogHandler, msg: MESSAGE_ADV_SET_START, appName: dev.mob.mob, id: 2, isLegacy: true
05-17 10:50:40.486  6950  6950 D BluetoothLeAdvertiser: onAdvertisingSetStarted(2, -7, 0)
05-17 10:50:40.502  6950  6950 I MobBleDispatch: {"v":1,"event":"legacy_beacon_advertising_started","attempt_id":"selftest-1779040240453","beacon_size":22,"beacon":"TUIBAQEAZNOIl20gmhES94VXUXoT+Q==","message_id_hash":"ZNOIl20gmhE=","sender_peer_id_hash":"EveFV1F6E\/k=","payload_kind":"TX","envelope_version":1,"window_ms":5000,"data_carrier":"legacy_advertisement"}
05-17 10:50:41.051  1928  2050 D BtGatt.GattService: onScanResult to scannerId: 2- eventType=0x10, addressType=0, address=BC7E8B_B, primaryPhy=1, secondaryPhy=0, advertisingSid=0xff, txPower=127, rssi=-88, periodicAdvInt=0x0
05-17 10:50:41.072  1928  2050 D BtGatt.GattService: onScanResult to scannerId: 2- eventType=0x1a, addressType=1, address=5F97EE_E, primaryPhy=1, secondaryPhy=0, advertisingSid=0xff, txPower=127, rssi=-45, periodicAdvInt=0x0
05-17 10:50:41.104  1928  2050 D BtGatt.GattService: onScanResult to scannerId: 2- eventType=0x1b, addressType=1, address=568F96_7, primaryPhy=1, secondaryPhy=0, advertisingSid=0xff, txPower=127, rssi=-36, periodicAdvInt=0x0
05-17 10:50:41.109  1928  2050 D BtGatt.GattService: onScanResult to scannerId: 2- eventType=0x1b, addressType=1, address=5CA103_4, primaryPhy=1, secondaryPhy=0, advertisingSid=0xff, txPower=127, rssi=-75, periodicAdvInt=0x0
05-17 10:50:41.110  1928  2050 D BtGatt.GattService: onScanResult to scannerId: 2- eventType=0x10, addressType=0, address=BC455B_A, primaryPhy=1, secondaryPhy=0, advertisingSid=0xff, txPower=127, rssi=-75, periodicAdvInt=0x0
05-17 10:50:41.129  1928  2050 D BtGatt.GattService: onScanResult to scannerId: 2- eventType=0x10, addressType=1, address=E24F67_F, primaryPhy=1, secondaryPhy=0, advertisingSid=0xff, txPower=127, rssi=-58, periodicAdvInt=0x0
05-17 10:50:41.139  1928  2050 D BtGatt.GattService: onScanResult to scannerId: 2- eventType=0x10, addressType=1, address=6D7CF1_5, primaryPhy=1, secondaryPhy=0, advertisingSid=0xff, txPower=127, rssi=-89, periodicAdvInt=0x0
05-17 10:50:41.202  1928  2050 D BtGatt.GattService: onScanResult to scannerId: 2- eventType=0x1a, addressType=1, address=5F97EE_E, primaryPhy=1, secondaryPhy=0, advertisingSid=0xff, txPower=127, rssi=-45, periodicAdvInt=0x0
05-17 10:50:41.214  1928  2050 D BtGatt.GattService: onScanResult to scannerId: 2- eventType=0x1b, addressType=1, address=5C2647_5, primaryPhy=1, secondaryPhy=0, advertisingSid=0xff, txPower=127, rssi=-57, periodicAdvInt=0x0
05-17 10:50:41.224  1928  2050 D BtGatt.GattService: onScanResult to scannerId: 2- eventType=0x10, addressType=1, address=E1940A_9, primaryPhy=1, secondaryPhy=0, advertisingSid=0xff, txPower=127, rssi=-77, periodicAdvInt=0x0
05-17 10:50:41.235  6950  6950 I MobBleScanRaw: device_id=E1:94:0A:D7:33:C9 rssi=-77 advertisement_b64=B/9MABICAAMAAAAAAAAAAAAAAAAAAAAAAAAAAAAAAAAAAAAAAAAAAAAAAAAAAAAAAAAAAAAAAAAAAAAAAAA= manufacturer_ids=[76] service_uuids=[]
05-17 10:50:41.264  1928  2050 D BtGatt.GattService: onScanResult to scannerId: 2- eventType=0x10, addressType=0, address=BC455B_A, primaryPhy=1, secondaryPhy=0, advertisingSid=0xff, txPower=127, rssi=-79, periodicAdvInt=0x0
05-17 10:50:41.269  1928  2050 D BtGatt.GattService: onScanResult to scannerId: 2- eventType=0x10, addressType=1, address=72AA45_B, primaryPhy=1, secondaryPhy=0, advertisingSid=0xff, txPower=127, rssi=-85, periodicAdvInt=0x0
05-17 10:50:41.290  1928  2050 D BtGatt.GattService: onScanResult to scannerId: 2- eventType=0x10, addressType=1, address=48C4B1_8, primaryPhy=1, secondaryPhy=0, advertisingSid=0xff, txPower=127, rssi=-36, periodicAdvInt=0x0
05-17 10:50:41.504  1200  3617 D SemWifiUsabilityStatsMonitor: onWifiUsabilityStats - seqNum 5509, isSameBssidAndFreq true
05-17 10:50:41.505  1200  1507 I SemWifiLinkQualityMonitor: Link Qos Query: 0.084 ms / 94.846 Mbps (432 / 0.066 / 1.000)
05-17 10:50:42.908  1928  2050 D BtGatt.GattService: onScanResult to scannerId: 2- eventType=0x1b, addressType=1, address=568F96_7, primaryPhy=1, secondaryPhy=0, advertisingSid=0xff, txPower=127, rssi=-36, periodicAdvInt=0x0
05-17 10:50:42.945  1928  2050 D BtGatt.GattService: onScanResult to scannerId: 2- eventType=0x1b, addressType=1, address=5CA103_4, primaryPhy=1, secondaryPhy=0, advertisingSid=0xff, txPower=127, rssi=-75, periodicAdvInt=0x0
05-17 10:50:42.968  1928  2050 D BtGatt.GattService: onScanResult to scannerId: 2- eventType=0x1b, addressType=1, address=4795CE_E, primaryPhy=1, secondaryPhy=0, advertisingSid=0xff, txPower=127, rssi=-77, periodicAdvInt=0x0
05-17 10:50:42.973  1928  2050 D BtGatt.GattService: onScanResult to scannerId: 2- eventType=0x10, addressType=0, address=BC455B_A, primaryPhy=1, secondaryPhy=0, advertisingSid=0xff, txPower=127, rssi=-69, periodicAdvInt=0x0
05-17 10:50:43.029  1928  2050 D BtGatt.GattService: onScanResult to scannerId: 2- eventType=0x1b, addressType=1, address=7F7BD8_9, primaryPhy=1, secondaryPhy=0, advertisingSid=0xff, txPower=127, rssi=-78, periodicAdvInt=0x0
05-17 10:50:43.042  1928  2050 D BtGatt.GattService: onScanResult to scannerId: 2- eventType=0x10, addressType=1, address=48C4B1_8, primaryPhy=1, secondaryPhy=0, advertisingSid=0xff, txPower=127, rssi=-35, periodicAdvInt=0x0
05-17 10:50:43.067  1928  2050 D BtGatt.GattService: onScanResult to scannerId: 2- eventType=0x1b, addressType=1, address=554F93_8, primaryPhy=1, secondaryPhy=0, advertisingSid=0xff, txPower=127, rssi=-61, periodicAdvInt=0x0
05-17 10:50:43.102  1928  2050 D BtGatt.GattService: onScanResult to scannerId: 2- eventType=0x10, addressType=1, address=2E6571_5, primaryPhy=1, secondaryPhy=0, advertisingSid=0xff, txPower=127, rssi=-93, periodicAdvInt=0x0
05-17 10:50:43.124  1928  2050 D BtGatt.GattService: onScanResult to scannerId: 2- eventType=0x10, addressType=0, address=BC455B_A, primaryPhy=1, secondaryPhy=0, advertisingSid=0xff, txPower=127, rssi=-73, periodicAdvInt=0x0
05-17 10:50:43.128  1928  2050 D BtGatt.GattService: onScanResult to scannerId: 2- eventType=0x10, addressType=1, address=64519E_3, primaryPhy=1, secondaryPhy=0, advertisingSid=0xff, txPower=127, rssi=-81, periodicAdvInt=0x0
05-17 10:50:43.135  1928  2050 D BtGatt.GattService: onScanResult to scannerId: 2- eventType=0x10, addressType=1, address=E24F67_F, primaryPhy=1, secondaryPhy=0, advertisingSid=0xff, txPower=127, rssi=-66, periodicAdvInt=0x0
05-17 10:50:43.329  6950  7013 I Elixir  : BleSelfTest: HEARTBEAT events=307 devices=33 mob_peers=0 sent=6 distinct_msgs=5 beacon_callbacks=26 envelopes=0
05-17 10:50:43.330  6950  6990 I BEAMout : 10:50:43.329 [info] BleSelfTest: HEARTBEAT events=307 devices=33 mob_peers=0 sent=6 distinct_msgs=5 beacon_callbacks=26 envelopes=0
05-17 10:50:44.617  1200  3617 D SemWifiUsabilityStatsMonitor: onWifiUsabilityStats - seqNum 5510, isSameBssidAndFreq true
05-17 10:50:44.621  1200  1507 I SemWifiLinkQualityMonitor: Link Qos Query: 0.087 ms / 91.594 Mbps (432 / 0.069 / 1.000)
05-17 10:50:44.766  1928  2050 D BtGatt.GattService: onScanResult to scannerId: 2- eventType=0x10, addressType=1, address=027F8E_3, primaryPhy=1, secondaryPhy=0, advertisingSid=0xff, txPower=127, rssi=-91, periodicAdvInt=0x0
05-17 10:50:44.783  1928  2050 D BtGatt.GattService: onScanResult to scannerId: 2- eventType=0x10, addressType=1, address=6D7CF1_5, primaryPhy=1, secondaryPhy=0, advertisingSid=0xff, txPower=127, rssi=-78, periodicAdvInt=0x0
05-17 10:50:44.792  1928  2050 D BtGatt.GattService: onScanResult to scannerId: 2- eventType=0x1b, addressType=1, address=5C2647_5, primaryPhy=1, secondaryPhy=0, advertisingSid=0xff, txPower=127, rssi=-71, periodicAdvInt=0x0
05-17 10:50:44.798  1928  2050 D BtGatt.GattService: onScanResult to scannerId: 2- eventType=0x1a, addressType=1, address=6E9948_0, primaryPhy=1, secondaryPhy=0, advertisingSid=0xff, txPower=127, rssi=-44, periodicAdvInt=0x0
05-17 10:50:44.802  1928  2050 D BtGatt.GattService: onScanResult to scannerId: 2- eventType=0x10, addressType=1, address=64519E_3, primaryPhy=1, secondaryPhy=0, advertisingSid=0xff, txPower=127, rssi=-86, periodicAdvInt=0x0
05-17 10:50:44.818  6950  6950 I MobBleScanRaw: device_id=6E:99:48:46:94:A0 rssi=-44 advertisement_b64=Gf///01CAQEBALptnjSz2Mmy9wgG7dwoW8wAAAAAAAAAAAAAAAAAAAAAAAAAAAAAAAAAAAAAAAAAAAAAAAA= manufacturer_ids=[65535] service_uuids=[]
05-17 10:50:44.819  6950  7013 I Elixir  : BleSelfTest: DISTINCT MESH MESSAGE kind=beacon key=f70806eddc285bcc:ba6d9e34b3d8c9b2 from=sender_hash=f70806eddc285bcc device_id=6E:99:48:46:94:A0 first_seen_after=27_callbacks
05-17 10:50:44.821  6950  6990 I BEAMout : 10:50:44.819 [info] BleSelfTest: DISTINCT MESH MESSAGE kind=beacon key=f70806eddc285bcc:ba6d9e34b3d8c9b2 from=sender_hash=f70806eddc285bcc device_id=6E:99:48:46:94:A0 first_seen_after=27_callbacks
05-17 10:50:44.836  1928  2050 D BtGatt.GattService: onScanResult to scannerId: 2- eventType=0x1b, addressType=0, address=84E0F4_2, primaryPhy=1, secondaryPhy=0, advertisingSid=0xff, txPower=127, rssi=-79, periodicAdvInt=0x0
05-17 10:50:44.840  1928  2050 D BtGatt.GattService: onScanResult to scannerId: 2- eventType=0x1b, addressType=0, address=84E0F4_2, primaryPhy=1, secondaryPhy=0, advertisingSid=0xff, txPower=127, rssi=-79, periodicAdvInt=0x0
05-17 10:50:44.859  1928  2050 D BtGatt.GattService: onScanResult to scannerId: 2- eventType=0x1b, addressType=0, address=84E0F4_2, primaryPhy=1, secondaryPhy=0, advertisingSid=0xff, txPower=127, rssi=-79, periodicAdvInt=0x0
05-17 10:50:44.885  1928  2050 D BtGatt.GattService: onScanResult to scannerId: 2- eventType=0x10, addressType=1, address=6D7CF1_5, primaryPhy=1, secondaryPhy=0, advertisingSid=0xff, txPower=127, rssi=-78, periodicAdvInt=0x0
05-17 10:50:44.937  1928  1935 W droid.bluetooth: Reducing the number of considered missed Gc histogram windows from 554 to 100
05-17 10:50:44.967  1928  2050 D BtGatt.GattService: onScanResult to scannerId: 2- eventType=0x1b, addressType=1, address=DD0D30_2, primaryPhy=1, secondaryPhy=0, advertisingSid=0xff, txPower=127, rssi=-62, periodicAdvInt=0x0
05-17 10:50:44.983  1928  2050 D BtGatt.GattService: onScanResult to scannerId: 2- eventType=0x1b, addressType=0, address=84E0F4_2, primaryPhy=1, secondaryPhy=0, advertisingSid=0xff, txPower=127, rssi=-79, periodicAdvInt=0x0
05-17 10:50:44.993  1928  2050 D BtGatt.GattService: onScanResult to scannerId: 2- eventType=0x1b, addressType=1, address=554F93_8, primaryPhy=1, secondaryPhy=0, advertisingSid=0xff, txPower=127, rssi=-50, periodicAdvInt=0x0
05-17 10:50:45.001  1928  2050 D BtGatt.GattService: onScanResult to scannerId: 2- eventType=0x10, addressType=1, address=48C4B1_8, primaryPhy=1, secondaryPhy=0, advertisingSid=0xff, txPower=127, rssi=-35, periodicAdvInt=0x0
05-17 10:50:45.004  1928  2050 D BtGatt.GattService: onScanResult to scannerId: 2- eventType=0x1b, addressType=1, address=5670A3_4, primaryPhy=1, secondaryPhy=0, advertisingSid=0xff, txPower=127, rssi=-35, periodicAdvInt=0x0
05-17 10:50:45.006  1928  2050 D BtGatt.GattService: onScanResult to scannerId: 2- eventType=0x1b, addressType=1, address=568F96_7, primaryPhy=1, secondaryPhy=0, advertisingSid=0xff, txPower=127, rssi=-35, periodicAdvInt=0x0
05-17 10:50:45.010  1928  2050 D BtGatt.GattService: onScanResult to scannerId: 2- eventType=0x1b, addressType=0, address=84E0F4_2, primaryPhy=1, secondaryPhy=0, advertisingSid=0xff, txPower=127, rssi=-78, periodicAdvInt=0x0
05-17 10:50:45.517  6950  6950 I BluetoothAdapter: STATE_ON
05-17 10:50:45.517  6950  6950 I BluetoothAdapter: STATE_ON
05-17 10:50:45.517  6950  6950 I BluetoothAdapter: STATE_ON
05-17 10:50:45.518  6950  6950 D BluetoothLeAdvertiser: Stop AdvertingSet
05-17 10:50:45.521  1928  2699 I bt_stack: [INFO:le_advertising_manager.cc(70)] Unregister in shim layer
05-17 10:50:45.521  1928  2282 W bt_stack: le_advertising_manager :: remove_advertiser - id : 2
05-17 10:50:45.524  1928  2260 E BtGatt.GattService: [GSIM LOG]: gsimLogHandler, msg: MESSAGE_ADV_SET_STOP, appName: dev.mob.mob, id: 2, isLegacy: true
05-17 10:50:45.545  6950  6950 D BluetoothLeAdvertiser: onAdvertisingSetStopped(2)
05-17 10:50:45.627  1200  1457 W DeviceStorageMonitorService: updateBroadcasts(/data) oldLevel:0, newLevel:0, seq:1
05-17 10:50:45.629  1200  1457 D DeviceStorageMonitorService: Available File Node Number is [13185165]
05-17 10:50:45.629  1200  1457 W DeviceStorageMonitorService: updateBroadcasts_filenode(/data) fn_oldLevel:0, fn_newLevel:0, seq:1
05-17 10:50:46.647  1928  2050 D BtGatt.GattService: onScanResult to scannerId: 2- eventType=0x10, addressType=0, address=BC7E8B_B, primaryPhy=1, secondaryPhy=0, advertisingSid=0xff, txPower=127, rssi=-88, periodicAdvInt=0x0
05-17 10:50:46.653  1928  2050 D BtGatt.GattService: onScanResult to scannerId: 2- eventType=0x1b, addressType=1, address=554F93_8, primaryPhy=1, secondaryPhy=0, advertisingSid=0xff, txPower=127, rssi=-49, periodicAdvInt=0x0
05-17 10:50:46.654   602   602 D io_stats: !@   8,0 r 1030586 33592476 w 589174 56581284 d 0 0 f 0 0 iot 510760 0 th 0 0 0 pt 0 inp 0 0 203494.227
05-17 10:50:46.666  1928  2050 D BtGatt.GattService: onScanResult to scannerId: 2- eventType=0x10, addressType=1, address=64519E_3, primaryPhy=1, secondaryPhy=0, advertisingSid=0xff, txPower=127, rssi=-85, periodicAdvInt=0x0
05-17 10:50:46.670  1928  2050 D BtGatt.GattService: onScanResult to scannerId: 2- eventType=0x10, addressType=0, address=BC455B_A, primaryPhy=1, secondaryPhy=0, advertisingSid=0xff, txPower=127, rssi=-75, periodicAdvInt=0x0
05-17 10:50:46.705  1928  2050 D BtGatt.GattService: onScanResult to scannerId: 2- eventType=0x1a, addressType=1, address=6E9948_0, primaryPhy=1, secondaryPhy=0, advertisingSid=0xff, txPower=127, rssi=-45, periodicAdvInt=0x0
05-17 10:50:46.711  1928  2050 D BtGatt.GattService: onScanResult to scannerId: 2- eventType=0x10, addressType=1, address=48C4B1_8, primaryPhy=1, secondaryPhy=0, advertisingSid=0xff, txPower=127, rssi=-36, periodicAdvInt=0x0
05-17 10:50:46.720  1928  2050 D BtGatt.GattService: onScanResult to scannerId: 2- eventType=0x10, addressType=1, address=288E0C_6, primaryPhy=1, secondaryPhy=0, advertisingSid=0xff, txPower=127, rssi=-88, periodicAdvInt=0x0
05-17 10:50:46.726  1928  2050 D BtGatt.GattService: onScanResult to scannerId: 2- eventType=0x1b, addressType=1, address=5C2647_5, primaryPhy=1, secondaryPhy=0, advertisingSid=0xff, txPower=127, rssi=-57, periodicAdvInt=0x0
05-17 10:50:46.805  1928  2050 D BtGatt.GattService: onScanResult to scannerId: 2- eventType=0x1b, addressType=1, address=5670A3_4, primaryPhy=1, secondaryPhy=0, advertisingSid=0xff, txPower=127, rssi=-36, periodicAdvInt=0x0
05-17 10:50:46.808  1928  2050 D BtGatt.GattService: onScanResult to scannerId: 2- eventType=0x1b, addressType=1, address=568F96_7, primaryPhy=1, secondaryPhy=0, advertisingSid=0xff, txPower=127, rssi=-36, periodicAdvInt=0x0
05-17 10:50:46.820  1928  2050 D BtGatt.GattService: onScanResult to scannerId: 2- eventType=0x10, addressType=1, address=638088_4, primaryPhy=1, secondaryPhy=0, advertisingSid=0xff, txPower=127, rssi=-78, periodicAdvInt=0x0
05-17 10:50:46.825  1928  2050 D BtGatt.GattService: onScanResult to scannerId: 2- eventType=0x10, addressType=0, address=BC455B_A, primaryPhy=1, secondaryPhy=0, advertisingSid=0xff, txPower=127, rssi=-75, periodicAdvInt=0x0
05-17 10:50:46.837  1928  2050 D BtGatt.GattService: onScanResult to scannerId: 2- eventType=0x1a, addressType=1, address=6E9948_0, primaryPhy=1, secondaryPhy=0, advertisingSid=0xff, txPower=127, rssi=-45, periodicAdvInt=0x0
05-17 10:50:46.849  1928  2050 D BtGatt.GattService: onScanResult to scannerId: 2- eventType=0x1b, addressType=1, address=7F7BD8_9, primaryPhy=1, secondaryPhy=0, advertisingSid=0xff, txPower=127, rssi=-77, periodicAdvInt=0x0
05-17 10:50:46.850  1928  2050 D BtGatt.GattService: onScanResult to scannerId: 2- eventType=0x10, addressType=1, address=70B0D9_E, primaryPhy=1, secondaryPhy=0, advertisingSid=0xff, txPower=127, rssi=-83, periodicAdvInt=0x0
05-17 10:50:47.472  6950  7013 I BluetoothAdapter: STATE_ON
05-17 10:50:47.472  6950  7013 I BluetoothAdapter: STATE_ON
05-17 10:50:47.473  6950  7013 I BluetoothAdapter: STATE_ON
05-17 10:50:47.475  6950  7013 I BluetoothAdapter: STATE_ON
05-17 10:50:47.475  6950  7013 I MobBleDispatch: {"v":1,"event":"ble_capabilities","supports_extended_advertising":true,"max_advertising_data_length":1024,"is_multiple_advertisement_supported":true,"legacy_manufacturer_payload_budget":24}
05-17 10:50:47.475  6950  7013 I BluetoothAdapter: STATE_ON
05-17 10:50:47.477  6950  7013 I BluetoothAdapter: STATE_ON
05-17 10:50:47.479  6950  7013 I BluetoothAdapter: STATE_ON
05-17 10:50:47.480  6950  7013 I BluetoothAdapter: STATE_ON
05-17 10:50:47.480  6950  7013 I BluetoothAdapter: STATE_ON
05-17 10:50:47.480  6950  7013 I BluetoothAdapter: STATE_ON
05-17 10:50:47.483  1928  2699 I bt_stack: [INFO:le_advertising_manager.cc(137)] StartAdvertisingSet in shim layer
05-17 10:50:47.484  1928  2699 W bt_stack: le_advertising_manager :: allocate_advertiser - id : 2
05-17 10:50:47.484  1928  2699 I bt_stack: [INFO:le_advertising_manager.cc(157)] create advertising set, reg_id:-5134, id:2
05-17 10:50:47.485  1928  2282 W bt_stack: le_advertising_manager :: create_extended_advertiser - id : 2
05-17 10:50:47.485  1928  2282 W bt_stack: le_advertising_manager :: enable_advertiser - id : 2
05-17 10:50:47.485  6950  7013 I MobBleDispatch: {"v":1,"event":"attempt_outcome","attempt_id":"selftest-1779040247471","message_id":"MkZJ4GpTZKfCKFFzHUpBkg==","target_peer_id":"broadcast","target_device_ids":["broadcast"],"kind":"dispatched","reason":"legacy_beacon_fallback","adapter":"ble_android","outcome_at_ms":203919533}
05-17 10:50:47.486  6950  7013 I MobBleNative: sendToPeer(broadcast, 31B) -> DISPATCHED reason=legacy_beacon_fallback
05-17 10:50:47.487  6950  7013 I Elixir  : BleSelfTest: MESH MESSAGE SENT payload="hello-from-mob-dev-1779040247" result=:ok
05-17 10:50:47.488  6950  7013 W Elixir  : BleSelfTest: bridge error unknown: {"v":1,"event":"attempt_outcome","attempt_id":"selftest-1779040247471","message_id":"MkZJ4GpTZKfCKFFzHUpBkg==","target_peer_id":"broadcast","target_device_ids":["broadcast"],"kind":"dispatched","reason":"legacy_beacon_fallback","adapter":"ble_android","outcome_at_ms":203919533}
05-17 10:50:47.489  6950  6990 I BEAMout : 10:50:47.487 [info] BleSelfTest: MESH MESSAGE SENT payload="hello-from-mob-dev-1779040247" result=:ok
05-17 10:50:47.491  6950  6990 I BEAMout : 10:50:47.488 [warning] BleSelfTest: bridge error unknown: {"v":1,"event":"attempt_outcome","attempt_id":"selftest-1779040247471","message_id":"MkZJ4GpTZKfCKFFzHUpBkg==","target_peer_id":"broadcast","target_device_ids":["broadcast"],"kind":"dispatched","reason":"legacy_beacon_fallback","adapter":"ble_android","outcome_at_ms":203919533}
05-17 10:50:47.503  6950  6950 D BluetoothLeAdvertiser: onAdvertisingSetStarted(2, -7, 0)
05-17 10:50:47.503  1928  2260 E BtGatt.GattService: [GSIM LOG]: gsimLogHandler, msg: MESSAGE_ADV_SET_START, appName: dev.mob.mob, id: 2, isLegacy: true
05-17 10:50:47.505  6950  6950 I MobBleDispatch: {"v":1,"event":"legacy_beacon_advertising_started","attempt_id":"selftest-1779040247471","beacon_size":22,"beacon":"TUIBAQEAL7o4ah8c+JAS94VXUXoT+Q==","message_id_hash":"L7o4ah8c+JA=","sender_peer_id_hash":"EveFV1F6E\/k=","payload_kind":"TX","envelope_version":1,"window_ms":5000,"data_carrier":"legacy_advertisement"}
05-17 10:50:47.729  1200  3617 D SemWifiUsabilityStatsMonitor: onWifiUsabilityStats - seqNum 5511, isSameBssidAndFreq true
05-17 10:50:47.731  1200  1507 I SemWifiLinkQualityMonitor: Link Qos Query: 0.075 ms / 106.736 Mbps (432 / 0.056 / 1.000)
05-17 10:50:48.252  2905  2905 I SDHMS:LOAD: type: LoadsFreqs, value: 0:0:0:650000:650000:650000:650000:650000:650000:0:0:0
05-17 10:50:48.330  6950  7013 I Elixir  : BleSelfTest: HEARTBEAT events=339 devices=33 mob_peers=0 sent=7 distinct_msgs=6 beacon_callbacks=29 envelopes=0
05-17 10:50:48.332  6950  6990 I BEAMout : 10:50:48.330 [info] BleSelfTest: HEARTBEAT events=339 devices=33 mob_peers=0 sent=7 distinct_msgs=6 beacon_callbacks=29 envelopes=0
05-17 10:50:48.484  1928  2050 D BtGatt.GattService: onScanResult to scannerId: 2- eventType=0x1b, addressType=1, address=7F7BD8_9, primaryPhy=1, secondaryPhy=0, advertisingSid=0xff, txPower=127, rssi=-77, periodicAdvInt=0x0
05-17 10:50:48.490  1928  2050 D BtGatt.GattService: onScanResult to scannerId: 2- eventType=0x10, addressType=0, address=BC7E8B_B, primaryPhy=1, secondaryPhy=0, advertisingSid=0xff, txPower=127, rssi=-85, periodicAdvInt=0x0
05-17 10:50:48.497  1928  2050 D BtGatt.GattService: onScanResult to scannerId: 2- eventType=0x10, addressType=1, address=48C4B1_8, primaryPhy=1, secondaryPhy=0, advertisingSid=0xff, txPower=127, rssi=-35, periodicAdvInt=0x0
05-17 10:50:48.501  1928  2050 D BtGatt.GattService: onScanResult to scannerId: 2- eventType=0x1b, addressType=0, address=84E0F4_2, primaryPhy=1, secondaryPhy=0, advertisingSid=0xff, txPower=127, rssi=-89, periodicAdvInt=0x0
05-17 10:50:48.507  1928  2050 D BtGatt.GattService: onScanResult to scannerId: 2- eventType=0x10, addressType=1, address=638088_4, primaryPhy=1, secondaryPhy=0, advertisingSid=0xff, txPower=127, rssi=-77, periodicAdvInt=0x0
05-17 10:50:48.522  1928  2050 D BtGatt.GattService: onScanResult to scannerId: 2- eventType=0x10, addressType=0, address=BC455B_A, primaryPhy=1, secondaryPhy=0, advertisingSid=0xff, txPower=127, rssi=-69, periodicAdvInt=0x0
05-17 10:50:48.604  1928  2050 D BtGatt.GattService: onScanResult to scannerId: 2- eventType=0x1a, addressType=1, address=6E9948_0, primaryPhy=1, secondaryPhy=0, advertisingSid=0xff, txPower=127, rssi=-44, periodicAdvInt=0x0
05-17 10:50:48.608  1928  2050 D BtGatt.GattService: onScanResult to scannerId: 2- eventType=0x1b, addressType=1, address=5670A3_4, primaryPhy=1, secondaryPhy=0, advertisingSid=0xff, txPower=127, rssi=-36, periodicAdvInt=0x0
05-17 10:50:48.613  1928  2050 D BtGatt.GattService: onScanResult to scannerId: 2- eventType=0x1b, addressType=1, address=568F96_7, primaryPhy=1, secondaryPhy=0, advertisingSid=0xff, txPower=127, rssi=-36, periodicAdvInt=0x0
05-17 10:50:48.677  1928  2050 D BtGatt.GattService: onScanResult to scannerId: 2- eventType=0x10, addressType=0, address=BC455B_A, primaryPhy=1, secondaryPhy=0, advertisingSid=0xff, txPower=127, rssi=-72, periodicAdvInt=0x0
05-17 10:50:48.678  1928  2050 D BtGatt.GattService: onScanResult to scannerId: 2- eventType=0x10, addressType=1, address=6D7CF1_5, primaryPhy=1, secondaryPhy=0, advertisingSid=0xff, txPower=127, rssi=-84, periodicAdvInt=0x0
05-17 10:50:48.685  1928  2050 D BtGatt.GattService: onScanResult to scannerId: 2- eventType=0x10, addressType=1, address=48C4B1_8, primaryPhy=1, secondaryPhy=0, advertisingSid=0xff, txPower=127, rssi=-35, periodicAdvInt=0x0
05-17 10:50:48.692  1928  2050 D BtGatt.GattService: onScanResult to scannerId: 2- eventType=0x1b, addressType=1, address=5CA103_4, primaryPhy=1, secondaryPhy=0, advertisingSid=0xff, txPower=127, rssi=-75, periodicAdvInt=0x0
05-17 10:50:48.696  1928  2050 D BtGatt.GattService: onScanResult to scannerId: 2- eventType=0x1b, addressType=0, address=84E0F4_2, primaryPhy=1, secondaryPhy=0, advertisingSid=0xff, txPower=127, rssi=-89, periodicAdvInt=0x0
05-17 10:50:48.698  1928  2050 D BtGatt.GattService: onScanResult to scannerId: 2- eventType=0x10, addressType=1, address=638088_4, primaryPhy=1, secondaryPhy=0, advertisingSid=0xff, txPower=127, rssi=-77, periodicAdvInt=0x0
05-17 10:50:50.338  1707  1707 I wpa_supplicant: Heartbeat 20329
05-17 10:50:50.341  1928  2050 D BtGatt.GattService: onScanResult to scannerId: 2- eventType=0x10, addressType=1, address=6D7CF1_5, primaryPhy=1, secondaryPhy=0, advertisingSid=0xff, txPower=127, rssi=-78, periodicAdvInt=0x0
05-17 10:50:50.345  1928  2050 D BtGatt.GattService: onScanResult to scannerId: 2- eventType=0x10, addressType=0, address=BC7E8B_B, primaryPhy=1, secondaryPhy=0, advertisingSid=0xff, txPower=127, rssi=-82, periodicAdvInt=0x0
05-17 10:50:50.366  1928  2050 D BtGatt.GattService: onScanResult to scannerId: 2- eventType=0x1b, addressType=0, address=84E0F4_2, primaryPhy=1, secondaryPhy=0, advertisingSid=0xff, txPower=127, rssi=-80, periodicAdvInt=0x0
05-17 10:50:50.367  1928  2050 D BtGatt.GattService: onScanResult to scannerId: 2- eventType=0x10, addressType=1, address=027F8E_3, primaryPhy=1, secondaryPhy=0, advertisingSid=0xff, txPower=127, rssi=-91, periodicAdvInt=0x0
05-17 10:50:50.403  1928  2050 D BtGatt.GattService: onScanResult to scannerId: 2- eventType=0x1b, addressType=1, address=568F96_7, primaryPhy=1, secondaryPhy=0, advertisingSid=0xff, txPower=127, rssi=-35, periodicAdvInt=0x0
05-17 10:50:50.409  1928  2050 D BtGatt.GattService: onScanResult to scannerId: 2- eventType=0x1b, addressType=1, address=5670A3_4, primaryPhy=1, secondaryPhy=0, advertisingSid=0xff, txPower=127, rssi=-35, periodicAdvInt=0x0
05-17 10:50:50.416  1928  2050 D BtGatt.GattService: onScanResult to scannerId: 2- eventType=0x1b, addressType=0, address=84E0F4_2, primaryPhy=1, secondaryPhy=0, advertisingSid=0xff, txPower=127, rssi=-79, periodicAdvInt=0x0
05-17 10:50:50.425  1928  2050 D BtGatt.GattService: onScanResult to scannerId: 2- eventType=0x1b, addressType=0, address=84E0F4_2, primaryPhy=1, secondaryPhy=0, advertisingSid=0xff, txPower=127, rssi=-78, periodicAdvInt=0x0
05-17 10:50:50.427  1928  2050 D BtGatt.GattService: onScanResult to scannerId: 2- eventType=0x10, addressType=0, address=4CC95E_3, primaryPhy=1, secondaryPhy=0, advertisingSid=0xff, txPower=127, rssi=-93, periodicAdvInt=0x0
05-17 10:50:50.431  1928  2050 D BtGatt.GattService: onScanResult to scannerId: 2- eventType=0x1b, addressType=0, address=94944A_D, primaryPhy=1, secondaryPhy=0, advertisingSid=0xff, txPower=127, rssi=-85, periodicAdvInt=0x0
05-17 10:50:50.432  1928  2050 D BtGatt.GattService: onScanResult to scannerId: 2- eventType=0x10, addressType=1, address=48C4B1_8, primaryPhy=1, secondaryPhy=0, advertisingSid=0xff, txPower=127, rssi=-35, periodicAdvInt=0x0
05-17 10:50:50.438  1928  2050 D BtGatt.GattService: onScanResult to scannerId: 2- eventType=0x1b, addressType=0, address=84E0F4_2, primaryPhy=1, secondaryPhy=0, advertisingSid=0xff, txPower=127, rssi=-79, periodicAdvInt=0x0
05-17 10:50:50.458  1928  2050 D BtGatt.GattService: onScanResult to scannerId: 2- eventType=0x1b, addressType=0, address=84E0F4_2, primaryPhy=1, secondaryPhy=0, advertisingSid=0xff, txPower=127, rssi=-78, periodicAdvInt=0x0
05-17 10:50:50.464  1928  2050 D BtGatt.GattService: onScanResult to scannerId: 2- eventType=0x1b, addressType=1, address=DD0D30_2, primaryPhy=1, secondaryPhy=0, advertisingSid=0xff, txPower=127, rssi=-62, periodicAdvInt=0x0
05-17 10:50:50.493  1928  2050 D BtGatt.GattService: onScanResult to scannerId: 2- eventType=0x10, addressType=0, address=BC7E8B_B, primaryPhy=1, secondaryPhy=0, advertisingSid=0xff, txPower=127, rssi=-82, periodicAdvInt=0x0
05-17 10:50:50.501  1928  2050 D BtGatt.GattService: onScanResult to scannerId: 2- eventType=0x1a, addressType=1, address=6E9948_0, primaryPhy=1, secondaryPhy=0, advertisingSid=0xff, txPower=127, rssi=-44, periodicAdvInt=0x0
05-17 10:50:50.506  1928  2050 D BtGatt.GattService: onScanResult to scannerId: 2- eventType=0x10, addressType=1, address=2B28E0_D, primaryPhy=1, secondaryPhy=0, advertisingSid=0xff, txPower=127, rssi=-94, periodicAdvInt=0x0
05-17 10:50:50.552  1928  2050 D BtGatt.GattService: onScanResult to scannerId: 2- eventType=0x1b, addressType=0, address=84E0F4_2, primaryPhy=1, secondaryPhy=0, advertisingSid=0xff, txPower=127, rssi=-79, periodicAdvInt=0x0
05-17 10:50:50.561  1928  2050 D BtGatt.GattService: onScanResult to scannerId: 2- eventType=0x1b, addressType=1, address=5C2647_5, primaryPhy=1, secondaryPhy=0, advertisingSid=0xff, txPower=127, rssi=-71, periodicAdvInt=0x0
05-17 10:50:50.574  1928  2050 D BtGatt.GattService: onScanResult to scannerId: 2- eventType=0x1b, addressType=1, address=554F93_8, primaryPhy=1, secondaryPhy=0, advertisingSid=0xff, txPower=127, rssi=-50, periodicAdvInt=0x0
05-17 10:50:50.575  1928  2050 D BtGatt.GattService: onScanResult to scannerId: 2- eventType=0x10, addressType=0, address=4CC95E_3, primaryPhy=1, secondaryPhy=0, advertisingSid=0xff, txPower=127, rssi=-93, periodicAdvInt=0x0
05-17 10:50:50.823  1200  3617 D SemWifiUsabilityStatsMonitor: onWifiUsabilityStats - seqNum 5512, isSameBssidAndFreq true
05-17 10:50:50.826  1200  1507 I SemWifiLinkQualityMonitor: Link Qos Query: 0.076 ms / 105.647 Mbps (432 / 0.057 / 1.000)
05-17 10:50:51.741  1200  1896 V MdnieScenarioControlService: burn_in_prevention_mode(), enabled : true, mBurnInDisableAppEnabled : false , mAutoBrightnessMode : true, mHighBrightnessModeEnabled : false , mBurnInPreventionACL : false , platform_brightness_value : 50 , BURN_IN_PREVENTION_SUPPORT_VALUE : 143 , mBurnInPreventionEnabled : false , mGameAppLauncher : false
05-17 10:50:52.204  1928  2050 D BtGatt.GattService: onScanResult to scannerId: 2- eventType=0x1b, addressType=1, address=568F96_7, primaryPhy=1, secondaryPhy=0, advertisingSid=0xff, txPower=127, rssi=-36, periodicAdvInt=0x0
05-17 10:50:52.205  1928  2050 D BtGatt.GattService: onScanResult to scannerId: 2- eventType=0x10, addressType=1, address=6D7CF1_5, primaryPhy=1, secondaryPhy=0, advertisingSid=0xff, txPower=127, rssi=-89, periodicAdvInt=0x0
05-17 10:50:52.210  1928  2050 D BtGatt.GattService: onScanResult to scannerId: 2- eventType=0x10, addressType=0, address=BC7E8B_B, primaryPhy=1, secondaryPhy=0, advertisingSid=0xff, txPower=127, rssi=-90, periodicAdvInt=0x0
05-17 10:50:52.236  1928  2050 D BtGatt.GattService: onScanResult to scannerId: 2- eventType=0x10, addressType=1, address=638088_4, primaryPhy=1, secondaryPhy=0, advertisingSid=0xff, txPower=127, rssi=-82, periodicAdvInt=0x0
05-17 10:50:52.236  1928  2050 D BtGatt.GattService: onScanResult to scannerId: 2- eventType=0x10, addressType=0, address=BC455B_A, primaryPhy=1, secondaryPhy=0, advertisingSid=0xff, txPower=127, rssi=-75, periodicAdvInt=0x0
05-17 10:50:52.290  1928  2050 D BtGatt.GattService: onScanResult to scannerId: 2- eventType=0x10, addressType=1, address=E24F67_F, primaryPhy=1, secondaryPhy=0, advertisingSid=0xff, txPower=127, rssi=-57, periodicAdvInt=0x0
05-17 10:50:52.323  1928  2050 D BtGatt.GattService: onScanResult to scannerId: 2- eventType=0x1b, addressType=1, address=4795CE_E, primaryPhy=1, secondaryPhy=0, advertisingSid=0xff, txPower=127, rssi=-78, periodicAdvInt=0x0
05-17 10:50:52.352  1928  2050 D BtGatt.GattService: onScanResult to scannerId: 2- eventType=0x10, addressType=1, address=48C4B1_8, primaryPhy=1, secondaryPhy=0, advertisingSid=0xff, txPower=127, rssi=-36, periodicAdvInt=0x0
05-17 10:50:52.366  1928  2050 D BtGatt.GattService: onScanResult to scannerId: 2- eventType=0x1b, addressType=1, address=5CA103_4, primaryPhy=1, secondaryPhy=0, advertisingSid=0xff, txPower=127, rssi=-75, periodicAdvInt=0x0
05-17 10:50:52.373  1928  2050 D BtGatt.GattService: onScanResult to scannerId: 2- eventType=0x10, addressType=1, address=2B28E0_D, primaryPhy=1, secondaryPhy=0, advertisingSid=0xff, txPower=127, rssi=-94, periodicAdvInt=0x0
05-17 10:50:52.394  1928  2050 D BtGatt.GattService: onScanResult to scannerId: 2- eventType=0x10, addressType=0, address=BC455B_A, primaryPhy=1, secondaryPhy=0, advertisingSid=0xff, txPower=127, rssi=-75, periodicAdvInt=0x0
05-17 10:50:52.409  1928  2050 D BtGatt.GattService: onScanResult to scannerId: 2- eventType=0x1b, addressType=1, address=D4D816_9, primaryPhy=1, secondaryPhy=0, advertisingSid=0xff, txPower=127, rssi=-88, periodicAdvInt=0x0
05-17 10:50:52.412  1200  1257 D BatteryExternalStatsWorker: update stats : procstate-change (10)
05-17 10:50:52.429  6950  6950 I MobBleScanRaw: device_id=D4:D8:16:95:F6:D9 rssi=-88 advertisement_b64=AgEGAwIKGAv/QQEHCmERUNN9ABT/QQEIDNn2lRbY1AEHAf4R3gAAAAAAAAAAAAAAAAAAAAAAAAAAAAAAAAA= manufacturer_ids=[321] service_uuids=[0000180a-0000-1000-8000-00805f9b34fb]
05-17 10:50:52.460  1200  1257 D BatteryExternalStatsWorker: Fetch WiFi data
05-17 10:50:52.460  1200  1257 D BatteryExternalStatsWorker: Update Rail Energy data
05-17 10:50:52.461  1200  1257 D BatteryExternalStatsWorker: Fetch Bluetooth data
05-17 10:50:52.470  1200  1257 D BatteryExternalStatsWorker: Update bluetooth state
05-17 10:50:52.470  1200  1257 D BatteryExternalStatsWorker: mStats lock released
05-17 10:50:52.500  1200  1257 D BatteryExternalStatsWorker: Update wifi state
05-17 10:50:52.500  1200  1257 D BatteryExternalStatsWorker: done updateExternalStatsLocked
05-17 10:50:52.508  6950  6950 I BluetoothAdapter: STATE_ON
05-17 10:50:52.509  6950  6950 I BluetoothAdapter: STATE_ON
05-17 10:50:52.509  6950  6950 I BluetoothAdapter: STATE_ON
05-17 10:50:52.510  6950  6950 D BluetoothLeAdvertiser: Stop AdvertingSet
05-17 10:50:52.512 26869 26939 I ContactsProvider_EventLog: cp_s: [CONTACT con(408) dat(2678) acc({google(2)=408, com.google.android.apps.tachyon(6)=41}) calls([]) Iso(US) uId(0) ]
05-17 10:50:52.512 26869 26939 I ContactsProvider_EventLog: cp_s: [ agr({[2 ,6]=41, [2]=367}) ]
05-17 10:50:52.512 26869 26939 I ContactsProvider_EventLog: cp_s: [ cnt({acore(26869)=1}) ]
05-17 10:50:52.512 26869 26939 I ContactsProvider_EventLog: cp_s: [PROFILE ] [SAPROFILE ]
05-17 10:50:52.512 26869 26939 I ContactsProvider_EventLog: cp_s: [STATE R(F) ]
05-17 10:50:52.513  1928  2699 I bt_stack: [INFO:le_advertising_manager.cc(70)] Unregister in shim layer
05-17 10:50:52.514  1928  2282 W bt_stack: le_advertising_manager :: remove_advertiser - id : 2
05-17 10:50:52.514  1928  2260 E BtGatt.GattService: [GSIM LOG]: gsimLogHandler, msg: MESSAGE_ADV_SET_STOP, appName: dev.mob.mob, id: 2, isLegacy: true
05-17 10:50:52.516  6950  6950 D BluetoothLeAdvertiser: onAdvertisingSetStopped(2)
05-17 10:50:53.333  6950  7013 I Elixir  : BleSelfTest: HEARTBEAT events=387 devices=34 mob_peers=0 sent=7 distinct_msgs=6 beacon_callbacks=31 envelopes=0
05-17 10:50:53.333  6950  6990 I BEAMout : 10:50:53.332 [info] BleSelfTest: HEARTBEAT events=387 devices=34 mob_peers=0 sent=7 distinct_msgs=6 beacon_callbacks=31 envelopes=0
05-17 10:50:53.638  1200  2020 D ActivityManager: force stop from com.android.server.am.ActivityManagerService.forceStopPackage:4779 com.android.server.am.ActivityManagerShellCommand.runForceStop:1236 
05-17 10:50:53.638  1200  2020 I ActivityManager: Force stopping dev.mob.mob appid=10313 user=0: from pid 7030
05-17 10:50:53.641  1200  2020 I ActivityManager: Killing 6950:dev.mob.mob/u0a313 (adj 0): stop dev.mob.mob due to from pid 7030
05-17 10:50:53.642  1200  2020 D ActivityManager: proc ProcessRecord{b7095df 6950:dev.mob.mob/u0a313} already removed. so we skip next process.
05-17 10:50:53.643  1200  2020 W ActivityTaskManager: Force removing ActivityRecord{fa35b3d u0 dev.mob.mob/.MainActivity} t422 f}}: app died, no saved state
05-17 10:50:53.644  1200  2020 D InputTransport: Input channel destroyed: 'b20668d', fd=983
05-17 10:50:53.644  1200  2020 W InputManager-JNI: Input channel object 'b20668d dev.mob.mob/dev.mob.mob.MainActivity (client)' was disposed without first being removed with the input manager!
05-17 10:50:53.644  1200  2020 D InputTransport: Input channel destroyed: 'b20668d', fd=984
05-17 10:50:53.646  1200  1247 W UsageStatsService: Unexpected activity event reported! (dev.mob.mob/dev.mob.mob.MainActivity event : 23 instanceId : 156841091)
05-17 10:50:53.647  1200  2020 V WindowManager: Remove Window{b20668d u0 dev.mob.mob/dev.mob.mob.MainActivity}: mSurfaceController=null mAnimatingExit=false mRemoveOnExit=false mHasSurface=false surfaceShowing=false animating=false app-animation=false mWillReplaceWindow=false mDisplayFrozen=false callers=com.android.server.wm.WindowState.removeIfPossible:3219 com.android.server.wm.WindowToken.removeAllWindowsIfPossible:236 com.android.server.wm.ActivityRecord.removeIfPossible:5057 com.android.server.wm.ActivityRecord.onRemovedFromDisplay:5172 com.android.server.wm.DisplayContent.removeAppToken:1695 com.android.server.wm.ActivityRecord.removeFromHistory:4776 
05-17 10:50:53.647  1200  2020 D RestrictionPolicy: isScreenCaptureEnabled : ret=true userId=0
05-17 10:50:53.647  1200  2020 V WindowManager: Nulling last startingData
05-17 10:50:53.652   914  6826 I SurfaceFlinger: id=527 createSurf flag=24004, Task=422#527
05-17 10:50:53.653  1200  2020 D ActivityTaskManager: Top Process State changed to PROCESS_STATE_TOP_SLEEPING#2
05-17 10:50:53.657  2413  2413 I RecentsView: onTaskRemoved() taskId : 422
05-17 10:50:53.657  2413  2413 I TopTaskTracker: onTaskRemoved : taskId = 422
05-17 10:50:53.657  2413  2413 I RecentsView: onTaskRemoved() taskId : 422
05-17 10:50:53.657  2413  2413 I TopTaskTracker: onTaskRemoved : taskId = 422
05-17 10:50:53.664   914   914 I SurfaceFlinger: SFWD update time=203501237841482
05-17 10:50:53.665   914   914 I Layer   : id=524 removeFromCurrentState b20668d dev.mob.mob/dev.mob.mob.MainActivity#524 (96)
05-17 10:50:53.665   914   914 I Layer   : id=521 removeFromCurrentState ActivityRecord{fa35b3d u0 dev.mob.mob/.MainActivity} t422}#521 (96)
05-17 10:50:53.665   914   914 I Layer   : id=520 removeFromCurrentState Task=422#520 (96)
05-17 10:50:53.665   914   914 I Layer   : id=527 removeFromCurrentState Task=422#527 (96)
05-17 10:50:53.665   914   914 I SurfaceFlinger: id=521 Removed ActivityRecord{fa35b3d u0 dev.mob.mob/.MainActivity} t422}#521 (96)
05-17 10:50:53.665   914   914 I SurfaceFlinger: id=527 Removed Task=422#527 (96)
05-17 10:50:53.665   914   914 I SurfaceFlinger: id=524 Removed b20668d dev.mob.mob/dev.mob.mob.MainActivity#524 (96)
05-17 10:50:53.665   914   914 I Layer   : id=527 Destroyed Task=422#527
05-17 10:50:53.665   914   914 I Layer   : id=524 Destroyed b20668d dev.mob.mob/dev.mob.mob.MainActivity#524
05-17 10:50:53.665   914   914 I Layer   : id=521 Destroyed ActivityRecord{fa35b3d u0 dev.mob.mob/.MainActivity} t422}#521
05-17 10:50:53.674  1567  1567 D CarrierSvcBindHelper: onHandleForceStop: [dev.mob.mob]
05-17 10:50:53.689  1567  1567 D CarrierSvcBindHelper: No carrier app for: 0
05-17 10:50:53.690  1567  1567 D CarrierSvcBindHelper: No carrier app for: 1
05-17 10:50:53.713  1200  1248 W BroadcastQueue: Background execution not allowed: receiving Intent { act=android.intent.action.PACKAGE_RESTARTED dat=package: flg=0x10 (has extras) } to android/com.kddi.android.CpaNotiReceiver
05-17 10:50:53.719  1948  1948 D RegisteredNfcFServicesCache: Service unchanged, not updating
05-17 10:50:53.769  1200  1266 I ActivityManager: Killing PhantomProcessRecord {9c888fe 7012:6950:erl_child_setup/u0a313}: Stale process
05-17 10:50:53.776  1200  2020 D InputMethodManagerService: removeClient
05-17 10:50:53.776  1928  2699 D LeAppInfo: removeLeacReportedServerApp, appName: dev.mob.mob
05-17 10:50:53.777  1200  2907 V ActivityManager: Got obituary of 6950:dev.mob.mob
05-17 10:50:53.778  2598  2598 I adbd    : Remote process closed the socket (on MSG_PEEK)
05-17 10:50:53.779  1928  3855 I bt_stack: [INFO:le_advertising_manager.cc(70)] Unregister in shim layer
05-17 10:50:53.779  1928  2282 W bt_stack: le_advertising_manager :: remove_advertiser - id : 1
05-17 10:50:53.780  1928  2260 E BtGatt.GattService: [GSIM LOG]: gsimLogHandler, msg: MESSAGE_ADV_SET_STOP, appName: dev.mob.mob, id: 1, isLegacy: true
05-17 10:50:53.785  1200  1240 W ActivityManager: setHasOverlayUi called on unknown pid: 6950
05-17 10:50:53.786  1928  2699 D ActivityAttributionService: notifyActivityAttributionInfo UID=1002 packageName=com.android.bluetooth deviceAddress=no_active_device_address
05-17 10:50:53.786  1928  2248 I bt_stack: [INFO:le_scanning_manager.cc(200)] ScanFilterParamSetup in shim layer
05-17 10:50:53.787  1928  3855 I BtGatt.AdvertiseManager: error sending onAdvertisingSetStopped callback
05-17 10:50:53.787  1928  3855 I BtGatt.AdvertiseManager: android.os.DeadObjectException
05-17 10:50:53.787  1928  3855 I BtGatt.AdvertiseManager: 	at android.os.BinderProxy.transactNative(Native Method)
05-17 10:50:53.787  1928  3855 I BtGatt.AdvertiseManager: 	at android.os.BinderProxy.transact(BinderProxy.java:662)
05-17 10:50:53.787  1928  3855 I BtGatt.AdvertiseManager: 	at android.bluetooth.le.IAdvertisingSetCallback$Stub$Proxy.onAdvertisingSetStopped(IAdvertisingSetCallback.java:256)
05-17 10:50:53.787  1928  3855 I BtGatt.AdvertiseManager: 	at com.android.bluetooth.gatt.AdvertiseManager.stopAdvertisingSet(AdvertiseManager.java:407)
05-17 10:50:53.787  1928  3855 I BtGatt.AdvertiseManager: 	at com.android.bluetooth.gatt.AdvertiseManager$AdvertisingSetDeathRecipient.binderDied(AdvertiseManager.java:193)
05-17 10:50:53.787  1928  3855 I BtGatt.AdvertiseManager: 	at android.os.IBinder$DeathRecipient.binderDied(IBinder.java:323)
05-17 10:50:53.787  1928  3855 I BtGatt.AdvertiseManager: 	at android.os.BinderProxy.sendDeathNotice(BinderProxy.java:781)
05-17 10:50:53.789  1928  2248 D BtGatt.ContextMap: remove() - id: 2
05-17 10:50:53.790  1928  2248 E BtGatt.ContextMap: remove() - removed: 2
05-17 10:50:53.790  1928  2248 I bt_stack: [INFO:le_scanning_manager.cc(174)] Unregister in shim layer, scanner_id:2
05-17 10:50:53.791  1200  1250 I libprocessgroup: Successfully killed process cgroup uid 10313 pid 6950 in 149ms
05-17 10:50:53.791   837   837 I Zygote  : Process 6950 exited due to signal 9 (Killed)
05-17 10:50:53.792  1200  1250 I ActivityManager: Process PhantomProcessRecord {9c888fe 7012:6950:erl_child_setup/u0a313} died
05-17 10:50:53.794  1928  2260 E BtGatt.GattService: [GSIM LOG]: gsimLogHandler, msg: MESSAGE_SCAN_STOP, appName: dev.mob.mob, scannerId: 2, reportDelayMillis=0
05-17 10:50:53.796  1928  2260 E LeAppInfo: updateScanStopInfo(), There is NO scan process with :                                      dev.mob.mob|    Normal|  LowPower| NonFilter|      true|
05-17 10:50:53.799  1200  1250 I libprocessgroup: Successfully killed process cgroup uid 10313 pid 7012 in 0ms
05-17 10:50:53.940  1200  3617 D SemWifiUsabilityStatsMonitor: onWifiUsabilityStats - seqNum 5513, isSameBssidAndFreq true
