05-17 10:49:52.423  1200  2981 V WindowManager: Relayout Window{b20668d u0 dev.mob.mob/dev.mob.mob.MainActivity}: viewVisibility=0 req=1200x1920 d0
05-17 10:49:52.423  1200  2981 D RestrictionPolicy: isScreenCaptureEnabled : ret=true userId=0
05-17 10:49:52.423   914  1114 I SurfaceFlinger: id=525 createSurf flag=40004, dev.mob.mob/dev.mob.mob.MainActivity$_6950#525
05-17 10:49:52.424  1200  2981 D WindowManager: makeSurface duration=0 name=dev.mob.mob/dev.mob.mob.MainActivity$_6950
05-17 10:49:52.427  1200  2981 V WindowManager: Relayout hash=b20668d, pid=6950, syncId=-1: mAttrs={(0,0)(fillxfill) sim={adjust=resize forwardNavigation} ty=BASE_APPLICATION
05-17 10:49:52.427  1200  2981 V WindowManager:   fl=1810100
05-17 10:49:52.427  1200  2981 V WindowManager:   pfl=16020040
05-17 10:49:52.427  1200  2981 V WindowManager:   vsysui=2010
05-17 10:49:52.427  1200  2981 V WindowManager:   apr=LIGHT_STATUS_BARS LIGHT_NAVIGATION_BARS
05-17 10:49:52.427  1200  2981 V WindowManager:   bhv=DEFAULT
05-17 10:49:52.427  1200  2981 V WindowManager:   fitSides= naviIconColor=0
05-17 10:49:52.427  1200  2981 V WindowManager:   sfl=100000}
05-17 10:49:52.430  6950  6950 I ViewRootImpl@ff32c1d[MainActivity]: updateBlastSurfaceIfNeeded mBlastBufferQueue=null isSameSurfaceControl=false
05-17 10:49:52.432  6950  6950 I BLASTBufferQueue: new BLASTBufferQueue, mName= ViewRootImpl@ff32c1d[MainActivity] mNativeObject= 0x6f77f0ec00 sc.mNativeObject= 0x6f77dccd80 caller= android.view.ViewRootImpl.updateBlastSurfaceIfNeeded:2939 android.view.ViewRootImpl.relayoutWindow:9990 android.view.ViewRootImpl.performTraversals:3919 android.view.ViewRootImpl.doTraversal:3151 android.view.ViewRootImpl$TraversalRunnable.run:11068 android.view.Choreographer$CallbackRecord.run:1321 android.view.Choreographer$CallbackRecord.run:1329 android.view.Choreographer.doCallbacks:930 android.view.Choreographer.doFrame:859 android.view.Choreographer$FrameDisplayEventReceiver.run:1303 
05-17 10:49:52.432  6950  6950 I BLASTBufferQueue: update, w= 1200 h= 1920 mName = ViewRootImpl@ff32c1d[MainActivity] mNativeObject= 0x6f77f0ec00 sc.mNativeObject= 0x6f77dccd80 format= -1 caller= android.graphics.BLASTBufferQueue.<init>:84 android.view.ViewRootImpl.updateBlastSurfaceIfNeeded:2939 android.view.ViewRootImpl.relayoutWindow:9990 android.view.ViewRootImpl.performTraversals:3919 android.view.ViewRootImpl.doTraversal:3151 android.view.ViewRootImpl$TraversalRunnable.run:11068 
05-17 10:49:52.434  6950  6950 I ViewRootImpl@ff32c1d[MainActivity]: Relayout returned: old=(0,0,1200,1920) new=(0,0,1200,1920) req=(1200,1920)0 dur=8 res=0x3 s={true 0x6f77dd6000} ch=true seqId=0
05-17 10:49:52.434 32141  6847 I Finsky  : [274] SCH: Satisfied jobs for 9111 are: 12-1
05-17 10:49:52.436  6950  6950 I ViewRootImpl@ff32c1d[MainActivity]: mThreadedRenderer.initialize() mSurface={isValid=true 0x6f77dd6000} hwInitialized=true
05-17 10:49:52.438 32141  6995 I Finsky  : [278] SCH: Job 12-1 starting
05-17 10:49:52.438   853 27087 I display : getColorModes:: is not supported
05-17 10:49:52.438   853 27087 I display : getColorModes:: is not supported
05-17 10:49:52.438   914  1114 E HWComposer: getSupportedContentTypes: getSupportedContentTypes failed for display 0: Unsupported (8)
05-17 10:49:52.440  6950  6981 D OpenGLRenderer: eglCreateWindowSurface
05-17 10:49:52.442 32141 32141 I Finsky  : [2] WM::SCH: Logging work start for 12-1
05-17 10:49:52.443 32141 32141 I Finsky  : [2] [ContentSync] job started
05-17 10:49:52.445   561   561 I hwservicemanager: getTransport: Cannot find entry android.hardware.graphics.mapper@4.0::IMapper/default in either framework or device VINTF manifest.
05-17 10:49:52.445  6950  6997 I Gralloc4: mapper 4.x is not supported
05-17 10:49:52.447   561   561 I hwservicemanager: getTransport: Cannot find entry android.hardware.graphics.mapper@3.0::IMapper/default in either framework or device VINTF manifest.
05-17 10:49:52.447  6950  6997 W Gralloc3: mapper 3.x is not supported
05-17 10:49:52.457  6950  6997 I gralloc : Arm Module v1.0
05-17 10:49:52.459   561   561 I hwservicemanager: getTransport: Cannot find entry android.hardware.graphics.allocator@4.0::IAllocator/default in either framework or device VINTF manifest.
05-17 10:49:52.461  6950  6950 I ViewRootImpl@ff32c1d[MainActivity]: reportNextDraw android.view.ViewRootImpl.performTraversals:4473 android.view.ViewRootImpl.doTraversal:3151 android.view.ViewRootImpl$TraversalRunnable.run:11068 android.view.Choreographer$CallbackRecord.run:1321 android.view.Choreographer$CallbackRecord.run:1329 
05-17 10:49:52.461   560  1004 I servicemanager: Could not find android.hardware.graphics.allocator.IAllocator/default in the VINTF manifest.
05-17 10:49:52.461  6950  6997 W Gralloc4: allocator 4.x is not supported
05-17 10:49:52.461  6950  6950 I ViewRootImpl@ff32c1d[MainActivity]: Setup new sync id=0
05-17 10:49:52.461  6950  6950 I ViewRootImpl@ff32c1d[MainActivity]: Setting syncFrameCallback
05-17 10:49:52.461  6950  6950 I ViewRootImpl@ff32c1d[MainActivity]: registerCallbacksForSync syncBuffer=false
05-17 10:49:52.461   561   561 I hwservicemanager: getTransport: Cannot find entry android.hardware.graphics.allocator@3.0::IAllocator/default in either framework or device VINTF manifest.
05-17 10:49:52.462  6950  6997 W Gralloc3: allocator 3.x is not supported
05-17 10:49:52.482  6950  6999 I ViewRootImpl@ff32c1d[MainActivity]: Received frameDrawingCallback syncResult=0 frameNum=1.
05-17 10:49:52.482  6950  6999 I ViewRootImpl@ff32c1d[MainActivity]: Setting up sync and frameCommitCallback
05-17 10:49:52.524  6950  6981 I BLASTBufferQueue: [ViewRootImpl@ff32c1d[MainActivity]#0](f:0,a:0,s:0) onFrameAvailable the first frame is available
05-17 10:49:52.525  6950  6981 I ViewRootImpl@ff32c1d[MainActivity]: Received frameCommittedCallback lastAttemptedDrawFrameNum=1 didProduceBuffer=true
05-17 10:49:52.527  6950  6981 D OpenGLRenderer: CFMS:: SetUp Pid : 6950    Tid : 6981
05-17 10:49:52.532  6950  6950 I ViewRootImpl@ff32c1d[MainActivity]: onSyncComplete
05-17 10:49:52.533  6950  6950 I ViewRootImpl@ff32c1d[MainActivity]: setupSync seqId=0 mSyncId=0 fn=1 caller=android.view.ViewRootImpl$$ExternalSyntheticLambda11.accept:6 android.window.SurfaceSyncer.lambda$setupSync$1$android-window-SurfaceSyncer:168 android.window.SurfaceSyncer$$ExternalSyntheticLambda1.accept:8 android.window.SurfaceSyncer$SyncSet.checkIfSyncIsComplete:495 android.window.SurfaceSyncer$SyncSet.markSyncReady:454 android.window.SurfaceSyncer.markSyncReady:191 android.view.ViewRootImpl.performTraversals:4538 
05-17 10:49:52.536  6950  6950 I ViewRootImpl@ff32c1d[MainActivity]: reportDrawFinished seqId=0 mSyncId=-1 fn=1 mSurfaceChangedTransaction=0x6f75d34000
05-17 10:49:52.536  1200  2981 D WindowManager: finishDrawingWindow: Window{b20668d u0 dev.mob.mob/dev.mob.mob.MainActivity} mDrawState=DRAW_PENDING seqId=0
05-17 10:49:52.538  6950  6950 I ViewRootImpl@ff32c1d[MainActivity]: stopped(true) old = false
05-17 10:49:52.538  5662  5662 I TrayVisibilityController: getComputedTrayVisible : keyguardState = 2
05-17 10:49:52.538  5662  5662 I TrayVisibilityController: updateTrayVisible: State=2 visible=1 mCurrentVisible=1 specificMode=0
05-17 10:49:52.538  5662  5662 I TrayStateController: onNotifyUpdateTray: state=0
05-17 10:49:52.538  6950  6950 I ViewRootImpl@ff32c1d[MainActivity]: WindowStopped on dev.mob.mob/dev.mob.mob.MainActivity set to true
05-17 10:49:52.551  6950  6950 D DecorView: isDeviceLocked = false
05-17 10:49:52.552  6950  6950 I MSHandlerLifeCycle: check: return. pkg=dev.mob.mob mode=fullscreen op=true locked=false callers=com.android.internal.policy.DecorView.setVisibility:4487 android.app.ActivityThread.updateVisibility:5883 android.app.ActivityThread.handleStopActivity:5901 android.app.servertransaction.StopActivityItem.execute:43 android.app.servertransaction.ActivityTransactionItem.execute:45 
05-17 10:49:52.552  6950  6950 I MSHandlerLifeCycle: removeMultiSplitHandler: no exist. decor=DecorView@d21ac7e[MainActivity]
05-17 10:49:52.583  6950  6981 D OpenGLRenderer: setSurface called with nullptr
05-17 10:49:52.584  6950  6981 D OpenGLRenderer: setSurface() destroyed EGLSurface
05-17 10:49:52.584  6950  6981 D OpenGLRenderer: destroyEglSurface
05-17 10:49:52.586  6950  6950 I ViewRootImpl@ff32c1d[MainActivity]: performTraversals mFirst=false windowShouldResize=false viewVisibilityChanged=true mForceNextWindowRelayout=false params=null
05-17 10:49:52.587  1200  1902 V WindowManager: Relayout Window{b20668d u0 dev.mob.mob/dev.mob.mob.MainActivity}: viewVisibility=4 req=1200x1920 d0
05-17 10:49:52.589  1200  1902 V WindowManager: Relayout hash=b20668d, pid=6950, syncId=-1: mAttrs={(0,0)(fillxfill) sim={adjust=resize forwardNavigation} ty=BASE_APPLICATION
05-17 10:49:52.589  1200  1902 V WindowManager:   fl=1810100
05-17 10:49:52.589  1200  1902 V WindowManager:   pfl=16020040
05-17 10:49:52.589  1200  1902 V WindowManager:   vsysui=2010
05-17 10:49:52.589  1200  1902 V WindowManager:   apr=LIGHT_STATUS_BARS LIGHT_NAVIGATION_BARS
05-17 10:49:52.589  1200  1902 V WindowManager:   bhv=DEFAULT
05-17 10:49:52.589  1200  1902 V WindowManager:   fitSides= naviIconColor=0
05-17 10:49:52.589  1200  1902 V WindowManager:   sfl=100000}
05-17 10:49:52.592  6950  6950 I ViewRootImpl@ff32c1d[MainActivity]: Relayout returned: old=(0,0,1200,1920) new=(0,0,1200,1920) req=(1200,1920)4 dur=5 res=0x2 s={false 0x0} ch=false seqId=0
05-17 10:49:52.597  1200  1902 V WindowManager: Setting visibility of Window{b20668d u0 dev.mob.mob/dev.mob.mob.MainActivity}: false, caller=com.android.server.wm.WindowContainer.sendAppVisibilityToClients:1295 com.android.server.wm.WindowToken.setClientVisible:453 com.android.server.wm.ActivityRecord.setClientVisible:7968 com.android.server.wm.ActivityRecord.notifyAppStopped:6841 com.android.server.wm.ActivityRecord.activityStopped:7449 
05-17 10:49:52.597  1200  1902 E WindowManager: win=Window{b20668d u0 dev.mob.mob/dev.mob.mob.MainActivity} destroySurfaces: appStopped=true cleanupOnResume=false win.mWindowRemovalAllowed=false win.mRemoveOnExit=false win.mViewVisibility=4 caller=com.android.server.wm.ActivityRecord.destroySurfaces:6798 com.android.server.wm.ActivityRecord.destroySurfaces:6779 com.android.server.wm.ActivityRecord.notifyAppStopped:6843 com.android.server.wm.ActivityRecord.activityStopped:7449 com.android.server.wm.ActivityClientController.activityStopped:274 android.app.IActivityClientController$Stub.onTransact:621 com.android.server.wm.ActivityClientController.onTransact:152 
05-17 10:49:52.598  1200  1902 I WindowManager: Destroying surface Surface(name=dev.mob.mob/dev.mob.mob.MainActivity$_6950)/@0x70c821e called by com.android.server.wm.WindowStateAnimator.destroySurface:955 com.android.server.wm.WindowStateAnimator.destroySurfaceLocked:537 com.android.server.wm.WindowState.destroySurfaceUnchecked:4533 com.android.server.wm.WindowState.destroySurface:4507 com.android.server.wm.ActivityRecord.destroySurfaces:6798 com.android.server.wm.ActivityRecord.destroySurfaces:6779 com.android.server.wm.ActivityRecord.notifyAppStopped:6843 com.android.server.wm.ActivityRecord.activityStopped:7449 
05-17 10:49:52.599  1200  1902 V WindowManager: Schedule remove starting ActivityRecord{fa35b3d u0 dev.mob.mob/.MainActivity} t422} startingWindow=null startingView=null Callers=com.android.server.wm.ActivityRecord.removeStartingWindow:3352 com.android.server.wm.ActivityRecord.notifyAppStopped:6845 com.android.server.wm.ActivityRecord.activityStopped:7449 com.android.server.wm.ActivityClientController.activityStopped:274 android.app.IActivityClientController$Stub.onTransact:621 
05-17 10:49:52.599  1200  1241 V WindowManager: Removing startingView=com.android.server.wm.StartingSurfaceController$StartingSurface@99d7c7e
05-17 10:49:52.599  6950  6950 I ViewRootImpl@ff32c1d[MainActivity]: handleAppVisibility mAppVisible = true visible = false
05-17 10:49:52.600  1200  1241 D TaskOrganizerController: applyStartingWindowAnimation, window=Window{b20668d u0 dev.mob.mob/dev.mob.mob.MainActivity}, caller=com.android.server.wm.TaskOrganizerController.removeStartingWindow:595 com.android.server.wm.StartingSurfaceController$StartingSurface.remove:287 com.android.server.wm.ActivityRecord.lambda$removeStartingWindowAnimation$7:3417 
05-17 10:49:52.600  1200  1241 I WindowManager: Reparenting to leash, surface=Surface(name=b20668d dev.mob.mob/dev.mob.mob.MainActivity)/@0x12cbaff, leashParent=Surface(name=ActivityRecord{fa35b3d u0 dev.mob.mob/.MainActivity} t422})/@0x13f80cc
05-17 10:49:52.600   914  1114 I SurfaceFlinger: id=526 createSurf flag=24000, Surface(name=b20668d dev.mob.mob/dev.mob.mob.MainActivity)/@0x12cbaff - animation-leash of starting_reveal#526
05-17 10:49:52.601  1200  1241 D WindowManager: makeSurface duration=1 leash=Surface(name=Surface(name=b20668d dev.mob.mob/dev.mob.mob.MainActivity)/@0x12cbaff - animation-leash of starting_reveal)/@0xb102f15
05-17 10:49:52.601   914   914 I Layer   : id=525 removeFromCurrentState dev.mob.mob/dev.mob.mob.MainActivity$_6950#525 (98)
05-17 10:49:52.603   914  6826 I SurfaceFlinger: id=525 Removed dev.mob.mob/dev.mob.mob.MainActivity$_6950#525 (98)
05-17 10:49:52.618   914   914 I Layer   : id=525 Destroyed dev.mob.mob/dev.mob.mob.MainActivity$_6950#525
05-17 10:49:52.637   602   602 D io_stats: !@   8,0 r 1030123 33579928 w 588847 56578156 d 0 0 f 0 0 iot 510492 0 th 0 0 0 pt 0 inp 0 0 203440.210
05-17 10:49:52.656 30311 30540 I FontLog : (REDACTED) Received query %s, URI %s
05-17 10:49:52.656 30311 30540 I FontLog : (REDACTED) Query [%s] resolved to %s
05-17 10:49:52.659 30311 30540 I FontLog : (REDACTED) Fetch %s end status %s
05-17 10:49:52.670 30311 30540 I FontLog : (REDACTED) Pulling font file for id = %d, cache size = %d
05-17 10:49:52.684  1613  1749 D OpenGLRenderer: setSurface called with nullptr
05-17 10:49:52.684  1613  1749 D OpenGLRenderer: setSurface() destroyed EGLSurface
05-17 10:49:52.684  1613  1749 D OpenGLRenderer: destroyEglSurface
05-17 10:49:52.684 30311 30540 I FontLog : (REDACTED) Pulling font file for id = %d, cache size = %d
05-17 10:49:52.686  1613  1737 I ViewRootImpl@8bb77db[mob]: performTraversals params={(0,0)(fillxfill) sim={adjust=pan} ty=APPLICATION_STARTING fmt=TRANSLUCENT alpha=0.0
05-17 10:49:52.686  1613  1737 I ViewRootImpl@8bb77db[mob]:   fl=81030118
05-17 10:49:52.686  1613  1737 I ViewRootImpl@8bb77db[mob]:   pfl=16000010
05-17 10:49:52.686  1613  1737 I ViewRootImpl@8bb77db[mob]:   bhv=DEFAULT
05-17 10:49:52.686  1613  1737 I ViewRootImpl@8bb77db[mob]:   fitSides= naviIconColor=0}
05-17 10:49:52.686  1613  1737 I ViewRootImpl@8bb77db[mob]: performTraversals mFirst=false windowShouldResize=false viewVisibilityChanged=true mForceNextWindowRelayout=false params={(0,0)(fillxfill) sim={adjust=pan} ty=APPLICATION_STARTING fmt=TRANSLUCENT alpha=0.0
05-17 10:49:52.686  1613  1737 I ViewRootImpl@8bb77db[mob]:   fl=81030118
05-17 10:49:52.686  1613  1737 I ViewRootImpl@8bb77db[mob]:   pfl=16000010
05-17 10:49:52.686  1613  1737 I ViewRootImpl@8bb77db[mob]:   bhv=DEFAULT
05-17 10:49:52.686  1613  1737 I ViewRootImpl@8bb77db[mob]:   fitSides= naviIconColor=0}
05-17 10:49:52.686  1200  3007 V WindowManager: Relayout Window{44fb4f5 u0 Splash Screen dev.mob.mob}: viewVisibility=8 req=1200x1920 d0
05-17 10:49:52.687  1200  3007 E WindowManager: win=Window{44fb4f5 u0 Splash Screen dev.mob.mob} destroySurfaces: appStopped=true cleanupOnResume=false win.mWindowRemovalAllowed=false win.mRemoveOnExit=false win.mViewVisibility=8 caller=com.android.server.wm.WindowManagerService.tryStartExitingAnimation:3040 com.android.server.wm.WindowManagerService.relayoutWindow:2731 com.android.server.wm.Session.relayout:275 android.view.IWindowSession$Stub.onTransact:788 com.android.server.wm.Session.onTransact:189 android.os.Binder.execTransactInternal:1321 android.os.Binder.execTransact:1280 
05-17 10:49:52.687  1200  3007 I WindowManager: Destroying surface Surface(name=Splash Screen dev.mob.mob$_1613)/@0x2b007e9 called by com.android.server.wm.WindowStateAnimator.destroySurface:955 com.android.server.wm.WindowStateAnimator.destroySurfaceLocked:537 com.android.server.wm.WindowState.destroySurfaceUnchecked:4533 com.android.server.wm.WindowState.destroySurface:4507 com.android.server.wm.WindowManagerService.tryStartExitingAnimation:3040 com.android.server.wm.WindowManagerService.relayoutWindow:2731 com.android.server.wm.Session.relayout:275 android.view.IWindowSession$Stub.onTransact:788 
05-17 10:49:52.688  1200  3007 V WindowManager: Relayout hash=44fb4f5, pid=1613, syncId=-1: mAttrs={(0,0)(fillxfill) sim={adjust=pan} ty=APPLICATION_STARTING fmt=TRANSLUCENT alpha=0.0
05-17 10:49:52.688  1200  3007 V WindowManager:   fl=81030118
05-17 10:49:52.688  1200  3007 V WindowManager:   pfl=16000010
05-17 10:49:52.688  1200  3007 V WindowManager:   bhv=DEFAULT
05-17 10:49:52.688  1200  3007 V WindowManager:   fitSides= naviIconColor=0}
05-17 10:49:52.689  1613  1737 I ViewRootImpl@8bb77db[mob]: Relayout returned: old=(0,0,1200,1920) new=(0,0,1200,1920) req=(1200,1920)8 dur=3 res=0x2 s={false 0x0} ch=true seqId=0
05-17 10:49:52.690  1200  3007 D CoreBackPreview: Window{44fb4f5 u0 Splash Screen dev.mob.mob}: Setting back callback null
05-17 10:49:52.690  1613  1737 I ViewRootImpl@8bb77db[mob]: dispatchDetachedFromWindow
05-17 10:49:52.690  1200  3007 D WindowManager: Starting window removed Window{44fb4f5 u0 Splash Screen dev.mob.mob}
05-17 10:49:52.690  1200  3007 I WindowManager: Cancelling animation restarting=false, leash=Surface(name=Surface(name=b20668d dev.mob.mob/dev.mob.mob.MainActivity)/@0x12cbaff - animation-leash of starting_reveal)/@0xb102f15
05-17 10:49:52.690  1200  3007 I WindowManager: Reparenting to original parent: Surface(name=ActivityRecord{fa35b3d u0 dev.mob.mob/.MainActivity} t422})/@0x13f80cc, destroy=false, surface=Surface(name=b20668d dev.mob.mob/dev.mob.mob.MainActivity)/@0x12cbaff
05-17 10:49:52.690  1200  3007 D InputTransport: Input channel destroyed: '44fb4f5', fd=976
05-17 10:49:52.691  1200  3007 W InputManager-JNI: Input channel object '44fb4f5 Splash Screen dev.mob.mob (client)' was disposed without first being removed with the input manager!
05-17 10:49:52.691  1200  3007 D InputTransport: Input channel destroyed: '44fb4f5', fd=977
05-17 10:49:52.691  1200  3007 V WindowManager: Remove Window{44fb4f5 u0 Splash Screen dev.mob.mob}: mSurfaceController=null mAnimatingExit=false mRemoveOnExit=false mHasSurface=false surfaceShowing=false animating=false app-animation=false mWillReplaceWindow=false mDisplayFrozen=false callers=com.android.server.wm.WindowState.removeIfPossible:3219 com.android.server.wm.WindowManagerService.removeWindow:2293 com.android.server.wm.Session.remove:237 android.view.IWindowSession$Stub.onTransact:752 com.android.server.wm.Session.onTransact:189 android.os.Binder.execTransactInternal:1321 
05-17 10:49:52.693  1613  1737 D InputTransport: Input channel destroyed: '44fb4f5', fd=320
05-17 10:49:52.700   914   914 I Layer   : id=523 removeFromCurrentState Splash Screen dev.mob.mob$_1613#523 (97)
05-17 10:49:52.700   914   914 I Layer   : id=522 removeFromCurrentState 44fb4f5 Splash Screen dev.mob.mob#522 (97)
05-17 10:49:52.700   914   914 I Layer   : id=526 removeFromCurrentState Surface(name=b20668d dev.mob.mob/dev.mob.mob.MainActivity)/@0x12cbaff - animation-leash of starting_reveal#526 (97)
05-17 10:49:52.700   914   914 I SurfaceFlinger: id=522 Removed 44fb4f5 Splash Screen dev.mob.mob#522 (97)
05-17 10:49:52.700   914   914 I SurfaceFlinger: id=523 Removed Splash Screen dev.mob.mob$_1613#523 (97)
05-17 10:49:52.700   914   914 I Layer   : id=522 Destroyed 44fb4f5 Splash Screen dev.mob.mob#522
05-17 10:49:52.700   914   914 I Layer   : id=523 Destroyed Splash Screen dev.mob.mob$_1613#523
05-17 10:49:52.712   864  6994 E HYPER-HAL: [HandlerSysfs.cpp]doResourceHandling(): Couldn't Open Sysfs - /sys/power/cstate_control
05-17 10:49:52.717   864  6994 I HYPER-HAL: [RequestManager.cpp]releaseLocked(): Released ID : 739952
05-17 10:49:52.908   864  6944 I HYPER-HAL: [RequestManager.cpp]releaseLocked(): Released ID : 4255915
05-17 10:49:53.542  5662  5662 I TrayVisibilityController: getComputedTrayVisible : keyguardState = 2
05-17 10:49:53.542  5662  5662 I TrayVisibilityController: updateTrayVisible: State=2 visible=1 mCurrentVisible=1 specificMode=0
05-17 10:49:53.542  5662  5662 I TrayStateController: onNotifyUpdateTray: state=0
05-17 10:49:53.595 32141 32147 W android.vending: Suspending all threads took: 14.570ms
05-17 10:49:54.041 32141 32141 W Finsky  : [2] STU: Failed to get storage stats for package 'com.google.mainline.primary.libs' (1601: Error getting stats: android.content.pm.PackageManager.NameNotFoundException)
05-17 10:49:54.091  6950  6955 I dev.mob.mob: Compiler allocated 6148KB to compile void android.view.ViewRootImpl.performTraversals()
05-17 10:49:54.626 32141 32141 W Finsky  : [2] STU: Failed to get storage stats for package 'com.google.android.appsearch' (1601: Error getting stats: android.content.pm.PackageManager.NameNotFoundException)
05-17 10:49:54.638   602   602 D io_stats: !@   8,0 r 1030171 33581108 w 588852 56578176 d 0 0 f 0 0 iot 510516 0 th 0 0 0 pt 0 inp 0 0 203442.211
05-17 10:49:54.642 32141 32141 W Finsky  : [2] STU: Failed to get storage stats for package 'com.google.android.art' (1601: Error getting stats: android.content.pm.PackageManager.NameNotFoundException)
05-17 10:49:54.797 32141 32141 W Finsky  : [2] STU: Failed to get storage stats for package 'com.google.android.mediaprovider' (1601: Error getting stats: android.content.pm.PackageManager.NameNotFoundException)
05-17 10:49:54.907 32141 32141 W Finsky  : [2] STU: Failed to get storage stats for package 'com.google.android.resolv' (1601: Error getting stats: android.content.pm.PackageManager.NameNotFoundException)
05-17 10:49:54.915  1200  3617 D SemWifiUsabilityStatsMonitor: onWifiUsabilityStats - seqNum 5494, isSameBssidAndFreq true
05-17 10:49:54.916  1613  1613 D NetworkController.WifiSignalController: notifyListener: visible=true, connected=true, inetCondition=1, isDefault=true, wifiTestReported=true, receivedInetCondition=-1, hideDuringMobileSwitching=false
05-17 10:49:54.916  1200  1507 I SemWifiLinkQualityMonitor: Link Qos Query: 0.053 ms / 150.985 Mbps (432 / 0.013 / 1.667)
05-17 10:49:54.963 32141 32141 W Finsky  : [2] STU: Failed to get storage stats for package 'com.google.android.media' (1601: Error getting stats: android.content.pm.PackageManager.NameNotFoundException)
05-17 10:49:55.138 32141 32141 W Finsky  : [2] STU: Failed to get storage stats for package 'com.google.android.sdkext' (1601: Error getting stats: android.content.pm.PackageManager.NameNotFoundException)
05-17 10:49:55.148  6950  6991 I MobBeam : mob_start_beam: focus timeout (3000 ms) — starting BEAM anyway
05-17 10:49:55.148  6950  6991 I MobBeam : mob_start_beam: starting BEAM with module=mob_node, argc=37
05-17 10:49:55.155  6950  6991 I MobBeam : mob_start_beam: symlink erl_child_setup -> /data/app/~~lutGmUXpKKttmyLXHus8Vw==/dev.mob.mob-F7zIiUYOYVVyQzwNaD0vFg==/lib/arm64/liberl_child_setup.so
05-17 10:49:55.156  6950  6991 I MobBeam : mob_start_beam: symlink inet_gethost -> /data/app/~~lutGmUXpKKttmyLXHus8Vw==/dev.mob.mob-F7zIiUYOYVVyQzwNaD0vFg==/lib/arm64/libinet_gethost.so
05-17 10:49:55.158  6950  6991 I MobBeam : mob_start_beam: symlink epmd -> /data/app/~~lutGmUXpKKttmyLXHus8Vw==/dev.mob.mob-F7zIiUYOYVVyQzwNaD0vFg==/lib/arm64/libepmd.so
05-17 10:49:55.161  6950  6991 E MobBeam : mob_start_beam: exqlite NIF missing from both nativeLibDir and priv/
05-17 10:49:55.164  6950  6991 E MobBeam : mob_start_beam: sqlite3_nif.so (fallback) missing — NIF load will fail
05-17 10:49:55.202 32141 32141 W Finsky  : [2] STU: Failed to get storage stats for package 'com.google.android.adservices' (1601: Error getting stats: android.content.pm.PackageManager.NameNotFoundException)
05-17 10:49:55.205 32141 32141 W Finsky  : [2] STU: Failed to get storage stats for package 'com.google.android.tethering' (1601: Error getting stats: android.content.pm.PackageManager.NameNotFoundException)
05-17 10:49:55.468 32141 32141 W Finsky  : [2] STU: Failed to get storage stats for package 'com.google.android.cellbroadcast' (1601: Error getting stats: android.content.pm.PackageManager.NameNotFoundException)
05-17 10:49:55.856 32141 32141 W Finsky  : [2] STU: Failed to get storage stats for package 'com.google.android.tzdata4' (1601: Error getting stats: android.content.pm.PackageManager.NameNotFoundException)
05-17 10:49:55.906 32141 32141 W Finsky  : [2] STU: Failed to get storage stats for package 'com.google.android.permission' (1601: Error getting stats: android.content.pm.PackageManager.NameNotFoundException)
05-17 10:49:56.361 32141 32141 W Finsky  : [2] STU: Failed to get storage stats for package 'com.google.android.media.swcodec' (1601: Error getting stats: android.content.pm.PackageManager.NameNotFoundException)
05-17 10:49:56.639   602   602 D io_stats: !@   8,0 r 1030333 33586684 w 588859 56578316 d 0 0 f 0 0 iot 510588 0 th 0 0 0 pt 0 inp 0 0 203444.212
05-17 10:49:56.663 32141 32141 W Finsky  : [2] STU: Failed to get storage stats for package 'com.google.android.adbd' (1601: Error getting stats: android.content.pm.PackageManager.NameNotFoundException)
05-17 10:49:56.715 32141 32141 W Finsky  : [2] STU: Failed to get storage stats for package 'com.google.android.conscrypt' (1601: Error getting stats: android.content.pm.PackageManager.NameNotFoundException)
05-17 10:49:56.818 32141 32141 W Finsky  : [2] STU: Failed to get storage stats for package 'com.google.android.neuralnetworks' (1601: Error getting stats: android.content.pm.PackageManager.NameNotFoundException)
05-17 10:49:56.850  6950  7013 I MobNIF  : nif_load: entered, Bridge.cls=0x2ca6
05-17 10:49:56.851  6950  7013 I MobNIF  : nif_load: uiTree not found (optional)
05-17 10:49:56.852  6950  7013 I MobNIF  : nif_load: uiViewTree not found (optional)
05-17 10:49:56.852  6950  7013 I MobNIF  : nif_load: screenInfo not found (optional)
05-17 10:49:56.852  6950  7013 I MobNIF  : nif_load: tapXy not found (optional)
05-17 10:49:56.852  6950  7013 I MobNIF  : nif_load: tapByLabel not found (optional)
05-17 10:49:56.852  6950  7013 I MobNIF  : nif_load: typeText not found (optional)
05-17 10:49:56.852  6950  7013 I MobNIF  : nif_load: deleteBackward not found (optional)
05-17 10:49:56.852  6950  7013 I MobNIF  : nif_load: clearText not found (optional)
05-17 10:49:56.852  6950  7013 I MobNIF  : nif_load: longPressXy not found (optional)
05-17 10:49:56.852  6950  7013 I MobNIF  : nif_load: swipeXy not found (optional)
05-17 10:49:56.852  6950  7013 I MobNIF  : Mob NIF loaded (Compose backend)
05-17 10:49:56.857  6950  7013 I Elixir  : step 1 starting
05-17 10:49:56.941  6950  7013 I Elixir  : step 1 => ok
05-17 10:49:56.941  6950  7013 I Elixir  : step 2 starting
05-17 10:49:56.962 32141 32141 W Finsky  : [2] STU: Failed to get storage stats for package 'com.google.android.ipsec' (1601: Error getting stats: android.content.pm.PackageManager.NameNotFoundException)
05-17 10:49:57.029 32141 32141 W Finsky  : [2] STU: Failed to get storage stats for package 'com.google.android.ondevicepersonalization' (1601: Error getting stats: android.content.pm.PackageManager.NameNotFoundException)
05-17 10:49:57.071  6950  7013 I Elixir  : step 2 => ok
05-17 10:49:57.071  6950  7013 I Elixir  : step 3 starting
05-17 10:49:57.204 32141 32141 W Finsky  : [2] STU: Failed to get storage stats for package 'com.google.android.extservices' (1601: Error getting stats: android.content.pm.PackageManager.NameNotFoundException)
05-17 10:49:57.258  6950  7013 I Elixir  : step 3 => ok
05-17 10:49:57.258  6950  7013 I Elixir  : step 4 starting
05-17 10:49:57.258  6950  7013 I Elixir  : step 4 => android
05-17 10:49:57.258  6950  7013 I Elixir  : step 5 starting
05-17 10:49:57.285 32141 32141 W Finsky  : [2] STU: Failed to get storage stats for package 'com.google.android.os.statsd' (1601: Error getting stats: android.content.pm.PackageManager.NameNotFoundException)
05-17 10:49:57.418   864  6947 I HYPER-HAL: [RequestManager.cpp]releaseLocked(): Released ID : 4261754
05-17 10:49:57.419  2496  2542 I RequestManager_FLP: onOpChanged, op=0 / packageName=dev.mob.mob
05-17 10:49:57.440 32141 32141 W Finsky  : [2] STU: Failed to get storage stats for package 'com.google.android.scheduling' (1601: Error getting stats: android.content.pm.PackageManager.NameNotFoundException)
05-17 10:49:57.464 32141 32141 I Finsky  : [2] App states replicator found 46 unowned apps
05-17 10:49:57.484 32141 32232 I Finsky  : [69] Completed 0 account content syncs with 0 successful.
05-17 10:49:57.484 32141 32141 I Finsky  : [2] [ContentSync] Installation state replication succeeded.
05-17 10:49:57.485 32141 32141 I Finsky  : [2] SCH: jobFinished: 12-1. TimeElapsed: 5043ms.
05-17 10:49:57.485 32141 32141 I Finsky  : [2] WM::SCH: Logging work end for 12-1
05-17 10:49:57.508 32141 32236 I Finsky  : [74] SCH: Scheduling phonesky job Id: 1-1337, CT: 1779013474247, Constraints: [{ L: 43187620, D: 86387620, C: CHARGING_NONE, I: IDLE_NONE, N: NET_ANY, B: BATTERY_ANY }]
05-17 10:49:57.509 32141 32236 I Finsky  : [74] SCH: Scheduling phonesky job Id: 34-221, CT: 1778970415288, Constraints: [{ L: 604800000, D: 2475498927, C: CHARGING_NONE, I: IDLE_NONE, N: NET_ANY, B: BATTERY_ANY }]
05-17 10:49:57.509 32141 32236 I Finsky  : [74] SCH: Scheduling phonesky job Id: 34-225, CT: 1778970415287, Constraints: [{ L: 604800000, D: 2555480070, C: CHARGING_NONE, I: IDLE_NONE, N: NET_ANY, B: BATTERY_ANY }]
05-17 10:49:57.509 32141 32236 I Finsky  : [74] SCH: Scheduling phonesky job Id: 34-228, CT: 1779013475609, Constraints: [{ L: 79199926, D: 1375199926, C: CHARGING_NONE, I: IDLE_NONE, N: NET_ANY, B: BATTERY_ANY }]
05-17 10:49:57.509 32141 32236 I Finsky  : [74] SCH: Scheduling phonesky job Id: 34-229, CT: 1779013476047, Constraints: [{ L: 604800000, D: 2591999654, C: CHARGING_NONE, I: IDLE_NONE, N: NET_ANY, B: BATTERY_ANY }]
05-17 10:49:57.528 32141 32232 I Finsky  : [69] SCH: Scheduling 1 system job(s)
05-17 10:49:57.529 32141 32232 I Finsky  : [69] SCH: Scheduling system job Id: 9118, L: 16464339, D: 59664339, C: false, I: false, N: 1
05-17 10:49:57.563 32141  6995 I Finsky  : [278] SCH: job service finished with id 9111.
05-17 10:49:57.586  1200  5525 D SGM:GameManager: identifyGamePackage. dev.mob.mob, mCurrentUserId: 0, callerUserId: 0, callingMethodInfo: com.android.server.ssrm.SortingMachine.isGame(SortingMachine.java:162)
05-17 10:49:57.586  1200  5525 D SGM:PkgDataHelper: getGamePkgData(). dev.mob.mob
05-17 10:49:57.616  6950  7020 D ProfileInstaller: Installing profile for dev.mob.mob
05-17 10:49:57.972  6950  7013 I Elixir  : mob_node: mob_runtime started (11 apps)
05-17 10:49:58.000  6950  6990 I BEAMout : 10:49:57.972 [info] mob_node: mob_runtime started (11 apps)
05-17 10:49:58.010  6950  7013 I Elixir  : mob_node: BLE.Observability started
05-17 10:49:58.012  6950  6990 I BEAMout : 10:49:58.010 [info] mob_node: BLE.Observability started
05-17 10:49:58.026  6950  7013 I Elixir  : mob_node: distribution up as mob_node_android_dev@127.0.0.1
05-17 10:49:58.027  6950  6990 I BEAMout : 10:49:58.026 [info] mob_node: distribution up as mob_node_android_dev@127.0.0.1
05-17 10:49:58.041  6950  7013 I Elixir  : mob_node: BLE self-test started
05-17 10:49:58.042  6950  7013 I Elixir  : BleSelfTest: starting scan + advertising as mob-dev
05-17 10:49:58.050  1200  3617 D SemWifiUsabilityStatsMonitor: onWifiUsabilityStats - seqNum 5495, isSameBssidAndFreq true
05-17 10:49:58.052  1200  1507 I SemWifiLinkQualityMonitor: Link Qos Query: 0.162 ms / 49.502 Mbps (432 / 0.078 / 1.667)
05-17 10:49:58.061  1200  1403 D BluetoothManagerService: mDisableBleCallbacks count 12
05-17 10:49:58.062  6950  7013 I BluetoothAdapter: BluetoothAdapter() : dev.mob.mob
05-17 10:49:58.071  6950  7013 I BluetoothAdapter: STATE_ON
05-17 10:49:58.072  6950  7013 I BluetoothAdapter: STATE_ON
05-17 10:49:58.073  6950  7013 I BluetoothAdapter: STATE_ON
05-17 10:49:58.076  6950  7013 I BluetoothAdapter: STATE_ON
05-17 10:49:58.078  6950  7013 D BluetoothLeScanner: Start Scan with callback
05-17 10:49:58.083  1928  2699 D BtGatt.ContextMap: add() - appUid: 10313, appPid: 6950, appName: dev.mob.mob
05-17 10:49:58.083  1928  2699 I bt_stack: [INFO:le_scanning_manager.cc(167)] RegisterScanner in shim layer
05-17 10:49:58.085  1928  2050 D BtGatt.GattService: onScannerRegistered() - UUID=c904705b-8fa6-4e3a-abf1-92ac648e1605, scannerId=2, status=0
05-17 10:49:58.086  6950  6996 D BluetoothLeScanner: onScannerRegistered() - status=0 scannerId=2 mScannerId=0
05-17 10:49:58.088  1928  2699 I BluetoothAdapter: STATE_ON
05-17 10:49:58.095  1928  2699 D ActivityAttributionService: notifyActivityAttributionInfo UID=1002 packageName=com.android.bluetooth deviceAddress=no_active_device_address
05-17 10:49:58.096  1928  2248 I BluetoothAdapter: STATE_ON
05-17 10:49:58.099  1928  2248 I BluetoothAdapter: STATE_ON
05-17 10:49:58.099  1928  2248 I BluetoothAdapter: STATE_ON
05-17 10:49:58.099  1928  2248 I bt_stack: [INFO:le_scanning_manager.cc(271)] ScanFilterEnable in shim layer
05-17 10:49:58.099  1928  2260 E BtGatt.GattService: [GSIM LOG]: gsimLogHandler, msg: MESSAGE_SCAN_START, appName: dev.mob.mob, scannerId: 2, reportDelayMillis=0
05-17 10:49:58.100  1928  2248 D BtGatt.ScanManager: configureFilterParamter() : onFoundTimeout | onLostTimeout | onFoundCount | numOfTrackingEntries | scanFilterRssiThreshold | trackableScanFilterRssiThreshold | matchMode
05-17 10:49:58.101  1928  2248 D BtGatt.ScanManager: configureFilterParamter() : __________500__|________10000__|___________1__|___________________0__|___________________-128__|____________________________-128__|________1_
05-17 10:49:58.101  1928  2248 I bt_stack: [INFO:le_scanning_manager.cc(200)] ScanFilterParamSetup in shim layer
05-17 10:49:58.113  6950  7013 I BluetoothAdapter: STATE_ON
05-17 10:49:58.114  6950  7013 I BluetoothAdapter: BLE support array set: [true, true, true, true, true, true]
05-17 10:49:58.133  6950  7013 I BluetoothAdapter: BluetoothAdapter() : dev.mob.mob
05-17 10:49:58.143  6950  7013 I BluetoothAdapter: STATE_ON
05-17 10:49:58.143  6950  7013 I BluetoothAdapter: STATE_ON
05-17 10:49:58.144  6950  7013 I BluetoothAdapter: STATE_ON
05-17 10:49:58.150  1928  2699 I bt_stack: [INFO:le_advertising_manager.cc(137)] StartAdvertisingSet in shim layer
05-17 10:49:58.150  1928  2699 W bt_stack: le_advertising_manager :: allocate_advertiser - id : 1
05-17 10:49:58.151  1928  2699 I bt_stack: [INFO:le_advertising_manager.cc(157)] create advertising set, reg_id:-5127, id:1
05-17 10:49:58.162  6950  6990 I BEAMout : 10:49:58.041 [info] mob_node: BLE self-test started
05-17 10:49:58.164  6950  6990 I BEAMout : 10:49:58.042 [info] BleSelfTest: starting scan + advertising as mob-dev
05-17 10:49:58.170  1928  2282 W bt_stack: le_advertising_manager :: create_extended_advertiser - id : 1
05-17 10:49:58.170  1928  2282 W bt_stack: le_advertising_manager :: enable_advertiser - id : 1
05-17 10:49:58.171  1928  2282 W bt_stack: register_client :: client registered!!!
05-17 10:49:58.173  1928  2050 D AdapterProperties: Name is: mob-dev
05-17 10:49:58.174  1200  1200 D SettingsProvider: isChangeAllowed() : name = bluetooth_name
05-17 10:49:58.191  1928  2260 E BtGatt.GattService: [GSIM LOG]: gsimLogHandler, msg: MESSAGE_ADV_SET_START, appName: dev.mob.mob, id: 1, isLegacy: true
05-17 10:49:58.192  6950  6950 D BluetoothLeAdvertiser: onAdvertisingSetStarted(1, -7, 0)
05-17 10:49:58.201   869   869 E sehhealth-service: Could not open /sys/class/power_supply/battery/lrp
05-17 10:49:58.317  6950  7013 I Elixir  : BleSelfTest: start_scan=:ok start_advertising=:ok
05-17 10:49:58.319  6950  6990 I BEAMout : 10:49:58.317 [info] BleSelfTest: start_scan=:ok start_advertising=:ok
05-17 10:49:58.363  1928  2050 D BtGatt.GattService: onScanResult to scannerId: 2- eventType=0x1b, addressType=1, address=5C2647_5, primaryPhy=1, secondaryPhy=0, advertisingSid=0xff, txPower=127, rssi=-67, periodicAdvInt=0x0
05-17 10:49:58.364  1928  2050 V BtGatt.GattService: Skipping data matching denylist: ScanRecord [mAdvertiseFlags=4, mServiceUuids=null, mServiceSolicitationUuids=[], mManufacturerSpecificData={76=[2, 21, -84, 62, -14, 60, 112, -40, 71, 115, -105, -83, -71, -91, 102, -96, -5, 64, -53, -120, 36, 47, -75]}, mServiceData={}, mTxPowerLevel=-2147483648, mDeviceName=null, mTransportBlocks=[]]
05-17 10:49:58.364  1928  2050 I BtGatt.GattService: Skipping client for location deny list
05-17 10:49:58.364  1928  2050 V BtGatt.GattService: Skipping data matching denylist: ScanRecord [mAdvertiseFlags=4, mServiceUuids=null, mServiceSolicitationUuids=[], mManufacturerSpecificData={76=[2, 21, -84, 62, -14, 60, 112, -40, 71, 115, -105, -83, -71, -91, 102, -96, -5, 64, -53, -120, 36, 47, -75]}, mServiceData={}, mTxPowerLevel=-2147483648, mDeviceName=null, mTransportBlocks=[]]
05-17 10:49:58.364  1928  2050 I BtGatt.GattService: Skipping client for location deny list
05-17 10:49:58.369  6950  6950 I MobBleScanRaw: device_id=5C:26:47:6E:C1:15 rssi=-67 advertisement_b64=AgEaAgoMCv9MABAFBhyP8JcAAAAAAAAAAAAAAAAAAAAAAAAAAAAAAAAAAAAAAAAAAAAAAAAAAAAAAAAAAAA= manufacturer_ids=[76] service_uuids=[]
05-17 10:49:58.407  1928  2050 D BtGatt.GattService: onScanResult to scannerId: 2- eventType=0x10, addressType=1, address=6D7CF1_5, primaryPhy=1, secondaryPhy=0, advertisingSid=0xff, txPower=127, rssi=-84, periodicAdvInt=0x0
05-17 10:49:58.409  6950  6950 I MobBleScanRaw: device_id=6D:7C:F1:98:1B:25 rssi=-84 advertisement_b64=Hv8GAAEJIAJ3jdTcdUfSBw0Pk2tTobYKEuw+FeIM+wAAAAAAAAAAAAAAAAAAAAAAAAAAAAAAAAAAAAAAAAA= manufacturer_ids=[6] service_uuids=[]
05-17 10:49:58.420  1928  2050 W bt_btif : btif_dm_update_ble_remote_properties cod is 0x000000
05-17 10:49:58.420  1928  2050 W bt_btif : btif_dm_update_ble_remote_properties cod is 0, checking cod from storage
05-17 10:49:58.420  1928  2050 W bt_btif : btif_dm_update_ble_remote_properties cod retrieved from storage is 0x000000
05-17 10:49:58.420  1928  2050 W bt_btif : btif_dm_update_ble_remote_properties cod is again 0, set as unclassified
05-17 10:49:58.421  1928  2050 D BtGatt.GattService: onScanResult to scannerId: 2- eventType=0x1b, addressType=1, address=554F93_8, primaryPhy=1, secondaryPhy=0, advertisingSid=0xff, txPower=127, rssi=-62, periodicAdvInt=0x0
05-17 10:49:58.424  6950  6950 I MobBleScanRaw: device_id=55:4F:93:12:C7:18 rssi=-62 advertisement_b64=AgEaAgoMCv9MABAFARwGBfgTCW14Nzk0NGU5NmY4ZmFhMTI1NwAAAAAAAAAAAAAAAAAAAAAAAAAAAAAAAAA= manufacturer_ids=[76] service_uuids=[]
05-17 10:49:58.424  1928  2050 D BluetoothUtils: getBtEnabledContainers(): btContainers = []
05-17 10:49:58.424  1928  2050 E BluetoothRemoteDevices: Remote class is UNCATEGORIZED
05-17 10:49:58.428  1613  1862 V BluetoothEventManager: onReceive :: android.bluetooth.device.action.NAME_CHANGED
05-17 10:49:58.433  1928  2050 D BtGatt.GattService: onScanResult to scannerId: 2- eventType=0x1a, addressType=1, address=5E41A9_8, primaryPhy=1, secondaryPhy=0, advertisingSid=0xff, txPower=127, rssi=-43, periodicAdvInt=0x0
05-17 10:49:58.436  6950  6950 I MobBleScanRaw: device_id=5E:41:A9:71:F1:68 rssi=-43 advertisement_b64=Gf///01CAQEBALtsh/VWXTXU9wgG7dwoW8wAAAAAAAAAAAAAAAAAAAAAAAAAAAAAAAAAAAAAAAAAAAAAAAA= manufacturer_ids=[65535] service_uuids=[]
05-17 10:49:58.447  1928  2050 D BtGatt.GattService: onScanResult to scannerId: 2- eventType=0x10, addressType=0, address=BC455B_A, primaryPhy=1, secondaryPhy=0, advertisingSid=0xff, txPower=127, rssi=-73, periodicAdvInt=0x0
05-17 10:49:58.450  6950  6950 I MobBleScanRaw: device_id=BC:45:5B:53:44:1A rssi=-73 advertisement_b64=G/91AEIEAYBuvEVbU0QavkVbU0QZAbz+VW15AAAAAAAAAAAAAAAAAAAAAAAAAAAAAAAAAAAAAAAAAAAAAAA= manufacturer_ids=[117] service_uuids=[]
05-17 10:49:58.465  1928  2050 D BtGatt.GattService: onScanResult to scannerId: 2- eventType=0x10, addressType=1, address=64519E_3, primaryPhy=1, secondaryPhy=0, advertisingSid=0xff, txPower=127, rssi=-81, periodicAdvInt=0x0
05-17 10:49:58.467  1928  2050 D BtGatt.GattService: onScanResult to scannerId: 2- eventType=0x10, addressType=1, address=2E6571_5, primaryPhy=1, secondaryPhy=0, advertisingSid=0xff, txPower=127, rssi=-94, periodicAdvInt=0x0
05-17 10:49:58.468  6950  6950 I MobBleScanRaw: device_id=64:51:9E:F9:76:03 rssi=-81 advertisement_b64=AgEaF/9MAAkIExPAqAEKG1gWCABKHFzBP+5tAAAAAAAAAAAAAAAAAAAAAAAAAAAAAAAAAAAAAAAAAAAAAAA= manufacturer_ids=[76] service_uuids=[]
05-17 10:49:58.472  1928  2050 D BtGatt.GattService: onScanResult to scannerId: 2- eventType=0x10, addressType=1, address=638088_4, primaryPhy=1, secondaryPhy=0, advertisingSid=0xff, txPower=127, rssi=-82, periodicAdvInt=0x0
05-17 10:49:58.473  6950  6950 I MobBleScanRaw: device_id=2E:65:71:48:90:75 rssi=-94 advertisement_b64=Hv8GAAEJICLuw384257pouCVkZ8Clm7m9DKbyMFV3AAAAAAAAAAAAAAAAAAAAAAAAAAAAAAAAAAAAAAAAAA= manufacturer_ids=[6] service_uuids=[]
05-17 10:49:58.477  6950  6950 I MobBleScanRaw: device_id=63:80:88:E4:74:B4 rssi=-82 advertisement_b64=AgEaF/9MAAkIEwTAqAF2G1gWCACLPZPtePGgAAAAAAAAAAAAAAAAAAAAAAAAAAAAAAAAAAAAAAAAAAAAAAA= manufacturer_ids=[76] service_uuids=[]
05-17 10:49:58.487  1928  2050 W bt_btif : btif_dm_update_ble_remote_properties cod is 0x000000
05-17 10:49:58.487  1928  2050 W bt_btif : btif_dm_update_ble_remote_properties cod is 0, checking cod from storage
05-17 10:49:58.487  1928  2050 W bt_btif : btif_dm_update_ble_remote_properties cod retrieved from storage is 0x000000
05-17 10:49:58.487  1928  2050 W bt_btif : btif_dm_update_ble_remote_properties cod is again 0, set as unclassified
05-17 10:49:58.489  1928  2050 D BtGatt.GattService: onScanResult to scannerId: 2- eventType=0x1b, addressType=1, address=5CA103_4, primaryPhy=1, secondaryPhy=0, advertisingSid=0xff, txPower=127, rssi=-75, periodicAdvInt=0x0
05-17 10:49:58.494  6950  6950 I MobBleScanRaw: device_id=5C:A1:03:76:59:C4 rssi=-75 advertisement_b64=AgECCQkxOTViOTc5YREHAADNxMbq7rbIRa2tM7PWORf/9wMNAAAAAABtaWxjIGdyb3VwIHNsbwAAAAAAAAA= manufacturer_ids=[1015] service_uuids=[39d6b333-adad-45c8-b6ee-eac6c4cd0000]
05-17 10:49:58.494  1613  1862 V BluetoothEventManager: onReceive :: android.bluetooth.device.action.NAME_CHANGED
05-17 10:49:58.496  1928  2050 D BluetoothUtils: getBtEnabledContainers(): btContainers = []
05-17 10:49:58.496  1928  2050 E BluetoothRemoteDevices: Remote class is UNCATEGORIZED
05-17 10:49:58.520  1928  2050 D BtGatt.GattService: onScanResult to scannerId: 2- eventType=0x10, addressType=1, address=48C4B1_8, primaryPhy=1, secondaryPhy=0, advertisingSid=0xff, txPower=127, rssi=-35, periodicAdvInt=0x0
05-17 10:49:58.523  6950  6950 I MobBleScanRaw: device_id=48:C4:B1:E4:77:C8 rssi=-35 advertisement_b64=AgEaF/9MAAkIEwLAqAFhG1gWCAAegyXPzK4vAAAAAAAAAAAAAAAAAAAAAAAAAAAAAAAAAAAAAAAAAAAAAAA= manufacturer_ids=[76] service_uuids=[]
05-17 10:49:58.524  1928  2050 D BtGatt.GattService: onScanResult to scannerId: 2- eventType=0x1b, addressType=1, address=568F96_7, primaryPhy=1, secondaryPhy=0, advertisingSid=0xff, txPower=127, rssi=-36, periodicAdvInt=0x0
05-17 10:49:58.527  6950  6950 I MobBleScanRaw: device_id=56:8F:96:FA:67:87 rssi=-36 advertisement_b64=AgEaAgoMC/9MABAGCh26o2ZoAAAAAAAAAAAAAAAAAAAAAAAAAAAAAAAAAAAAAAAAAAAAAAAAAAAAAAAAAAA= manufacturer_ids=[76] service_uuids=[]
05-17 10:49:58.529  1928  2050 D BtGatt.GattService: onScanResult to scannerId: 2- eventType=0x1b, addressType=1, address=5670A3_4, primaryPhy=1, secondaryPhy=0, advertisingSid=0xff, txPower=127, rssi=-35, periodicAdvInt=0x0
05-17 10:49:58.532  6950  6950 I MobBleScanRaw: device_id=56:70:A3:E4:55:E4 rssi=-35 advertisement_b64=AgEaAgoMC/9MABAGCh26o2ZoAAAAAAAAAAAAAAAAAAAAAAAAAAAAAAAAAAAAAAAAAAAAAAAAAAAAAAAAAAA= manufacturer_ids=[76] service_uuids=[]
05-17 10:49:58.593  6950  7013 I Elixir  : BleSelfTest: DISTINCT MESH MESSAGE kind=beacon key=f70806eddc285bcc:bb6c87f5565d35d4 from=sender_hash=f70806eddc285bcc device_id=5E:41:A9:71:F1:68 first_seen_after=1_callbacks
05-17 10:49:58.600  6950  6990 I BEAMout : 10:49:58.593 [info] BleSelfTest: DISTINCT MESH MESSAGE kind=beacon key=f70806eddc285bcc:bb6c87f5565d35d4 from=sender_hash=f70806eddc285bcc device_id=5E:41:A9:71:F1:68 first_seen_after=1_callbacks
05-17 10:49:58.640   602   602 D io_stats: !@   8,0 r 1030536 33591616 w 589082 56580648 d 0 0 f 0 0 iot 510716 0 th 0 0 0 pt 0 inp 0 0 203446.213
05-17 10:49:58.869  1200  1210 I system_server: Background concurrent copying GC freed 21MB AllocSpace bytes, 56(1568KB) LOS objects, 26% free, 67MB/91MB, paused 892us,179us total 303.518ms
05-17 10:49:58.910  1200  1212 W System  : A resource failed to call release. 
05-17 10:49:58.910  1200  1212 W System  : A resource failed to call CursorWindow.close. 
05-17 10:49:59.176  6950  7013 I Elixir  : step 5 => {ok,<0.135.0>}
05-17 10:49:59.349  6950  6950 D CompatibilityChangeReporter: Compat change id reported: 171228096; UID 10313; state: ENABLED
05-17 10:49:59.537  1200  1902 D SGM:GameManager: identifyForegroundApp. dev.mob.mob, mCurrentUserId: 0, callerUserId: 0
05-17 10:49:59.537  1200  1902 D SGM:PkgDataHelper: getGamePkgData(). dev.mob.mob
05-17 10:49:59.538 26586 26654 I PolicyManager: [#CMH#] Is foreground game app: false
05-17 10:50:00.006  1613  1613 D KeyguardUpdateMonitor: received broadcast android.intent.action.TIME_TICK
05-17 10:50:00.006  1613  1613 D KeyguardUpdateMonitor: handleTimeUpdate
05-17 10:50:00.007  1613  2121 I DateTimeView: updateAll - getTimeFormat
05-17 10:50:00.007  1613  1613 D FaceWidgetPagesController: onTimeChanged()
05-17 10:50:00.008  1613  1613 D FaceWidgetPagesController: refreshViews() reason = ON_TIME_TICK, force = false
05-17 10:50:00.010  1613  2121 D QSClockBellTower: onReceive(android.intent.action.TIME_TICK) mTimeZoneString:null
05-17 10:50:00.011  1613  1613 I DigitalHorizontalClockView_LOCK_SCREEN_2@667: updatePaletteItemTransition : paletteItem = SOLID color : FFEBEBEB, animation = false
05-17 10:50:00.012  1613  1613 I DigitalHorizontalClockView_LOCK_SCREEN_2@667: scaleDateView: viewWidth=173.0, maxWidth=842, scale=1.0
05-17 10:50:00.012  1613  1613 I DigitalHorizontalClockView_LOCK_SCREEN_2@667: scaleTimeView: measureWidth=358.0, maxWidth=842
05-17 10:50:00.031  1613  1613 D QSClockBellTower: He is ready to ring the bell. (((QSClockBellSound - TimeText:10:50, TimeContentDescription:10:50 AM, DateText:Sun, May 17, ShortDateText:Sun, May 17, Demo:false, QuickStar-Second(false|12:34:56))))
05-17 10:50:00.032  1613  1613 D QSClockIndicatorView: Home Indicator status_bar_clock 10:50   Sun, May 17 notifyTimeChanged(QSClockBellSound - TimeText:10:50, TimeContentDescription:10:50 AM, DateText:Sun, May 17, ShortDateText:Sun, May 17, Demo:false, QuickStar-Second(false|12:34:56)) ClockVisibleByPolicy:true, ClockVisibleByUser:true, visible?false, parent:android.widget.LinearLayout{f3c6910 V.E...... ........ 0,0-0,48 #7f0b0510 app:id/left_clock_container}
05-17 10:50:00.032  1613  1613 D QSClockBellTower: Everyone heard the bell. run(currentTime:1779040200029,   getTime():Sun May 17 10:50:00 PDT 2026,   getTimeZone():libcore.util.ZoneInfo[mDstSavings=3600000,mUseDst=true,mDelegate=[id="America/Los_Angeles",mRawOffset=-28800000,mEarliestRawOffset=-28378000,transitions=186]])
05-17 10:50:00.045  1613  1613 V QsExpandAnimator: setQsExpansionPosition 0.0
05-17 10:50:00.048  1613  1613 V QsExpandAnimator: updateAnimators
05-17 10:50:00.048  1613  1613 V QsExpandAnimator: clearAnimationState 
05-17 10:50:00.049  1613  1613 V QsExpandAnimator: updateViews
05-17 10:50:00.053  1613  1613 V QsExpandAnimator: updateTileAnimator
05-17 10:50:00.053  1613  1613 V QsExpandAnimator: updateHeaderAnimator
05-17 10:50:00.054  1613  1613 V QsExpandAnimator: updateBarAnimator
05-17 10:50:00.054  1613  1613 V QsExpandAnimator: setQsExpansionPosition 0.0
05-17 10:50:00.054  1613  1613 V QsExpandAnimator: onAnimationAtStart
05-17 10:50:00.232  1928  2050 D BtGatt.GattService: onScanResult to scannerId: 2- eventType=0x1b, addressType=0, address=84E0F4_2, primaryPhy=1, secondaryPhy=0, advertisingSid=0xff, txPower=127, rssi=-79, periodicAdvInt=0x0
05-17 10:50:00.233  1928  2050 D BtGatt.GattService: onScanResult to scannerId: 2- eventType=0x10, addressType=1, address=70B0D9_E, primaryPhy=1, secondaryPhy=0, advertisingSid=0xff, txPower=127, rssi=-82, periodicAdvInt=0x0
05-17 10:50:00.267  6950  6981 D OpenGLRenderer: setSurface called with nullptr
05-17 10:50:00.278  1928  2050 D BtGatt.GattService: onScanResult to scannerId: 2- eventType=0x1b, addressType=1, address=5C2647_5, primaryPhy=1, secondaryPhy=0, advertisingSid=0xff, txPower=127, rssi=-75, periodicAdvInt=0x0
05-17 10:50:00.288  1928  2050 D BtGatt.GattService: onScanResult to scannerId: 2- eventType=0x1b, addressType=0, address=84E0F4_2, primaryPhy=1, secondaryPhy=0, advertisingSid=0xff, txPower=127, rssi=-79, periodicAdvInt=0x0
05-17 10:50:00.319  1928  2050 D BtGatt.GattService: onScanResult to scannerId: 2- eventType=0x10, addressType=1, address=48C4B1_8, primaryPhy=1, secondaryPhy=0, advertisingSid=0xff, txPower=127, rssi=-35, periodicAdvInt=0x0
05-17 10:50:00.324  1928  2050 D BtGatt.GattService: onScanResult to scannerId: 2- eventType=0x1b, addressType=1, address=568F96_7, primaryPhy=1, secondaryPhy=0, advertisingSid=0xff, txPower=127, rssi=-35, periodicAdvInt=0x0
05-17 10:50:00.326  1928  2050 D BtGatt.GattService: onScanResult to scannerId: 2- eventType=0x10, addressType=1, address=64519E_3, primaryPhy=1, secondaryPhy=0, advertisingSid=0xff, txPower=127, rssi=-88, periodicAdvInt=0x0
05-17 10:50:00.332  1707  1707 I wpa_supplicant: Heartbeat 20324
05-17 10:50:00.352  1928  2050 D BtGatt.GattService: onScanResult to scannerId: 2- eventType=0x1b, addressType=0, address=84E0F4_2, primaryPhy=1, secondaryPhy=0, advertisingSid=0xff, txPower=127, rssi=-78, periodicAdvInt=0x0
