05-17 10:50:00.362  1928  2050 W bt_btif : btif_dm_update_ble_remote_properties cod is 0x000000
05-17 10:50:00.362  1928  2050 W bt_btif : btif_dm_update_ble_remote_properties cod is 0, checking cod from storage
05-17 10:50:00.362  1928  2050 W bt_btif : btif_dm_update_ble_remote_properties cod retrieved from storage is 0x001f00
05-17 10:50:00.364  1928  2050 D BtGatt.GattService: onScanResult to scannerId: 2- eventType=0x1b, addressType=1, address=DD0D30_2, primaryPhy=1, secondaryPhy=0, advertisingSid=0xff, txPower=127, rssi=-62, periodicAdvInt=0x0
05-17 10:50:00.369  1613  1862 V BluetoothEventManager: onReceive :: android.bluetooth.device.action.NAME_CHANGED
05-17 10:50:00.370  1928  2050 D BluetoothUtils: getBtEnabledContainers(): btContainers = []
05-17 10:50:00.370  1928  2050 E BluetoothRemoteDevices: Remote class is UNCATEGORIZED
05-17 10:50:00.377  1928  2050 D BtGatt.GattService: onScanResult to scannerId: 2- eventType=0x10, addressType=0, address=BC7E8B_B, primaryPhy=1, secondaryPhy=0, advertisingSid=0xff, txPower=127, rssi=-82, periodicAdvInt=0x0
05-17 10:50:00.641   602   602 D io_stats: !@   8,0 r 1030581 33592468 w 589082 56580648 d 0 0 f 0 0 iot 510728 0 th 0 0 0 pt 0 inp 0 0 203448.213
05-17 10:50:00.725  6950  6950 I ViewRootImpl@ff32c1d[MainActivity]: performTraversals mFirst=false windowShouldResize=false viewVisibilityChanged=true mForceNextWindowRelayout=false params=null
05-17 10:50:00.727  1200  1902 V WindowManager: Relayout Window{b20668d u0 dev.mob.mob/dev.mob.mob.MainActivity}: viewVisibility=8 req=1200x1920 d0
05-17 10:50:00.732  1200  1902 V WindowManager: Relayout hash=b20668d, pid=6950, syncId=-1: mAttrs={(0,0)(fillxfill) sim={adjust=resize forwardNavigation} ty=BASE_APPLICATION
05-17 10:50:00.732  1200  1902 V WindowManager:   fl=1810100
05-17 10:50:00.732  1200  1902 V WindowManager:   pfl=16020040
05-17 10:50:00.732  1200  1902 V WindowManager:   vsysui=2010
05-17 10:50:00.732  1200  1902 V WindowManager:   apr=LIGHT_STATUS_BARS LIGHT_NAVIGATION_BARS
05-17 10:50:00.732  1200  1902 V WindowManager:   bhv=DEFAULT
05-17 10:50:00.732  1200  1902 V WindowManager:   fitSides= naviIconColor=0
05-17 10:50:00.732  1200  1902 V WindowManager:   sfl=100000}
05-17 10:50:00.734  6950  6950 I ViewRootImpl@ff32c1d[MainActivity]: Relayout returned: old=(0,0,1200,1920) new=(0,0,1200,1920) req=(1200,1920)8 dur=8 res=0x0 s={false 0x0} ch=false seqId=0
05-17 10:50:00.758  6950  6950 I Choreographer: Skipped 50 frames!  The application may be doing too much work on its main thread.
05-17 10:50:00.854  6950  6950 I MobBleScanRaw: device_id=84:E0:F4:E0:26:52 rssi=-79 advertisement_b64=AgEGDP9LBkIGIBLABQBAAQ4IUG9pbnQtMS0yNjo1Mgf/SwaTQ70NAAAAAAAAAAAAAAAAAAAAAAAAAAAAAAA= manufacturer_ids=[1611] service_uuids=[]
05-17 10:50:00.856  6950  6950 I MobBleScanRaw: device_id=70:B0:D9:C4:3E:EE rssi=-82 advertisement_b64=AgEaDf9MABYIAEkT/ebvLzoAAAAAAAAAAAAAAAAAAAAAAAAAAAAAAAAAAAAAAAAAAAAAAAAAAAAAAAAAAAA= manufacturer_ids=[76] service_uuids=[]
05-17 10:50:00.865  6950  6950 I MobBleScanRaw: device_id=DD:0D:30:7B:BE:72 rssi=-62 advertisement_b64=AgECDf8tCgIAu6pyvnswDdwDAvD/DQlERDBEMzA3QkJFNzIAAAAAAAAAAAAAAAAAAAAAAAAAAAAAAAAAAAA= manufacturer_ids=[2605] service_uuids=[0000fff0-0000-1000-8000-00805f9b34fb]
05-17 10:50:00.867  6950  6950 I MobBleScanRaw: device_id=BC:7E:8B:DB:C3:3B rssi=-82 advertisement_b64=G/91AEIEAYBmvH6L28M7vn6L28M6AQwAAAAAAAAAAAAAAAAAAAAAAAAAAAAAAAAAAAAAAAAAAAAAAAAAAAA= manufacturer_ids=[117] service_uuids=[]
05-17 10:50:01.020  6950  7013 I Elixir  : Mob.Dist: waiting for EPMD (adb reverse tcp:4369 tcp:4369)...
05-17 10:50:01.135  1200  3617 D SemWifiUsabilityStatsMonitor: onWifiUsabilityStats - seqNum 5496, isSameBssidAndFreq true
05-17 10:50:01.136  1200  1507 I SemWifiLinkQualityMonitor: Link Qos Query: 0.131 ms / 60.881 Mbps (432 / 0.060 / 1.667)
05-17 10:50:02.033  1928  2050 D BtGatt.GattService: onScanResult to scannerId: 2- eventType=0x10, addressType=1, address=638088_4, primaryPhy=1, secondaryPhy=0, advertisingSid=0xff, txPower=127, rssi=-78, periodicAdvInt=0x0
05-17 10:50:02.039  1928  2050 D BtGatt.GattService: onScanResult to scannerId: 2- eventType=0x1b, addressType=1, address=FABE2A_A, primaryPhy=1, secondaryPhy=0, advertisingSid=0xff, txPower=127, rssi=-74, periodicAdvInt=0x0
05-17 10:50:02.048  1928  2050 D BtGatt.GattService: onScanResult to scannerId: 2- eventType=0x1b, addressType=1, address=554F93_8, primaryPhy=1, secondaryPhy=0, advertisingSid=0xff, txPower=127, rssi=-49, periodicAdvInt=0x0
05-17 10:50:02.070  6950  6950 I MobBleScanRaw: device_id=FA:BE:2A:F4:73:8A rssi=-74 advertisement_b64=Hv9MABIZ0PuHLmr2FklAyw1gqYUjZom7zwsgof0DVwAAAAAAAAAAAAAAAAAAAAAAAAAAAAAAAAAAAAAAAAA= manufacturer_ids=[76] service_uuids=[]
05-17 10:50:02.071  6950  6950 I MobBleScanRaw: device_id=55:4F:93:12:C7:18 rssi=-49 advertisement_b64=AgEaAgoMCv9MABAFSRwGBfgTCW14Nzk0NGU5NmY4ZmFhMTI1NwAAAAAAAAAAAAAAAAAAAAAAAAAAAAAAAAA= manufacturer_ids=[76] service_uuids=[]
05-17 10:50:02.118  1928  2050 D BtGatt.GattService: onScanResult to scannerId: 2- eventType=0x10, addressType=1, address=48C4B1_8, primaryPhy=1, secondaryPhy=0, advertisingSid=0xff, txPower=127, rssi=-37, periodicAdvInt=0x0
05-17 10:50:02.122  1928  2050 D BtGatt.GattService: onScanResult to scannerId: 2- eventType=0x1b, addressType=1, address=568F96_7, primaryPhy=1, secondaryPhy=0, advertisingSid=0xff, txPower=127, rssi=-36, periodicAdvInt=0x0
05-17 10:50:02.124  1928  2050 D BtGatt.GattService: onScanResult to scannerId: 2- eventType=0x1b, addressType=1, address=5670A3_4, primaryPhy=1, secondaryPhy=0, advertisingSid=0xff, txPower=127, rssi=-36, periodicAdvInt=0x0
05-17 10:50:02.126  1928  2050 D BtGatt.GattService: onScanResult to scannerId: 2- eventType=0x10, addressType=1, address=2B28E0_D, primaryPhy=1, secondaryPhy=0, advertisingSid=0xff, txPower=127, rssi=-93, periodicAdvInt=0x0
05-17 10:50:02.137  1928  2050 D BtGatt.GattService: onScanResult to scannerId: 2- eventType=0x1b, addressType=1, address=5CA103_4, primaryPhy=1, secondaryPhy=0, advertisingSid=0xff, txPower=127, rssi=-75, periodicAdvInt=0x0
05-17 10:50:02.160  6950  6950 I MobBleScanRaw: device_id=2B:28:E0:38:5F:5D rssi=-93 advertisement_b64=Hv8GAAEJICIiVNZhEDLgMa82zQJSygycPkuwpONwagAAAAAAAAAAAAAAAAAAAAAAAAAAAAAAAAAAAAAAAAA= manufacturer_ids=[6] service_uuids=[]
05-17 10:50:02.160  1928  2050 D BtGatt.GattService: onScanResult to scannerId: 2- eventType=0x10, addressType=0, address=BC455B_A, primaryPhy=1, secondaryPhy=0, advertisingSid=0xff, txPower=127, rssi=-75, periodicAdvInt=0x0
05-17 10:50:02.213  1928  2050 D BtGatt.GattService: onScanResult to scannerId: 2- eventType=0x1b, addressType=1, address=5C2647_5, primaryPhy=1, secondaryPhy=0, advertisingSid=0xff, txPower=127, rssi=-57, periodicAdvInt=0x0
05-17 10:50:02.221  1928  2050 D BtGatt.GattService: onScanResult to scannerId: 2- eventType=0x1b, addressType=1, address=4795CE_E, primaryPhy=1, secondaryPhy=0, advertisingSid=0xff, txPower=127, rssi=-77, periodicAdvInt=0x0
05-17 10:50:02.225  1928  2050 D BtGatt.GattService: onScanResult to scannerId: 2- eventType=0x10, addressType=1, address=2B28E0_D, primaryPhy=1, secondaryPhy=0, advertisingSid=0xff, txPower=127, rssi=-94, periodicAdvInt=0x0
05-17 10:50:02.249  6950  6950 I MobBleScanRaw: device_id=47:95:CE:3C:7E:9E rssi=-77 advertisement_b64=AgEaAgoMCv9MABAFBhhFVPMAAAAAAAAAAAAAAAAAAAAAAAAAAAAAAAAAAAAAAAAAAAAAAAAAAAAAAAAAAAA= manufacturer_ids=[76] service_uuids=[]
05-17 10:50:02.641   602   602 D io_stats: !@   8,0 r 1030583 33592472 w 589139 56581128 d 0 0 f 0 0 iot 510752 0 th 0 0 0 pt 0 inp 0 0 203450.214
05-17 10:50:03.318  6950  7013 I Elixir  : BleSelfTest: HEARTBEAT events=34 devices=18 mob_peers=0 sent=0 distinct_msgs=1 beacon_callbacks=1 envelopes=0
05-17 10:50:03.320  6950  6990 I BEAMout : 10:50:03.318 [info] BleSelfTest: HEARTBEAT events=34 devices=18 mob_peers=0 sent=0 distinct_msgs=1 beacon_callbacks=1 envelopes=0
05-17 10:50:03.889  1928  2050 D BtGatt.GattService: onScanResult to scannerId: 2- eventType=0x10, addressType=1, address=64519E_3, primaryPhy=1, secondaryPhy=0, advertisingSid=0xff, txPower=127, rssi=-81, periodicAdvInt=0x0
05-17 10:50:03.919  1928  2050 D BtGatt.GattService: onScanResult to scannerId: 2- eventType=0x1b, addressType=1, address=5670A3_4, primaryPhy=1, secondaryPhy=0, advertisingSid=0xff, txPower=127, rssi=-35, periodicAdvInt=0x0
05-17 10:50:03.923  1928  2050 D BtGatt.GattService: onScanResult to scannerId: 2- eventType=0x1b, addressType=1, address=568F96_7, primaryPhy=1, secondaryPhy=0, advertisingSid=0xff, txPower=127, rssi=-36, periodicAdvInt=0x0
05-17 10:50:03.940  1200  1243 E Watchdog: !@Sync: 6778 heap: 68 / 91 FD: 910 [2026-05-17 10:50:03.938]
05-17 10:50:03.977  1928  2050 D BtGatt.GattService: onScanResult to scannerId: 2- eventType=0x1b, addressType=1, address=554F93_8, primaryPhy=1, secondaryPhy=0, advertisingSid=0xff, txPower=127, rssi=-61, periodicAdvInt=0x0
05-17 10:50:04.012  1928  2050 D BtGatt.GattService: onScanResult to scannerId: 2- eventType=0x10, addressType=0, address=BC455B_A, primaryPhy=1, secondaryPhy=0, advertisingSid=0xff, txPower=127, rssi=-69, periodicAdvInt=0x0
05-17 10:50:04.013  1928  2050 D BtGatt.GattService: onScanResult to scannerId: 2- eventType=0x10, addressType=1, address=72AA45_B, primaryPhy=1, secondaryPhy=0, advertisingSid=0xff, txPower=127, rssi=-81, periodicAdvInt=0x0
05-17 10:50:04.032  1928  2050 D BtGatt.GattService: onScanResult to scannerId: 2- eventType=0x1a, addressType=1, address=470B1E_7, primaryPhy=1, secondaryPhy=0, advertisingSid=0xff, txPower=127, rssi=-44, periodicAdvInt=0x0
05-17 10:50:04.045  1928  2050 W bt_btif : btif_dm_update_ble_remote_properties cod is 0x000000
05-17 10:50:04.045  1928  2050 W bt_btif : btif_dm_update_ble_remote_properties cod is 0, checking cod from storage
05-17 10:50:04.045  1928  2050 W bt_btif : btif_dm_update_ble_remote_properties cod retrieved from storage is 0x001f00
05-17 10:50:04.046  1928  2050 D BtGatt.GattService: onScanResult to scannerId: 2- eventType=0x1b, addressType=1, address=F812C9_E, primaryPhy=1, secondaryPhy=0, advertisingSid=0xff, txPower=127, rssi=-92, periodicAdvInt=0x0
05-17 10:50:04.049  1928  2050 D BluetoothUtils: getBtEnabledContainers(): btContainers = []
05-17 10:50:04.049  1928  2050 E BluetoothRemoteDevices: Remote class is UNCATEGORIZED
05-17 10:50:04.051  1613  1862 V BluetoothEventManager: onReceive :: android.bluetooth.device.action.NAME_CHANGED
05-17 10:50:04.065  6950  6950 I MobBleScanRaw: device_id=72:AA:45:2F:ED:BB rssi=-81 advertisement_b64=AgEaDf9MABYIAC8hDfpUazUAAAAAAAAAAAAAAAAAAAAAAAAAAAAAAAAAAAAAAAAAAAAAAAAAAAAAAAAAAAA= manufacturer_ids=[76] service_uuids=[]
05-17 10:50:04.066  6950  6950 I MobBleScanRaw: device_id=47:0B:1E:22:56:97 rssi=-44 advertisement_b64=Gf///01CAQEBAFZitle4k4cv9wgG7dwoW8wAAAAAAAAAAAAAAAAAAAAAAAAAAAAAAAAAAAAAAAAAAAAAAAA= manufacturer_ids=[65535] service_uuids=[]
05-17 10:50:04.068  6950  7013 I Elixir  : BleSelfTest: DISTINCT MESH MESSAGE kind=beacon key=f70806eddc285bcc:5662b657b893872f from=sender_hash=f70806eddc285bcc device_id=47:0B:1E:22:56:97 first_seen_after=2_callbacks
05-17 10:50:04.069  6950  6950 I MobBleScanRaw: device_id=F8:12:C9:8E:DD:CE rssi=-92 advertisement_b64=AgEGAgoAEQaeytwkDuWp4JPzo7UBAEBuEglBZGFmcnVpdCBCbHVlZnJ1aQAAAAAAAAAAAAAAAAAAAAAAAAA= manufacturer_ids=[] service_uuids=[6e400001-b5a3-f393-e0a9-e50e24dcca9e]
05-17 10:50:04.070  6950  6990 I BEAMout : 10:50:04.068 [info] BleSelfTest: DISTINCT MESH MESSAGE kind=beacon key=f70806eddc285bcc:5662b657b893872f from=sender_hash=f70806eddc285bcc device_id=47:0B:1E:22:56:97 first_seen_after=2_callbacks
05-17 10:50:04.106  1928  2050 D BtGatt.GattService: onScanResult to scannerId: 2- eventType=0x10, addressType=1, address=2E6571_5, primaryPhy=1, secondaryPhy=0, advertisingSid=0xff, txPower=127, rssi=-93, periodicAdvInt=0x0
05-17 10:50:04.239  1200  3617 D SemWifiUsabilityStatsMonitor: onWifiUsabilityStats - seqNum 5497, isSameBssidAndFreq true
05-17 10:50:04.240  1200  1507 I SemWifiLinkQualityMonitor: Link Qos Query: 0.156 ms / 51.414 Mbps (432 / 0.075 / 1.667)
05-17 10:50:05.325  6950  7013 I BluetoothAdapter: STATE_ON
05-17 10:50:05.326  6950  7013 I BluetoothAdapter: STATE_ON
05-17 10:50:05.331  6950  7013 I BluetoothAdapter: STATE_ON
05-17 10:50:05.333  6950  7013 I BluetoothAdapter: STATE_ON
05-17 10:50:05.333  6950  7013 I MobBleDispatch: {"v":1,"event":"ble_capabilities","supports_extended_advertising":true,"max_advertising_data_length":1024,"is_multiple_advertisement_supported":true,"legacy_manufacturer_payload_budget":24}
05-17 10:50:05.333  6950  7013 I BluetoothAdapter: STATE_ON
05-17 10:50:05.335  6950  7013 I BluetoothAdapter: STATE_ON
05-17 10:50:05.339  6950  7013 I BluetoothAdapter: STATE_ON
05-17 10:50:05.339  6950  7013 I BluetoothAdapter: STATE_ON
05-17 10:50:05.339  6950  7013 I BluetoothAdapter: STATE_ON
05-17 10:50:05.339  6950  7013 I BluetoothAdapter: STATE_ON
05-17 10:50:05.345  1928  2699 I bt_stack: [INFO:le_advertising_manager.cc(137)] StartAdvertisingSet in shim layer
05-17 10:50:05.345  1928  2699 W bt_stack: le_advertising_manager :: allocate_advertiser - id : 2
05-17 10:50:05.345  1928  2699 I bt_stack: [INFO:le_advertising_manager.cc(157)] create advertising set, reg_id:-5128, id:2
05-17 10:50:05.346  1928  2282 W bt_stack: le_advertising_manager :: create_extended_advertiser - id : 2
05-17 10:50:05.346  1928  2282 W bt_stack: le_advertising_manager :: enable_advertiser - id : 2
05-17 10:50:05.349  6950  7013 I MobBleDispatch: {"v":1,"event":"attempt_outcome","attempt_id":"selftest-1779040205323","message_id":"GCNGnGrvWR7R4yxfx8TqMg==","target_peer_id":"broadcast","target_device_ids":["broadcast"],"kind":"dispatched","reason":"legacy_beacon_fallback","adapter":"ble_android","outcome_at_ms":203877385}
05-17 10:50:05.355  6950  7013 I MobBleNative: sendToPeer(broadcast, 31B) -> DISPATCHED reason=legacy_beacon_fallback
05-17 10:50:05.356  6950  7013 I Elixir  : BleSelfTest: MESH MESSAGE SENT payload="hello-from-mob-dev-1779040205" result=:ok
05-17 10:50:05.363  6950  6990 I BEAMout : 10:50:05.356 [info] BleSelfTest: MESH MESSAGE SENT payload="hello-from-mob-dev-1779040205" result=:ok
05-17 10:50:05.364  6950  7013 W Elixir  : BleSelfTest: bridge error unknown: {"v":1,"event":"attempt_outcome","attempt_id":"selftest-1779040205323","message_id":"GCNGnGrvWR7R4yxfx8TqMg==","target_peer_id":"broadcast","target_device_ids":["broadcast"],"kind":"dispatched","reason":"legacy_beacon_fallback","adapter":"ble_android","outcome_at_ms":203877385}
05-17 10:50:05.366  1928  2260 E BtGatt.GattService: [GSIM LOG]: gsimLogHandler, msg: MESSAGE_ADV_SET_START, appName: dev.mob.mob, id: 2, isLegacy: true
05-17 10:50:05.366  6950  6990 I BEAMout : 10:50:05.364 [warning] BleSelfTest: bridge error unknown: {"v":1,"event":"attempt_outcome","attempt_id":"selftest-1779040205323","message_id":"GCNGnGrvWR7R4yxfx8TqMg==","target_peer_id":"broadcast","target_device_ids":["broadcast"],"kind":"dispatched","reason":"legacy_beacon_fallback","adapter":"ble_android","outcome_at_ms":203877385}
05-17 10:50:05.395  6950  6950 D BluetoothLeAdvertiser: onAdvertisingSetStarted(2, -7, 0)
05-17 10:50:05.439  6950  6950 I MobBleDispatch: {"v":1,"event":"legacy_beacon_advertising_started","attempt_id":"selftest-1779040205323","beacon_size":22,"beacon":"TUIBAQEAKqzwJt+7yGES94VXUXoT+Q==","message_id_hash":"KqzwJt+7yGE=","sender_peer_id_hash":"EveFV1F6E\/k=","payload_kind":"TX","envelope_version":1,"window_ms":5000,"data_carrier":"legacy_advertisement"}
05-17 10:50:05.808  1928  2050 D BtGatt.GattService: onScanResult to scannerId: 2- eventType=0x1a, addressType=1, address=470B1E_7, primaryPhy=1, secondaryPhy=0, advertisingSid=0xff, txPower=127, rssi=-44, periodicAdvInt=0x0
05-17 10:50:05.831  1928  2050 W bt_btif : btif_dm_update_ble_remote_properties cod is 0x000000
05-17 10:50:05.832  1928  2050 W bt_btif : btif_dm_update_ble_remote_properties cod is 0, checking cod from storage
05-17 10:50:05.832  1928  2050 W bt_btif : btif_dm_update_ble_remote_properties cod retrieved from storage is 0x001f00
05-17 10:50:05.833  1928  2050 D BtGatt.GattService: onScanResult to scannerId: 2- eventType=0x1b, addressType=0, address=94944A_D, primaryPhy=1, secondaryPhy=0, advertisingSid=0xff, txPower=127, rssi=-84, periodicAdvInt=0x0
05-17 10:50:05.836  6950  6950 I MobBleScanRaw: device_id=94:94:4A:05:9D:5D rssi=-84 advertisement_b64=AgEGEQeeytwkDuWp4JPzo7UBAEBuCAl1RzItZDVjAAAAAAAAAAAAAAAAAAAAAAAAAAAAAAAAAAAAAAAAAAA= manufacturer_ids=[] service_uuids=[6e400001-b5a3-f393-e0a9-e50e24dcca9e]
05-17 10:50:05.837  1928  2050 D BluetoothUtils: getBtEnabledContainers(): btContainers = []
05-17 10:50:05.838  1928  2050 E BluetoothRemoteDevices: Remote class is UNCATEGORIZED
05-17 10:50:05.838  1613  1862 V BluetoothEventManager: onReceive :: android.bluetooth.device.action.NAME_CHANGED
05-17 10:50:05.852  1928  2050 D BtGatt.GattService: onScanResult to scannerId: 2- eventType=0x10, addressType=1, address=70B0D9_E, primaryPhy=1, secondaryPhy=0, advertisingSid=0xff, txPower=127, rssi=-82, periodicAdvInt=0x0
05-17 10:50:05.854  1928  2050 D BtGatt.GattService: onScanResult to scannerId: 2- eventType=0x10, addressType=1, address=288E0C_6, primaryPhy=1, secondaryPhy=0, advertisingSid=0xff, txPower=127, rssi=-90, periodicAdvInt=0x0
05-17 10:50:05.879  6950  6950 I MobBleScanRaw: device_id=28:8E:0C:3D:7D:E6 rssi=-90 advertisement_b64=Hv8GAAEJICIX2eZceJb3uVAmSBFV2z0skGzfgm50ngAAAAAAAAAAAAAAAAAAAAAAAAAAAAAAAAAAAAAAAAA= manufacturer_ids=[6] service_uuids=[]
05-17 10:50:05.903  1928  2050 D BtGatt.GattService: onScanResult to scannerId: 2- eventType=0x1b, addressType=1, address=554F93_8, primaryPhy=1, secondaryPhy=0, advertisingSid=0xff, txPower=127, rssi=-50, periodicAdvInt=0x0
05-17 10:50:05.909  1928  2050 D BtGatt.GattService: onScanResult to scannerId: 2- eventType=0x10, addressType=1, address=48C4B1_8, primaryPhy=1, secondaryPhy=0, advertisingSid=0xff, txPower=127, rssi=-35, periodicAdvInt=0x0
05-17 10:50:05.940  1200  1491 I ChimeraAggressivePolicyHandler: executePolicy() - triggerSource: TRIGGER_SOURCE_LMKD
05-17 10:50:05.941  1200  1491 I ChimeraAggressivePolicyHandler: available memory: 1833520, free memory target: 645120, quit chimera
05-17 10:50:05.941  1928  2050 D BtGatt.GattService: onScanResult to scannerId: 2- eventType=0x1a, addressType=1, address=470B1E_7, primaryPhy=1, secondaryPhy=0, advertisingSid=0xff, txPower=127, rssi=-44, periodicAdvInt=0x0
05-17 10:50:05.948  1928  2050 D BtGatt.GattService: onScanResult to scannerId: 2- eventType=0x10, addressType=1, address=64519E_3, primaryPhy=1, secondaryPhy=0, advertisingSid=0xff, txPower=127, rssi=-88, periodicAdvInt=0x0
05-17 10:50:05.956  1928  2050 D BtGatt.GattService: onScanResult to scannerId: 2- eventType=0x1b, addressType=0, address=84E0F4_2, primaryPhy=1, secondaryPhy=0, advertisingSid=0xff, txPower=127, rssi=-79, periodicAdvInt=0x0
05-17 10:50:05.962  1928  2050 D BtGatt.GattService: onScanResult to scannerId: 2- eventType=0x10, addressType=1, address=288E0C_6, primaryPhy=1, secondaryPhy=0, advertisingSid=0xff, txPower=127, rssi=-91, periodicAdvInt=0x0
05-17 10:50:05.965  1928  2050 D BtGatt.GattService: onScanResult to scannerId: 2- eventType=0x10, addressType=1, address=027F8E_3, primaryPhy=1, secondaryPhy=0, advertisingSid=0xff, txPower=127, rssi=-92, periodicAdvInt=0x0
05-17 10:50:05.990  6950  6950 I MobBleScanRaw: device_id=02:7F:8E:90:03:23 rssi=-92 advertisement_b64=Hv8GAAEJICKckHJZ7CWIhPbnyogiq5NSqrxWgEEKngAAAAAAAAAAAAAAAAAAAAAAAAAAAAAAAAAAAAAAAAA= manufacturer_ids=[6] service_uuids=[]
05-17 10:50:07.347  1200  3617 D SemWifiUsabilityStatsMonitor: onWifiUsabilityStats - seqNum 5498, isSameBssidAndFreq true
05-17 10:50:07.349  1200  1507 I SemWifiLinkQualityMonitor: Link Qos Query: 0.133 ms / 60.249 Mbps (432 / 0.061 / 1.667)
05-17 10:50:07.593  1928  2050 D BtGatt.GattService: onScanResult to scannerId: 2- eventType=0x10, addressType=1, address=2B28E0_D, primaryPhy=1, secondaryPhy=0, advertisingSid=0xff, txPower=127, rssi=-94, periodicAdvInt=0x0
05-17 10:50:07.629  1928  2050 D BtGatt.GattService: onScanResult to scannerId: 2- eventType=0x10, addressType=1, address=64519E_3, primaryPhy=1, secondaryPhy=0, advertisingSid=0xff, txPower=127, rssi=-85, periodicAdvInt=0x0
05-17 10:50:07.644  1928  2050 D BtGatt.GattService: onScanResult to scannerId: 2- eventType=0x1b, addressType=1, address=5CA103_4, primaryPhy=1, secondaryPhy=0, advertisingSid=0xff, txPower=127, rssi=-75, periodicAdvInt=0x0
05-17 10:50:07.657  1928  2050 D BtGatt.GattService: onScanResult to scannerId: 2- eventType=0x10, addressType=1, address=288E0C_6, primaryPhy=1, secondaryPhy=0, advertisingSid=0xff, txPower=127, rssi=-89, periodicAdvInt=0x0
05-17 10:50:07.703  1928  2050 D BtGatt.GattService: onScanResult to scannerId: 2- eventType=0x1b, addressType=1, address=5C2647_5, primaryPhy=1, secondaryPhy=0, advertisingSid=0xff, txPower=127, rssi=-57, periodicAdvInt=0x0
05-17 10:50:07.718  1928  2050 D BtGatt.GattService: onScanResult to scannerId: 2- eventType=0x1a, addressType=1, address=470B1E_7, primaryPhy=1, secondaryPhy=0, advertisingSid=0xff, txPower=127, rssi=-45, periodicAdvInt=0x0
05-17 10:50:07.747 32141 32212 I Finsky  : [54] Stats for Executor: LightweightExecutor vqs@f2c9a99[Running, pool size = 4, active threads = 0, queued tasks = 0, completed tasks = 941]
05-17 10:50:07.786 32141 32212 I Finsky  : [54] Stats for Executor: BlockingExecutor vqs@55902f8[Running, pool size = 2, active threads = 0, queued tasks = 0, completed tasks = 164]
05-17 10:50:07.822  1928  2050 D BtGatt.GattService: onScanResult to scannerId: 2- eventType=0x1b, addressType=1, address=5670A3_4, primaryPhy=1, secondaryPhy=0, advertisingSid=0xff, txPower=127, rssi=-36, periodicAdvInt=0x0
05-17 10:50:07.824  1928  2050 D BtGatt.GattService: onScanResult to scannerId: 2- eventType=0x1b, addressType=1, address=568F96_7, primaryPhy=1, secondaryPhy=0, advertisingSid=0xff, txPower=127, rssi=-36, periodicAdvInt=0x0
05-17 10:50:07.858  1928  2050 D BtGatt.GattService: onScanResult to scannerId: 2- eventType=0x1a, addressType=1, address=470B1E_7, primaryPhy=1, secondaryPhy=0, advertisingSid=0xff, txPower=127, rssi=-45, periodicAdvInt=0x0
05-17 10:50:07.867 32141 32212 I Finsky  : [54] Stats for Executor: bgExecutor vqs@7e10640[Running, pool size = 4, active threads = 0, queued tasks = 0, completed tasks = 2603]
05-17 10:50:07.885  2905  2905 I SDHMS:LOAD: type: LoadsFreqs, value: 0:0:0:681199:1794000:0:681199:1794000:0:0:0:0
05-17 10:50:08.320  6950  7013 I Elixir  : BleSelfTest: HEARTBEAT events=64 devices=23 mob_peers=0 sent=1 distinct_msgs=2 beacon_callbacks=6 envelopes=0
05-17 10:50:08.322  6950  6990 I BEAMout : 10:50:08.320 [info] BleSelfTest: HEARTBEAT events=64 devices=23 mob_peers=0 sent=1 distinct_msgs=2 beacon_callbacks=6 envelopes=0
05-17 10:50:08.473 32141 32212 I Finsky  : [54] Stats for Executor: GrpcBackgroundExecutor vqs@4fa3141[Running, pool size = 1, active threads = 0, queued tasks = 0, completed tasks = 1]
05-17 10:50:08.561  2905  3764 I SDHMS:D : SIOP:: AP:263 BAT:237 USB:239 CHG:274 PA:256 WIFI:263 BLK:252 SKIN:316 SKINF:316 SKINB:281 LRP:316 LRF:316 LRB:281 
05-17 10:50:08.619  6950  7013 I Elixir  : Mob.Dist: no EPMD on port 4369 after 10s -- skipping dist (run mix mob.connect to enable)
05-17 10:50:09.324 32292 32309 I Finsky:background: [52] Stats for Executor: bgExecutor vqs@fcad20c[Running, pool size = 4, active threads = 0, queued tasks = 0, completed tasks = 89]
05-17 10:50:09.349 32292 32309 I Finsky:background: [52] Stats for Executor: LightweightExecutor vqs@7da8542[Running, pool size = 4, active threads = 0, queued tasks = 0, completed tasks = 116]
05-17 10:50:09.452  1928  2050 D BtGatt.GattService: onScanResult to scannerId: 2- eventType=0x10, addressType=1, address=6D7CF1_5, primaryPhy=1, secondaryPhy=0, advertisingSid=0xff, txPower=127, rssi=-84, periodicAdvInt=0x0
05-17 10:50:09.457  1928  2050 W bt_btif : btif_dm_update_ble_remote_properties cod is 0x000000
05-17 10:50:09.457  1928  2050 W bt_btif : btif_dm_update_ble_remote_properties cod is 0, checking cod from storage
05-17 10:50:09.457  1928  2050 W bt_btif : btif_dm_update_ble_remote_properties cod retrieved from storage is 0x001f00
05-17 10:50:09.458  1928  2050 D BtGatt.GattService: onScanResult to scannerId: 2- eventType=0x1b, addressType=1, address=C19840_0, primaryPhy=1, secondaryPhy=0, advertisingSid=0xff, txPower=127, rssi=-82, periodicAdvInt=0x0
05-17 10:50:09.461  1928  2050 D BluetoothUtils: getBtEnabledContainers(): btContainers = []
05-17 10:50:09.461  1928  2050 E BluetoothRemoteDevices: Remote class is UNCATEGORIZED
05-17 10:50:09.462  1613  1862 V BluetoothEventManager: onReceive :: android.bluetooth.device.action.NAME_CHANGED
05-17 10:50:09.466  1928  2050 D BtGatt.GattService: onScanResult to scannerId: 2- eventType=0x1b, addressType=1, address=5CA103_4, primaryPhy=1, secondaryPhy=0, advertisingSid=0xff, txPower=127, rssi=-75, periodicAdvInt=0x0
05-17 10:50:09.490  6950  6950 I MobBleScanRaw: device_id=C1:98:40:13:32:C0 rssi=-82 advertisement_b64=AgEGAgoAEQaeytwkDuWp4JPzo7UBAEBuEglBZGFmcnVpdCBCbHVlZnJ1aQAAAAAAAAAAAAAAAAAAAAAAAAA= manufacturer_ids=[] service_uuids=[6e400001-b5a3-f393-e0a9-e50e24dcca9e]
05-17 10:50:09.490  1928  2050 D BtGatt.GattService: onScanResult to scannerId: 2- eventType=0x1b, addressType=1, address=554F93_8, primaryPhy=1, secondaryPhy=0, advertisingSid=0xff, txPower=127, rssi=-62, periodicAdvInt=0x0
05-17 10:50:09.510  1928  2050 D BtGatt.GattService: onScanResult to scannerId: 2- eventType=0x10, addressType=1, address=48C4B1_8, primaryPhy=1, secondaryPhy=0, advertisingSid=0xff, txPower=127, rssi=-35, periodicAdvInt=0x0
05-17 10:50:09.515  1928  2050 D BtGatt.GattService: onScanResult to scannerId: 2- eventType=0x10, addressType=1, address=638088_4, primaryPhy=1, secondaryPhy=0, advertisingSid=0xff, txPower=127, rssi=-77, periodicAdvInt=0x0
05-17 10:50:09.564  1928  2050 D BtGatt.GattService: onScanResult to scannerId: 2- eventType=0x10, addressType=1, address=2E6571_5, primaryPhy=1, secondaryPhy=0, advertisingSid=0xff, txPower=127, rssi=-93, periodicAdvInt=0x0
05-17 10:50:09.573 32292 32309 I Finsky:background: [52] Stats for Executor: BlockingExecutor vqs@f5a2944[Running, pool size = 3, active threads = 0, queued tasks = 0, completed tasks = 188]
05-17 10:50:09.589  1928  2050 D BtGatt.GattService: onScanResult to scannerId: 2- eventType=0x10, addressType=0, address=BC455B_A, primaryPhy=1, secondaryPhy=0, advertisingSid=0xff, txPower=127, rssi=-73, periodicAdvInt=0x0
05-17 10:50:09.618  1928  2050 D BtGatt.GattService: onScanResult to scannerId: 2- eventType=0x10, addressType=1, address=38DC00_6, primaryPhy=1, secondaryPhy=0, advertisingSid=0xff, txPower=127, rssi=-94, periodicAdvInt=0x0
05-17 10:50:09.622  1928  2050 D BtGatt.GattService: onScanResult to scannerId: 2- eventType=0x1b, addressType=1, address=5670A3_4, primaryPhy=1, secondaryPhy=0, advertisingSid=0xff, txPower=127, rssi=-35, periodicAdvInt=0x0
05-17 10:50:09.622  1928  2050 D BtGatt.GattService: onScanResult to scannerId: 2- eventType=0x1b, addressType=1, address=568F96_7, primaryPhy=1, secondaryPhy=0, advertisingSid=0xff, txPower=127, rssi=-36, periodicAdvInt=0x0
05-17 10:50:09.639  6950  6950 I MobBleScanRaw: device_id=38:DC:00:BD:E1:B6 rssi=-94 advertisement_b64=Hv8GAAEJICKF9W+dNULvdULE4GONsUsOW4ol38CaXwAAAAAAAAAAAAAAAAAAAAAAAAAAAAAAAAAAAAAAAAA= manufacturer_ids=[6] service_uuids=[]
05-17 10:50:09.649  1928  2050 D BtGatt.GattService: onScanResult to scannerId: 2- eventType=0x1b, addressType=1, address=4795CE_E, primaryPhy=1, secondaryPhy=0, advertisingSid=0xff, txPower=127, rssi=-77, periodicAdvInt=0x0
05-17 10:50:09.652  1928  2050 D BtGatt.GattService: onScanResult to scannerId: 2- eventType=0x1b, addressType=0, address=84E0F4_2, primaryPhy=1, secondaryPhy=0, advertisingSid=0xff, txPower=127, rssi=-89, periodicAdvInt=0x0
05-17 10:50:10.334  1707  1707 I wpa_supplicant: Heartbeat 20325
05-17 10:50:10.450  6950  6950 I BluetoothAdapter: STATE_ON
05-17 10:50:10.450  6950  6950 I BluetoothAdapter: STATE_ON
05-17 10:50:10.450  6950  6950 I BluetoothAdapter: STATE_ON
05-17 10:50:10.452  6950  6950 D BluetoothLeAdvertiser: Stop AdvertingSet
05-17 10:50:10.454  1928  2699 I bt_stack: [INFO:le_advertising_manager.cc(70)] Unregister in shim layer
05-17 10:50:10.455  1928  2282 W bt_stack: le_advertising_manager :: remove_advertiser - id : 2
05-17 10:50:10.456  1928  2260 E BtGatt.GattService: [GSIM LOG]: gsimLogHandler, msg: MESSAGE_ADV_SET_STOP, appName: dev.mob.mob, id: 2, isLegacy: true
05-17 10:50:10.464  1200  3617 D SemWifiUsabilityStatsMonitor: onWifiUsabilityStats - seqNum 5499, isSameBssidAndFreq true
05-17 10:50:10.466  1200  1507 I SemWifiLinkQualityMonitor: Link Qos Query: 0.129 ms / 62.132 Mbps (432 / 0.059 / 1.667)
05-17 10:50:10.489  6950  6950 D BluetoothLeAdvertiser: onAdvertisingSetStopped(2)
05-17 10:50:11.018  1200  1902 D CustomizedBinderCallsStatsInternal: reportCpuUsage() : 0%
05-17 10:50:11.019  1200  1247 I BinderCallsStats: Collected cpu time : 0us, collected call count : 0 for 300516 ms
05-17 10:50:11.019  1200  1247 I CustomizedBinderCallsStatsInternal: should write the current data!!
05-17 10:50:11.020  1200  1239 I BinderCallsStats: Nothing to write to file. Just return
05-17 10:50:11.334  1928  2050 D BtGatt.GattService: onScanResult to scannerId: 2- eventType=0x1b, addressType=0, address=84E0F4_2, primaryPhy=1, secondaryPhy=0, advertisingSid=0xff, txPower=127, rssi=-79, periodicAdvInt=0x0
05-17 10:50:11.336  1928  2050 D BtGatt.GattService: onScanResult to scannerId: 2- eventType=0x1b, addressType=1, address=7F7BD8_9, primaryPhy=1, secondaryPhy=0, advertisingSid=0xff, txPower=127, rssi=-79, periodicAdvInt=0x0
05-17 10:50:11.345  1928  2050 D BtGatt.GattService: onScanResult to scannerId: 2- eventType=0x1a, addressType=1, address=5A259F_B, primaryPhy=1, secondaryPhy=0, advertisingSid=0xff, txPower=127, rssi=-44, periodicAdvInt=0x0
05-17 10:50:11.355  1928  2050 D BtGatt.GattService: onScanResult to scannerId: 2- eventType=0x1b, addressType=0, address=84E0F4_2, primaryPhy=1, secondaryPhy=0, advertisingSid=0xff, txPower=127, rssi=-78, periodicAdvInt=0x0
05-17 10:50:11.356  1928  2050 D BtGatt.GattService: onScanResult to scannerId: 2- eventType=0x10, addressType=1, address=6D7CF1_5, primaryPhy=1, secondaryPhy=0, advertisingSid=0xff, txPower=127, rssi=-79, periodicAdvInt=0x0
05-17 10:50:11.357  6950  6950 I MobBleScanRaw: device_id=7F:7B:D8:F8:D7:09 rssi=-79 advertisement_b64=AgEaAgoMCv9MABAFBhhFVPMAAAAAAAAAAAAAAAAAAAAAAAAAAAAAAAAAAAAAAAAAAAAAAAAAAAAAAAAAAAA= manufacturer_ids=[76] service_uuids=[]
05-17 10:50:11.358  6950  6950 I MobBleScanRaw: device_id=5A:25:9F:6C:B3:2B rssi=-44 advertisement_b64=Gf///01CAQEBACN1GFXgj0Ex9wgG7dwoW8wAAAAAAAAAAAAAAAAAAAAAAAAAAAAAAAAAAAAAAAAAAAAAAAA= manufacturer_ids=[65535] service_uuids=[]
05-17 10:50:11.362  6950  7013 I Elixir  : BleSelfTest: DISTINCT MESH MESSAGE kind=beacon key=f70806eddc285bcc:23751855e08f4131 from=sender_hash=f70806eddc285bcc device_id=5A:25:9F:6C:B3:2B first_seen_after=7_callbacks
05-17 10:50:11.363  6950  6990 I BEAMout : 10:50:11.362 [info] BleSelfTest: DISTINCT MESH MESSAGE kind=beacon key=f70806eddc285bcc:23751855e08f4131 from=sender_hash=f70806eddc285bcc device_id=5A:25:9F:6C:B3:2B first_seen_after=7_callbacks
05-17 10:50:11.419  1928  2050 D BtGatt.GattService: onScanResult to scannerId: 2- eventType=0x1b, addressType=1, address=568F96_7, primaryPhy=1, secondaryPhy=0, advertisingSid=0xff, txPower=127, rssi=-35, periodicAdvInt=0x0
05-17 10:50:11.424  1928  2050 D BtGatt.GattService: onScanResult to scannerId: 2- eventType=0x1b, addressType=1, address=5670A3_4, primaryPhy=1, secondaryPhy=0, advertisingSid=0xff, txPower=127, rssi=-35, periodicAdvInt=0x0
05-17 10:50:11.425  1928  2050 D BtGatt.GattService: onScanResult to scannerId: 2- eventType=0x10, addressType=1, address=FCE606_4, primaryPhy=1, secondaryPhy=0, advertisingSid=0xff, txPower=127, rssi=-35, periodicAdvInt=0x0
05-17 10:50:11.438  1928  2050 D BtGatt.GattService: onScanResult to scannerId: 2- eventType=0x10, addressType=0, address=BC455B_A, primaryPhy=1, secondaryPhy=0, advertisingSid=0xff, txPower=127, rssi=-84, periodicAdvInt=0x0
05-17 10:50:11.452  6950  6950 I MobBleScanRaw: device_id=FC:E6:06:9C:21:84 rssi=-35 advertisement_b64=B/9MABICAAEAAAAAAAAAAAAAAAAAAAAAAAAAAAAAAAAAAAAAAAAAAAAAAAAAAAAAAAAAAAAAAAAAAAAAAAA= manufacturer_ids=[76] service_uuids=[]
05-17 10:50:11.454  1928  2050 D BtGatt.GattService: onScanResult to scannerId: 2- eventType=0x10, addressType=1, address=70B0D9_E, primaryPhy=1, secondaryPhy=0, advertisingSid=0xff, txPower=127, rssi=-82, periodicAdvInt=0x0
05-17 10:50:11.482  1928  2050 D BtGatt.GattService: onScanResult to scannerId: 2- eventType=0x1b, addressType=1, address=554F93_8, primaryPhy=1, secondaryPhy=0, advertisingSid=0xff, txPower=127, rssi=-50, periodicAdvInt=0x0
05-17 10:50:11.484  1928  2050 D BtGatt.GattService: onScanResult to scannerId: 2- eventType=0x1a, addressType=1, address=5A259F_B, primaryPhy=1, secondaryPhy=0, advertisingSid=0xff, txPower=127, rssi=-44, periodicAdvInt=0x0
05-17 10:50:11.492  1928  2050 D BtGatt.GattService: onScanResult to scannerId: 2- eventType=0x10, addressType=1, address=48C4B1_8, primaryPhy=1, secondaryPhy=0, advertisingSid=0xff, txPower=127, rssi=-35, periodicAdvInt=0x0
05-17 10:50:11.521  1928  2050 D BtGatt.GattService: onScanResult to scannerId: 2- eventType=0x1b, addressType=1, address=5C2647_5, primaryPhy=1, secondaryPhy=0, advertisingSid=0xff, txPower=127, rssi=-72, periodicAdvInt=0x0
05-17 10:50:11.530  1928  2050 D BtGatt.GattService: onScanResult to scannerId: 2- eventType=0x1b, addressType=0, address=84E0F4_2, primaryPhy=1, secondaryPhy=0, advertisingSid=0xff, txPower=127, rssi=-78, periodicAdvInt=0x0
05-17 10:50:12.359  6950  7013 I BluetoothAdapter: STATE_ON
05-17 10:50:12.359  6950  7013 I BluetoothAdapter: STATE_ON
05-17 10:50:12.361  6950  7013 I BluetoothAdapter: STATE_ON
05-17 10:50:12.363  6950  7013 I BluetoothAdapter: STATE_ON
05-17 10:50:12.363  6950  7013 I MobBleDispatch: {"v":1,"event":"ble_capabilities","supports_extended_advertising":true,"max_advertising_data_length":1024,"is_multiple_advertisement_supported":true,"legacy_manufacturer_payload_budget":24}
05-17 10:50:12.363  6950  7013 I BluetoothAdapter: STATE_ON
05-17 10:50:12.365  6950  7013 I BluetoothAdapter: STATE_ON
05-17 10:50:12.369  6950  7013 I BluetoothAdapter: STATE_ON
05-17 10:50:12.369  6950  7013 I BluetoothAdapter: STATE_ON
05-17 10:50:12.369  6950  7013 I BluetoothAdapter: STATE_ON
05-17 10:50:12.369  6950  7013 I BluetoothAdapter: STATE_ON
05-17 10:50:12.374  1928  2699 I bt_stack: [INFO:le_advertising_manager.cc(137)] StartAdvertisingSet in shim layer
05-17 10:50:12.374  1928  2699 W bt_stack: le_advertising_manager :: allocate_advertiser - id : 2
05-17 10:50:12.375  1928  2699 I bt_stack: [INFO:le_advertising_manager.cc(157)] create advertising set, reg_id:-5129, id:2
05-17 10:50:12.375  1928  2282 W bt_stack: le_advertising_manager :: create_extended_advertiser - id : 2
05-17 10:50:12.375  1928  2282 W bt_stack: le_advertising_manager :: enable_advertiser - id : 2
05-17 10:50:12.377  6950  7013 I MobBleDispatch: {"v":1,"event":"attempt_outcome","attempt_id":"selftest-1779040212358","message_id":"eI\/I\/w1HuTWclMCsgFzDEQ==","target_peer_id":"broadcast","target_device_ids":["broadcast"],"kind":"dispatched","reason":"legacy_beacon_fallback","adapter":"ble_android","outcome_at_ms":203884419}
05-17 10:50:12.379  6950  7013 I MobBleNative: sendToPeer(broadcast, 31B) -> DISPATCHED reason=legacy_beacon_fallback
05-17 10:50:12.379  6950  7013 I Elixir  : BleSelfTest: MESH MESSAGE SENT payload="hello-from-mob-dev-1779040212" result=:ok
05-17 10:50:12.381  6950  7013 W Elixir  : BleSelfTest: bridge error unknown: {"v":1,"event":"attempt_outcome","attempt_id":"selftest-1779040212358","message_id":"eI\/I\/w1HuTWclMCsgFzDEQ==","target_peer_id":"broadcast","target_device_ids":["broadcast"],"kind":"dispatched","reason":"legacy_beacon_fallback","adapter":"ble_android","outcome_at_ms":203884419}
05-17 10:50:12.384  6950  6990 I BEAMout : 10:50:12.379 [info] BleSelfTest: MESH MESSAGE SENT payload="hello-from-mob-dev-1779040212" result=:ok
05-17 10:50:12.385  6950  6990 I BEAMout : 10:50:12.381 [warning] BleSelfTest: bridge error unknown: {"v":1,"event":"attempt_outcome","attempt_id":"selftest-1779040212358","message_id":"eI\/I\/w1HuTWclMCsgFzDEQ==","target_peer_id":"broadcast","target_device_ids":["broadcast"],"kind":"dispatched","reason":"legacy_beacon_fallback","adapter":"ble_android","outcome_at_ms":203884419}
05-17 10:50:12.397  1928  2260 E BtGatt.GattService: [GSIM LOG]: gsimLogHandler, msg: MESSAGE_ADV_SET_START, appName: dev.mob.mob, id: 2, isLegacy: true
05-17 10:50:12.410  6950  6950 D BluetoothLeAdvertiser: onAdvertisingSetStarted(2, -7, 0)
05-17 10:50:12.413  6950  6950 I MobBleDispatch: {"v":1,"event":"legacy_beacon_advertising_started","attempt_id":"selftest-1779040212358","beacon_size":22,"beacon":"TUIBAQEA34yO2YCJ3GoS94VXUXoT+Q==","message_id_hash":"34yO2YCJ3Go=","sender_peer_id_hash":"EveFV1F6E\/k=","payload_kind":"TX","envelope_version":1,"window_ms":5000,"data_carrier":"legacy_advertisement"}
05-17 10:50:12.645   602   602 D io_stats: !@   8,0 r 1030584 33592476 w 589142 56581140 d 0 0 f 0 0 iot 510752 0 th 0 0 0 pt 0 inp 0 0 203460.218
05-17 10:50:13.172  1928  2050 D BtGatt.GattService: onScanResult to scannerId: 2- eventType=0x10, addressType=1, address=48C4B1_8, primaryPhy=1, secondaryPhy=0, advertisingSid=0xff, txPower=127, rssi=-36, periodicAdvInt=0x0
05-17 10:50:13.221  1928  2050 D BtGatt.GattService: onScanResult to scannerId: 2- eventType=0x1b, addressType=1, address=5670A3_4, primaryPhy=1, secondaryPhy=0, advertisingSid=0xff, txPower=127, rssi=-36, periodicAdvInt=0x0
05-17 10:50:13.224  1928  2050 D BtGatt.GattService: onScanResult to scannerId: 2- eventType=0x1b, addressType=1, address=568F96_7, primaryPhy=1, secondaryPhy=0, advertisingSid=0xff, txPower=127, rssi=-37, periodicAdvInt=0x0
05-17 10:50:13.241  1928  2050 D BtGatt.GattService: onScanResult to scannerId: 2- eventType=0x10, addressType=1, address=638088_4, primaryPhy=1, secondaryPhy=0, advertisingSid=0xff, txPower=127, rssi=-77, periodicAdvInt=0x0
05-17 10:50:13.256  1928  2050 D BtGatt.GattService: onScanResult to scannerId: 2- eventType=0x1b, addressType=1, address=C19840_0, primaryPhy=1, secondaryPhy=0, advertisingSid=0xff, txPower=127, rssi=-86, periodicAdvInt=0x0
05-17 10:50:13.321  6950  7013 I Elixir  : BleSelfTest: HEARTBEAT events=98 devices=27 mob_peers=0 sent=2 distinct_msgs=3 beacon_callbacks=8 envelopes=0
05-17 10:50:13.322  6950  6990 I BEAMout : 10:50:13.321 [info] BleSelfTest: HEARTBEAT events=98 devices=27 mob_peers=0 sent=2 distinct_msgs=3 beacon_callbacks=8 envelopes=0
05-17 10:50:13.348  1928  2050 D BtGatt.GattService: onScanResult to scannerId: 2- eventType=0x10, addressType=1, address=2B28E0_D, primaryPhy=1, secondaryPhy=0, advertisingSid=0xff, txPower=127, rssi=-93, periodicAdvInt=0x0
05-17 10:50:13.355  1928  2050 D BtGatt.GattService: onScanResult to scannerId: 2- eventType=0x10, addressType=1, address=48C4B1_8, primaryPhy=1, secondaryPhy=0, advertisingSid=0xff, txPower=127, rssi=-37, periodicAdvInt=0x0
05-17 10:50:13.393  1928  2050 D BtGatt.GattService: onScanResult to scannerId: 2- eventType=0x1a, addressType=1, address=5A259F_B, primaryPhy=1, secondaryPhy=0, advertisingSid=0xff, txPower=127, rssi=-45, periodicAdvInt=0x0
05-17 10:50:13.401  1928  2050 D BtGatt.GattService: onScanResult to scannerId: 2- eventType=0x1b, addressType=1, address=554F93_8, primaryPhy=1, secondaryPhy=0, advertisingSid=0xff, txPower=127, rssi=-49, periodicAdvInt=0x0
05-17 10:50:13.556  1200  3617 D SemWifiUsabilityStatsMonitor: onWifiUsabilityStats - seqNum 5500, isSameBssidAndFreq true
05-17 10:50:13.557  1200  1507 I SemWifiLinkQualityMonitor: Link Qos Query: 0.140 ms / 57.342 Mbps (432 / 0.065 / 1.667)
05-17 10:50:13.861 30311 30311 D BoundBrokerSvc: onRebind: Intent { act=com.google.android.gms.libs.gmscorelogger.service.START dat=chimera-action:/... cmp=com.google.android.gms/.chimera.PersistentDirectBootAwareApiService }
05-17 10:50:15.039  1928  2050 D BtGatt.GattService: onScanResult to scannerId: 2- eventType=0x10, addressType=1, address=48C4B1_8, primaryPhy=1, secondaryPhy=0, advertisingSid=0xff, txPower=127, rssi=-35, periodicAdvInt=0x0
05-17 10:50:15.064  1928  2050 D BtGatt.GattService: onScanResult to scannerId: 2- eventType=0x10, addressType=1, address=E24F67_F, primaryPhy=1, secondaryPhy=0, advertisingSid=0xff, txPower=127, rssi=-70, periodicAdvInt=0x0
05-17 10:50:15.086  6950  6950 I MobBleScanRaw: device_id=E2:4F:67:58:90:3F rssi=-70 advertisement_b64=B/9MABICAAMAAAAAAAAAAAAAAAAAAAAAAAAAAAAAAAAAAAAAAAAAAAAAAAAAAAAAAAAAAAAAAAAAAAAAAAA= manufacturer_ids=[76] service_uuids=[]
05-17 10:50:15.096  1928  2050 D BtGatt.GattService: onScanResult to scannerId: 2- eventType=0x10, addressType=1, address=638088_4, primaryPhy=1, secondaryPhy=0, advertisingSid=0xff, txPower=127, rssi=-81, periodicAdvInt=0x0
05-17 10:50:15.123  1928  2050 D BtGatt.GattService: onScanResult to scannerId: 2- eventType=0x1b, addressType=0, address=84E0F4_2, primaryPhy=1, secondaryPhy=0, advertisingSid=0xff, txPower=127, rssi=-88, periodicAdvInt=0x0
05-17 10:50:15.131  1928  2050 D BtGatt.GattService: onScanResult to scannerId: 2- eventType=0x10, addressType=1, address=6D7CF1_5, primaryPhy=1, secondaryPhy=0, advertisingSid=0xff, txPower=127, rssi=-83, periodicAdvInt=0x0
05-17 10:50:15.145  1928  2050 D BtGatt.GattService: onScanResult to scannerId: 2- eventType=0x10, addressType=0, address=BC455B_A, primaryPhy=1, secondaryPhy=0, advertisingSid=0xff, txPower=127, rssi=-73, periodicAdvInt=0x0
05-17 10:50:15.159  1928  2050 D BtGatt.GattService: onScanResult to scannerId: 2- eventType=0x1a, addressType=1, address=5A259F_B, primaryPhy=1, secondaryPhy=0, advertisingSid=0xff, txPower=127, rssi=-43, periodicAdvInt=0x0
05-17 10:50:15.196  1928  2050 D BtGatt.GattService: onScanResult to scannerId: 2- eventType=0x1b, addressType=1, address=568F96_7, primaryPhy=1, secondaryPhy=0, advertisingSid=0xff, txPower=127, rssi=-35, periodicAdvInt=0x0
05-17 10:50:15.207  1928  2050 D BtGatt.GattService: onScanResult to scannerId: 2- eventType=0x10, addressType=1, address=72AA45_B, primaryPhy=1, secondaryPhy=0, advertisingSid=0xff, txPower=127, rssi=-81, periodicAdvInt=0x0
05-17 10:50:15.211  1928  2050 D BtGatt.GattService: onScanResult to scannerId: 2- eventType=0x1b, addressType=1, address=DD0D30_2, primaryPhy=1, secondaryPhy=0, advertisingSid=0xff, txPower=127, rssi=-66, periodicAdvInt=0x0
05-17 10:50:15.226  1928  2050 D BtGatt.GattService: onScanResult to scannerId: 2- eventType=0x10, addressType=1, address=48C4B1_8, primaryPhy=1, secondaryPhy=0, advertisingSid=0xff, txPower=127, rssi=-35, periodicAdvInt=0x0
05-17 10:50:15.238  1928  2050 D BtGatt.GattService: onScanResult to scannerId: 2- eventType=0x10, addressType=1, address=6D7CF1_5, primaryPhy=1, secondaryPhy=0, advertisingSid=0xff, txPower=127, rssi=-83, periodicAdvInt=0x0
05-17 10:50:16.463  1200  7026 D WifiConnectivityMonitor.DnsThread:  [|207] []
05-17 10:50:16.465  1200  1524 D WifiConnectivityMonitor.NetworkStatsAnalyzer: DNS resultType : 0, responseTime : 207
05-17 10:50:16.465  1200  1522 D OpenNetworkQos[4.00]: updateBssidLatestDnsResultType - result: 0
05-17 10:50:16.465  1200  1522 D OpenNetworkQos[4.00]: updateBssidNoInternet: mBssidNoInternet = false
05-17 10:50:16.465  1200  1522 D OpenNetworkQos[4.00]: getOpenNetworkQosNoInternetStatus: false[Private DNS is active. Result is ignored.]
05-17 10:50:16.465  1200  1522 D OpenNetworkQos[4.00]: getOpenNetworkQosScores: 17 20 0 [Private DNS is active. Result is ignored.]
05-17 10:50:16.465  1200  1522 I WifiProfileShare: network QoS data was changed (internet), updateQoSData networkType: true, qosData: false
05-17 10:50:16.466  1200  2583 V WifiProfileShare.Caster: checkAndGetShareData - device locked
05-17 10:50:16.668  1200  3617 D SemWifiUsabilityStatsMonitor: onWifiUsabilityStats - seqNum 5501, isSameBssidAndFreq true
05-17 10:50:16.668  1613  1613 D NetworkController.WifiSignalController: notifyListener: visible=true, connected=true, inetCondition=1, isDefault=true, wifiTestReported=true, receivedInetCondition=-1, hideDuringMobileSwitching=false
05-17 10:50:16.670  1200  1507 I SemWifiLinkQualityMonitor: Link Qos Query: 0.075 ms / 106.736 Mbps (432 / 0.056 / 1.000)
05-17 10:50:16.695   914   914 I SurfaceFlinger: SFWD update time=203464268558623
05-17 10:50:16.932  1928  2050 D BtGatt.GattService: onScanResult to scannerId: 2- eventType=0x1a, addressType=1, address=5A259F_B, primaryPhy=1, secondaryPhy=0, advertisingSid=0xff, txPower=127, rssi=-44, periodicAdvInt=0x0
05-17 10:50:16.944  1928  2050 D BtGatt.GattService: onScanResult to scannerId: 2- eventType=0x1b, addressType=0, address=84E0F4_2, primaryPhy=1, secondaryPhy=0, advertisingSid=0xff, txPower=127, rssi=-79, periodicAdvInt=0x0
05-17 10:50:16.969  1928  2050 D BtGatt.GattService: onScanResult to scannerId: 2- eventType=0x1b, addressType=1, address=554F93_8, primaryPhy=1, secondaryPhy=0, advertisingSid=0xff, txPower=127, rssi=-50, periodicAdvInt=0x0
05-17 10:50:16.989  1928  2050 D BtGatt.GattService: onScanResult to scannerId: 2- eventType=0x10, addressType=1, address=64519E_3, primaryPhy=1, secondaryPhy=0, advertisingSid=0xff, txPower=127, rssi=-87, periodicAdvInt=0x0
05-17 10:50:16.997  1928  2050 D BtGatt.GattService: onScanResult to scannerId: 2- eventType=0x10, addressType=1, address=48C4B1_8, primaryPhy=1, secondaryPhy=0, advertisingSid=0xff, txPower=127, rssi=-35, periodicAdvInt=0x0
05-17 10:50:17.015  1928  2050 D BtGatt.GattService: onScanResult to scannerId: 2- eventType=0x1b, addressType=1, address=5C2647_5, primaryPhy=1, secondaryPhy=0, advertisingSid=0xff, txPower=127, rssi=-71, periodicAdvInt=0x0
05-17 10:50:17.028  1928  2050 D BtGatt.GattService: onScanResult to scannerId: 2- eventType=0x10, addressType=1, address=70B0D9_E, primaryPhy=1, secondaryPhy=0, advertisingSid=0xff, txPower=127, rssi=-82, periodicAdvInt=0x0
05-17 10:50:17.032  1928  2050 D BtGatt.GattService: onScanResult to scannerId: 2- eventType=0x10, addressType=0, address=BC7E8B_B, primaryPhy=1, secondaryPhy=0, advertisingSid=0xff, txPower=127, rssi=-82, periodicAdvInt=0x0
05-17 10:50:17.066  1928  2050 D BtGatt.GattService: onScanResult to scannerId: 2- eventType=0x10, addressType=1, address=E24F67_F, primaryPhy=1, secondaryPhy=0, advertisingSid=0xff, txPower=127, rssi=-71, periodicAdvInt=0x0
05-17 10:50:17.071  1928  2050 D BtGatt.GattService: onScanResult to scannerId: 2- eventType=0x1a, addressType=1, address=5A259F_B, primaryPhy=1, secondaryPhy=0, advertisingSid=0xff, txPower=127, rssi=-44, periodicAdvInt=0x0
05-17 10:50:17.075  1928  2050 D BtGatt.GattService: onScanResult to scannerId: 2- eventType=0x10, addressType=1, address=288E0C_6, primaryPhy=1, secondaryPhy=0, advertisingSid=0xff, txPower=127, rssi=-93, periodicAdvInt=0x0
05-17 10:50:17.077  1928  2050 D BtGatt.GattService: onScanResult to scannerId: 2- eventType=0x10, addressType=1, address=72AA45_B, primaryPhy=1, secondaryPhy=0, advertisingSid=0xff, txPower=127, rssi=-81, periodicAdvInt=0x0
05-17 10:50:17.086  1928  2050 D BtGatt.GattService: onScanResult to scannerId: 2- eventType=0x1b, addressType=1, address=4795CE_E, primaryPhy=1, secondaryPhy=0, advertisingSid=0xff, txPower=127, rssi=-80, periodicAdvInt=0x0
05-17 10:50:17.107  1928  2050 D BtGatt.GattService: onScanResult to scannerId: 2- eventType=0x1b, addressType=1, address=5670A3_4, primaryPhy=1, secondaryPhy=0, advertisingSid=0xff, txPower=127, rssi=-35, periodicAdvInt=0x0
05-17 10:50:17.112  1928  2050 D BtGatt.GattService: onScanResult to scannerId: 2- eventType=0x1b, addressType=0, address=84E0F4_2, primaryPhy=1, secondaryPhy=0, advertisingSid=0xff, txPower=127, rssi=-79, periodicAdvInt=0x0
05-17 10:50:17.120  1928  2050 D BtGatt.GattService: onScanResult to scannerId: 2- eventType=0x10, addressType=1, address=027F8E_3, primaryPhy=1, secondaryPhy=0, advertisingSid=0xff, txPower=127, rssi=-90, periodicAdvInt=0x0
05-17 10:50:17.415  6950  6950 I BluetoothAdapter: STATE_ON
05-17 10:50:17.415  6950  6950 I BluetoothAdapter: STATE_ON
05-17 10:50:17.415  6950  6950 I BluetoothAdapter: STATE_ON
05-17 10:50:17.416  6950  6950 D BluetoothLeAdvertiser: Stop AdvertingSet
05-17 10:50:17.418  1928  2699 I bt_stack: [INFO:le_advertising_manager.cc(70)] Unregister in shim layer
05-17 10:50:17.419  1928  2282 W bt_stack: le_advertising_manager :: remove_advertiser - id : 2
05-17 10:50:17.419  1928  2260 E BtGatt.GattService: [GSIM LOG]: gsimLogHandler, msg: MESSAGE_ADV_SET_STOP, appName: dev.mob.mob, id: 2, isLegacy: true
05-17 10:50:17.422  6950  6950 D BluetoothLeAdvertiser: onAdvertisingSetStopped(2)
05-17 10:50:17.974  2905  2905 I SDHMS:LOAD: type: LoadsFreqs, value: 0:0:0:661700:962000:650000:661700:962000:650000:0:0:0
05-17 10:50:18.245  1200 12555 D NandswapHandler: nandswap start for non-activity com.android.phone(pid 1567) action:7 adj:-800 type:1
05-17 10:50:18.262  1200 12555 D NandswapHandler: nandswap end for non-activity com.android.phone(pid 1567) ret:1 adj:-800 sadj:-800
05-17 10:50:18.322  6950  7013 I Elixir  : BleSelfTest: HEARTBEAT events=130 devices=28 mob_peers=0 sent=2 distinct_msgs=3 beacon_callbacks=12 envelopes=0
05-17 10:50:18.324  6950  6990 I BEAMout : 10:50:18.322 [info] BleSelfTest: HEARTBEAT events=130 devices=28 mob_peers=0 sent=2 distinct_msgs=3 beacon_callbacks=12 envelopes=0
05-17 10:50:18.794  1928  2050 D BtGatt.GattService: onScanResult to scannerId: 2- eventType=0x1b, addressType=1, address=7F7BD8_9, primaryPhy=1, secondaryPhy=0, advertisingSid=0xff, txPower=127, rssi=-78, periodicAdvInt=0x0
