05-17 11:54:06.505  2413  2517 I AppsModelWriter: normalizeVisibleItems(visibleItems)> 0, 105, 0, -102, 0, 16, UserHandle{0}, 0, Appium Settings, -1, -1
05-17 11:54:06.505  2413  2517 I AppsModelWriter: normalizeVisibleItems(visibleItems)> 0, 106, 0, -102, 0, 17, UserHandle{0}, 0, Vysor, -1, -1
05-17 11:54:06.505  2413  2517 I AppsModelWriter: normalizeVisibleItems(visibleItems)> 0, 107, 0, -102, 0, 18, UserHandle{0}, 0, One, -1, -1
05-17 11:54:06.505  2413  2517 I AppsModelWriter: normalizeVisibleItems(visibleItems)> 0, 108, 0, -102, 0, 19, UserHandle{0}, 0, Play Console, -1, -1
05-17 11:54:06.505  2413  2517 I AppsModelWriter: normalizeVisibleItems(visibleItems)> 0, 109, 0, -102, 0, 20, UserHandle{0}, 0, Termius, -1, -1
05-17 11:54:06.505  2413  2517 I AppsModelWriter: normalizeVisibleItems(visibleItems)> 0, 117, 0, -102, 0, 21, UserHandle{0}, 0, MeshX, -1, -1
05-17 11:54:06.507  2413  2517 I AppsModelWriter: updateItems(end) : updateItem> 0, 52, 0, 50, 0, 1, UserHandle{0}, 0, OneDrive, -1, -1
05-17 11:54:06.507  2413  2517 I AppsModelWriter: bindAppsItems : Visible items are empty!!
05-17 11:54:06.507  2413  2517 I PostPositionOperator: addAllItems() - All
05-17 11:54:06.507  2413  2517 I PostPositionOperator: addItem() - , isWidgetOnly : false
05-17 11:54:06.513  2413  2517 I PackageUpdatedTask: set null app progress level to 100
05-17 11:54:06.514  2413  2517 I ModelWriter: updateItemInDatabase++
05-17 11:54:06.514  2413  2517 I ModelWriter: updateItemInDatabase : input item> 22, 20, 0, 1, 0, 0, 1, 1, UserHandle{0}, 0, OneDrive
05-17 11:54:06.527  2413  2517 I WidgetsModel: EasyModeWidget will be excluded on WidgetList.
05-17 11:54:06.530  2413  2517 I PostPositionOperator: addItem() - com.microsoft.skydrive, isWidgetOnly : true
05-17 11:54:06.530  2413  2413 I CapturePreview: sendMessageForCapture
05-17 11:54:06.530  2413  2517 W PackageUpdatedTask: refreshSearchLayout return, operation is not matched
05-17 11:54:06.539  1200  1247 E AppWidgetXmlUtil: Label is empty in ComponentInfo{com.samsung.android.app.spage/com.samsung.android.app.spage.news.ui.widget.NewsWidgetReceiverCard}
05-17 11:54:06.539  1200  1247 E AppWidgetXmlUtil: Label is empty in ComponentInfo{com.samsung.android.app.spage/com.samsung.android.app.spage.news.ui.widget.NewsWidgetReceiverCover}
05-17 11:54:06.540  1200  1247 E AppWidgetXmlUtil: Label is empty in ComponentInfo{com.samsung.android.lool/com.samsung.android.sm.widgetapp.SMGlanceWidgetProvider}
05-17 11:54:06.540  1200  1247 E AppWidgetXmlUtil: Label is empty in ComponentInfo{com.samsung.android.oneconnect/com.samsung.android.oneconnect.ui.widget.routines.homescreen.scene2x1.provider.SceneWidget2x1Provider}
05-17 11:54:06.540  1200  1247 E AppWidgetXmlUtil: Label is empty in ComponentInfo{com.samsung.android.oneconnect/com.samsung.android.oneconnect.ui.widget.routines.glance.homescreen.routines.provider.SceneWidgetMultiProvider}
05-17 11:54:06.540  1200  1247 E AppWidgetXmlUtil: Label is empty in ComponentInfo{com.samsung.android.oneconnect/com.samsung.android.oneconnect.ui.widget.routines.homescreen.scenes2x2.provider.ScenesWidget2x2Provider}
05-17 11:54:06.546  1200  1247 I SemExecuteManagerService: onPackageModified
05-17 11:54:06.562  1200  1215 I GenerationRegistry: mBackingStore.isClosed() : false
05-17 11:54:06.601  8193  8315 D CompatibilityChangeReporter: Compat change id reported: 160794467; UID 10302; state: ENABLED
05-17 11:54:06.601  8178  8192 I WindowsLink: (YpcSignatureChecker) isSignatureAllowed in
05-17 11:54:06.602  8178  8192 I WindowsLink: (BaseContentProvider) call: method = capability_get_last_anr / subMethod = capability_get_last_anr
05-17 11:54:06.602  8178  8192 I WindowsLink: (BaseContentProvider) call: method = capability_get_last_anr / subMethod = capability_get_last_anr
05-17 11:54:06.603  1200  2983 D [RAMS]RemoteAppModeService: isAllowed = true
05-17 11:54:06.622  8118  8141 I SamsungAccount: [SignatureInfoDbHelper] searchOnUser(fromDb) - [10/21n36][microsoft.skydrive.][64/3d550] => matched
05-17 11:54:06.622  8118  8141 I SamsungAccount: [AccountManagerProvider] This is the access of the allowed application
05-17 11:54:06.623  8118  8141 I SamsungAccount: [AccountManagerProvider] makeResultBundle - resultCode : 0
05-17 11:54:06.632  8178  8192 I WindowsLink: (YpcSignatureChecker) isSignatureAllowed in
05-17 11:54:06.632  8178  8192 I WindowsLink: (BaseContentProvider) call: method = DeviceInfo@getLastAnr / subMethod = getLastAnr
05-17 11:54:06.633  1200  2920 D [RAMS]RemoteAppModeService: isAllowed = true
05-17 11:54:06.634  8193  8316 D ConnectivityManager: StackLog: [android.net.ConnectivityManager.sendRequestForNetwork(ConnectivityManager.java:4740)] [android.net.ConnectivityManager.sendRequestForNetwork(ConnectivityManager.java:4908)] [android.net.ConnectivityManager.registerNetworkCallback(ConnectivityManager.java:5325)] [android.net.ConnectivityManager.registerNetworkCallback(ConnectivityManager.java:5295)] [wf.i.<init>(r8-map-id-d4fa492ced9bbd83937b556e5488736e159dae82ed0dd062232b330dddd8b634:51)] [wf.i.a(r8-map-id-d4fa492ced9bbd83937b556e5488736e159dae82ed0dd062232b330dddd8b634:10)] [kf.f.run(r8-map-id-d4fa492ced9bbd83937b556e5488736e159dae82ed0dd062232b330dddd8b634:119)]
05-17 11:54:06.635  1200  2983 I AnrCollector: isAnrFileModifiedLater - anr_2026-05-11-14-37-24-190lastModified : 1778535445680, lastTimestamp : 1779044045833
05-17 11:54:06.639  1200  2983 I AnrCollector: gatLastAnr - lastAnrFile : null
05-17 11:54:06.640  1200  8326 I AnrCollector: write : 0
05-17 11:54:06.640  1200  8326 I AnrCollector: mOut.close()
05-17 11:54:06.648  1200  1446 D ConnectivityService: Rematched networks [computed 0ms] [applied 1ms] [issued 2]
05-17 11:54:06.648  1200  1446 D ConnectivityService: NetworkReassignment : no changes
05-17 11:54:06.689  1200  2983 D PackageManager: setEnabledSetting : userId = 0 packageName = com.microsoft.skydrive cmp = com.microsoft.skydrive.localmoj.notifications.LocalMojSystemBroadcastsReceiver newState = 1 callingPackage = 10086/com.microsoft.skydrive
05-17 11:54:06.690  1200  2983 D ApplicationPolicy: getApplicationStateEnabled : pkg = com.microsoft.skydrive userId : 0
05-17 11:54:06.691  1200  2983 D ApplicationPolicy: getApplicationComponentState : pkg = com.microsoft.skydrive userId : 0
05-17 11:54:06.699  1200  2983 D PackageManager: setEnabledSetting : userId = 0 packageName = com.microsoft.skydrive cmp = com.microsoft.skydrive.receiver.BootAtStartupReceiver newState = 1 callingPackage = 10086/com.microsoft.skydrive
05-17 11:54:06.700  1200  2983 D ApplicationPolicy: getApplicationStateEnabled : pkg = com.microsoft.skydrive userId : 0
05-17 11:54:06.701  1200  2983 D ApplicationPolicy: getApplicationComponentState : pkg = com.microsoft.skydrive userId : 0
05-17 11:54:06.704  1200  2983 D PackageManager: setEnabledSetting : userId = 0 packageName = com.microsoft.skydrive cmp = com.microsoft.skydrive.upload.SdCardMountReceiver newState = 1 callingPackage = 10086/com.microsoft.skydrive
05-17 11:54:06.705  1200  2983 D ApplicationPolicy: getApplicationStateEnabled : pkg = com.microsoft.skydrive userId : 0
05-17 11:54:06.706  1200  2983 D ApplicationPolicy: getApplicationComponentState : pkg = com.microsoft.skydrive userId : 0
05-17 11:54:06.794  8118  8118 I SamsungAccount: [AccountManagerUtil] isSamsungAccountSignedIn : false
05-17 11:54:06.794  8118  8118 I SamsungAccount: [AccountManagerUtil] isSamsungAccountSignedIn : false
05-17 11:54:06.796  8118  8118 I SamsungAccount: [CountryCodeUtil] isChinaCountryCode : false
05-17 11:54:06.805  8193  8193 I WallpaperResourcesInfo: parsingJson: [{"isDefault":true,"index":0,"which":1,"screen":0,"type":0,"filename":"wallpaper_001.png","frame_no":-1,"cmf_info":[""]},{"isDefault":true,"index":1,"which":2,"screen":0,"type":0,"filename":"wallpaper_002.png","frame_no":-1,"cmf_info":[""]},{"isDefault":false,"index":2,"which":1,"screen":0,"type":0,"filename":"wallpaper_003.png","frame_no":-1,"cmf_info":[""]},{"isDefault":false,"index":3,"which":1,"screen":0,"type":0,"filename":"wallpaper_004.png","frame_no":-1,"cmf_info":[""]},{"isDefault":false,"index":4,"which":1,"screen":0,"type":0,"filename":"wallpaper_005.png","frame_no":-1,"cmf_info":[""]}]
05-17 11:54:06.823  8118  8334 I SamsungAccount: [ConsentWorkManager] startWorkerAfterCheckCondition
05-17 11:54:06.874  8118  8334 I SamsungAccount: [ConsentWorkManager] checkWorkerIsRunning
05-17 11:54:06.896 30311 31709 I PhenotypeResourceReader: unable to find any Phenotype resource metadata for com.osp.app.signin
05-17 11:54:06.916  8118  8118 I SamsungAccount: [QrNfcRepository] updateQrAndNfcStateAsync
05-17 11:54:06.917  8118  8118 I SamsungAccount: [AccountManagerUtil] isSamsungAccountSignedIn : false
05-17 11:54:06.928  8118  8334 D WM-PackageManagerHelper: Skipping component enablement for androidx.work.impl.background.systemjob.SystemJobService
05-17 11:54:06.928  8118  8334 D WM-Schedulers: Created SystemJobScheduler and enabled SystemJobService
05-17 11:54:06.934  8118  8341 I Programs: getPrograms US mobile.settings.samsungaccount SM-T577UZKDXAA null
05-17 11:54:06.945   602   602 D io_stats: !@   8,0 r 1033617 33750432 w 595830 56924720 d 0 0 f 0 0 iot 515884 0 th 0 0 0 pt 0 inp 0 0 207294.518
05-17 11:54:06.957  8118  8341 I DataManager: cacheConfigFile is not exist
05-17 11:54:06.958  8118  8341 D DataManager: status : EXPIRED cachesPrograms: null
05-17 11:54:06.958  8118  8341 I DataManager: checkAndUpdateCacheFromServer US SM-T577UZKDXAA EXPIRED null
05-17 11:54:06.959  8118  8344 D WM-ForceStopRunnable: The default process name was not specified.
05-17 11:54:06.960  8118  8344 D WM-ForceStopRunnable: Performing cleanup operations.
05-17 11:54:06.960  2879  3717 I DMASA[D][wl34fppqc3]: [DiagmonProvider]Received msg based on provider : request_deviceid / request_deviceid
05-17 11:54:06.962  2879  3717 I DMASA[D][wl34fppqc3]: [DiagmonProvider]Signature Check Success
05-17 11:54:06.963  2879  3717 I DMASA[D][wl34fppqc3]: [DiagmonProvider]Action : Request deviceID
05-17 11:54:06.967  2879  3717 W DMASA[D][wl34fppqc3]: [DiagmonProvider]DeviceId failed : user binary or info null
05-17 11:54:07.015  8118  8118 I SamsungAnalytics605079: Tracker start:6.05.079
05-17 11:54:07.044  8118  8118 I SamsungAccount: [AnalyticsWorkManager] startWork
05-17 11:54:07.057  8118  8341 D HttpRequest: https://api.account.samsung.com/v1/abtests?countryCode=US&modelCode=SM-T577UZKDXAA&planID=mobile.settings.samsungaccount
05-17 11:54:07.117  1200  2983 I GenerationRegistry: mBackingStore.isClosed() : false
05-17 11:54:07.142  8118  8118 I SamsungAccount: [AnalyticsPref] setSaVersionStatus : 15.6.02.2
05-17 11:54:07.184  8118  8344 D CompatibilityChangeReporter: Compat change id reported: 160794467; UID 10091; state: ENABLED
05-17 11:54:07.198  8118  8344 D WM-ForceStopRunnable: Application was force-stopped, rescheduling.
05-17 11:54:07.227  1200  1546 D NetdEventListenerService: DNS Requested by : 100, 10091
05-17 11:54:07.250  8118  8118 I SamsungAccount: [AccountManagerUtil] isSamsungAccountSignedIn : false
05-17 11:54:07.250  8118  8118 I SamsungAccount: [AnalyticsPref] setSignedInStatus : 0
05-17 11:54:07.250  8118  8118 I SamsungAccount: [AccountDiagmonLogger] Diagmon Logger Init
05-17 11:54:07.251  8118  8118 I DIAGMON_SDK[605079]: DiagMonAgent type: 2
05-17 11:54:07.251  8118  8118 D DIAGMON_SDK[605079][773-399-565755] : setConfiguration type : CUSTOM
05-17 11:54:07.252  8118  8118 I DIAGMON_SDK[605079][773-399-565755] : generated SR object
05-17 11:54:07.252  8118  8118 I CapsuleProvider_1.0.23: releasing initialize wait lock.
05-17 11:54:07.253  8118  8118 I SamsungAccount: [MobileServiceStateProxy] registerServiceStateForSesSdk : false
05-17 11:54:07.254  8118  8118 I SamsungAccount: [MobileServiceStateImpl] serviceName : AuthService
05-17 11:54:07.254  8118  8118 I SamsungAccount: [MobileServiceStateProxy] registerServiceState, AuthService is added
05-17 11:54:07.254  8118  8118 I SamsungAccount: [MobileServiceStateImpl] serviceName : ProfileService
05-17 11:54:07.254  8118  8118 I SamsungAccount: [MobileServiceStateProxy] registerServiceState, ProfileService is added
05-17 11:54:07.254  8118  8118 I SamsungAccount: [MobileServiceStateImpl] serviceName : PlaceService
05-17 11:54:07.254  8118  8118 I SamsungAccount: [MobileServiceStateProxy] registerServiceState, PlaceService is added
05-17 11:54:07.297  8118  8118 I SamsungAccount: [Migration]  startMigrationService : Migration was completed in the past! status - 2
05-17 11:54:07.298  8118  8118 I SamsungAccount: [EasySignUpMappingManager] requestMappingIfNeeded
05-17 11:54:07.298  8118  8118 I SamsungAccount: [EasySignUpMappingManager] This OneUI version does not need ESU mapping.
05-17 11:54:07.300  8118  8118 I SamsungAccount: [MinorInfoUtil] supported country
05-17 11:54:07.300  8118  8118 I SamsungAccount: [MinorInfoUtil] isMinorInfoFeatureSupported() is supported on this device
05-17 11:54:07.300  8118  8118 I SamsungAccount: [MinorInfoUtil] isMinorInfoFeatureSupported : true
05-17 11:54:07.310  8118  8344 D CompatibilityChangeReporter: Compat change id reported: 194532703; UID 10091; state: ENABLED
05-17 11:54:07.310  8118  8344 D WM-SystemJobScheduler: Scheduling work ID 73d847ab-f1fe-4e8d-8378-7d6ab1fdd35aJob ID 1079
05-17 11:54:07.312  1200  1215 D CompatibilityChangeReporter: Compat change id reported: 194532703; UID 10091; state: ENABLED
05-17 11:54:07.318  8118  8118 I SamsungAccount: [MinorInfoPref] getLastCheckedTimeStamp : 1778956065529
05-17 11:54:07.318  8118  8118 I SamsungAccount: [MinorInfoPref] setLastCheckedTimeStamp : 1779044047300
05-17 11:54:07.319  8118  8118 I SamsungAccount: [MinorAgeOneTimeChecker] checkIsMinorAndBroadcast
05-17 11:54:07.319  8118  8118 I SamsungAccount: [MinorInfoUtil] supported country
05-17 11:54:07.319  8118  8118 I SamsungAccount: [MinorInfoUtil] isMinorInfoFeatureSupported() is supported on this device
05-17 11:54:07.319  8118  8118 I SamsungAccount: [MinorInfoUtil] isMinorInfoFeatureSupported : true
05-17 11:54:07.319  8118  8118 I SamsungAccount: [AccountManagerUtil] isSamsungAccountSignedIn : false
05-17 11:54:07.320  8118  8118 I SamsungAccount: [MinorInfoPref] getBirthDate, key_birth_date Empty? : true
05-17 11:54:07.320  8118  8118 I SamsungAccount: [MinorInfoPref] getBirthDate, key_setup_wizard_birth_date Empty? : true
05-17 11:54:07.327  8118  8118 I Choreographer: Skipped 121 frames!  The application may be doing too much work on its main thread.
05-17 11:54:07.343  1200  3617 D SemWifiUsabilityStatsMonitor: onWifiUsabilityStats - seqNum 6732, isSameBssidAndFreq true
05-17 11:54:07.344  8294  8294 I ModeListHolder: update: size(1) updated(1779044047344) [ModeMeta(id=1, uuid=100, iconResourceId=2131230957, iconStatusResourceId=2131231242, displayName=Sleep, isRunning=false, runningReason=, runningReasonCondition=, isSet=true, order=0)]
05-17 11:54:07.345  1200  1507 I SemWifiLinkQualityMonitor: Link Qos Query: 0.025 ms / 319.380 Mbps (432 / 0.007 / 1.000)
05-17 11:54:07.347  3459  3463 W .android.forest: Reducing the number of considered missed Gc histogram windows from 947 to 100
05-17 11:54:07.360  1200  1491 I ChimeraAggressivePolicyHandler: executePolicy() - triggerSource: TRIGGER_SOURCE_LMKD
05-17 11:54:07.362  1200  1491 I ChimeraAggressivePolicyHandler: available memory: 1648116, free memory target: 645120, quit chimera
05-17 11:54:07.366  8294  8294 I RoutineSettingsMenuSearchProvider: secQueryGetFingerprint :4.2.00.55en_US
05-17 11:54:07.408  8294  8294 I CapsuleProvider_1.0.23: onCreate
05-17 11:54:07.427  1200  1215 D PackageManager: setEnabledSetting : userId = 0 packageName = com.samsung.android.app.routines cmp = androidx.work.impl.background.systemjob.SystemJobService newState = 1 callingPackage = 10054/com.samsung.android.app.routines
05-17 11:54:07.428  1200  1215 D ApplicationPolicy: getApplicationStateEnabled : pkg = com.samsung.android.app.routines userId : 0
05-17 11:54:07.430  1200  1215 D ApplicationPolicy: getApplicationComponentState : pkg = com.samsung.android.app.routines userId : 0
05-17 11:54:07.438  1200  1459 I SearchManagerService: _updateSearchables
05-17 11:54:07.489  1200  1459 W SearchableInfo: Invalid searchable metadata for com.samsung.android.messaging/.ui.view.main.picker.contact.ContactPickerActivity: Search label must be a resource reference.
05-17 11:54:07.546  1200  1200 I SemExecuteManagerService: handleMessage: MSG_START_SCAN received. Start scanning.
05-17 11:54:07.565  1200  1403 D BluetoothManagerService: mDisableBleCallbacks count 12
05-17 11:54:07.565  8193  8328 I BluetoothAdapter: BluetoothAdapter() : com.microsoft.appmanager
05-17 11:54:07.583  8193  8328 I BluetoothAdapter: STATE_ON
05-17 11:54:07.585  8193  8328 I BluetoothAdapter: STATE_ON
05-17 11:54:07.603  1200  1459 I SearchManagerService: _updateSearchables completed.
05-17 11:54:07.622  8294  8294 I GTS_CELL:  version 1.2.28
05-17 11:54:07.627  8103  8109 W appmanager:auth: Suspending all threads took: 12.276ms
05-17 11:54:07.656  8118  8334 I SamsungAccount: [ConsentWorkManager] checkWorkerIsRunning work info is empty
05-17 11:54:07.657  8118  8334 I SamsungAccount: [AccountManagerUtil] isSamsungAccountSignedIn : false
05-17 11:54:07.657  8118  8334 I SamsungAccount: [ConsentWorkManager] startWorkerAfterCheckCondition, isRunning : false, isSignOut : true
05-17 11:54:07.710  8118  8385 D WM-Processor: Processor cancelling 73d847ab-f1fe-4e8d-8378-7d6ab1fdd35a
05-17 11:54:07.712  8118  8385 D WM-Processor: WorkerWrapper could not be found for 73d847ab-f1fe-4e8d-8378-7d6ab1fdd35a
05-17 11:54:07.713  8294  8294 I Routine@Core[4.2.00.55]: Routine: Routine:onCreate: sIsDebugLevelMid=true, secLevel=false
05-17 11:54:07.715  8294  8294 I Routine@Core[4.2.00.55]: RoutineHistoryDumpImpl: [APPLICATION] Routine@Core[4.2.00.55](pid:8294) onCreate: sIsDebugLevelMid=true, secLevel=false
05-17 11:54:07.716  8118  8385 D WM-GreedyScheduler: Cancelling work ID 73d847ab-f1fe-4e8d-8378-7d6ab1fdd35a
05-17 11:54:07.719  8178  8240 I DIAGMON_SDK[605056][wl34fppqc3] : Agreement value: D
05-17 11:54:07.719  8178  8178 I WindowsLink: (SystemPropertyWrapperImpl) setSoftInputVisibleState: in = true
05-17 11:54:07.719  8178  8240 I DIAGMON_SDK[605056][wl34fppqc3] : Request Service Registration
05-17 11:54:07.743  8294  8294 I Routine@Core[4.2.00.55]: SALogger: setConfiguration start
05-17 11:54:07.758  8294  8294 I Routine@Core[4.2.00.55]: SALogger: registerSharedPreferences
05-17 11:54:07.775  8294  8294 I Routine@Core[4.2.00.55]: SALogger: setConfiguration done
05-17 11:54:07.776  8294  8294 I DIAGMON_SDK[605061]: DiagMonAgent type: 2
05-17 11:54:07.777  8294  8294 I DIAGMON_SDK[605061][br23r9jsjw] : generated SR object
05-17 11:54:07.778  8294  8294 I CapsuleProvider_1.0.23: releasing initialize wait lock.
05-17 11:54:07.786  8294  8294 I Routine@Core[4.2.00.55]: RoutinesAppWidgetProviderPolicyImpl: getAvailableAppWidgetProviderComponentName - [old : 0, new : 0]
05-17 11:54:07.786  8294  8294 I Routine@Core[4.2.00.55]: RoutinesAppWidgetProviderPolicyImpl: getAvailableComponentName - don't have any widget ids.
05-17 11:54:07.795  8103  8111 W System  : A resource failed to call close. 
05-17 11:54:07.796  1200  1546 D NetdEventListenerService: DNS Requested by : 100, 10302
05-17 11:54:07.816  8294  8294 I Routine@Core[4.2.00.55]: BroadcastRegister: registerReceivers
05-17 11:54:07.819  8118  8338 D CompatibilityChangeReporter: Compat change id reported: 288912692; UID 10091; state: ENABLED
05-17 11:54:07.825  8294  8294 I Routine@Core[4.2.00.55]: DeviceMemoryStatusHelper: updateStatus TotalMemory : + 3776102400, isLowMemoryDevice = true
05-17 11:54:07.837  8294  8395 I Routine@Core[4.2.00.55]: Pref: putSharedPrefsData() key=debug_mode_features
05-17 11:54:07.844  8294  8294 I SEP_UNION_SemUnionManager: initializeManagerMapData(10054) context = android.app.ContextImpl@64b1435 
05-17 11:54:07.846  8294  8395 I Routine@Core[4.2.00.55]: DebugModeRepository: initialized.
05-17 11:54:07.848  8294  8294 I SEP_UNION_SemUnionManager: getUnionService(semeventdelegator) 
05-17 11:54:07.848  8294  8294 I SEP_UNION_SemUnionManager: getSemSystemService : semeventdelegator 
05-17 11:54:07.849  1200  1215 D SEP_UNION_SemUnionMainServiceImpl: getSemSystemService - semeventdelegator 
05-17 11:54:07.850  1200  1215 D SEP_UNION_SemDeviceInfoManagerService: registerPendingIntentInternal() action = android.intent.action.PACKAGE_CHANGED, android.intent.action.PACKAGE_ADDED, android.intent.action.PACKAGE_FULLY_REMOVED, android.intent.action.MY_PACKAGE_REPLACED, android.intent.action.PACKAGE_REPLACED, android.intent.action.PACKAGE_REMOVED, callingPackage = com.samsung.android.app.routines, userId = 0, flag = 1, conditions = [com.samsung.android.app.routines, com.samsung.android.app.routineplus, com.android.settings, com.android.systemui, com.samsung.accessibility, com.samsung.android.app.aodservice, com.samsung.android.app.clockpack, com.samsung.android.app.cocktailbarservice, com.samsung.android.app.dressroom, com.samsung.android.app.galaxyregistry, com.samsung.android.app.sharelive, com.samsung.android.app.smartcapture, com.samsung.android.app.smartwidget, com.samsung.android.fast, com.samsung.android.heartplugin, com.samsung.android.waterplugin, com.samsung.wearable.watch6plugin, com.samsung.android.honeyboard, com.samsung.android.lool, com.samsung.android.mdecservice, com.samsung.android.mdx, com.samsung.android.service.aircommand, com.samsung.android.smartmirroring, com.samsung.android.sm_cn, com.sec.android.app.clockpackage, com.sec.android.app.soundalive, com.sec.android.desktopmode.uiservice] 
05-17 11:54:07.852  1200  1215 D SEP_UNION_SemDeviceInfoManagerService: Same PendingIntent is in com.samsung.android.app.routines 
05-17 11:54:07.852  1200  1215 D SEP_UNION_SemDeviceInfoManagerService: Same PendingIntent is in com.samsung.android.app.routines 
05-17 11:54:07.852  1200  1215 D SEP_UNION_SemDeviceInfoManagerService: Same PendingIntent is in com.samsung.android.app.routines 
05-17 11:54:07.852  1200  1215 D SEP_UNION_SemDeviceInfoManagerService: Same PendingIntent is in com.samsung.android.app.routines 
05-17 11:54:07.852  1200  1215 D SEP_UNION_SemDeviceInfoManagerService: Same PendingIntent is in com.samsung.android.app.routines 
05-17 11:54:07.852  1200  1215 D SEP_UNION_SemDeviceInfoManagerService: Same PendingIntent is in com.samsung.android.app.routines 
05-17 11:54:07.854  8178  8178 I WindowsLink: (SystemPropertyWrapperImpl) isSoftInputForceUpdated: in / ret = false
05-17 11:54:07.854  8178  8178 I WindowsLink: (SystemPropertyWrapperImpl) setSoftInputVisibleState: Tried to set true but the setting is not updated by this function. Skip changing
05-17 11:54:07.854  8178  8178 I WindowsLink: (SystemPropertyWrapperImpl) setSoftInputForceUpdatedFlag : in = false
05-17 11:54:07.854  8178  8178 I WindowsLink: (SystemPropertyWrapperImpl) setInputInjectorProperty : in = false
05-17 11:54:07.854  8178  8178 I WindowsLink: (SystemPropertyWrapperImpl) isInputInjectorPropertySet: in / ret = false
05-17 11:54:07.854  8178  8178 I WindowsLink: (SystemPropertyWrapperImpl) setInputInjectorProperty: Tried to false but the setting was not updated by this function. Skip changing.
05-17 11:54:07.854  8178  8178 I WindowsLink: (SystemPropertyWrapperImpl) setInputInjectorPropertyFlag : in = false
05-17 11:54:07.856  1200  2983 I GenerationRegistry: mBackingStore.isClosed() : false
05-17 11:54:07.856  8294  8294 I SEP_UNION_SemUnionManager: getUnionService(semeventdelegator) 
05-17 11:54:07.857  1200  1215 D SettingsProvider: isChangeAllowed() : name = ltw_smartview_connected
05-17 11:54:07.857  1200  1215 D SettingsProvider: edmUri: content://com.sec.knox.provider/RestrictionPolicy3
05-17 11:54:07.857  1200  1215 D SettingsProvider: projectionArgs: isSettingsChangesAllowed
05-17 11:54:07.857  1200  1215 D SettingsProvider: selectionArgs: false
05-17 11:54:07.857  1200  1215 D SettingsProvider: selectionArgs: 10301
05-17 11:54:07.858  1200  1215 D SecContentProvider: query(), uri = 17 selection = isSettingsChangesAllowed
05-17 11:54:07.858  1200  1215 D SecContentProvider: called from com.samsung.android.mdx
05-17 11:54:07.858  1200  1215 D RestrictionPolicy: isSettingsChangesAllowedAsUser, userId 0 : true
05-17 11:54:07.858  8294  8294 I SEP_UNION_SemUnionManager: getUnionService(semeventdelegator) 
05-17 11:54:07.858  1200  1215 D SettingsProvider: ret = 1
05-17 11:54:07.860  8178  8178 I WindowsLink: (CoverRepository) disableCoverManager() : false
05-17 11:54:07.861  1200  2983 D SEP_UNION_SemDeviceInfoManagerService: registerPendingIntentInternal() action = android.intent.action.DATE_CHANGED, callingPackage = com.samsung.android.app.routines, userId = 0, flag = 0, conditions = null 
05-17 11:54:07.861  1200  2983 D SEP_UNION_SemDeviceInfoManagerService: Same PendingIntent is in com.samsung.android.app.routines 
05-17 11:54:07.862  1200  2920 D SEP_UNION_SemDeviceInfoManagerService: registerPendingIntentInternal() action = android.intent.action.LOCALE_CHANGED, callingPackage = com.samsung.android.app.routines, userId = 0, flag = 0, conditions = null 
05-17 11:54:07.862  1200  2920 D SEP_UNION_SemDeviceInfoManagerService: Same PendingIntent is in com.samsung.android.app.routines 
05-17 11:54:07.865  8294  8294 I SEP_UNION_SemUnionManager: getUnionService(semeventdelegator) 
05-17 11:54:07.866  1200  1215 D SEP_UNION_SemDeviceInfoManagerService: registerPendingIntentInternal() action = android.location.PROVIDERS_CHANGED, callingPackage = com.samsung.android.app.routines, userId = 0, flag = 0, conditions = null 
05-17 11:54:07.866  1200  1215 D SEP_UNION_SemDeviceInfoManagerService: Same PendingIntent is in com.samsung.android.app.routines 
05-17 11:54:07.868  8294  8395 I Routine@Core[4.2.00.55]: Routine: Routine::initWatchComplication - initializeWearFeature
05-17 11:54:07.873  8294  8294 I SEP_UNION_SemUnionManager: getUnionService(semeventdelegator) 
05-17 11:54:07.874  1200  1215 D SEP_UNION_SemDeviceInfoManagerService: registerPendingIntentInternal() action = android.intent.action.PACKAGE_DATA_CLEARED, callingPackage = com.samsung.android.app.routines, userId = 0, flag = 0, conditions = null 
05-17 11:54:07.874  1200  1215 D SEP_UNION_SemDeviceInfoManagerService: Same PendingIntent is in com.samsung.android.app.routines 
05-17 11:54:07.877  1200  2983 D SEP_UNION_CoverManager_CoverDisabler: disableCoverManagerLocked : disable=false pkg=com.samsung.android.mdx token=android.os.BinderProxy@ba6bf2e 
05-17 11:54:07.882  8294  8395 I Routine@Core[4.2.00.55]: WearSyncObserver: registerObservers: registered
05-17 11:54:07.882  8294  8395 I Routine@Core[4.2.00.55]: WearModeFeature: isAvailableFeatureMirrorMode : true
05-17 11:54:07.882  8294  8395 I Routine@Core[4.2.00.55]: ModeManagerImpl: start(ecfb0d4)
05-17 11:54:07.884  8294  8294 I SEP_UNION_SemUnionManager: getUnionService(semeventdelegator) 
05-17 11:54:07.884  1200  1215 D SEP_UNION_SemDeviceInfoManagerService: registerPendingIntentInternal() action = com.samsung.android.theme.themecenter.THEME_APPLY, callingPackage = com.samsung.android.app.routines, userId = 0, flag = 0, conditions = null 
05-17 11:54:07.885  1200  1215 D SEP_UNION_SemDeviceInfoManagerService: Same PendingIntent is in com.samsung.android.app.routines 
05-17 11:54:07.904  1200  2983 D CompatibilityChangeReporter: Compat change id reported: 161145287; UID 10054; state: DISABLED
05-17 11:54:07.912  8294  8294 I SEP_UNION_SemUnionManager: getUnionService(semeventdelegator) 
05-17 11:54:07.913  1200  1215 D SEP_UNION_SemDeviceInfoManagerService: registerPendingIntentInternal() action = com.samsung.android.scs.ai.search.ACTION_UPDATE_INDEX, callingPackage = com.samsung.android.app.routines, userId = 0, flag = 0, conditions = null 
05-17 11:54:07.913  1200  1215 D SEP_UNION_SemDeviceInfoManagerService: Same PendingIntent is in com.samsung.android.app.routines 
05-17 11:54:07.917  1200  1215 I ActivityManager: com.samsung.android.scs is exempt from freezer by list
05-17 11:54:07.918  1200  1215 D CompatibilityChangeReporter: Compat change id reported: 135634846; UID 10094; state: DISABLED
05-17 11:54:07.918  1200  1215 D CompatibilityChangeReporter: Compat change id reported: 177438394; UID 10094; state: DISABLED
05-17 11:54:07.918  1200  1215 D CompatibilityChangeReporter: Compat change id reported: 135772972; UID 10094; state: DISABLED
05-17 11:54:07.918  1200  1215 D CompatibilityChangeReporter: Compat change id reported: 135754954; UID 10094; state: ENABLED
05-17 11:54:07.920  1200  1249 D CompatibilityChangeReporter: Compat change id reported: 143937733; UID 10094; state: ENABLED
05-17 11:54:07.938   837   837 D Zygote  : Forked child process 8405
05-17 11:54:07.940  1200  1249 I ActivityManager: Start proc 8405:com.samsung.android.scs/u0a94 for content provider {com.samsung.android.scs/com.samsung.android.scs.ai.search.provider.SearchProvider}
05-17 11:54:07.957  8118  8385 D WM-SystemJobScheduler: Scheduling work ID 28fc831d-dd2c-4c33-b19b-775f7a0e7bc1Job ID 1080
05-17 11:54:07.960  8294  8401 I Routine@Core[4.2.00.55]: ModeLocalDataSource: isCompanionWatchSupportModeMirror, result: false
05-17 11:54:07.960  8294  8401 I Routine@Core[4.2.00.55]: WearModeFeature: isAvailableFeatureMirrorMode : true
05-17 11:54:07.967  2879  3717 I DMASA[D][wl34fppqc3]: [DiagmonProvider]Received msg based on provider : registration / register_service
05-17 11:54:07.971  2879  3717 I DMASA[D][wl34fppqc3]: [DiagmonProvider]Signature Check Success
05-17 11:54:07.971  2879  3717 I DMASA[D][wl34fppqc3]: [DiagmonProvider]Action : Register service
05-17 11:54:07.972  2879  3717 I DMASA[D][wl34fppqc3]: [b]Service Agree: true
05-17 11:54:07.972  2879  3717 I DMASA[D][wl34fppqc3]: [b]Device ID is null or empty
05-17 11:54:07.972  2879  3717 I DMASA[D][wl34fppqc3]: [b]Tracking ID is null or empty
05-17 11:54:07.974  2879  3717 I DMASA[D][wl34fppqc3]: [DiagmonProvider]SERVICE INFO already registered to server [wl34fppqc3]
05-17 11:54:07.974  1200  1252 W libprocessgroup: Failed to open /dev/blkio//cgroup.procs: No such file or directory
05-17 11:54:07.976  8118  8385 D WM-GreedyScheduler: Starting work for 28fc831d-dd2c-4c33-b19b-775f7a0e7bc1
05-17 11:54:07.982  8118  8345 I SamsungAnalytics605079: Initialize delete api call counting
05-17 11:54:07.983  1200  2983 I GenerationRegistry: mBackingStore.isClosed() : false
05-17 11:54:07.985  8118  8345 D SamsungAnalytics605079: Send Setting Log
05-17 11:54:07.995  8118  8118 D WM-SystemJobService: onStartJob for WorkGenerationalId(workSpecId=28fc831d-dd2c-4c33-b19b-775f7a0e7bc1, generation=0)
05-17 11:54:08.003  8118  8344 D WM-Processor: Processor: processing WorkGenerationalId(workSpecId=28fc831d-dd2c-4c33-b19b-775f7a0e7bc1, generation=0)
05-17 11:54:08.013  8405  8405 I ung.android.scs: Using CollectorTypeCC GC.
05-17 11:54:08.028  8405  8405 D nativeloader: Load libframework-connectivity-tiramisu-jni.so using APEX ns com_android_tethering for caller /apex/com.android.tethering/javalib/framework-connectivity-t.jar: ok
05-17 11:54:08.031  8405  8405 D ActivityThread: setConscryptValidator
05-17 11:54:08.031  8405  8405 D ActivityThread: setConscryptValidator - put
05-17 11:54:08.034  1200  1215 I ActivityManager: DSS OFF for com.samsung.android.scs
05-17 11:54:08.037  8118  8381 D WM-Processor: Work WorkGenerationalId(workSpecId=28fc831d-dd2c-4c33-b19b-775f7a0e7bc1, generation=0) is already enqueued for processing
05-17 11:54:08.053  8118  8290 W .osp.app.signin: Long monitor contention with owner Firebase Background Thread #0 (8233) at java.lang.Void com.google.firebase.heartbeatinfo.DefaultHeartBeatController.lambda$registerHeartBeat$0()(r8-map-id-009e2a8590d4911b36f0657dba203d1512969e80dc849af817a9d9a2190c9f9d:29) waiters=0 in java.lang.Void com.google.firebase.heartbeatinfo.DefaultHeartBeatController.lambda$registerHeartBeat$0() for 1.659s
05-17 11:54:08.061  8405  8405 D CompatibilityChangeReporter: Compat change id reported: 171979766; UID 10094; state: ENABLED
05-17 11:54:08.077  8118  8118 D WM-WorkerWrapper: Starting work for com.samsung.android.samsungaccount.samsunganalytics.AnalyticsWorker
05-17 11:54:08.094  8118  8344 D WM-PackageManagerHelper: Skipping component enablement for androidx.work.impl.background.systemalarm.RescheduleReceiver
05-17 11:54:08.124  8118  8419 I SamsungAccount: [SamsungAnalyticsWrapper] setSessionId
05-17 11:54:08.129  8118  8344 I WM-WorkerWrapper: Worker result SUCCESS for Work [ id=28fc831d-dd2c-4c33-b19b-775f7a0e7bc1, tags={ com.samsung.android.samsungaccount.samsunganalytics.AnalyticsWorker,REFRESH_SESSION_ID } ]
05-17 11:54:08.136  2496  2542 I RequestManager_FLP: onOpChanged, op=0 / packageName=dev.meshx.mob
05-17 11:54:08.138   864  7953 I HYPER-HAL: [RequestManager.cpp]releaseLocked(): Released ID : 4261754
05-17 11:54:08.140 30311 30311 D WearableService: Creating wearable service asynchronously.
05-17 11:54:08.142  8193  8193 D SemCarrierFeature: update default carrier features
05-17 11:54:08.147  8193  8193 D FeatureUtil: filePath /optics/configs/carriers/XAA/conf/system/customer_carrier_feature.json carrierGroup XAA canonicalId -1
05-17 11:54:08.149  8193  8193 D FeatureUtil: filePath /omr/carrier/0/customer_carrier_feature.json carrierGroup XAA canonicalId -1
05-17 11:54:08.150  8193  8193 W FeatureUtil: files does not exist from /omr/carrier/0/customer_carrier_feature.json
05-17 11:54:08.153  8118  8291 W .osp.app.signin: Long monitor contention with owner Firebase Background Thread #0 (8233) at java.lang.Void com.google.firebase.heartbeatinfo.DefaultHeartBeatController.lambda$registerHeartBeat$0()(r8-map-id-009e2a8590d4911b36f0657dba203d1512969e80dc849af817a9d9a2190c9f9d:29) waiters=1 in java.lang.Void com.google.firebase.heartbeatinfo.DefaultHeartBeatController.lambda$registerHeartBeat$0() for 1.701s
05-17 11:54:08.168   617   617 W keymaster_tee: [WRN]begin req PARAMS: A32 B32 P1 
05-17 11:54:08.171   616   616 I keystore2: keystore2::security_level: In create_operation. Success to create IKeystoreOperation. 10302, None
05-17 11:54:08.172  8193  8193 D SemCarrierFeature: update carrier features : 0/-1
05-17 11:54:08.172  8193  8193 D FeatureUtil: filePath /optics/configs/carriers/XAA/conf/system/customer_carrier_feature.json carrierGroup XAA canonicalId -1
05-17 11:54:08.177  8193  8193 D FeatureUtil: filePath /omr/carrier/0/customer_carrier_feature.json carrierGroup XAA canonicalId -1
05-17 11:54:08.177  8193  8193 W FeatureUtil: files does not exist from /omr/carrier/0/customer_carrier_feature.json
05-17 11:54:08.178  8193  8193 D SemCarrierFeature: update default carrier features
05-17 11:54:08.178  8193  8193 D FeatureUtil: filePath /optics/configs/carriers/XAA/conf/system/customer_carrier_feature.json carrierGroup XAA canonicalId -1
05-17 11:54:08.182  8118  8118 D WM-Processor: Processor 28fc831d-dd2c-4c33-b19b-775f7a0e7bc1 executed; reschedule = false
05-17 11:54:08.182 30311 30339 I Wear_Controller: Wearable module requires a companion app to be installed.
05-17 11:54:08.182 30311 30339 I WearableService: onCreate: Wearable Services not starting. Wear is not available on this device.
05-17 11:54:08.182  8118  8118 D WM-SystemJobService: 28fc831d-dd2c-4c33-b19b-775f7a0e7bc1 executed on JobScheduler
05-17 11:54:08.195  8193  8193 D FeatureUtil: filePath /omr/carrier/1/customer_carrier_feature.json carrierGroup XAA canonicalId -1
05-17 11:54:08.196  8193  8193 W FeatureUtil: files does not exist from /omr/carrier/1/customer_carrier_feature.json
05-17 11:54:08.196  8193  8193 D SemCarrierFeature: update carrier features : 1/-1
05-17 11:54:08.196  8193  8193 D FeatureUtil: filePath /optics/configs/carriers/XAA/conf/system/customer_carrier_feature.json carrierGroup XAA canonicalId -1
05-17 11:54:08.197  8193  8193 D FeatureUtil: filePath /omr/carrier/1/customer_carrier_feature.json carrierGroup XAA canonicalId -1
05-17 11:54:08.198  8193  8193 W FeatureUtil: files does not exist from /omr/carrier/1/customer_carrier_feature.json
05-17 11:54:08.198  8193  8193 D SemCarrierFeature: [get] phoneId should be 0 or 1
05-17 11:54:08.199   617   617 W keymaster_tee: [WRN]begin req PARAMS: A32 B32 P1 
05-17 11:54:08.202   616   616 I keystore2: keystore2::security_level: In create_operation. Success to create IKeystoreOperation. 10302, None
05-17 11:54:08.214  8193  8193 D CompatibilityChangeReporter: Compat change id reported: 303742236; UID 10302; state: ENABLED
05-17 11:54:08.228  8118  8344 D WM-GreedyScheduler: Cancelling work ID 28fc831d-dd2c-4c33-b19b-775f7a0e7bc1
05-17 11:54:08.256   617   617 W keymaster_tee: [WRN]begin req PARAMS: A32 B32 P1 
05-17 11:54:08.262   616   616 I keystore2: keystore2::security_level: In create_operation. Success to create IKeystoreOperation. 10302, None
05-17 11:54:08.294   617   617 W keymaster_tee: [WRN]begin req PARAMS: A32 B32 P1 
05-17 11:54:08.298  8118  8344 D WM-SystemJobScheduler: Scheduling work ID 28fc831d-dd2c-4c33-b19b-775f7a0e7bc1Job ID 1080
05-17 11:54:08.298   616   616 I keystore2: keystore2::security_level: In create_operation. Success to create IKeystoreOperation. 10302, None
05-17 11:54:08.317   617   617 W keymaster_tee: [WRN]begin req PARAMS: A32 B32 P1 
05-17 11:54:08.320   616   616 I keystore2: keystore2::security_level: In create_operation. Success to create IKeystoreOperation. 10302, None
05-17 11:54:08.347   617   617 W keymaster_tee: [WRN]begin req PARAMS: A32 B32 P1 
05-17 11:54:08.350   616   629 I keystore2: keystore2::security_level: In create_operation. Success to create IKeystoreOperation. 10302, None
05-17 11:54:08.352  8178  8240 I DIAGMON_SDK[605056][wl34fppqc3] : Results : Success
05-17 11:54:08.365  8193  8259 I fd.s    : Provider GmsCore_OpenSSL not available
05-17 11:54:08.392  8405  8405 I SCS@AiSearch user 0: (SearchProvider) [main] entering in onCreate():  
05-17 11:54:08.393  8405  8405 I SCS@AiSearch user 0: (SearchApplication) [main] entering in init():  
05-17 11:54:08.412  8405  8425 I SCS@AiSearch user 0: (AiSearch user 0) [Thread-3] entering in init():  Logger initialization. Path: /data/user/0/com.samsung.android.scs/files/aisearch/log/
05-17 11:54:08.422  8405  8405 I SCS@AiSearch user 0: (SearchApplication) checkIsUpdated(): sIsUpdate = false
05-17 11:54:08.428  1200  1215 D PackageManager: setEnabledSetting : userId = 0 packageName = com.samsung.android.scs cmp = androidx.work.impl.background.systemjob.SystemJobService newState = 1 callingPackage = 10094/com.samsung.android.scs
05-17 11:54:08.429  1200  1215 D ApplicationPolicy: getApplicationStateEnabled : pkg = com.samsung.android.scs userId : 0
05-17 11:54:08.430  1200  1215 D ApplicationPolicy: getApplicationComponentState : pkg = com.samsung.android.scs userId : 0
05-17 11:54:08.437  1200  1215 D CompatibilityChangeReporter: Compat change id reported: 161145287; UID 10094; state: DISABLED
05-17 11:54:08.441  8405  8405 I SCS@AiSearch user 0: (SearchApplication) [main] leaving from init():  
05-17 11:54:08.441  8405  8405 I SCS@AiSearch user 0: (SearchProvider) [main] leaving from onCreate():  
05-17 11:54:08.472  8405  8432 I SCS@AiSearch user 0: (ConfigManager) [pool-3-thread-1] entering in loadConfig():  
05-17 11:54:08.490  8405  8405 I ServiceApplication: process:com.samsung.android.scs version:2.2.00.38 flavor:full
05-17 11:54:08.490  8405  8405 I SCS@AiSearch user 0: (SearchApplication) [main] entering in init():  
05-17 11:54:08.490  8405  8421 I SCS@AiSearch user 0: (SearchProvider) [binder:8405_3] entering in call():  method: get_schema_version is called from com.samsung.android.app.routines
05-17 11:54:08.493  8405  8421 I SCS@AiSearch user 0: (PublicSchemaManager) getSchemaContent: pkg: com.samsung.android.app.routines name: com.samsung.android.app.routines.schema_routine
05-17 11:54:08.495  7956  8428 D ProfileInstaller: Installing profile for dev.meshx.mob
05-17 11:54:08.495  1200  1215 I GenerationRegistry: mBackingStore.isClosed() : false
05-17 11:54:08.526  8405  8432 I SCS@AiSearch user 0: (ConfigManager) Updating App Enable for com.sec.android.app.myfiles, Status: EnabledStatus{mEnabled=true, mDisabledReason=null, mExtra=null}
05-17 11:54:08.529  8405  8432 I SCS@AiSearch user 0: (ConfigManager) Updating App Enable for com.samsung.android.app.reminder, Status: EnabledStatus{mEnabled=true, mDisabledReason=null, mExtra=null}
05-17 11:54:08.530  8405  8432 I SCS@AiSearch user 0: (ConfigManager) Updating App Enable for com.samsung.android.calendar.synctasks, Status: EnabledStatus{mEnabled=true, mDisabledReason=null, mExtra=null}
05-17 11:54:08.545  8405  8421 I SCS@AiSearch user 0: (SearchProvider) [binder:8405_3] leaving from call():  
05-17 11:54:08.546  8294  8294 I Routine@Core[4.2.00.55]: LifestyleModeTileHelper: observeModeInfo
05-17 11:54:08.550  8294  8294 I Routine@Core[4.2.00.55]: ModeMetaObserver: register
05-17 11:54:08.556  8294  8294 I [RoutineSdk3.0-3.1.5]: RoutineSdkImpl: setHandler - conditionHandler initialized
05-17 11:54:08.556  8294  8294 I [RoutineSdk3.0-3.1.5]: RoutineSdkImpl: setHandler - actionHandler initialized
05-17 11:54:08.556  8294  8294 I Routine@Core[4.2.00.55]: LifestyleModeTileHelper: setLifestyleModeTile
05-17 11:54:08.557  1200  1733 D PackageManager: setEnabledSetting : userId = 0 packageName = com.samsung.android.app.routines cmp = com.samsung.android.app.routines.LifestyleModeTile newState = 1 callingPackage = 10054/com.samsung.android.app.routines
05-17 11:54:08.558  1200  1733 D ApplicationPolicy: getApplicationStateEnabled : pkg = com.samsung.android.app.routines userId : 0
05-17 11:54:08.560  1200  1733 D ApplicationPolicy: getApplicationComponentState : pkg = com.samsung.android.app.routines userId : 0
05-17 11:54:08.564  8294  8294 I Choreographer: Skipped 57 frames!  The application may be doing too much work on its main thread.
05-17 11:54:08.567  1200  1215 I GenerationRegistry: mBackingStore.isClosed() : false
05-17 11:54:08.569  1200  1252 W libprocessgroup: Failed to open /dev/blkio//cgroup.procs: No such file or directory
05-17 11:54:08.570  8405  8432 I SCS@AiSearch user 0: (ConfigManager) Updating App Enable for logs.call, Status: EnabledStatus{mEnabled=true, mDisabledReason=null, mExtra=null}
05-17 11:54:08.571  8405  8432 I SCS@AiSearch user 0: (ConfigManager) Updating App Enable for com.samsung.android.apps, Status: EnabledStatus{mEnabled=true, mDisabledReason=null, mExtra=null}
05-17 11:54:08.576  8405  8432 I SCS@AiSearch user 0: (ConfigManager) Updating App Enable for com.samsung.android.calendar, Status: EnabledStatus{mEnabled=true, mDisabledReason=null, mExtra=null}
05-17 11:54:08.576  1200  1215 I GenerationRegistry: mBackingStore.isClosed() : false
05-17 11:54:08.577  8405  8432 I SCS@AiSearch user 0: (ConfigManager) Updating App Enable for com.samsung.android.contacts, Status: EnabledStatus{mEnabled=true, mDisabledReason=null, mExtra=null}
05-17 11:54:08.594  8405  8432 I SCS@AiSearch user 0: (ConfigManager) isAppEnabled(): FloatingFeature :V519, com.google.android.providers.media enabled :true
05-17 11:54:08.594  8405  8432 I SCS@AiSearch user 0: (ConfigManager) Updating App Enable for com.google.android.providers.media, Status: EnabledStatus{mEnabled=true, mDisabledReason=null, mExtra=null}
05-17 11:54:08.594  8405  8432 I SCS@AiSearch user 0: (ConfigManager) Updating App Enable for analogy, Status: EnabledStatus{mEnabled=true, mDisabledReason=null, mExtra=null}
05-17 11:54:08.594  8405  8432 I SCS@AiSearch user 0: (ConfigManager) Updating App Enable for synonym, Status: EnabledStatus{mEnabled=true, mDisabledReason=null, mExtra=null}
05-17 11:54:08.596  8405  8432 I SCS@AiSearch user 0: (ConfigManager) Updating App Enable for com.samsung.android.scs.documents, Status: EnabledStatus{mEnabled=true, mDisabledReason=null, mExtra=null}
05-17 11:54:08.596  8405  8432 I SCS@AiSearch user 0: (ConfigManager) Updating App Enable for com.android.settings, Status: EnabledStatus{mEnabled=true, mDisabledReason=null, mExtra=null}
05-17 11:54:08.596  8405  8432 I SCS@AiSearch user 0: (ConfigManager) Updating App Enable for correlated, Status: EnabledStatus{mEnabled=true, mDisabledReason=null, mExtra=null}
05-17 11:54:08.596  8405  8432 I SCS@AiSearch user 0: (ConfigManager) [pool-3-thread-1] leaving from loadConfig():  
05-17 11:54:08.600  8405  8439 I DIAGMON_SDK[605029][4N4-399-535399] : generated SR object
05-17 11:54:08.630  8294  8294 E id.app.routines: Attempt to load writable dex file: /data/user/0/com.samsung.android.app.routines/cache/Generated6437649950081246130.jar
05-17 11:54:08.638  1200  1546 D NetdEventListenerService: DNS Requested by : 100, 10302
05-17 11:54:08.638  8294  8294 I AbstractProxyReflection: Create proxy instance for class : com.samsung.android.app.usage.IUsageStatsWatcher$Stub
05-17 11:54:08.639  8294  8294 I AbstractProxyReflection: Create proxy instance for class : com.samsung.android.app.usage.IUsageStatsWatcher$Stub
05-17 11:54:08.639  8294  8294 I Routine@Core[4.2.00.55]: RoutineHistoryDumpImpl: [PRELOAD_CONDITION_SERVICE] onCreate
05-17 11:54:08.641  8294  8294 I Routine@Core[4.2.00.55]: WatchingConditions: clear
05-17 11:54:08.641  8294  8294 I Routine@Core[4.2.00.55]: Pref: removeSharedPrefsData() key=condition_launch_app_data_resume_pkg
05-17 11:54:08.642  8294  8294 I Routine@Core[4.2.00.55]: AppLifecycleWatcher: updateUsageStateWatcher: 0
05-17 11:54:08.643  1200  1215 I GenerationRegistry: mBackingStore.isClosed() : false
05-17 11:54:08.644  8294  8294 I Routine@Core[4.2.00.55]: ActivityWatcherForSolo: unregister
05-17 11:54:08.650  8294  8294 I Routine@Core[4.2.00.55]: WatchingConditions: clear
05-17 11:54:08.650  8294  8294 I Routine@Core[4.2.00.55]: Pref: removeSharedPrefsData() key=condition_launch_app_data_resume_pkg
05-17 11:54:08.651  8294  8294 I Routine@Core[4.2.00.55]: PreloadConditionService: onEnd: tag=launch_app, stop service.
05-17 11:54:08.658  8294  8294 I Routine@Core[4.2.00.55]: WatchingConditions: clear
05-17 11:54:08.658  8294  8294 I Routine@Core[4.2.00.55]: Pref: removeSharedPrefsData() key=condition_launch_game_data_resume_pkg
05-17 11:54:08.675  8294  8294 I Routine@Core[4.2.00.55]: AppLifecycleWatcher: updateUsageStateWatcher: 0
05-17 11:54:08.676  8294  8294 I Routine@Core[4.2.00.55]: ActivityWatcherForSolo: unregister
05-17 11:54:08.680  8294  8294 I Routine@Core[4.2.00.55]: WatchingConditions: clear
05-17 11:54:08.680  8294  8294 I Routine@Core[4.2.00.55]: Pref: removeSharedPrefsData() key=condition_launch_game_data_resume_pkg
05-17 11:54:08.692  8294  8294 I Routine@Core[4.2.00.55]: PreloadConditionService: onEnd: tag=launch_game, stop service.
05-17 11:54:08.729  1200  1215 D PackageManager: setEnabledSetting : userId = 0 packageName = com.microsoft.appmanager cmp = com.microsoft.appmanager.quicksettings.WindowsLinkTileService newState = 2 callingPackage = 10302/com.microsoft.appmanager
05-17 11:54:08.732  1200  1215 D PackageManager: setEnabledSetting : userId = 0 packageName = com.microsoft.appmanager cmp = com.microsoft.appmanager.receiver.LocaleChangeReceiver newState = 2 callingPackage = 10302/com.microsoft.appmanager
05-17 11:54:08.773  1200  1215 D CompatibilityChangeReporter: Compat change id reported: 161252188; UID 10211; state: DISABLED
05-17 11:54:08.784 29714 29714 D BoundBrokerSvc: onBind: Intent { act=com.google.android.gms.auth.blockstore.service.START dat=chimera-action:/... cmp=com.google.android.gms/.chimera.GmsApiService }
05-17 11:54:08.784 29714 29714 D BoundBrokerSvc: Loading bound service for intent: Intent { act=com.google.android.gms.auth.blockstore.service.START dat=chimera-action:/... cmp=com.google.android.gms/.chimera.GmsApiService }
05-17 11:54:08.794  7971  8072 I OneAuthLog: [OneAuth:0002:Info::00000000] [Common] [2026-05-17 18:54:08 - thread_id: 147, correlation_id: UNSET - Android 33] Received successful result from Broker Content Provider.   
05-17 11:54:08.798  7971  8072 I OneAuthLog: [OneAuth:0002:Info::00000000] [Common] [2026-05-17 18:54:08 - thread_id: 147, correlation_id: UNSET - Android 33] Able to establish the connect, the broker protocol version in common is [19.0]   
05-17 11:54:08.799  7971  8072 I OneAuthLog: [OneAuth:0002:Info::00000000] [Common] [2026-05-17 18:54:08 - thread_id: 147, correlation_id: UNSET - Android 33] Requested Active Broker Data   
05-17 11:54:08.800  8294  8294 I Routine@Core[4.2.00.55]: RoutineHistoryDumpImpl: [PRELOAD_CONDITION_SERVICE] onStartCommand: START_NOT_STICKY. no running tags
05-17 11:54:08.800  7971  8072 I OneAuthLog: [OneAuth:0002:Info::00000000] [Common] [2026-05-17 18:54:08 - thread_id: 147, correlation_id: UNSET - Android 33] Broker operation name: MSAL_GET_ACCOUNTS brokerPackage: com.microsoft.appmanager   
05-17 11:54:08.803  7971  8072 I OneAuthLog: [OneAuth:0002:Info::00000000] [Common] [2026-05-17 18:54:08 - thread_id: 147, correlation_id: UNSET - Android 33] Request to BrokerContentProvider for uri path /getAccounts   
05-17 11:54:08.808  8193  8396 D CompatibilityChangeReporter: Compat change id reported: 288912692; UID 10302; state: ENABLED
05-17 11:54:08.810  2905  3764 I SDHMS:D : SIOP:: AP:278 BAT:239 USB:243 CHG:279 PA:259 WIFI:268 BLK:256 SKIN:317 SKINF:317 SKINB:287 LRP:317 LRF:317 LRB:287 
05-17 11:54:08.846  8405  8432 I SemDesktopModeManager: registerListener: n1.e@13fbdb3
05-17 11:54:08.846  8405  8432 I SCS@AiSearch user 0: (HintsHelper) init collect hints and schedule periodic job isImmediate = false
05-17 11:54:08.851  8405  8432 I SCS@AiSearch user 0: (SchedulingManager) UsageScoreIndexingWorker: Result:: androidx.work.impl.utils.futures.SettableFuture@16a74a5[status=PENDING]
05-17 11:54:08.852  8405  8432 I SCS@AiSearch user 0: (SchedulingManager) scheduleJobServiceLogging
05-17 11:54:08.871  8294  8294 I Routine@Core[4.2.00.55]: PreloadConditionService: onDestroy
