05-17 11:54:13.981  1928  2050 D BluetoothUtils: getBtEnabledContainers(): btContainers = []
05-17 11:54:13.981  1928  2050 E BluetoothRemoteDevices: Remote class is UNCATEGORIZED
05-17 11:54:13.982  1613  1862 V BluetoothEventManager: onReceive :: android.bluetooth.device.action.NAME_CHANGED
05-17 11:54:13.992  1928  2050 D BtGatt.GattService: onScanResult to scannerId: 2- eventType=0x10, addressType=1, address=793D03_C, primaryPhy=1, secondaryPhy=0, advertisingSid=0xff, txPower=127, rssi=-35, periodicAdvInt=0x0
05-17 11:54:14.000  1928  2050 D BtGatt.GattService: onScanResult to scannerId: 2- eventType=0x1b, addressType=1, address=791543_C, primaryPhy=1, secondaryPhy=0, advertisingSid=0xff, txPower=127, rssi=-36, periodicAdvInt=0x0
05-17 11:54:14.029  1928  2050 D BtGatt.GattService: onScanResult to scannerId: 2- eventType=0x10, addressType=0, address=BC455B_A, primaryPhy=1, secondaryPhy=0, advertisingSid=0xff, txPower=127, rssi=-73, periodicAdvInt=0x0
05-17 11:54:14.030 32141 32141 W Finsky  : [2] STU: Failed to get storage stats for package 'com.google.android.neuralnetworks' (1601: Error getting stats: android.content.pm.PackageManager.NameNotFoundException)
05-17 11:54:14.033  1928  2050 D BtGatt.GattService: onScanResult to scannerId: 2- eventType=0x1b, addressType=1, address=708181_C, primaryPhy=1, secondaryPhy=0, advertisingSid=0xff, txPower=127, rssi=-66, periodicAdvInt=0x0
05-17 11:54:14.065  1928  2050 D BtGatt.GattService: onScanResult to scannerId: 2- eventType=0x10, addressType=1, address=734DFA_2, primaryPhy=1, secondaryPhy=0, advertisingSid=0xff, txPower=127, rssi=-83, periodicAdvInt=0x0
05-17 11:54:14.109  1928  2050 D BtGatt.GattService: onScanResult to scannerId: 2- eventType=0x1b, addressType=1, address=7110B8_3, primaryPhy=1, secondaryPhy=0, advertisingSid=0xff, txPower=127, rssi=-65, periodicAdvInt=0x0
05-17 11:54:14.142  1928  2050 D BtGatt.GattService: onScanResult to scannerId: 2- eventType=0x1b, addressType=1, address=7110B8_3, primaryPhy=1, secondaryPhy=0, advertisingSid=0xff, txPower=127, rssi=-65, periodicAdvInt=0x0
05-17 11:54:14.179 32141 32141 W Finsky  : [2] STU: Failed to get storage stats for package 'com.google.android.ipsec' (1601: Error getting stats: android.content.pm.PackageManager.NameNotFoundException)
05-17 11:54:14.237 32141 32141 W Finsky  : [2] STU: Failed to get storage stats for package 'com.google.android.ondevicepersonalization' (1601: Error getting stats: android.content.pm.PackageManager.NameNotFoundException)
05-17 11:54:14.426 32141 32141 W Finsky  : [2] STU: Failed to get storage stats for package 'com.google.android.extservices' (1601: Error getting stats: android.content.pm.PackageManager.NameNotFoundException)
05-17 11:54:14.517 32141 32141 W Finsky  : [2] STU: Failed to get storage stats for package 'com.google.android.os.statsd' (1601: Error getting stats: android.content.pm.PackageManager.NameNotFoundException)
05-17 11:54:14.701 32141 32141 W Finsky  : [2] STU: Failed to get storage stats for package 'com.google.android.scheduling' (1601: Error getting stats: android.content.pm.PackageManager.NameNotFoundException)
05-17 11:54:14.719  7956  8015 D OpenGLRenderer: setSurface called with nullptr
05-17 11:54:14.738 32141 32141 I Finsky  : [2] App states replicator found 46 unowned apps
05-17 11:54:14.770 32141 32236 I Finsky  : [74] Completed 0 account content syncs with 0 successful.
05-17 11:54:14.804 32141 32141 I Finsky  : [2] [ContentSync] Installation state replication succeeded.
05-17 11:54:14.804 32141 32141 I Finsky  : [2] SCH: jobFinished: 12-1. TimeElapsed: 11645ms.
05-17 11:54:14.804 32141 32141 I Finsky  : [2] WM::SCH: Logging work end for 12-1
05-17 11:54:14.868 32141 32231 I Finsky  : [71] SCH: Scheduling phonesky job Id: 1-1337, CT: 1779013474247, Constraints: [{ L: 43187620, D: 86387620, C: CHARGING_NONE, I: IDLE_NONE, N: NET_ANY, B: BATTERY_ANY }]
05-17 11:54:14.868 32141 32231 I Finsky  : [71] SCH: Scheduling phonesky job Id: 34-221, CT: 1778970415288, Constraints: [{ L: 604800000, D: 2475498927, C: CHARGING_NONE, I: IDLE_NONE, N: NET_ANY, B: BATTERY_ANY }]
05-17 11:54:14.868 32141 32231 I Finsky  : [71] SCH: Scheduling phonesky job Id: 34-225, CT: 1778970415287, Constraints: [{ L: 604800000, D: 2555480070, C: CHARGING_NONE, I: IDLE_NONE, N: NET_ANY, B: BATTERY_ANY }]
05-17 11:54:14.868 32141 32231 I Finsky  : [71] SCH: Scheduling phonesky job Id: 34-228, CT: 1779013475609, Constraints: [{ L: 79199926, D: 1375199926, C: CHARGING_NONE, I: IDLE_NONE, N: NET_ANY, B: BATTERY_ANY }]
05-17 11:54:14.868 32141 32231 I Finsky  : [71] SCH: Scheduling phonesky job Id: 34-229, CT: 1779013476047, Constraints: [{ L: 604800000, D: 2591999654, C: CHARGING_NONE, I: IDLE_NONE, N: NET_ANY, B: BATTERY_ANY }]
05-17 11:54:14.887 32141 32231 I Finsky  : [71] SCH: Scheduling 1 system job(s)
05-17 11:54:14.888 32141 32231 I Finsky  : [71] SCH: Scheduling system job Id: 9125, L: 12606980, D: 55806980, C: false, I: false, N: 1
05-17 11:54:14.890  1200  1215 D CompatibilityChangeReporter: Compat change id reported: 194532703; UID 10209; state: ENABLED
05-17 11:54:14.905  8193  8202 W System  : A resource failed to call close. 
05-17 11:54:14.928 32141  8080 I Finsky  : [291] SCH: job service finished with id 9118.
05-17 11:54:14.948   602   602 D io_stats: !@   8,0 r 1034731 33777312 w 596511 56931964 d 0 0 f 0 0 iot 516344 0 th 0 0 0 pt 0 inp 0 0 207302.521
05-17 11:54:15.132 30311 30311 D BoundBrokerSvc: onUnbind: Intent { act=com.google.android.gms.common.telemetry.service.START dat=chimera-action:/... cmp=com.google.android.gms/.chimera.PersistentApiService }
05-17 11:54:15.150  7956  8352 I Elixir  : Mob.Dist: waiting for EPMD (adb reverse tcp:4369 tcp:4369)...
05-17 11:54:15.232  7956  7956 I ViewRootImpl@ff32c1d[MainActivity]: performTraversals mFirst=false windowShouldResize=false viewVisibilityChanged=true mForceNextWindowRelayout=false params=null
05-17 11:54:15.234  1200  1733 V WindowManager: Relayout Window{3f3ddc5 u0 dev.meshx.mob/dev.meshx.mob.MainActivity}: viewVisibility=8 req=1200x1920 d0
05-17 11:54:15.239  1200  1733 V WindowManager: Relayout hash=3f3ddc5, pid=7956, syncId=-1: mAttrs={(0,0)(fillxfill) sim={adjust=resize forwardNavigation} ty=BASE_APPLICATION
05-17 11:54:15.239  1200  1733 V WindowManager:   fl=1810100
05-17 11:54:15.239  1200  1733 V WindowManager:   pfl=16020040
05-17 11:54:15.239  1200  1733 V WindowManager:   vsysui=2010
05-17 11:54:15.239  1200  1733 V WindowManager:   apr=LIGHT_STATUS_BARS LIGHT_NAVIGATION_BARS
05-17 11:54:15.239  1200  1733 V WindowManager:   bhv=DEFAULT
05-17 11:54:15.239  1200  1733 V WindowManager:   fitSides= naviIconColor=0
05-17 11:54:15.239  1200  1733 V WindowManager:   sfl=100000}
05-17 11:54:15.243  7956  7956 I ViewRootImpl@ff32c1d[MainActivity]: Relayout returned: old=(0,0,1200,1920) new=(0,0,1200,1920) req=(1200,1920)8 dur=10 res=0x0 s={false 0x0} ch=false seqId=0
05-17 11:54:15.245   914   914 I SurfaceFlinger: SFWD update time=207302817863301
05-17 11:54:15.246  7956  7956 I MeshxBleScanRaw: device_id=71:6F:02:33:59:BA rssi=-79 advertisement_b64=AgEaDf9MABYIACQhUu4nIPMAAAAAAAAAAAAAAAAAAAAAAAAAAAAAAAAAAAAAAAAAAAAAAAAAAAAAAAAAAAA= manufacturer_ids=[76] service_uuids=[]
05-17 11:54:15.249  7956  7956 I MeshxBleScanRaw: device_id=73:CF:F4:60:8C:77 rssi=-44 advertisement_b64=Gf///01CAQEBAOLzGJDZ+04D9wgG7dwoW8wAAAAAAAAAAAAAAAAAAAAAAAAAAAAAAAAAAAAAAAAAAAAAAAA= manufacturer_ids=[65535] service_uuids=[]
05-17 11:54:15.254  7956  8352 I Elixir  : BleSelfTest: DISTINCT MESH MESSAGE kind=beacon key=f70806eddc285bcc:e2f31890d9fb4e03 from=sender_hash=f70806eddc285bcc device_id=73:CF:F4:60:8C:77 first_seen_after=1_callbacks
05-17 11:54:15.255  7956  8035 I BEAMout : 11:54:15.254 [info] BleSelfTest: DISTINCT MESH MESSAGE kind=beacon key=f70806eddc285bcc:e2f31890d9fb4e03 from=sender_hash=f70806eddc285bcc device_id=73:CF:F4:60:8C:77 first_seen_after=1_callbacks
05-17 11:54:15.257  7956  7956 I MeshxBleScanRaw: device_id=84:E0:F4:E0:26:52 rssi=-86 advertisement_b64=AgEGDP9LBkIGIBLABQBAAQ4IUG9pbnQtMS0yNjo1Mgf/SwaTQ70NAAAAAAAAAAAAAAAAAAAAAAAAAAAAAAA= manufacturer_ids=[1611] service_uuids=[]
05-17 11:54:15.259  7956  7956 I MeshxBleScanRaw: device_id=75:B6:58:34:DC:1A rssi=-79 advertisement_b64=AgEaF/9MAAkIEwTAqAF2G1gWCAD5EosxOtbBAAAAAAAAAAAAAAAAAAAAAAAAAAAAAAAAAAAAAAAAAAAAAAA= manufacturer_ids=[76] service_uuids=[]
05-17 11:54:15.264  7956  7956 I MeshxBleScanRaw: device_id=46:3D:57:E4:57:91 rssi=-75 advertisement_b64=AgECCQkxOTViOTc5YREHAADNxMbq7rbIRa2tM7PWORf/9wMNAAAAAABtaWxjIGdyb3VwIHNsbwAAAAAAAAA= manufacturer_ids=[1015] service_uuids=[39d6b333-adad-45c8-b6ee-eac6c4cd0000]
05-17 11:54:15.266  7956  7956 I MeshxBleScanRaw: device_id=79:3D:03:1B:38:3C rssi=-35 advertisement_b64=AgEaF/9MAAkIEwLAqAFhG1gWCADUGWIWfxJwAAAAAAAAAAAAAAAAAAAAAAAAAAAAAAAAAAAAAAAAAAAAAAA= manufacturer_ids=[76] service_uuids=[]
05-17 11:54:15.269  7956  7956 I MeshxBleScanRaw: device_id=79:15:43:39:6E:7C rssi=-36 advertisement_b64=AgEaAgoMC/9MABAGCx1cKZdoAAAAAAAAAAAAAAAAAAAAAAAAAAAAAAAAAAAAAAAAAAAAAAAAAAAAAAAAAAA= manufacturer_ids=[76] service_uuids=[]
05-17 11:54:15.271  7956  7956 I MeshxBleScanRaw: device_id=BC:45:5B:53:44:1A rssi=-73 advertisement_b64=G/91AEIEAYBuvEVbU0QavkVbU0QZAbz+VW15AAAAAAAAAAAAAAAAAAAAAAAAAAAAAAAAAAAAAAAAAAAAAAA= manufacturer_ids=[117] service_uuids=[]
05-17 11:54:15.274  7956  7956 I MeshxBleScanRaw: device_id=70:81:81:21:D9:7C rssi=-66 advertisement_b64=AgEaAgoMCv9MABAFDxzdzxsAAAAAAAAAAAAAAAAAAAAAAAAAAAAAAAAAAAAAAAAAAAAAAAAAAAAAAAAAAAA= manufacturer_ids=[76] service_uuids=[]
05-17 11:54:15.276  7956  7956 I MeshxBleScanRaw: device_id=73:4D:FA:4F:81:02 rssi=-83 advertisement_b64=Hv8GAAEJIAIRyPTrNBpw1qYCqVLFZLQ5Gai5C75hswAAAAAAAAAAAAAAAAAAAAAAAAAAAAAAAAAAAAAAAAA= manufacturer_ids=[6] service_uuids=[]
05-17 11:54:15.305  7956  7956 I Choreographer: Skipped 58 frames!  The application may be doing too much work on its main thread.
05-17 11:54:15.752  1928  2050 D BtGatt.GattService: onScanResult to scannerId: 2- eventType=0x1b, addressType=0, address=84E0F4_2, primaryPhy=1, secondaryPhy=0, advertisingSid=0xff, txPower=127, rssi=-78, periodicAdvInt=0x0
05-17 11:54:15.756  1928  2050 D BtGatt.GattService: onScanResult to scannerId: 2- eventType=0x1b, addressType=1, address=791543_C, primaryPhy=1, secondaryPhy=0, advertisingSid=0xff, txPower=127, rssi=-35, periodicAdvInt=0x0
05-17 11:54:15.758  1928  2050 D BtGatt.GattService: onScanResult to scannerId: 2- eventType=0x1b, addressType=1, address=4265C1_7, primaryPhy=1, secondaryPhy=0, advertisingSid=0xff, txPower=127, rssi=-35, periodicAdvInt=0x0
05-17 11:54:15.759  1928  2050 D BtGatt.GattService: onScanResult to scannerId: 2- eventType=0x10, addressType=1, address=793D03_C, primaryPhy=1, secondaryPhy=0, advertisingSid=0xff, txPower=127, rssi=-35, periodicAdvInt=0x0
05-17 11:54:15.802  1928  2050 D BtGatt.GattService: onScanResult to scannerId: 2- eventType=0x1b, addressType=1, address=7110B8_3, primaryPhy=1, secondaryPhy=0, advertisingSid=0xff, txPower=127, rssi=-51, periodicAdvInt=0x0
05-17 11:54:15.803  1928  2050 D BtGatt.GattService: onScanResult to scannerId: 2- eventType=0x10, addressType=1, address=2362E8_F, primaryPhy=1, secondaryPhy=0, advertisingSid=0xff, txPower=127, rssi=-92, periodicAdvInt=0x0
05-17 11:54:15.809  1928  2050 D BtGatt.GattService: onScanResult to scannerId: 2- eventType=0x10, addressType=1, address=75B658_A, primaryPhy=1, secondaryPhy=0, advertisingSid=0xff, txPower=127, rssi=-80, periodicAdvInt=0x0
05-17 11:54:15.811  1928  2050 D BtGatt.GattService: onScanResult to scannerId: 2- eventType=0x10, addressType=0, address=BC7E8B_B, primaryPhy=1, secondaryPhy=0, advertisingSid=0xff, txPower=127, rssi=-82, periodicAdvInt=0x0
05-17 11:54:15.838  1928  2050 D BtGatt.GattService: onScanResult to scannerId: 2- eventType=0x1b, addressType=1, address=7110B8_3, primaryPhy=1, secondaryPhy=0, advertisingSid=0xff, txPower=127, rssi=-51, periodicAdvInt=0x0
05-17 11:54:15.838  1928  2050 D BtGatt.GattService: onScanResult to scannerId: 2- eventType=0x10, addressType=1, address=734DFA_2, primaryPhy=1, secondaryPhy=0, advertisingSid=0xff, txPower=127, rssi=-78, periodicAdvInt=0x0
05-17 11:54:15.839  7956  7956 I MeshxBleScanRaw: device_id=42:65:C1:DA:76:F7 rssi=-35 advertisement_b64=AgEaAgoMC/9MABAGCx1cKZdoAAAAAAAAAAAAAAAAAAAAAAAAAAAAAAAAAAAAAAAAAAAAAAAAAAAAAAAAAAA= manufacturer_ids=[76] service_uuids=[]
05-17 11:54:15.842  7956  7956 I MeshxBleScanRaw: device_id=23:62:E8:87:50:8F rssi=-92 advertisement_b64=Hv8GAAEJICJw7oKni5urB1Pg4jDdn+YCJ40j9KQW6QAAAAAAAAAAAAAAAAAAAAAAAAAAAAAAAAAAAAAAAAA= manufacturer_ids=[6] service_uuids=[]
05-17 11:54:15.871  1928  2050 D BtGatt.GattService: onScanResult to scannerId: 2- eventType=0x1b, addressType=1, address=7110B8_3, primaryPhy=1, secondaryPhy=0, advertisingSid=0xff, txPower=127, rssi=-51, periodicAdvInt=0x0
05-17 11:54:15.893  1928  2050 D BtGatt.GattService: onScanResult to scannerId: 2- eventType=0x1b, addressType=1, address=7FC7B2_8, primaryPhy=1, secondaryPhy=0, advertisingSid=0xff, txPower=127, rssi=-79, periodicAdvInt=0x0
05-17 11:54:15.900  1928  2050 D BtGatt.GattService: onScanResult to scannerId: 2- eventType=0x10, addressType=1, address=F8EA23_B, primaryPhy=1, secondaryPhy=0, advertisingSid=0xff, txPower=127, rssi=-51, periodicAdvInt=0x0
05-17 11:54:15.906  1928  2050 D BtGatt.GattService: onScanResult to scannerId: 2- eventType=0x1b, addressType=0, address=94944A_D, primaryPhy=1, secondaryPhy=0, advertisingSid=0xff, txPower=127, rssi=-85, periodicAdvInt=0x0
05-17 11:54:15.938  1928  2050 D BtGatt.GattService: onScanResult to scannerId: 2- eventType=0x1b, addressType=1, address=7110B8_3, primaryPhy=1, secondaryPhy=0, advertisingSid=0xff, txPower=127, rssi=-51, periodicAdvInt=0x0
05-17 11:54:15.942  1928  2050 D BtGatt.GattService: onScanResult to scannerId: 2- eventType=0x10, addressType=1, address=793D03_C, primaryPhy=1, secondaryPhy=0, advertisingSid=0xff, txPower=127, rssi=-35, periodicAdvInt=0x0
05-17 11:54:15.946  1928  2050 D BtGatt.GattService: onScanResult to scannerId: 2- eventType=0x1a, addressType=1, address=73CFF4_7, primaryPhy=1, secondaryPhy=0, advertisingSid=0xff, txPower=127, rssi=-43, periodicAdvInt=0x0
05-17 11:54:15.967  1928  2050 D BtGatt.GattService: onScanResult to scannerId: 2- eventType=0x1b, addressType=1, address=708181_C, primaryPhy=1, secondaryPhy=0, advertisingSid=0xff, txPower=127, rssi=-71, periodicAdvInt=0x0
05-17 11:54:15.968  1928  2050 D BtGatt.GattService: onScanResult to scannerId: 2- eventType=0x10, addressType=0, address=BC7E8B_B, primaryPhy=1, secondaryPhy=0, advertisingSid=0xff, txPower=127, rssi=-82, periodicAdvInt=0x0
05-17 11:54:15.973  7956  7956 I MeshxBleScanRaw: device_id=7F:C7:B2:B9:14:28 rssi=-79 advertisement_b64=AgEaAgoMCv9MABAFCBjtsvAAAAAAAAAAAAAAAAAAAAAAAAAAAAAAAAAAAAAAAAAAAAAAAAAAAAAAAAAAAAA= manufacturer_ids=[76] service_uuids=[]
05-17 11:54:15.975  1928  2050 D BtGatt.GattService: onScanResult to scannerId: 2- eventType=0x1b, addressType=1, address=7110B8_3, primaryPhy=1, secondaryPhy=0, advertisingSid=0xff, txPower=127, rssi=-51, periodicAdvInt=0x0
05-17 11:54:15.975  7956  7956 I MeshxBleScanRaw: device_id=F8:EA:23:37:E4:2B rssi=-51 advertisement_b64=B/9MABICAAIAAAAAAAAAAAAAAAAAAAAAAAAAAAAAAAAAAAAAAAAAAAAAAAAAAAAAAAAAAAAAAAAAAAAAAAA= manufacturer_ids=[76] service_uuids=[]
05-17 11:54:15.976  7956  7956 I MeshxBleScanRaw: device_id=94:94:4A:05:9D:5D rssi=-85 advertisement_b64=AgEGEQeeytwkDuWp4JPzo7UBAEBuCAl1RzItZDVjAAAAAAAAAAAAAAAAAAAAAAAAAAAAAAAAAAAAAAAAAAA= manufacturer_ids=[] service_uuids=[6e400001-b5a3-f393-e0a9-e50e24dcca9e]
05-17 11:54:15.998  1928  2050 D BtGatt.GattService: onScanResult to scannerId: 2- eventType=0x1b, addressType=0, address=84E0F4_2, primaryPhy=1, secondaryPhy=0, advertisingSid=0xff, txPower=127, rssi=-79, periodicAdvInt=0x0
05-17 11:54:16.670  1200  3617 D SemWifiUsabilityStatsMonitor: onWifiUsabilityStats - seqNum 6735, isSameBssidAndFreq true
05-17 11:54:16.672  1200  1507 I SemWifiLinkQualityMonitor: Link Qos Query: 0.035 ms / 230.776 Mbps (432 / 0.016 / 1.000)
05-17 11:54:16.687  1200  1733 I ActivityManager: Killing 31446:com.samsung.android.privacydashboard/u0a82 (adj 999): empty #25
05-17 11:54:16.748   837   837 I Zygote  : Process 31446 exited due to signal 9 (Killed)
05-17 11:54:16.749  1200  1250 I libprocessgroup: Successfully killed process cgroup uid 10082 pid 31446 in 58ms
05-17 11:54:16.949   602   602 D io_stats: !@   8,0 r 1034731 33777312 w 596573 56932436 d 0 0 f 0 0 iot 516368 0 th 0 0 0 pt 0 inp 0 0 207304.522
05-17 11:54:17.480  7956  8352 I Elixir  : BleSelfTest: HEARTBEAT events=37 devices=16 meshx_peers=1 sent=0 distinct_msgs=1 beacon_callbacks=2 envelopes=0
05-17 11:54:17.481  7956  8035 I BEAMout : 11:54:17.480 [info] BleSelfTest: HEARTBEAT events=37 devices=16 meshx_peers=1 sent=0 distinct_msgs=1 beacon_callbacks=2 envelopes=0
05-17 11:54:17.624  1928  2050 D BtGatt.GattService: onScanResult to scannerId: 2- eventType=0x1b, addressType=1, address=463D57_1, primaryPhy=1, secondaryPhy=0, advertisingSid=0xff, txPower=127, rssi=-76, periodicAdvInt=0x0
05-17 11:54:17.624  1928  2050 D BtGatt.GattService: onScanResult to scannerId: 2- eventType=0x10, addressType=1, address=716F02_A, primaryPhy=1, secondaryPhy=0, advertisingSid=0xff, txPower=127, rssi=-85, periodicAdvInt=0x0
05-17 11:54:17.640  1928  2050 D BtGatt.GattService: onScanResult to scannerId: 2- eventType=0x1b, addressType=1, address=7110B8_3, primaryPhy=1, secondaryPhy=0, advertisingSid=0xff, txPower=127, rssi=-49, periodicAdvInt=0x0
05-17 11:54:17.679  1928  2050 D BtGatt.GattService: onScanResult to scannerId: 2- eventType=0x10, addressType=1, address=75B658_A, primaryPhy=1, secondaryPhy=0, advertisingSid=0xff, txPower=127, rssi=-83, periodicAdvInt=0x0
05-17 11:54:17.711  1928  2050 D BtGatt.GattService: onScanResult to scannerId: 2- eventType=0x1b, addressType=1, address=7110B8_3, primaryPhy=1, secondaryPhy=0, advertisingSid=0xff, txPower=127, rssi=-49, periodicAdvInt=0x0
05-17 11:54:17.721  1928  2050 D BtGatt.GattService: onScanResult to scannerId: 2- eventType=0x1a, addressType=1, address=73CFF4_7, primaryPhy=1, secondaryPhy=0, advertisingSid=0xff, txPower=127, rssi=-45, periodicAdvInt=0x0
05-17 11:54:17.739  1928  2050 D BtGatt.GattService: onScanResult to scannerId: 2- eventType=0x10, addressType=0, address=BC455B_A, primaryPhy=1, secondaryPhy=0, advertisingSid=0xff, txPower=127, rssi=-80, periodicAdvInt=0x0
05-17 11:54:17.763  1928  2050 D BtGatt.GattService: onScanResult to scannerId: 2- eventType=0x1b, addressType=1, address=DD0D30_2, primaryPhy=1, secondaryPhy=0, advertisingSid=0xff, txPower=127, rssi=-75, periodicAdvInt=0x0
05-17 11:54:17.787  1928  2050 D BtGatt.GattService: onScanResult to scannerId: 2- eventType=0x1b, addressType=1, address=7110B8_3, primaryPhy=1, secondaryPhy=0, advertisingSid=0xff, txPower=127, rssi=-48, periodicAdvInt=0x0
05-17 11:54:17.826  1928  2050 D BtGatt.GattService: onScanResult to scannerId: 2- eventType=0x1b, addressType=1, address=7110B8_3, primaryPhy=1, secondaryPhy=0, advertisingSid=0xff, txPower=127, rssi=-48, periodicAdvInt=0x0
05-17 11:54:17.829  7956  7956 I MeshxBleScanRaw: device_id=DD:0D:30:7B:BE:72 rssi=-75 advertisement_b64=AgECDf8tCgIAu6pyvnswDdwDAvD/DQlERDBEMzA3QkJFNzIAAAAAAAAAAAAAAAAAAAAAAAAAAAAAAAAAAAA= manufacturer_ids=[2605] service_uuids=[0000fff0-0000-1000-8000-00805f9b34fb]
05-17 11:54:18.949   602   602 D io_stats: !@   8,0 r 1034733 33777392 w 596599 56932580 d 0 0 f 0 0 iot 516384 0 th 0 0 0 pt 0 inp 0 0 207306.522
05-17 11:54:19.442   616  8096 I keystore2: keystore2::watchdog: Watchdog thread idle -> terminating. Have a great day.
05-17 11:54:19.471  1928  2050 D BtGatt.GattService: onScanResult to scannerId: 2- eventType=0x1b, addressType=0, address=84E0F4_2, primaryPhy=1, secondaryPhy=0, advertisingSid=0xff, txPower=127, rssi=-86, periodicAdvInt=0x0
05-17 11:54:19.478  1928  2050 D BtGatt.GattService: onScanResult to scannerId: 2- eventType=0x1a, addressType=1, address=73CFF4_7, primaryPhy=1, secondaryPhy=0, advertisingSid=0xff, txPower=127, rssi=-44, periodicAdvInt=0x0
05-17 11:54:19.481  1928  2050 D BtGatt.GattService: onScanResult to scannerId: 2- eventType=0x1b, addressType=1, address=7110B8_3, primaryPhy=1, secondaryPhy=0, advertisingSid=0xff, txPower=127, rssi=-67, periodicAdvInt=0x0
05-17 11:54:19.488  1928  2050 D BtGatt.GattService: onScanResult to scannerId: 2- eventType=0x1b, addressType=1, address=7FC7B2_8, primaryPhy=1, secondaryPhy=0, advertisingSid=0xff, txPower=127, rssi=-79, periodicAdvInt=0x0
05-17 11:54:19.492  7956  8352 I BluetoothAdapter: STATE_ON
05-17 11:54:19.493  7956  8352 I BluetoothAdapter: STATE_ON
05-17 11:54:19.495  7956  8352 I BluetoothAdapter: STATE_ON
05-17 11:54:19.496  7956  8352 I BluetoothAdapter: STATE_ON
05-17 11:54:19.497  7956  8352 I MeshxBleDispatch: {"v":1,"event":"ble_capabilities","supports_extended_advertising":true,"max_advertising_data_length":1024,"is_multiple_advertisement_supported":true,"legacy_manufacturer_payload_budget":24}
05-17 11:54:19.497  7956  8352 I BluetoothAdapter: STATE_ON
05-17 11:54:19.498  7956  8352 I BluetoothAdapter: STATE_ON
05-17 11:54:19.501  7956  8352 I BluetoothAdapter: STATE_ON
05-17 11:54:19.502  7956  8352 I BluetoothAdapter: STATE_ON
05-17 11:54:19.502  7956  8352 I BluetoothAdapter: STATE_ON
05-17 11:54:19.502  7956  8352 I BluetoothAdapter: STATE_ON
05-17 11:54:19.506  1928  2699 I bt_stack: [INFO:le_advertising_manager.cc(137)] StartAdvertisingSet in shim layer
05-17 11:54:19.506  1928  2699 W bt_stack: le_advertising_manager :: allocate_advertiser - id : 2
05-17 11:54:19.507  1928  2699 I bt_stack: [INFO:le_advertising_manager.cc(157)] create advertising set, reg_id:-5145, id:2
05-17 11:54:19.507  1928  2282 W bt_stack: le_advertising_manager :: create_extended_advertiser - id : 2
05-17 11:54:19.507  1928  2282 W bt_stack: le_advertising_manager :: enable_advertiser - id : 2
05-17 11:54:19.511  7956  8352 I MeshxBleDispatch: {"v":1,"event":"attempt_outcome","attempt_id":"selftest-1779044059486","message_id":"+wd3RI1EAcUluMFcQcjj+Q==","target_peer_id":"broadcast","target_device_ids":["broadcast"],"kind":"dispatched","reason":"legacy_beacon_fallback","adapter":"ble_android","outcome_at_ms":207731547}
05-17 11:54:19.517  7956  8352 I MeshxBleNative: sendToPeer(broadcast, 31B) -> DISPATCHED reason=legacy_beacon_fallback
05-17 11:54:19.518  7956  8352 I Elixir  : BleSelfTest: MESH MESSAGE SENT payload="hello-from-meshx-dev-1779044059" result=:ok
05-17 11:54:19.520  1928  2050 D BtGatt.GattService: onScanResult to scannerId: 2- eventType=0x1b, addressType=1, address=7110B8_3, primaryPhy=1, secondaryPhy=0, advertisingSid=0xff, txPower=127, rssi=-64, periodicAdvInt=0x0
05-17 11:54:19.521  1928  2050 D BtGatt.GattService: onScanResult to scannerId: 2- eventType=0x10, addressType=1, address=734DFA_2, primaryPhy=1, secondaryPhy=0, advertisingSid=0xff, txPower=127, rssi=-84, periodicAdvInt=0x0
05-17 11:54:19.523  1928  2260 E BtGatt.GattService: [GSIM LOG]: gsimLogHandler, msg: MESSAGE_ADV_SET_START, appName: dev.meshx.mob, id: 2, isLegacy: true
05-17 11:54:19.532  7956  8035 I BEAMout : 11:54:19.517 [info] BleSelfTest: MESH MESSAGE SENT payload="hello-from-meshx-dev-1779044059" result=:ok
05-17 11:54:19.533  7956  8352 W Elixir  : BleSelfTest: bridge error unknown: {"v":1,"event":"attempt_outcome","attempt_id":"selftest-1779044059486","message_id":"+wd3RI1EAcUluMFcQcjj+Q==","target_peer_id":"broadcast","target_device_ids":["broadcast"],"kind":"dispatched","reason":"legacy_beacon_fallback","adapter":"ble_android","outcome_at_ms":207731547}
05-17 11:54:19.534  7956  8035 I BEAMout : 11:54:19.533 [warning] BleSelfTest: bridge error unknown: {"v":1,"event":"attempt_outcome","attempt_id":"selftest-1779044059486","message_id":"+wd3RI1EAcUluMFcQcjj+Q==","target_peer_id":"broadcast","target_device_ids":["broadcast"],"kind":"dispatched","reason":"legacy_beacon_fallback","adapter":"ble_android","outcome_at_ms":207731547}
05-17 11:54:19.545  1928  2050 D BtGatt.GattService: onScanResult to scannerId: 2- eventType=0x1b, addressType=0, address=84E0F4_2, primaryPhy=1, secondaryPhy=0, advertisingSid=0xff, txPower=127, rssi=-86, periodicAdvInt=0x0
05-17 11:54:19.547  1928  2050 D BtGatt.GattService: onScanResult to scannerId: 2- eventType=0x1b, addressType=1, address=708181_C, primaryPhy=1, secondaryPhy=0, advertisingSid=0xff, txPower=127, rssi=-65, periodicAdvInt=0x0
05-17 11:54:19.550  1928  2050 D BtGatt.GattService: onScanResult to scannerId: 2- eventType=0x1b, addressType=1, address=7110B8_3, primaryPhy=1, secondaryPhy=0, advertisingSid=0xff, txPower=127, rssi=-65, periodicAdvInt=0x0
05-17 11:54:19.553  7956  7956 D BluetoothLeAdvertiser: onAdvertisingSetStarted(2, -7, 0)
05-17 11:54:19.553  1928  2050 D BtGatt.GattService: onScanResult to scannerId: 2- eventType=0x1b, addressType=1, address=5FDFD3_F, primaryPhy=1, secondaryPhy=0, advertisingSid=0xff, txPower=127, rssi=-36, periodicAdvInt=0x0
05-17 11:54:19.555  1928  2050 D BtGatt.GattService: onScanResult to scannerId: 2- eventType=0x10, addressType=1, address=2E27ED_1, primaryPhy=1, secondaryPhy=0, advertisingSid=0xff, txPower=127, rssi=-94, periodicAdvInt=0x0
05-17 11:54:19.558  1928  2050 D BtGatt.GattService: onScanResult to scannerId: 2- eventType=0x10, addressType=1, address=75B658_A, primaryPhy=1, secondaryPhy=0, advertisingSid=0xff, txPower=127, rssi=-79, periodicAdvInt=0x0
05-17 11:54:19.562  7956  7956 I MeshxBleScanRaw: device_id=5F:DF:D3:98:45:1F rssi=-36 advertisement_b64=AgEaAgoMC/9MABAGAB32M1lIAAAAAAAAAAAAAAAAAAAAAAAAAAAAAAAAAAAAAAAAAAAAAAAAAAAAAAAAAAA= manufacturer_ids=[76] service_uuids=[]
05-17 11:54:19.564  7956  7956 I MeshxBleDispatch: {"v":1,"event":"legacy_beacon_advertising_started","attempt_id":"selftest-1779044059486","beacon_size":22,"beacon":"TUIBAQEAzbgyALToBUwS94VXUXoT+Q==","message_id_hash":"zbgyALToBUw=","sender_peer_id_hash":"EveFV1F6E\/k=","payload_kind":"TX","envelope_version":1,"window_ms":5000,"data_carrier":"legacy_advertisement"}
05-17 11:54:19.565  7956  7956 I MeshxBleScanRaw: device_id=2E:27:ED:84:D3:91 rssi=-94 advertisement_b64=Hv8GAAEJICIPeQPGYCohHqi4oz4HvXVb1LfyY2Ss/gAAAAAAAAAAAAAAAAAAAAAAAAAAAAAAAAAAAAAAAAA= manufacturer_ids=[6] service_uuids=[]
05-17 11:54:19.585  1928  2050 D BtGatt.GattService: onScanResult to scannerId: 2- eventType=0x1b, addressType=1, address=7110B8_3, primaryPhy=1, secondaryPhy=0, advertisingSid=0xff, txPower=127, rssi=-65, periodicAdvInt=0x0
05-17 11:54:19.604  1928  2050 D BtGatt.GattService: onScanResult to scannerId: 2- eventType=0x10, addressType=0, address=BC455B_A, primaryPhy=1, secondaryPhy=0, advertisingSid=0xff, txPower=127, rssi=-73, periodicAdvInt=0x0
05-17 11:54:19.608  1928  2050 D BtGatt.GattService: onScanResult to scannerId: 2- eventType=0x1b, addressType=0, address=84E0F4_2, primaryPhy=1, secondaryPhy=0, advertisingSid=0xff, txPower=127, rssi=-87, periodicAdvInt=0x0
05-17 11:54:19.611  1928  2050 D BtGatt.GattService: onScanResult to scannerId: 2- eventType=0x1b, addressType=1, address=4281CA_1, primaryPhy=1, secondaryPhy=0, advertisingSid=0xff, txPower=127, rssi=-36, periodicAdvInt=0x0
05-17 11:54:19.618  7956  7956 I MeshxBleScanRaw: device_id=42:81:CA:91:7A:B1 rssi=-36 advertisement_b64=AgEaAgoMC/9MABAGAB32M1lIAAAAAAAAAAAAAAAAAAAAAAAAAAAAAAAAAAAAAAAAAAAAAAAAAAAAAAAAAAA= manufacturer_ids=[76] service_uuids=[]
05-17 11:54:19.618  1928  2050 D BtGatt.GattService: onScanResult to scannerId: 2- eventType=0x1a, addressType=1, address=73CFF4_7, primaryPhy=1, secondaryPhy=0, advertisingSid=0xff, txPower=127, rssi=-44, periodicAdvInt=0x0
05-17 11:54:19.625  1928  2050 D BtGatt.GattService: onScanResult to scannerId: 2- eventType=0x10, addressType=1, address=6CF492_4, primaryPhy=1, secondaryPhy=0, advertisingSid=0xff, txPower=127, rssi=-35, periodicAdvInt=0x0
05-17 11:54:19.628  1928  2050 D BtGatt.GattService: onScanResult to scannerId: 2- eventType=0x10, addressType=1, address=734DFA_2, primaryPhy=1, secondaryPhy=0, advertisingSid=0xff, txPower=127, rssi=-84, periodicAdvInt=0x0
05-17 11:54:19.660  1928  2050 D BtGatt.GattService: onScanResult to scannerId: 2- eventType=0x1b, addressType=1, address=7110B8_3, primaryPhy=1, secondaryPhy=0, advertisingSid=0xff, txPower=127, rssi=-64, periodicAdvInt=0x0
05-17 11:54:19.665  1928  2050 D BtGatt.GattService: onScanResult to scannerId: 2- eventType=0x10, addressType=1, address=716F02_A, primaryPhy=1, secondaryPhy=0, advertisingSid=0xff, txPower=127, rssi=-80, periodicAdvInt=0x0
05-17 11:54:19.682  7956  7956 I MeshxBleScanRaw: device_id=6C:F4:92:97:A2:64 rssi=-35 advertisement_b64=AgEaF/9MAAkIEwLAqAFhG1gWCAC4o6pt/kN+AAAAAAAAAAAAAAAAAAAAAAAAAAAAAAAAAAAAAAAAAAAAAAA= manufacturer_ids=[76] service_uuids=[]
05-17 11:54:19.682  1928  2050 D BtGatt.GattService: onScanResult to scannerId: 2- eventType=0x10, addressType=1, address=2CD092_6, primaryPhy=1, secondaryPhy=0, advertisingSid=0xff, txPower=127, rssi=-94, periodicAdvInt=0x0
05-17 11:54:19.688  1928  2050 D BtGatt.GattService: onScanResult to scannerId: 2- eventType=0x1b, addressType=1, address=7110B8_3, primaryPhy=1, secondaryPhy=0, advertisingSid=0xff, txPower=127, rssi=-65, periodicAdvInt=0x0
05-17 11:54:19.688  1928  2050 D BtGatt.GattService: onScanResult to scannerId: 2- eventType=0x10, addressType=1, address=D32FD5_7, primaryPhy=1, secondaryPhy=0, advertisingSid=0xff, txPower=127, rssi=-66, periodicAdvInt=0x0
05-17 11:54:19.693  7956  7956 I MeshxBleScanRaw: device_id=2C:D0:92:69:99:36 rssi=-94 advertisement_b64=Hv8GAAEJICKCJ4KZ0qp4f/Eho4WXvI91tMuYD0fzSgAAAAAAAAAAAAAAAAAAAAAAAAAAAAAAAAAAAAAAAAA= manufacturer_ids=[6] service_uuids=[]
05-17 11:54:19.697  7956  7956 I MeshxBleScanRaw: device_id=D3:2F:D5:4C:56:B7 rssi=-66 advertisement_b64=B/9MABICAAIAAAAAAAAAAAAAAAAAAAAAAAAAAAAAAAAAAAAAAAAAAAAAAAAAAAAAAAAAAAAAAAAAAAAAAAA= manufacturer_ids=[76] service_uuids=[]
05-17 11:54:19.709  1928  2050 D BtGatt.GattService: onScanResult to scannerId: 2- eventType=0x1b, addressType=1, address=463D57_1, primaryPhy=1, secondaryPhy=0, advertisingSid=0xff, txPower=127, rssi=-75, periodicAdvInt=0x0
05-17 11:54:19.721  1928  2050 D BtGatt.GattService: onScanResult to scannerId: 2- eventType=0x1b, addressType=1, address=7110B8_3, primaryPhy=1, secondaryPhy=0, advertisingSid=0xff, txPower=127, rssi=-65, periodicAdvInt=0x0
05-17 11:54:19.779  1200  3617 D SemWifiUsabilityStatsMonitor: onWifiUsabilityStats - seqNum 6736, isSameBssidAndFreq true
05-17 11:54:19.780  1200  1507 I SemWifiLinkQualityMonitor: Link Qos Query: 0.080 ms / 99.710 Mbps (432 / 0.062 / 1.000)
05-17 11:54:19.781  1613  1613 D NetworkController.WifiSignalController: notifyListener: visible=true, connected=true, inetCondition=1, isDefault=true, wifiTestReported=true, receivedInetCondition=-1, hideDuringMobileSwitching=false
05-17 11:54:20.182 29714 29714 D BoundBrokerSvc: onUnbind: Intent { act=com.google.android.gms.measurement.START pkg=com.google.android.gms }
05-17 11:54:20.945  1707  1707 I wpa_supplicant: Heartbeat 20710
05-17 11:54:21.329  1928  2050 D BtGatt.GattService: onScanResult to scannerId: 2- eventType=0x1b, addressType=0, address=94944A_D, primaryPhy=1, secondaryPhy=0, advertisingSid=0xff, txPower=127, rssi=-84, periodicAdvInt=0x0
05-17 11:54:21.337  1928  2050 D BtGatt.GattService: onScanResult to scannerId: 2- eventType=0x1b, addressType=0, address=84E0F4_2, primaryPhy=1, secondaryPhy=0, advertisingSid=0xff, txPower=127, rssi=-78, periodicAdvInt=0x0
05-17 11:54:21.342  1928  2050 D BtGatt.GattService: onScanResult to scannerId: 2- eventType=0x1b, addressType=1, address=4281CA_1, primaryPhy=1, secondaryPhy=0, advertisingSid=0xff, txPower=127, rssi=-35, periodicAdvInt=0x0
05-17 11:54:21.344  1928  2050 D BtGatt.GattService: onScanResult to scannerId: 2- eventType=0x1b, addressType=1, address=5FDFD3_F, primaryPhy=1, secondaryPhy=0, advertisingSid=0xff, txPower=127, rssi=-35, periodicAdvInt=0x0
05-17 11:54:21.361  1928  2050 D BtGatt.GattService: onScanResult to scannerId: 2- eventType=0x1b, addressType=0, address=84E0F4_2, primaryPhy=1, secondaryPhy=0, advertisingSid=0xff, txPower=127, rssi=-79, periodicAdvInt=0x0
05-17 11:54:21.368  1928  2050 D BtGatt.GattService: onScanResult to scannerId: 2- eventType=0x1b, addressType=1, address=7110B8_3, primaryPhy=1, secondaryPhy=0, advertisingSid=0xff, txPower=127, rssi=-51, periodicAdvInt=0x0
05-17 11:54:21.380  1928  2050 D BtGatt.GattService: onScanResult to scannerId: 2- eventType=0x10, addressType=1, address=D773CF_2, primaryPhy=1, secondaryPhy=0, advertisingSid=0xff, txPower=127, rssi=-35, periodicAdvInt=0x0
05-17 11:54:21.383  1928  2050 D BtGatt.GattService: onScanResult to scannerId: 2- eventType=0x10, addressType=1, address=6CF492_4, primaryPhy=1, secondaryPhy=0, advertisingSid=0xff, txPower=127, rssi=-35, periodicAdvInt=0x0
05-17 11:54:21.388  1928  2050 D BtGatt.GattService: onScanResult to scannerId: 2- eventType=0x1a, addressType=1, address=73CFF4_7, primaryPhy=1, secondaryPhy=0, advertisingSid=0xff, txPower=127, rssi=-43, periodicAdvInt=0x0
05-17 11:54:21.404  7956  7956 I MeshxBleScanRaw: device_id=D7:73:CF:A2:9E:22 rssi=-35 advertisement_b64=B/9MABICAAAAAAAAAAAAAAAAAAAAAAAAAAAAAAAAAAAAAAAAAAAAAAAAAAAAAAAAAAAAAAAAAAAAAAAAAAA= manufacturer_ids=[76] service_uuids=[]
05-17 11:54:21.435  1928  2050 D BtGatt.GattService: onScanResult to scannerId: 2- eventType=0x1b, addressType=1, address=7110B8_3, primaryPhy=1, secondaryPhy=0, advertisingSid=0xff, txPower=127, rssi=-51, periodicAdvInt=0x0
05-17 11:54:21.472  1928  2050 D BtGatt.GattService: onScanResult to scannerId: 2- eventType=0x1b, addressType=1, address=7110B8_3, primaryPhy=1, secondaryPhy=0, advertisingSid=0xff, txPower=127, rssi=-51, periodicAdvInt=0x0
05-17 11:54:21.475  1928  2050 D BtGatt.GattService: onScanResult to scannerId: 2- eventType=0x10, addressType=1, address=2362E8_F, primaryPhy=1, secondaryPhy=0, advertisingSid=0xff, txPower=127, rssi=-91, periodicAdvInt=0x0
05-17 11:54:21.482  1928  2050 D BtGatt.GattService: onScanResult to scannerId: 2- eventType=0x1b, addressType=0, address=84E0F4_2, primaryPhy=1, secondaryPhy=0, advertisingSid=0xff, txPower=127, rssi=-79, periodicAdvInt=0x0
05-17 11:54:21.509  1928  2050 D BtGatt.GattService: onScanResult to scannerId: 2- eventType=0x1b, addressType=1, address=7110B8_3, primaryPhy=1, secondaryPhy=0, advertisingSid=0xff, txPower=127, rssi=-51, periodicAdvInt=0x0
05-17 11:54:21.514  1928  2050 D BtGatt.GattService: onScanResult to scannerId: 2- eventType=0x10, addressType=0, address=BC7E8B_B, primaryPhy=1, secondaryPhy=0, advertisingSid=0xff, txPower=127, rssi=-82, periodicAdvInt=0x0
05-17 11:54:21.521  1928  2050 D BtGatt.GattService: onScanResult to scannerId: 2- eventType=0x1a, addressType=1, address=73CFF4_7, primaryPhy=1, secondaryPhy=0, advertisingSid=0xff, txPower=127, rssi=-44, periodicAdvInt=0x0
05-17 11:54:21.527  1928  2050 D BtGatt.GattService: onScanResult to scannerId: 2- eventType=0x1b, addressType=1, address=463D57_1, primaryPhy=1, secondaryPhy=0, advertisingSid=0xff, txPower=127, rssi=-81, periodicAdvInt=0x0
05-17 11:54:21.543  1928  2050 D BtGatt.GattService: onScanResult to scannerId: 2- eventType=0x1b, addressType=0, address=94944A_D, primaryPhy=1, secondaryPhy=0, advertisingSid=0xff, txPower=127, rssi=-84, periodicAdvInt=0x0
05-17 11:54:21.557  1928  2050 D BtGatt.GattService: onScanResult to scannerId: 2- eventType=0x1b, addressType=0, address=84E0F4_2, primaryPhy=1, secondaryPhy=0, advertisingSid=0xff, txPower=127, rssi=-79, periodicAdvInt=0x0
05-17 11:54:21.574  1928  2050 D BtGatt.GattService: onScanResult to scannerId: 2- eventType=0x1b, addressType=1, address=7110B8_3, primaryPhy=1, secondaryPhy=0, advertisingSid=0xff, txPower=127, rssi=-51, periodicAdvInt=0x0
05-17 11:54:22.481  7956  8352 I Elixir  : BleSelfTest: HEARTBEAT events=94 devices=24 meshx_peers=1 sent=1 distinct_msgs=1 beacon_callbacks=7 envelopes=0
05-17 11:54:22.482  7956  8035 I BEAMout : 11:54:22.481 [info] BleSelfTest: HEARTBEAT events=94 devices=24 meshx_peers=1 sent=1 distinct_msgs=1 beacon_callbacks=7 envelopes=0
05-17 11:54:22.747  7956  8352 I Elixir  : Mob.Dist: no EPMD on port 4369 after 10s -- skipping dist (run mix mob.connect to enable)
05-17 11:54:22.873  1200  3617 D SemWifiUsabilityStatsMonitor: onWifiUsabilityStats - seqNum 6737, isSameBssidAndFreq true
05-17 11:54:22.873  1200  1507 I SemWifiLinkQualityMonitor: Link Qos Query: 0.075 ms / 107.041 Mbps (432 / 0.056 / 1.000)
05-17 11:54:23.192  1928  2050 D BtGatt.GattService: onScanResult to scannerId: 2- eventType=0x10, addressType=1, address=4468B4_9, primaryPhy=1, secondaryPhy=0, advertisingSid=0xff, txPower=127, rssi=-85, periodicAdvInt=0x0
05-17 11:54:23.199  1928  2050 D BtGatt.GattService: onScanResult to scannerId: 2- eventType=0x1b, addressType=1, address=7110B8_3, primaryPhy=1, secondaryPhy=0, advertisingSid=0xff, txPower=127, rssi=-48, periodicAdvInt=0x0
05-17 11:54:23.203  1928  2050 W bt_btif : btif_dm_update_ble_remote_properties cod is 0x000000
05-17 11:54:23.203  1928  2050 W bt_btif : btif_dm_update_ble_remote_properties cod is 0, checking cod from storage
05-17 11:54:23.203  1928  2050 W bt_btif : btif_dm_update_ble_remote_properties cod retrieved from storage is 0x001f00
05-17 11:54:23.204  1928  2050 D BtGatt.GattService: onScanResult to scannerId: 2- eventType=0x1b, addressType=0, address=94944A_9, primaryPhy=1, secondaryPhy=0, advertisingSid=0xff, txPower=127, rssi=-93, periodicAdvInt=0x0
05-17 11:54:23.208  1613  1862 V BluetoothEventManager: onReceive :: android.bluetooth.device.action.NAME_CHANGED
05-17 11:54:23.208  1928  2050 D BluetoothUtils: getBtEnabledContainers(): btContainers = []
05-17 11:54:23.209  1928  2050 E BluetoothRemoteDevices: Remote class is UNCATEGORIZED
05-17 11:54:23.209  1928  2050 D BtGatt.GattService: onScanResult to scannerId: 2- eventType=0x10, addressType=1, address=75E0C1_B, primaryPhy=1, secondaryPhy=0, advertisingSid=0xff, txPower=127, rssi=-79, periodicAdvInt=0x0
05-17 11:54:23.217  7956  7956 I MeshxBleScanRaw: device_id=44:68:B4:82:EF:D9 rssi=-85 advertisement_b64=AgEaF/9MAAkIExPAqAEKG1gWCAAM0eBizVkxAAAAAAAAAAAAAAAAAAAAAAAAAAAAAAAAAAAAAAAAAAAAAAA= manufacturer_ids=[76] service_uuids=[]
05-17 11:54:23.220  7956  7956 I MeshxBleScanRaw: device_id=94:94:4A:05:9C:99 rssi=-93 advertisement_b64=AgEGEQeeytwkDuWp4JPzo7UBAEBuCAl1RzItYzk4AAAAAAAAAAAAAAAAAAAAAAAAAAAAAAAAAAAAAAAAAAA= manufacturer_ids=[] service_uuids=[6e400001-b5a3-f393-e0a9-e50e24dcca9e]
05-17 11:54:23.222  7956  7956 I MeshxBleScanRaw: device_id=75:E0:C1:37:85:DB rssi=-79 advertisement_b64=AgEaDf9MABYIADrEG/Nv7pkAAAAAAAAAAAAAAAAAAAAAAAAAAAAAAAAAAAAAAAAAAAAAAAAAAAAAAAAAAAA= manufacturer_ids=[76] service_uuids=[]
05-17 11:54:23.252  1928  2050 D BtGatt.GattService: onScanResult to scannerId: 2- eventType=0x1b, addressType=1, address=DD0D30_2, primaryPhy=1, secondaryPhy=0, advertisingSid=0xff, txPower=127, rssi=-74, periodicAdvInt=0x0
05-17 11:54:23.266  1928  2050 D BtGatt.GattService: onScanResult to scannerId: 2- eventType=0x10, addressType=1, address=2362E8_F, primaryPhy=1, secondaryPhy=0, advertisingSid=0xff, txPower=127, rssi=-88, periodicAdvInt=0x0
05-17 11:54:23.277  1928  2050 D BtGatt.GattService: onScanResult to scannerId: 2- eventType=0x1b, addressType=1, address=7110B8_3, primaryPhy=1, secondaryPhy=0, advertisingSid=0xff, txPower=127, rssi=-48, periodicAdvInt=0x0
05-17 11:54:23.290  1928  2050 D BtGatt.GattService: onScanResult to scannerId: 2- eventType=0x10, addressType=1, address=6CF492_4, primaryPhy=1, secondaryPhy=0, advertisingSid=0xff, txPower=127, rssi=-36, periodicAdvInt=0x0
05-17 11:54:23.307  1928  2050 D BtGatt.GattService: onScanResult to scannerId: 2- eventType=0x1a, addressType=1, address=73CFF4_7, primaryPhy=1, secondaryPhy=0, advertisingSid=0xff, txPower=127, rssi=-45, periodicAdvInt=0x0
05-17 11:54:23.311  1928  2050 D BtGatt.GattService: onScanResult to scannerId: 2- eventType=0x10, addressType=1, address=734DFA_2, primaryPhy=1, secondaryPhy=0, advertisingSid=0xff, txPower=127, rssi=-86, periodicAdvInt=0x0
05-17 11:54:23.318  1928  2050 D BtGatt.GattService: onScanResult to scannerId: 2- eventType=0x10, addressType=0, address=BC455B_A, primaryPhy=1, secondaryPhy=0, advertisingSid=0xff, txPower=127, rssi=-76, periodicAdvInt=0x0
05-17 11:54:23.344  1928  2050 D BtGatt.GattService: onScanResult to scannerId: 2- eventType=0x1b, addressType=1, address=7110B8_3, primaryPhy=1, secondaryPhy=0, advertisingSid=0xff, txPower=127, rssi=-49, periodicAdvInt=0x0
05-17 11:54:23.373  1928  2050 D BtGatt.GattService: onScanResult to scannerId: 2- eventType=0x1b, addressType=1, address=463D57_1, primaryPhy=1, secondaryPhy=0, advertisingSid=0xff, txPower=127, rssi=-76, periodicAdvInt=0x0
05-17 11:54:23.373  1928  2050 D BtGatt.GattService: onScanResult to scannerId: 2- eventType=0x1b, addressType=1, address=7110B8_3, primaryPhy=1, secondaryPhy=0, advertisingSid=0xff, txPower=127, rssi=-48, periodicAdvInt=0x0
05-17 11:54:23.386  1928  2050 D BtGatt.GattService: onScanResult to scannerId: 2- eventType=0x10, addressType=1, address=D773CF_2, primaryPhy=1, secondaryPhy=0, advertisingSid=0xff, txPower=127, rssi=-36, periodicAdvInt=0x0
05-17 11:54:23.405  1928  2050 D BtGatt.GattService: onScanResult to scannerId: 2- eventType=0x1b, addressType=1, address=708181_C, primaryPhy=1, secondaryPhy=0, advertisingSid=0xff, txPower=127, rssi=-57, periodicAdvInt=0x0
05-17 11:54:23.408  1928  2050 D BtGatt.GattService: onScanResult to scannerId: 2- eventType=0x1b, addressType=1, address=7110B8_3, primaryPhy=1, secondaryPhy=0, advertisingSid=0xff, txPower=127, rssi=-49, periodicAdvInt=0x0
05-17 11:54:23.410  1928  2050 D BtGatt.GattService: onScanResult to scannerId: 2- eventType=0x10, addressType=1, address=734DFA_2, primaryPhy=1, secondaryPhy=0, advertisingSid=0xff, txPower=127, rssi=-88, periodicAdvInt=0x0
05-17 11:54:23.955  2905  2905 I SDHMS:LOAD: type: LoadsFreqs, value: 0:0:0:668460:1261000:650000:668460:1261000:650000:0:0:0
05-17 11:54:24.089   869   869 E sehhealth-service: Could not open /sys/class/power_supply/battery/lrp
05-17 11:54:24.565  7956  7956 I BluetoothAdapter: STATE_ON
05-17 11:54:24.565  7956  7956 I BluetoothAdapter: STATE_ON
05-17 11:54:24.565  7956  7956 I BluetoothAdapter: STATE_ON
05-17 11:54:24.566  7956  7956 D BluetoothLeAdvertiser: Stop AdvertingSet
05-17 11:54:24.568  1928  2699 I bt_stack: [INFO:le_advertising_manager.cc(70)] Unregister in shim layer
05-17 11:54:24.569  1928  2282 W bt_stack: le_advertising_manager :: remove_advertiser - id : 2
05-17 11:54:24.570  1928  2260 E BtGatt.GattService: [GSIM LOG]: gsimLogHandler, msg: MESSAGE_ADV_SET_STOP, appName: dev.meshx.mob, id: 2, isLegacy: true
05-17 11:54:24.600  7956  7956 D BluetoothLeAdvertiser: onAdvertisingSetStopped(2)
05-17 11:54:24.891 29714 29714 D BoundBrokerSvc: onUnbind: Intent { act=com.google.android.gms.auth.blockstore.service.START dat=chimera-action:/... cmp=com.google.android.gms/.chimera.GmsApiService }
05-17 11:54:24.951   602   602 D io_stats: !@   8,0 r 1034737 33777408 w 596617 56932692 d 0 0 f 0 0 iot 516392 0 th 0 0 0 pt 0 inp 0 0 207312.524
05-17 11:54:25.052  1928  2050 D BtGatt.GattService: onScanResult to scannerId: 2- eventType=0x1b, addressType=0, address=84E0F4_2, primaryPhy=1, secondaryPhy=0, advertisingSid=0xff, txPower=127, rssi=-86, periodicAdvInt=0x0
05-17 11:54:25.052  1928  2050 D BtGatt.GattService: onScanResult to scannerId: 2- eventType=0x1b, addressType=1, address=7110B8_3, primaryPhy=1, secondaryPhy=0, advertisingSid=0xff, txPower=127, rssi=-64, periodicAdvInt=0x0
05-17 11:54:25.068  1928  2050 D BtGatt.GattService: onScanResult to scannerId: 2- eventType=0x1a, addressType=1, address=73CFF4_7, primaryPhy=1, secondaryPhy=0, advertisingSid=0xff, txPower=127, rssi=-44, periodicAdvInt=0x0
05-17 11:54:25.079  1928  2050 D BtGatt.GattService: onScanResult to scannerId: 2- eventType=0x10, addressType=1, address=75E0C1_B, primaryPhy=1, secondaryPhy=0, advertisingSid=0xff, txPower=127, rssi=-90, periodicAdvInt=0x0
05-17 11:54:25.081  1928  2050 D BtGatt.GattService: onScanResult to scannerId: 2- eventType=0x10, addressType=1, address=716F02_A, primaryPhy=1, secondaryPhy=0, advertisingSid=0xff, txPower=127, rssi=-80, periodicAdvInt=0x0
05-17 11:54:25.087  1928  2050 D BtGatt.GattService: onScanResult to scannerId: 2- eventType=0x1b, addressType=1, address=7110B8_3, primaryPhy=1, secondaryPhy=0, advertisingSid=0xff, txPower=127, rssi=-64, periodicAdvInt=0x0
05-17 11:54:25.096  1928  2050 D BtGatt.GattService: onScanResult to scannerId: 2- eventType=0x1b, addressType=0, address=84E0F4_2, primaryPhy=1, secondaryPhy=0, advertisingSid=0xff, txPower=127, rssi=-86, periodicAdvInt=0x0
05-17 11:54:25.128  1928  2050 D BtGatt.GattService: onScanResult to scannerId: 2- eventType=0x1b, addressType=1, address=7110B8_3, primaryPhy=1, secondaryPhy=0, advertisingSid=0xff, txPower=127, rssi=-64, periodicAdvInt=0x0
05-17 11:54:25.148  1928  2050 D BtGatt.GattService: onScanResult to scannerId: 2- eventType=0x10, addressType=1, address=75B658_A, primaryPhy=1, secondaryPhy=0, advertisingSid=0xff, txPower=127, rssi=-84, periodicAdvInt=0x0
05-17 11:54:25.168  1928  2050 D BtGatt.GattService: onScanResult to scannerId: 2- eventType=0x1b, addressType=1, address=7110B8_3, primaryPhy=1, secondaryPhy=0, advertisingSid=0xff, txPower=127, rssi=-64, periodicAdvInt=0x0
05-17 11:54:25.173  1928  2050 D BtGatt.GattService: onScanResult to scannerId: 2- eventType=0x1b, addressType=0, address=84E0F4_2, primaryPhy=1, secondaryPhy=0, advertisingSid=0xff, txPower=127, rssi=-87, periodicAdvInt=0x0
05-17 11:54:25.196  1928  2050 D BtGatt.GattService: onScanResult to scannerId: 2- eventType=0x10, addressType=0, address=BC455B_A, primaryPhy=1, secondaryPhy=0, advertisingSid=0xff, txPower=127, rssi=-73, periodicAdvInt=0x0
05-17 11:54:25.200  1928  2050 D BtGatt.GattService: onScanResult to scannerId: 2- eventType=0x1a, addressType=1, address=73CFF4_7, primaryPhy=1, secondaryPhy=0, advertisingSid=0xff, txPower=127, rssi=-44, periodicAdvInt=0x0
05-17 11:54:25.203  1928  2050 D BtGatt.GattService: onScanResult to scannerId: 2- eventType=0x1b, addressType=1, address=463D57_1, primaryPhy=1, secondaryPhy=0, advertisingSid=0xff, txPower=127, rssi=-75, periodicAdvInt=0x0
05-17 11:54:25.209  1928  2050 D BtGatt.GattService: onScanResult to scannerId: 2- eventType=0x10, addressType=0, address=BC7E8B_B, primaryPhy=1, secondaryPhy=0, advertisingSid=0xff, txPower=127, rssi=-85, periodicAdvInt=0x0
05-17 11:54:25.232  1928  2050 D BtGatt.GattService: onScanResult to scannerId: 2- eventType=0x1b, addressType=1, address=7110B8_3, primaryPhy=1, secondaryPhy=0, advertisingSid=0xff, txPower=127, rssi=-67, periodicAdvInt=0x0
05-17 11:54:25.253  1928  2050 D BtGatt.GattService: onScanResult to scannerId: 2- eventType=0x1b, addressType=1, address=4281CA_1, primaryPhy=1, secondaryPhy=0, advertisingSid=0xff, txPower=127, rssi=-36, periodicAdvInt=0x0
05-17 11:54:25.261  1928  2050 D BtGatt.GattService: onScanResult to scannerId: 2- eventType=0x10, addressType=1, address=75E0C1_B, primaryPhy=1, secondaryPhy=0, advertisingSid=0xff, txPower=127, rssi=-89, periodicAdvInt=0x0
05-17 11:54:25.272  1928  2050 D BtGatt.GattService: onScanResult to scannerId: 2- eventType=0x1b, addressType=1, address=7110B8_3, primaryPhy=1, secondaryPhy=0, advertisingSid=0xff, txPower=127, rssi=-65, periodicAdvInt=0x0
05-17 11:54:25.775 30311 30311 D BoundBrokerSvc: onUnbind: Intent { act=com.google.android.gms.libs.gmscorelogger.service.START dat=chimera-action:/... cmp=com.google.android.gms/.chimera.PersistentDirectBootAwareApiService }
05-17 11:54:26.000  1200  3617 D SemWifiUsabilityStatsMonitor: onWifiUsabilityStats - seqNum 6738, isSameBssidAndFreq true
05-17 11:54:26.003  1200  1507 I SemWifiLinkQualityMonitor: Link Qos Query: 0.077 ms / 103.553 Mbps (432 / 0.059 / 1.000)
05-17 11:54:26.520  7956  8352 I BluetoothAdapter: STATE_ON
05-17 11:54:26.520  7956  8352 I BluetoothAdapter: STATE_ON
05-17 11:54:26.522  7956  8352 I BluetoothAdapter: STATE_ON
05-17 11:54:26.523  7956  8352 I BluetoothAdapter: STATE_ON
05-17 11:54:26.524  7956  8352 I MeshxBleDispatch: {"v":1,"event":"ble_capabilities","supports_extended_advertising":true,"max_advertising_data_length":1024,"is_multiple_advertisement_supported":true,"legacy_manufacturer_payload_budget":24}
05-17 11:54:26.524  7956  8352 I BluetoothAdapter: STATE_ON
05-17 11:54:26.525  7956  8352 I BluetoothAdapter: STATE_ON
05-17 11:54:26.527  7956  8352 I BluetoothAdapter: STATE_ON
05-17 11:54:26.527  7956  8352 I BluetoothAdapter: STATE_ON
05-17 11:54:26.528  7956  8352 I BluetoothAdapter: STATE_ON
05-17 11:54:26.528  7956  8352 I BluetoothAdapter: STATE_ON
05-17 11:54:26.531  1928  2699 I bt_stack: [INFO:le_advertising_manager.cc(137)] StartAdvertisingSet in shim layer
05-17 11:54:26.531  1928  2699 W bt_stack: le_advertising_manager :: allocate_advertiser - id : 2
05-17 11:54:26.531  1928  2699 I bt_stack: [INFO:le_advertising_manager.cc(157)] create advertising set, reg_id:-5146, id:2
05-17 11:54:26.532  1928  2282 W bt_stack: le_advertising_manager :: create_extended_advertiser - id : 2
05-17 11:54:26.532  1928  2282 W bt_stack: le_advertising_manager :: enable_advertiser - id : 2
05-17 11:54:26.533  7956  8352 I MeshxBleDispatch: {"v":1,"event":"attempt_outcome","attempt_id":"selftest-1779044066520","message_id":"4DeQKrDUFwGXKVze9UePqQ==","target_peer_id":"broadcast","target_device_ids":["broadcast"],"kind":"dispatched","reason":"legacy_beacon_fallback","adapter":"ble_android","outcome_at_ms":207738581}
05-17 11:54:26.534  7956  8352 I MeshxBleNative: sendToPeer(broadcast, 31B) -> DISPATCHED reason=legacy_beacon_fallback
05-17 11:54:26.534  7956  8352 I Elixir  : BleSelfTest: MESH MESSAGE SENT payload="hello-from-meshx-dev-1779044066" result=:ok
