--------- beginning of system
05-17 11:54:01.974  1200  1215 D ActivityManager: force stop from com.android.server.am.ActivityManagerService.forceStopPackage:4779 com.android.server.am.ActivityManagerShellCommand.runForceStop:1236 
05-17 11:54:01.974  1200  1215 I ActivityManager: Force stopping dev.meshx.mob appid=10313 user=0: from pid 7938
--------- beginning of main
05-17 11:54:02.006  1567  1567 D CarrierSvcBindHelper: onHandleForceStop: [dev.meshx.mob]
05-17 11:54:02.009  1567  1567 D CarrierSvcBindHelper: No carrier app for: 0
05-17 11:54:02.011  1567  1567 D CarrierSvcBindHelper: No carrier app for: 1
05-17 11:54:02.028  1948  1948 D RegisteredNfcFServicesCache: Service unchanged, not updating
05-17 11:54:02.029  1200  1248 W BroadcastQueue: Background execution not allowed: receiving Intent { act=android.intent.action.PACKAGE_RESTARTED dat=package: flg=0x10 (has extras) } to android/com.kddi.android.CpaNotiReceiver
05-17 11:54:02.117  1200  1248 I SemDvfsHyPerManager: acquire hyper - APP_LAUNCH/1200@25, type = -999
05-17 11:54:02.118  1200  1215 D ActivityTaskManager: startActivityAsUser: callingPid=7946, callingUid=2000, caller=com.android.server.wm.ActivityTaskManagerService.startActivityAsUser:1828 com.android.server.am.ActivityManagerService.startActivityAsUserWithFeature:3760 com.android.server.am.ActivityManagerShellCommand.runStartActivity:656 com.android.server.am.ActivityManagerShellCommand.onCommand:222 com.android.modules.utils.BasicShellCommandHandler.exec:97 android.os.ShellCommand.exec:38 com.android.server.am.ActivityManagerService.onShellCommand:11315 
05-17 11:54:02.118   864   921 I HYPER-HAL: [RequestManager.cpp]acquire(): Acquired ID : 750950  [1200 / 25]    HINT : APP_LAUNCH    list : 
05-17 11:54:02.119  1200  1240 I ChimeraSystemEventListener: appLaunchIntent package name is: dev.meshx.mob
05-17 11:54:02.120   864   921 E HYPER-HAL: [HandlerSysfs.cpp]doResourceHandling(): Couldn't Open Sysfs - /sys/power/cstate_control
05-17 11:54:02.120  1200  1215 I ActivityTaskManager: START u0 {flg=0x10000000 cmp=dev.meshx.mob/.MainActivity (has extras)} from uid 2000
05-17 11:54:02.121  2905  2905 I SemDvfsHyPerManager: acquire hyper - APP_START_SHORT/2905@12, type = -999
05-17 11:54:02.122   864   921 I HYPER-HAL: [RequestManager.cpp]acquire(): Acquired ID : 4255915  [2905 / 12]    HINT : APP_START    list : [TIMEOUT / 1500] 
05-17 11:54:02.124  1200  1215 D CompatibilityChangeReporter: Compat change id reported: 194480991; UID 10313; state: ENABLED
05-17 11:54:02.125  1200  1215 D ActivityTaskManager: TaskLaunchParamsModifier:task=null activity=ActivityRecord{3dbfb81 u0 dev.meshx.mob/.MainActivity} display-id=0 display-windowing-mode=1 suggested-display-area=DefaultTaskDisplayArea@8828587
05-17 11:54:02.125  1200  1215 D [secipm]: mSecIpmManager Preload dev.meshx.mob dex files
05-17 11:54:02.125  1200  1215 D ActivityTaskManager: TaskLaunchParamsModifier:task=null activity=ActivityRecord{3dbfb81 u0 dev.meshx.mob/.MainActivity} t-1} display-id=0 display-windowing-mode=1 suggested-display-area=DefaultTaskDisplayArea@8828587 non-freeform-display display-area=DefaultTaskDisplayArea@8828587 maximized-bounds
05-17 11:54:02.126  1200  1215 I SemDvfsHyPerManager: acquire hyper - AMS_ACT_START/1200@14, type = -999
05-17 11:54:02.126  1200  1215 D ActivityManagerPerformance: AMP_acquire() ACT_START
05-17 11:54:02.126   864   921 I HYPER-HAL: [RequestManager.cpp]acquire(): Acquired ID : 737519  [1200 / 14]    HINT : AMS_ACT_START    list : 
05-17 11:54:02.126   864   921 E HYPER-HAL: [HandlerSysfs.cpp]doResourceHandling(): Couldn't Open Sysfs - /sys/power/cstate_control
05-17 11:54:02.127   914  1114 I SurfaceFlinger: id=537 createSurf flag=24004, Task=424#537
05-17 11:54:02.128  1200  1215 D ActivityTaskManager: Top Process State changed to PROCESS_STATE_TOP_SLEEPING#2
05-17 11:54:02.128  1200  1215 D ActivityTaskManager: TaskLaunchParamsModifier:task=Task{2119426 #424 type=standard A=10313:dev.meshx.mob U=0 visible=false visibleRequested=false mode=fullscreen translucent=true sz=0} activity=ActivityRecord{3dbfb81 u0 dev.meshx.mob/.MainActivity} t-1} display-from-task=0 display-id=0 display-windowing-mode=1 suggested-display-area=DefaultTaskDisplayArea@8828587 non-freeform-display display-area=DefaultTaskDisplayArea@8828587 maximized-bounds
05-17 11:54:02.128  1200  1215 D CompatibilityChangeReporter: Compat change id reported: 174042980; UID 10313; state: DISABLED
05-17 11:54:02.128  1200  1215 D CompatibilityChangeReporter: Compat change id reported: 184838306; UID 10313; state: DISABLED
05-17 11:54:02.128  1200  1215 D CompatibilityChangeReporter: Compat change id reported: 185004937; UID 10313; state: DISABLED
05-17 11:54:02.129  1200  1215 D CompatibilityChangeReporter: Compat change id reported: 181136395; UID 10313; state: DISABLED
05-17 11:54:02.129  1200  1215 D CompatibilityChangeReporter: Compat change id reported: 174042936; UID 10313; state: DISABLED
05-17 11:54:02.129   914  1114 I SurfaceFlinger: id=538 createSurf flag=80004, ActivityRecord{3dbfb81 u0 dev.meshx.mob/.MainActivity} t424}#538
05-17 11:54:02.130  1200  1215 D ActivityTaskManager: Temporarily retain top process state for launching app
05-17 11:54:02.130  1200  1215 W WindowManager: Prepare app transition: mNextAppTransitionRequests=[TRANSIT_OPEN], mNextAppTransitionFlags=, displayId: 0 Callers=com.android.server.wm.DisplayContent.prepareAppTransition:6543 com.android.server.wm.DisplayContent.prepareAppTransition:6534 com.android.server.wm.Task.startActivityLocked:6851 com.android.server.wm.ActivityStarter.startActivityInner:3105 com.android.server.wm.ActivityStarter.startActivityUnchecked:2522 
05-17 11:54:02.130  1200  1215 V WindowManager: Checking theme of starting window: 0x7f120005
05-17 11:54:02.130  1200  1215 V WindowManager: Translucent=false Floating=false ShowWallpaper=false Disable=false
05-17 11:54:02.130  1200  1215 D CompatibilityChangeReporter: Compat change id reported: 205907456; UID 10313; state: ENABLED
05-17 11:54:02.130  1200  1215 V WindowManager: Creating SplashScreenStartingData
05-17 11:54:02.130  1200  1215 D ActivityTaskManager: Add starting com.android.server.wm.ActivityRecord$AddStartingWindow@c3cb614: typeParam=139
05-17 11:54:02.130  1200  1215 V WindowManager: Add starting com.android.server.wm.ActivityRecord$AddStartingWindow@c3cb614: startingData=com.android.server.wm.SplashScreenStartingData@ccbcebd
05-17 11:54:02.130  1200  1215 V WindowManager: Added starting ActivityRecord{3dbfb81 u0 dev.meshx.mob/.MainActivity} t424}: startingWindow=null startingView=com.android.server.wm.StartingSurfaceController$StartingSurface@ef2ccb2
05-17 11:54:02.131  1200  1215 D MARsPolicyManager: onPackageResumedFG pkgName = dev.meshx.mob, userId = 0
05-17 11:54:02.132  1200  1215 W WindowManager: Prepare app transition: mNextAppTransitionRequests=[TRANSIT_OPEN, TRANSIT_OPEN], mNextAppTransitionFlags=, displayId: 0 Callers=com.android.server.wm.DisplayContent.prepareAppTransition:6543 com.android.server.wm.TaskFragment.resumeTopActivity:1628 com.android.server.wm.TaskFragment.resumeTopActivity:1354 com.android.server.wm.Task.resumeTopActivityInnerLocked:6685 com.android.server.wm.Task.resumeTopActivityUncheckedLocked:6576 
05-17 11:54:02.133  1200  1215 I Pageboost: stop alp
05-17 11:54:02.133  1200  1215 I SemDvfsHyPerManager: acquire hyper - AMS_APP_LAUNCH/1200@15, type = -999
05-17 11:54:02.133   864   921 I HYPER-HAL: [RequestManager.cpp]acquire(): Acquired ID : 738735  [1200 / 15]    HINT : AMS_APP_LAUNCH    list : 
05-17 11:54:02.134  2548  2548 E pageboostd: Received HALT command code 2
05-17 11:54:02.134   864   921 E HYPER-HAL: [HandlerSysfs.cpp]doResourceHandling(): Couldn't Open Sysfs - /sys/power/cstate_control
05-17 11:54:02.136  2413  2413 I TopTaskTracker: onTaskMovedToFront : taskId = 424
05-17 11:54:02.136  2905  2905 I SemDvfsHyPerManager: acquire hyper - APP_START/2905@14, type = -999
05-17 11:54:02.136   864   921 I HYPER-HAL: [RequestManager.cpp]acquire(): Acquired ID : 4261754  [2905 / 14]    HINT : APP_START    list : 
05-17 11:54:02.137  1613  1737 I SurfaceSyncer@c54603d: new SurfaceSyncer() = android.view.ViewRootImpl.<init>:1168 android.view.ViewRootImpl.<init>:1304 android.view.WindowManagerGlobal.addView:530 com.android.wm.shell.startingsurface.StartingSurfaceDrawer.addWindow:614 com.android.wm.shell.startingsurface.StartingSurfaceDrawer.addSplashScreenStartingWindow:386 
05-17 11:54:02.138  1200  1240 D CompatibilityChangeReporter: Compat change id reported: 135634846; UID 10313; state: DISABLED
05-17 11:54:02.138  1200  1240 D CompatibilityChangeReporter: Compat change id reported: 177438394; UID 10313; state: DISABLED
05-17 11:54:02.138  1200  1240 D CompatibilityChangeReporter: Compat change id reported: 135772972; UID 10313; state: DISABLED
05-17 11:54:02.139  1200  1240 D CompatibilityChangeReporter: Compat change id reported: 135754954; UID 10313; state: ENABLED
05-17 11:54:02.139  1200  1249 D CompatibilityChangeReporter: Compat change id reported: 143937733; UID 10313; state: ENABLED
05-17 11:54:02.139  1613  1749 D NativeCustomFrequencyManager: [NativeCFMS] BpCustomFrequencyManager::BpCustomFrequencyManager()
05-17 11:54:02.141  1200  1215 D InputTransport: Input channel constructed: '9eb99b9', fd=973
05-17 11:54:02.141  1200  1215 D InputTransport: Input channel constructed: '9eb99b9', fd=974
05-17 11:54:02.141  1200  1215 D InputTransport: Input channel constructed: '9eb99b9', fd=975
05-17 11:54:02.141   914  1114 I SurfaceFlinger: id=539 createSurf flag=80004, 9eb99b9 Splash Screen dev.meshx.mob#539
05-17 11:54:02.141  1200  1215 V WindowManager: addWindow: ActivityRecord{3dbfb81 u0 dev.meshx.mob/.MainActivity} t424} startingWindow=Window{9eb99b9 u0 Splash Screen dev.meshx.mob}
05-17 11:54:02.141  1200  1215 D InputTransport: Input channel destroyed: '9eb99b9', fd=975
05-17 11:54:02.142  1613  1737 D InsetsController: onStateChanged: InsetsState: {mDisplayFrame=Rect(0, 0 - 1200, 1920), mDisplayCutout=DisplayCutout{insets=Rect(0, 0 - 0, 0) waterfall=Insets{left=0, top=0, right=0, bottom=0} boundingRect={Bounds=[Rect(0, 0 - 0, 0), Rect(0, 0 - 0, 0), Rect(0, 0 - 0, 0), Rect(0, 0 - 0, 0)]} cutoutPathParserInfo={CutoutPathParserInfo{displayWidth=0 displayHeight=0 physicalDisplayWidth=0 physicalDisplayHeight=0 density={0.0} cutoutSpec={} rotation={0} scale={0.0} physicalPixelDisplaySizeRatio={0.0}}}}, mRoundedCorners=RoundedCorners{[RoundedCorner{position=TopLeft, radius=26, center=Point(26, 26)}, RoundedCorner{position=TopRight, radius=26, center=Point(1174, 26)}, RoundedCorner{position=BottomRight, radius=26, center=Point(1174, 1894)}, RoundedCorner{position=BottomLeft, radius=26, center=Point(26, 1894)}]}  mRoundedCornerFrame=Rect(0, 0 - 1200, 1920), mPrivacyIndicatorBounds=PrivacyIndicatorBounds {static bounds=Rect(1112, 0 - 1200, 48) rotation=0}, mSources= { InsetsSource: {mType=ITYPE_STATUS_BAR, mFrame=[0,0][1200,48], mVisible=true, mInsetsRoundedCornerFrame=false}, InsetsSource: {mType=ITYPE_TOP_MANDATORY_GESTURES, mFrame=[0,0][1200,48], mVisible=true, mInsetsRoundedCornerFrame=false}, InsetsSource: {mType=ITYPE_TOP_TAPPABLE_ELEMENT, mFrame=[0,0][1200,48], mVisible=true, mInsetsRoundedCornerFrame=false}, InsetsSource: {mType=ITYPE_IME, mFrame=[0,0][0,0], mVisible=false, mInsetsRoundedCornerFrame=false} } host=Splash Screen dev.meshx.mob from=android.view.ViewRootImpl.setView:1739
05-17 11:54:02.143  1613  1737 I ViewRootImpl@16dc032[mob]: setView = android.widget.FrameLayout@85172df TM=true
05-17 11:54:02.143  1200  1733 D CoreBackPreview: Window{9eb99b9 u0 Splash Screen dev.meshx.mob}: Setting back callback OnBackInvokedCallbackInfo{mCallback=android.window.IOnBackInvokedCallback$Stub$Proxy@9096d5f, mPriority=0}
05-17 11:54:02.148   837   837 D Zygote  : Forked child process 7956
05-17 11:54:02.149  1200  1249 I ActivityManager: Start proc 7956:dev.meshx.mob/u0a313 for top-activity {dev.meshx.mob/dev.meshx.mob.MainActivity}
05-17 11:54:02.149  1200  1249 D DynamicHiddenApp_BGProtectManager: [SecIpm] it's a ML_TYPE_EMPTYPROCESS protected process dev.meshx.mob
05-17 11:54:02.150  1613  1737 I ViewRootImpl@16dc032[mob]: performTraversals params={(0,0)(fillxfill) sim={adjust=pan} ty=APPLICATION_STARTING fmt=TRANSLUCENT
05-17 11:54:02.150  1613  1737 I ViewRootImpl@16dc032[mob]:   fl=81030118
05-17 11:54:02.150  1613  1737 I ViewRootImpl@16dc032[mob]:   pfl=16000010
05-17 11:54:02.150  1613  1737 I ViewRootImpl@16dc032[mob]:   bhv=DEFAULT
05-17 11:54:02.150  1613  1737 I ViewRootImpl@16dc032[mob]:   fitSides= naviIconColor=0}
05-17 11:54:02.151  1613  1737 I ViewRootImpl@16dc032[mob]: performTraversals mFirst=true windowShouldResize=true viewVisibilityChanged=false mForceNextWindowRelayout=false params={(0,0)(fillxfill) sim={adjust=pan} ty=APPLICATION_STARTING fmt=TRANSLUCENT
05-17 11:54:02.151  1613  1737 I ViewRootImpl@16dc032[mob]:   fl=81030118
05-17 11:54:02.151  1613  1737 I ViewRootImpl@16dc032[mob]:   pfl=16000010
05-17 11:54:02.151  1613  1737 I ViewRootImpl@16dc032[mob]:   bhv=DEFAULT
05-17 11:54:02.151  1613  1737 I ViewRootImpl@16dc032[mob]:   fitSides= naviIconColor=0}
05-17 11:54:02.151  1200  1733 V WindowManager: Relayout Window{9eb99b9 u0 Splash Screen dev.meshx.mob}: viewVisibility=0 req=1200x1920 d0
05-17 11:54:02.151  1200  1733 D RestrictionPolicy: isScreenCaptureEnabled : ret=true userId=0
05-17 11:54:02.151   914  1114 I SurfaceFlinger: id=540 createSurf flag=40004, Splash Screen dev.meshx.mob$_1613#540
05-17 11:54:02.152  1200  1733 D WindowManager: makeSurface duration=1 name=Splash Screen dev.meshx.mob$_1613
05-17 11:54:02.154  1200  1733 V WindowManager: Relayout hash=9eb99b9, pid=1613, syncId=-1: mAttrs={(0,0)(fillxfill) sim={adjust=pan} ty=APPLICATION_STARTING fmt=TRANSLUCENT
05-17 11:54:02.154  1200  1733 V WindowManager:   fl=81030118
05-17 11:54:02.154  1200  1733 V WindowManager:   pfl=16000010
05-17 11:54:02.154  1200  1733 V WindowManager:   bhv=DEFAULT
05-17 11:54:02.154  1200  1733 V WindowManager:   fitSides= naviIconColor=0}
05-17 11:54:02.155  1613  1737 I ViewRootImpl@16dc032[mob]: updateBlastSurfaceIfNeeded mBlastBufferQueue=null isSameSurfaceControl=false
05-17 11:54:02.155  1613  1737 I BLASTBufferQueue: new BLASTBufferQueue, mName= ViewRootImpl@16dc032[mob] mNativeObject= 0x6ec35f6000 sc.mNativeObject= 0x6edbab56c0 caller= android.view.ViewRootImpl.updateBlastSurfaceIfNeeded:2939 android.view.ViewRootImpl.relayoutWindow:9990 android.view.ViewRootImpl.performTraversals:3919 android.view.ViewRootImpl.doTraversal:3151 android.view.ViewRootImpl$TraversalRunnable.run:11068 android.view.Choreographer$CallbackRecord.run:1321 android.view.Choreographer$CallbackRecord.run:1329 android.view.Choreographer.doCallbacks:930 android.view.Choreographer.doFrame:859 android.view.Choreographer$FrameDisplayEventReceiver.run:1303 
05-17 11:54:02.155  1613  1737 I BLASTBufferQueue: update, w= 1200 h= 1920 mName = ViewRootImpl@16dc032[mob] mNativeObject= 0x6ec35f6000 sc.mNativeObject= 0x6edbab56c0 format= -3 caller= android.graphics.BLASTBufferQueue.<init>:84 android.view.ViewRootImpl.updateBlastSurfaceIfNeeded:2939 android.view.ViewRootImpl.relayoutWindow:9990 android.view.ViewRootImpl.performTraversals:3919 android.view.ViewRootImpl.doTraversal:3151 android.view.ViewRootImpl$TraversalRunnable.run:11068 
05-17 11:54:02.156  1613  1737 I ViewRootImpl@16dc032[mob]: Relayout returned: old=(0,0,1200,1920) new=(0,0,1200,1920) req=(1200,1920)0 dur=4 res=0x3 s={true 0x6edbe07000} ch=true seqId=0
05-17 11:54:02.156  1613  1737 I ViewRootImpl@16dc032[mob]: mThreadedRenderer.initialize() mSurface={isValid=true 0x6edbe07000} hwInitialized=true
05-17 11:54:02.156  1613  1749 D OpenGLRenderer: eglCreateWindowSurface
05-17 11:54:02.156  1613  1737 I ViewRootImpl@16dc032[mob]: reportNextDraw android.view.ViewRootImpl.performTraversals:4473 android.view.ViewRootImpl.doTraversal:3151 android.view.ViewRootImpl$TraversalRunnable.run:11068 android.view.Choreographer$CallbackRecord.run:1321 android.view.Choreographer$CallbackRecord.run:1329 
05-17 11:54:02.156  1613  1737 I ViewRootImpl@16dc032[mob]: Setup new sync id=0
05-17 11:54:02.156  1613  1737 I ViewRootImpl@16dc032[mob]: Setting syncFrameCallback
05-17 11:54:02.156  1613  1737 I ViewRootImpl@16dc032[mob]: registerCallbacksForSync syncBuffer=false
05-17 11:54:02.157  1613  1855 I ViewRootImpl@16dc032[mob]: Received frameDrawingCallback syncResult=0 frameNum=1.
05-17 11:54:02.157  1613  1855 I ViewRootImpl@16dc032[mob]: Setting up sync and frameCommitCallback
05-17 11:54:02.162  1613  1749 I BLASTBufferQueue: [ViewRootImpl@16dc032[mob]#36](f:0,a:0,s:0) onFrameAvailable the first frame is available
05-17 11:54:02.162  1613  1749 I ViewRootImpl@16dc032[mob]: Received frameCommittedCallback lastAttemptedDrawFrameNum=1 didProduceBuffer=true
05-17 11:54:02.163  1613  1749 D OpenGLRenderer: CFMS:: SetUp Pid : 1613    Tid : 1749
05-17 11:54:02.165  1613  1737 I ViewRootImpl@16dc032[mob]: onSyncComplete
05-17 11:54:02.166  1613  1737 I ViewRootImpl@16dc032[mob]: setupSync seqId=0 mSyncId=0 fn=1 caller=android.view.ViewRootImpl$$ExternalSyntheticLambda11.accept:6 android.window.SurfaceSyncer.lambda$setupSync$1$android-window-SurfaceSyncer:168 android.window.SurfaceSyncer$$ExternalSyntheticLambda1.accept:8 android.window.SurfaceSyncer$SyncSet.checkIfSyncIsComplete:495 android.window.SurfaceSyncer$SyncSet.markSyncReady:454 android.window.SurfaceSyncer.markSyncReady:191 android.view.ViewRootImpl.performTraversals:4538 
05-17 11:54:02.166  1613  1737 I ViewRootImpl@16dc032[mob]: reportDrawFinished seqId=0 mSyncId=-1 fn=1 mSurfaceChangedTransaction=0x6f0393c300
05-17 11:54:02.166  1200  1733 D WindowManager: finishDrawingWindow: Window{9eb99b9 u0 Splash Screen dev.meshx.mob} mDrawState=DRAW_PENDING seqId=0
05-17 11:54:02.166  1200  1733 V WindowManager: Finishing drawing window Window{9eb99b9 u0 Splash Screen dev.meshx.mob}: mDrawState=DRAW_PENDING
05-17 11:54:02.166  1200  1733 V WindowManager: Draw state now committed in Window{9eb99b9 u0 Splash Screen dev.meshx.mob}
05-17 11:54:02.167  7956  7956 I dev.meshx.mob: Late-enabling -Xcheck:jni
05-17 11:54:02.199  7956  7956 I dev.meshx.mob: Using CollectorTypeCC GC.
05-17 11:54:02.204  2598  2604 I adbd    : jdwp connection from 7956
05-17 11:54:02.213  7956  7956 D nativeloader: Load libframework-connectivity-tiramisu-jni.so using APEX ns com_android_tethering for caller /apex/com.android.tethering/javalib/framework-connectivity-t.jar: ok
05-17 11:54:02.217  7956  7956 D ActivityThread: setConscryptValidator
05-17 11:54:02.218  7956  7956 D ActivityThread: setConscryptValidator - put
05-17 11:54:02.222  1200  1733 I ActivityManager: DSS OFF for dev.meshx.mob
05-17 11:54:02.224  1200  1733 I DexController: getTaskHasActivityIsWaitingToRun: r=ActivityRecord{3dbfb81 u0 dev.meshx.mob/.MainActivity} t424}, app=ProcessRecord{b6b9403 7956:dev.meshx.mob/u0a313}
05-17 11:54:02.225  1200  1733 V WindowManager: rotationForOrientation(orient=SCREEN_ORIENTATION_USER (2), last=ROTATION_0 (0)); user=ROTATION_0 (0) 
05-17 11:54:02.225  1200  1733 D WindowManager: rotationForOrientation, orientationSource=Window{339d9e9 u0 NotificationShade}
05-17 11:54:02.225  1200  1733 V WindowManager: Computed rotation=ROTATION_0 (0) for display id=0 based on lastOrientation=SCREEN_ORIENTATION_USER (2) and oldRotation=ROTATION_0 (0), caller=com.android.server.wm.DisplayRotation.updateOrientation:432 com.android.server.wm.DisplayContent.updateOrientation:2003 com.android.server.wm.DisplayContent.updateOrientation:1903 com.android.server.wm.RootWindowContainer.ensureVisibilityAndConfig:2161 com.android.server.wm.ActivityTaskSupervisor.realStartActivityLocked:919 com.android.server.wm.RootWindowContainer$AttachApplicationHelper.test:4390 
05-17 11:54:02.226  1200  1733 D TspStateManager: updateCustomValue customSetting=
05-17 11:54:02.227  1200  1733 D TspStateManager: updateCustomValue customSetting=
05-17 11:54:02.227  1200  1733 D SGM:PkgDataHelper: notifyAppCreate(), pkgName: dev.meshx.mob, userId: 0, sendRet: true
05-17 11:54:02.228  1200  1419 D SGM:FgCheckThread: onLooperPrepared(), msg: MSG_APP_CREATE, pkgName: dev.meshx.mob, userId: 0
05-17 11:54:02.228  1200  1733 D ActivityTaskManager: scheduleTopResumedActivityChanged, onTop=true r=ActivityRecord{3dbfb81 u0 dev.meshx.mob/.MainActivity} t424} caller=com.android.server.wm.ActivityTaskSupervisor.scheduleTopResumedActivityStateIfNeeded:2591 com.android.server.wm.ActivityTaskSupervisor.updateTopResumedActivityIfNeeded:2583 com.android.server.wm.TaskFragment.setResumedActivity:508 com.android.server.wm.TaskFragment.onActivityStateChanged:820 com.android.server.wm.ActivityRecord.setState:6665 com.android.server.wm.Task.minimalResumeActivityLocked:6379 
05-17 11:54:02.228  1200  1733 D InputDispatcher: Focused application(0): ActivityRecord{3dbfb81 u0 dev.meshx.mob/.MainActivity} t424}
05-17 11:54:02.228  1200  1733 D SGM:FgCheckThread: TaskStackListener.onTaskFocusChanged(), taskId=424, focused=true
05-17 11:54:02.228  1200  1733 D SGM:FgCheckThread:   sendRunningComponentFocus(), pkgName: dev.meshx.mob, userId: 0
05-17 11:54:02.228  1200  1419 D SGM:FgCheckThread: onLooperPrepared(), msg: MSG_TASK_FOCUSED, pkgName: dev.meshx.mob, userId: 0
05-17 11:54:02.228  1200  1419 D SGM:FgCheckThread: handleTaskFocused().
05-17 11:54:02.228  1200  1419 D SGM:FgCheckThread:   handleTaskFocused(), pkgName: dev.meshx.mob, userID:0
05-17 11:54:02.228  1200  1419 D SGM:FgCheckThread: handleResume().
05-17 11:54:02.229  1200  1419 D SGM:SystemHelper: callReleaseBlock needReleaseBlock:false
05-17 11:54:02.229  1200  1419 D SGM:FgCheckThread:   handleResume(). device is locked yet. ignore
05-17 11:54:02.229  1200  1733 W WindowManager: Execute app transition: mNextAppTransitionRequests=[TRANSIT_OPEN, TRANSIT_OPEN], mNextAppTransitionFlags=, displayId: 0 Callers=com.android.server.wm.RootWindowContainer.executeAppTransitionForAllDisplay:2658 com.android.server.wm.ActivityTaskSupervisor.reportResumedActivityLocked:2343 com.android.server.wm.ActivityRecord.completeResumeLocked:7264 com.android.server.wm.Task.minimalResumeActivityLocked:6380 com.android.server.wm.ActivityTaskSupervisor.realStartActivityLocked:1151 
05-17 11:54:02.230  1200  1733 D ActivityTaskManager: scheduleTopResumedActivityChanged, onTop=false r=ActivityRecord{3dbfb81 u0 dev.meshx.mob/.MainActivity} t424} caller=com.android.server.wm.ActivityTaskSupervisor.updateTopResumedActivityIfNeeded:2566 com.android.server.wm.TaskFragment.setResumedActivity:508 com.android.server.wm.TaskFragment.onActivityStateChanged:805 com.android.server.wm.ActivityRecord.setState:6665 com.android.server.wm.TaskFragment.startPausing:1950 com.android.server.wm.TaskFragment.startPausing:1887 
05-17 11:54:02.230  1200  1462 D AS.MultiSoundManager: mForegroundUid = 10313
05-17 11:54:02.232  1200  1240 I GameSDK@LifeCycle: noteResumeComponent(): package name  : dev.meshx.mob
05-17 11:54:02.233  1200  1433 V NetworkPolicy: getFirewallRuleWifi UID:10313 policy:0
05-17 11:54:02.233  1200  1240 D SGM:FgCheckThread: noteResumeComponent(), received pkgName: dev.meshx.mob, userId: 0
05-17 11:54:02.233  1200  1419 D SGM:FgCheckThread: onLooperPrepared(), msg: MSG_APP_RESUME, pkgName: dev.meshx.mob, userid: 0
05-17 11:54:02.233  1200  1419 D SGM:FgCheckThread: handleResume().
05-17 11:54:02.233  1200  1419 D SGM:SystemHelper: callReleaseBlock needReleaseBlock:false
05-17 11:54:02.233  1200  1419 D SGM:FgCheckThread:   handleResume(). device is locked yet. ignore
05-17 11:54:02.233  1200  1484 I CocktailBarManagerServiceContainer: handleMessage: entry what = 5
05-17 11:54:02.235  7956  7956 D CompatibilityChangeReporter: Compat change id reported: 171979766; UID 10313; state: ENABLED
05-17 11:54:02.235  5662  5662 I ActivityUtils: HomePackage : com.sec.android.app.launcher, resumePackageName : dev.meshx.mob
05-17 11:54:02.236  1200  1240 I ActivityManager: Changes in 10313 20 to 2, 0 to 15
05-17 11:54:02.237  1200  1240 I AppOps  : updateUidProcState uid: 10313 procState: 2 capability:15
05-17 11:54:02.237  1200  1240 I AppOps  : commitUidPendingStateLocked() :: UID - 10313, 700 > 200, 0 > 15
05-17 11:54:02.237  1200  1240 I ActivityManager: updateOomAdj start time is before than pendingPid added, don't delete it
05-17 11:54:02.239  1200  1240 I ActivityManager: updateOomAdj start time is before than pendingPid added, don't delete it
05-17 11:54:02.239  2496  2542 I RequestManager_FLP: onOpChanged, op=0 / packageName=dev.meshx.mob
05-17 11:54:02.243  1200  1200 D CompatibilityChangeReporter: Compat change id reported: 135634846; UID 10086; state: DISABLED
05-17 11:54:02.243  1200  1200 D CompatibilityChangeReporter: Compat change id reported: 177438394; UID 10086; state: DISABLED
05-17 11:54:02.243  1200  1200 D CompatibilityChangeReporter: Compat change id reported: 135772972; UID 10086; state: DISABLED
05-17 11:54:02.243  1200  1200 D CompatibilityChangeReporter: Compat change id reported: 135754954; UID 10086; state: ENABLED
05-17 11:54:02.243  1200  1249 D CompatibilityChangeReporter: Compat change id reported: 143937733; UID 10086; state: ENABLED
05-17 11:54:02.251   837   837 D Zygote  : Forked child process 7971
05-17 11:54:02.252  1200  1249 I ActivityManager: Start proc 7971:com.microsoft.skydrive/u0a86 for service {com.microsoft.skydrive/com.microsoft.skydrive.jobs.LocalNotificationDailyJob}
05-17 11:54:02.272  7971  7971 I rosoft.skydrive: Using CollectorTypeCC GC.
05-17 11:54:02.280  7971  7971 D nativeloader: Load libframework-connectivity-tiramisu-jni.so using APEX ns com_android_tethering for caller /apex/com.android.tethering/javalib/framework-connectivity-t.jar: ok
05-17 11:54:02.282  7971  7971 D ActivityThread: setConscryptValidator
05-17 11:54:02.282  7971  7971 D ActivityThread: setConscryptValidator - put
05-17 11:54:02.284  1200  1733 D CompatibilityChangeReporter: Compat change id reported: 168419799; UID 10086; state: DISABLED
05-17 11:54:02.285  1200  1733 I ActivityManager: DSS OFF for com.microsoft.skydrive
05-17 11:54:02.291  7971  7971 D CompatibilityChangeReporter: Compat change id reported: 171979766; UID 10086; state: ENABLED
05-17 11:54:02.299  7971  7971 D nativeloader: Configuring clns-4 for other apk /system/framework/org.apache.http.legacy.jar. target_sdk_version=36, uses_libraries=ALL, library_path=/data/app/~~_vrP5BOHJZ8er2VyWJ3qXg==/com.microsoft.skydrive-F-h9Npj6R9U4q_f_FmRc8Q==/lib/arm64:/data/app/~~_vrP5BOHJZ8er2VyWJ3qXg==/com.microsoft.skydrive-F-h9Npj6R9U4q_f_FmRc8Q==/base.apk!/lib/arm64-v8a, permitted_path=/data:/mnt/expand:/data/user/0/com.microsoft.skydrive
05-17 11:54:02.299  7971  7971 D nativeloader: Extending system_exposed_libraries: libBestComposition.polarr.so:libTracking.polarr.so:libFeature.polarr.so:libBeauty_v4.camera.samsung.so:libexifa.camera.samsung.so:libjpega.camera.samsung.so:libOpenCv.camera.samsung.so:libImageScreener.camera.samsung.so:libMyFilter.camera.samsung.so:libtflite2.myfilters.camera.samsung.so:libSmartScan.camera.samsung.so:libRectify.camera.samsung.so:libDocRectifyWrapper.camera.samsung.so:libHpr_RecGAE_cvFeature_v1.0.camera.samsung.so:libHprFace_GAE_api.camera.samsung.so:libFace_Landmark_API.camera.samsung.so:libHprFace_GAE_jni.camera.samsung.so:libFacialBasedSelfieCorrection.camera.samsung.so:libcolor_engine.camera.samsung.so:libDLInterface_aidl.camera.samsung.so:libImageTagger.camera.samsung.so:libSceneDetector_v1.camera.samsung.so:libQREngine.camera.samsung.so:libEventDetector.camera.samsung.so:libFood.camera.samsung.so:libFoodDetector.camera.samsung.so:libPortraitSolution.camera.samsung.so:libsrib_CNNInterface.camera.samsung.so:libsrib_humanaware_engine.camera.samsung.so:l
05-17 11:54:02.302  7971  7971 D nativeloader: Configuring clns-5 for other apk /system_ext/framework/androidx.window.extensions.jar. target_sdk_version=36, uses_libraries=ALL, library_path=/data/app/~~_vrP5BOHJZ8er2VyWJ3qXg==/com.microsoft.skydrive-F-h9Npj6R9U4q_f_FmRc8Q==/lib/arm64:/data/app/~~_vrP5BOHJZ8er2VyWJ3qXg==/com.microsoft.skydrive-F-h9Npj6R9U4q_f_FmRc8Q==/base.apk!/lib/arm64-v8a, permitted_path=/data:/mnt/expand:/data/user/0/com.microsoft.skydrive
05-17 11:54:02.302  7971  7971 D nativeloader: Extending system_exposed_libraries: libBestComposition.polarr.so:libTracking.polarr.so:libFeature.polarr.so:libBeauty_v4.camera.samsung.so:libexifa.camera.samsung.so:libjpega.camera.samsung.so:libOpenCv.camera.samsung.so:libImageScreener.camera.samsung.so:libMyFilter.camera.samsung.so:libtflite2.myfilters.camera.samsung.so:libSmartScan.camera.samsung.so:libRectify.camera.samsung.so:libDocRectifyWrapper.camera.samsung.so:libHpr_RecGAE_cvFeature_v1.0.camera.samsung.so:libHprFace_GAE_api.camera.samsung.so:libFace_Landmark_API.camera.samsung.so:libHprFace_GAE_jni.camera.samsung.so:libFacialBasedSelfieCorrection.camera.samsung.so:libcolor_engine.camera.samsung.so:libDLInterface_aidl.camera.samsung.so:libImageTagger.camera.samsung.so:libSceneDetector_v1.camera.samsung.so:libQREngine.camera.samsung.so:libEventDetector.camera.samsung.so:libFood.camera.samsung.so:libFoodDetector.camera.samsung.so:libPortraitSolution.camera.samsung.so:libsrib_CNNInterface.camera.samsung.so:libsrib_humanaware_engine.camera.samsung.so:l
05-17 11:54:02.342  7971  7971 D nativeloader: Configuring clns-6 for other apk /data/app/~~_vrP5BOHJZ8er2VyWJ3qXg==/com.microsoft.skydrive-F-h9Npj6R9U4q_f_FmRc8Q==/base.apk. target_sdk_version=36, uses_libraries=, library_path=/data/app/~~_vrP5BOHJZ8er2VyWJ3qXg==/com.microsoft.skydrive-F-h9Npj6R9U4q_f_FmRc8Q==/lib/arm64:/data/app/~~_vrP5BOHJZ8er2VyWJ3qXg==/com.microsoft.skydrive-F-h9Npj6R9U4q_f_FmRc8Q==/base.apk!/lib/arm64-v8a, permitted_path=/data:/mnt/expand:/data/user/0/com.microsoft.skydrive
05-17 11:54:02.348  1200  1491 I ChimeraAggressivePolicyHandler: executePolicy() - triggerSource: TRIGGER_SOURCE_LMKD
05-17 11:54:02.349  1200  1491 I ChimeraAggressivePolicyHandler: available memory: 1821512, free memory target: 645120, quit chimera
05-17 11:54:02.363  7971  7971 D nativeloader: Load libframework-connectivity-jni.so using APEX ns com_android_tethering for caller /apex/com.android.tethering/javalib/framework-connectivity.jar: ok
05-17 11:54:02.366  7971  7971 V GraphicsEnvironment: ANGLE Developer option for 'com.microsoft.skydrive' set to: 'default'
05-17 11:54:02.367  7971  7971 V GraphicsEnvironment: ANGLE GameManagerService for com.microsoft.skydrive: false
05-17 11:54:02.367  7971  7971 V GraphicsEnvironment: Neither updatable production driver nor prerelease driver is supported.
05-17 11:54:02.372  1200  1896 D MdnieScenarioControlService:  packageName : dev.meshx.mob    className : dev.meshx.mob.MainActivity
05-17 11:54:02.372  1200  1896 V MdnieScenarioControlService: setUIMode from UI function(3)
05-17 11:54:02.377  7971  7971 D NetworkSecurityConfig: Using Network Security Config from resource network_security_config debugBuild: false
05-17 11:54:02.381  7971  7971 D NetworkSecurityConfig: Using Network Security Config from resource network_security_config debugBuild: false
05-17 11:54:02.445  7971  7971 I MAMInfo : MAMInfo initialized. Debug=false, Agent=PRODUCTION, ManagedDialogDisabled=false, PolicyRequired=false, MultiIdentityEnabled=true, FullBackupContent=true, DataExtractionRules=true, UseDefaultEnrollment=false, ExceptionOnInit=false, Debuggable=false, IsolatedProcessesAllowed=false
05-17 11:54:02.472  1200  1896 V MdnieScenarioControlService: mAclOffEnabled : false mAclPreviewState : false mAclCompensationState : false
05-17 11:54:02.525  1200  1733 I GenerationRegistry: mBackingStore.isClosed() : false
05-17 11:54:02.575  7956  7956 D nativeloader: Configuring clns-4 for other apk /data/app/~~eDryqtNZuTAP6PGaujvXIw==/dev.meshx.mob-StRX-HIUQJi9QdXHMRLREw==/base.apk. target_sdk_version=34, uses_libraries=, library_path=/data/app/~~eDryqtNZuTAP6PGaujvXIw==/dev.meshx.mob-StRX-HIUQJi9QdXHMRLREw==/lib/arm64:/data/app/~~eDryqtNZuTAP6PGaujvXIw==/dev.meshx.mob-StRX-HIUQJi9QdXHMRLREw==/base.apk!/lib/arm64-v8a, permitted_path=/data:/mnt/expand:/data/user/0/dev.meshx.mob
05-17 11:54:02.577  1200  1546 D NetdEventListenerService: DNS Requested by : 100, 10086
05-17 11:54:02.577  7971  7971 D OneDSChannel: Initializing OneDSChannel
05-17 11:54:02.586  7956  7956 D nativeloader: Load libframework-connectivity-jni.so using APEX ns com_android_tethering for caller /apex/com.android.tethering/javalib/framework-connectivity.jar: ok
05-17 11:54:02.590  7956  7956 V GraphicsEnvironment: ANGLE Developer option for 'dev.meshx.mob' set to: 'default'
05-17 11:54:02.590  7956  7956 V GraphicsEnvironment: ANGLE GameManagerService for dev.meshx.mob: false
05-17 11:54:02.590  7956  7956 V GraphicsEnvironment: Neither updatable production driver nor prerelease driver is supported.
05-17 11:54:02.597  7971  7971 D nativeloader: Load /data/app/~~_vrP5BOHJZ8er2VyWJ3qXg==/com.microsoft.skydrive-F-h9Npj6R9U4q_f_FmRc8Q==/lib/arm64/libmaesdk.so using class loader ns clns-6 (caller=/data/app/~~_vrP5BOHJZ8er2VyWJ3qXg==/com.microsoft.skydrive-F-h9Npj6R9U4q_f_FmRc8Q==/base.apk!classes3.dex): ok
05-17 11:54:02.600  7971  7971 D ConnectivityManager: StackLog: [android.net.ConnectivityManager.sendRequestForNetwork(ConnectivityManager.java:4740)] [android.net.ConnectivityManager.registerDefaultNetworkCallbackForUid(ConnectivityManager.java:5465)] [android.net.ConnectivityManager.registerDefaultNetworkCallback(ConnectivityManager.java:5432)] [android.net.ConnectivityManager.registerDefaultNetworkCallback(ConnectivityManager.java:5406)] [com.microsoft.applications.events.HttpClient.<init>(SourceFile:20)] [com.microsoft.applications.events.HttpClient.<init>(SourceFile:1)] [lp.i.b(Unknown Source:36)] [lp.g.a(Unknown Source:23)] [op.c.d(Unknown Source:57)] [com.microsoft.skydrive.SkyDriveApplication.d(Unknown Source:290)] [com.microsoft.skydrive.SkyDriveApplication.attachBaseContext(Unknown Source:140)] [android.app.Application.attach(Application.java:365)] [android.app.Instrumentation.newApplication(Instrumentation.java:1244)] [android.app.LoadedApk.makeApplicationInner(LoadedApk.java:1566)] [android.app.LoadedApk.makeApplicationInner(LoadedApk.java:1503)] [android.app.ActivityThread.handleBindApplication(ActivityThread.java:7606)] [android.app.ActivityThread.-$$Nest$mhandleBindApplication(Unknown Source:0)] [android.app.ActivityThread$H.handleMessage(ActivityThread.java:2410)]
05-17 11:54:02.602  7956  7956 D NetworkSecurityConfig: Using Network Security Config from resource network_security_config debugBuild: true
05-17 11:54:02.602  1200  1215 D ConnectivityService: requestNetwork for uid/pid:10086/7971 activeRequest: null callbackRequest: 1239 [NetworkRequest [ REQUEST id=1240, [ Capabilities: INTERNET&NOT_RESTRICTED&TRUSTED&NOT_VCN_MANAGED Uid: 10086 RequestorUid: 10086 RequestorPkg: com.microsoft.skydrive UnderlyingNetworks: Null] ]] callback flags: 0 order: 2147483647 isUidTracked: false declaredMethods: AVAIL|NC
05-17 11:54:02.603  1200  1446 D ConnectivityService:    accepting network in place of null for NetworkRequest [ REQUEST id=1240, [ Capabilities: INTERNET&NOT_RESTRICTED&TRUSTED&NOT_VCN_MANAGED Uid: 10086 RequestorUid: 10086 RequestorPkg: com.microsoft.skydrive UnderlyingNetworks: Null] ]
05-17 11:54:02.604  1200  1436 D WifiNetworkFactory: got request NetworkRequest [ REQUEST id=1240, [ Capabilities: INTERNET&NOT_RESTRICTED&TRUSTED&NOT_VCN_MANAGED Uid: 10086 RequestorUid: 10086 RequestorPkg: com.microsoft.skydrive UnderlyingNetworks: Null] ]
05-17 11:54:02.604  1200  1436 D UntrustedWifiNetworkFactory: got request NetworkRequest [ REQUEST id=1240, [ Capabilities: INTERNET&NOT_RESTRICTED&TRUSTED&NOT_VCN_MANAGED Uid: 10086 RequestorUid: 10086 RequestorPkg: com.microsoft.skydrive UnderlyingNetworks: Null] ]
05-17 11:54:02.604  1200  1436 D OemPaidWifiNetworkFactory: got request NetworkRequest [ REQUEST id=1240, [ Capabilities: INTERNET&NOT_RESTRICTED&TRUSTED&NOT_VCN_MANAGED Uid: 10086 RequestorUid: 10086 RequestorPkg: com.microsoft.skydrive UnderlyingNetworks: Null] ]
05-17 11:54:02.605  1200  1215 D CompatibilityChangeReporter: Compat change id reported: 161145287; UID 10086; state: DISABLED
05-17 11:54:02.605  1200  1446 D ConnectivityService: Rematched networks [computed 0ms] [applied 1ms] [issued 1]
05-17 11:54:02.605  1200  1436 D MultiInternetWifiNetworkFactory: got request NetworkRequest [ REQUEST id=1240, [ Capabilities: INTERNET&NOT_RESTRICTED&TRUSTED&NOT_VCN_MANAGED Uid: 10086 RequestorUid: 10086 RequestorPkg: com.microsoft.skydrive UnderlyingNetworks: Null] ]
05-17 11:54:02.605  1200  1446 D ConnectivityService: NetworkReassignment :
05-17 11:54:02.605  1200  1446 D ConnectivityService:   1240 : null → 100
05-17 11:54:02.606  7971  7971 D OneDSManager: init OneDS HttpClient
05-17 11:54:02.606  7971  7971 D OneDSManager: OneDS initialized: offline room connected
05-17 11:54:02.615  7971  7971 W SQLiteCompatibilityWalFlags: Cannot read global setting sqlite_compatibility_wal_flags - Application state not available
05-17 11:54:02.624  7971  7971 D OneDSChannel: Initializing OneDS Sanitizer, is in warning mode: false
05-17 11:54:02.631  7971  7971 D MsPdf   : Initializing Partner Channel
05-17 11:54:02.631  7971  7971 D SeshTelemetry: Initializing Partner Channel
05-17 11:54:02.631  7971  7971 D Syndeo  : Initializing Partner Channel
05-17 11:54:02.636  7971  7971 W System  : ClassLoader referenced unknown path: 
05-17 11:54:02.641  7956  7956 D NetworkSecurityConfig: Using Network Security Config from resource network_security_config debugBuild: true
05-17 11:54:02.657  7956  7956 D CompatibilityChangeReporter: Compat change id reported: 183155436; UID 10313; state: ENABLED
05-17 11:54:02.666  7971  7971 D nativeloader: Load /data/app/~~_vrP5BOHJZ8er2VyWJ3qXg==/com.microsoft.skydrive-F-h9Npj6R9U4q_f_FmRc8Q==/lib/arm64/libc++_shared.so using class loader ns clns-6 (caller=/data/app/~~_vrP5BOHJZ8er2VyWJ3qXg==/com.microsoft.skydrive-F-h9Npj6R9U4q_f_FmRc8Q==/base.apk!classes2.dex): ok
05-17 11:54:02.676  7956  7956 I FirebaseApp: Device unlocked: initializing all Firebase APIs for app [DEFAULT]
05-17 11:54:02.696  7956  7956 I FirebaseInitProvider: FirebaseApp initialization successful
05-17 11:54:02.730  1200  1240 W ActivityTaskManager: Activity top resumed state loss timeout for ActivityRecord{3dbfb81 u0 dev.meshx.mob/.MainActivity} t424}
05-17 11:54:02.731  1200  1240 W ActivityTaskManager: Activity pause timeout for ActivityRecord{3dbfb81 u0 dev.meshx.mob/.MainActivity} t424}
05-17 11:54:02.734  1200  1240 D SGM:FgCheckThread: notePauseComponent(), received pkgName: dev.meshx.mob, userId: 0
05-17 11:54:02.735  1200  1484 I CocktailBarManagerServiceContainer: handleMessage: entry what = 6
05-17 11:54:02.750  7956  8015 D OpenGLRenderer: RenderThread::requireGlContext()
05-17 11:54:02.763  7971  7971 D nativeloader: Load /data/app/~~_vrP5BOHJZ8er2VyWJ3qXg==/com.microsoft.skydrive-F-h9Npj6R9U4q_f_FmRc8Q==/lib/arm64/libcore.so using class loader ns clns-6 (caller=/data/app/~~_vrP5BOHJZ8er2VyWJ3qXg==/com.microsoft.skydrive-F-h9Npj6R9U4q_f_FmRc8Q==/base.apk!classes2.dex): ok
05-17 11:54:02.766  7956  7956 D nativeloader: Load /data/app/~~eDryqtNZuTAP6PGaujvXIw==/dev.meshx.mob-StRX-HIUQJi9QdXHMRLREw==/lib/arm64/libmeshx_mobile_app.so using class loader ns clns-4 (caller=/data/app/~~eDryqtNZuTAP6PGaujvXIw==/dev.meshx.mob-StRX-HIUQJi9QdXHMRLREw==/base.apk!classes3.dex): ok
05-17 11:54:02.766  7956  7956 I MobNIF  : mob_ui_cache_class: looking up dev/meshx/mob/MobBridge
05-17 11:54:02.795  7956  7956 I MobNIF  : mob_ui_cache_class: dev/meshx/mob/MobBridge cached OK
05-17 11:54:02.797  7956  7956 I MeshxBleNif: meshx_ble_cache_class: MeshxBleNative cached
05-17 11:54:02.812  7956  8015 D OpenGLRenderer: RenderThread::setGrContext()
05-17 11:54:02.817  1200  1733 I GenerationRegistry: mBackingStore.isClosed() : false
05-17 11:54:02.823   864  7949 E HYPER-HAL: [HandlerSysfs.cpp]doResourceHandling(): Couldn't Open Sysfs - /sys/power/cstate_control
05-17 11:54:02.823   864  7949 I HYPER-HAL: [RequestManager.cpp]releaseLocked(): Released ID : 750950
05-17 11:54:02.828  1200  1215 I GenerationRegistry: mBackingStore.isClosed() : false
05-17 11:54:02.833  2905  4292 I SDHMS:l : onTaskStackChanged
05-17 11:54:02.833  2413  2425 I RecentModel: onTaskStackChangedBackground
05-17 11:54:02.840  7956  7956 I DecorView: [INFO] isPopOver=false config=true
05-17 11:54:02.840  7956  7956 I DecorView: updateCaptionType: isFloating=false isApplication=true hasWindowDecorCaption=false this=DecorView@d21ac7e[]
05-17 11:54:02.840  7956  7956 D DecorView: setCaptionType = 0, this = DecorView@d21ac7e[]
05-17 11:54:02.843  7956  7956 I DecorView: getCurrentDensityDpi: from real metrics. densityDpi=320 msg=resources_loaded
05-17 11:54:02.844  7956  7956 I DecorView: setWindowBackground: isPopOver=false color=ff000000 d=android.graphics.drawable.ColorDrawable@c2ba22c
05-17 11:54:02.859  7971  8034 D CompatibilityChangeReporter: Compat change id reported: 194532703; UID 10086; state: ENABLED
05-17 11:54:02.860  1200  3026 D CompatibilityChangeReporter: Compat change id reported: 194532703; UID 10086; state: ENABLED
05-17 11:54:02.871  1200  3026 D CompatibilityChangeReporter: Compat change id reported: 161145287; UID 10313; state: DISABLED
05-17 11:54:02.871  7956  7956 I MeshxBleNative: init: application context set
05-17 11:54:02.872  7956  7956 I MeshX   : registered BluetoothAdapter state receiver
05-17 11:54:02.873  7956  7956 I MeshX   : onCreate: MESHX_BLE_SELFTEST=1
05-17 11:54:02.876  7971  7971 D CompatibilityChangeReporter: Compat change id reported: 183155436; UID 10086; state: ENABLED
05-17 11:54:02.878  7971  7971 I FirebaseApp: Device unlocked: initializing all Firebase APIs for app [DEFAULT]
05-17 11:54:02.886  1200  1210 I system_server: Background concurrent copying GC freed 22MB AllocSpace bytes, 42(1288KB) LOS objects, 26% free, 66MB/90MB, paused 221us,269us total 282.189ms
05-17 11:54:02.887  7956  7956 I MeshX   : onCreate — handing off to BEAM
05-17 11:54:02.888  7956  7956 I MobBeam : mob_capture_beam_stdio: piping stdout/stderr to logcat (tag: BEAMout)
05-17 11:54:02.890  7956  7956 I MobNIF  : _mob_bridge_init_activity: MobBridge.init called
05-17 11:54:02.890  7956  7956 I MobBeam : mob_init_bridge: native lib dir = /data/app/~~eDryqtNZuTAP6PGaujvXIw==/dev.meshx.mob-StRX-HIUQJi9QdXHMRLREw==/lib/arm64
05-17 11:54:02.890  7956  7956 I MobBeam : mob_init_bridge: files dir = /data/user/0/dev.meshx.mob/files
05-17 11:54:02.891  7956  8037 I MobBeam : mob_start_beam: re-dlopened self RTLD_GLOBAL: /data/app/~~eDryqtNZuTAP6PGaujvXIw==/dev.meshx.mob-StRX-HIUQJi9QdXHMRLREw==/lib/arm64/libmeshx_mobile_app.so
05-17 11:54:02.899  7956  7956 I MSHandlerLifeCycle: check: return. pkg=dev.meshx.mob parent=null callers=com.android.internal.policy.DecorView.setVisibility:4487 android.app.ActivityThread.handleResumeActivity:5491 android.app.servertransaction.ResumeActivityItem.execute:54 android.app.servertransaction.ActivityTransactionItem.execute:45 android.app.servertransaction.TransactionExecutor.executeLifecycleState:176 
05-17 11:54:02.899  7956  7956 I MSHandlerLifeCycle: removeMultiSplitHandler: no exist. decor=DecorView@d21ac7e[]
05-17 11:54:02.903  7956  7956 I SurfaceSyncer@7dbacf4: new SurfaceSyncer() = android.view.ViewRootImpl.<init>:1168 android.view.ViewRootImpl.<init>:1304 android.view.WindowManagerGlobal.addView:530 android.view.WindowManagerImpl.addView:170 android.app.ActivityThread.handleResumeActivity:5512 
05-17 11:54:02.906  7956  8015 D NativeCustomFrequencyManager: [NativeCFMS] BpCustomFrequencyManager::BpCustomFrequencyManager()
05-17 11:54:02.910  7956  7956 I DecorView: notifyKeepScreenOnChanged: keepScreenOn=false
05-17 11:54:02.911  1200  3026 D InputTransport: Input channel constructed: '3f3ddc5', fd=837
05-17 11:54:02.911  1200  3026 D InputTransport: Input channel constructed: '3f3ddc5', fd=858
05-17 11:54:02.911  1200  3026 D InputTransport: Input channel constructed: '3f3ddc5', fd=871
05-17 11:54:02.912   914  6826 I SurfaceFlinger: id=541 createSurf flag=80004, 3f3ddc5 dev.meshx.mob/dev.meshx.mob.MainActivity#541
05-17 11:54:02.914  1200  3026 D RestrictionPolicy: isScreenCaptureEnabled : ret=true userId=0
05-17 11:54:02.914  1200  3026 D InputTransport: Input channel destroyed: '3f3ddc5', fd=871
05-17 11:54:02.916  7956  7956 D InsetsController: onStateChanged: InsetsState: {mDisplayFrame=Rect(0, 0 - 1200, 1920), mDisplayCutout=DisplayCutout{insets=Rect(0, 0 - 0, 0) waterfall=Insets{left=0, top=0, right=0, bottom=0} boundingRect={Bounds=[Rect(0, 0 - 0, 0), Rect(0, 0 - 0, 0), Rect(0, 0 - 0, 0), Rect(0, 0 - 0, 0)]} cutoutPathParserInfo={CutoutPathParserInfo{displayWidth=0 displayHeight=0 physicalDisplayWidth=0 physicalDisplayHeight=0 density={0.0} cutoutSpec={} rotation={0} scale={0.0} physicalPixelDisplaySizeRatio={0.0}}}}, mRoundedCorners=RoundedCorners{[RoundedCorner{position=TopLeft, radius=26, center=Point(26, 26)}, RoundedCorner{position=TopRight, radius=26, center=Point(1174, 26)}, RoundedCorner{position=BottomRight, radius=26, center=Point(1174, 1894)}, RoundedCorner{position=BottomLeft, radius=26, center=Point(26, 1894)}]}  mRoundedCornerFrame=Rect(0, 0 - 1200, 1920), mPrivacyIndicatorBounds=PrivacyIndicatorBounds {static bounds=Rect(1112, 0 - 1200, 48) rotation=0}, mSources= { InsetsSource: {mType=ITYPE_STATUS_BAR, mFrame=[0,0][1200,48], mVisible=true, mInsetsRoundedCornerFrame=false}, InsetsSource: {mType=ITYPE_TOP_MANDATORY_GESTURES, mFrame=[0,0][1200,48], mVisible=true, mInsetsRoundedCornerFrame=false}, InsetsSource: {mType=ITYPE_TOP_TAPPABLE_ELEMENT, mFrame=[0,0][1200,48], mVisible=true, mInsetsRoundedCornerFrame=false}, InsetsSource: {mType=ITYPE_IME, mFrame=[0,0][0,0], mVisible=false, mInsetsRoundedCornerFrame=false} } host=dev.meshx.mob/dev.meshx.mob.MainActivity from=android.view.ViewRootImpl.setView:1739
05-17 11:54:02.918  7956  7956 I ViewRootImpl@ff32c1d[MainActivity]: setView = com.android.internal.policy.DecorView@d21ac7e TM=true
05-17 11:54:02.919  1200  3026 D CoreBackPreview: Window{3f3ddc5 u0 dev.meshx.mob/dev.meshx.mob.MainActivity}: Setting back callback OnBackInvokedCallbackInfo{mCallback=android.window.IOnBackInvokedCallback$Stub$Proxy@6f48e4b, mPriority=0}
05-17 11:54:02.920  1200  1212 W System  : A resource failed to call release. 
05-17 11:54:02.922  7956  7956 D DecorView: isDeviceLocked = false
05-17 11:54:02.922  7956  7956 I MSHandlerLifeCycle: check: return. pkg=dev.meshx.mob mode=fullscreen op=true locked=false callers=com.android.internal.policy.DecorView.setVisibility:4487 android.app.Activity.makeVisible:6819 android.app.ActivityThread.handleResumeActivity:5556 android.app.servertransaction.ResumeActivityItem.execute:54 android.app.servertransaction.ActivityTransactionItem.execute:45 
05-17 11:54:02.922  7956  7956 I MSHandlerLifeCycle: removeMultiSplitHandler: no exist. decor=DecorView@d21ac7e[MainActivity]
05-17 11:54:02.944   602   602 D io_stats: !@   8,0 r 1032236 33667428 w 595760 56923500 d 0 0 f 0 0 iot 515476 0 th 0 0 0 pt 0 inp 0 0 207290.516
05-17 11:54:03.009  7971  7971 I FirebaseInitProvider: FirebaseApp initialization successful
05-17 11:54:03.040  7971  7971 D TokenSharingManager_v1.7.1: Library works in release mode
05-17 11:54:03.055  7971  8034 D nativeloader: Load /data/app/~~_vrP5BOHJZ8er2VyWJ3qXg==/com.microsoft.skydrive-F-h9Npj6R9U4q_f_FmRc8Q==/lib/arm64/libOneAuth.so using class loader ns clns-6 (caller=/data/app/~~_vrP5BOHJZ8er2VyWJ3qXg==/com.microsoft.skydrive-F-h9Npj6R9U4q_f_FmRc8Q==/base.apk!classes2.dex): ok
05-17 11:54:03.078  1200  1733 I GenerationRegistry: mBackingStore.isClosed() : false
05-17 11:54:03.080  7971  7987 D OneDSChannel: Logging for null: QoS/CrashReporting/PreviousProcessDetected with logger com.microsoft.applications.events.Logger@b9f3ee7 collector url: null
05-17 11:54:03.082  7971  8034 D TokenSharingManager_v1.7.1: Library works in release mode
05-17 11:54:03.086  7971  8034 D OneAuthPartnerChannel: Initializing Partner Channel
05-17 11:54:03.107  7971  8034 I OneAuthLog: [OneAuth:0001:Info:48bf5:00000000] MATS DeviceProfileTelemetryId: f677480f8fa62b7f
05-17 11:54:03.107  7971  8034 I OneAuthLog: [OneAuth:0001:Info:4md94:00000000] MATS device telemetry disabled.
05-17 11:54:03.122  7971  8034 I OneAuthLog: [OneAuth:0001:Info:4wg2j:00000000] TSL Info: { name:GetSharedDeviceId, resultType:Success, resultCode:None, duration:12ms } 
05-17 11:54:03.122  7971  8034 W OneAuthLog: [OneAuth:0001:Warning:4rscl:00000000] MATS not initialized 
05-17 11:54:03.130  7971  8072 V OneAuthLog: [OneAuth:0002:Verbose::00000000] [Common] [2026-05-17 18:54:03 - thread_id: 77, correlation_id: UNSET - Android 33] Initialized CryptoParameterSpecFactory - API: 33, flags: [keySpecWithWrapPurposeKey=true, keySpecWithoutWrapPurposeKey=true, oaepSupported=false]   
05-17 11:54:03.130  1200  1240 I SemDvfsHyPerManager: acquire hyper - AMS_RESUME_TAIL/1200@16, type = -999
05-17 11:54:03.130  1200  1240 I SemDvfsHyPerManager: acquire hyper - AMS_ACT_LAZY/1200@17, type = -999
05-17 11:54:03.130  1200  1240 D ActivityManagerPerformance: AMP_acquire() TAIL
05-17 11:54:03.130  1200  1240 D ActivityManagerPerformance: AMP_release() ACT_START
05-17 11:54:03.130   864   921 I HYPER-HAL: [RequestManager.cpp]acquire(): Acquired ID : 739952  [1200 / 16]    HINT : AMS_RESUME_TAIL    list : 
05-17 11:54:03.131  1200  1240 I ActivityManager: Changes in 10313 2 to 12, 15 to 0
05-17 11:54:03.133  7971  8072 V OneAuthLog: [OneAuth:0002:Verbose::00000000] [Common] [2026-05-17 18:54:03 - thread_id: 77, correlation_id: UNSET - Android 33] Creating MsalOAuth2TokenCache   
05-17 11:54:03.134   864   921 E HYPER-HAL: [HandlerSysfs.cpp]doResourceHandling(): Couldn't Open Sysfs - /sys/power/cstate_control
05-17 11:54:03.134   864   921 E HYPER-HAL: [HandlerSysfs.cpp]doResourceHandling(): Couldn't Open Sysfs - /sys/power/cstate_control
