05-17 11:54:39.985  1928  2050 D BtGatt.GattService: onScanResult to scannerId: 2- eventType=0x10, addressType=1, address=734DFA_2, primaryPhy=1, secondaryPhy=0, advertisingSid=0xff, txPower=127, rssi=-89, periodicAdvInt=0x0
05-17 11:54:39.992  1928  2050 D BtGatt.GattService: onScanResult to scannerId: 2- eventType=0x1b, addressType=0, address=94944A_9, primaryPhy=1, secondaryPhy=0, advertisingSid=0xff, txPower=127, rssi=-91, periodicAdvInt=0x0
05-17 11:54:39.995  1928  2050 D BtGatt.GattService: onScanResult to scannerId: 2- eventType=0x1b, addressType=1, address=79FDD4_F, primaryPhy=1, secondaryPhy=0, advertisingSid=0xff, txPower=127, rssi=-49, periodicAdvInt=0x0
05-17 11:54:40.026  1928  2050 D BtGatt.GattService: onScanResult to scannerId: 2- eventType=0x1b, addressType=1, address=79FDD4_F, primaryPhy=1, secondaryPhy=0, advertisingSid=0xff, txPower=127, rssi=-49, periodicAdvInt=0x0
05-17 11:54:40.028  1928  2050 D BtGatt.GattService: onScanResult to scannerId: 2- eventType=0x1b, addressType=1, address=4281CA_1, primaryPhy=1, secondaryPhy=0, advertisingSid=0xff, txPower=127, rssi=-37, periodicAdvInt=0x0
05-17 11:54:40.029  8178  8187 W System  : A resource failed to call close. 
05-17 11:54:40.030  8178  8187 W System  : A resource failed to call close. 
05-17 11:54:40.032  1928  2050 D BtGatt.GattService: onScanResult to scannerId: 2- eventType=0x1b, addressType=1, address=5FDFD3_F, primaryPhy=1, secondaryPhy=0, advertisingSid=0xff, txPower=127, rssi=-37, periodicAdvInt=0x0
05-17 11:54:40.048  1928  2050 D BtGatt.GattService: onScanResult to scannerId: 2- eventType=0x1b, addressType=1, address=463D57_1, primaryPhy=1, secondaryPhy=0, advertisingSid=0xff, txPower=127, rssi=-77, periodicAdvInt=0x0
05-17 11:54:40.059  1928  2050 D BtGatt.GattService: onScanResult to scannerId: 2- eventType=0x10, addressType=0, address=BC455B_A, primaryPhy=1, secondaryPhy=0, advertisingSid=0xff, txPower=127, rssi=-80, periodicAdvInt=0x0
05-17 11:54:40.068  1928  2050 D BtGatt.GattService: onScanResult to scannerId: 2- eventType=0x10, addressType=1, address=75B658_A, primaryPhy=1, secondaryPhy=0, advertisingSid=0xff, txPower=127, rssi=-78, periodicAdvInt=0x0
05-17 11:54:40.099  1928  2050 D BtGatt.GattService: onScanResult to scannerId: 2- eventType=0x10, addressType=1, address=6CF492_4, primaryPhy=1, secondaryPhy=0, advertisingSid=0xff, txPower=127, rssi=-37, periodicAdvInt=0x0
05-17 11:54:40.103  1928  2050 D BtGatt.GattService: onScanResult to scannerId: 2- eventType=0x1b, addressType=1, address=79FDD4_F, primaryPhy=1, secondaryPhy=0, advertisingSid=0xff, txPower=127, rssi=-49, periodicAdvInt=0x0
05-17 11:54:40.119  1928  2050 D BtGatt.GattService: onScanResult to scannerId: 2- eventType=0x1a, addressType=1, address=5A93B9_9, primaryPhy=1, secondaryPhy=0, advertisingSid=0xff, txPower=127, rssi=-45, periodicAdvInt=0x0
05-17 11:54:40.125  1928  2050 D BtGatt.GattService: onScanResult to scannerId: 2- eventType=0x10, addressType=1, address=75E0C1_B, primaryPhy=1, secondaryPhy=0, advertisingSid=0xff, txPower=127, rssi=-82, periodicAdvInt=0x0
05-17 11:54:40.134  1928  2050 D BtGatt.GattService: onScanResult to scannerId: 2- eventType=0x1b, addressType=1, address=79FDD4_F, primaryPhy=1, secondaryPhy=0, advertisingSid=0xff, txPower=127, rssi=-49, periodicAdvInt=0x0
05-17 11:54:40.144  1200  5329 I AppSearchIcing: icing-search-engine.cc:2486: Persisting data to disk with mode 3
05-17 11:54:40.151  1200  5329 I AppSearchIcing: icing-search-engine.cc:2501: PersistToDisk completed.
05-17 11:54:40.153  1928  2050 D BtGatt.GattService: onScanResult to scannerId: 2- eventType=0x1b, addressType=1, address=7FC7B2_8, primaryPhy=1, secondaryPhy=0, advertisingSid=0xff, txPower=127, rssi=-78, periodicAdvInt=0x0
05-17 11:54:40.190 29714 29714 D BoundBrokerSvc: onUnbind: Intent { act=com.google.android.gms.common.BIND_SHARED_PREFS pkg=com.google.android.gms }
05-17 11:54:40.553  7956  8352 I BluetoothAdapter: STATE_ON
05-17 11:54:40.553  7956  8352 I BluetoothAdapter: STATE_ON
05-17 11:54:40.555  7956  8352 I BluetoothAdapter: STATE_ON
05-17 11:54:40.557  7956  8352 I BluetoothAdapter: STATE_ON
05-17 11:54:40.557  7956  8352 I MeshxBleDispatch: {"v":1,"event":"ble_capabilities","supports_extended_advertising":true,"max_advertising_data_length":1024,"is_multiple_advertisement_supported":true,"legacy_manufacturer_payload_budget":24}
05-17 11:54:40.558  7956  8352 I BluetoothAdapter: STATE_ON
05-17 11:54:40.559  7956  8352 I BluetoothAdapter: STATE_ON
05-17 11:54:40.562  7956  8352 I BluetoothAdapter: STATE_ON
05-17 11:54:40.562  7956  8352 I BluetoothAdapter: STATE_ON
05-17 11:54:40.563  7956  8352 I BluetoothAdapter: STATE_ON
05-17 11:54:40.563  7956  8352 I BluetoothAdapter: STATE_ON
05-17 11:54:40.567  1928  2699 I bt_stack: [INFO:le_advertising_manager.cc(137)] StartAdvertisingSet in shim layer
05-17 11:54:40.568  1928  2699 W bt_stack: le_advertising_manager :: allocate_advertiser - id : 2
05-17 11:54:40.568  1928  2699 I bt_stack: [INFO:le_advertising_manager.cc(157)] create advertising set, reg_id:-5148, id:2
05-17 11:54:40.568  1928  2282 W bt_stack: le_advertising_manager :: create_extended_advertiser - id : 2
05-17 11:54:40.568  1928  2282 W bt_stack: le_advertising_manager :: enable_advertiser - id : 2
05-17 11:54:40.570  7956  8352 I MeshxBleDispatch: {"v":1,"event":"attempt_outcome","attempt_id":"selftest-1779044080552","message_id":"pzcH3wJhsv08YhzRBnSctQ==","target_peer_id":"broadcast","target_device_ids":["broadcast"],"kind":"dispatched","reason":"legacy_beacon_fallback","adapter":"ble_android","outcome_at_ms":207752614}
05-17 11:54:40.571  7956  8352 I MeshxBleNative: sendToPeer(broadcast, 31B) -> DISPATCHED reason=legacy_beacon_fallback
05-17 11:54:40.572  7956  8352 I Elixir  : BleSelfTest: MESH MESSAGE SENT payload="hello-from-meshx-dev-1779044080" result=:ok
05-17 11:54:40.573  7956  8352 W Elixir  : BleSelfTest: bridge error unknown: {"v":1,"event":"attempt_outcome","attempt_id":"selftest-1779044080552","message_id":"pzcH3wJhsv08YhzRBnSctQ==","target_peer_id":"broadcast","target_device_ids":["broadcast"],"kind":"dispatched","reason":"legacy_beacon_fallback","adapter":"ble_android","outcome_at_ms":207752614}
05-17 11:54:40.574  7956  8035 I BEAMout : 11:54:40.572 [info] BleSelfTest: MESH MESSAGE SENT payload="hello-from-meshx-dev-1779044080" result=:ok
05-17 11:54:40.575  7956  8035 I BEAMout : 11:54:40.573 [warning] BleSelfTest: bridge error unknown: {"v":1,"event":"attempt_outcome","attempt_id":"selftest-1779044080552","message_id":"pzcH3wJhsv08YhzRBnSctQ==","target_peer_id":"broadcast","target_device_ids":["broadcast"],"kind":"dispatched","reason":"legacy_beacon_fallback","adapter":"ble_android","outcome_at_ms":207752614}
05-17 11:54:40.585  1928  2260 E BtGatt.GattService: [GSIM LOG]: gsimLogHandler, msg: MESSAGE_ADV_SET_START, appName: dev.meshx.mob, id: 2, isLegacy: true
05-17 11:54:40.597  7956  7956 D BluetoothLeAdvertiser: onAdvertisingSetStarted(2, -7, 0)
05-17 11:54:40.600  7956  7956 I MeshxBleDispatch: {"v":1,"event":"legacy_beacon_advertising_started","attempt_id":"selftest-1779044080552","beacon_size":22,"beacon":"TUIBAQEAMzSWB5lsOUAS94VXUXoT+Q==","message_id_hash":"MzSWB5lsOUA=","sender_peer_id_hash":"EveFV1F6E\/k=","payload_kind":"TX","envelope_version":1,"window_ms":5000,"data_carrier":"legacy_advertisement"}
05-17 11:54:40.947  1707  1707 I wpa_supplicant: Heartbeat 20712
05-17 11:54:40.956   602   602 D io_stats: !@   8,0 r 1034745 33777536 w 596626 56932732 d 0 0 f 0 0 iot 516404 0 th 0 0 0 pt 0 inp 0 0 207328.528
05-17 11:54:41.005  7851  7864 I Finsky:background: [53] Stats for Executor: bgExecutor vqs@fcad20c[Running, pool size = 4, active threads = 0, queued tasks = 0, completed tasks = 18]
05-17 11:54:41.026  7851  7864 I Finsky:background: [53] Stats for Executor: LightweightExecutor vqs@7da8542[Running, pool size = 4, active threads = 0, queued tasks = 0, completed tasks = 8]
05-17 11:54:41.101  7851  7864 I Finsky:background: [53] Stats for Executor: BlockingExecutor vqs@cc950e3[Running, pool size = 1, active threads = 0, queued tasks = 0, completed tasks = 5]
05-17 11:54:41.510  1200  3617 D SemWifiUsabilityStatsMonitor: onWifiUsabilityStats - seqNum 6743, isSameBssidAndFreq true
05-17 11:54:41.511  1200  1507 I SemWifiLinkQualityMonitor: Link Qos Query: 0.077 ms / 103.322 Mbps (432 / 0.059 / 1.000)
05-17 11:54:41.785  1928  2050 D BtGatt.GattService: onScanResult to scannerId: 2- eventType=0x1b, addressType=1, address=79FDD4_F, primaryPhy=1, secondaryPhy=0, advertisingSid=0xff, txPower=127, rssi=-65, periodicAdvInt=0x0
05-17 11:54:41.791  1928  2050 D BtGatt.GattService: onScanResult to scannerId: 2- eventType=0x10, addressType=0, address=BC7E8B_B, primaryPhy=1, secondaryPhy=0, advertisingSid=0xff, txPower=127, rssi=-85, periodicAdvInt=0x0
05-17 11:54:41.814  1928  2050 D BtGatt.GattService: onScanResult to scannerId: 2- eventType=0x1b, addressType=1, address=79FDD4_F, primaryPhy=1, secondaryPhy=0, advertisingSid=0xff, txPower=127, rssi=-65, periodicAdvInt=0x0
05-17 11:54:41.828  1928  2050 D BtGatt.GattService: onScanResult to scannerId: 2- eventType=0x1b, addressType=1, address=4281CA_1, primaryPhy=1, secondaryPhy=0, advertisingSid=0xff, txPower=127, rssi=-35, periodicAdvInt=0x0
05-17 11:54:41.831  1928  2050 D BtGatt.GattService: onScanResult to scannerId: 2- eventType=0x1b, addressType=1, address=5FDFD3_F, primaryPhy=1, secondaryPhy=0, advertisingSid=0xff, txPower=127, rssi=-36, periodicAdvInt=0x0
05-17 11:54:41.846  1928  2050 D BtGatt.GattService: onScanResult to scannerId: 2- eventType=0x1b, addressType=1, address=79FDD4_F, primaryPhy=1, secondaryPhy=0, advertisingSid=0xff, txPower=127, rssi=-65, periodicAdvInt=0x0
05-17 11:54:41.877  1928  2050 D BtGatt.GattService: onScanResult to scannerId: 2- eventType=0x1b, addressType=0, address=94944A_9, primaryPhy=1, secondaryPhy=0, advertisingSid=0xff, txPower=127, rssi=-93, periodicAdvInt=0x0
05-17 11:54:41.881  1928  2050 D BtGatt.GattService: onScanResult to scannerId: 2- eventType=0x1b, addressType=1, address=463D57_1, primaryPhy=1, secondaryPhy=0, advertisingSid=0xff, txPower=127, rssi=-75, periodicAdvInt=0x0
05-17 11:54:41.888  1928  2050 D BtGatt.GattService: onScanResult to scannerId: 2- eventType=0x1b, addressType=1, address=79FDD4_F, primaryPhy=1, secondaryPhy=0, advertisingSid=0xff, txPower=127, rssi=-67, periodicAdvInt=0x0
05-17 11:54:41.899  1928  2050 D BtGatt.GattService: onScanResult to scannerId: 2- eventType=0x10, addressType=0, address=BC455B_A, primaryPhy=1, secondaryPhy=0, advertisingSid=0xff, txPower=127, rssi=-73, periodicAdvInt=0x0
05-17 11:54:41.906  1928  2050 D BtGatt.GattService: onScanResult to scannerId: 2- eventType=0x1a, addressType=1, address=5A93B9_9, primaryPhy=1, secondaryPhy=0, advertisingSid=0xff, txPower=127, rssi=-44, periodicAdvInt=0x0
05-17 11:54:41.919  1928  2050 D BtGatt.GattService: onScanResult to scannerId: 2- eventType=0x1b, addressType=1, address=79FDD4_F, primaryPhy=1, secondaryPhy=0, advertisingSid=0xff, txPower=127, rssi=-65, periodicAdvInt=0x0
05-17 11:54:41.939  1928  2050 D BtGatt.GattService: onScanResult to scannerId: 2- eventType=0x10, addressType=0, address=BC7E8B_B, primaryPhy=1, secondaryPhy=0, advertisingSid=0xff, txPower=127, rssi=-85, periodicAdvInt=0x0
05-17 11:54:41.955  1928  2050 D BtGatt.GattService: onScanResult to scannerId: 2- eventType=0x1b, addressType=1, address=79FDD4_F, primaryPhy=1, secondaryPhy=0, advertisingSid=0xff, txPower=127, rssi=-65, periodicAdvInt=0x0
05-17 11:54:41.961  1928  2050 D BtGatt.GattService: onScanResult to scannerId: 2- eventType=0x1b, addressType=1, address=DD0D30_2, primaryPhy=1, secondaryPhy=0, advertisingSid=0xff, txPower=127, rssi=-66, periodicAdvInt=0x0
05-17 11:54:41.965  1928  2050 D BtGatt.GattService: onScanResult to scannerId: 2- eventType=0x10, addressType=1, address=734DFA_2, primaryPhy=1, secondaryPhy=0, advertisingSid=0xff, txPower=127, rssi=-85, periodicAdvInt=0x0
05-17 11:54:41.987  1928  2050 D BtGatt.GattService: onScanResult to scannerId: 2- eventType=0x1b, addressType=1, address=79FDD4_F, primaryPhy=1, secondaryPhy=0, advertisingSid=0xff, txPower=127, rssi=-65, periodicAdvInt=0x0
05-17 11:54:42.485  7956  8352 I Elixir  : BleSelfTest: HEARTBEAT events=294 devices=36 meshx_peers=2 sent=4 distinct_msgs=2 beacon_callbacks=17 envelopes=0
05-17 11:54:42.486  7956  8035 I BEAMout : 11:54:42.485 [info] BleSelfTest: HEARTBEAT events=294 devices=36 meshx_peers=2 sent=4 distinct_msgs=2 beacon_callbacks=17 envelopes=0
05-17 11:54:43.636  1928  2050 D BtGatt.GattService: onScanResult to scannerId: 2- eventType=0x10, addressType=0, address=4CC95E_3, primaryPhy=1, secondaryPhy=0, advertisingSid=0xff, txPower=127, rssi=-93, periodicAdvInt=0x0
05-17 11:54:43.642  1928  2050 D BtGatt.GattService: onScanResult to scannerId: 2- eventType=0x10, addressType=1, address=734DFA_2, primaryPhy=1, secondaryPhy=0, advertisingSid=0xff, txPower=127, rssi=-80, periodicAdvInt=0x0
05-17 11:54:43.661  1928  2050 D BtGatt.GattService: onScanResult to scannerId: 2- eventType=0x1b, addressType=1, address=79FDD4_F, primaryPhy=1, secondaryPhy=0, advertisingSid=0xff, txPower=127, rssi=-51, periodicAdvInt=0x0
05-17 11:54:43.677  1928  2050 D BtGatt.GattService: onScanResult to scannerId: 2- eventType=0x1b, addressType=1, address=708181_C, primaryPhy=1, secondaryPhy=0, advertisingSid=0xff, txPower=127, rssi=-71, periodicAdvInt=0x0
05-17 11:54:43.696  1928  2050 D BtGatt.GattService: onScanResult to scannerId: 2- eventType=0x1b, addressType=1, address=79FDD4_F, primaryPhy=1, secondaryPhy=0, advertisingSid=0xff, txPower=127, rssi=-51, periodicAdvInt=0x0
05-17 11:54:43.700  1928  2050 D BtGatt.GattService: onScanResult to scannerId: 2- eventType=0x10, addressType=1, address=6CF492_4, primaryPhy=1, secondaryPhy=0, advertisingSid=0xff, txPower=127, rssi=-35, periodicAdvInt=0x0
05-17 11:54:43.711  1928  2050 D BtGatt.GattService: onScanResult to scannerId: 2- eventType=0x10, addressType=1, address=1BB03A_2, primaryPhy=1, secondaryPhy=0, advertisingSid=0xff, txPower=127, rssi=-89, periodicAdvInt=0x0
05-17 11:54:43.729  1928  2050 D BtGatt.GattService: onScanResult to scannerId: 2- eventType=0x1b, addressType=1, address=79FDD4_F, primaryPhy=1, secondaryPhy=0, advertisingSid=0xff, txPower=127, rssi=-51, periodicAdvInt=0x0
05-17 11:54:43.736  1928  2050 D BtGatt.GattService: onScanResult to scannerId: 2- eventType=0x1b, addressType=0, address=84E0F4_2, primaryPhy=1, secondaryPhy=0, advertisingSid=0xff, txPower=127, rssi=-78, periodicAdvInt=0x0
05-17 11:54:43.770  1928  2050 D BtGatt.GattService: onScanResult to scannerId: 2- eventType=0x1b, addressType=1, address=79FDD4_F, primaryPhy=1, secondaryPhy=0, advertisingSid=0xff, txPower=127, rssi=-51, periodicAdvInt=0x0
05-17 11:54:43.801  1928  2050 D BtGatt.GattService: onScanResult to scannerId: 2- eventType=0x1b, addressType=1, address=79FDD4_F, primaryPhy=1, secondaryPhy=0, advertisingSid=0xff, txPower=127, rssi=-52, periodicAdvInt=0x0
05-17 11:54:43.814  1928  2050 D BtGatt.GattService: onScanResult to scannerId: 2- eventType=0x10, addressType=1, address=1BB03A_2, primaryPhy=1, secondaryPhy=0, advertisingSid=0xff, txPower=127, rssi=-90, periodicAdvInt=0x0
05-17 11:54:43.818  1928  2050 D BtGatt.GattService: onScanResult to scannerId: 2- eventType=0x1a, addressType=1, address=5A93B9_9, primaryPhy=1, secondaryPhy=0, advertisingSid=0xff, txPower=127, rssi=-44, periodicAdvInt=0x0
05-17 11:54:43.838  1928  2050 D BtGatt.GattService: onScanResult to scannerId: 2- eventType=0x1b, addressType=1, address=79FDD4_F, primaryPhy=1, secondaryPhy=0, advertisingSid=0xff, txPower=127, rssi=-51, periodicAdvInt=0x0
05-17 11:54:43.849  1928  2050 D BtGatt.GattService: onScanResult to scannerId: 2- eventType=0x10, addressType=1, address=734DFA_2, primaryPhy=1, secondaryPhy=0, advertisingSid=0xff, txPower=127, rssi=-82, periodicAdvInt=0x0
05-17 11:54:43.856  1928  2050 D BtGatt.GattService: onScanResult to scannerId: 2- eventType=0x1b, addressType=0, address=84E0F4_2, primaryPhy=1, secondaryPhy=0, advertisingSid=0xff, txPower=127, rssi=-79, periodicAdvInt=0x0
05-17 11:54:43.857  1928  2050 D BtGatt.GattService: onScanResult to scannerId: 2- eventType=0x10, addressType=1, address=75E0C1_B, primaryPhy=1, secondaryPhy=0, advertisingSid=0xff, txPower=127, rssi=-83, periodicAdvInt=0x0
05-17 11:54:43.862  1928  2050 D BtGatt.GattService: onScanResult to scannerId: 2- eventType=0x1b, addressType=1, address=F812C9_E, primaryPhy=1, secondaryPhy=0, advertisingSid=0xff, txPower=127, rssi=-88, periodicAdvInt=0x0
05-17 11:54:43.876  1928  2050 D BtGatt.GattService: onScanResult to scannerId: 2- eventType=0x1b, addressType=1, address=79FDD4_F, primaryPhy=1, secondaryPhy=0, advertisingSid=0xff, txPower=127, rssi=-51, periodicAdvInt=0x0
05-17 11:54:44.129  2905  2905 I SDHMS:LOAD: type: LoadsFreqs, value: 0:0:0:650000:650000:650000:650000:650000:650000:0:0:0
05-17 11:54:44.636  1200  3617 D SemWifiUsabilityStatsMonitor: onWifiUsabilityStats - seqNum 6744, isSameBssidAndFreq true
05-17 11:54:44.640  1200  1507 I SemWifiLinkQualityMonitor: Link Qos Query: 0.083 ms / 96.456 Mbps (432 / 0.064 / 1.000)
05-17 11:54:45.500  1928  2050 D BtGatt.GattService: onScanResult to scannerId: 2- eventType=0x10, addressType=1, address=6CF492_4, primaryPhy=1, secondaryPhy=0, advertisingSid=0xff, txPower=127, rssi=-36, periodicAdvInt=0x0
05-17 11:54:45.506  1928  2050 D BtGatt.GattService: onScanResult to scannerId: 2- eventType=0x10, addressType=0, address=BC7E8B_B, primaryPhy=1, secondaryPhy=0, advertisingSid=0xff, txPower=127, rssi=-90, periodicAdvInt=0x0
05-17 11:54:45.561  1928  2050 D BtGatt.GattService: onScanResult to scannerId: 2- eventType=0x1b, addressType=1, address=79FDD4_F, primaryPhy=1, secondaryPhy=0, advertisingSid=0xff, txPower=127, rssi=-49, periodicAdvInt=0x0
05-17 11:54:45.599  1928  2050 D BtGatt.GattService: onScanResult to scannerId: 2- eventType=0x1b, addressType=1, address=79FDD4_F, primaryPhy=1, secondaryPhy=0, advertisingSid=0xff, txPower=127, rssi=-49, periodicAdvInt=0x0
05-17 11:54:45.604  1928  2050 D BtGatt.GattService: onScanResult to scannerId: 2- eventType=0x10, addressType=1, address=07FC25_2, primaryPhy=1, secondaryPhy=0, advertisingSid=0xff, txPower=127, rssi=-94, periodicAdvInt=0x0
05-17 11:54:45.606  7956  7956 I BluetoothAdapter: STATE_ON
05-17 11:54:45.606  7956  7956 I BluetoothAdapter: STATE_ON
05-17 11:54:45.606  7956  7956 I BluetoothAdapter: STATE_ON
05-17 11:54:45.608  7956  7956 D BluetoothLeAdvertiser: Stop AdvertingSet
05-17 11:54:45.610  1928  2699 I bt_stack: [INFO:le_advertising_manager.cc(70)] Unregister in shim layer
05-17 11:54:45.610  1928  2282 W bt_stack: le_advertising_manager :: remove_advertiser - id : 2
05-17 11:54:45.611  1928  2260 E BtGatt.GattService: [GSIM LOG]: gsimLogHandler, msg: MESSAGE_ADV_SET_STOP, appName: dev.meshx.mob, id: 2, isLegacy: true
05-17 11:54:45.617  7956  7956 I MeshxBleScanRaw: device_id=07:FC:25:7D:C7:52 rssi=-94 advertisement_b64=Hv8GAAEJICLYRspAfrRr+iwZHwokj3h6wKgnXG8rFgAAAAAAAAAAAAAAAAAAAAAAAAAAAAAAAAAAAAAAAAA= manufacturer_ids=[6] service_uuids=[]
05-17 11:54:45.618  7956  7956 D BluetoothLeAdvertiser: onAdvertisingSetStopped(2)
05-17 11:54:45.635  1928  2050 D BtGatt.GattService: onScanResult to scannerId: 2- eventType=0x1b, addressType=1, address=79FDD4_F, primaryPhy=1, secondaryPhy=0, advertisingSid=0xff, txPower=127, rssi=-49, periodicAdvInt=0x0
05-17 11:54:45.642  1928  2050 D BtGatt.GattService: onScanResult to scannerId: 2- eventType=0x10, addressType=0, address=BC455B_A, primaryPhy=1, secondaryPhy=0, advertisingSid=0xff, txPower=127, rssi=-76, periodicAdvInt=0x0
05-17 11:54:45.647  1928  2050 D BtGatt.GattService: onScanResult to scannerId: 2- eventType=0x1b, addressType=1, address=7FC7B2_8, primaryPhy=1, secondaryPhy=0, advertisingSid=0xff, txPower=127, rssi=-77, periodicAdvInt=0x0
05-17 11:54:45.659  1928  2050 D BtGatt.GattService: onScanResult to scannerId: 2- eventType=0x10, addressType=1, address=75B658_A, primaryPhy=1, secondaryPhy=0, advertisingSid=0xff, txPower=127, rssi=-79, periodicAdvInt=0x0
05-17 11:54:45.666  1928  2050 D BtGatt.GattService: onScanResult to scannerId: 2- eventType=0x1b, addressType=1, address=79FDD4_F, primaryPhy=1, secondaryPhy=0, advertisingSid=0xff, txPower=127, rssi=-49, periodicAdvInt=0x0
05-17 11:54:45.673  1928  2050 D BtGatt.GattService: onScanResult to scannerId: 2- eventType=0x10, addressType=1, address=2362E8_F, primaryPhy=1, secondaryPhy=0, advertisingSid=0xff, txPower=127, rssi=-86, periodicAdvInt=0x0
05-17 11:54:45.700  1928  2050 D BtGatt.GattService: onScanResult to scannerId: 2- eventType=0x1b, addressType=1, address=79FDD4_F, primaryPhy=1, secondaryPhy=0, advertisingSid=0xff, txPower=127, rssi=-49, periodicAdvInt=0x0
05-17 11:54:45.721  1928  2050 D BtGatt.GattService: onScanResult to scannerId: 2- eventType=0x10, addressType=1, address=6CF492_4, primaryPhy=1, secondaryPhy=0, advertisingSid=0xff, txPower=127, rssi=-36, periodicAdvInt=0x0
05-17 11:54:45.725  1928  2050 D BtGatt.GattService: onScanResult to scannerId: 2- eventType=0x1b, addressType=1, address=4281CA_1, primaryPhy=1, secondaryPhy=0, advertisingSid=0xff, txPower=127, rssi=-37, periodicAdvInt=0x0
05-17 11:54:46.957   602   602 D io_stats: !@   8,0 r 1034758 33777628 w 596804 56933976 d 0 0 f 0 0 iot 516440 0 th 0 0 0 pt 0 inp 0 0 207334.530
05-17 11:54:47.356  1928  2050 D BtGatt.GattService: onScanResult to scannerId: 2- eventType=0x1b, addressType=0, address=84E0F4_2, primaryPhy=1, secondaryPhy=0, advertisingSid=0xff, txPower=127, rssi=-87, periodicAdvInt=0x0
05-17 11:54:47.359  1928  2050 D BtGatt.GattService: onScanResult to scannerId: 2- eventType=0x1b, addressType=1, address=79FDD4_F, primaryPhy=1, secondaryPhy=0, advertisingSid=0xff, txPower=127, rssi=-65, periodicAdvInt=0x0
05-17 11:54:47.385  1928  2050 D BtGatt.GattService: onScanResult to scannerId: 2- eventType=0x1b, addressType=1, address=463D57_1, primaryPhy=1, secondaryPhy=0, advertisingSid=0xff, txPower=127, rssi=-75, periodicAdvInt=0x0
05-17 11:54:47.394  1928  2050 D BtGatt.GattService: onScanResult to scannerId: 2- eventType=0x1b, addressType=1, address=79FDD4_F, primaryPhy=1, secondaryPhy=0, advertisingSid=0xff, txPower=127, rssi=-64, periodicAdvInt=0x0
05-17 11:54:47.408  1928  2050 D BtGatt.GattService: onScanResult to scannerId: 2- eventType=0x10, addressType=1, address=75E0C1_B, primaryPhy=1, secondaryPhy=0, advertisingSid=0xff, txPower=127, rssi=-89, periodicAdvInt=0x0
05-17 11:54:47.426  1928  2050 D BtGatt.GattService: onScanResult to scannerId: 2- eventType=0x1b, addressType=1, address=79FDD4_F, primaryPhy=1, secondaryPhy=0, advertisingSid=0xff, txPower=127, rssi=-65, periodicAdvInt=0x0
05-17 11:54:47.462  1928  2050 D BtGatt.GattService: onScanResult to scannerId: 2- eventType=0x1b, addressType=1, address=79FDD4_F, primaryPhy=1, secondaryPhy=0, advertisingSid=0xff, txPower=127, rssi=-65, periodicAdvInt=0x0
05-17 11:54:47.475  1928  2050 D BtGatt.GattService: onScanResult to scannerId: 2- eventType=0x1b, addressType=0, address=84E0F4_2, primaryPhy=1, secondaryPhy=0, advertisingSid=0xff, txPower=127, rssi=-86, periodicAdvInt=0x0
05-17 11:54:47.479  1928  2050 D BtGatt.GattService: onScanResult to scannerId: 2- eventType=0x10, addressType=1, address=D773CF_2, primaryPhy=1, secondaryPhy=0, advertisingSid=0xff, txPower=127, rssi=-35, periodicAdvInt=0x0
05-17 11:54:47.487  7956  8352 I Elixir  : BleSelfTest: HEARTBEAT events=334 devices=37 meshx_peers=2 sent=4 distinct_msgs=2 beacon_callbacks=18 envelopes=0
05-17 11:54:47.488  7956  8035 I BEAMout : 11:54:47.487 [info] BleSelfTest: HEARTBEAT events=334 devices=37 meshx_peers=2 sent=4 distinct_msgs=2 beacon_callbacks=18 envelopes=0
05-17 11:54:47.489  1928  2050 D BtGatt.GattService: onScanResult to scannerId: 2- eventType=0x1b, addressType=1, address=DD0D30_2, primaryPhy=1, secondaryPhy=0, advertisingSid=0xff, txPower=127, rssi=-66, periodicAdvInt=0x0
05-17 11:54:47.490  1928  2050 D BtGatt.GattService: onScanResult to scannerId: 2- eventType=0x10, addressType=1, address=4468B4_9, primaryPhy=1, secondaryPhy=0, advertisingSid=0xff, txPower=127, rssi=-81, periodicAdvInt=0x0
05-17 11:54:47.497  1928  2050 D BtGatt.GattService: onScanResult to scannerId: 2- eventType=0x10, addressType=0, address=BC455B_A, primaryPhy=1, secondaryPhy=0, advertisingSid=0xff, txPower=127, rssi=-69, periodicAdvInt=0x0
05-17 11:54:47.501  1928  2050 D BtGatt.GattService: onScanResult to scannerId: 2- eventType=0x1b, addressType=0, address=94944A_9, primaryPhy=1, secondaryPhy=0, advertisingSid=0xff, txPower=127, rssi=-92, periodicAdvInt=0x0
05-17 11:54:47.516  1928  2050 D BtGatt.GattService: onScanResult to scannerId: 2- eventType=0x1b, addressType=1, address=708181_C, primaryPhy=1, secondaryPhy=0, advertisingSid=0xff, txPower=127, rssi=-67, periodicAdvInt=0x0
05-17 11:54:47.524  1928  2050 D BtGatt.GattService: onScanResult to scannerId: 2- eventType=0x1b, addressType=1, address=4281CA_1, primaryPhy=1, secondaryPhy=0, advertisingSid=0xff, txPower=127, rssi=-36, periodicAdvInt=0x0
05-17 11:54:47.529  1928  2050 D BtGatt.GattService: onScanResult to scannerId: 2- eventType=0x10, addressType=1, address=75B658_A, primaryPhy=1, secondaryPhy=0, advertisingSid=0xff, txPower=127, rssi=-79, periodicAdvInt=0x0
05-17 11:54:47.554  1928  2050 D BtGatt.GattService: onScanResult to scannerId: 2- eventType=0x1b, addressType=1, address=79FDD4_F, primaryPhy=1, secondaryPhy=0, advertisingSid=0xff, txPower=127, rssi=-65, periodicAdvInt=0x0
05-17 11:54:47.560  1928  2050 D BtGatt.GattService: onScanResult to scannerId: 2- eventType=0x1b, addressType=1, address=79F75B_8, primaryPhy=1, secondaryPhy=0, advertisingSid=0xff, txPower=127, rssi=-79, periodicAdvInt=0x0
05-17 11:54:47.567  1928  2050 D BtGatt.GattService: onScanResult to scannerId: 2- eventType=0x1b, addressType=1, address=7FC7B2_8, primaryPhy=1, secondaryPhy=0, advertisingSid=0xff, txPower=127, rssi=-79, periodicAdvInt=0x0
05-17 11:54:47.574  7956  8352 I BluetoothAdapter: STATE_ON
05-17 11:54:47.574  7956  8352 I BluetoothAdapter: STATE_ON
05-17 11:54:47.576  7956  8352 I BluetoothAdapter: STATE_ON
05-17 11:54:47.577  7956  8352 I BluetoothAdapter: STATE_ON
05-17 11:54:47.577  7956  8352 I MeshxBleDispatch: {"v":1,"event":"ble_capabilities","supports_extended_advertising":true,"max_advertising_data_length":1024,"is_multiple_advertisement_supported":true,"legacy_manufacturer_payload_budget":24}
05-17 11:54:47.577  7956  8352 I BluetoothAdapter: STATE_ON
05-17 11:54:47.579  7956  8352 I BluetoothAdapter: STATE_ON
05-17 11:54:47.581  7956  8352 I BluetoothAdapter: STATE_ON
05-17 11:54:47.581  7956  8352 I BluetoothAdapter: STATE_ON
05-17 11:54:47.581  7956  8352 I BluetoothAdapter: STATE_ON
05-17 11:54:47.581  7956  8352 I BluetoothAdapter: STATE_ON
05-17 11:54:47.587  1928  2699 I bt_stack: [INFO:le_advertising_manager.cc(137)] StartAdvertisingSet in shim layer
05-17 11:54:47.587  1928  2699 W bt_stack: le_advertising_manager :: allocate_advertiser - id : 2
05-17 11:54:47.588  1928  2699 I bt_stack: [INFO:le_advertising_manager.cc(157)] create advertising set, reg_id:-5149, id:2
05-17 11:54:47.589  1928  2282 W bt_stack: le_advertising_manager :: create_extended_advertiser - id : 2
05-17 11:54:47.589  1928  2282 W bt_stack: le_advertising_manager :: enable_advertiser - id : 2
05-17 11:54:47.591  7956  8352 I MeshxBleDispatch: {"v":1,"event":"attempt_outcome","attempt_id":"selftest-1779044087573","message_id":"myJ9Ndmmcfd5y2pg0KklTQ==","target_peer_id":"broadcast","target_device_ids":["broadcast"],"kind":"dispatched","reason":"legacy_beacon_fallback","adapter":"ble_android","outcome_at_ms":207759635}
05-17 11:54:47.592  1928  2050 D BtGatt.GattService: onScanResult to scannerId: 2- eventType=0x1b, addressType=1, address=79FDD4_F, primaryPhy=1, secondaryPhy=0, advertisingSid=0xff, txPower=127, rssi=-65, periodicAdvInt=0x0
05-17 11:54:47.596  7956  8352 I MeshxBleNative: sendToPeer(broadcast, 31B) -> DISPATCHED reason=legacy_beacon_fallback
05-17 11:54:47.597  7956  8352 I Elixir  : BleSelfTest: MESH MESSAGE SENT payload="hello-from-meshx-dev-1779044087" result=:ok
05-17 11:54:47.600  7956  8352 W Elixir  : BleSelfTest: bridge error unknown: {"v":1,"event":"attempt_outcome","attempt_id":"selftest-1779044087573","message_id":"myJ9Ndmmcfd5y2pg0KklTQ==","target_peer_id":"broadcast","target_device_ids":["broadcast"],"kind":"dispatched","reason":"legacy_beacon_fallback","adapter":"ble_android","outcome_at_ms":207759635}
05-17 11:54:47.602  7956  8035 I BEAMout : 11:54:47.597 [info] BleSelfTest: MESH MESSAGE SENT payload="hello-from-meshx-dev-1779044087" result=:ok
05-17 11:54:47.604  7956  8035 I BEAMout : 11:54:47.600 [warning] BleSelfTest: bridge error unknown: {"v":1,"event":"attempt_outcome","attempt_id":"selftest-1779044087573","message_id":"myJ9Ndmmcfd5y2pg0KklTQ==","target_peer_id":"broadcast","target_device_ids":["broadcast"],"kind":"dispatched","reason":"legacy_beacon_fallback","adapter":"ble_android","outcome_at_ms":207759635}
05-17 11:54:47.612  1928  2260 E BtGatt.GattService: [GSIM LOG]: gsimLogHandler, msg: MESSAGE_ADV_SET_START, appName: dev.meshx.mob, id: 2, isLegacy: true
05-17 11:54:47.612  7956  7956 D BluetoothLeAdvertiser: onAdvertisingSetStarted(2, -7, 0)
05-17 11:54:47.614  7956  7956 I MeshxBleDispatch: {"v":1,"event":"legacy_beacon_advertising_started","attempt_id":"selftest-1779044087573","beacon_size":22,"beacon":"TUIBAQEA63MTHFBaCXYS94VXUXoT+Q==","message_id_hash":"63MTHFBaCXY=","sender_peer_id_hash":"EveFV1F6E\/k=","payload_kind":"TX","envelope_version":1,"window_ms":5000,"data_carrier":"legacy_advertisement"}
05-17 11:54:47.720  1200  3617 D SemWifiUsabilityStatsMonitor: onWifiUsabilityStats - seqNum 6745, isSameBssidAndFreq true
05-17 11:54:47.722  1200  1507 I SemWifiLinkQualityMonitor: Link Qos Query: 0.086 ms / 92.718 Mbps (432 / 0.068 / 1.000)
05-17 11:54:48.210  7851  7932 I PlayCommon: [94] Preparing logs for uploading
05-17 11:54:48.238  7851  7932 I PlayCommon: [94] Connecting to server for timestamp: https://play.googleapis.com/play/log/timestamp
05-17 11:54:48.284  1200  1546 D NetdEventListenerService: DNS Requested by : 100, 10209
05-17 11:54:48.535  7851  7932 I PlayCommon: [94] Connecting to server: https://play.googleapis.com/play/log?format=raw&proto_v2=true
05-17 11:54:48.603  7851  7932 I PlayCommon: [94] Successfully uploaded logs.
05-17 11:54:48.958   602   602 D io_stats: !@   8,0 r 1034776 33777640 w 597027 56935428 d 0 0 f 0 0 iot 516512 0 th 0 0 0 pt 0 inp 0 0 207336.531
05-17 11:54:49.208  1928  2050 D BtGatt.GattService: onScanResult to scannerId: 2- eventType=0x10, addressType=0, address=BC455B_A, primaryPhy=1, secondaryPhy=0, advertisingSid=0xff, txPower=127, rssi=-85, periodicAdvInt=0x0
05-17 11:54:49.224  1928  2050 D BtGatt.GattService: onScanResult to scannerId: 2- eventType=0x10, addressType=0, address=BC7E8B_B, primaryPhy=1, secondaryPhy=0, advertisingSid=0xff, txPower=127, rssi=-82, periodicAdvInt=0x0
05-17 11:54:49.231  1928  2050 D BtGatt.GattService: onScanResult to scannerId: 2- eventType=0x1b, addressType=1, address=79FDD4_F, primaryPhy=1, secondaryPhy=0, advertisingSid=0xff, txPower=127, rssi=-51, periodicAdvInt=0x0
05-17 11:54:49.270  1928  2050 D BtGatt.GattService: onScanResult to scannerId: 2- eventType=0x1b, addressType=1, address=79FDD4_F, primaryPhy=1, secondaryPhy=0, advertisingSid=0xff, txPower=127, rssi=-51, periodicAdvInt=0x0
05-17 11:54:49.274  1928  2050 D BtGatt.GattService: onScanResult to scannerId: 2- eventType=0x1b, addressType=0, address=94944A_D, primaryPhy=1, secondaryPhy=0, advertisingSid=0xff, txPower=127, rssi=-84, periodicAdvInt=0x0
05-17 11:54:49.280  1928  2050 D BtGatt.GattService: onScanResult to scannerId: 2- eventType=0x1a, addressType=1, address=692F80_4, primaryPhy=1, secondaryPhy=0, advertisingSid=0xff, txPower=127, rssi=-44, periodicAdvInt=0x0
05-17 11:54:49.292  7956  7956 I MeshxBleScanRaw: device_id=69:2F:80:D6:50:14 rssi=-44 advertisement_b64=Gf///01CAQEBAHDkP1O9UnK59wgG7dwoW8wAAAAAAAAAAAAAAAAAAAAAAAAAAAAAAAAAAAAAAAAAAAAAAAA= manufacturer_ids=[65535] service_uuids=[]
05-17 11:54:49.294  7956  8352 I Elixir  : BleSelfTest: DISTINCT MESH MESSAGE kind=beacon key=f70806eddc285bcc:70e43f53bd5272b9 from=sender_hash=f70806eddc285bcc device_id=69:2F:80:D6:50:14 first_seen_after=19_callbacks
05-17 11:54:49.295  7956  8035 I BEAMout : 11:54:49.294 [info] BleSelfTest: DISTINCT MESH MESSAGE kind=beacon key=f70806eddc285bcc:70e43f53bd5272b9 from=sender_hash=f70806eddc285bcc device_id=69:2F:80:D6:50:14 first_seen_after=19_callbacks
05-17 11:54:49.332  1928  2050 D BtGatt.GattService: onScanResult to scannerId: 2- eventType=0x1b, addressType=1, address=5FDFD3_F, primaryPhy=1, secondaryPhy=0, advertisingSid=0xff, txPower=127, rssi=-35, periodicAdvInt=0x0
05-17 11:54:49.333  1928  2050 D BtGatt.GattService: onScanResult to scannerId: 2- eventType=0x1b, addressType=1, address=4281CA_1, primaryPhy=1, secondaryPhy=0, advertisingSid=0xff, txPower=127, rssi=-35, periodicAdvInt=0x0
05-17 11:54:49.341  1928  2050 D BtGatt.GattService: onScanResult to scannerId: 2- eventType=0x1b, addressType=1, address=79FDD4_F, primaryPhy=1, secondaryPhy=0, advertisingSid=0xff, txPower=127, rssi=-51, periodicAdvInt=0x0
05-17 11:54:49.346  1928  2050 D BtGatt.GattService: onScanResult to scannerId: 2- eventType=0x1b, addressType=1, address=F812C9_E, primaryPhy=1, secondaryPhy=0, advertisingSid=0xff, txPower=127, rssi=-88, periodicAdvInt=0x0
05-17 11:54:49.377  1928  2050 D BtGatt.GattService: onScanResult to scannerId: 2- eventType=0x1b, addressType=1, address=79FDD4_F, primaryPhy=1, secondaryPhy=0, advertisingSid=0xff, txPower=127, rssi=-51, periodicAdvInt=0x0
05-17 11:54:49.383  1928  2050 D BtGatt.GattService: onScanResult to scannerId: 2- eventType=0x10, addressType=1, address=4BE60E_6, primaryPhy=1, secondaryPhy=0, advertisingSid=0xff, txPower=127, rssi=-81, periodicAdvInt=0x0
05-17 11:54:49.390  7956  7956 I MeshxBleScanRaw: device_id=4B:E6:0E:12:F2:06 rssi=-81 advertisement_b64=AgEaDf9MABYIAKciyAk4u6UAAAAAAAAAAAAAAAAAAAAAAAAAAAAAAAAAAAAAAAAAAAAAAAAAAAAAAAAAAAA= manufacturer_ids=[76] service_uuids=[]
05-17 11:54:49.411  1928  2050 D BtGatt.GattService: onScanResult to scannerId: 2- eventType=0x1b, addressType=1, address=79FDD4_F, primaryPhy=1, secondaryPhy=0, advertisingSid=0xff, txPower=127, rssi=-51, periodicAdvInt=0x0
05-17 11:54:49.419  1928  2050 D BtGatt.GattService: onScanResult to scannerId: 2- eventType=0x1a, addressType=1, address=692F80_4, primaryPhy=1, secondaryPhy=0, advertisingSid=0xff, txPower=127, rssi=-44, periodicAdvInt=0x0
05-17 11:54:49.420  1928  2050 D BtGatt.GattService: onScanResult to scannerId: 2- eventType=0x1b, addressType=1, address=26214B_B, primaryPhy=1, secondaryPhy=0, advertisingSid=0xff, txPower=127, rssi=-89, periodicAdvInt=0x0
05-17 11:54:49.425  7956  7956 I MeshxBleScanRaw: device_id=26:21:4B:6E:A3:9B rssi=-89 advertisement_b64=AgECGBbx/ATMnOshK627eX7x3evqS4C/bwnx8gAAAAAAAAAAAAAAAAAAAAAAAAAAAAAAAAAAAAAAAAAAAAA= manufacturer_ids=[] service_uuids=[]
05-17 11:54:49.427  1928  2050 D BtGatt.GattService: onScanResult to scannerId: 2- eventType=0x1b, addressType=0, address=84E0F4_2, primaryPhy=1, secondaryPhy=0, advertisingSid=0xff, txPower=127, rssi=-79, periodicAdvInt=0x0
05-17 11:54:49.428  1928  2050 D BtGatt.GattService: onScanResult to scannerId: 2- eventType=0x1b, addressType=1, address=708181_C, primaryPhy=1, secondaryPhy=0, advertisingSid=0xff, txPower=127, rssi=-71, periodicAdvInt=0x0
05-17 11:54:49.446  1928  2050 D BtGatt.GattService: onScanResult to scannerId: 2- eventType=0x1b, addressType=1, address=79FDD4_F, primaryPhy=1, secondaryPhy=0, advertisingSid=0xff, txPower=127, rssi=-51, periodicAdvInt=0x0
05-17 11:54:49.457  1928  2050 D BtGatt.GattService: onScanResult to scannerId: 2- eventType=0x1b, addressType=1, address=463D57_1, primaryPhy=1, secondaryPhy=0, advertisingSid=0xff, txPower=127, rssi=-80, periodicAdvInt=0x0
05-17 11:54:50.440  1200  1457 W DeviceStorageMonitorService: updateBroadcasts(/data) oldLevel:0, newLevel:0, seq:1
05-17 11:54:50.441  1200  1457 D DeviceStorageMonitorService: Available File Node Number is [13185159]
05-17 11:54:50.441  1200  1457 W DeviceStorageMonitorService: updateBroadcasts_filenode(/data) fn_oldLevel:0, fn_newLevel:0, seq:1
05-17 11:54:50.826  1200  3617 D SemWifiUsabilityStatsMonitor: onWifiUsabilityStats - seqNum 6746, isSameBssidAndFreq true
05-17 11:54:50.828  1613  1613 D NetworkController.WifiSignalController: notifyListener: visible=true, connected=true, inetCondition=1, isDefault=true, wifiTestReported=true, receivedInetCondition=-1, hideDuringMobileSwitching=false
05-17 11:54:50.829  1200  1507 I SemWifiLinkQualityMonitor: Link Qos Query: 0.030 ms / 263.556 Mbps (408 / 0.011 / 1.000)
05-17 11:54:50.852   914   914 I SurfaceFlinger: SFWD update time=207338425413968
05-17 11:54:50.947  1707  1707 I wpa_supplicant: Heartbeat 20713
05-17 11:54:51.076  1928  2050 D BtGatt.GattService: onScanResult to scannerId: 2- eventType=0x10, addressType=0, address=BC455B_A, primaryPhy=1, secondaryPhy=0, advertisingSid=0xff, txPower=127, rssi=-76, periodicAdvInt=0x0
05-17 11:54:51.089  1928  2050 D BtGatt.GattService: onScanResult to scannerId: 2- eventType=0x1b, addressType=1, address=708181_C, primaryPhy=1, secondaryPhy=0, advertisingSid=0xff, txPower=127, rssi=-57, periodicAdvInt=0x0
05-17 11:54:51.090  1928  2050 D BtGatt.GattService: onScanResult to scannerId: 2- eventType=0x10, addressType=0, address=BC7E8B_B, primaryPhy=1, secondaryPhy=0, advertisingSid=0xff, txPower=127, rssi=-88, periodicAdvInt=0x0
05-17 11:54:51.100  1928  2050 D BtGatt.GattService: onScanResult to scannerId: 2- eventType=0x1b, addressType=1, address=79FDD4_F, primaryPhy=1, secondaryPhy=0, advertisingSid=0xff, txPower=127, rssi=-49, periodicAdvInt=0x0
05-17 11:54:51.129  1928  2050 D BtGatt.GattService: onScanResult to scannerId: 2- eventType=0x1b, addressType=1, address=4281CA_1, primaryPhy=1, secondaryPhy=0, advertisingSid=0xff, txPower=127, rssi=-36, periodicAdvInt=0x0
05-17 11:54:51.204  1928  2050 D BtGatt.GattService: onScanResult to scannerId: 2- eventType=0x1b, addressType=1, address=79FDD4_F, primaryPhy=1, secondaryPhy=0, advertisingSid=0xff, txPower=127, rssi=-49, periodicAdvInt=0x0
05-17 11:54:51.210  1928  2050 D BtGatt.GattService: onScanResult to scannerId: 2- eventType=0x10, addressType=1, address=6CF492_4, primaryPhy=1, secondaryPhy=0, advertisingSid=0xff, txPower=127, rssi=-36, periodicAdvInt=0x0
05-17 11:54:51.238  1928  2050 D BtGatt.GattService: onScanResult to scannerId: 2- eventType=0x1b, addressType=1, address=79FDD4_F, primaryPhy=1, secondaryPhy=0, advertisingSid=0xff, txPower=127, rssi=-49, periodicAdvInt=0x0
05-17 11:54:51.275  1928  2050 D BtGatt.GattService: onScanResult to scannerId: 2- eventType=0x1b, addressType=1, address=79FDD4_F, primaryPhy=1, secondaryPhy=0, advertisingSid=0xff, txPower=127, rssi=-49, periodicAdvInt=0x0
05-17 11:54:51.296  1928  2050 D BtGatt.GattService: onScanResult to scannerId: 2- eventType=0x1b, addressType=1, address=463D57_1, primaryPhy=1, secondaryPhy=0, advertisingSid=0xff, txPower=127, rssi=-76, periodicAdvInt=0x0
05-17 11:54:51.305  1928  2050 D BtGatt.GattService: onScanResult to scannerId: 2- eventType=0x1b, addressType=1, address=79FDD4_F, primaryPhy=1, secondaryPhy=0, advertisingSid=0xff, txPower=127, rssi=-49, periodicAdvInt=0x0
05-17 11:54:51.321  1928  2050 D BtGatt.GattService: onScanResult to scannerId: 2- eventType=0x1a, addressType=1, address=692F80_4, primaryPhy=1, secondaryPhy=0, advertisingSid=0xff, txPower=127, rssi=-45, periodicAdvInt=0x0
05-17 11:54:52.488  7956  8352 I Elixir  : BleSelfTest: HEARTBEAT events=379 devices=39 meshx_peers=2 sent=5 distinct_msgs=3 beacon_callbacks=21 envelopes=0
05-17 11:54:52.489  7956  8035 I BEAMout : 11:54:52.488 [info] BleSelfTest: HEARTBEAT events=379 devices=39 meshx_peers=2 sent=5 distinct_msgs=3 beacon_callbacks=21 envelopes=0
05-17 11:54:52.632  7956  7956 I BluetoothAdapter: STATE_ON
05-17 11:54:52.633  7956  7956 I BluetoothAdapter: STATE_ON
05-17 11:54:52.633  7956  7956 I BluetoothAdapter: STATE_ON
05-17 11:54:52.634  7956  7956 D BluetoothLeAdvertiser: Stop AdvertingSet
05-17 11:54:52.637  1928  2699 I bt_stack: [INFO:le_advertising_manager.cc(70)] Unregister in shim layer
05-17 11:54:52.637  1928  2282 W bt_stack: le_advertising_manager :: remove_advertiser - id : 2
05-17 11:54:52.638  1928  2260 E BtGatt.GattService: [GSIM LOG]: gsimLogHandler, msg: MESSAGE_ADV_SET_STOP, appName: dev.meshx.mob, id: 2, isLegacy: true
05-17 11:54:52.660  7956  7956 D BluetoothLeAdvertiser: onAdvertisingSetStopped(2)
05-17 11:54:52.922  1928  2050 D BtGatt.GattService: onScanResult to scannerId: 2- eventType=0x10, addressType=1, address=4BE60E_6, primaryPhy=1, secondaryPhy=0, advertisingSid=0xff, txPower=127, rssi=-80, periodicAdvInt=0x0
05-17 11:54:52.928  1928  2050 D BtGatt.GattService: onScanResult to scannerId: 2- eventType=0x1b, addressType=1, address=5FDFD3_F, primaryPhy=1, secondaryPhy=0, advertisingSid=0xff, txPower=127, rssi=-36, periodicAdvInt=0x0
05-17 11:54:52.934  1928  2050 D BtGatt.GattService: onScanResult to scannerId: 2- eventType=0x1b, addressType=1, address=4281CA_1, primaryPhy=1, secondaryPhy=0, advertisingSid=0xff, txPower=127, rssi=-35, periodicAdvInt=0x0
05-17 11:54:52.950  1928  2050 D BtGatt.GattService: onScanResult to scannerId: 2- eventType=0x10, addressType=1, address=75B658_A, primaryPhy=1, secondaryPhy=0, advertisingSid=0xff, txPower=127, rssi=-79, periodicAdvInt=0x0
05-17 11:54:52.958  1928  2050 D BtGatt.GattService: onScanResult to scannerId: 2- eventType=0x10, addressType=1, address=6CF492_4, primaryPhy=1, secondaryPhy=0, advertisingSid=0xff, txPower=127, rssi=-35, periodicAdvInt=0x0
05-17 11:54:53.007  1928  2050 D BtGatt.GattService: onScanResult to scannerId: 2- eventType=0x1b, addressType=1, address=79FDD4_F, primaryPhy=1, secondaryPhy=0, advertisingSid=0xff, txPower=127, rssi=-65, periodicAdvInt=0x0
05-17 11:54:53.011  1928  2050 D BtGatt.GattService: onScanResult to scannerId: 2- eventType=0x1b, addressType=1, address=708181_C, primaryPhy=1, secondaryPhy=0, advertisingSid=0xff, txPower=127, rssi=-67, periodicAdvInt=0x0
05-17 11:54:53.039  1928  2050 D BtGatt.GattService: onScanResult to scannerId: 2- eventType=0x1b, addressType=1, address=79FDD4_F, primaryPhy=1, secondaryPhy=0, advertisingSid=0xff, txPower=127, rssi=-65, periodicAdvInt=0x0
05-17 11:54:53.075  1928  2050 D BtGatt.GattService: onScanResult to scannerId: 2- eventType=0x1b, addressType=1, address=79FDD4_F, primaryPhy=1, secondaryPhy=0, advertisingSid=0xff, txPower=127, rssi=-65, periodicAdvInt=0x0
05-17 11:54:53.079  1928  2050 D BtGatt.GattService: onScanResult to scannerId: 2- eventType=0x1b, addressType=1, address=7FC7B2_8, primaryPhy=1, secondaryPhy=0, advertisingSid=0xff, txPower=127, rssi=-79, periodicAdvInt=0x0
05-17 11:54:53.080  1928  2050 D BtGatt.GattService: onScanResult to scannerId: 2- eventType=0x10, addressType=1, address=2E27ED_1, primaryPhy=1, secondaryPhy=0, advertisingSid=0xff, txPower=127, rssi=-93, periodicAdvInt=0x0
05-17 11:54:53.096  1928  2050 D BtGatt.GattService: onScanResult to scannerId: 2- eventType=0x1a, addressType=1, address=692F80_4, primaryPhy=1, secondaryPhy=0, advertisingSid=0xff, txPower=127, rssi=-43, periodicAdvInt=0x0
05-17 11:54:53.099  1928  2050 D BtGatt.GattService: onScanResult to scannerId: 2- eventType=0x10, addressType=1, address=4468B4_9, primaryPhy=1, secondaryPhy=0, advertisingSid=0xff, txPower=127, rssi=-81, periodicAdvInt=0x0
05-17 11:54:53.108  1928  2050 D BtGatt.GattService: onScanResult to scannerId: 2- eventType=0x1b, addressType=1, address=79FDD4_F, primaryPhy=1, secondaryPhy=0, advertisingSid=0xff, txPower=127, rssi=-65, periodicAdvInt=0x0
05-17 11:54:53.114  1928  2050 D BtGatt.GattService: onScanResult to scannerId: 2- eventType=0x10, addressType=1, address=4BE60E_6, primaryPhy=1, secondaryPhy=0, advertisingSid=0xff, txPower=127, rssi=-80, periodicAdvInt=0x0
05-17 11:54:53.131  1928  2050 D BtGatt.GattService: onScanResult to scannerId: 2- eventType=0x1b, addressType=0, address=84E0F4_2, primaryPhy=1, secondaryPhy=0, advertisingSid=0xff, txPower=127, rssi=-87, periodicAdvInt=0x0
05-17 11:54:53.141  1928  2050 D BtGatt.GattService: onScanResult to scannerId: 2- eventType=0x10, addressType=1, address=6CF492_4, primaryPhy=1, secondaryPhy=0, advertisingSid=0xff, txPower=127, rssi=-35, periodicAdvInt=0x0
05-17 11:54:53.918  1200  3617 D SemWifiUsabilityStatsMonitor: onWifiUsabilityStats - seqNum 6747, isSameBssidAndFreq true
05-17 11:54:53.922  1200  1507 I SemWifiLinkQualityMonitor: Link Qos Query: 0.077 ms / 104.375 Mbps (408 / 0.057 / 1.000)
05-17 11:54:53.922  1613  1613 D NetworkController.WifiSignalController: notifyListener: visible=true, connected=true, inetCondition=1, isDefault=true, wifiTestReported=true, receivedInetCondition=-1, hideDuringMobileSwitching=false
05-17 11:54:54.219  2905  2905 I SDHMS:LOAD: type: LoadsFreqs, value: 0:0:0:651820:741000:650000:651820:741000:650000:0:0:0
05-17 11:54:54.242   869   869 E sehhealth-service: Could not open /sys/class/power_supply/battery/lrp
05-17 11:54:54.602  7956  8352 I BluetoothAdapter: STATE_ON
05-17 11:54:54.602  7956  8352 I BluetoothAdapter: STATE_ON
05-17 11:54:54.604  7956  8352 I BluetoothAdapter: STATE_ON
05-17 11:54:54.606  7956  8352 I BluetoothAdapter: STATE_ON
05-17 11:54:54.607  7956  8352 I MeshxBleDispatch: {"v":1,"event":"ble_capabilities","supports_extended_advertising":true,"max_advertising_data_length":1024,"is_multiple_advertisement_supported":true,"legacy_manufacturer_payload_budget":24}
05-17 11:54:54.607  7956  8352 I BluetoothAdapter: STATE_ON
05-17 11:54:54.609  7956  8352 I BluetoothAdapter: STATE_ON
05-17 11:54:54.612  7956  8352 I BluetoothAdapter: STATE_ON
05-17 11:54:54.612  7956  8352 I BluetoothAdapter: STATE_ON
05-17 11:54:54.613  7956  8352 I BluetoothAdapter: STATE_ON
05-17 11:54:54.613  7956  8352 I BluetoothAdapter: STATE_ON
05-17 11:54:54.619  1928  2699 I bt_stack: [INFO:le_advertising_manager.cc(137)] StartAdvertisingSet in shim layer
05-17 11:54:54.619  1928  2699 W bt_stack: le_advertising_manager :: allocate_advertiser - id : 2
05-17 11:54:54.619  1928  2699 I bt_stack: [INFO:le_advertising_manager.cc(157)] create advertising set, reg_id:-5150, id:2
05-17 11:54:54.619  1928  2282 W bt_stack: le_advertising_manager :: create_extended_advertiser - id : 2
05-17 11:54:54.620  1928  2282 W bt_stack: le_advertising_manager :: enable_advertiser - id : 2
05-17 11:54:54.622  7956  8352 I MeshxBleDispatch: {"v":1,"event":"attempt_outcome","attempt_id":"selftest-1779044094601","message_id":"zN14tisBKqQh7llhW78HVA==","target_peer_id":"broadcast","target_device_ids":["broadcast"],"kind":"dispatched","reason":"legacy_beacon_fallback","adapter":"ble_android","outcome_at_ms":207766662}
05-17 11:54:54.624  7956  8352 I MeshxBleNative: sendToPeer(broadcast, 31B) -> DISPATCHED reason=legacy_beacon_fallback
05-17 11:54:54.624  7956  8352 I Elixir  : BleSelfTest: MESH MESSAGE SENT payload="hello-from-meshx-dev-1779044094" result=:ok
05-17 11:54:54.625  7956  8352 W Elixir  : BleSelfTest: bridge error unknown: {"v":1,"event":"attempt_outcome","attempt_id":"selftest-1779044094601","message_id":"zN14tisBKqQh7llhW78HVA==","target_peer_id":"broadcast","target_device_ids":["broadcast"],"kind":"dispatched","reason":"legacy_beacon_fallback","adapter":"ble_android","outcome_at_ms":207766662}
05-17 11:54:54.628  7956  8035 I BEAMout : 11:54:54.624 [info] BleSelfTest: MESH MESSAGE SENT payload="hello-from-meshx-dev-1779044094" result=:ok
05-17 11:54:54.630  7956  8035 I BEAMout : 11:54:54.625 [warning] BleSelfTest: bridge error unknown: {"v":1,"event":"attempt_outcome","attempt_id":"selftest-1779044094601","message_id":"zN14tisBKqQh7llhW78HVA==","target_peer_id":"broadcast","target_device_ids":["broadcast"],"kind":"dispatched","reason":"legacy_beacon_fallback","adapter":"ble_android","outcome_at_ms":207766662}
05-17 11:54:54.641  1928  2260 E BtGatt.GattService: [GSIM LOG]: gsimLogHandler, msg: MESSAGE_ADV_SET_START, appName: dev.meshx.mob, id: 2, isLegacy: true
05-17 11:54:54.641  7956  7956 D BluetoothLeAdvertiser: onAdvertisingSetStarted(2, -7, 0)
05-17 11:54:54.644  7956  7956 I MeshxBleDispatch: {"v":1,"event":"legacy_beacon_advertising_started","attempt_id":"selftest-1779044094601","beacon_size":22,"beacon":"TUIBAQEAjnj5Hmwg7mcS94VXUXoT+Q==","message_id_hash":"jnj5Hmwg7mc=","sender_peer_id_hash":"EveFV1F6E\/k=","payload_kind":"TX","envelope_version":1,"window_ms":5000,"data_carrier":"legacy_advertisement"}
05-17 11:54:54.793  1928  2050 D BtGatt.GattService: onScanResult to scannerId: 2- eventType=0x1b, addressType=0, address=84E0F4_2, primaryPhy=1, secondaryPhy=0, advertisingSid=0xff, txPower=127, rssi=-79, periodicAdvInt=0x0
05-17 11:54:54.796  1928  2050 D BtGatt.GattService: onScanResult to scannerId: 2- eventType=0x10, addressType=1, address=4BE60E_6, primaryPhy=1, secondaryPhy=0, advertisingSid=0xff, txPower=127, rssi=-81, periodicAdvInt=0x0
05-17 11:54:54.811  1928  2050 D BtGatt.GattService: onScanResult to scannerId: 2- eventType=0x1b, addressType=1, address=79FDD4_F, primaryPhy=1, secondaryPhy=0, advertisingSid=0xff, txPower=127, rssi=-51, periodicAdvInt=0x0
05-17 11:54:54.813  1928  2050 D BtGatt.GattService: onScanResult to scannerId: 2- eventType=0x10, addressType=1, address=F8EA23_B, primaryPhy=1, secondaryPhy=0, advertisingSid=0xff, txPower=127, rssi=-51, periodicAdvInt=0x0
05-17 11:54:54.819  1928  2050 D BtGatt.GattService: onScanResult to scannerId: 2- eventType=0x1b, addressType=0, address=84E0F4_2, primaryPhy=1, secondaryPhy=0, advertisingSid=0xff, txPower=127, rssi=-78, periodicAdvInt=0x0
